20260313-142653-6345 00465 * main            (server.cc:217):    Starting server.
20260313-142653-6350 00465 * main            (server.cc:335):    Creating a default paritioner!
20260313-142655-5678 00465 * main            (server.cc:513):    Done loading server.
20260313-142716-2425 00465 * HandlePrepare   (replica.cc:709):   [2] Tail batch: size=1 pending_ooo=0 avg_batch_size=1.00 total_ops=1
20260313-142716-5491 00465 * HandlePrepare   (replica.cc:709):   [2] Tail batch: size=1 pending_ooo=0 avg_batch_size=1.00 total_ops=2
20260313-142716-9512 00465 * HandlePrepare   (replica.cc:709):   [2] Tail batch: size=1 pending_ooo=0 avg_batch_size=1.00 total_ops=3
20260313-142718-6602 00465 * HandlePrepare   (replica.cc:709):   [2] Tail batch: size=1 pending_ooo=0 avg_batch_size=1.00 total_ops=4
20260313-142720-1694 00465 * HandlePrepare   (replica.cc:709):   [2] Tail batch: size=1 pending_ooo=0 avg_batch_size=1.00 total_ops=5
20260313-142720-2707 00465 * HandlePrepare   (replica.cc:709):   [2] Tail batch: size=1 pending_ooo=0 avg_batch_size=1.00 total_ops=6
20260313-142722-5993 00465 * HandlePrepare   (replica.cc:709):   [2] Tail batch: size=1 pending_ooo=0 avg_batch_size=1.00 total_ops=7
20260313-142722-6856 00465 * HandlePrepare   (replica.cc:709):   [2] Tail batch: size=1 pending_ooo=0 avg_batch_size=1.00 total_ops=8
20260313-142722-9764 00465 * HandlePrepare   (replica.cc:709):   [2] Tail batch: size=1 pending_ooo=0 avg_batch_size=1.00 total_ops=9
20260313-142723-0876 00465 * HandlePrepare   (replica.cc:709):   [2] Tail batch: size=1 pending_ooo=0 avg_batch_size=1.00 total_ops=10
20260313-142724-1930 00465 * HandlePrepare   (replica.cc:709):   [2] Tail batch: size=1 pending_ooo=0 avg_batch_size=1.00 total_ops=11
20260313-142724-6945 00465 * HandlePrepare   (replica.cc:709):   [2] Tail batch: size=1 pending_ooo=0 avg_batch_size=1.00 total_ops=12
20260313-142725-8179 00465 * HandlePrepare   (replica.cc:709):   [2] Tail batch: size=1 pending_ooo=0 avg_batch_size=1.00 total_ops=13
20260313-142725-8189 00465 * HandlePrepare   (replica.cc:709):   [2] Tail batch: size=1 pending_ooo=0 avg_batch_size=1.00 total_ops=14
20260313-142725-9050 00465 * HandlePrepare   (replica.cc:709):   [2] Tail batch: size=1 pending_ooo=0 avg_batch_size=1.00 total_ops=15
20260313-142726-0318 00465 * HandlePrepare   (replica.cc:709):   [2] Tail batch: size=1 pending_ooo=0 avg_batch_size=1.00 total_ops=16
20260313-142726-2201 00465 * HandlePrepare   (replica.cc:709):   [2] Tail batch: size=1 pending_ooo=0 avg_batch_size=1.00 total_ops=17
20260313-142726-2207 00465 * HandlePrepare   (replica.cc:709):   [2] Tail batch: size=1 pending_ooo=0 avg_batch_size=1.00 total_ops=18
20260313-142727-0101 00465 * HandlePrepare   (replica.cc:709):   [2] Tail batch: size=1 pending_ooo=0 avg_batch_size=1.00 total_ops=19
20260313-142727-0245 00465 * HandlePrepare   (replica.cc:709):   [2] Tail batch: size=1 pending_ooo=0 avg_batch_size=1.00 total_ops=20
20260313-142727-8293 00465 * HandlePrepare   (replica.cc:709):   [2] Tail batch: size=1 pending_ooo=0 avg_batch_size=1.00 total_ops=21
20260313-142728-3180 00465 * HandlePrepare   (replica.cc:709):   [2] Tail batch: size=1 pending_ooo=0 avg_batch_size=1.00 total_ops=22
20260313-142728-6338 00465 * HandlePrepare   (replica.cc:709):   [2] Tail batch: size=1 pending_ooo=0 avg_batch_size=1.00 total_ops=23
20260313-142729-1121 00465 * HandlePrepare   (replica.cc:709):   [2] Tail batch: size=1 pending_ooo=0 avg_batch_size=1.00 total_ops=24
20260313-142729-5284 00465 * HandlePrepare   (replica.cc:709):   [2] Tail batch: size=1 pending_ooo=0 avg_batch_size=1.00 total_ops=25
20260313-142730-4600 00465 * HandlePrepare   (replica.cc:709):   [2] Tail batch: size=1 pending_ooo=0 avg_batch_size=1.00 total_ops=26
20260313-142730-6322 00465 * HandlePrepare   (replica.cc:709):   [2] Tail batch: size=1 pending_ooo=0 avg_batch_size=1.00 total_ops=27
20260313-142730-7344 00465 * HandlePrepare   (replica.cc:709):   [2] Tail batch: size=1 pending_ooo=0 avg_batch_size=1.00 total_ops=28
20260313-142731-4287 00465 * HandlePrepare   (replica.cc:709):   [2] Tail batch: size=1 pending_ooo=0 avg_batch_size=1.00 total_ops=29
20260313-142731-6665 00465 * HandlePrepare   (replica.cc:709):   [2] Tail batch: size=1 pending_ooo=0 avg_batch_size=1.00 total_ops=30
20260313-142731-8545 00465 * HandlePrepare   (replica.cc:709):   [2] Tail batch: size=1 pending_ooo=0 avg_batch_size=1.00 total_ops=31
20260313-142732-2574 00465 * HandlePrepare   (replica.cc:709):   [2] Tail batch: size=1 pending_ooo=0 avg_batch_size=1.00 total_ops=32
20260313-142732-6437 00465 * HandlePrepare   (replica.cc:709):   [2] Tail batch: size=1 pending_ooo=0 avg_batch_size=1.00 total_ops=33
20260313-142732-7336 00465 * HandlePrepare   (replica.cc:709):   [2] Tail batch: size=1 pending_ooo=0 avg_batch_size=1.00 total_ops=34
20260313-142733-2766 00465 * HandlePrepare   (replica.cc:709):   [2] Tail batch: size=1 pending_ooo=0 avg_batch_size=1.00 total_ops=35
20260313-142733-8439 00465 * HandlePrepare   (replica.cc:709):   [2] Tail batch: size=1 pending_ooo=0 avg_batch_size=1.00 total_ops=36
20260313-142734-2537 00465 * HandlePrepare   (replica.cc:709):   [2] Tail batch: size=1 pending_ooo=0 avg_batch_size=1.00 total_ops=37
20260313-142734-3572 00465 * HandlePrepare   (replica.cc:709):   [2] Tail batch: size=1 pending_ooo=0 avg_batch_size=1.00 total_ops=38
20260313-142734-6719 00465 * HandlePrepare   (replica.cc:709):   [2] Tail batch: size=1 pending_ooo=0 avg_batch_size=1.00 total_ops=39
20260313-142734-8868 00465 * HandlePrepare   (replica.cc:709):   [2] Tail batch: size=1 pending_ooo=0 avg_batch_size=1.00 total_ops=40
20260313-142735-5516 00465 * HandlePrepare   (replica.cc:709):   [2] Tail batch: size=1 pending_ooo=0 avg_batch_size=1.00 total_ops=41
20260313-142735-5640 00465 * HandlePrepare   (replica.cc:709):   [2] Tail batch: size=1 pending_ooo=0 avg_batch_size=1.00 total_ops=42
20260313-142736-2800 00465 * HandlePrepare   (replica.cc:709):   [2] Tail batch: size=1 pending_ooo=0 avg_batch_size=1.00 total_ops=43
20260313-142736-3558 00465 * HandlePrepare   (replica.cc:709):   [2] Tail batch: size=1 pending_ooo=0 avg_batch_size=1.00 total_ops=44
20260313-142737-1606 00465 * HandlePrepare   (replica.cc:709):   [2] Tail batch: size=1 pending_ooo=0 avg_batch_size=1.00 total_ops=45
20260313-142739-8868 00465 * HandlePrepare   (replica.cc:709):   [2] Tail batch: size=1 pending_ooo=0 avg_batch_size=1.00 total_ops=46
20260313-142739-9894 00465 * HandlePrepare   (replica.cc:709):   [2] Tail batch: size=1 pending_ooo=0 avg_batch_size=1.00 total_ops=47
20260313-142740-2818 00465 * HandlePrepare   (replica.cc:709):   [2] Tail batch: size=1 pending_ooo=0 avg_batch_size=1.00 total_ops=48
20260313-142740-3796 00465 * HandlePrepare   (replica.cc:709):   [2] Tail batch: size=1 pending_ooo=0 avg_batch_size=1.00 total_ops=49
20260313-142740-9222 00465 * HandlePrepare   (replica.cc:709):   [2] Tail batch: size=1 pending_ooo=0 avg_batch_size=1.00 total_ops=50
20260313-142741-4882 00465 * HandlePrepare   (replica.cc:709):   [2] Tail batch: size=1 pending_ooo=0 avg_batch_size=1.00 total_ops=51
20260313-142741-5861 00465 * HandlePrepare   (replica.cc:709):   [2] Tail batch: size=1 pending_ooo=0 avg_batch_size=1.00 total_ops=52
20260313-142741-9899 00465 * HandlePrepare   (replica.cc:709):   [2] Tail batch: size=1 pending_ooo=0 avg_batch_size=1.00 total_ops=53
20260313-142742-0019 00465 * HandlePrepare   (replica.cc:709):   [2] Tail batch: size=1 pending_ooo=0 avg_batch_size=1.00 total_ops=54
20260313-142742-3026 00465 * HandlePrepare   (replica.cc:709):   [2] Tail batch: size=1 pending_ooo=0 avg_batch_size=1.00 total_ops=55
20260313-142742-9336 00465 * HandlePrepare   (replica.cc:709):   [2] Tail batch: size=1 pending_ooo=0 avg_batch_size=1.00 total_ops=56
20260313-142743-5229 00465 * HandlePrepare   (replica.cc:709):   [2] Tail batch: size=1 pending_ooo=0 avg_batch_size=1.00 total_ops=57
20260313-142744-3274 00465 * HandlePrepare   (replica.cc:709):   [2] Tail batch: size=1 pending_ooo=0 avg_batch_size=1.00 total_ops=58
20260313-142747-1368 00465 ! TCPIncomingEventCallback (tcptransport.cc:938): [TCP INCOMING 117] EOF, lifetime=31383.04 ms
20260313-142747-3026 00465 ! TCPIncomingEventCallback (tcptransport.cc:938): [TCP INCOMING 118] EOF, lifetime=31376.60 ms
20260313-142747-3103 00465 ! TCPIncomingEventCallback (tcptransport.cc:938): [TCP INCOMING 119] EOF, lifetime=31371.94 ms
20260313-142747-3234 00465 ! TCPIncomingEventCallback (tcptransport.cc:938): [TCP INCOMING 120] EOF, lifetime=31383.06 ms
20260313-142747-3264 00465 ! TCPIncomingEventCallback (tcptransport.cc:938): [TCP INCOMING 121] EOF, lifetime=31375.26 ms
20260313-142747-4000 00465 ! TCPIncomingEventCallback (tcptransport.cc:938): [TCP INCOMING 122] EOF, lifetime=31376.34 ms
20260313-142747-4121 00465 ! TCPIncomingEventCallback (tcptransport.cc:938): [TCP INCOMING 123] EOF, lifetime=31377.30 ms
20260313-142747-4168 00465 ! TCPIncomingEventCallback (tcptransport.cc:938): [TCP INCOMING 124] EOF, lifetime=31381.72 ms
20260313-142753-9867 00465 * Cleanup         (server.cc:589):    Gracefully exiting after signal 15.
20260313-142753-9868 00465 * Stop            (tcptransport.cc:601): [TCP SUMMARY] outgoingCreated=58 outgoingClosed=0 incomingCreated=66 incomingClosed=8 outgoingPeak=99 incomingPeak=37
Inserted events:
  0x5632f8299d00 [fd  9] Read Persist Internal
  0x5632f82a1a60 [fd  10] Read Persist
  0x5632f82ace70 [fd  11] Read Persist
  0x5633048f7d00 [fd  12] Read Persist
  0x5633048f7f20 [fd  13] Read Persist
  0x5633048f8140 [fd  14] Read Persist
  0x5633048f8360 [fd  15] Read Persist
  0x5633048f8580 [fd  16] Read Persist
  0x5633048f87a0 [fd  17] Read Persist
  0x5633048f89c0 [fd  18] Read Persist
  0x5633048f8be0 [fd  19] Read Persist
  0x5633048f8e00 [fd  20] Read Persist
  0x5633048f9020 [fd  21] Read Persist
  0x5633048f9240 [fd  22] Read Persist
  0x5633048f9580 [fd  23] Read Persist
  0x5633048f4f40 [fd  24] Read Persist
  0x5633048f3310 [fd  25] Read Persist
  0x5633048ea960 [fd  26] Read Persist
  0x5633048ead20 [fd  27] Read Persist
  0x5633048f3830 [fd  28] Read Persist
  0x5633048f4520 [fd  29] Read Persist
  0x5633048e9d90 [fd  30] Read Persist
  0x5633048ea160 [fd  31] Read Persist
  0x5633048f0aa0 [fd  32] Read Persist
  0x5633048f1290 [fd  33] Read Persist
  0x5633048f1820 [fd  34] Read Persist
  0x5633048f1c40 [fd  35] Read Persist
  0x5633048f2080 [fd  36] Read Persist
  0x5633048f24c0 [fd  37] Read Persist
  0x5633048f98c0 [fd  38] Read Persist
  0x5633048f9cd0 [fd  39] Read Persist
  0x5633048fa1c0 [fd  40] Read Persist
  0x5633048fa750 [fd  41] Read Persist
  0x5633048face0 [fd  42] Read Persist
  0x5633048fb270 [fd  43] Read Persist
  0x5633048fb800 [fd  44] Read Persist
  0x5633048fbd90 [fd  45] Read Persist
  0x5633048fc320 [fd  46] Read Persist
  0x5633048fc8b0 [fd  47] Read Persist
  0x5633048fce40 [fd  48] Read Persist
  0x5633048fd650 [fd  49] Read Persist
  0x5633048fdbe0 [fd  50] Read Persist
  0x5633048fe170 [fd  51] Read Persist
  0x5633048fe700 [fd  52] Read Persist
  0x5633048feb20 [fd  53] Read Persist
  0x5633048fed40 [fd  54] Read Persist
  0x5633048feff0 [fd  55] Read Persist
  0x5633048ff390 [fd  56] Read Persist
  0x5633048ff730 [fd  57] Read Persist
  0x5633048ffad0 [fd  58] Read Persist
  0x5633048ffe70 [fd  59] Read Persist
  0x563304900210 [fd  60] Read Persist
  0x5633049005b0 [fd  61] Read Persist
  0x563304900950 [fd  62] Read Persist
  0x563304900cf0 [fd  63] Read Persist
  0x563304901090 [fd  64] Read Persist
  0x5632f82a95b0 [fd  65] Read Persist
  0x5632f82a87d0 [fd  66] Read Persist
  0x5633049013d0 [fd  67] Read Persist
  0x5633049015f0 [fd  68] Read Persist
  0x563304901930 [fd  69] Read Persist
  0x563304901c70 [fd  70] Read Persist
  0x563304902000 [fd  71] Read Persist
  0x5633049024a0 [fd  72] Read Persist
  0x563304902940 [fd  73] Read Persist
  0x563304902de0 [fd  74] Read Persist
  0x563304903280 [fd  75] Read Persist
  0x563304903720 [fd  76] Read Persist
  0x563304903bc0 [fd  77] Read Persist
  0x563304904060 [fd  78] Read Persist
  0x563304904500 [fd  79] Read Persist
  0x5633049049a0 [fd  80] Read Persist
  0x563304904e40 [fd  81] Read Persist
  0x563304905390 [fd  82] Read Persist
  0x563304905850 [fd  83] Read Persist
  0x563304905d10 [fd  84] Read Persist
  0x5633049061d0 [fd  85] Read Persist
  0x563304906690 [fd  86] Read Persist
  0x563304906b50 [fd  87] Read Persist
  0x563304907010 [fd  88] Read Persist
  0x5633049075a0 [fd  89] Read Persist
  0x563304907b30 [fd  90] Read Persist
  0x563304908b40 [fd  91] Read Persist
  0x5633049090d0 [fd  92] Read Persist
  0x563304909660 [fd  93] Read Persist
  0x563304909bf0 [fd  94] Read Persist
  0x56330490a180 [fd  95] Read Persist
  0x56330490a710 [fd  96] Read Persist
  0x56330490aca0 [fd  97] Read Persist
  0x56330490b230 [fd  98] Read Persist
  0x56330490b7c0 [fd  99] Read Persist
  0x56330490bd50 [fd  100] Read Persist
  0x56330490c2e0 [fd  101] Read Persist
  0x56330490c870 [fd  102] Read Persist
  0x56330490ce00 [fd  103] Read Persist
  0x56330490d390 [fd  104] Read Persist
  0x56330490d920 [fd  105] Read Persist
  0x56330490deb0 [fd  106] Read Persist
  0x56330490e440 [fd  107] Read Persist
  0x56330490e9d0 [fd  108] Read Persist
  0x56330490ef60 [fd  109] Read Persist
  0x56330490f4f0 [fd  110] Read Persist
  0x56330490f910 [fd  111] Read Persist
  0x56330490fb30 [fd  112] Read Persist
  0x56330490fde0 [fd  113] Read Persist
  0x563304910180 [fd  114] Read Persist
  0x563304910520 [fd  115] Read Persist
  0x5633049108c0 [fd  116] Read Persist
  0x563304910c60 [fd  117] Read Persist
  0x5633048f5f00 [fd  118] Read Persist
  0x5633048f7960 [fd  119] Read Persist
  0x5633048f68c0 [fd  120] Read Persist
  0x5633048f6d30 [fd  121] Read Persist
  0x5633048f71a0 [fd  122] Read Persist
  0x563304911090 [fd  123] Read Persist
  0x5633049113d0 [fd  124] Read Persist
  0x563304911710 [fd  125] Read Persist
  0x563304911b20 [fd  126] Read Persist
  0x563304911fb0 [fd  127] Read Persist
Active events:
20260313-142753-9887 00465 * Cleanup         (server.cc:593):    Exporting stats to /mnt/extra/experiments/2026-04-13-14-26-45/out/server-0-5-2-stats-0.json.
