20260313-145944-3954 08014 * main            (server.cc:217):    Starting server.
20260313-145944-3964 08014 * main            (server.cc:335):    Creating a default paritioner!
20260313-145946-0194 08014 * main            (server.cc:513):    Done loading server.
20260313-150038-5161 08014 ! TCPIncomingEventCallback (tcptransport.cc:938): [TCP INCOMING 117] EOF, lifetime=31361.88 ms
20260313-150038-6279 08014 ! TCPIncomingEventCallback (tcptransport.cc:938): [TCP INCOMING 118] EOF, lifetime=31363.17 ms
20260313-150038-6351 08014 ! TCPIncomingEventCallback (tcptransport.cc:938): [TCP INCOMING 120] EOF, lifetime=31353.27 ms
20260313-150038-6359 08014 ! TCPIncomingEventCallback (tcptransport.cc:938): [TCP INCOMING 119] EOF, lifetime=31357.09 ms
20260313-150038-6450 08014 ! TCPIncomingEventCallback (tcptransport.cc:938): [TCP INCOMING 121] EOF, lifetime=31358.30 ms
20260313-150038-6511 08014 ! TCPIncomingEventCallback (tcptransport.cc:938): [TCP INCOMING 123] EOF, lifetime=31356.44 ms
20260313-150038-6540 08014 ! TCPIncomingEventCallback (tcptransport.cc:938): [TCP INCOMING 122] EOF, lifetime=31364.10 ms
20260313-150038-6759 08014 ! TCPIncomingEventCallback (tcptransport.cc:938): [TCP INCOMING 124] EOF, lifetime=31355.36 ms
20260313-150045-1676 08014 * Cleanup         (server.cc:589):    Gracefully exiting after signal 15.
20260313-150045-1678 08014 * Stop            (tcptransport.cc:601): [TCP SUMMARY] outgoingCreated=58 outgoingClosed=0 incomingCreated=66 incomingClosed=8 outgoingPeak=89 incomingPeak=37
Inserted events:
  0x560c81b96d00 [fd  9] Read Persist Internal
  0x560c81b9ea60 [fd  10] Read Persist
  0x560c81ba9cd0 [fd  11] Read Persist
  0x560c8a510f20 [fd  12] Read Persist
  0x560c8a50e160 [fd  13] Read Persist
  0x560c8a5091d0 [fd  14] Read Persist
  0x560c8a5026e0 [fd  15] Read Persist
  0x560c8a504050 [fd  16] Read Persist
  0x560c8a501ad0 [fd  17] Read Persist
  0x560c8a50d8d0 [fd  18] Read Persist
  0x560c8a501e40 [fd  19] Read Persist
  0x560c8a51a6a0 [fd  20] Read Persist
  0x560c8a51a990 [fd  21] Read Persist
  0x560c8a51ada0 [fd  22] Read Persist
  0x560c8a51b1b0 [fd  23] Read Persist
  0x560c8a51b5c0 [fd  24] Read Persist
  0x560c8a51b9d0 [fd  25] Read Persist
  0x560c8a51bde0 [fd  26] Read Persist
  0x560c8a51c1f0 [fd  27] Read Persist
  0x560c8a51c600 [fd  28] Read Persist
  0x560c8a51cb40 [fd  29] Read Persist
  0x560c8a51cfe0 [fd  30] Read Persist
  0x560c8a51d570 [fd  31] Read Persist
  0x560c8a51db00 [fd  32] Read Persist
  0x560c8a51e2a0 [fd  33] Read Persist
  0x560c8a51e830 [fd  34] Read Persist
  0x560c8a51edc0 [fd  35] Read Persist
  0x560c8a51f350 [fd  36] Read Persist
  0x560c8a51f8e0 [fd  37] Read Persist
  0x560c8a51fe70 [fd  38] Read Persist
  0x560c8a520400 [fd  39] Read Persist
  0x560c8a520990 [fd  40] Read Persist
  0x560c8a520f20 [fd  41] Read Persist
  0x560c8a521390 [fd  42] Read Persist
  0x560c8a5215b0 [fd  43] Read Persist
  0x560c8a521880 [fd  44] Read Persist
  0x560c8a521b90 [fd  45] Read Persist
  0x560c8a521f30 [fd  46] Read Persist
  0x560c8a5222d0 [fd  47] Read Persist
  0x560c8a522670 [fd  48] Read Persist
  0x560c8a522c90 [fd  49] Read Persist
  0x560c8a523030 [fd  50] Read Persist
  0x560c8a5233d0 [fd  51] Read Persist
  0x560c8a523770 [fd  52] Read Persist
  0x560c8a523b10 [fd  53] Read Persist
  0x560c8a523ee0 [fd  54] Read Persist
  0x560c8a5242b0 [fd  55] Read Persist
  0x560c8a524680 [fd  56] Read Persist
  0x560c8a524a50 [fd  57] Read Persist
  0x560c8a524e20 [fd  58] Read Persist
  0x560c8a5251f0 [fd  59] Read Persist
  0x560c8a5255f0 [fd  60] Read Persist
  0x560c8a5259f0 [fd  61] Read Persist
  0x560c8a525df0 [fd  62] Read Persist
  0x560c8a5261f0 [fd  63] Read Persist
  0x560c8a5265f0 [fd  64] Read Persist
  0x560c81ba6620 [fd  65] Read Persist
  0x560c8a526e90 [fd  66] Read Persist
  0x560c8a5271d0 [fd  67] Read Persist
  0x560c8a527510 [fd  68] Read Persist
  0x560c8a527850 [fd  69] Read Persist
  0x560c8a527b90 [fd  70] Read Persist
  0x560c8a527f00 [fd  71] Read Persist
  0x560c8a528450 [fd  72] Read Persist
  0x560c8a528910 [fd  73] Read Persist
  0x560c8a528dd0 [fd  74] Read Persist
  0x560c8a529290 [fd  75] Read Persist
  0x560c8a529750 [fd  76] Read Persist
  0x560c8a529c10 [fd  77] Read Persist
  0x560c8a52a0d0 [fd  78] Read Persist
  0x560c8a52a660 [fd  79] Read Persist
  0x560c8a52abf0 [fd  80] Read Persist
  0x560c8a52b180 [fd  81] Read Persist
  0x560c8a52b710 [fd  82] Read Persist
  0x560c8a52bca0 [fd  83] Read Persist
  0x560c8a52c230 [fd  84] Read Persist
  0x560c8a52c7c0 [fd  85] Read Persist
  0x560c8a52cd50 [fd  86] Read Persist
  0x560c8a52d2e0 [fd  87] Read Persist
  0x560c8a52d870 [fd  88] Read Persist
  0x560c8a52de00 [fd  89] Read Persist
  0x560c8a52e390 [fd  90] Read Persist
  0x560c8a52f3a0 [fd  91] Read Persist
  0x560c8a52f930 [fd  92] Read Persist
  0x560c8a52fec0 [fd  93] Read Persist
  0x560c8a530450 [fd  94] Read Persist
  0x560c8a5309e0 [fd  95] Read Persist
  0x560c8a530f70 [fd  96] Read Persist
  0x560c8a531500 [fd  97] Read Persist
  0x560c8a531a90 [fd  98] Read Persist
  0x560c8a532020 [fd  99] Read Persist
  0x560c8a5325b0 [fd  100] Read Persist
  0x560c8a5329d0 [fd  101] Read Persist
  0x560c8a532bf0 [fd  102] Read Persist
  0x560c8a532e10 [fd  103] Read Persist
  0x560c8a5331b0 [fd  104] Read Persist
  0x560c8a533550 [fd  105] Read Persist
  0x560c8a5338f0 [fd  106] Read Persist
  0x560c8a533c90 [fd  107] Read Persist
  0x560c8a534030 [fd  108] Read Persist
  0x560c8a5343d0 [fd  109] Read Persist
  0x560c8a534770 [fd  110] Read Persist
  0x560c8a534b10 [fd  111] Read Persist
  0x560c8a534eb0 [fd  112] Read Persist
  0x560c8a535250 [fd  113] Read Persist
  0x560c8a5355f0 [fd  114] Read Persist
  0x560c8a5359c0 [fd  115] Read Persist
  0x560c8a535d90 [fd  116] Read Persist
  0x560c8a536160 [fd  117] Read Persist
  0x560c8a536530 [fd  118] Read Persist
  0x560c8a536900 [fd  119] Read Persist
  0x560c8a536d00 [fd  120] Read Persist
  0x560c8a537100 [fd  121] Read Persist
  0x560c8a537500 [fd  122] Read Persist
  0x560c8a537900 [fd  123] Read Persist
  0x560c8a537d00 [fd  124] Read Persist
  0x560c8a538100 [fd  125] Read Persist
  0x560c8a538560 [fd  126] Read Persist
  0x560c8a5389d0 [fd  127] Read Persist
  0x560c8a539140 [fd  -1] Timeout=1776114645.136124
Active events:
20260313-150045-1700 08014 * Cleanup         (server.cc:593):    Exporting stats to /mnt/extra/experiments/2026-04-13-14-59-36/out/server-0-7-1-stats-0.json.
