20260313-061658-4820 04754 * main            (server.cc:217):    Starting server.
20260313-061658-4831 04754 * main            (server.cc:335):    Creating a default paritioner!
20260313-061700-3892 04754 * main            (server.cc:513):    Done loading server.
[libprotobuf ERROR google/protobuf/message_lite.cc:121] Can't parse message of type "replication.iocl_craq.proto.SuccessorRequestMessage" because it is missing required fields: s, succ_groupidx, succ_replicaidx
[libprotobuf ERROR google/protobuf/message_lite.cc:121] Can't parse message of type "replication.iocl_craq.proto.SuccessorRequestMessage" because it is missing required fields: s, succ_groupidx, succ_replicaidx
[libprotobuf ERROR google/protobuf/message_lite.cc:121] Can't parse message of type "replication.iocl_craq.proto.SuccessorRequestMessage" because it is missing required fields: s, succ_groupidx, succ_replicaidx
[libprotobuf ERROR google/protobuf/message_lite.cc:121] Can't parse message of type "replication.iocl_craq.proto.SuccessorRequestMessage" because it is missing required fields: s, succ_groupidx, succ_replicaidx
[libprotobuf ERROR google/protobuf/message_lite.cc:121] Can't parse message of type "replication.iocl_craq.proto.SuccessorRequestMessage" because it is missing required fields: s, succ_groupidx, succ_replicaidx
[libprotobuf ERROR google/protobuf/message_lite.cc:121] Can't parse message of type "replication.iocl_craq.proto.SuccessorRequestMessage" because it is missing required fields: s, succ_groupidx, succ_replicaidx
[libprotobuf ERROR google/protobuf/message_lite.cc:121] Can't parse message of type "replication.iocl_craq.proto.SuccessorRequestMessage" because it is missing required fields: s, succ_groupidx, succ_replicaidx
[libprotobuf ERROR google/protobuf/message_lite.cc:121] Can't parse message of type "replication.iocl_craq.proto.SuccessorRequestMessage" because it is missing required fields: s, succ_groupidx, succ_replicaidx
[libprotobuf ERROR google/protobuf/message_lite.cc:121] Can't parse message of type "replication.iocl_craq.proto.SuccessorRequestMessage" because it is missing required fields: s, succ_groupidx, succ_replicaidx
[libprotobuf ERROR google/protobuf/message_lite.cc:121] Can't parse message of type "replication.iocl_craq.proto.SuccessorRequestMessage" because it is missing required fields: s, succ_groupidx, succ_replicaidx
[libprotobuf ERROR google/protobuf/message_lite.cc:121] Can't parse message of type "replication.iocl_craq.proto.SuccessorRequestMessage" because it is missing required fields: s, succ_groupidx, succ_replicaidx
[libprotobuf ERROR google/protobuf/message_lite.cc:121] Can't parse message of type "replication.iocl_craq.proto.SuccessorRequestMessage" because it is missing required fields: s, succ_groupidx, succ_replicaidx
[libprotobuf ERROR google/protobuf/message_lite.cc:121] Can't parse message of type "replication.iocl_craq.proto.SuccessorRequestMessage" because it is missing required fields: s, succ_groupidx, succ_replicaidx
[libprotobuf ERROR google/protobuf/message_lite.cc:121] Can't parse message of type "replication.iocl_craq.proto.SuccessorRequestMessage" because it is missing required fields: s, succ_groupidx, succ_replicaidx
[libprotobuf ERROR google/protobuf/message_lite.cc:121] Can't parse message of type "replication.iocl_craq.proto.SuccessorRequestMessage" because it is missing required fields: s, succ_groupidx, succ_replicaidx
[libprotobuf ERROR google/protobuf/message_lite.cc:121] Can't parse message of type "replication.iocl_craq.proto.SuccessorRequestMessage" because it is missing required fields: s, succ_groupidx, succ_replicaidx
[libprotobuf ERROR google/protobuf/message_lite.cc:121] Can't parse message of type "replication.iocl_craq.proto.SuccessorRequestMessage" because it is missing required fields: s, succ_groupidx, succ_replicaidx
[libprotobuf ERROR google/protobuf/message_lite.cc:121] Can't parse message of type "replication.iocl_craq.proto.SuccessorRequestMessage" because it is missing required fields: s, succ_groupidx, succ_replicaidx
[libprotobuf ERROR google/protobuf/message_lite.cc:121] Can't parse message of type "replication.iocl_craq.proto.SuccessorRequestMessage" because it is missing required fields: s, succ_groupidx, succ_replicaidx
[libprotobuf ERROR google/protobuf/message_lite.cc:121] Can't parse message of type "replication.iocl_craq.proto.SuccessorRequestMessage" because it is missing required fields: s, succ_groupidx, succ_replicaidx
[libprotobuf ERROR google/protobuf/message_lite.cc:121] Can't parse message of type "replication.iocl_craq.proto.SuccessorRequestMessage" because it is missing required fields: s, succ_groupidx, succ_replicaidx
[libprotobuf ERROR google/protobuf/message_lite.cc:121] Can't parse message of type "replication.iocl_craq.proto.SuccessorRequestMessage" because it is missing required fields: s, succ_groupidx, succ_replicaidx
[libprotobuf ERROR google/protobuf/message_lite.cc:121] Can't parse message of type "replication.iocl_craq.proto.SuccessorRequestMessage" because it is missing required fields: s, succ_groupidx, succ_replicaidx
[libprotobuf ERROR google/protobuf/message_lite.cc:121] Can't parse message of type "replication.iocl_craq.proto.SuccessorRequestMessage" because it is missing required fields: s, succ_groupidx, succ_replicaidx
[libprotobuf ERROR google/protobuf/message_lite.cc:121] Can't parse message of type "replication.iocl_craq.proto.SuccessorRequestMessage" because it is missing required fields: s, succ_groupidx, succ_replicaidx
[libprotobuf ERROR google/protobuf/message_lite.cc:121] Can't parse message of type "replication.iocl_craq.proto.SuccessorRequestMessage" because it is missing required fields: s, succ_groupidx, succ_replicaidx
[libprotobuf ERROR google/protobuf/message_lite.cc:121] Can't parse message of type "replication.iocl_craq.proto.SuccessorRequestMessage" because it is missing required fields: s, succ_groupidx, succ_replicaidx
[libprotobuf ERROR google/protobuf/message_lite.cc:121] Can't parse message of type "replication.iocl_craq.proto.SuccessorRequestMessage" because it is missing required fields: s, succ_groupidx, succ_replicaidx
[libprotobuf ERROR google/protobuf/message_lite.cc:121] Can't parse message of type "replication.iocl_craq.proto.SuccessorRequestMessage" because it is missing required fields: s, succ_groupidx, succ_replicaidx
[libprotobuf ERROR google/protobuf/message_lite.cc:121] Can't parse message of type "replication.iocl_craq.proto.SuccessorRequestMessage" because it is missing required fields: s, succ_groupidx, succ_replicaidx
[libprotobuf ERROR google/protobuf/message_lite.cc:121] Can't parse message of type "replication.iocl_craq.proto.SuccessorRequestMessage" because it is missing required fields: s, succ_groupidx, succ_replicaidx
[libprotobuf ERROR google/protobuf/message_lite.cc:121] Can't parse message of type "replication.iocl_craq.proto.SuccessorRequestMessage" because it is missing required fields: s, succ_groupidx, succ_replicaidx
[libprotobuf ERROR google/protobuf/message_lite.cc:121] Can't parse message of type "replication.iocl_craq.proto.SuccessorRequestMessage" because it is missing required fields: s, succ_groupidx, succ_replicaidx
[libprotobuf ERROR google/protobuf/message_lite.cc:121] Can't parse message of type "replication.iocl_craq.proto.SuccessorRequestMessage" because it is missing required fields: s, succ_groupidx, succ_replicaidx
[libprotobuf ERROR google/protobuf/message_lite.cc:121] Can't parse message of type "replication.iocl_craq.proto.SuccessorRequestMessage" because it is missing required fields: s, succ_groupidx, succ_replicaidx
[libprotobuf ERROR google/protobuf/message_lite.cc:121] Can't parse message of type "replication.iocl_craq.proto.SuccessorRequestMessage" because it is missing required fields: s, succ_groupidx, succ_replicaidx
[libprotobuf ERROR google/protobuf/message_lite.cc:121] Can't parse message of type "replication.iocl_craq.proto.SuccessorRequestMessage" because it is missing required fields: s, succ_groupidx, succ_replicaidx
[libprotobuf ERROR google/protobuf/message_lite.cc:121] Can't parse message of type "replication.iocl_craq.proto.SuccessorRequestMessage" because it is missing required fields: s, succ_groupidx, succ_replicaidx
[libprotobuf ERROR google/protobuf/message_lite.cc:121] Can't parse message of type "replication.iocl_craq.proto.SuccessorRequestMessage" because it is missing required fields: s, succ_groupidx, succ_replicaidx
[libprotobuf ERROR google/protobuf/message_lite.cc:121] Can't parse message of type "replication.iocl_craq.proto.SuccessorRequestMessage" because it is missing required fields: s, succ_groupidx, succ_replicaidx
[libprotobuf ERROR google/protobuf/message_lite.cc:121] Can't parse message of type "replication.iocl_craq.proto.SuccessorRequestMessage" because it is missing required fields: s, succ_groupidx, succ_replicaidx
[libprotobuf ERROR google/protobuf/message_lite.cc:121] Can't parse message of type "replication.iocl_craq.proto.SuccessorRequestMessage" because it is missing required fields: s, succ_groupidx, succ_replicaidx
[libprotobuf ERROR google/protobuf/message_lite.cc:121] Can't parse message of type "replication.iocl_craq.proto.SuccessorRequestMessage" because it is missing required fields: s, succ_groupidx, succ_replicaidx
[libprotobuf ERROR google/protobuf/message_lite.cc:121] Can't parse message of type "replication.iocl_craq.proto.SuccessorRequestMessage" because it is missing required fields: s, succ_groupidx, succ_replicaidx
[libprotobuf ERROR google/protobuf/message_lite.cc:121] Can't parse message of type "replication.iocl_craq.proto.SuccessorRequestMessage" because it is missing required fields: s, succ_groupidx, succ_replicaidx
[libprotobuf ERROR google/protobuf/message_lite.cc:121] Can't parse message of type "replication.iocl_craq.proto.SuccessorRequestMessage" because it is missing required fields: s, succ_groupidx, succ_replicaidx
[libprotobuf ERROR google/protobuf/message_lite.cc:121] Can't parse message of type "replication.iocl_craq.proto.SuccessorRequestMessage" because it is missing required fields: s, succ_groupidx, succ_replicaidx
20260313-061720-9642 04754 * SendRequest     (client.cc:198):    Sending client request with id 1 (shardtag=4294967297 predlist_size=1)
20260313-061720-9645 04754 * SendRequest     (client.cc:198):    Sending client request with id 2 (shardtag=4294967298 predlist_size=1)
[libprotobuf ERROR google/protobuf/message_lite.cc:121] Can't parse message of type "replication.iocl_craq.proto.SuccessorRequestMessage" because it is missing required fields: s, succ_groupidx, succ_replicaidx
[libprotobuf ERROR google/protobuf/message_lite.cc:121] Can't parse message of type "replication.iocl_craq.proto.SuccessorRequestMessage" because it is missing required fields: s, succ_groupidx, succ_replicaidx
[libprotobuf ERROR google/protobuf/message_lite.cc:121] Can't parse message of type "replication.iocl_craq.proto.SuccessorRequestMessage" because it is missing required fields: s, succ_groupidx, succ_replicaidx
[libprotobuf ERROR google/protobuf/message_lite.cc:121] Can't parse message of type "replication.iocl_craq.proto.SuccessorRequestMessage" because it is missing required fields: s, succ_groupidx, succ_replicaidx
[libprotobuf ERROR google/protobuf/message_lite.cc:121] Can't parse message of type "replication.iocl_craq.proto.SuccessorRequestMessage" because it is missing required fields: s, succ_groupidx, succ_replicaidx
[libprotobuf ERROR google/protobuf/message_lite.cc:121] Can't parse message of type "replication.iocl_craq.proto.SuccessorRequestMessage" because it is missing required fields: s, succ_groupidx, succ_replicaidx
[libprotobuf ERROR google/protobuf/message_lite.cc:121] Can't parse message of type "replication.iocl_craq.proto.SuccessorRequestMessage" because it is missing required fields: s, succ_groupidx, succ_replicaidx
[libprotobuf ERROR google/protobuf/message_lite.cc:121] Can't parse message of type "replication.iocl_craq.proto.SuccessorRequestMessage" because it is missing required fields: s, succ_groupidx, succ_replicaidx
[libprotobuf ERROR google/protobuf/message_lite.cc:121] Can't parse message of type "replication.iocl_craq.proto.SuccessorRequestMessage" because it is missing required fields: s, succ_groupidx, succ_replicaidx
[libprotobuf ERROR google/protobuf/message_lite.cc:121] Can't parse message of type "replication.iocl_craq.proto.SuccessorRequestMessage" because it is missing required fields: s, succ_groupidx, succ_replicaidx
[libprotobuf ERROR google/protobuf/message_lite.cc:121] Can't parse message of type "replication.iocl_craq.proto.SuccessorRequestMessage" because it is missing required fields: s, succ_groupidx, succ_replicaidx
[libprotobuf ERROR google/protobuf/message_lite.cc:121] Can't parse message of type "replication.iocl_craq.proto.SuccessorRequestMessage" because it is missing required fields: s, succ_groupidx, succ_replicaidx
[libprotobuf ERROR google/protobuf/message_lite.cc:121] Can't parse message of type "replication.iocl_craq.proto.SuccessorRequestMessage" because it is missing required fields: s, succ_groupidx, succ_replicaidx
[libprotobuf ERROR google/protobuf/message_lite.cc:121] Can't parse message of type "replication.iocl_craq.proto.SuccessorRequestMessage" because it is missing required fields: s, succ_groupidx, succ_replicaidx
[libprotobuf ERROR google/protobuf/message_lite.cc:121] Can't parse message of type "replication.iocl_craq.proto.SuccessorRequestMessage" because it is missing required fields: s, succ_groupidx, succ_replicaidx
[libprotobuf ERROR google/protobuf/message_lite.cc:121] Can't parse message of type "replication.iocl_craq.proto.SuccessorRequestMessage" because it is missing required fields: s, succ_groupidx, succ_replicaidx
[libprotobuf ERROR google/protobuf/message_lite.cc:121] Can't parse message of type "replication.iocl_craq.proto.SuccessorRequestMessage" because it is missing required fields: s, succ_groupidx, succ_replicaidx
[libprotobuf ERROR google/protobuf/message_lite.cc:121] Can't parse message of type "replication.iocl_craq.proto.SuccessorRequestMessage" because it is missing required fields: s, succ_groupidx, succ_replicaidx
[libprotobuf ERROR google/protobuf/message_lite.cc:121] Can't parse message of type "replication.iocl_craq.proto.SuccessorRequestMessage" because it is missing required fields: s, succ_groupidx, succ_replicaidx
[libprotobuf ERROR google/protobuf/message_lite.cc:121] Can't parse message of type "replication.iocl_craq.proto.SuccessorRequestMessage" because it is missing required fields: s, succ_groupidx, succ_replicaidx
20260313-061720-9673 04754 * SendRequest     (client.cc:198):    Sending client request with id 3 (shardtag=38654705665 predlist_size=1)
20260313-061720-9674 04754 * SendRequest     (client.cc:198):    Sending client request with id 4 (shardtag=38654705666 predlist_size=1)
20260313-061720-9686 04754 * SendRequest     (client.cc:198):    Sending client request with id 5 (shardtag=55834574849 predlist_size=1)
20260313-061720-9688 04754 * SendRequest     (client.cc:198):    Sending client request with id 6 (shardtag=55834574850 predlist_size=1)
20260313-061720-9689 04754 * SendRequest     (client.cc:198):    Sending client request with id 7 (shardtag=55834574851 predlist_size=1)
[libprotobuf ERROR google/protobuf/message_lite.cc:121] Can't parse message of type "replication.iocl_craq.proto.SuccessorRequestMessage" because it is missing required fields: s, succ_groupidx, succ_replicaidx
[libprotobuf ERROR google/protobuf/message_lite.cc:121] Can't parse message of type "replication.iocl_craq.proto.SuccessorRequestMessage" because it is missing required fields: s, succ_groupidx, succ_replicaidx
[libprotobuf ERROR google/protobuf/message_lite.cc:121] Can't parse message of type "replication.iocl_craq.proto.SuccessorRequestMessage" because it is missing required fields: s, succ_groupidx, succ_replicaidx
[libprotobuf ERROR google/protobuf/message_lite.cc:121] Can't parse message of type "replication.iocl_craq.proto.SuccessorRequestMessage" because it is missing required fields: s, succ_groupidx, succ_replicaidx
[libprotobuf ERROR google/protobuf/message_lite.cc:121] Can't parse message of type "replication.iocl_craq.proto.SuccessorRequestMessage" because it is missing required fields: s, succ_groupidx, succ_replicaidx
[libprotobuf ERROR google/protobuf/message_lite.cc:121] Can't parse message of type "replication.iocl_craq.proto.SuccessorRequestMessage" because it is missing required fields: s, succ_groupidx, succ_replicaidx
[libprotobuf ERROR google/protobuf/message_lite.cc:121] Can't parse message of type "replication.iocl_craq.proto.SuccessorRequestMessage" because it is missing required fields: s, succ_groupidx, succ_replicaidx
[libprotobuf ERROR google/protobuf/message_lite.cc:121] Can't parse message of type "replication.iocl_craq.proto.SuccessorRequestMessage" because it is missing required fields: s, succ_groupidx, succ_replicaidx
[libprotobuf ERROR google/protobuf/message_lite.cc:121] Can't parse message of type "replication.iocl_craq.proto.SuccessorRequestMessage" because it is missing required fields: s, succ_groupidx, succ_replicaidx
[libprotobuf ERROR google/protobuf/message_lite.cc:121] Can't parse message of type "replication.iocl_craq.proto.SuccessorRequestMessage" because it is missing required fields: s, succ_groupidx, succ_replicaidx
20260313-061720-9820 04754 * SendRequest     (client.cc:198):    Sending client request with id 8 (shardtag=124554051585 predlist_size=0)
[libprotobuf ERROR google/protobuf/message_lite.cc:121] Can't parse message of type "replication.iocl_craq.proto.SuccessorRequestMessage" because it is missing required fields: s, succ_groupidx, succ_replicaidx
[libprotobuf ERROR google/protobuf/message_lite.cc:121] Can't parse message of type "replication.iocl_craq.proto.SuccessorRequestMessage" because it is missing required fields: s, succ_groupidx, succ_replicaidx
[libprotobuf ERROR google/protobuf/message_lite.cc:121] Can't parse message of type "replication.iocl_craq.proto.SuccessorRequestMessage" because it is missing required fields: s, succ_groupidx, succ_replicaidx
[libprotobuf ERROR google/protobuf/message_lite.cc:121] Can't parse message of type "replication.iocl_craq.proto.SuccessorRequestMessage" because it is missing required fields: s, succ_groupidx, succ_replicaidx
[libprotobuf ERROR google/protobuf/message_lite.cc:121] Can't parse message of type "replication.iocl_craq.proto.SuccessorRequestMessage" because it is missing required fields: s, succ_groupidx, succ_replicaidx
[libprotobuf ERROR google/protobuf/message_lite.cc:121] Can't parse message of type "replication.iocl_craq.proto.SuccessorRequestMessage" because it is missing required fields: s, succ_groupidx, succ_replicaidx
[libprotobuf ERROR google/protobuf/message_lite.cc:121] Can't parse message of type "replication.iocl_craq.proto.SuccessorRequestMessage" because it is missing required fields: s, succ_groupidx, succ_replicaidx
[libprotobuf ERROR google/protobuf/message_lite.cc:121] Can't parse message of type "replication.iocl_craq.proto.SuccessorRequestMessage" because it is missing required fields: s, succ_groupidx, succ_replicaidx
[libprotobuf ERROR google/protobuf/message_lite.cc:121] Can't parse message of type "replication.iocl_craq.proto.SuccessorRequestMessage" because it is missing required fields: s, succ_groupidx, succ_replicaidx
[libprotobuf ERROR google/protobuf/message_lite.cc:121] Can't parse message of type "replication.iocl_craq.proto.SuccessorRequestMessage" because it is missing required fields: s, succ_groupidx, succ_replicaidx
20260313-061720-9898 04754 * SendRequest     (client.cc:198):    Sending client request with id 9 (shardtag=21474836481 predlist_size=1)
20260313-061720-9900 04754 * SendRequest     (client.cc:198):    Sending client request with id 10 (shardtag=21474836482 predlist_size=1)
20260313-061720-9901 04754 * SendRequest     (client.cc:198):    Sending client request with id 11 (shardtag=21474836483 predlist_size=1)
[libprotobuf ERROR google/protobuf/message_lite.cc:121] Can't parse message of type "replication.iocl_craq.proto.SuccessorRequestMessage" because it is missing required fields: s, succ_groupidx, succ_replicaidx
[libprotobuf ERROR google/protobuf/message_lite.cc:121] Can't parse message of type "replication.iocl_craq.proto.SuccessorRequestMessage" because it is missing required fields: s, succ_groupidx, succ_replicaidx
[libprotobuf ERROR google/protobuf/message_lite.cc:121] Can't parse message of type "replication.iocl_craq.proto.SuccessorRequestMessage" because it is missing required fields: s, succ_groupidx, succ_replicaidx
[libprotobuf ERROR google/protobuf/message_lite.cc:121] Can't parse message of type "replication.iocl_craq.proto.SuccessorRequestMessage" because it is missing required fields: s, succ_groupidx, succ_replicaidx
[libprotobuf ERROR google/protobuf/message_lite.cc:121] Can't parse message of type "replication.iocl_craq.proto.SuccessorRequestMessage" because it is missing required fields: s, succ_groupidx, succ_replicaidx
[libprotobuf ERROR google/protobuf/message_lite.cc:121] Can't parse message of type "replication.iocl_craq.proto.SuccessorRequestMessage" because it is missing required fields: s, succ_groupidx, succ_replicaidx
[libprotobuf ERROR google/protobuf/message_lite.cc:121] Can't parse message of type "replication.iocl_craq.proto.SuccessorRequestMessage" because it is missing required fields: s, succ_groupidx, succ_replicaidx
[libprotobuf ERROR google/protobuf/message_lite.cc:121] Can't parse message of type "replication.iocl_craq.proto.SuccessorRequestMessage" because it is missing required fields: s, succ_groupidx, succ_replicaidx
[libprotobuf ERROR google/protobuf/message_lite.cc:121] Can't parse message of type "replication.iocl_craq.proto.SuccessorRequestMessage" because it is missing required fields: s, succ_groupidx, succ_replicaidx
[libprotobuf ERROR google/protobuf/message_lite.cc:121] Can't parse message of type "replication.iocl_craq.proto.SuccessorRequestMessage" because it is missing required fields: s, succ_groupidx, succ_replicaidx
20260313-061720-9990 04754 * SendRequest     (client.cc:198):    Sending client request with id 12 (shardtag=73014444033 predlist_size=1)
20260313-061720-9992 04754 * SendRequest     (client.cc:198):    Sending client request with id 13 (shardtag=73014444034 predlist_size=1)
20260313-061720-9993 04754 * SendRequest     (client.cc:198):    Sending client request with id 14 (shardtag=73014444035 predlist_size=1)
[libprotobuf ERROR google/protobuf/message_lite.cc:121] Can't parse message of type "replication.iocl_craq.proto.SuccessorRequestMessage" because it is missing required fields: s, succ_groupidx, succ_replicaidx
[libprotobuf ERROR google/protobuf/message_lite.cc:121] Can't parse message of type "replication.iocl_craq.proto.SuccessorRequestMessage" because it is missing required fields: s, succ_groupidx, succ_replicaidx
[libprotobuf ERROR google/protobuf/message_lite.cc:121] Can't parse message of type "replication.iocl_craq.proto.SuccessorRequestMessage" because it is missing required fields: s, succ_groupidx, succ_replicaidx
[libprotobuf ERROR google/protobuf/message_lite.cc:121] Can't parse message of type "replication.iocl_craq.proto.SuccessorRequestMessage" because it is missing required fields: s, succ_groupidx, succ_replicaidx
[libprotobuf ERROR google/protobuf/message_lite.cc:121] Can't parse message of type "replication.iocl_craq.proto.SuccessorRequestMessage" because it is missing required fields: s, succ_groupidx, succ_replicaidx
[libprotobuf ERROR google/protobuf/message_lite.cc:121] Can't parse message of type "replication.iocl_craq.proto.SuccessorRequestMessage" because it is missing required fields: s, succ_groupidx, succ_replicaidx
[libprotobuf ERROR google/protobuf/message_lite.cc:121] Can't parse message of type "replication.iocl_craq.proto.SuccessorRequestMessage" because it is missing required fields: s, succ_groupidx, succ_replicaidx
[libprotobuf ERROR google/protobuf/message_lite.cc:121] Can't parse message of type "replication.iocl_craq.proto.SuccessorRequestMessage" because it is missing required fields: s, succ_groupidx, succ_replicaidx
[libprotobuf ERROR google/protobuf/message_lite.cc:121] Can't parse message of type "replication.iocl_craq.proto.SuccessorRequestMessage" because it is missing required fields: s, succ_groupidx, succ_replicaidx
[libprotobuf ERROR google/protobuf/message_lite.cc:121] Can't parse message of type "replication.iocl_craq.proto.SuccessorRequestMessage" because it is missing required fields: s, succ_groupidx, succ_replicaidx
20260313-061721-0070 04754 * SendRequest     (client.cc:198):    Sending client request with id 15 (shardtag=107374182402 predlist_size=1)
20260313-061721-0072 04754 * SendRequest     (client.cc:198):    Sending client request with id 16 (shardtag=107374182403 predlist_size=1)
20260313-061722-5094 04754 * SendRequest     (client.cc:198):    Sending client request with id 17 (shardtag=21474836484 predlist_size=1)
20260313-061722-5095 04754 * SendRequest     (client.cc:198):    Sending client request with id 18 (shardtag=21474836485 predlist_size=1)
20260313-061722-5097 04754 * SendRequest     (client.cc:198):    Sending client request with id 19 (shardtag=21474836486 predlist_size=1)
20260313-061722-6236 04754 * SendRequest     (client.cc:198):    Sending client request with id 20 (shardtag=73014444036 predlist_size=1)
20260313-061722-6809 04754 * SendRequest     (client.cc:198):    Sending client request with id 21 (shardtag=4294967299 predlist_size=1)
20260313-061722-6976 04754 * SendRequest     (client.cc:198):    Sending client request with id 22 (shardtag=124554051586 predlist_size=1)
20260313-061722-6978 04754 * SendRequest     (client.cc:198):    Sending client request with id 23 (shardtag=124554051587 predlist_size=1)
20260313-061722-7258 04754 * SendRequest     (client.cc:198):    Sending client request with id 24 (shardtag=107374182404 predlist_size=1)
20260313-061722-7260 04754 * SendRequest     (client.cc:198):    Sending client request with id 25 (shardtag=107374182405 predlist_size=1)
20260313-061724-4237 04754 * SendRequest     (client.cc:198):    Sending client request with id 26 (shardtag=21474836487 predlist_size=1)
20260313-061724-4239 04754 * SendRequest     (client.cc:198):    Sending client request with id 27 (shardtag=21474836488 predlist_size=1)
20260313-061724-4240 04754 * SendRequest     (client.cc:198):    Sending client request with id 28 (shardtag=21474836489 predlist_size=1)
20260313-061724-4241 04754 * SendRequest     (client.cc:198):    Sending client request with id 29 (shardtag=21474836490 predlist_size=1)
20260313-061724-8422 04754 * SendRequest     (client.cc:198):    Sending client request with id 30 (shardtag=107374182406 predlist_size=1)
20260313-061724-8424 04754 * SendRequest     (client.cc:198):    Sending client request with id 31 (shardtag=107374182407 predlist_size=1)
20260313-061724-9970 04754 * SendRequest     (client.cc:198):    Sending client request with id 32 (shardtag=4294967300 predlist_size=1)
20260313-061725-9531 04754 * SendRequest     (client.cc:198):    Sending client request with id 33 (shardtag=73014444037 predlist_size=1)
20260313-061726-0249 04754 * SendRequest     (client.cc:198):    Sending client request with id 34 (shardtag=124554051588 predlist_size=1)
20260313-061726-0379 04754 * SendRequest     (client.cc:198):    Sending client request with id 35 (shardtag=21474836491 predlist_size=1)
20260313-061726-2170 04754 * SendRequest     (client.cc:198):    Sending client request with id 36 (shardtag=55834574853 predlist_size=1)
20260313-061726-2172 04754 * SendRequest     (client.cc:198):    Sending client request with id 37 (shardtag=55834574854 predlist_size=1)
20260313-061726-6105 04754 * SendRequest     (client.cc:198):    Sending client request with id 38 (shardtag=4294967301 predlist_size=1)
20260313-061726-6107 04754 * SendRequest     (client.cc:198):    Sending client request with id 39 (shardtag=4294967302 predlist_size=1)
20260313-061726-6108 04754 * SendRequest     (client.cc:198):    Sending client request with id 40 (shardtag=4294967303 predlist_size=1)
20260313-061726-6109 04754 * SendRequest     (client.cc:198):    Sending client request with id 41 (shardtag=4294967304 predlist_size=1)
20260313-061726-6558 04754 * SendRequest     (client.cc:198):    Sending client request with id 42 (shardtag=107374182408 predlist_size=1)
20260313-061727-8665 04754 * SendRequest     (client.cc:198):    Sending client request with id 43 (shardtag=73014444038 predlist_size=1)
20260313-061727-8667 04754 * SendRequest     (client.cc:198):    Sending client request with id 44 (shardtag=73014444039 predlist_size=1)
20260313-061727-8668 04754 * SendRequest     (client.cc:198):    Sending client request with id 45 (shardtag=73014444040 predlist_size=1)
20260313-061727-8669 04754 * SendRequest     (client.cc:198):    Sending client request with id 46 (shardtag=73014444041 predlist_size=1)
20260313-061727-9317 04754 * SendRequest     (client.cc:198):    Sending client request with id 47 (shardtag=38654705668 predlist_size=0)
20260313-061727-9319 04754 * SendRequest     (client.cc:198):    Sending client request with id 48 (shardtag=38654705669 predlist_size=1)
20260313-061727-9320 04754 * SendRequest     (client.cc:198):    Sending client request with id 49 (shardtag=38654705670 predlist_size=1)
20260313-061728-0517 04754 * SendRequest     (client.cc:198):    Sending client request with id 50 (shardtag=21474836492 predlist_size=1)
20260313-061728-0518 04754 * SendRequest     (client.cc:198):    Sending client request with id 51 (shardtag=21474836493 predlist_size=1)
20260313-061728-0520 04754 * SendRequest     (client.cc:198):    Sending client request with id 52 (shardtag=21474836494 predlist_size=1)
20260313-061728-0521 04754 * SendRequest     (client.cc:198):    Sending client request with id 53 (shardtag=21474836495 predlist_size=1)
20260313-061728-0844 04754 * SendRequest     (client.cc:198):    Sending client request with id 54 (shardtag=90194313217 predlist_size=1)
20260313-061728-0846 04754 * SendRequest     (client.cc:198):    Sending client request with id 55 (shardtag=90194313218 predlist_size=1)
20260313-061728-0847 04754 * SendRequest     (client.cc:198):    Sending client request with id 56 (shardtag=90194313219 predlist_size=1)
20260313-061728-6711 04754 * SendRequest     (client.cc:198):    Sending client request with id 57 (shardtag=107374182409 predlist_size=1)
20260313-061729-5652 04754 * SendRequest     (client.cc:198):    Sending client request with id 58 (shardtag=21474836496 predlist_size=1)
20260313-061729-6393 04754 * SendRequest     (client.cc:198):    Sending client request with id 59 (shardtag=4294967305 predlist_size=1)
20260313-061729-6395 04754 * SendRequest     (client.cc:198):    Sending client request with id 60 (shardtag=4294967306 predlist_size=1)
20260313-061729-6396 04754 * SendRequest     (client.cc:198):    Sending client request with id 61 (shardtag=4294967307 predlist_size=1)
20260313-061729-6397 04754 * SendRequest     (client.cc:198):    Sending client request with id 62 (shardtag=4294967308 predlist_size=1)
20260313-061729-6450 04754 * SendRequest     (client.cc:198):    Sending client request with id 63 (shardtag=38654705671 predlist_size=1)
20260313-061729-6452 04754 * SendRequest     (client.cc:198):    Sending client request with id 64 (shardtag=38654705672 predlist_size=1)
20260313-061729-9551 04754 * SendRequest     (client.cc:198):    Sending client request with id 65 (shardtag=124554051589 predlist_size=1)
20260313-061730-2006 04754 * SendRequest     (client.cc:198):    Sending client request with id 66 (shardtag=90194313220 predlist_size=0)
20260313-061730-2008 04754 * SendRequest     (client.cc:198):    Sending client request with id 67 (shardtag=90194313221 predlist_size=1)
20260313-061730-2854 04754 * SendRequest     (client.cc:198):    Sending client request with id 68 (shardtag=107374182411 predlist_size=1)
20260313-061731-2589 04754 * SendRequest     (client.cc:198):    Sending client request with id 69 (shardtag=38654705673 predlist_size=1)
20260313-061731-2591 04754 * SendRequest     (client.cc:198):    Sending client request with id 70 (shardtag=38654705674 predlist_size=1)
20260313-061731-4530 04754 * SendRequest     (client.cc:198):    Sending client request with id 71 (shardtag=4294967309 predlist_size=1)
20260313-061731-4808 04754 * SendRequest     (client.cc:198):    Sending client request with id 72 (shardtag=21474836497 predlist_size=0)
20260313-061731-4810 04754 * SendRequest     (client.cc:198):    Sending client request with id 73 (shardtag=21474836498 predlist_size=1)
20260313-061731-4811 04754 * SendRequest     (client.cc:198):    Sending client request with id 74 (shardtag=21474836499 predlist_size=1)
20260313-061731-4812 04754 * SendRequest     (client.cc:198):    Sending client request with id 75 (shardtag=21474836500 predlist_size=1)
20260313-061731-4948 04754 * SendRequest     (client.cc:198):    Sending client request with id 76 (shardtag=73014444042 predlist_size=1)
20260313-061731-4950 04754 * SendRequest     (client.cc:198):    Sending client request with id 77 (shardtag=73014444043 predlist_size=1)
20260313-061731-5595 04754 * SendRequest     (client.cc:198):    Sending client request with id 78 (shardtag=55834574855 predlist_size=1)
20260313-061731-5596 04754 * SendRequest     (client.cc:198):    Sending client request with id 79 (shardtag=55834574856 predlist_size=1)
20260313-061731-6686 04754 * SendRequest     (client.cc:198):    Sending client request with id 80 (shardtag=124554051590 predlist_size=1)
20260313-061731-6688 04754 * SendRequest     (client.cc:198):    Sending client request with id 81 (shardtag=124554051591 predlist_size=1)
20260313-061731-6689 04754 * SendRequest     (client.cc:198):    Sending client request with id 82 (shardtag=124554051592 predlist_size=1)
20260313-061732-2996 04754 * SendRequest     (client.cc:198):    Sending client request with id 83 (shardtag=107374182412 predlist_size=1)
20260313-061732-7663 04754 * SendRequest     (client.cc:198):    Sending client request with id 84 (shardtag=4294967310 predlist_size=1)
20260313-061732-7665 04754 * SendRequest     (client.cc:198):    Sending client request with id 85 (shardtag=4294967311 predlist_size=1)
20260313-061732-7729 04754 * SendRequest     (client.cc:198):    Sending client request with id 86 (shardtag=38654705675 predlist_size=1)
20260313-061732-7731 04754 * SendRequest     (client.cc:198):    Sending client request with id 87 (shardtag=38654705677 predlist_size=1)
20260313-061733-2105 04754 * SendRequest     (client.cc:198):    Sending client request with id 88 (shardtag=73014444044 predlist_size=1)
20260313-061733-2818 04754 * SendRequest     (client.cc:198):    Sending client request with id 89 (shardtag=124554051593 predlist_size=1)
20260313-061733-2820 04754 * SendRequest     (client.cc:198):    Sending client request with id 90 (shardtag=124554051594 predlist_size=1)
20260313-061733-3946 04754 * SendRequest     (client.cc:198):    Sending client request with id 91 (shardtag=21474836501 predlist_size=1)
20260313-061733-4740 04754 * SendRequest     (client.cc:198):    Sending client request with id 92 (shardtag=55834574857 predlist_size=1)
20260313-061733-6294 04754 * SendRequest     (client.cc:198):    Sending client request with id 93 (shardtag=90194313223 predlist_size=1)
20260313-061734-6819 04754 * SendRequest     (client.cc:198):    Sending client request with id 94 (shardtag=4294967312 predlist_size=1)
20260313-061734-6821 04754 * SendRequest     (client.cc:198):    Sending client request with id 95 (shardtag=4294967313 predlist_size=1)
20260313-061734-6822 04754 * SendRequest     (client.cc:198):    Sending client request with id 96 (shardtag=4294967314 predlist_size=1)
20260313-061734-9239 04754 * SendRequest     (client.cc:198):    Sending client request with id 97 (shardtag=73014444045 predlist_size=0)
20260313-061734-9240 04754 * SendRequest     (client.cc:198):    Sending client request with id 98 (shardtag=73014444046 predlist_size=1)
20260313-061735-1954 04754 * SendRequest     (client.cc:198):    Sending client request with id 99 (shardtag=124554051595 predlist_size=1)
20260313-061735-1956 04754 * SendRequest     (client.cc:198):    Sending client request with id 100 (shardtag=124554051596 predlist_size=1)
20260313-061735-3894 04754 * SendRequest     (client.cc:198):    Sending client request with id 101 (shardtag=55834574858 predlist_size=1)
20260313-061735-3895 04754 * SendRequest     (client.cc:198):    Sending client request with id 102 (shardtag=55834574859 predlist_size=1)
20260313-061735-5254 04754 * SendRequest     (client.cc:198):    Sending client request with id 103 (shardtag=107374182414 predlist_size=1)
20260313-061735-5443 04754 * SendRequest     (client.cc:198):    Sending client request with id 104 (shardtag=90194313224 predlist_size=1)
20260313-061735-5444 04754 * SendRequest     (client.cc:198):    Sending client request with id 105 (shardtag=90194313225 predlist_size=1)
20260313-061735-5445 04754 * SendRequest     (client.cc:198):    Sending client request with id 106 (shardtag=90194313226 predlist_size=1)
20260313-061736-8964 04754 * SendRequest     (client.cc:198):    Sending client request with id 107 (shardtag=4294967315 predlist_size=1)
20260313-061737-0224 04754 * SendRequest     (client.cc:198):    Sending client request with id 108 (shardtag=21474836502 predlist_size=1)
20260313-061737-0225 04754 * SendRequest     (client.cc:198):    Sending client request with id 109 (shardtag=21474836503 predlist_size=1)
20260313-061737-0226 04754 * SendRequest     (client.cc:198):    Sending client request with id 110 (shardtag=21474836504 predlist_size=1)
20260313-061737-0383 04754 * SendRequest     (client.cc:198):    Sending client request with id 111 (shardtag=73014444047 predlist_size=1)
20260313-061737-0385 04754 * SendRequest     (client.cc:198):    Sending client request with id 112 (shardtag=73014444048 predlist_size=1)
20260313-061737-0386 04754 * SendRequest     (client.cc:198):    Sending client request with id 113 (shardtag=73014444049 predlist_size=1)
20260313-061737-0387 04754 * SendRequest     (client.cc:198):    Sending client request with id 114 (shardtag=73014444050 predlist_size=1)
20260313-061737-1091 04754 * SendRequest     (client.cc:198):    Sending client request with id 115 (shardtag=124554051597 predlist_size=1)
20260313-061737-6588 04754 * SendRequest     (client.cc:198):    Sending client request with id 116 (shardtag=90194313227 predlist_size=1)
20260313-061737-6590 04754 * SendRequest     (client.cc:198):    Sending client request with id 117 (shardtag=90194313228 predlist_size=1)
20260313-061737-8054 04754 * SendRequest     (client.cc:198):    Sending client request with id 118 (shardtag=55834574860 predlist_size=1)
20260313-061737-8055 04754 * SendRequest     (client.cc:198):    Sending client request with id 119 (shardtag=55834574861 predlist_size=1)
20260313-061738-3168 04754 * SendRequest     (client.cc:198):    Sending client request with id 120 (shardtag=38654705679 predlist_size=1)
20260313-061738-3170 04754 * SendRequest     (client.cc:198):    Sending client request with id 121 (shardtag=38654705680 predlist_size=1)
20260313-061738-3171 04754 * SendRequest     (client.cc:198):    Sending client request with id 122 (shardtag=38654705681 predlist_size=1)
20260313-061738-8522 04754 * SendRequest     (client.cc:198):    Sending client request with id 123 (shardtag=73014444051 predlist_size=1)
20260313-061738-9367 04754 * SendRequest     (client.cc:198):    Sending client request with id 124 (shardtag=21474836505 predlist_size=1)
20260313-061738-9369 04754 * SendRequest     (client.cc:198):    Sending client request with id 125 (shardtag=21474836506 predlist_size=1)
20260313-061738-9370 04754 * SendRequest     (client.cc:198):    Sending client request with id 126 (shardtag=21474836507 predlist_size=1)
20260313-061739-2540 04754 * SendRequest     (client.cc:198):    Sending client request with id 127 (shardtag=107374182415 predlist_size=1)
20260313-061739-3738 04754 * SendRequest     (client.cc:198):    Sending client request with id 128 (shardtag=90194313229 predlist_size=0)
20260313-061739-4244 04754 * SendRequest     (client.cc:198):    Sending client request with id 129 (shardtag=55834574863 predlist_size=1)
20260313-061740-3304 04754 * SendRequest     (client.cc:198):    Sending client request with id 130 (shardtag=38654705682 predlist_size=0)
20260313-061740-5368 04754 * SendRequest     (client.cc:198):    Sending client request with id 131 (shardtag=124554051598 predlist_size=1)
20260313-061740-5369 04754 * SendRequest     (client.cc:198):    Sending client request with id 132 (shardtag=124554051599 predlist_size=1)
20260313-061740-8515 04754 * SendRequest     (client.cc:198):    Sending client request with id 133 (shardtag=21474836508 predlist_size=1)
20260313-061741-2375 04754 * SendRequest     (client.cc:198):    Sending client request with id 134 (shardtag=55834574864 predlist_size=1)
20260313-061741-2376 04754 * SendRequest     (client.cc:198):    Sending client request with id 135 (shardtag=55834574865 predlist_size=1)
20260313-061741-3281 04754 * SendRequest     (client.cc:198):    Sending client request with id 136 (shardtag=4294967316 predlist_size=0)
20260313-061741-7893 04754 * SendRequest     (client.cc:198):    Sending client request with id 137 (shardtag=90194313230 predlist_size=1)
20260313-061741-7895 04754 * SendRequest     (client.cc:198):    Sending client request with id 138 (shardtag=90194313231 predlist_size=1)
20260313-061742-1442 04754 * SendRequest     (client.cc:198):    Sending client request with id 139 (shardtag=38654705683 predlist_size=1)
20260313-061742-1444 04754 * SendRequest     (client.cc:198):    Sending client request with id 140 (shardtag=38654705685 predlist_size=1)
20260313-061742-3484 04754 * SendRequest     (client.cc:198):    Sending client request with id 141 (shardtag=124554051600 predlist_size=1)
20260313-061742-9505 04754 * SendRequest     (client.cc:198):    Sending client request with id 142 (shardtag=55834574866 predlist_size=1)
20260313-061743-3692 04754 * SendRequest     (client.cc:198):    Sending client request with id 143 (shardtag=21474836509 predlist_size=1)
20260313-061743-3694 04754 * SendRequest     (client.cc:198):    Sending client request with id 144 (shardtag=21474836510 predlist_size=1)
20260313-061743-3854 04754 * SendRequest     (client.cc:198):    Sending client request with id 145 (shardtag=107374182417 predlist_size=1)
20260313-061743-5028 04754 * SendRequest     (client.cc:198):    Sending client request with id 146 (shardtag=90194313232 predlist_size=1)
20260313-061744-3600 04754 * SendRequest     (client.cc:198):    Sending client request with id 147 (shardtag=38654705686 predlist_size=1)
20260313-061744-5922 04754 * SendRequest     (client.cc:198):    Sending client request with id 148 (shardtag=73014444053 predlist_size=0)
20260313-061744-8664 04754 * SendRequest     (client.cc:198):    Sending client request with id 149 (shardtag=55834574867 predlist_size=1)
20260313-061744-8666 04754 * SendRequest     (client.cc:198):    Sending client request with id 150 (shardtag=55834574868 predlist_size=1)
20260313-061744-9988 04754 * SendRequest     (client.cc:198):    Sending client request with id 151 (shardtag=107374182418 predlist_size=1)
20260313-061744-9990 04754 * SendRequest     (client.cc:198):    Sending client request with id 152 (shardtag=107374182419 predlist_size=1)
20260313-061745-4601 04754 * SendRequest     (client.cc:198):    Sending client request with id 153 (shardtag=4294967319 predlist_size=1)
20260313-061745-6185 04754 * SendRequest     (client.cc:198):    Sending client request with id 154 (shardtag=90194313234 predlist_size=1)
20260313-061745-7854 04754 * SendRequest     (client.cc:198):    Sending client request with id 155 (shardtag=21474836511 predlist_size=1)
20260313-061745-7856 04754 * SendRequest     (client.cc:198):    Sending client request with id 156 (shardtag=21474836512 predlist_size=1)
20260313-061745-7857 04754 * SendRequest     (client.cc:198):    Sending client request with id 157 (shardtag=21474836513 predlist_size=1)
20260313-061746-1759 04754 * SendRequest     (client.cc:198):    Sending client request with id 158 (shardtag=124554051601 predlist_size=1)
20260313-061746-6124 04754 * SendRequest     (client.cc:198):    Sending client request with id 159 (shardtag=107374182420 predlist_size=0)
20260313-061746-6126 04754 * SendRequest     (client.cc:198):    Sending client request with id 160 (shardtag=107374182421 predlist_size=1)
20260313-061746-6127 04754 * SendRequest     (client.cc:198):    Sending client request with id 161 (shardtag=107374182422 predlist_size=1)
20260313-061746-6128 04754 * SendRequest     (client.cc:198):    Sending client request with id 162 (shardtag=107374182423 predlist_size=1)
20260313-061746-6763 04754 * SendRequest     (client.cc:198):    Sending client request with id 163 (shardtag=38654705687 predlist_size=1)
20260313-061746-6765 04754 * SendRequest     (client.cc:198):    Sending client request with id 164 (shardtag=38654705688 predlist_size=1)
20260313-061747-1743 04754 * SendRequest     (client.cc:198):    Sending client request with id 165 (shardtag=4294967321 predlist_size=1)
20260313-061747-4325 04754 * SendRequest     (client.cc:198):    Sending client request with id 166 (shardtag=90194313236 predlist_size=1)
20260313-061747-9002 04754 * SendRequest     (client.cc:198):    Sending client request with id 167 (shardtag=21474836514 predlist_size=1)
20260313-061747-9004 04754 * SendRequest     (client.cc:198):    Sending client request with id 168 (shardtag=21474836515 predlist_size=1)
20260313-061747-9005 04754 * SendRequest     (client.cc:198):    Sending client request with id 169 (shardtag=21474836516 predlist_size=1)
20260313-061748-0177 04754 * SendRequest     (client.cc:198):    Sending client request with id 170 (shardtag=73014444054 predlist_size=1)
20260313-061748-0891 04754 * SendRequest     (client.cc:198):    Sending client request with id 171 (shardtag=124554051602 predlist_size=1)
20260313-061748-1904 04754 * SendRequest     (client.cc:198):    Sending client request with id 172 (shardtag=38654705689 predlist_size=1)
20260313-061748-2259 04754 * SendRequest     (client.cc:198):    Sending client request with id 173 (shardtag=107374182425 predlist_size=1)
20260313-061748-2261 04754 * SendRequest     (client.cc:198):    Sending client request with id 174 (shardtag=107374182426 predlist_size=1)
20260313-061748-6952 04754 * SendRequest     (client.cc:198):    Sending client request with id 175 (shardtag=55834574869 predlist_size=1)
20260313-061749-9155 04754 * SendRequest     (client.cc:198):    Sending client request with id 176 (shardtag=21474836517 predlist_size=1)
20260313-061752-0174 04754 ! TCPIncomingEventCallback (tcptransport.cc:942): [TCP INCOMING 131] EOF, lifetime=31020.43 ms
20260313-061752-0175 04754 ! TCPIncomingEventCallback (tcptransport.cc:942): [TCP INCOMING 132] EOF, lifetime=31018.71 ms
20260313-061752-0879 04754 ! TCPIncomingEventCallback (tcptransport.cc:942): [TCP INCOMING 127] EOF, lifetime=31107.99 ms
20260313-061752-0881 04754 ! TCPIncomingEventCallback (tcptransport.cc:942): [TCP INCOMING 128] EOF, lifetime=31106.23 ms
20260313-061752-1881 04754 ! TCPIncomingEventCallback (tcptransport.cc:942): [TCP INCOMING 123] EOF, lifetime=31223.22 ms
20260313-061752-1884 04754 ! TCPIncomingEventCallback (tcptransport.cc:942): [TCP INCOMING 125] EOF, lifetime=31221.29 ms
20260313-061752-2247 04754 ! TCPIncomingEventCallback (tcptransport.cc:942): [TCP INCOMING 133] EOF, lifetime=31219.52 ms
20260313-061752-2249 04754 ! TCPIncomingEventCallback (tcptransport.cc:942): [TCP INCOMING 134] EOF, lifetime=31218.06 ms
20260313-061752-6936 04754 ! TCPIncomingEventCallback (tcptransport.cc:942): [TCP INCOMING 124] EOF, lifetime=31726.88 ms
20260313-061752-6937 04754 ! TCPIncomingEventCallback (tcptransport.cc:942): [TCP INCOMING 126] EOF, lifetime=31725.21 ms
20260313-061752-9873 04754 ! TCPIncomingEventCallback (tcptransport.cc:942): [TCP INCOMING 119] EOF, lifetime=32025.01 ms
20260313-061752-9875 04754 ! TCPIncomingEventCallback (tcptransport.cc:942): [TCP INCOMING 120] EOF, lifetime=32023.45 ms
20260313-061753-1444 04754 ! TCPIncomingEventCallback (tcptransport.cc:942): [TCP INCOMING 117] EOF, lifetime=32329.72 ms
20260313-061753-1446 04754 ! TCPIncomingEventCallback (tcptransport.cc:942): [TCP INCOMING 118] EOF, lifetime=32328.05 ms
20260313-061753-9132 04754 ! TCPIncomingEventCallback (tcptransport.cc:942): [TCP INCOMING 129] EOF, lifetime=32925.44 ms
20260313-061753-9146 04754 ! TCPIncomingEventCallback (tcptransport.cc:942): [TCP INCOMING 130] EOF, lifetime=32924.90 ms
20260313-061800-3656 04754 * Cleanup         (server.cc:589):    Gracefully exiting after signal 15.
20260313-061800-3657 04754 * Stop            (tcptransport.cc:605): [TCP SUMMARY] outgoingCreated=59 outgoingClosed=0 incomingCreated=75 incomingClosed=16 outgoingPeak=121 incomingPeak=38
Inserted events:
  0x5580cf92c0d0 [fd  9] Read Persist Internal
  0x5580cf933e30 [fd  10] Read Persist
  0x5580cf93f2e0 [fd  11] Read Persist
  0x5580dbf863b0 [fd  12] Read Persist
  0x5580dbf865d0 [fd  13] Read Persist
  0x5580dbf867f0 [fd  14] Read Persist
  0x5580dbf86a10 [fd  15] Read Persist
  0x5580dbf86c30 [fd  16] Read Persist
  0x5580dbf86e50 [fd  17] Read Persist
  0x5580dbf76fa0 [fd  18] Read Persist
  0x5580dbf835f0 [fd  19] Read Persist
  0x5580dbf81a30 [fd  20] Read Persist
  0x5580dbf778e0 [fd  21] Read Persist
  0x5580dbf79230 [fd  22] Read Persist
  0x5580dbf81ee0 [fd  23] Read Persist
  0x5580dbf82bd0 [fd  24] Read Persist
  0x5580dbf78150 [fd  25] Read Persist
  0x5580dbf786f0 [fd  26] Read Persist
  0x5580dbf78b30 [fd  27] Read Persist
  0x5580dbf78f00 [fd  28] Read Persist
  0x5580dbf7f110 [fd  29] Read Persist
  0x5580dbf7f6a0 [fd  30] Read Persist
  0x5580dbf7fc30 [fd  31] Read Persist
  0x5580dbf80050 [fd  32] Read Persist
  0x5580dbf80680 [fd  33] Read Persist
  0x5580dbf80b70 [fd  34] Read Persist
  0x5580dbf87240 [fd  35] Read Persist
  0x5580dbf877d0 [fd  36] Read Persist
  0x5580dbf87d60 [fd  37] Read Persist
  0x5580dbf882f0 [fd  38] Read Persist
  0x5580dbf88880 [fd  39] Read Persist
  0x5580dbf88e10 [fd  40] Read Persist
  0x5580dbf893a0 [fd  41] Read Persist
  0x5580dbf89930 [fd  42] Read Persist
  0x5580dbf89ec0 [fd  43] Read Persist
  0x5580dbf8a450 [fd  44] Read Persist
  0x5580dbf8a9e0 [fd  45] Read Persist
  0x5580dbf8af70 [fd  46] Read Persist
  0x5580dbf8b390 [fd  47] Read Persist
  0x5580dbf8b5b0 [fd  48] Read Persist
  0x5580dbf8bae0 [fd  49] Read Persist
  0x5580dbf8be80 [fd  50] Read Persist
  0x5580dbf8c220 [fd  51] Read Persist
  0x5580dbf8c5c0 [fd  52] Read Persist
  0x5580dbf8c960 [fd  53] Read Persist
  0x5580dbf8cd00 [fd  54] Read Persist
  0x5580dbf8d0a0 [fd  55] Read Persist
  0x5580dbf8d440 [fd  56] Read Persist
  0x5580dbf8d7e0 [fd  57] Read Persist
  0x5580dbf8db80 [fd  58] Read Persist
  0x5580dbf8df20 [fd  59] Read Persist
  0x5580dbf8e2c0 [fd  60] Read Persist
  0x5580dbf8e690 [fd  61] Read Persist
  0x5580dbf8ea60 [fd  62] Read Persist
  0x5580dbf8ee30 [fd  63] Read Persist
  0x5580dbf8f200 [fd  64] Read Persist
  0x5580cf93b980 [fd  65] Read Persist
  0x5580cf93ab80 [fd  66] Read Persist
  0x5580dbf8fa10 [fd  67] Read Persist
  0x5580dbf8fd50 [fd  68] Read Persist
  0x5580dbf90090 [fd  69] Read Persist
  0x5580dbf903d0 [fd  70] Read Persist
  0x5580dbfa11f0 [fd  71] Read Persist
  0x5580dbfa1410 [fd  72] Read Persist
  0x5580dbfa1630 [fd  73] Read Persist
  0x5580dbfa1a60 [fd  74] Read Persist
  0x5580dbfa1e40 [fd  75] Read Persist
  0x5580dbf911d0 [fd  76] Read Persist
  0x5580dbf90b20 [fd  77] Read Persist
  0x5580dbf90f60 [fd  78] Read Persist
  0x5580dbfa2260 [fd  79] Read Persist
  0x5580dbfa2480 [fd  80] Read Persist
  0x5580dbfa26a0 [fd  81] Read Persist
  0x5580dbfa28c0 [fd  82] Read Persist
  0x5580dbfa2cd0 [fd  83] Read Persist
  0x5580dbfa30e0 [fd  84] Read Persist
  0x5580dbfa34f0 [fd  85] Read Persist
  0x5580dbfa3900 [fd  86] Read Persist
  0x5580dbfa3d10 [fd  87] Read Persist
  0x5580dbfa4120 [fd  88] Read Persist
  0x5580dbfa4530 [fd  89] Read Persist
  0x5580dbfa4940 [fd  90] Read Persist
  0x5580dbfa5850 [fd  91] Read Persist
  0x5580dbfa5de0 [fd  92] Read Persist
  0x5580dbfa6370 [fd  93] Read Persist
  0x5580dbfa6900 [fd  94] Read Persist
  0x5580dbfa6e90 [fd  95] Read Persist
  0x5580dbfa7420 [fd  96] Read Persist
  0x5580dbfa79b0 [fd  97] Read Persist
  0x5580dbfa7f40 [fd  98] Read Persist
  0x5580dbfa84d0 [fd  99] Read Persist
  0x5580dbfa8a60 [fd  100] Read Persist
  0x5580dbfa8ff0 [fd  101] Read Persist
  0x5580dbfa9580 [fd  102] Read Persist
  0x5580dbfa9b10 [fd  103] Read Persist
  0x5580dbfaa0a0 [fd  104] Read Persist
  0x5580dbf857b0 [fd  105] Read Persist
  0x5580dbfae710 [fd  106] Read Persist
  0x5580dbfaeb50 [fd  107] Read Persist
  0x5580dbfaefc0 [fd  108] Read Persist
  0x5580dbfaf840 [fd  109] Read Persist
  0x5580dbfafcb0 [fd  110] Read Persist
  0x5580dbfb0120 [fd  111] Read Persist
  0x5580dbfb0540 [fd  112] Read Persist
  0x5580dbfad580 [fd  113] Read Persist
  0x5580dbfad9a0 [fd  114] Read Persist
  0x5580dbfadec0 [fd  115] Read Persist
  0x5580dbfae360 [fd  116] Read Persist
  0x5580dbfab780 [fd  117] Read Persist
  0x5580dbfabba0 [fd  118] Read Persist
  0x5580dbfac8d0 [fd  119] Read Persist
  0x5580dbfacd70 [fd  120] Read Persist
  0x5580dbfad210 [fd  121] Read Persist
  0x5580dbfb0b50 [fd  122] Read Persist
  0x5580dbfb0ff0 [fd  123] Read Persist
  0x5580dbfb1490 [fd  124] Read Persist
  0x5580dbfb1930 [fd  125] Read Persist
  0x5580dbfb1dd0 [fd  126] Read Persist
  0x5580dbfb2270 [fd  127] Read Persist
  0x5580dbfb5e40 [fd  132] Read Persist
  0x5580dbfb5460 [fd  133] Read Persist
Active events:
20260313-061800-3679 04754 * Cleanup         (server.cc:593):    Exporting stats to /mnt/extra/experiments/2026-04-13-06-16-49/out/server-0-1-1-stats-0.json.
20260313-061800-3681 04754 * Close           (replica.cc:1228):  [1] ReadStatsSummary clean=160 dirty=16 total=176
20260313-061800-3682 04754 * Close           (replica.cc:1230):  [1] ReadStatsDepth depth=1 count=15
20260313-061800-3682 04754 * Close           (replica.cc:1230):  [1] ReadStatsDepth depth=2 count=1
20260313-061800-3682 04754 * Close           (replica.cc:1233):  [1] ReadStatsClient client=12 clean=160 dirty=16
