20260313-063816-4206 19194 * main            (server.cc:217):    Starting server.
20260313-063816-4212 19194 * main            (server.cc:335):    Creating a default paritioner!
20260313-063818-3232 19194 * main            (server.cc:513):    Done loading server.
20260313-063914-5109 19194 ! TCPIncomingEventCallback (tcptransport.cc:942): [TCP INCOMING 124] EOF, lifetime=35162.99 ms
20260313-063915-5771 19194 ! TCPIncomingEventCallback (tcptransport.cc:942): [TCP INCOMING 117] EOF, lifetime=36379.34 ms
20260313-063915-7237 19194 ! TCPIncomingEventCallback (tcptransport.cc:942): [TCP INCOMING 123] EOF, lifetime=36386.67 ms
20260313-063915-7517 19194 ! TCPIncomingEventCallback (tcptransport.cc:942): [TCP INCOMING 125] EOF, lifetime=36394.73 ms
20260313-063916-1221 19194 ! TCPIncomingEventCallback (tcptransport.cc:942): [TCP INCOMING 121] EOF, lifetime=36785.73 ms
20260313-063916-1233 19194 ! TCPIncomingEventCallback (tcptransport.cc:942): [TCP INCOMING 122] EOF, lifetime=36786.91 ms
20260313-063916-5021 19194 ! TCPIncomingEventCallback (tcptransport.cc:942): [TCP INCOMING 118] EOF, lifetime=37175.89 ms
20260313-063917-1791 19194 ! TCPIncomingEventCallback (tcptransport.cc:942): [TCP INCOMING 126] EOF, lifetime=37593.60 ms
20260313-063923-6963 19194 * Cleanup         (server.cc:589):    Gracefully exiting after signal 15.
20260313-063923-6963 19194 * Stop            (tcptransport.cc:605): [TCP SUMMARY] outgoingCreated=59 outgoingClosed=0 incomingCreated=67 incomingClosed=8 outgoingPeak=119 incomingPeak=37
Inserted events:
  0x55fc9fce9d00 [fd  9] Read Persist Internal
  0x55fc9fcf1a60 [fd  10] Read Persist
  0x55fc9fcfce70 [fd  11] Read Persist
  0x55fcac33a980 [fd  12] Read Persist
  0x55fcac330760 [fd  13] Read Persist
  0x55fcac338bf0 [fd  14] Read Persist
  0x55fcac339270 [fd  15] Read Persist
  0x55fcac339f60 [fd  16] Read Persist
  0x55fcac32e290 [fd  17] Read Persist
  0x55fcac32e660 [fd  18] Read Persist
  0x55fcac32eb10 [fd  19] Read Persist
  0x55fcac32f1a0 [fd  20] Read Persist
  0x55fcac32f730 [fd  21] Read Persist
  0x55fcac32fb50 [fd  22] Read Persist
  0x55fcac32ff70 [fd  23] Read Persist
  0x55fcac330340 [fd  24] Read Persist
  0x55fcac3359f0 [fd  25] Read Persist
  0x55fcac335f60 [fd  26] Read Persist
  0x55fcac3364f0 [fd  27] Read Persist
  0x55fcac336a80 [fd  28] Read Persist
  0x55fcac337140 [fd  29] Read Persist
  0x55fcac3376d0 [fd  30] Read Persist
  0x55fcac337c60 [fd  31] Read Persist
  0x55fcac33d740 [fd  32] Read Persist
  0x55fcac33de00 [fd  33] Read Persist
  0x55fcac33e390 [fd  34] Read Persist
  0x55fcac33e920 [fd  35] Read Persist
  0x55fcac33eeb0 [fd  36] Read Persist
  0x55fcac33f440 [fd  37] Read Persist
  0x55fcac33f9d0 [fd  38] Read Persist
  0x55fcac33ff60 [fd  39] Read Persist
  0x55fcac3404f0 [fd  40] Read Persist
  0x55fcac340910 [fd  41] Read Persist
  0x55fcac340b30 [fd  42] Read Persist
  0x55fcac340e00 [fd  43] Read Persist
  0x55fcac3411a0 [fd  44] Read Persist
  0x55fcac341540 [fd  45] Read Persist
  0x55fcac3418e0 [fd  46] Read Persist
  0x55fcac341c80 [fd  47] Read Persist
  0x55fcac342020 [fd  48] Read Persist
  0x55fcac342640 [fd  49] Read Persist
  0x55fcac3429e0 [fd  50] Read Persist
  0x55fcac342d80 [fd  51] Read Persist
  0x55fcac343120 [fd  52] Read Persist
  0x55fcac3434c0 [fd  53] Read Persist
  0x55fcac343860 [fd  54] Read Persist
  0x55fcac343c30 [fd  55] Read Persist
  0x55fcac344000 [fd  56] Read Persist
  0x55fcac3443d0 [fd  57] Read Persist
  0x55fcac3447a0 [fd  58] Read Persist
  0x55fcac344b70 [fd  59] Read Persist
  0x55fcac344f70 [fd  60] Read Persist
  0x55fcac345370 [fd  61] Read Persist
  0x55fcac345770 [fd  62] Read Persist
  0x55fcac345b70 [fd  63] Read Persist
  0x55fcac345f70 [fd  64] Read Persist
  0x55fc9fcf95b0 [fd  65] Read Persist
  0x55fcac346780 [fd  66] Read Persist
  0x55fcac346ac0 [fd  67] Read Persist
  0x55fcac346e00 [fd  68] Read Persist
  0x55fcac347140 [fd  69] Read Persist
  0x55fcac347480 [fd  70] Read Persist
  0x55fcac347870 [fd  71] Read Persist
  0x55fcac347d30 [fd  72] Read Persist
  0x55fcac3481f0 [fd  73] Read Persist
  0x55fcac3486b0 [fd  74] Read Persist
  0x55fcac348b70 [fd  75] Read Persist
  0x55fcac349030 [fd  76] Read Persist
  0x55fcac3495c0 [fd  77] Read Persist
  0x55fcac349b50 [fd  78] Read Persist
  0x55fcac34a0e0 [fd  79] Read Persist
  0x55fcac34a670 [fd  80] Read Persist
  0x55fcac34ac00 [fd  81] Read Persist
  0x55fcac34b190 [fd  82] Read Persist
  0x55fcac34b720 [fd  83] Read Persist
  0x55fcac34bcb0 [fd  84] Read Persist
  0x55fcac34c240 [fd  85] Read Persist
  0x55fcac34c7d0 [fd  86] Read Persist
  0x55fcac34cd60 [fd  87] Read Persist
  0x55fcac34d2f0 [fd  88] Read Persist
  0x55fcac34d880 [fd  89] Read Persist
  0x55fcac34de10 [fd  90] Read Persist
  0x55fcac34ee20 [fd  91] Read Persist
  0x55fcac34f3b0 [fd  92] Read Persist
  0x55fcac34f940 [fd  93] Read Persist
  0x55fcac34fed0 [fd  94] Read Persist
  0x55fcac350460 [fd  95] Read Persist
  0x55fcac3509f0 [fd  96] Read Persist
  0x55fcac350f80 [fd  97] Read Persist
  0x55fcac351510 [fd  98] Read Persist
  0x55fcac351930 [fd  99] Read Persist
  0x55fcac351b50 [fd  100] Read Persist
  0x55fcac351e20 [fd  101] Read Persist
  0x55fcac3521c0 [fd  102] Read Persist
  0x55fcac352560 [fd  103] Read Persist
  0x55fcac352900 [fd  104] Read Persist
  0x55fcac352ca0 [fd  105] Read Persist
  0x55fcac353040 [fd  106] Read Persist
  0x55fcac3533e0 [fd  107] Read Persist
  0x55fcac353780 [fd  108] Read Persist
  0x55fcac353b20 [fd  109] Read Persist
  0x55fcac353ec0 [fd  110] Read Persist
  0x55fcac354260 [fd  111] Read Persist
  0x55fcac354630 [fd  112] Read Persist
  0x55fcac354a00 [fd  113] Read Persist
  0x55fcac354dd0 [fd  114] Read Persist
  0x55fcac3551a0 [fd  115] Read Persist
  0x55fcac355570 [fd  116] Read Persist
  0x55fcac355970 [fd  117] Read Persist
  0x55fcac355d70 [fd  118] Read Persist
  0x55fcac356170 [fd  119] Read Persist
  0x55fcac356570 [fd  120] Read Persist
  0x55fcac356970 [fd  121] Read Persist
  0x55fcac356d70 [fd  122] Read Persist
  0x55fcac357170 [fd  123] Read Persist
  0x55fcac357570 [fd  124] Read Persist
  0x55fcac357a10 [fd  125] Read Persist
  0x55fcac357eb0 [fd  126] Read Persist
  0x55fcac358350 [fd  127] Read Persist
  0x55fcac35b3d0 [fd  130] Read Persist
  0x55fcac35b810 [fd  131] Read Persist
Active events:
20260313-063923-6984 19194 * Cleanup         (server.cc:593):    Exporting stats to /mnt/extra/experiments/2026-04-13-06-38-08/out/server-0-0-0-stats-0.json.
