20260217-160811-1078 28973 * main            (benchmark.cc:402): Starting benchmark.
20260217-160815-7671 28973 * main            (benchmark.cc:621): Creating a default paritioner!
20260217-160815-7673 28973 * Client          (client.cc:77):     Initializing StrongStore client with id [61]
20260217-160815-7674 28973 * BenchmarkClient (bench_client.cc:81): starting benchclient, issueConcurrent: 0; fanout: 1
Session created: 0
last_service: , current_state: 0
Session continued: 0
last_service: , current_state: 0
Session destroyed: 18446744073709551615
last_service: , current_state: 0
20260217-160821-3735 28973 * WarmupDone      (bench_client.cc:739): Completed warmup period of 5 seconds with 1109 requests
20260217-160852-3753 28973 * Finish          (bench_client.cc:933): Completed 7002 requests in 31.003465 seconds
20260217-160852-3753 28973 * Finish          (bench_client.cc:934): 1 outstanding transactions.
Session continued: 0
last_service: , current_state: 0
Session destroyed: 18446744073709551615
last_service: , current_state: 0
Session continued: 0
last_service: , current_state: 0
Session destroyed: 18446744073709551615
last_service: , current_state: 0
Session destroyed: 0
last_service: , current_state: 0
20260217-160855-3736 28973 * FlushStats      (benchmark.cc:890): Flushing stats to /mnt/extra/experiments/2026-03-17-16-07-47/out/client-0-0-61-stats-0.json.
20260217-160855-3738 28973 * FlushStats      (benchmark.cc:902): All done!
20260217-160857-3811 28973 * Cleanup         (bench_client.cc:761): Aborting 0 outstanding transactions.
20260217-160857-3811 28973 * CooldownDone    (bench_client.cc:791): Finished cooldown period.
20260217-160857-3833 28973 * CooldownDone    (bench_client.cc:798): Median latency is 4422841 ns (4422 us)
20260217-160857-3834 28973 * CooldownDone    (bench_client.cc:807): Average latency is 4384604 ns (4384 us)
20260217-160857-3834 28973 * CooldownDone    (bench_client.cc:811): 90th percentile latency is 4771917 ns (4771 us)
20260217-160857-3834 28973 * CooldownDone    (bench_client.cc:815): 95th percentile latency is 4883931 ns (4883 us)
20260217-160857-3834 28973 * CooldownDone    (bench_client.cc:819): 99th percentile latency is 5358116 ns (5358 us)
20260217-160857-3834 28973 * LATENCY total: 1534 us 4384 us/4194 us 11 ms (7003 samples, 30 s total)
20260217-160857-3834 28973 *    1048 us |          2 | 
20260217-160857-3835 28973 *    2097 us |       1547 | ==============
20260217-160857-3835 28973 *    4194 us |       5446 | ==================================================
20260217-160857-3835 28973 *    8388 us |          8 | 
20260217-160857-4681 28973 * Stop            (tcptransport.cc:581): [TCP SUMMARY] outgoingCreated=1 outgoingClosed=0 incomingCreated=0 incomingClosed=0 outgoingPeak=1 incomingPeak=0
Inserted events:
  0x55a99432bf60 [fd  7] Read Persist Internal
  0x55a994342560 [fd  9] Read Persist
Active events:
20260217-160857-4682 28973 * main            (benchmark.cc:849): Cleaning up after experiment.
20260217-160857-4682 28973 * FlushStats      (benchmark.cc:890): Flushing stats to /mnt/extra/experiments/2026-03-17-16-07-47/out/client-0-0-61-stats-0.json.
20260217-160857-4684 28973 * FlushStats      (benchmark.cc:902): All done!
