20260217-160811-1145 28965 * main            (benchmark.cc:402): Starting benchmark.
20260217-160815-8239 28965 * main            (benchmark.cc:621): Creating a default paritioner!
20260217-160815-8241 28965 * Client          (client.cc:77):     Initializing StrongStore client with id [57]
20260217-160815-8241 28965 * BenchmarkClient (bench_client.cc:81): starting benchclient, issueConcurrent: 0; fanout: 1
Session created: 0
last_service: , current_state: 0
Session continued: 0
last_service: , current_state: 0
Session destroyed: 18446744073709551615
last_service: , current_state: 0
20260217-160821-3954 28965 * WarmupDone      (bench_client.cc:739): Completed warmup period of 5 seconds with 1108 requests
20260217-160852-3959 28965 * Finish          (bench_client.cc:933): Completed 7011 requests in 31.004579 seconds
20260217-160852-3960 28965 * Finish          (bench_client.cc:934): 1 outstanding transactions.
Session continued: 0
last_service: , current_state: 0
Session destroyed: 18446744073709551615
last_service: , current_state: 0
Session continued: 0
last_service: , current_state: 0
Session destroyed: 18446744073709551615
last_service: , current_state: 0
Session destroyed: 0
last_service: , current_state: 0
20260217-160855-3955 28965 * FlushStats      (benchmark.cc:890): Flushing stats to /mnt/extra/experiments/2026-03-17-16-07-47/out/client-0-0-57-stats-0.json.
20260217-160855-3957 28965 * FlushStats      (benchmark.cc:902): All done!
20260217-160857-3962 28965 * Cleanup         (bench_client.cc:761): Aborting 0 outstanding transactions.
20260217-160857-3962 28965 * CooldownDone    (bench_client.cc:791): Finished cooldown period.
20260217-160857-3984 28965 * CooldownDone    (bench_client.cc:798): Median latency is 4423207 ns (4423 us)
20260217-160857-3985 28965 * CooldownDone    (bench_client.cc:807): Average latency is 4378988 ns (4378 us)
20260217-160857-3985 28965 * CooldownDone    (bench_client.cc:811): 90th percentile latency is 4769438 ns (4769 us)
20260217-160857-3985 28965 * CooldownDone    (bench_client.cc:815): 95th percentile latency is 4892349 ns (4892 us)
20260217-160857-3986 28965 * CooldownDone    (bench_client.cc:819): 99th percentile latency is 5313036 ns (5313 us)
20260217-160857-3986 28965 * LATENCY total: 428 us 4378 us/4194 us 13 ms (7012 samples, 30 s total)
20260217-160857-3986 28965 *     262 us |          1 | 
20260217-160857-3986 28965 *     524 us |          6 | 
20260217-160857-3986 28965 *    1048 us |          8 | 
20260217-160857-3986 28965 *    2097 us |       1561 | ==============
20260217-160857-3986 28965 *    4194 us |       5427 | ==================================================
20260217-160857-3986 28965 *    8388 us |          9 | 
20260217-160857-5247 28965 * Stop            (tcptransport.cc:581): [TCP SUMMARY] outgoingCreated=1 outgoingClosed=0 incomingCreated=0 incomingClosed=0 outgoingPeak=1 incomingPeak=0
Inserted events:
  0x560322002f60 [fd  7] Read Persist Internal
  0x560322019560 [fd  9] Read Persist
Active events:
20260217-160857-5247 28965 * main            (benchmark.cc:849): Cleaning up after experiment.
20260217-160857-5248 28965 * FlushStats      (benchmark.cc:890): Flushing stats to /mnt/extra/experiments/2026-03-17-16-07-47/out/client-0-0-57-stats-0.json.
20260217-160857-5249 28965 * FlushStats      (benchmark.cc:902): All done!
