#start,0,0
app,1068332544,30117406845,18
user_create,1068332544,30117406845,18
app,1175949824,31293409109,18
user_create,1175949824,31293409109,18
app,929395968,32222857475,18
user_create,929395968,32222857475,18
app,1195344640,33418255567,18
user_create,1195344640,33418255567,18
app,1343670784,34761980056,18
user_create,1343670784,34761980056,18
app,1213829120,35975862264,18
user_create,1213829120,35975862264,18
app,1343508736,37319423913,18
user_create,1343508736,37319423913,18
app,1226211072,38545688390,18
user_create,1226211072,38545688390,18
app,1006597632,39552338600,18
user_create,1006597632,39552338600,18
app,1263806208,40816197395,18
user_create,1263806208,40816197395,18
app,917708544,41733958244,18
user_create,917708544,41733958244,18
app,1188648192,42922658920,18
user_create,1188648192,42922658920,18
app,841170944,43763882875,18
user_create,841170944,43763882875,18
app,1431669760,45195606231,18
user_create,1431669760,45195606231,18
app,1166470656,46362129449,18
user_create,1166470656,46362129449,18
app,1214195968,47576378107,18
user_create,1214195968,47576378107,18
app,1055385600,48631816148,18
user_create,1055385600,48631816148,18
app,1006744832,49638613700,18
user_create,1006744832,49638613700,18
app,929430016,50568096637,18
user_create,929430016,50568096637,18
app,1105012992,51673164367,18
user_create,1105012992,51673164367,18
app,1491844608,53165062427,18
user_create,1491844608,53165062427,18
app,951557120,54116674661,18
user_create,951557120,54116674661,18
app,1166409216,55283138036,18
user_create,1166409216,55283138036,18
app,1099210752,56382401227,18
user_create,1099210752,56382401227,18
app,1188483840,57570938587,18
user_create,1188483840,57570938587,18
app,1006752256,58577743768,18
user_create,1006752256,58577743768,18
app,1017599232,59595395803,18
user_create,1017599232,59595395803,18
app,1216332032,60811780929,18
user_create,1216332032,60811780929,18
app,960665088,61772499799,18
user_create,960665088,61772499799,18
app,1587798784,63360351562,18
user_create,1587798784,63360351562,18
app,1491869440,64852274179,18
user_create,1491869440,64852274179,18
app,916729344,65769056558,18
user_create,916729344,65769056558,18
app,1344067072,67113176584,18
user_create,1344067072,67113176584,18
app,891775488,68005005359,18
user_create,891775488,68005005359,18
app,968007680,68973066568,18
user_create,968007680,68973066568,18
app,990711552,69963832378,18
user_create,990711552,69963832378,18
app,1587691776,71551591157,18
user_create,1587691776,71551591157,18
app,879576064,72431220769,18
user_create,879576064,72431220769,18
app,1321381120,73752654075,18
user_create,1321381120,73752654075,18
app,1272285952,75024992942,18
user_create,1272285952,75024992942,18
app,1322238208,76347284317,18
user_create,1322238208,76347284317,18
app,917391360,77264728784,18
user_create,917391360,77264728784,18
app,1431529472,78696310520,18
user_create,1431529472,78696310520,18
app,1395199488,80091563224,18
user_create,1395199488,80091563224,18
app,1055369728,81146985054,18
user_create,1055369728,81146985054,18
app,841800960,81988838911,18
user_create,841800960,81988838911,18
app,1248659456,83237552165,18
user_create,1248659456,83237552165,18
app,1037839104,84275444269,18
user_create,1037839104,84275444269,18
app,1213833472,85489330768,18
user_create,1213833472,85489330768,18
app,1195821824,86685204982,18
user_create,1195821824,86685204982,18
app,1055703296,87740961551,18
user_create,1055703296,87740961551,18
app,1005679104,88746693611,18
user_create,1005679104,88746693611,18
app,1371796224,90118543386,18
user_create,1371796224,90118543386,18
app,1067691520,91186287879,18
user_create,1067691520,91186287879,18
app,955148032,92141488313,18
user_create,955148032,92141488313,18
app,1005629440,93147171735,18
user_create,1005629440,93147171735,18
app,1383332864,94530558109,18
user_create,1383332864,94530558109,18
app,951699200,95482311248,18
user_create,951699200,95482311248,18
app,1175620352,96657984018,18
user_create,1175620352,96657984018,18
app,1396940800,98054977893,18
user_create,1396940800,98054977893,18
app,1285914368,99340945243,18
user_create,1285914368,99340945243,18
app,1272305664,100613302707,18
user_create,1272305664,100613302707,18
app,1372061184,101985416889,18
user_create,1372061184,101985416889,18
app,1114133248,103099604845,18
user_create,1114133248,103099604845,18
app,1276228608,104375886201,18
user_create,1276228608,104375886201,18
app,1005693440,105381632328,18
user_create,1005693440,105381632328,18
app,1106222592,106487907886,18
user_create,1106222592,106487907886,18
app,1324704256,107812664985,18
user_create,1324704256,107812664985,18
app,968550400,108781268119,18
user_create,968550400,108781268119,18
app,1038147328,109819468498,18
user_create,1038147328,109819468498,18
app,1138063616,110957585334,18
user_create,1138063616,110957585334,18
app,1224716288,112182354211,18
user_create,1224716288,112182354211,18
app,1165859584,113348266839,18
user_create,1165859584,113348266839,18
app,1431654912,114779974699,18
user_create,1431654912,114779974699,18
app,1432428800,116212456464,18
user_create,1432428800,116212456464,18
app,1283989760,117496498584,18
user_create,1283989760,117496498584,18
app,1027313152,118523864507,18
user_create,1027313152,118523864507,18
app,1343957504,119867875337,18
user_create,1343957504,119867875337,18
app,1233367040,121101294517,18
user_create,1233367040,121101294517,18
app,1479036416,122580384016,18
user_create,1479036416,122580384016,18
app,955718912,123536156177,18
user_create,955718912,123536156177,18
app,930217216,124466426372,18
user_create,930217216,124466426372,18
app,1444261376,125910740137,18
user_create,1444261376,125910740137,18
app,1087988736,126998781919,18
user_create,1087988736,126998781919,18
app,1006707712,128005587577,18
user_create,1006707712,128005587577,18
app,1176199424,129181839942,18
user_create,1176199424,129181839942,18
app,1272380672,130454273462,18
user_create,1272380672,130454273462,18
app,1226992896,131681319475,18
user_create,1226992896,131681319475,18
app,1087835136,132769207477,18
user_create,1087835136,132769207477,18
app,1540006656,134309267520,18
user_create,1540006656,134309267520,18
app,1276127488,135585448026,18
user_create,1276127488,135585448026,18
app,1068197376,136653697729,18
user_create,1068197376,136653697729,18
app,1276561920,137930312156,18
user_create,1276561920,137930312156,18
app,1283636992,139214001178,18
user_create,1283636992,139214001178,18
app,1429850880,140643904447,18
user_create,1429850880,140643904447,18
app,1115721472,141759677886,18
user_create,1115721472,141759677886,18
app,1432547072,143192277669,18
user_create,1432547072,143192277669,18
app,1040020480,144232351303,18
user_create,1040020480,144232351303,18
app,917691648,145150095224,18
user_create,917691648,145150095224,18
app,1054738944,146204886674,18
user_create,1054738944,146204886674,18
app,1444210432,147649150848,18
user_create,1444210432,147649150848,18
app,1234525696,148883729219,18
user_create,1234525696,148883729219,18
app,1336629760,150220412015,18
user_create,1336629760,150220412015,18
app,1037046528,151257511854,18
user_create,1037046528,151257511854,18
app,1431684864,152689249753,18
user_create,1431684864,152689249753,18
app,1174222336,153863525629,18
user_create,1174222336,153863525629,18
app,1395966976,155259546041,18
user_create,1395966976,155259546041,18
app,1336367360,156595965862,18
user_create,1336367360,156595965862,18
app,916971264,157512989759,18
user_create,916971264,157512989759,18
app,1176456960,158689499616,18
user_create,1176456960,158689499616,18
app,1128334592,159817887544,18
user_create,1128334592,159817887544,18
app,1067999744,160885939836,18
user_create,1067999744,160885939836,18
app,1344532224,162230524539,18
user_create,1344532224,162230524539,18
app,1384685056,163615261793,18
user_create,1384685056,163615261793,18
app,1382782464,164998097181,18
user_create,1382782464,164998097181,18
app,1381810944,166379960298,18
user_create,1381810944,166379960298,18
app,1148640512,167528653860,18
user_create,1148640512,167528653860,18
app,1323907072,168852614164,18
user_create,1323907072,168852614164,18
app,1296413696,170149080753,18
user_create,1296413696,170149080753,18
app,1198871808,171348006010,18
user_create,1198871808,171348006010,18
app,1233872128,172581930875,18
user_create,1233872128,172581930875,18
app,951931392,173533915042,18
user_create,951931392,173533915042,18
app,1068293888,174602262258,18
user_create,1068293888,174602262258,18
app,1164626432,175766940832,18
user_create,1164626432,175766940832,18
app,930183936,176697177886,18
user_create,930183936,176697177886,18
app,1216820736,177914050579,18
user_create,1216820736,177914050579,18
app,952044032,178866146802,18
user_create,952044032,178866146802,18
app,918462720,179784662246,18
user_create,918462720,179784662246,18
app,1128750848,180913465976,18
user_create,1128750848,180913465976,18
app,968297472,181881816864,18
user_create,968297472,181881816864,18
app,1176429568,183058298826,18
user_create,1176429568,183058298826,18
app,1166041856,184224393844,18
user_create,1166041856,184224393844,18
app,1429905664,185654351472,18
user_create,1429905664,185654351472,18
app,1175648512,186830053091,18
user_create,1175648512,186830053091,18
app,842589952,187672696352,18
user_create,842589952,187672696352,18
app,990741248,188663503170,18
user_create,990741248,188663503170,18
app,1224471808,189888028860,18
user_create,1224471808,189888028860,18
app,999786752,190887869119,18
user_create,999786752,190887869119,18
app,1272213248,192160135269,18
user_create,1272213248,192160135269,18
app,1264430080,193424618244,18
user_create,1264430080,193424618244,18
app,1147875072,194572546005,18
user_create,1147875072,194572546005,18
app,1137786624,195710385322,18
user_create,1137786624,195710385322,18
app,1321658368,197032096147,18
user_create,1321658368,197032096147,18
app,1262497792,198294646739,18
user_create,1262497792,198294646739,18
app,1177135872,199471835374,18
user_create,1177135872,199471835374,18
app,1100175616,200572063207,18
user_create,1100175616,200572063207,18
app,1137816576,201709932088,18
user_create,1137816576,201709932088,18
app,1284772096,202994757175,18
user_create,1284772096,202994757175,18
app,1196947200,204191756725,18
user_create,1196947200,204191756725,18
app,1175318016,205367128133,18
user_create,1175318016,205367128133,18
app,1076061440,206443243026,18
user_create,1076061440,206443243026,18
app,952500736,207395797014,18
user_create,952500736,207395797014,18
app,1006322432,208402172327,18
user_create,1006322432,208402172327,18
app,803820032,209206045150,18
user_create,803820032,209206045150,18
app,930329088,210136426687,18
user_create,930329088,210136426687,18
app,1444240128,211580719470,18
user_create,1444240128,211580719470,18
app,1113751552,212694523334,18
user_create,1113751552,212694523334,18
app,1166062336,213860638618,18
user_create,1166062336,213860638618,18
app,951674880,214812366247,18
user_create,951674880,214812366247,18
app,1040191488,215852610826,18
user_create,1040191488,215852610826,18
app,1088677120,216941339969,18
user_create,1088677120,216941339969,18
app,1188258816,218129651546,18
user_create,1188258816,218129651546,18
app,1068420096,219198124408,18
user_create,1068420096,219198124408,18
app,1156351232,220354528427,18
user_create,1156351232,220354528427,18
app,1100331520,221454913139,18
user_create,1100331520,221454913139,18
app,842463232,222297429800,18
user_create,842463232,222297429800,18
app,1188294912,223485777139,18
user_create,1188294912,223485777139,18
app,952244480,224438074588,18
user_create,952244480,224438074588,18
app,1226833664,225664961099,18
user_create,1226833664,225664961099,18
app,1005681152,226670694828,18
user_create,1005681152,226670694828,18
app,1100654080,227771401643,18
user_create,1100654080,227771401643,18
app,1006149376,228777604103,18
user_create,1006149376,228777604103,18
app,1107127808,229884785175,18
user_create,1107127808,229884785175,18
app,1392464896,231277303218,18
user_create,1392464896,231277303218,18
app,1587505664,232864861726,18
user_create,1587505664,232864861726,18
app,1018735872,233883650302,18
user_create,1018735872,233883650302,18
app,1321620224,235205323219,18
user_create,1321620224,235205323219,18
app,1430600448,236635976791,18
user_create,1430600448,236635976791,18
app,1383445504,238019475698,18
user_create,1383445504,238019475698,18
app,1065165824,239084694862,18
user_create,1065165824,239084694862,18
app,967543296,240052291393,18
user_create,967543296,240052291393,18
app,1066345984,241118690252,18
user_create,1066345984,241118690252,18
app,1176250112,242294992923,18
user_create,1176250112,242294992923,18
app,1056610048,243351655483,18
user_create,1056610048,243351655483,18
app,1325892352,244677614688,18
user_create,1325892352,244677614688,18
app,1056390400,245734058856,18
user_create,1056390400,245734058856,18
app,955773952,246689886331,18
user_create,955773952,246689886331,18
app,952239104,247642178058,18
user_create,952239104,247642178058,18
app,1114022656,248756253242,18
user_create,1114022656,248756253242,18
app,1383657216,250139964580,18
user_create,1383657216,250139964580,18
#end,250,139974,18
