#start,0,0
app,790871808,30758831024,28
user_create,790871808,30758831024,28
app,757160192,31516045331,28
user_create,757160192,31516045331,28
app,1024393984,32540491819,28
user_create,1024393984,32540491819,28
app,1025061120,33565605878,28
user_create,1025061120,33565605878,28
app,745190144,34310848236,28
user_create,745190144,34310848236,28
app,1024609280,35335510015,28
user_create,1024609280,35335510015,28
app,962290688,36297852754,28
user_create,962290688,36297852754,28
app,1038387456,37336292743,28
user_create,1038387456,37336292743,28
app,939757312,38276102542,28
user_create,939757312,38276102542,28
app,875936768,39152091264,28
user_create,875936768,39152091264,28
app,1030399232,40182542562,28
user_create,1030399232,40182542562,28
app,790257152,40972851991,28
user_create,790257152,40972851991,28
app,845878272,41818781375,28
user_create,845878272,41818781375,28
app,719392000,42538227081,28
user_create,719392000,42538227081,28
app,884455936,43422736883,28
user_create,884455936,43422736883,28
app,768562432,44191353082,28
user_create,768562432,44191353082,28
app,717945600,44909350872,28
user_create,717945600,44909350872,28
app,967389184,45876793146,28
user_create,967389184,45876793146,28
app,857353216,46734198570,28
user_create,857353216,46734198570,28
app,832942080,47567193746,28
user_create,832942080,47567193746,28
app,854733056,48421979188,28
user_create,854733056,48421979188,28
app,1024514560,49446546077,28
user_create,1024514560,49446546077,28
app,689780480,50136382341,28
user_create,689780480,50136382341,28
app,1004545536,51140980005,28
user_create,1004545536,51140980005,28
app,862797312,52003829717,28
user_create,862797312,52003829717,28
app,1047288576,53051170110,28
user_create,1047288576,53051170110,28
app,816453632,53867677450,28
user_create,816453632,53867677450,28
app,855688704,54723419189,28
user_create,855688704,54723419189,28
app,1100331776,55823803186,28
user_create,1100331776,55823803186,28
app,1195168512,57019023418,28
user_create,1195168512,57019023418,28
app,961267200,57980343341,28
user_create,961267200,57980343341,28
app,828423680,58808819770,28
user_create,828423680,58808819770,28
app,880244480,59689116239,28
user_create,880244480,59689116239,28
app,1003624192,60692794084,28
user_create,1003624192,60692794084,28
app,720240896,61413089990,28
user_create,720240896,61413089990,28
app,855804416,62268946886,28
user_create,855804416,62268946886,28
app,883895040,63152894973,28
user_create,883895040,63152894973,28
app,1024629504,64177577495,28
user_create,1024629504,64177577495,28
app,797299968,64974929809,28
user_create,797299968,64974929809,28
app,1024760832,65999757051,28
user_create,1024760832,65999757051,28
app,1029569536,67029379129,28
user_create,1029569536,67029379129,28
app,787364352,67816795349,28
user_create,787364352,67816795349,28
app,710590976,68527439117,28
user_create,710590976,68527439117,28
app,749260288,69276750802,28
user_create,749260288,69276750802,28
app,934625536,70211428642,28
user_create,934625536,70211428642,28
app,768833792,70980314016,28
user_create,768833792,70980314016,28
app,1098563840,72078930139,28
user_create,1098563840,72078930139,28
app,729304576,72808286666,28
user_create,729304576,72808286666,28
app,858556416,73666895151,28
user_create,858556416,73666895151,28
app,734704128,74401651382,28
user_create,734704128,74401651382,28
app,886274304,75287978410,28
user_create,886274304,75287978410,28
app,827099392,76115131855,28
user_create,827099392,76115131855,28
app,867132672,76982316970,28
user_create,867132672,76982316970,28
app,735581696,77717952013,28
user_create,735581696,77717952013,28
app,719795712,78437802314,28
user_create,719795712,78437802314,28
app,747808256,79185662746,28
user_create,747808256,79185662746,28
app,832979712,80018695116,28
user_create,832979712,80018695116,28
app,807986432,80826734304,28
user_create,807986432,80826734304,28
app,858311424,81685098171,28
user_create,858311424,81685098171,28
app,788569088,82473719358,28
user_create,788569088,82473719358,28
app,762426880,83236197233,28
user_create,762426880,83236197233,28
app,882664192,84118913412,28
user_create,882664192,84118913412,28
app,1035499008,85154466629,28
user_create,1035499008,85154466629,28
app,954193920,86108715534,28
user_create,954193920,86108715534,28
app,885006336,86993775129,28
user_create,885006336,86993775129,28
app,843176960,87837003707,28
user_create,843176960,87837003707,28
app,1025644544,88862699985,28
user_create,1025644544,88862699985,28
app,860263424,89723016977,28
user_create,860263424,89723016977,28
app,716721920,90439804553,28
user_create,716721920,90439804553,28
app,860529152,91300386667,28
user_create,860529152,91300386667,28
app,758255616,92058694839,28
user_create,758255616,92058694839,28
app,968489472,93027236938,28
user_create,968489472,93027236938,28
app,787026176,93814316034,28
user_create,787026176,93814316034,28
app,707549952,94521918535,28
user_create,707549952,94521918535,28
app,1025751552,95547722816,28
user_create,1025751552,95547722816,28
app,883204352,96430978536,28
user_create,883204352,96430978536,28
app,853760000,97284791469,28
user_create,853760000,97284791469,28
app,1031177984,98316020965,28
user_create,1031177984,98316020965,28
app,890974720,99207047462,28
user_create,890974720,99207047462,28
app,1213506048,100420605421,28
user_create,1213506048,100420605421,28
app,745200896,101165858745,28
user_create,745200896,101165858745,28
app,931698944,102097609996,28
user_create,931698944,102097609996,28
app,1024238592,103121900081,28
user_create,1024238592,103121900081,28
app,755576576,103877529144,28
user_create,755576576,103877529144,28
app,1024675328,104902257680,28
user_create,1024675328,104902257680,28
app,756091136,105658402681,28
user_create,756091136,105658402681,28
app,855328768,106513785839,28
user_create,855328768,106513785839,28
app,951509504,107465348482,28
user_create,951509504,107465348482,28
app,1023764736,108489165782,28
user_create,1023764736,108489165782,28
app,851091712,109340323209,28
user_create,851091712,109340323209,28
app,872369664,110212745428,28
user_create,872369664,110212745428,28
app,862667520,111075465440,28
user_create,862667520,111075465440,28
app,837633792,111913152217,28
user_create,837633792,111913152217,28
app,882930944,112796136379,28
user_create,882930944,112796136379,28
app,1167524608,113963712215,28
user_create,1167524608,113963712215,28
app,854857984,114818652629,28
user_create,854857984,114818652629,28
app,930516736,115749222278,28
user_create,930516736,115749222278,28
app,1048805376,116798080682,28
user_create,1048805376,116798080682,28
app,865769728,117663902521,28
user_create,865769728,117663902521,28
app,737920000,118401874542,28
user_create,737920000,118401874542,28
app,863753728,119265681982,28
user_create,863753728,119265681982,28
app,931486976,120197220802,28
user_create,931486976,120197220802,28
app,1025716736,121222990274,28
user_create,1025716736,121222990274,28
app,790141696,122013185024,28
user_create,790141696,122013185024,28
app,1024361984,123037599563,28
user_create,1024361984,123037599563,28
app,814975232,123852627277,28
user_create,814975232,123852627277,28
app,1000466176,124853145837,28
user_create,1000466176,124853145837,28
app,960448256,125813647270,28
user_create,960448256,125813647270,28
app,1047621888,126861321210,28
user_create,1047621888,126861321210,28
app,887611392,127748988389,28
user_create,887611392,127748988389,28
app,1029836032,128778877973,28
user_create,1029836032,128778877973,28
app,854898944,129633829116,28
user_create,854898944,129633829116,28
app,799411712,130433294773,28
user_create,799411712,130433294773,28
app,960131840,131393479108,28
user_create,960131840,131393479108,28
app,882918144,132276450872,28
user_create,882918144,132276450872,28
app,1100443136,133376956462,28
user_create,1100443136,133376956462,28
app,707573760,134084587335,28
user_create,707573760,134084587335,28
app,926909696,135011549234,28
user_create,926909696,135011549234,28
app,960181504,135971782684,28
user_create,960181504,135971782684,28
app,855472384,136827307939,28
user_create,855472384,136827307939,28
app,708404992,137535764932,28
user_create,708404992,137535764932,28
app,963184640,138499002218,28
user_create,963184640,138499002218,28
app,710946304,139210001707,28
user_create,710946304,139210001707,28
app,933821952,140143875598,28
user_create,933821952,140143875598,28
app,963508992,141107436656,28
user_create,963508992,141107436656,28
app,717862912,141825351715,28
user_create,717862912,141825351715,28
app,855099392,142680503606,28
user_create,855099392,142680503606,28
app,812531456,143493086099,28
user_create,812531456,143493086099,28
app,835480320,144328619956,28
user_create,835480320,144328619956,28
app,884755712,145213427782,28
user_create,884755712,145213427782,28
app,944159488,146157639503,28
user_create,944159488,146157639503,28
app,747594496,146905285835,28
user_create,747594496,146905285835,28
app,791657216,147696997404,28
user_create,791657216,147696997404,28
app,746366464,148443416118,28
user_create,746366464,148443416118,28
app,1074311680,149517779111,28
user_create,1074311680,149517779111,28
app,721447680,150239279270,28
user_create,721447680,150239279270,28
app,883118080,151122450113,28
user_create,883118080,151122450113,28
app,962404096,152084906101,28
user_create,962404096,152084906101,28
app,1024686848,153109645843,28
user_create,1024686848,153109645843,28
app,790148608,153899860382,28
user_create,790148608,153899860382,28
app,855899904,154755813598,28
user_create,855899904,154755813598,28
app,860757760,155616623640,28
user_create,860757760,155616623640,28
app,741584128,156358259677,28
user_create,741584128,156358259677,28
app,791320832,157149632692,28
user_create,791320832,157149632692,28
app,759313664,157908998012,28
user_create,759313664,157908998012,28
app,888351744,158797403097,28
user_create,888351744,158797403097,28
app,787272960,159584728002,28
user_create,787272960,159584728002,28
app,790878464,160375658273,28
user_create,790878464,160375658273,28
app,1024994048,161400704145,28
user_create,1024994048,161400704145,28
app,1025044480,162425806283,28
user_create,1025044480,162425806283,28
app,935154176,163361015796,28
user_create,935154176,163361015796,28
app,856875520,164217943668,28
user_create,856875520,164217943668,28
app,911496448,165129492521,28
user_create,911496448,165129492521,28
app,1030137344,166159686088,28
user_create,1030137344,166159686088,28
app,731234816,166890977144,28
user_create,731234816,166890977144,28
app,789717760,167680747270,28
user_create,789717760,167680747270,28
app,1086200832,168766999959,28
user_create,1086200832,168766999959,28
app,763554304,169530606031,28
user_create,763554304,169530606031,28
app,749848832,170280542612,28
user_create,749848832,170280542612,28
app,874994432,171155589103,28
user_create,874994432,171155589103,28
app,1100428288,172256071329,28
user_create,1100428288,172256071329,28
app,855254784,173111382007,28
user_create,855254784,173111382007,28
app,790537728,173901972532,28
user_create,790537728,173901972532,28
app,995761920,174897786140,28
user_create,995761920,174897786140,28
app,861119744,175758959770,28
user_create,861119744,175758959770,28
app,679197952,176438210010,28
user_create,679197952,176438210010,28
app,885826816,177324089527,28
user_create,885826816,177324089527,28
app,856381440,178180523633,28
user_create,856381440,178180523633,28
app,718875392,178899451494,28
user_create,718875392,178899451494,28
app,1348027648,180247531414,28
user_create,1348027648,180247531414,28
app,853519360,181101102828,28
user_create,853519360,181101102828,28
app,807845888,181909001350,28
user_create,807845888,181909001350,28
app,748507392,182657564878,28
user_create,748507392,182657564878,28
app,855164672,183512782812,28
user_create,855164672,183512782812,28
app,821178880,184334014892,28
user_create,821178880,184334014892,28
app,797859840,185131927251,28
user_create,797859840,185131927251,28
app,1002827776,186134807586,28
user_create,1002827776,186134807586,28
app,964045568,187098908424,28
user_create,964045568,187098908424,28
app,886045952,187985007286,28
user_create,886045952,187985007286,28
app,854172160,188839232921,28
user_create,854172160,188839232921,28
app,750552576,189589849472,28
user_create,750552576,189589849472,28
app,710033920,190299939870,28
user_create,710033920,190299939870,28
app,1027307264,191327299356,28
user_create,1027307264,191327299356,28
app,926134016,192253485679,28
user_create,926134016,192253485679,28
app,1100934400,193354472398,28
user_create,1100934400,193354472398,28
app,760867072,194115392208,28
user_create,760867072,194115392208,28
app,1025034752,195140479087,28
user_create,1025034752,195140479087,28
app,1404769024,196545300483,28
user_create,1404769024,196545300483,28
app,1026338816,197571692228,28
user_create,1026338816,197571692228,28
app,717623040,198289381265,28
user_create,717623040,198289381265,28
app,963153664,199252588033,28
user_create,963153664,199252588033,28
app,856222208,200108862876,28
user_create,856222208,200108862876,28
app,740314368,200849230051,28
user_create,740314368,200849230051,28
app,962160896,201811443090,28
user_create,962160896,201811443090,28
app,822300672,202633795976,28
user_create,822300672,202633795976,28
app,1025170944,203659021615,28
user_create,1025170944,203659021615,28
app,1025319936,204684393882,28
user_create,1025319936,204684393882,28
app,763788800,205448235273,28
user_create,763788800,205448235273,28
app,1004017920,206452305078,28
user_create,1004017920,206452305078,28
app,938026752,207390383720,28
user_create,938026752,207390383720,28
app,890526208,208280963182,28
user_create,890526208,208280963182,28
app,883123968,209164140224,28
user_create,883123968,209164140224,28
app,959256576,210123449325,28
user_create,959256576,210123449325,28
app,982785536,211106288433,28
user_create,982785536,211106288433,28
app,1230852352,212337192296,28
user_create,1230852352,212337192296,28
app,788255232,213125499248,28
user_create,788255232,213125499248,28
app,867526656,213993078470,28
user_create,867526656,213993078470,28
app,1030874112,215024006128,28
user_create,1030874112,215024006128,28
app,1024914688,216048973798,28
user_create,1024914688,216048973798,28
app,842190336,216891218662,28
user_create,842190336,216891218662,28
app,963631104,217854908943,28
user_create,963631104,217854908943,28
app,717204224,218572173118,28
user_create,717204224,218572173118,28
app,935864064,219508091449,28
user_create,935864064,219508091449,28
app,790691072,220298834323,28
user_create,790691072,220298834323,28
app,891020032,221189906358,28
user_create,891020032,221189906358,28
app,903959040,222093918800,28
user_create,903959040,222093918800,28
app,963765504,223057736396,28
user_create,963765504,223057736396,28
app,924758528,223982546091,28
user_create,924758528,223982546091,28
app,861976064,224844574689,28
user_create,861976064,224844574689,28
app,1024841472,225869468688,28
user_create,1024841472,225869468688,28
app,752908288,226622429609,28
user_create,752908288,226622429609,28
app,954220544,227576704025,28
user_create,954220544,227576704025,28
app,848243200,228424999713,28
user_create,848243200,228424999713,28
app,1051705856,229476759195,28
user_create,1051705856,229476759195,28
app,810442752,230287254571,28
user_create,810442752,230287254571,28
app,828074240,231115381002,28
user_create,828074240,231115381002,28
app,1025140480,232140574693,28
user_create,1025140480,232140574693,28
app,718350336,232858977794,28
user_create,718350336,232858977794,28
app,812337664,233671367406,28
user_create,812337664,233671367406,28
app,831465216,234502884864,28
user_create,831465216,234502884864,28
app,963520768,235466458082,28
user_create,963520768,235466458082,28
app,889159936,236355670928,28
user_create,889159936,236355670928,28
app,716701184,237072424173,28
user_create,716701184,237072424173,28
app,897169408,237969645500,28
user_create,897169408,237969645500,28
app,805592832,238775291204,28
user_create,805592832,238775291204,28
app,1021157632,239796500444,28
user_create,1021157632,239796500444,28
app,857614080,240654166936,28
user_create,857614080,240654166936,28
app,863547648,241517768383,28
user_create,863547648,241517768383,28
app,1028282368,242546103715,28
user_create,1028282368,242546103715,28
app,867744256,243413916587,28
user_create,867744256,243413916587,28
#end,243,413925,28
