20260313-063150-5406 07213 * main            (benchmark.cc:405): Starting benchmark.
20260313-063151-1986 07213 * main            (benchmark.cc:624): Creating a default paritioner!
20260313-063151-1994 07213 * Client          (client.cc:76):     Initializing StrongStore client with id [2]
20260313-063151-2006 07213 * ShardClient     (shardclient.cc:62): success in sending register client: for client id 2 1
20260313-063151-2007 07213 * ShardClient     (shardclient.cc:62): success in sending register client: for client id 2 1
20260313-063151-2008 07213 * ShardClient     (shardclient.cc:62): success in sending register client: for client id 2 1
20260313-063151-2014 07213 * ShardClient     (shardclient.cc:62): success in sending register client: for client id 2 1
20260313-063151-2014 07213 * ShardClient     (shardclient.cc:62): success in sending register client: for client id 2 1
20260313-063151-2015 07213 * ShardClient     (shardclient.cc:62): success in sending register client: for client id 2 1
20260313-063151-2019 07213 * ShardClient     (shardclient.cc:62): success in sending register client: for client id 2 1
20260313-063151-2020 07213 * ShardClient     (shardclient.cc:62): success in sending register client: for client id 2 1
20260313-063151-2020 07213 * ShardClient     (shardclient.cc:62): success in sending register client: for client id 2 1
20260313-063151-2025 07213 * ShardClient     (shardclient.cc:62): success in sending register client: for client id 2 1
20260313-063151-2026 07213 * ShardClient     (shardclient.cc:62): success in sending register client: for client id 2 1
20260313-063151-2026 07213 * ShardClient     (shardclient.cc:62): success in sending register client: for client id 2 1
20260313-063151-2031 07213 * ShardClient     (shardclient.cc:62): success in sending register client: for client id 2 1
20260313-063151-2031 07213 * ShardClient     (shardclient.cc:62): success in sending register client: for client id 2 1
20260313-063151-2032 07213 * ShardClient     (shardclient.cc:62): success in sending register client: for client id 2 1
20260313-063151-2037 07213 * ShardClient     (shardclient.cc:62): success in sending register client: for client id 2 1
20260313-063151-2037 07213 * ShardClient     (shardclient.cc:62): success in sending register client: for client id 2 1
20260313-063151-2038 07213 * ShardClient     (shardclient.cc:62): success in sending register client: for client id 2 1
20260313-063151-2043 07213 * ShardClient     (shardclient.cc:62): success in sending register client: for client id 2 1
20260313-063151-2043 07213 * ShardClient     (shardclient.cc:62): success in sending register client: for client id 2 1
20260313-063151-2043 07213 * ShardClient     (shardclient.cc:62): success in sending register client: for client id 2 1
20260313-063151-2049 07213 * ShardClient     (shardclient.cc:62): success in sending register client: for client id 2 1
20260313-063151-2050 07213 * ShardClient     (shardclient.cc:62): success in sending register client: for client id 2 1
20260313-063151-2050 07213 * ShardClient     (shardclient.cc:62): success in sending register client: for client id 2 1
20260313-063151-2055 07213 * ShardClient     (shardclient.cc:62): success in sending register client: for client id 2 1
20260313-063151-2056 07213 * ShardClient     (shardclient.cc:62): success in sending register client: for client id 2 1
20260313-063151-2056 07213 * ShardClient     (shardclient.cc:62): success in sending register client: for client id 2 1
20260313-063151-2061 07213 * ShardClient     (shardclient.cc:62): success in sending register client: for client id 2 1
20260313-063151-2061 07213 * ShardClient     (shardclient.cc:62): success in sending register client: for client id 2 1
20260313-063151-2062 07213 * ShardClient     (shardclient.cc:62): success in sending register client: for client id 2 1
20260313-063151-2062 07213 * BenchmarkClient (bench_client.cc:83): starting benchclient, issueConcurrent: 0; fanout: 4
Session created: 0
last_service: , current_state: 0
Session continued: 0
last_service: , current_state: 0
Session destroyed: 18446744073709551615
last_service: , current_state: 0
20260313-063151-2461 07213 * ExecuteNextAppRequestOperation (bench_client.cc:407): Sending op with proto 2 and index 0
20260313-063151-8066 07213 * ExecuteNextAppRequestOperation (bench_client.cc:407): Sending op with proto 2 and index 0
20260313-063152-2086 07213 * ExecuteNextAppRequestOperation (bench_client.cc:407): Sending op with proto 2 and index 0
20260313-063152-6106 07213 * GetNextOperation (app_request.cc:76): AppRequest batch composition: fanout=4 reads=2 writes=2
20260313-063152-6107 07213 * ExecuteNextAppRequestOperation (bench_client.cc:407): Sending op with proto 2 and index 0
20260313-063153-0143 07213 * ExecuteNextAppRequestOperation (bench_client.cc:407): Sending op with proto 2 and index 0
20260313-063153-4164 07213 * ExecuteNextAppRequestOperation (bench_client.cc:407): Sending op with proto 2 and index 0
20260313-063153-8185 07213 * ExecuteNextAppRequestOperation (bench_client.cc:407): Sending op with proto 2 and index 0
20260313-063154-2204 07213 * GetNextOperation (app_request.cc:76): AppRequest batch composition: fanout=4 reads=4 writes=0
20260313-063154-2205 07213 * ExecuteNextAppRequestOperation (bench_client.cc:407): Sending op with proto 2 and index 0
20260313-063154-6224 07213 * ExecuteNextAppRequestOperation (bench_client.cc:407): Sending op with proto 2 and index 0
20260313-063155-0241 07213 * ExecuteNextAppRequestOperation (bench_client.cc:407): Sending op with proto 2 and index 0
20260313-063155-2461 07213 * WarmupDone      (bench_client.cc:727): Completed warmup period of 4 seconds with 2 requests
20260313-063155-4263 07213 * ExecuteNextAppRequestOperation (bench_client.cc:407): Sending op with proto 2 and index 0
20260313-063155-8283 07213 * GetNextOperation (app_request.cc:76): AppRequest batch composition: fanout=4 reads=3 writes=1
20260313-063155-8284 07213 * ExecuteNextAppRequestOperation (bench_client.cc:407): Sending op with proto 2 and index 0
20260313-063156-2312 07213 * ExecuteNextAppRequestOperation (bench_client.cc:407): Sending op with proto 2 and index 0
20260313-063156-6333 07213 * ExecuteNextAppRequestOperation (bench_client.cc:407): Sending op with proto 2 and index 0
20260313-063157-0351 07213 * ExecuteNextAppRequestOperation (bench_client.cc:407): Sending op with proto 2 and index 0
20260313-063157-4371 07213 * GetNextOperation (app_request.cc:76): AppRequest batch composition: fanout=4 reads=1 writes=3
20260313-063157-4372 07213 * ExecuteNextAppRequestOperation (bench_client.cc:407): Sending op with proto 2 and index 0
20260313-063157-8400 07213 * ExecuteNextAppRequestOperation (bench_client.cc:407): Sending op with proto 2 and index 0
20260313-063158-2420 07213 * ExecuteNextAppRequestOperation (bench_client.cc:407): Sending op with proto 2 and index 0
20260313-063158-6439 07213 * ExecuteNextAppRequestOperation (bench_client.cc:407): Sending op with proto 2 and index 0
20260313-063159-0458 07213 * GetNextOperation (app_request.cc:76): AppRequest batch composition: fanout=4 reads=3 writes=1
20260313-063159-0458 07213 * ExecuteNextAppRequestOperation (bench_client.cc:407): Sending op with proto 2 and index 0
20260313-063159-4484 07213 * ExecuteNextAppRequestOperation (bench_client.cc:407): Sending op with proto 2 and index 0
20260313-063159-8506 07213 * ExecuteNextAppRequestOperation (bench_client.cc:407): Sending op with proto 2 and index 0
20260313-063200-2527 07213 * ExecuteNextAppRequestOperation (bench_client.cc:407): Sending op with proto 2 and index 0
20260313-063200-6548 07213 * GetNextOperation (app_request.cc:76): AppRequest batch composition: fanout=4 reads=3 writes=1
20260313-063200-6548 07213 * ExecuteNextAppRequestOperation (bench_client.cc:407): Sending op with proto 2 and index 0
20260313-063201-0576 07213 * ExecuteNextAppRequestOperation (bench_client.cc:407): Sending op with proto 2 and index 0
20260313-063201-4593 07213 * ExecuteNextAppRequestOperation (bench_client.cc:407): Sending op with proto 2 and index 0
20260313-063201-8614 07213 * ExecuteNextAppRequestOperation (bench_client.cc:407): Sending op with proto 2 and index 0
20260313-063202-2635 07213 * GetNextOperation (app_request.cc:76): AppRequest batch composition: fanout=4 reads=1 writes=3
20260313-063202-2635 07213 * ExecuteNextAppRequestOperation (bench_client.cc:407): Sending op with proto 2 and index 0
20260313-063202-6660 07213 * ExecuteNextAppRequestOperation (bench_client.cc:407): Sending op with proto 2 and index 0
20260313-063203-0681 07213 * ExecuteNextAppRequestOperation (bench_client.cc:407): Sending op with proto 2 and index 0
20260313-063203-4700 07213 * ExecuteNextAppRequestOperation (bench_client.cc:407): Sending op with proto 2 and index 0
20260313-063203-8720 07213 * GetNextOperation (app_request.cc:76): AppRequest batch composition: fanout=4 reads=3 writes=1
20260313-063203-8721 07213 * ExecuteNextAppRequestOperation (bench_client.cc:407): Sending op with proto 2 and index 0
20260313-063204-2751 07213 * ExecuteNextAppRequestOperation (bench_client.cc:407): Sending op with proto 2 and index 0
20260313-063204-6770 07213 * ExecuteNextAppRequestOperation (bench_client.cc:407): Sending op with proto 2 and index 0
20260313-063205-0789 07213 * ExecuteNextAppRequestOperation (bench_client.cc:407): Sending op with proto 2 and index 0
20260313-063205-4809 07213 * GetNextOperation (app_request.cc:76): AppRequest batch composition: fanout=4 reads=4 writes=0
20260313-063205-4810 07213 * ExecuteNextAppRequestOperation (bench_client.cc:407): Sending op with proto 2 and index 0
20260313-063205-8845 07213 * ExecuteNextAppRequestOperation (bench_client.cc:407): Sending op with proto 2 and index 0
20260313-063206-2871 07213 * ExecuteNextAppRequestOperation (bench_client.cc:407): Sending op with proto 2 and index 0
20260313-063206-6891 07213 * ExecuteNextAppRequestOperation (bench_client.cc:407): Sending op with proto 2 and index 0
20260313-063207-0911 07213 * GetNextOperation (app_request.cc:76): AppRequest batch composition: fanout=4 reads=2 writes=2
20260313-063207-0912 07213 * ExecuteNextAppRequestOperation (bench_client.cc:407): Sending op with proto 2 and index 0
20260313-063207-4937 07213 * ExecuteNextAppRequestOperation (bench_client.cc:407): Sending op with proto 2 and index 0
20260313-063207-8957 07213 * ExecuteNextAppRequestOperation (bench_client.cc:407): Sending op with proto 2 and index 0
20260313-063208-2978 07213 * ExecuteNextAppRequestOperation (bench_client.cc:407): Sending op with proto 2 and index 0
20260313-063208-7001 07213 * GetNextOperation (app_request.cc:76): AppRequest batch composition: fanout=4 reads=2 writes=2
20260313-063208-7002 07213 * ExecuteNextAppRequestOperation (bench_client.cc:407): Sending op with proto 2 and index 0
20260313-063209-1035 07213 * ExecuteNextAppRequestOperation (bench_client.cc:407): Sending op with proto 2 and index 0
20260313-063209-5054 07213 * ExecuteNextAppRequestOperation (bench_client.cc:407): Sending op with proto 2 and index 0
20260313-063209-9072 07213 * ExecuteNextAppRequestOperation (bench_client.cc:407): Sending op with proto 2 and index 0
20260313-063210-3090 07213 * GetNextOperation (app_request.cc:76): AppRequest batch composition: fanout=4 reads=2 writes=2
20260313-063210-3091 07213 * ExecuteNextAppRequestOperation (bench_client.cc:407): Sending op with proto 2 and index 0
20260313-063210-7128 07213 * ExecuteNextAppRequestOperation (bench_client.cc:407): Sending op with proto 2 and index 0
20260313-063211-1147 07213 * ExecuteNextAppRequestOperation (bench_client.cc:407): Sending op with proto 2 and index 0
20260313-063211-5166 07213 * ExecuteNextAppRequestOperation (bench_client.cc:407): Sending op with proto 2 and index 0
20260313-063211-9187 07213 * GetNextOperation (app_request.cc:76): AppRequest batch composition: fanout=4 reads=2 writes=2
20260313-063211-9188 07213 * ExecuteNextAppRequestOperation (bench_client.cc:407): Sending op with proto 2 and index 0
20260313-063212-3211 07213 * ExecuteNextAppRequestOperation (bench_client.cc:407): Sending op with proto 2 and index 0
20260313-063212-7230 07213 * ExecuteNextAppRequestOperation (bench_client.cc:407): Sending op with proto 2 and index 0
20260313-063213-1250 07213 * ExecuteNextAppRequestOperation (bench_client.cc:407): Sending op with proto 2 and index 0
20260313-063213-5270 07213 * GetNextOperation (app_request.cc:76): AppRequest batch composition: fanout=4 reads=3 writes=1
20260313-063213-5271 07213 * ExecuteNextAppRequestOperation (bench_client.cc:407): Sending op with proto 2 and index 0
20260313-063213-9309 07213 * ExecuteNextAppRequestOperation (bench_client.cc:407): Sending op with proto 2 and index 0
20260313-063214-3327 07213 * ExecuteNextAppRequestOperation (bench_client.cc:407): Sending op with proto 2 and index 0
20260313-063214-7348 07213 * ExecuteNextAppRequestOperation (bench_client.cc:407): Sending op with proto 2 and index 0
20260313-063215-1367 07213 * GetNextOperation (app_request.cc:76): AppRequest batch composition: fanout=4 reads=3 writes=1
20260313-063215-1368 07213 * ExecuteNextAppRequestOperation (bench_client.cc:407): Sending op with proto 2 and index 0
20260313-063215-5398 07213 * ExecuteNextAppRequestOperation (bench_client.cc:407): Sending op with proto 2 and index 0
20260313-063215-9418 07213 * ExecuteNextAppRequestOperation (bench_client.cc:407): Sending op with proto 2 and index 0
20260313-063216-3438 07213 * ExecuteNextAppRequestOperation (bench_client.cc:407): Sending op with proto 2 and index 0
20260313-063216-7458 07213 * GetNextOperation (app_request.cc:76): AppRequest batch composition: fanout=4 reads=2 writes=2
20260313-063216-7459 07213 * ExecuteNextAppRequestOperation (bench_client.cc:407): Sending op with proto 2 and index 0
20260313-063217-1496 07213 * ExecuteNextAppRequestOperation (bench_client.cc:407): Sending op with proto 2 and index 0
20260313-063217-5517 07213 * ExecuteNextAppRequestOperation (bench_client.cc:407): Sending op with proto 2 and index 0
20260313-063217-9537 07213 * ExecuteNextAppRequestOperation (bench_client.cc:407): Sending op with proto 2 and index 0
20260313-063218-3553 07213 * GetNextOperation (app_request.cc:76): AppRequest batch composition: fanout=4 reads=1 writes=3
20260313-063218-3554 07213 * ExecuteNextAppRequestOperation (bench_client.cc:407): Sending op with proto 2 and index 0
20260313-063218-7575 07213 * Finish          (bench_client.cc:921): Completed 14 requests in 23.1135126 seconds
20260313-063218-7575 07213 * Finish          (bench_client.cc:922): 1 outstanding transactions.
20260313-063218-7594 07213 * ExecuteNextAppRequestOperation (bench_client.cc:407): Sending op with proto 2 and index 0
20260313-063219-1614 07213 * ExecuteNextAppRequestOperation (bench_client.cc:407): Sending op with proto 2 and index 0
20260313-063219-5631 07213 * ExecuteNextAppRequestOperation (bench_client.cc:407): Sending op with proto 2 and index 0
20260313-063219-9652 07213 * GetNextOperation (app_request.cc:76): AppRequest batch composition: fanout=4 reads=3 writes=1
20260313-063219-9653 07213 * ExecuteNextAppRequestOperation (bench_client.cc:407): Sending op with proto 2 and index 0
20260313-063220-2461 07213 * FlushStats      (benchmark.cc:916): Flushing stats to /mnt/extra/experiments/2026-04-13-06-31-21/out/client-1-0-0-stats-0.json.
20260313-063220-2463 07213 * FlushStats      (benchmark.cc:928): All done!
Session continued: 0
last_service: , current_state: 0
Session destroyed: 18446744073709551615
last_service: , current_state: 0
Session continued: 0
last_service: , current_state: 0
Session destroyed: 18446744073709551615
last_service: , current_state: 0
Session destroyed: 0
last_service: , current_state: 0
20260313-063222-7578 07213 * Cleanup         (bench_client.cc:749): Aborting 0 outstanding transactions.
20260313-063222-7579 07213 * CooldownDone    (bench_client.cc:779): Finished cooldown period.
20260313-063222-7579 07213 * CooldownDone    (bench_client.cc:786): Median latency is 1607910989 ns (1607 ms)
20260313-063222-7580 07213 * CooldownDone    (bench_client.cc:795): Average latency is 1607995842 ns (1607 ms)
20260313-063222-7580 07213 * CooldownDone    (bench_client.cc:799): 90th percentile latency is 1608353880 ns (1608 ms)
20260313-063222-7581 07213 * CooldownDone    (bench_client.cc:803): 95th percentile latency is 1608663218 ns (1608 ms)
20260313-063222-7581 07213 * CooldownDone    (bench_client.cc:807): 99th percentile latency is 1608663218 ns (1608 ms)
20260313-063222-7582 07213 * LATENCY total: 1607 ms 1607 ms/1073 ms 1608 ms (15 samples, 24 s total)
20260313-063222-7582 07213 *    1073 ms |         15 | ===============
20260313-063222-7583 07213 * Stop            (tcptransport.cc:605): [TCP SUMMARY] outgoingCreated=30 outgoingClosed=0 incomingCreated=0 incomingClosed=0 outgoingPeak=30 incomingPeak=0
Inserted events:
  0x55ff825a1390 [fd  7] Read Persist Internal
  0x55ff825c0860 [fd  9] Read Persist
  0x55ff825c5060 [fd  10] Read Persist
  0x55ff825c12c0 [fd  11] Read Persist
  0x55ff825bf890 [fd  12] Read Persist
  0x55ff825c2890 [fd  13] Read Persist
  0x55ff825c0120 [fd  14] Read Persist
  0x55ff825c5450 [fd  15] Read Persist
  0x55ff825c42c0 [fd  16] Read Persist
  0x55ff825c4b40 [fd  17] Read Persist
  0x55ff825dd450 [fd  18] Read Persist
  0x55ff825dda80 [fd  19] Read Persist
  0x55ff825de180 [fd  20] Read Persist
  0x55ff825df020 [fd  21] Read Persist
  0x55ff825df840 [fd  22] Read Persist
  0x55ff825e0060 [fd  23] Read Persist
  0x55ff825e0f90 [fd  24] Read Persist
  0x55ff825e17b0 [fd  25] Read Persist
  0x55ff825e2230 [fd  26] Read Persist
  0x55ff825e3160 [fd  27] Read Persist
  0x55ff825e39d0 [fd  28] Read Persist
  0x55ff825e4320 [fd  29] Read Persist
  0x55ff825e54e0 [fd  30] Read Persist
  0x55ff825e5e20 [fd  31] Read Persist
  0x55ff825e6790 [fd  32] Read Persist
  0x55ff825e7b40 [fd  33] Read Persist
  0x55ff825e8460 [fd  34] Read Persist
  0x55ff825e8dd0 [fd  35] Read Persist
  0x55ff825ea010 [fd  36] Read Persist
  0x55ff825ea8f0 [fd  37] Read Persist
  0x55ff825eb260 [fd  38] Read Persist
Active events:
20260313-063222-7589 07213 * main            (benchmark.cc:875): Cleaning up after experiment.
20260313-063222-7589 07213 * FlushStats      (benchmark.cc:916): Flushing stats to /mnt/extra/experiments/2026-04-13-06-31-21/out/client-1-0-0-stats-0.json.
20260313-063222-7591 07213 * FlushStats      (benchmark.cc:928): All done!
