20260313-152157-6264 03156 * main            (server.cc:217):    Starting server.
20260313-152157-6270 03156 * main            (server.cc:335):    Creating a default paritioner!
20260313-152159-3629 03156 * main            (server.cc:513):    Done loading server.
20260313-152259-6208 03156 ! TCPIncomingEventCallback (tcptransport.cc:938): [TCP INCOMING 117] EOF, lifetime=39176.41 ms
20260313-152259-6229 03156 ! TCPIncomingEventCallback (tcptransport.cc:938): [TCP INCOMING 119] EOF, lifetime=39176.98 ms
20260313-152259-6271 03156 ! TCPIncomingEventCallback (tcptransport.cc:938): [TCP INCOMING 122] EOF, lifetime=39172.69 ms
20260313-152259-6273 03156 ! TCPIncomingEventCallback (tcptransport.cc:938): [TCP INCOMING 123] EOF, lifetime=39170.25 ms
20260313-152259-6317 03156 ! TCPIncomingEventCallback (tcptransport.cc:938): [TCP INCOMING 124] EOF, lifetime=39174.37 ms
20260313-152259-6328 03156 ! TCPIncomingEventCallback (tcptransport.cc:938): [TCP INCOMING 121] EOF, lifetime=39178.91 ms
20260313-152259-6358 03156 ! TCPIncomingEventCallback (tcptransport.cc:938): [TCP INCOMING 125] EOF, lifetime=39174.18 ms
20260313-152259-6486 03156 ! TCPIncomingEventCallback (tcptransport.cc:938): [TCP INCOMING 126] EOF, lifetime=39170.76 ms
20260313-152306-2215 03156 * Cleanup         (server.cc:589):    Gracefully exiting after signal 15.
20260313-152306-2216 03156 * Stop            (tcptransport.cc:601): [TCP SUMMARY] outgoingCreated=59 outgoingClosed=0 incomingCreated=67 incomingClosed=8 outgoingPeak=118 incomingPeak=37
Inserted events:
  0x5556f2e60d00 [fd  9] Read Persist Internal
  0x5556f2e68a60 [fd  10] Read Persist
  0x5556f2e73cd0 [fd  11] Read Persist
  0x5556fb7bad60 [fd  12] Read Persist
  0x5556fb7b7b90 [fd  13] Read Persist
  0x5556fb7bbc30 [fd  14] Read Persist
  0x5556fb7b10f0 [fd  15] Read Persist
  0x5556fb7b1450 [fd  16] Read Persist
  0x5556fb7aff20 [fd  17] Read Persist
  0x5556fb7b0360 [fd  18] Read Persist
  0x5556fb7b0780 [fd  19] Read Persist
  0x5556fb7ca3a0 [fd  20] Read Persist
  0x5556fb7ca720 [fd  21] Read Persist
  0x5556fb7cab30 [fd  22] Read Persist
  0x5556fb7caf40 [fd  23] Read Persist
  0x5556fb7cb350 [fd  24] Read Persist
  0x5556fb7cb760 [fd  25] Read Persist
  0x5556fb7cbb70 [fd  26] Read Persist
  0x5556fb7cbf80 [fd  27] Read Persist
  0x5556fb7cc400 [fd  28] Read Persist
  0x5556fb7ccac0 [fd  29] Read Persist
  0x5556fb7cd050 [fd  30] Read Persist
  0x5556fb7cd5e0 [fd  31] Read Persist
  0x5556fb7cdb70 [fd  32] Read Persist
  0x5556fb7ce310 [fd  33] Read Persist
  0x5556fb7ce8a0 [fd  34] Read Persist
  0x5556fb7cee30 [fd  35] Read Persist
  0x5556fb7cf3c0 [fd  36] Read Persist
  0x5556fb7cf950 [fd  37] Read Persist
  0x5556fb7cfee0 [fd  38] Read Persist
  0x5556fb7d0470 [fd  39] Read Persist
  0x5556fb7d0a00 [fd  40] Read Persist
  0x5556fb7d0f90 [fd  41] Read Persist
  0x5556fb7d1520 [fd  42] Read Persist
  0x5556fb7d1ab0 [fd  43] Read Persist
  0x5556fb7d1ed0 [fd  44] Read Persist
  0x5556fb7d20f0 [fd  45] Read Persist
  0x5556fb7d23a0 [fd  46] Read Persist
  0x5556fb7d2740 [fd  47] Read Persist
  0x5556fb7d2ae0 [fd  48] Read Persist
  0x5556fb7d3100 [fd  49] Read Persist
  0x5556fb7d34a0 [fd  50] Read Persist
  0x5556fb7d3840 [fd  51] Read Persist
  0x5556fb7d3be0 [fd  52] Read Persist
  0x5556fb7d3f80 [fd  53] Read Persist
  0x5556fb7d4320 [fd  54] Read Persist
  0x5556fb7d46c0 [fd  55] Read Persist
  0x5556fb7d4a60 [fd  56] Read Persist
  0x5556fb7d4e00 [fd  57] Read Persist
  0x5556fb7d51d0 [fd  58] Read Persist
  0x5556fb7d55a0 [fd  59] Read Persist
  0x5556fb7d5970 [fd  60] Read Persist
  0x5556fb7d5d40 [fd  61] Read Persist
  0x5556fb7d6110 [fd  62] Read Persist
  0x5556fb7d6510 [fd  63] Read Persist
  0x5556fb7d6910 [fd  64] Read Persist
  0x5556f2e70620 [fd  65] Read Persist
  0x5556fb7d71b0 [fd  66] Read Persist
  0x5556fb7d74f0 [fd  67] Read Persist
  0x5556fb7d7830 [fd  68] Read Persist
  0x5556fb7d7b70 [fd  69] Read Persist
  0x5556fb7d7eb0 [fd  70] Read Persist
  0x5556fb7d81f0 [fd  71] Read Persist
  0x5556fb7d8660 [fd  72] Read Persist
  0x5556fb7d8c30 [fd  73] Read Persist
  0x5556fb7d90f0 [fd  74] Read Persist
  0x5556fb7d95b0 [fd  75] Read Persist
  0x5556fb7d9a70 [fd  76] Read Persist
  0x5556fb7d9f30 [fd  77] Read Persist
  0x5556fb7da3f0 [fd  78] Read Persist
  0x5556fb7da8b0 [fd  79] Read Persist
  0x5556fb7dae40 [fd  80] Read Persist
  0x5556fb7db3d0 [fd  81] Read Persist
  0x5556fb7db9c0 [fd  82] Read Persist
  0x5556fb7dbf50 [fd  83] Read Persist
  0x5556fb7dc4e0 [fd  84] Read Persist
  0x5556fb7dca70 [fd  85] Read Persist
  0x5556fb7dd000 [fd  86] Read Persist
  0x5556fb7dd590 [fd  87] Read Persist
  0x5556fb7ddb20 [fd  88] Read Persist
  0x5556fb7de0b0 [fd  89] Read Persist
  0x5556fb7de640 [fd  90] Read Persist
  0x5556fb7df650 [fd  91] Read Persist
  0x5556fb7dfbe0 [fd  92] Read Persist
  0x5556fb7e0170 [fd  93] Read Persist
  0x5556fb7e0700 [fd  94] Read Persist
  0x5556fb7e0c90 [fd  95] Read Persist
  0x5556fb7e1220 [fd  96] Read Persist
  0x5556fb7e17b0 [fd  97] Read Persist
  0x5556fb7e1d40 [fd  98] Read Persist
  0x5556fb7e22d0 [fd  99] Read Persist
  0x5556fb7e26f0 [fd  100] Read Persist
  0x5556fb7e2910 [fd  101] Read Persist
  0x5556fb7e2b30 [fd  102] Read Persist
  0x5556fb7e2ed0 [fd  103] Read Persist
  0x5556fb7e3270 [fd  104] Read Persist
  0x5556fb7e3610 [fd  105] Read Persist
  0x5556fb7e39b0 [fd  106] Read Persist
  0x5556fb7e3d50 [fd  107] Read Persist
  0x5556fb7bd430 [fd  108] Read Persist
  0x5556fb7bee90 [fd  109] Read Persist
  0x5556fb7bde60 [fd  110] Read Persist
  0x5556fb7be2d0 [fd  111] Read Persist
  0x5556fb7be740 [fd  112] Read Persist
  0x5556fb7e4120 [fd  113] Read Persist
  0x5556fb7e4460 [fd  114] Read Persist
  0x5556fb7e47d0 [fd  115] Read Persist
  0x5556fb7e4c70 [fd  116] Read Persist
  0x5556fb7e5110 [fd  117] Read Persist
  0x5556fb7e55b0 [fd  118] Read Persist
  0x5556fb7e5a50 [fd  119] Read Persist
  0x5556fb7e5ef0 [fd  120] Read Persist
  0x5556fb7e6390 [fd  121] Read Persist
  0x5556fb7e6830 [fd  122] Read Persist
  0x5556fb7e6d00 [fd  123] Read Persist
  0x5556fb7e7170 [fd  124] Read Persist
  0x5556fb7e7610 [fd  125] Read Persist
  0x5556fb7e7ab0 [fd  126] Read Persist
  0x5556fb7e7f50 [fd  127] Read Persist
  0x5556fb7e98e0 [fd  129] Read Persist
  0x5556fb7f4560 [fd  131] Read Persist
  0x5556fb7e86c0 [fd  -1] Timeout=1776115386.460674
Active events:
20260313-152306-2241 03156 * Cleanup         (server.cc:593):    Exporting stats to /mnt/extra/experiments/2026-04-13-15-21-49/out/server-0-3-0-stats-0.json.
