20260216-143206-2275 09056 * main            (benchmark.cc:402): Starting benchmark.
20260216-143207-4039 09056 * main            (benchmark.cc:621): Creating a default paritioner!
20260216-143207-4041 09056 * Client          (client.cc:75):     Initializing StrongStore client with id [26]
20260216-143207-4042 09056 * BenchmarkClient (bench_client.cc:81): starting benchclient, issueConcurrent: 0; fanout: 1
Session created: 0
last_service: , current_state: 0
Session continued: 0
last_service: , current_state: 0
Session destroyed: 18446744073709551615
last_service: , current_state: 0
20260216-143212-5029 09056 * WarmupDone      (bench_client.cc:726): Completed warmup period of 5 seconds with 3294 requests
20260216-143223-5033 09056 * Finish          (bench_client.cc:920): Completed 7941 requests in 11.001425 seconds
20260216-143223-5033 09056 * Finish          (bench_client.cc:921): 1 outstanding transactions.
Session continued: 0
last_service: , current_state: 0
Session destroyed: 18446744073709551615
last_service: , current_state: 0
Session continued: 0
last_service: , current_state: 0
Session destroyed: 18446744073709551615
last_service: , current_state: 0
Session destroyed: 0
last_service: , current_state: 0
20260216-143226-5032 09056 * FlushStats      (benchmark.cc:890): Flushing stats to /mnt/extra/experiments/2026-03-16-14-31-42/out/client-0-0-26-stats-0.json.
20260216-143226-5034 09056 * FlushStats      (benchmark.cc:902): All done!
20260216-143228-5035 09056 * Cleanup         (bench_client.cc:748): Aborting 0 outstanding transactions.
20260216-143228-5036 09056 * CooldownDone    (bench_client.cc:778): Finished cooldown period.
20260216-143228-5090 09056 * CooldownDone    (bench_client.cc:785): Median latency is 1374619 ns (1374 us)
20260216-143228-5092 09056 * CooldownDone    (bench_client.cc:794): Average latency is 1347669 ns (1347 us)
20260216-143228-5092 09056 * CooldownDone    (bench_client.cc:798): 90th percentile latency is 1683441 ns (1683 us)
20260216-143228-5093 09056 * CooldownDone    (bench_client.cc:802): 95th percentile latency is 1769202 ns (1769 us)
20260216-143228-5093 09056 * CooldownDone    (bench_client.cc:806): 99th percentile latency is 2086629 ns (2086 us)
20260216-143228-5094 09056 * LATENCY total: 736 us 1347 us/1048 us 30 ms (7942 samples, 10 s total)
20260216-143228-5094 09056 *     524 us |       1763 | ==============
20260216-143228-5094 09056 *    1048 us |       6106 | ==================================================
20260216-143228-5095 09056 *    2097 us |         68 | 
20260216-143228-5095 09056 *    4194 us |          3 | 
20260216-143228-5095 09056 *    8388 us |          1 | 
20260216-143228-5096 09056 *      16 ms |          1 | 
20260216-143228-5191 09056 * Stop            (tcptransport.cc:581): [TCP SUMMARY] outgoingCreated=1 outgoingClosed=0 incomingCreated=0 incomingClosed=0 outgoingPeak=1 incomingPeak=0
Inserted events:
  0x55bb91242f60 [fd  7] Read Persist Internal
  0x55bb91259510 [fd  9] Read Persist
Active events:
20260216-143228-5191 09056 * main            (benchmark.cc:849): Cleaning up after experiment.
20260216-143228-5192 09056 * FlushStats      (benchmark.cc:890): Flushing stats to /mnt/extra/experiments/2026-03-16-14-31-42/out/client-0-0-26-stats-0.json.
20260216-143228-5193 09056 * FlushStats      (benchmark.cc:902): All done!
