20260313-143019-4547 07052 * main            (server.cc:217):    Starting server.
20260313-143019-4559 07052 * main            (server.cc:335):    Creating a default paritioner!
20260313-143021-3643 07052 * main            (server.cc:513):    Done loading server.
[libprotobuf ERROR google/protobuf/message_lite.cc:121] Can't parse message of type "replication.iocl_craq.proto.SuccessorRequestMessage" because it is missing required fields: s, succ_groupidx, succ_replicaidx
[libprotobuf ERROR google/protobuf/message_lite.cc:121] Can't parse message of type "replication.iocl_craq.proto.SuccessorRequestMessage" because it is missing required fields: s, succ_groupidx, succ_replicaidx
[libprotobuf ERROR google/protobuf/message_lite.cc:121] Can't parse message of type "replication.iocl_craq.proto.SuccessorRequestMessage" because it is missing required fields: s, succ_groupidx, succ_replicaidx
[libprotobuf ERROR google/protobuf/message_lite.cc:121] Can't parse message of type "replication.iocl_craq.proto.SuccessorRequestMessage" because it is missing required fields: s, succ_groupidx, succ_replicaidx
[libprotobuf ERROR google/protobuf/message_lite.cc:121] Can't parse message of type "replication.iocl_craq.proto.SuccessorRequestMessage" because it is missing required fields: s, succ_groupidx, succ_replicaidx
[libprotobuf ERROR google/protobuf/message_lite.cc:121] Can't parse message of type "replication.iocl_craq.proto.SuccessorRequestMessage" because it is missing required fields: s, succ_groupidx, succ_replicaidx
[libprotobuf ERROR google/protobuf/message_lite.cc:121] Can't parse message of type "replication.iocl_craq.proto.SuccessorRequestMessage" because it is missing required fields: s, succ_groupidx, succ_replicaidx
[libprotobuf ERROR google/protobuf/message_lite.cc:121] Can't parse message of type "replication.iocl_craq.proto.SuccessorRequestMessage" because it is missing required fields: s, succ_groupidx, succ_replicaidx
[libprotobuf ERROR google/protobuf/message_lite.cc:121] Can't parse message of type "replication.iocl_craq.proto.SuccessorRequestMessage" because it is missing required fields: s, succ_groupidx, succ_replicaidx
[libprotobuf ERROR google/protobuf/message_lite.cc:121] Can't parse message of type "replication.iocl_craq.proto.SuccessorRequestMessage" because it is missing required fields: s, succ_groupidx, succ_replicaidx
[libprotobuf ERROR google/protobuf/message_lite.cc:121] Can't parse message of type "replication.iocl_craq.proto.SuccessorRequestMessage" because it is missing required fields: s, succ_groupidx, succ_replicaidx
[libprotobuf ERROR google/protobuf/message_lite.cc:121] Can't parse message of type "replication.iocl_craq.proto.SuccessorRequestMessage" because it is missing required fields: s, succ_groupidx, succ_replicaidx
[libprotobuf ERROR google/protobuf/message_lite.cc:121] Can't parse message of type "replication.iocl_craq.proto.SuccessorRequestMessage" because it is missing required fields: s, succ_groupidx, succ_replicaidx
[libprotobuf ERROR google/protobuf/message_lite.cc:121] Can't parse message of type "replication.iocl_craq.proto.SuccessorRequestMessage" because it is missing required fields: s, succ_groupidx, succ_replicaidx
[libprotobuf ERROR google/protobuf/message_lite.cc:121] Can't parse message of type "replication.iocl_craq.proto.SuccessorRequestMessage" because it is missing required fields: s, succ_groupidx, succ_replicaidx
[libprotobuf ERROR google/protobuf/message_lite.cc:121] Can't parse message of type "replication.iocl_craq.proto.SuccessorRequestMessage" because it is missing required fields: s, succ_groupidx, succ_replicaidx
[libprotobuf ERROR google/protobuf/message_lite.cc:121] Can't parse message of type "replication.iocl_craq.proto.SuccessorRequestMessage" because it is missing required fields: s, succ_groupidx, succ_replicaidx
[libprotobuf ERROR google/protobuf/message_lite.cc:121] Can't parse message of type "replication.iocl_craq.proto.SuccessorRequestMessage" because it is missing required fields: s, succ_groupidx, succ_replicaidx
[libprotobuf ERROR google/protobuf/message_lite.cc:121] Can't parse message of type "replication.iocl_craq.proto.SuccessorRequestMessage" because it is missing required fields: s, succ_groupidx, succ_replicaidx
[libprotobuf ERROR google/protobuf/message_lite.cc:121] Can't parse message of type "replication.iocl_craq.proto.SuccessorRequestMessage" because it is missing required fields: s, succ_groupidx, succ_replicaidx
[libprotobuf ERROR google/protobuf/message_lite.cc:121] Can't parse message of type "replication.iocl_craq.proto.SuccessorRequestMessage" because it is missing required fields: s, succ_groupidx, succ_replicaidx
[libprotobuf ERROR google/protobuf/message_lite.cc:121] Can't parse message of type "replication.iocl_craq.proto.SuccessorRequestMessage" because it is missing required fields: s, succ_groupidx, succ_replicaidx
[libprotobuf ERROR google/protobuf/message_lite.cc:121] Can't parse message of type "replication.iocl_craq.proto.SuccessorRequestMessage" because it is missing required fields: s, succ_groupidx, succ_replicaidx
[libprotobuf ERROR google/protobuf/message_lite.cc:121] Can't parse message of type "replication.iocl_craq.proto.SuccessorRequestMessage" because it is missing required fields: s, succ_groupidx, succ_replicaidx
[libprotobuf ERROR google/protobuf/message_lite.cc:121] Can't parse message of type "replication.iocl_craq.proto.SuccessorRequestMessage" because it is missing required fields: s, succ_groupidx, succ_replicaidx
[libprotobuf ERROR google/protobuf/message_lite.cc:121] Can't parse message of type "replication.iocl_craq.proto.SuccessorRequestMessage" because it is missing required fields: s, succ_groupidx, succ_replicaidx
[libprotobuf ERROR google/protobuf/message_lite.cc:121] Can't parse message of type "replication.iocl_craq.proto.SuccessorRequestMessage" because it is missing required fields: s, succ_groupidx, succ_replicaidx
20260313-143042-1032 07052 * HandlePrepare   (replica.cc:1116):  [2] Tail batch: size=1 pending_ooo=0 avg_batch_size=1.00 total_ops=1
20260313-143042-2378 07052 * HandlePrepare   (replica.cc:1116):  [2] Tail batch: size=1 pending_ooo=0 avg_batch_size=1.00 total_ops=2
20260313-143042-2382 07052 * HandlePrepare   (replica.cc:1116):  [2] Tail batch: size=1 pending_ooo=0 avg_batch_size=1.00 total_ops=3
20260313-143042-2384 07052 * HandlePrepare   (replica.cc:1116):  [2] Tail batch: size=1 pending_ooo=0 avg_batch_size=1.00 total_ops=4
20260313-143042-2385 07052 * HandlePrepare   (replica.cc:1116):  [2] Tail batch: size=1 pending_ooo=0 avg_batch_size=1.00 total_ops=5
20260313-143042-2686 07052 * HandlePrepare   (replica.cc:1116):  [2] Tail batch: size=1 pending_ooo=0 avg_batch_size=1.00 total_ops=6
20260313-143042-2689 07052 * HandlePrepare   (replica.cc:1116):  [2] Tail batch: size=1 pending_ooo=0 avg_batch_size=1.00 total_ops=7
20260313-143042-2806 07052 * HandlePrepare   (replica.cc:1116):  [2] Tail batch: size=1 pending_ooo=0 avg_batch_size=1.00 total_ops=8
20260313-143042-2809 07052 * HandlePrepare   (replica.cc:1116):  [2] Tail batch: size=1 pending_ooo=0 avg_batch_size=1.00 total_ops=9
20260313-143042-2811 07052 * HandlePrepare   (replica.cc:1116):  [2] Tail batch: size=1 pending_ooo=0 avg_batch_size=1.00 total_ops=10
20260313-143042-2813 07052 * HandlePrepare   (replica.cc:1116):  [2] Tail batch: size=1 pending_ooo=0 avg_batch_size=1.00 total_ops=11
20260313-143042-2814 07052 * HandlePrepare   (replica.cc:1116):  [2] Tail batch: size=1 pending_ooo=0 avg_batch_size=1.00 total_ops=12
20260313-143042-2816 07052 * HandlePrepare   (replica.cc:1116):  [2] Tail batch: size=1 pending_ooo=0 avg_batch_size=1.00 total_ops=13
20260313-143043-9032 07052 * HandlePrepare   (replica.cc:1116):  [2] Tail batch: size=1 pending_ooo=0 avg_batch_size=1.00 total_ops=14
20260313-143043-9035 07052 * HandlePrepare   (replica.cc:1116):  [2] Tail batch: size=1 pending_ooo=0 avg_batch_size=1.00 total_ops=15
20260313-143043-9214 07052 * HandlePrepare   (replica.cc:1116):  [2] Tail batch: size=1 pending_ooo=0 avg_batch_size=1.00 total_ops=16
20260313-143043-9217 07052 * HandlePrepare   (replica.cc:1116):  [2] Tail batch: size=1 pending_ooo=0 avg_batch_size=1.00 total_ops=17
20260313-143043-9531 07052 * HandlePrepare   (replica.cc:1116):  [2] Tail batch: size=1 pending_ooo=0 avg_batch_size=1.00 total_ops=18
20260313-143043-9533 07052 * HandlePrepare   (replica.cc:1116):  [2] Tail batch: size=1 pending_ooo=0 avg_batch_size=1.00 total_ops=19
20260313-143043-9831 07052 * HandlePrepare   (replica.cc:1116):  [2] Tail batch: size=1 pending_ooo=0 avg_batch_size=1.00 total_ops=20
20260313-143043-9834 07052 * HandlePrepare   (replica.cc:1116):  [2] Tail batch: size=1 pending_ooo=0 avg_batch_size=1.00 total_ops=21
20260313-143043-9910 07052 * HandlePrepare   (replica.cc:1116):  [2] Tail batch: size=1 pending_ooo=0 avg_batch_size=1.00 total_ops=22
20260313-143043-9986 07052 * HandlePrepare   (replica.cc:1116):  [2] Tail batch: size=1 pending_ooo=0 avg_batch_size=1.00 total_ops=23
20260313-143044-0317 07052 * HandlePrepare   (replica.cc:1116):  [2] Tail batch: size=1 pending_ooo=0 avg_batch_size=1.00 total_ops=24
20260313-143044-0319 07052 * HandlePrepare   (replica.cc:1116):  [2] Tail batch: size=1 pending_ooo=0 avg_batch_size=1.00 total_ops=25
20260313-143044-1844 07052 * HandlePrepare   (replica.cc:1116):  [2] Tail batch: size=1 pending_ooo=0 avg_batch_size=1.00 total_ops=26
20260313-143044-1847 07052 * HandlePrepare   (replica.cc:1116):  [2] Tail batch: size=1 pending_ooo=0 avg_batch_size=1.00 total_ops=27
20260313-143044-1848 07052 * HandlePrepare   (replica.cc:1116):  [2] Tail batch: size=1 pending_ooo=0 avg_batch_size=1.00 total_ops=28
20260313-143045-4974 07052 * HandlePrepare   (replica.cc:1116):  [2] Tail batch: size=1 pending_ooo=0 avg_batch_size=1.00 total_ops=29
20260313-143045-5067 07052 * HandlePrepare   (replica.cc:1116):  [2] Tail batch: size=1 pending_ooo=0 avg_batch_size=1.00 total_ops=30
20260313-143045-5070 07052 * HandlePrepare   (replica.cc:1116):  [2] Tail batch: size=1 pending_ooo=0 avg_batch_size=1.00 total_ops=31
20260313-143045-5071 07052 * HandlePrepare   (replica.cc:1116):  [2] Tail batch: size=1 pending_ooo=0 avg_batch_size=1.00 total_ops=32
20260313-143045-5181 07052 * HandlePrepare   (replica.cc:1116):  [2] Tail batch: size=1 pending_ooo=0 avg_batch_size=1.00 total_ops=33
20260313-143045-5335 07052 * HandlePrepare   (replica.cc:1116):  [2] Tail batch: size=1 pending_ooo=0 avg_batch_size=1.00 total_ops=34
20260313-143045-6683 07052 * HandlePrepare   (replica.cc:1116):  [2] Tail batch: size=1 pending_ooo=0 avg_batch_size=1.00 total_ops=35
20260313-143045-6685 07052 * HandlePrepare   (replica.cc:1116):  [2] Tail batch: size=1 pending_ooo=0 avg_batch_size=1.00 total_ops=36
20260313-143045-8117 07052 * HandlePrepare   (replica.cc:1116):  [2] Tail batch: size=1 pending_ooo=0 avg_batch_size=1.00 total_ops=37
20260313-143045-9471 07052 * HandlePrepare   (replica.cc:1116):  [2] Tail batch: size=1 pending_ooo=0 avg_batch_size=1.00 total_ops=38
20260313-143046-0984 07052 * HandlePrepare   (replica.cc:1116):  [2] Tail batch: size=1 pending_ooo=0 avg_batch_size=1.00 total_ops=39
20260313-143046-0986 07052 * HandlePrepare   (replica.cc:1116):  [2] Tail batch: size=1 pending_ooo=0 avg_batch_size=1.00 total_ops=40
[libprotobuf ERROR google/protobuf/message_lite.cc:121] Can't parse message of type "replication.iocl_craq.proto.SuccessorRequestMessage" because it is missing required fields: s, succ_groupidx, succ_replicaidx
[libprotobuf ERROR google/protobuf/message_lite.cc:121] Can't parse message of type "replication.iocl_craq.proto.SuccessorRequestMessage" because it is missing required fields: s, succ_groupidx, succ_replicaidx
[libprotobuf ERROR google/protobuf/message_lite.cc:121] Can't parse message of type "replication.iocl_craq.proto.SuccessorRequestMessage" because it is missing required fields: s, succ_groupidx, succ_replicaidx
[libprotobuf ERROR google/protobuf/message_lite.cc:121] Can't parse message of type "replication.iocl_craq.proto.SuccessorRequestMessage" because it is missing required fields: s, succ_groupidx, succ_replicaidx
[libprotobuf ERROR google/protobuf/message_lite.cc:121] Can't parse message of type "replication.iocl_craq.proto.SuccessorRequestMessage" because it is missing required fields: s, succ_groupidx, succ_replicaidx
[libprotobuf ERROR google/protobuf/message_lite.cc:121] Can't parse message of type "replication.iocl_craq.proto.SuccessorRequestMessage" because it is missing required fields: s, succ_groupidx, succ_replicaidx
[libprotobuf ERROR google/protobuf/message_lite.cc:121] Can't parse message of type "replication.iocl_craq.proto.SuccessorRequestMessage" because it is missing required fields: s, succ_groupidx, succ_replicaidx
[libprotobuf ERROR google/protobuf/message_lite.cc:121] Can't parse message of type "replication.iocl_craq.proto.SuccessorRequestMessage" because it is missing required fields: s, succ_groupidx, succ_replicaidx
[libprotobuf ERROR google/protobuf/message_lite.cc:121] Can't parse message of type "replication.iocl_craq.proto.SuccessorRequestMessage" because it is missing required fields: s, succ_groupidx, succ_replicaidx
[libprotobuf ERROR google/protobuf/message_lite.cc:121] Can't parse message of type "replication.iocl_craq.proto.SuccessorRequestMessage" because it is missing required fields: s, succ_groupidx, succ_replicaidx
[libprotobuf ERROR google/protobuf/message_lite.cc:121] Can't parse message of type "replication.iocl_craq.proto.SuccessorRequestMessage" because it is missing required fields: s, succ_groupidx, succ_replicaidx
[libprotobuf ERROR google/protobuf/message_lite.cc:121] Can't parse message of type "replication.iocl_craq.proto.SuccessorRequestMessage" because it is missing required fields: s, succ_groupidx, succ_replicaidx
[libprotobuf ERROR google/protobuf/message_lite.cc:121] Can't parse message of type "replication.iocl_craq.proto.SuccessorRequestMessage" because it is missing required fields: s, succ_groupidx, succ_replicaidx
[libprotobuf ERROR google/protobuf/message_lite.cc:121] Can't parse message of type "replication.iocl_craq.proto.SuccessorRequestMessage" because it is missing required fields: s, succ_groupidx, succ_replicaidx
[libprotobuf ERROR google/protobuf/message_lite.cc:121] Can't parse message of type "replication.iocl_craq.proto.SuccessorRequestMessage" because it is missing required fields: s, succ_groupidx, succ_replicaidx
[libprotobuf ERROR google/protobuf/message_lite.cc:121] Can't parse message of type "replication.iocl_craq.proto.SuccessorRequestMessage" because it is missing required fields: s, succ_groupidx, succ_replicaidx
[libprotobuf ERROR google/protobuf/message_lite.cc:121] Can't parse message of type "replication.iocl_craq.proto.SuccessorRequestMessage" because it is missing required fields: s, succ_groupidx, succ_replicaidx
[libprotobuf ERROR google/protobuf/message_lite.cc:121] Can't parse message of type "replication.iocl_craq.proto.SuccessorRequestMessage" because it is missing required fields: s, succ_groupidx, succ_replicaidx
[libprotobuf ERROR google/protobuf/message_lite.cc:121] Can't parse message of type "replication.iocl_craq.proto.SuccessorRequestMessage" because it is missing required fields: s, succ_groupidx, succ_replicaidx
[libprotobuf ERROR google/protobuf/message_lite.cc:121] Can't parse message of type "replication.iocl_craq.proto.SuccessorRequestMessage" because it is missing required fields: s, succ_groupidx, succ_replicaidx
[libprotobuf ERROR google/protobuf/message_lite.cc:121] Can't parse message of type "replication.iocl_craq.proto.SuccessorRequestMessage" because it is missing required fields: s, succ_groupidx, succ_replicaidx
[libprotobuf ERROR google/protobuf/message_lite.cc:121] Can't parse message of type "replication.iocl_craq.proto.SuccessorRequestMessage" because it is missing required fields: s, succ_groupidx, succ_replicaidx
[libprotobuf ERROR google/protobuf/message_lite.cc:121] Can't parse message of type "replication.iocl_craq.proto.SuccessorRequestMessage" because it is missing required fields: s, succ_groupidx, succ_replicaidx
[libprotobuf ERROR google/protobuf/message_lite.cc:121] Can't parse message of type "replication.iocl_craq.proto.SuccessorRequestMessage" because it is missing required fields: s, succ_groupidx, succ_replicaidx
[libprotobuf ERROR google/protobuf/message_lite.cc:121] Can't parse message of type "replication.iocl_craq.proto.SuccessorRequestMessage" because it is missing required fields: s, succ_groupidx, succ_replicaidx
[libprotobuf ERROR google/protobuf/message_lite.cc:121] Can't parse message of type "replication.iocl_craq.proto.SuccessorRequestMessage" because it is missing required fields: s, succ_groupidx, succ_replicaidx
[libprotobuf ERROR google/protobuf/message_lite.cc:121] Can't parse message of type "replication.iocl_craq.proto.SuccessorRequestMessage" because it is missing required fields: s, succ_groupidx, succ_replicaidx
[libprotobuf ERROR google/protobuf/message_lite.cc:121] Can't parse message of type "replication.iocl_craq.proto.SuccessorRequestMessage" because it is missing required fields: s, succ_groupidx, succ_replicaidx
[libprotobuf ERROR google/protobuf/message_lite.cc:121] Can't parse message of type "replication.iocl_craq.proto.SuccessorRequestMessage" because it is missing required fields: s, succ_groupidx, succ_replicaidx
[libprotobuf ERROR google/protobuf/message_lite.cc:121] Can't parse message of type "replication.iocl_craq.proto.SuccessorRequestMessage" because it is missing required fields: s, succ_groupidx, succ_replicaidx
[libprotobuf ERROR google/protobuf/message_lite.cc:121] Can't parse message of type "replication.iocl_craq.proto.SuccessorRequestMessage" because it is missing required fields: s, succ_groupidx, succ_replicaidx
[libprotobuf ERROR google/protobuf/message_lite.cc:121] Can't parse message of type "replication.iocl_craq.proto.SuccessorRequestMessage" because it is missing required fields: s, succ_groupidx, succ_replicaidx
[libprotobuf ERROR google/protobuf/message_lite.cc:121] Can't parse message of type "replication.iocl_craq.proto.SuccessorRequestMessage" because it is missing required fields: s, succ_groupidx, succ_replicaidx
[libprotobuf ERROR google/protobuf/message_lite.cc:121] Can't parse message of type "replication.iocl_craq.proto.SuccessorRequestMessage" because it is missing required fields: s, succ_groupidx, succ_replicaidx
[libprotobuf ERROR google/protobuf/message_lite.cc:121] Can't parse message of type "replication.iocl_craq.proto.SuccessorRequestMessage" because it is missing required fields: s, succ_groupidx, succ_replicaidx
[libprotobuf ERROR google/protobuf/message_lite.cc:121] Can't parse message of type "replication.iocl_craq.proto.SuccessorRequestMessage" because it is missing required fields: s, succ_groupidx, succ_replicaidx
[libprotobuf ERROR google/protobuf/message_lite.cc:121] Can't parse message of type "replication.iocl_craq.proto.SuccessorRequestMessage" because it is missing required fields: s, succ_groupidx, succ_replicaidx
[libprotobuf ERROR google/protobuf/message_lite.cc:121] Can't parse message of type "replication.iocl_craq.proto.SuccessorRequestMessage" because it is missing required fields: s, succ_groupidx, succ_replicaidx
[libprotobuf ERROR google/protobuf/message_lite.cc:121] Can't parse message of type "replication.iocl_craq.proto.SuccessorRequestMessage" because it is missing required fields: s, succ_groupidx, succ_replicaidx
[libprotobuf ERROR google/protobuf/message_lite.cc:121] Can't parse message of type "replication.iocl_craq.proto.SuccessorRequestMessage" because it is missing required fields: s, succ_groupidx, succ_replicaidx
[libprotobuf ERROR google/protobuf/message_lite.cc:121] Can't parse message of type "replication.iocl_craq.proto.SuccessorRequestMessage" because it is missing required fields: s, succ_groupidx, succ_replicaidx
[libprotobuf ERROR google/protobuf/message_lite.cc:121] Can't parse message of type "replication.iocl_craq.proto.SuccessorRequestMessage" because it is missing required fields: s, succ_groupidx, succ_replicaidx
[libprotobuf ERROR google/protobuf/message_lite.cc:121] Can't parse message of type "replication.iocl_craq.proto.SuccessorRequestMessage" because it is missing required fields: s, succ_groupidx, succ_replicaidx
[libprotobuf ERROR google/protobuf/message_lite.cc:121] Can't parse message of type "replication.iocl_craq.proto.SuccessorRequestMessage" because it is missing required fields: s, succ_groupidx, succ_replicaidx
[libprotobuf ERROR google/protobuf/message_lite.cc:121] Can't parse message of type "replication.iocl_craq.proto.SuccessorRequestMessage" because it is missing required fields: s, succ_groupidx, succ_replicaidx
[libprotobuf ERROR google/protobuf/message_lite.cc:121] Can't parse message of type "replication.iocl_craq.proto.SuccessorRequestMessage" because it is missing required fields: s, succ_groupidx, succ_replicaidx
[libprotobuf ERROR google/protobuf/message_lite.cc:121] Can't parse message of type "replication.iocl_craq.proto.SuccessorRequestMessage" because it is missing required fields: s, succ_groupidx, succ_replicaidx
[libprotobuf ERROR google/protobuf/message_lite.cc:121] Can't parse message of type "replication.iocl_craq.proto.SuccessorRequestMessage" because it is missing required fields: s, succ_groupidx, succ_replicaidx
[libprotobuf ERROR google/protobuf/message_lite.cc:121] Can't parse message of type "replication.iocl_craq.proto.SuccessorRequestMessage" because it is missing required fields: s, succ_groupidx, succ_replicaidx
[libprotobuf ERROR google/protobuf/message_lite.cc:121] Can't parse message of type "replication.iocl_craq.proto.SuccessorRequestMessage" because it is missing required fields: s, succ_groupidx, succ_replicaidx
[libprotobuf ERROR google/protobuf/message_lite.cc:121] Can't parse message of type "replication.iocl_craq.proto.SuccessorRequestMessage" because it is missing required fields: s, succ_groupidx, succ_replicaidx
[libprotobuf ERROR google/protobuf/message_lite.cc:121] Can't parse message of type "replication.iocl_craq.proto.SuccessorRequestMessage" because it is missing required fields: s, succ_groupidx, succ_replicaidx
[libprotobuf ERROR google/protobuf/message_lite.cc:121] Can't parse message of type "replication.iocl_craq.proto.SuccessorRequestMessage" because it is missing required fields: s, succ_groupidx, succ_replicaidx
[libprotobuf ERROR google/protobuf/message_lite.cc:121] Can't parse message of type "replication.iocl_craq.proto.SuccessorRequestMessage" because it is missing required fields: s, succ_groupidx, succ_replicaidx
[libprotobuf ERROR google/protobuf/message_lite.cc:121] Can't parse message of type "replication.iocl_craq.proto.SuccessorRequestMessage" because it is missing required fields: s, succ_groupidx, succ_replicaidx
[libprotobuf ERROR google/protobuf/message_lite.cc:121] Can't parse message of type "replication.iocl_craq.proto.SuccessorRequestMessage" because it is missing required fields: s, succ_groupidx, succ_replicaidx
[libprotobuf ERROR google/protobuf/message_lite.cc:121] Can't parse message of type "replication.iocl_craq.proto.SuccessorRequestMessage" because it is missing required fields: s, succ_groupidx, succ_replicaidx
[libprotobuf ERROR google/protobuf/message_lite.cc:121] Can't parse message of type "replication.iocl_craq.proto.SuccessorRequestMessage" because it is missing required fields: s, succ_groupidx, succ_replicaidx
[libprotobuf ERROR google/protobuf/message_lite.cc:121] Can't parse message of type "replication.iocl_craq.proto.SuccessorRequestMessage" because it is missing required fields: s, succ_groupidx, succ_replicaidx
[libprotobuf ERROR google/protobuf/message_lite.cc:121] Can't parse message of type "replication.iocl_craq.proto.SuccessorRequestMessage" because it is missing required fields: s, succ_groupidx, succ_replicaidx
[libprotobuf ERROR google/protobuf/message_lite.cc:121] Can't parse message of type "replication.iocl_craq.proto.SuccessorRequestMessage" because it is missing required fields: s, succ_groupidx, succ_replicaidx
[libprotobuf ERROR google/protobuf/message_lite.cc:121] Can't parse message of type "replication.iocl_craq.proto.SuccessorRequestMessage" because it is missing required fields: s, succ_groupidx, succ_replicaidx
[libprotobuf ERROR google/protobuf/message_lite.cc:121] Can't parse message of type "replication.iocl_craq.proto.SuccessorRequestMessage" because it is missing required fields: s, succ_groupidx, succ_replicaidx
[libprotobuf ERROR google/protobuf/message_lite.cc:121] Can't parse message of type "replication.iocl_craq.proto.SuccessorRequestMessage" because it is missing required fields: s, succ_groupidx, succ_replicaidx
[libprotobuf ERROR google/protobuf/message_lite.cc:121] Can't parse message of type "replication.iocl_craq.proto.SuccessorRequestMessage" because it is missing required fields: s, succ_groupidx, succ_replicaidx
[libprotobuf ERROR google/protobuf/message_lite.cc:121] Can't parse message of type "replication.iocl_craq.proto.SuccessorRequestMessage" because it is missing required fields: s, succ_groupidx, succ_replicaidx
[libprotobuf ERROR google/protobuf/message_lite.cc:121] Can't parse message of type "replication.iocl_craq.proto.SuccessorRequestMessage" because it is missing required fields: s, succ_groupidx, succ_replicaidx
[libprotobuf ERROR google/protobuf/message_lite.cc:121] Can't parse message of type "replication.iocl_craq.proto.SuccessorRequestMessage" because it is missing required fields: s, succ_groupidx, succ_replicaidx
[libprotobuf ERROR google/protobuf/message_lite.cc:121] Can't parse message of type "replication.iocl_craq.proto.SuccessorRequestMessage" because it is missing required fields: s, succ_groupidx, succ_replicaidx
[libprotobuf ERROR google/protobuf/message_lite.cc:121] Can't parse message of type "replication.iocl_craq.proto.SuccessorRequestMessage" because it is missing required fields: s, succ_groupidx, succ_replicaidx
[libprotobuf ERROR google/protobuf/message_lite.cc:121] Can't parse message of type "replication.iocl_craq.proto.SuccessorRequestMessage" because it is missing required fields: s, succ_groupidx, succ_replicaidx
[libprotobuf ERROR google/protobuf/message_lite.cc:121] Can't parse message of type "replication.iocl_craq.proto.SuccessorRequestMessage" because it is missing required fields: s, succ_groupidx, succ_replicaidx
[libprotobuf ERROR google/protobuf/message_lite.cc:121] Can't parse message of type "replication.iocl_craq.proto.SuccessorRequestMessage" because it is missing required fields: s, succ_groupidx, succ_replicaidx
[libprotobuf ERROR google/protobuf/message_lite.cc:121] Can't parse message of type "replication.iocl_craq.proto.SuccessorRequestMessage" because it is missing required fields: s, succ_groupidx, succ_replicaidx
[libprotobuf ERROR google/protobuf/message_lite.cc:121] Can't parse message of type "replication.iocl_craq.proto.SuccessorRequestMessage" because it is missing required fields: s, succ_groupidx, succ_replicaidx
[libprotobuf ERROR google/protobuf/message_lite.cc:121] Can't parse message of type "replication.iocl_craq.proto.SuccessorRequestMessage" because it is missing required fields: s, succ_groupidx, succ_replicaidx
[libprotobuf ERROR google/protobuf/message_lite.cc:121] Can't parse message of type "replication.iocl_craq.proto.SuccessorRequestMessage" because it is missing required fields: s, succ_groupidx, succ_replicaidx
[libprotobuf ERROR google/protobuf/message_lite.cc:121] Can't parse message of type "replication.iocl_craq.proto.SuccessorRequestMessage" because it is missing required fields: s, succ_groupidx, succ_replicaidx
[libprotobuf ERROR google/protobuf/message_lite.cc:121] Can't parse message of type "replication.iocl_craq.proto.SuccessorRequestMessage" because it is missing required fields: s, succ_groupidx, succ_replicaidx
[libprotobuf ERROR google/protobuf/message_lite.cc:121] Can't parse message of type "replication.iocl_craq.proto.SuccessorRequestMessage" because it is missing required fields: s, succ_groupidx, succ_replicaidx
20260313-143047-0489 07052 * HandlePrepare   (replica.cc:1116):  [2] Tail batch: size=1 pending_ooo=0 avg_batch_size=1.00 total_ops=41
20260313-143047-0492 07052 * HandlePrepare   (replica.cc:1116):  [2] Tail batch: size=1 pending_ooo=0 avg_batch_size=1.00 total_ops=42
20260313-143047-0493 07052 * HandlePrepare   (replica.cc:1116):  [2] Tail batch: size=1 pending_ooo=0 avg_batch_size=1.00 total_ops=43
20260313-143047-2218 07052 * HandlePrepare   (replica.cc:1116):  [2] Tail batch: size=1 pending_ooo=0 avg_batch_size=1.00 total_ops=44
20260313-143047-2221 07052 * HandlePrepare   (replica.cc:1116):  [2] Tail batch: size=1 pending_ooo=0 avg_batch_size=1.00 total_ops=45
20260313-143047-2222 07052 * HandlePrepare   (replica.cc:1116):  [2] Tail batch: size=1 pending_ooo=0 avg_batch_size=1.00 total_ops=46
20260313-143047-2224 07052 * HandlePrepare   (replica.cc:1116):  [2] Tail batch: size=1 pending_ooo=0 avg_batch_size=1.00 total_ops=47
20260313-143047-3121 07052 * HandlePrepare   (replica.cc:1116):  [2] Tail batch: size=1 pending_ooo=0 avg_batch_size=1.00 total_ops=48
20260313-143047-3124 07052 * HandlePrepare   (replica.cc:1116):  [2] Tail batch: size=1 pending_ooo=0 avg_batch_size=1.00 total_ops=49
20260313-143047-3126 07052 * HandlePrepare   (replica.cc:1116):  [2] Tail batch: size=1 pending_ooo=0 avg_batch_size=1.00 total_ops=50
20260313-143047-3323 07052 * HandlePrepare   (replica.cc:1116):  [2] Tail batch: size=1 pending_ooo=0 avg_batch_size=1.00 total_ops=51
20260313-143047-3809 07052 * HandlePrepare   (replica.cc:1116):  [2] Tail batch: size=1 pending_ooo=0 avg_batch_size=1.00 total_ops=52
20260313-143047-3812 07052 * HandlePrepare   (replica.cc:1116):  [2] Tail batch: size=1 pending_ooo=0 avg_batch_size=1.00 total_ops=53
20260313-143047-5631 07052 * HandlePrepare   (replica.cc:1116):  [2] Tail batch: size=1 pending_ooo=0 avg_batch_size=1.00 total_ops=54
20260313-143047-5634 07052 * HandlePrepare   (replica.cc:1116):  [2] Tail batch: size=1 pending_ooo=0 avg_batch_size=1.00 total_ops=55
20260313-143047-6264 07052 * HandlePrepare   (replica.cc:1116):  [2] Tail batch: size=1 pending_ooo=0 avg_batch_size=1.00 total_ops=56
20260313-143047-6266 07052 * HandlePrepare   (replica.cc:1116):  [2] Tail batch: size=1 pending_ooo=0 avg_batch_size=1.00 total_ops=57
20260313-143047-9120 07052 * HandlePrepare   (replica.cc:1116):  [2] Tail batch: size=1 pending_ooo=0 avg_batch_size=1.00 total_ops=58
20260313-143047-9122 07052 * HandlePrepare   (replica.cc:1116):  [2] Tail batch: size=1 pending_ooo=0 avg_batch_size=1.00 total_ops=59
20260313-143047-9124 07052 * HandlePrepare   (replica.cc:1116):  [2] Tail batch: size=1 pending_ooo=0 avg_batch_size=1.00 total_ops=60
20260313-143048-9620 07052 * HandlePrepare   (replica.cc:1116):  [2] Tail batch: size=1 pending_ooo=0 avg_batch_size=1.00 total_ops=61
20260313-143049-0353 07052 * HandlePrepare   (replica.cc:1116):  [2] Tail batch: size=1 pending_ooo=0 avg_batch_size=1.00 total_ops=62
20260313-143049-0478 07052 * HandlePrepare   (replica.cc:1116):  [2] Tail batch: size=1 pending_ooo=0 avg_batch_size=1.00 total_ops=63
20260313-143049-0480 07052 * HandlePrepare   (replica.cc:1116):  [2] Tail batch: size=1 pending_ooo=0 avg_batch_size=1.00 total_ops=64
20260313-143049-0483 07052 * HandlePrepare   (replica.cc:1116):  [2] Tail batch: size=1 pending_ooo=0 avg_batch_size=1.00 total_ops=65
20260313-143049-1266 07052 * HandlePrepare   (replica.cc:1116):  [2] Tail batch: size=1 pending_ooo=0 avg_batch_size=1.00 total_ops=66
20260313-143049-1268 07052 * HandlePrepare   (replica.cc:1116):  [2] Tail batch: size=1 pending_ooo=0 avg_batch_size=1.00 total_ops=67
20260313-143049-1270 07052 * HandlePrepare   (replica.cc:1116):  [2] Tail batch: size=1 pending_ooo=0 avg_batch_size=1.00 total_ops=68
20260313-143049-1757 07052 * HandlePrepare   (replica.cc:1116):  [2] Tail batch: size=1 pending_ooo=0 avg_batch_size=1.00 total_ops=69
20260313-143049-1945 07052 * HandlePrepare   (replica.cc:1116):  [2] Tail batch: size=1 pending_ooo=0 avg_batch_size=1.00 total_ops=70
20260313-143049-3395 07052 * HandlePrepare   (replica.cc:1116):  [2] Tail batch: size=1 pending_ooo=0 avg_batch_size=1.00 total_ops=71
20260313-143049-3397 07052 * HandlePrepare   (replica.cc:1116):  [2] Tail batch: size=1 pending_ooo=0 avg_batch_size=1.00 total_ops=72
20260313-143049-3399 07052 * HandlePrepare   (replica.cc:1116):  [2] Tail batch: size=1 pending_ooo=0 avg_batch_size=1.00 total_ops=73
20260313-143049-4263 07052 * HandlePrepare   (replica.cc:1116):  [2] Tail batch: size=1 pending_ooo=0 avg_batch_size=1.00 total_ops=74
20260313-143050-5766 07052 * HandlePrepare   (replica.cc:1116):  [2] Tail batch: size=1 pending_ooo=0 avg_batch_size=1.00 total_ops=75
20260313-143050-5768 07052 * HandlePrepare   (replica.cc:1116):  [2] Tail batch: size=1 pending_ooo=0 avg_batch_size=1.00 total_ops=76
20260313-143050-5770 07052 * HandlePrepare   (replica.cc:1116):  [2] Tail batch: size=1 pending_ooo=0 avg_batch_size=1.00 total_ops=77
20260313-143050-8074 07052 * HandlePrepare   (replica.cc:1116):  [2] Tail batch: size=1 pending_ooo=0 avg_batch_size=1.00 total_ops=78
20260313-143050-8402 07052 * HandlePrepare   (replica.cc:1116):  [2] Tail batch: size=1 pending_ooo=0 avg_batch_size=1.00 total_ops=79
20260313-143050-8405 07052 * HandlePrepare   (replica.cc:1116):  [2] Tail batch: size=1 pending_ooo=0 avg_batch_size=1.00 total_ops=80
20260313-143050-8407 07052 * HandlePrepare   (replica.cc:1116):  [2] Tail batch: size=1 pending_ooo=0 avg_batch_size=1.00 total_ops=81
20260313-143050-8408 07052 * HandlePrepare   (replica.cc:1116):  [2] Tail batch: size=1 pending_ooo=0 avg_batch_size=1.00 total_ops=82
20260313-143050-9618 07052 * HandlePrepare   (replica.cc:1116):  [2] Tail batch: size=1 pending_ooo=0 avg_batch_size=1.00 total_ops=83
20260313-143051-0550 07052 * HandlePrepare   (replica.cc:1116):  [2] Tail batch: size=1 pending_ooo=0 avg_batch_size=1.00 total_ops=84
20260313-143051-0918 07052 * HandlePrepare   (replica.cc:1116):  [2] Tail batch: size=1 pending_ooo=0 avg_batch_size=1.00 total_ops=85
20260313-143051-0921 07052 * HandlePrepare   (replica.cc:1116):  [2] Tail batch: size=1 pending_ooo=0 avg_batch_size=1.00 total_ops=86
20260313-143052-3205 07052 * HandlePrepare   (replica.cc:1116):  [2] Tail batch: size=1 pending_ooo=0 avg_batch_size=1.00 total_ops=87
20260313-143052-4617 07052 * HandlePrepare   (replica.cc:1116):  [2] Tail batch: size=1 pending_ooo=0 avg_batch_size=1.00 total_ops=88
20260313-143052-4618 07052 * HandlePrepare   (replica.cc:1116):  [2] Tail batch: size=1 pending_ooo=0 avg_batch_size=1.00 total_ops=89
20260313-143052-4618 07052 * HandlePrepare   (replica.cc:1116):  [2] Tail batch: size=1 pending_ooo=0 avg_batch_size=1.00 total_ops=90
20260313-143052-6768 07052 * HandlePrepare   (replica.cc:1116):  [2] Tail batch: size=1 pending_ooo=0 avg_batch_size=1.00 total_ops=91
20260313-143052-6770 07052 * HandlePrepare   (replica.cc:1116):  [2] Tail batch: size=1 pending_ooo=0 avg_batch_size=1.00 total_ops=92
20260313-143052-7555 07052 * HandlePrepare   (replica.cc:1116):  [2] Tail batch: size=1 pending_ooo=0 avg_batch_size=1.00 total_ops=93
20260313-143052-8707 07052 * HandlePrepare   (replica.cc:1116):  [2] Tail batch: size=1 pending_ooo=0 avg_batch_size=1.00 total_ops=94
20260313-143052-8709 07052 * HandlePrepare   (replica.cc:1116):  [2] Tail batch: size=1 pending_ooo=0 avg_batch_size=1.00 total_ops=95
20260313-143052-8711 07052 * HandlePrepare   (replica.cc:1116):  [2] Tail batch: size=1 pending_ooo=0 avg_batch_size=1.00 total_ops=96
20260313-143052-8713 07052 * HandlePrepare   (replica.cc:1116):  [2] Tail batch: size=1 pending_ooo=0 avg_batch_size=1.00 total_ops=97
20260313-143054-0352 07052 * HandlePrepare   (replica.cc:1116):  [2] Tail batch: size=1 pending_ooo=0 avg_batch_size=1.00 total_ops=98
20260313-143054-1066 07052 * HandlePrepare   (replica.cc:1116):  [2] Tail batch: size=1 pending_ooo=0 avg_batch_size=1.00 total_ops=99
20260313-143054-1770 07052 * HandlePrepare   (replica.cc:1116):  [2] Tail batch: size=1 pending_ooo=0 avg_batch_size=1.00 total_ops=100
20260313-143054-1772 07052 * HandlePrepare   (replica.cc:1116):  [2] Tail batch: size=1 pending_ooo=0 avg_batch_size=1.00 total_ops=101
20260313-143054-1774 07052 * HandlePrepare   (replica.cc:1116):  [2] Tail batch: size=1 pending_ooo=0 avg_batch_size=1.00 total_ops=102
20260313-143054-1775 07052 * HandlePrepare   (replica.cc:1116):  [2] Tail batch: size=1 pending_ooo=0 avg_batch_size=1.00 total_ops=103
20260313-143054-3697 07052 * HandlePrepare   (replica.cc:1116):  [2] Tail batch: size=1 pending_ooo=0 avg_batch_size=1.00 total_ops=104
20260313-143054-3700 07052 * HandlePrepare   (replica.cc:1116):  [2] Tail batch: size=1 pending_ooo=0 avg_batch_size=1.00 total_ops=105
20260313-143054-3701 07052 * HandlePrepare   (replica.cc:1116):  [2] Tail batch: size=1 pending_ooo=0 avg_batch_size=1.00 total_ops=106
20260313-143054-5848 07052 * HandlePrepare   (replica.cc:1116):  [2] Tail batch: size=1 pending_ooo=0 avg_batch_size=1.00 total_ops=107
20260313-143054-5912 07052 * HandlePrepare   (replica.cc:1116):  [2] Tail batch: size=1 pending_ooo=0 avg_batch_size=1.00 total_ops=108
20260313-143054-5914 07052 * HandlePrepare   (replica.cc:1116):  [2] Tail batch: size=1 pending_ooo=0 avg_batch_size=1.00 total_ops=109
20260313-143054-5916 07052 * HandlePrepare   (replica.cc:1116):  [2] Tail batch: size=1 pending_ooo=0 avg_batch_size=1.00 total_ops=110
20260313-143054-5918 07052 * HandlePrepare   (replica.cc:1116):  [2] Tail batch: size=1 pending_ooo=0 avg_batch_size=1.00 total_ops=111
20260313-143054-5919 07052 * HandlePrepare   (replica.cc:1116):  [2] Tail batch: size=1 pending_ooo=0 avg_batch_size=1.00 total_ops=112
20260313-143054-5922 07052 * HandlePrepare   (replica.cc:1116):  [2] Tail batch: size=1 pending_ooo=0 avg_batch_size=1.00 total_ops=113
20260313-143054-6210 07052 * HandlePrepare   (replica.cc:1116):  [2] Tail batch: size=1 pending_ooo=0 avg_batch_size=1.00 total_ops=114
20260313-143054-6213 07052 * HandlePrepare   (replica.cc:1116):  [2] Tail batch: size=1 pending_ooo=0 avg_batch_size=1.00 total_ops=115
20260313-143055-8492 07052 * HandlePrepare   (replica.cc:1116):  [2] Tail batch: size=1 pending_ooo=0 avg_batch_size=1.00 total_ops=116
20260313-143055-8832 07052 * HandlePrepare   (replica.cc:1116):  [2] Tail batch: size=1 pending_ooo=0 avg_batch_size=1.00 total_ops=117
20260313-143055-8834 07052 * HandlePrepare   (replica.cc:1116):  [2] Tail batch: size=1 pending_ooo=0 avg_batch_size=1.00 total_ops=118
20260313-143055-9200 07052 * HandlePrepare   (replica.cc:1116):  [2] Tail batch: size=1 pending_ooo=0 avg_batch_size=1.00 total_ops=119
20260313-143056-0917 07052 * HandlePrepare   (replica.cc:1116):  [2] Tail batch: size=1 pending_ooo=0 avg_batch_size=1.00 total_ops=120
20260313-143056-0920 07052 * HandlePrepare   (replica.cc:1116):  [2] Tail batch: size=1 pending_ooo=0 avg_batch_size=1.00 total_ops=121
20260313-143056-1854 07052 * HandlePrepare   (replica.cc:1116):  [2] Tail batch: size=1 pending_ooo=0 avg_batch_size=1.00 total_ops=122
20260313-143056-1856 07052 * HandlePrepare   (replica.cc:1116):  [2] Tail batch: size=1 pending_ooo=0 avg_batch_size=1.00 total_ops=123
20260313-143056-5343 07052 * HandlePrepare   (replica.cc:1116):  [2] Tail batch: size=1 pending_ooo=0 avg_batch_size=1.00 total_ops=124
20260313-143056-5349 07052 * HandlePrepare   (replica.cc:1116):  [2] Tail batch: size=1 pending_ooo=0 avg_batch_size=1.00 total_ops=125
20260313-143057-6344 07052 * HandlePrepare   (replica.cc:1116):  [2] Tail batch: size=1 pending_ooo=0 avg_batch_size=1.00 total_ops=126
20260313-143057-6346 07052 * HandlePrepare   (replica.cc:1116):  [2] Tail batch: size=1 pending_ooo=0 avg_batch_size=1.00 total_ops=127
20260313-143057-6348 07052 * HandlePrepare   (replica.cc:1116):  [2] Tail batch: size=1 pending_ooo=0 avg_batch_size=1.00 total_ops=128
20260313-143057-6648 07052 * HandlePrepare   (replica.cc:1116):  [2] Tail batch: size=1 pending_ooo=0 avg_batch_size=1.00 total_ops=129
20260313-143057-6652 07052 * HandlePrepare   (replica.cc:1116):  [2] Tail batch: size=1 pending_ooo=0 avg_batch_size=1.00 total_ops=130
20260313-143057-6653 07052 * HandlePrepare   (replica.cc:1116):  [2] Tail batch: size=1 pending_ooo=0 avg_batch_size=1.00 total_ops=131
20260313-143057-6982 07052 * HandlePrepare   (replica.cc:1116):  [2] Tail batch: size=1 pending_ooo=0 avg_batch_size=1.00 total_ops=132
20260313-143057-6984 07052 * HandlePrepare   (replica.cc:1116):  [2] Tail batch: size=1 pending_ooo=0 avg_batch_size=1.00 total_ops=133
20260313-143057-9064 07052 * HandlePrepare   (replica.cc:1116):  [2] Tail batch: size=1 pending_ooo=0 avg_batch_size=1.00 total_ops=134
20260313-143057-9984 07052 * HandlePrepare   (replica.cc:1116):  [2] Tail batch: size=1 pending_ooo=0 avg_batch_size=1.00 total_ops=135
20260313-143058-1128 07052 * HandlePrepare   (replica.cc:1116):  [2] Tail batch: size=1 pending_ooo=0 avg_batch_size=1.00 total_ops=136
20260313-143058-3471 07052 * HandlePrepare   (replica.cc:1116):  [2] Tail batch: size=1 pending_ooo=0 avg_batch_size=1.00 total_ops=137
20260313-143059-3792 07052 * HandlePrepare   (replica.cc:1116):  [2] Tail batch: size=1 pending_ooo=0 avg_batch_size=1.00 total_ops=138
20260313-143059-4484 07052 * HandlePrepare   (replica.cc:1116):  [2] Tail batch: size=1 pending_ooo=0 avg_batch_size=1.00 total_ops=139
20260313-143059-6128 07052 * HandlePrepare   (replica.cc:1116):  [2] Tail batch: size=1 pending_ooo=0 avg_batch_size=1.00 total_ops=140
20260313-143059-6185 07052 * HandlePrepare   (replica.cc:1116):  [2] Tail batch: size=1 pending_ooo=0 avg_batch_size=1.00 total_ops=141
20260313-143059-6189 07052 * HandlePrepare   (replica.cc:1116):  [2] Tail batch: size=1 pending_ooo=0 avg_batch_size=1.00 total_ops=142
20260313-143059-7272 07052 * HandlePrepare   (replica.cc:1116):  [2] Tail batch: size=1 pending_ooo=0 avg_batch_size=1.00 total_ops=143
20260313-143059-7275 07052 * HandlePrepare   (replica.cc:1116):  [2] Tail batch: size=1 pending_ooo=0 avg_batch_size=1.00 total_ops=144
20260313-143059-7276 07052 * HandlePrepare   (replica.cc:1116):  [2] Tail batch: size=1 pending_ooo=0 avg_batch_size=1.00 total_ops=145
20260313-143100-0607 07052 * HandlePrepare   (replica.cc:1116):  [2] Tail batch: size=1 pending_ooo=0 avg_batch_size=1.00 total_ops=146
20260313-143100-0609 07052 * HandlePrepare   (replica.cc:1116):  [2] Tail batch: size=1 pending_ooo=0 avg_batch_size=1.00 total_ops=147
20260313-143100-0611 07052 * HandlePrepare   (replica.cc:1116):  [2] Tail batch: size=1 pending_ooo=0 avg_batch_size=1.00 total_ops=148
20260313-143101-1630 07052 * HandlePrepare   (replica.cc:1116):  [2] Tail batch: size=1 pending_ooo=0 avg_batch_size=1.00 total_ops=149
20260313-143101-3409 07052 * HandlePrepare   (replica.cc:1116):  [2] Tail batch: size=1 pending_ooo=0 avg_batch_size=1.00 total_ops=150
20260313-143101-3463 07052 * HandlePrepare   (replica.cc:1116):  [2] Tail batch: size=1 pending_ooo=0 avg_batch_size=1.00 total_ops=151
20260313-143101-3465 07052 * HandlePrepare   (replica.cc:1116):  [2] Tail batch: size=1 pending_ooo=0 avg_batch_size=1.00 total_ops=152
20260313-143101-3467 07052 * HandlePrepare   (replica.cc:1116):  [2] Tail batch: size=1 pending_ooo=0 avg_batch_size=1.00 total_ops=153
20260313-143101-4286 07052 * HandlePrepare   (replica.cc:1116):  [2] Tail batch: size=1 pending_ooo=0 avg_batch_size=1.00 total_ops=154
20260313-143101-4289 07052 * HandlePrepare   (replica.cc:1116):  [2] Tail batch: size=1 pending_ooo=0 avg_batch_size=1.00 total_ops=155
20260313-143101-4331 07052 * HandlePrepare   (replica.cc:1116):  [2] Tail batch: size=1 pending_ooo=0 avg_batch_size=1.00 total_ops=156
20260313-143101-4333 07052 * HandlePrepare   (replica.cc:1116):  [2] Tail batch: size=1 pending_ooo=0 avg_batch_size=1.00 total_ops=157
20260313-143101-5291 07052 * HandlePrepare   (replica.cc:1116):  [2] Tail batch: size=1 pending_ooo=0 avg_batch_size=1.00 total_ops=158
20260313-143101-5294 07052 * HandlePrepare   (replica.cc:1116):  [2] Tail batch: size=1 pending_ooo=0 avg_batch_size=1.00 total_ops=159
20260313-143101-5295 07052 * HandlePrepare   (replica.cc:1116):  [2] Tail batch: size=1 pending_ooo=0 avg_batch_size=1.00 total_ops=160
20260313-143101-8755 07052 * HandlePrepare   (replica.cc:1116):  [2] Tail batch: size=1 pending_ooo=0 avg_batch_size=1.00 total_ops=161
20260313-143101-8758 07052 * HandlePrepare   (replica.cc:1116):  [2] Tail batch: size=1 pending_ooo=0 avg_batch_size=1.00 total_ops=162
20260313-143101-8760 07052 * HandlePrepare   (replica.cc:1116):  [2] Tail batch: size=1 pending_ooo=0 avg_batch_size=1.00 total_ops=163
20260313-143101-8762 07052 * HandlePrepare   (replica.cc:1116):  [2] Tail batch: size=1 pending_ooo=0 avg_batch_size=1.00 total_ops=164
20260313-143101-8764 07052 * HandlePrepare   (replica.cc:1116):  [2] Tail batch: size=1 pending_ooo=0 avg_batch_size=1.00 total_ops=165
20260313-143102-9573 07052 * HandlePrepare   (replica.cc:1116):  [2] Tail batch: size=1 pending_ooo=0 avg_batch_size=1.00 total_ops=166
20260313-143102-9576 07052 * HandlePrepare   (replica.cc:1116):  [2] Tail batch: size=1 pending_ooo=0 avg_batch_size=1.00 total_ops=167
20260313-143102-9578 07052 * HandlePrepare   (replica.cc:1116):  [2] Tail batch: size=1 pending_ooo=0 avg_batch_size=1.00 total_ops=168
20260313-143102-9579 07052 * HandlePrepare   (replica.cc:1116):  [2] Tail batch: size=1 pending_ooo=0 avg_batch_size=1.00 total_ops=169
20260313-143102-9581 07052 * HandlePrepare   (replica.cc:1116):  [2] Tail batch: size=1 pending_ooo=0 avg_batch_size=1.00 total_ops=170
20260313-143102-9778 07052 * HandlePrepare   (replica.cc:1116):  [2] Tail batch: size=1 pending_ooo=0 avg_batch_size=1.00 total_ops=171
20260313-143102-9781 07052 * HandlePrepare   (replica.cc:1116):  [2] Tail batch: size=1 pending_ooo=0 avg_batch_size=1.00 total_ops=172
20260313-143103-1474 07052 * HandlePrepare   (replica.cc:1116):  [2] Tail batch: size=1 pending_ooo=0 avg_batch_size=1.00 total_ops=173
20260313-143103-1477 07052 * HandlePrepare   (replica.cc:1116):  [2] Tail batch: size=1 pending_ooo=0 avg_batch_size=1.00 total_ops=174
20260313-143103-1479 07052 * HandlePrepare   (replica.cc:1116):  [2] Tail batch: size=1 pending_ooo=0 avg_batch_size=1.00 total_ops=175
20260313-143103-1481 07052 * HandlePrepare   (replica.cc:1116):  [2] Tail batch: size=1 pending_ooo=0 avg_batch_size=1.00 total_ops=176
20260313-143103-1483 07052 * HandlePrepare   (replica.cc:1116):  [2] Tail batch: size=1 pending_ooo=0 avg_batch_size=1.00 total_ops=177
20260313-143103-2089 07052 * HandlePrepare   (replica.cc:1116):  [2] Tail batch: size=1 pending_ooo=0 avg_batch_size=1.00 total_ops=178
20260313-143103-2423 07052 * HandlePrepare   (replica.cc:1116):  [2] Tail batch: size=1 pending_ooo=0 avg_batch_size=1.00 total_ops=179
20260313-143103-2450 07052 * HandlePrepare   (replica.cc:1116):  [2] Tail batch: size=1 pending_ooo=0 avg_batch_size=1.00 total_ops=180
20260313-143103-2611 07052 * HandlePrepare   (replica.cc:1116):  [2] Tail batch: size=1 pending_ooo=0 avg_batch_size=1.00 total_ops=181
20260313-143104-5700 07052 * HandlePrepare   (replica.cc:1116):  [2] Tail batch: size=1 pending_ooo=0 avg_batch_size=1.00 total_ops=182
20260313-143104-7929 07052 * HandlePrepare   (replica.cc:1116):  [2] Tail batch: size=1 pending_ooo=0 avg_batch_size=1.00 total_ops=183
20260313-143104-7932 07052 * HandlePrepare   (replica.cc:1116):  [2] Tail batch: size=1 pending_ooo=0 avg_batch_size=1.00 total_ops=184
20260313-143104-7934 07052 * HandlePrepare   (replica.cc:1116):  [2] Tail batch: size=1 pending_ooo=0 avg_batch_size=1.00 total_ops=185
20260313-143104-8238 07052 * HandlePrepare   (replica.cc:1116):  [2] Tail batch: size=1 pending_ooo=0 avg_batch_size=1.00 total_ops=186
20260313-143104-8240 07052 * HandlePrepare   (replica.cc:1116):  [2] Tail batch: size=1 pending_ooo=0 avg_batch_size=1.00 total_ops=187
20260313-143104-8242 07052 * HandlePrepare   (replica.cc:1116):  [2] Tail batch: size=1 pending_ooo=0 avg_batch_size=1.00 total_ops=188
20260313-143104-9636 07052 * HandlePrepare   (replica.cc:1116):  [2] Tail batch: size=1 pending_ooo=0 avg_batch_size=1.00 total_ops=189
20260313-143104-9639 07052 * HandlePrepare   (replica.cc:1116):  [2] Tail batch: size=1 pending_ooo=0 avg_batch_size=1.00 total_ops=190
20260313-143104-9641 07052 * HandlePrepare   (replica.cc:1116):  [2] Tail batch: size=1 pending_ooo=0 avg_batch_size=1.00 total_ops=191
20260313-143104-9643 07052 * HandlePrepare   (replica.cc:1116):  [2] Tail batch: size=1 pending_ooo=0 avg_batch_size=1.00 total_ops=192
20260313-143105-0565 07052 * HandlePrepare   (replica.cc:1116):  [2] Tail batch: size=1 pending_ooo=0 avg_batch_size=1.00 total_ops=193
20260313-143105-0753 07052 * HandlePrepare   (replica.cc:1116):  [2] Tail batch: size=1 pending_ooo=0 avg_batch_size=1.00 total_ops=194
20260313-143105-3041 07052 * HandlePrepare   (replica.cc:1116):  [2] Tail batch: size=1 pending_ooo=0 avg_batch_size=1.00 total_ops=195
20260313-143105-3044 07052 * HandlePrepare   (replica.cc:1116):  [2] Tail batch: size=1 pending_ooo=0 avg_batch_size=1.00 total_ops=196
20260313-143106-3842 07052 * HandlePrepare   (replica.cc:1116):  [2] Tail batch: size=1 pending_ooo=0 avg_batch_size=1.00 total_ops=197
20260313-143106-3844 07052 * HandlePrepare   (replica.cc:1116):  [2] Tail batch: size=1 pending_ooo=0 avg_batch_size=1.00 total_ops=198
20260313-143106-3846 07052 * HandlePrepare   (replica.cc:1116):  [2] Tail batch: size=1 pending_ooo=0 avg_batch_size=1.00 total_ops=199
20260313-143106-3848 07052 * HandlePrepare   (replica.cc:1116):  [2] Tail batch: size=1 pending_ooo=0 avg_batch_size=1.00 total_ops=200
20260313-143106-4372 07052 * HandlePrepare   (replica.cc:1116):  [2] Tail batch: size=1 pending_ooo=0 avg_batch_size=1.00 total_ops=201
20260313-143106-4374 07052 * HandlePrepare   (replica.cc:1116):  [2] Tail batch: size=1 pending_ooo=0 avg_batch_size=1.00 total_ops=202
20260313-143106-4376 07052 * HandlePrepare   (replica.cc:1116):  [2] Tail batch: size=1 pending_ooo=0 avg_batch_size=1.00 total_ops=203
20260313-143106-4377 07052 * HandlePrepare   (replica.cc:1116):  [2] Tail batch: size=1 pending_ooo=0 avg_batch_size=1.00 total_ops=204
20260313-143106-5715 07052 * HandlePrepare   (replica.cc:1116):  [2] Tail batch: size=1 pending_ooo=0 avg_batch_size=1.00 total_ops=205
20260313-143106-5718 07052 * HandlePrepare   (replica.cc:1116):  [2] Tail batch: size=1 pending_ooo=0 avg_batch_size=1.00 total_ops=206
20260313-143106-7069 07052 * HandlePrepare   (replica.cc:1116):  [2] Tail batch: size=1 pending_ooo=0 avg_batch_size=1.00 total_ops=207
20260313-143106-7072 07052 * HandlePrepare   (replica.cc:1116):  [2] Tail batch: size=1 pending_ooo=0 avg_batch_size=1.00 total_ops=208
20260313-143106-8774 07052 * HandlePrepare   (replica.cc:1116):  [2] Tail batch: size=1 pending_ooo=0 avg_batch_size=1.00 total_ops=209
20260313-143106-8777 07052 * HandlePrepare   (replica.cc:1116):  [2] Tail batch: size=1 pending_ooo=0 avg_batch_size=1.00 total_ops=210
20260313-143106-8885 07052 * HandlePrepare   (replica.cc:1116):  [2] Tail batch: size=1 pending_ooo=0 avg_batch_size=1.00 total_ops=211
20260313-143107-2200 07052 * HandlePrepare   (replica.cc:1116):  [2] Tail batch: size=1 pending_ooo=0 avg_batch_size=1.00 total_ops=212
20260313-143107-2203 07052 * HandlePrepare   (replica.cc:1116):  [2] Tail batch: size=1 pending_ooo=0 avg_batch_size=1.00 total_ops=213
20260313-143107-2205 07052 * HandlePrepare   (replica.cc:1116):  [2] Tail batch: size=1 pending_ooo=0 avg_batch_size=1.00 total_ops=214
20260313-143108-2513 07052 * HandlePrepare   (replica.cc:1116):  [2] Tail batch: size=1 pending_ooo=0 avg_batch_size=1.00 total_ops=215
20260313-143108-2516 07052 * HandlePrepare   (replica.cc:1116):  [2] Tail batch: size=1 pending_ooo=0 avg_batch_size=1.00 total_ops=216
20260313-143108-2981 07052 * HandlePrepare   (replica.cc:1116):  [2] Tail batch: size=1 pending_ooo=0 avg_batch_size=1.00 total_ops=217
20260313-143108-3862 07052 * HandlePrepare   (replica.cc:1116):  [2] Tail batch: size=1 pending_ooo=0 avg_batch_size=1.00 total_ops=218
20260313-143108-4207 07052 * HandlePrepare   (replica.cc:1116):  [2] Tail batch: size=1 pending_ooo=0 avg_batch_size=1.00 total_ops=219
20260313-143108-4904 07052 * HandlePrepare   (replica.cc:1116):  [2] Tail batch: size=1 pending_ooo=0 avg_batch_size=1.00 total_ops=220
20260313-143108-4910 07052 * HandlePrepare   (replica.cc:1116):  [2] Tail batch: size=1 pending_ooo=0 avg_batch_size=1.00 total_ops=221
20260313-143108-4912 07052 * HandlePrepare   (replica.cc:1116):  [2] Tail batch: size=1 pending_ooo=0 avg_batch_size=1.00 total_ops=222
20260313-143108-7040 07052 * HandlePrepare   (replica.cc:1116):  [2] Tail batch: size=1 pending_ooo=0 avg_batch_size=1.00 total_ops=223
20260313-143108-7043 07052 * HandlePrepare   (replica.cc:1116):  [2] Tail batch: size=1 pending_ooo=0 avg_batch_size=1.00 total_ops=224
20260313-143108-9331 07052 * HandlePrepare   (replica.cc:1116):  [2] Tail batch: size=1 pending_ooo=0 avg_batch_size=1.00 total_ops=225
20260313-143109-9124 07052 * HandlePrepare   (replica.cc:1116):  [2] Tail batch: size=1 pending_ooo=0 avg_batch_size=1.00 total_ops=226
20260313-143109-9127 07052 * HandlePrepare   (replica.cc:1116):  [2] Tail batch: size=1 pending_ooo=0 avg_batch_size=1.00 total_ops=227
20260313-143109-9128 07052 * HandlePrepare   (replica.cc:1116):  [2] Tail batch: size=1 pending_ooo=0 avg_batch_size=1.00 total_ops=228
20260313-143109-9130 07052 * HandlePrepare   (replica.cc:1116):  [2] Tail batch: size=1 pending_ooo=0 avg_batch_size=1.00 total_ops=229
20260313-143110-0666 07052 * HandlePrepare   (replica.cc:1116):  [2] Tail batch: size=1 pending_ooo=0 avg_batch_size=1.00 total_ops=230
20260313-143110-0668 07052 * HandlePrepare   (replica.cc:1116):  [2] Tail batch: size=1 pending_ooo=0 avg_batch_size=1.00 total_ops=231
20260313-143110-1029 07052 * HandlePrepare   (replica.cc:1116):  [2] Tail batch: size=1 pending_ooo=0 avg_batch_size=1.00 total_ops=232
20260313-143110-2373 07052 * HandlePrepare   (replica.cc:1116):  [2] Tail batch: size=1 pending_ooo=0 avg_batch_size=1.00 total_ops=233
20260313-143110-2376 07052 * HandlePrepare   (replica.cc:1116):  [2] Tail batch: size=1 pending_ooo=0 avg_batch_size=1.00 total_ops=234
20260313-143110-2377 07052 * HandlePrepare   (replica.cc:1116):  [2] Tail batch: size=1 pending_ooo=0 avg_batch_size=1.00 total_ops=235
20260313-143110-2379 07052 * HandlePrepare   (replica.cc:1116):  [2] Tail batch: size=1 pending_ooo=0 avg_batch_size=1.00 total_ops=236
20260313-143110-3178 07052 * HandlePrepare   (replica.cc:1116):  [2] Tail batch: size=1 pending_ooo=0 avg_batch_size=1.00 total_ops=237
20260313-143110-4057 07052 * HandlePrepare   (replica.cc:1116):  [2] Tail batch: size=1 pending_ooo=0 avg_batch_size=1.00 total_ops=238
20260313-143110-4060 07052 * HandlePrepare   (replica.cc:1116):  [2] Tail batch: size=1 pending_ooo=0 avg_batch_size=1.00 total_ops=239
20260313-143113-7097 07052 ! TCPIncomingEventCallback (tcptransport.cc:938): [TCP INCOMING 129] EOF, lifetime=31509.37 ms
20260313-143113-7099 07052 ! TCPIncomingEventCallback (tcptransport.cc:938): [TCP INCOMING 124] EOF, lifetime=31631.71 ms
20260313-143113-8636 07052 ! TCPIncomingEventCallback (tcptransport.cc:938): [TCP INCOMING 126] EOF, lifetime=31706.13 ms
20260313-143113-8638 07052 ! TCPIncomingEventCallback (tcptransport.cc:938): [TCP INCOMING 120] EOF, lifetime=31827.88 ms
20260313-143113-8996 07052 ! TCPIncomingEventCallback (tcptransport.cc:938): [TCP INCOMING 134] EOF, lifetime=29718.74 ms
20260313-143113-8998 07052 ! TCPIncomingEventCallback (tcptransport.cc:938): [TCP INCOMING 121] EOF, lifetime=31833.22 ms
20260313-143114-0344 07052 ! TCPIncomingEventCallback (tcptransport.cc:938): [TCP INCOMING 119] EOF, lifetime=32014.53 ms
20260313-143114-0346 07052 ! TCPIncomingEventCallback (tcptransport.cc:938): [TCP INCOMING 117] EOF, lifetime=32133.87 ms
20260313-143114-1149 07052 ! TCPIncomingEventCallback (tcptransport.cc:938): [TCP INCOMING 132] EOF, lifetime=30213.27 ms
20260313-143114-1150 07052 ! TCPIncomingEventCallback (tcptransport.cc:938): [TCP INCOMING 125] EOF, lifetime=32033.54 ms
20260313-143114-2030 07052 ! TCPIncomingEventCallback (tcptransport.cc:938): [TCP INCOMING 128] EOF, lifetime=32005.73 ms
20260313-143114-2032 07052 ! TCPIncomingEventCallback (tcptransport.cc:938): [TCP INCOMING 123] EOF, lifetime=32125.21 ms
20260313-143114-2033 07052 ! TCPIncomingEventCallback (tcptransport.cc:938): [TCP INCOMING 127] EOF, lifetime=32017.55 ms
20260313-143114-2034 07052 ! TCPIncomingEventCallback (tcptransport.cc:938): [TCP INCOMING 122] EOF, lifetime=32136.11 ms
20260313-143114-3450 07052 ! TCPIncomingEventCallback (tcptransport.cc:938): [TCP INCOMING 133] EOF, lifetime=30317.22 ms
20260313-143114-3451 07052 ! TCPIncomingEventCallback (tcptransport.cc:938): [TCP INCOMING 118] EOF, lifetime=32431.87 ms
20260313-143120-8398 07052 * Cleanup         (server.cc:589):    Gracefully exiting after signal 15.
20260313-143120-8398 07052 * Stop            (tcptransport.cc:601): [TCP SUMMARY] outgoingCreated=59 outgoingClosed=0 incomingCreated=75 incomingClosed=16 outgoingPeak=130 incomingPeak=38
Inserted events:
  0x55f2baa0c0d0 [fd  9] Read Persist Internal
  0x55f2baa13e30 [fd  10] Read Persist
  0x55f2baa1f2e0 [fd  11] Read Persist
  0x55f2c709f540 [fd  12] Read Persist
  0x55f2c709f760 [fd  13] Read Persist
  0x55f2c709f980 [fd  14] Read Persist
  0x55f2c709fba0 [fd  15] Read Persist
  0x55f2c7097f60 [fd  16] Read Persist
  0x55f2c70982c0 [fd  17] Read Persist
  0x55f2c70986e0 [fd  18] Read Persist
  0x55f2c7098b00 [fd  19] Read Persist
  0x55f2c7098f20 [fd  20] Read Persist
  0x55f2c709c780 [fd  21] Read Persist
  0x55f2c7090db0 [fd  22] Read Persist
  0x55f2c709abc0 [fd  23] Read Persist
  0x55f2c70900e0 [fd  24] Read Persist
  0x55f2c7092370 [fd  25] Read Persist
  0x55f2c70908c0 [fd  26] Read Persist
  0x55f2c709b070 [fd  27] Read Persist
  0x55f2c709be30 [fd  28] Read Persist
  0x55f2c70914f0 [fd  29] Read Persist
  0x55f2c7091ab0 [fd  30] Read Persist
  0x55f2c7092010 [fd  31] Read Persist
  0x55f2c70995a0 [fd  32] Read Persist
  0x55f2c7099d40 [fd  33] Read Persist
  0x55f2c709ffc0 [fd  34] Read Persist
  0x55f2c70a0550 [fd  35] Read Persist
  0x55f2c70a0ae0 [fd  36] Read Persist
  0x55f2c70a1070 [fd  37] Read Persist
  0x55f2c70a1600 [fd  38] Read Persist
  0x55f2c70a1b90 [fd  39] Read Persist
  0x55f2c70a2120 [fd  40] Read Persist
  0x55f2c70a26b0 [fd  41] Read Persist
  0x55f2c70a2c40 [fd  42] Read Persist
  0x55f2c70a31d0 [fd  43] Read Persist
  0x55f2c70a3760 [fd  44] Read Persist
  0x55f2c70a3b80 [fd  45] Read Persist
  0x55f2c70a3da0 [fd  46] Read Persist
  0x55f2c70a4050 [fd  47] Read Persist
  0x55f2c70a43f0 [fd  48] Read Persist
  0x55f2c70a4a10 [fd  49] Read Persist
  0x55f2c70a4db0 [fd  50] Read Persist
  0x55f2c70a5150 [fd  51] Read Persist
  0x55f2c70a54f0 [fd  52] Read Persist
  0x55f2c70a5890 [fd  53] Read Persist
  0x55f2c70a5c30 [fd  54] Read Persist
  0x55f2c70a5fd0 [fd  55] Read Persist
  0x55f2c70a6370 [fd  56] Read Persist
  0x55f2c70a6710 [fd  57] Read Persist
  0x55f2c70a6ab0 [fd  58] Read Persist
  0x55f2c70a6e50 [fd  59] Read Persist
  0x55f2c70a7220 [fd  60] Read Persist
  0x55f2c70a75f0 [fd  61] Read Persist
  0x55f2c70a79c0 [fd  62] Read Persist
  0x55f2c70a7d90 [fd  63] Read Persist
  0x55f2c70a8160 [fd  64] Read Persist
  0x55f2baa1b980 [fd  65] Read Persist
  0x55f2baa1ab80 [fd  66] Read Persist
  0x55f2c70a8970 [fd  67] Read Persist
  0x55f2c70a8cb0 [fd  68] Read Persist
  0x55f2c70a8ff0 [fd  69] Read Persist
  0x55f2c70a9330 [fd  70] Read Persist
  0x55f2c70a9740 [fd  71] Read Persist
  0x55f2c70aa730 [fd  72] Read Persist
  0x55f2c70af6a0 [fd  73] Read Persist
  0x55f2c70a9ff0 [fd  74] Read Persist
  0x55f2c70aa430 [fd  75] Read Persist
  0x55f2c70ba810 [fd  76] Read Persist
  0x55f2c70baa30 [fd  77] Read Persist
  0x55f2c70bac50 [fd  78] Read Persist
  0x55f2c70bae70 [fd  79] Read Persist
  0x55f2c70bb160 [fd  80] Read Persist
  0x55f2c70bb570 [fd  81] Read Persist
  0x55f2c70bb980 [fd  82] Read Persist
  0x55f2c70bbd90 [fd  83] Read Persist
  0x55f2c70bc1a0 [fd  84] Read Persist
  0x55f2c70bc5b0 [fd  85] Read Persist
  0x55f2c70bc9c0 [fd  86] Read Persist
  0x55f2c70bcdd0 [fd  87] Read Persist
  0x55f2c70bd200 [fd  88] Read Persist
  0x55f2c70bd790 [fd  89] Read Persist
  0x55f2c70bdd20 [fd  90] Read Persist
  0x55f2c70bed30 [fd  91] Read Persist
  0x55f2c70bf2c0 [fd  92] Read Persist
  0x55f2c70bf850 [fd  93] Read Persist
  0x55f2c70bfde0 [fd  94] Read Persist
  0x55f2c70c0370 [fd  95] Read Persist
  0x55f2c70c0900 [fd  96] Read Persist
  0x55f2c70c0e90 [fd  97] Read Persist
  0x55f2c70c1420 [fd  98] Read Persist
  0x55f2c70c19b0 [fd  99] Read Persist
  0x55f2c70c1f40 [fd  100] Read Persist
  0x55f2c709e940 [fd  101] Read Persist
  0x55f2c70c6500 [fd  102] Read Persist
  0x55f2c70c69f0 [fd  103] Read Persist
  0x55f2c70c6e60 [fd  104] Read Persist
  0x55f2c70c72d0 [fd  105] Read Persist
  0x55f2c70c7740 [fd  106] Read Persist
  0x55f2c70c5830 [fd  107] Read Persist
  0x55f2c70c5cd0 [fd  108] Read Persist
  0x55f2c70c6170 [fd  109] Read Persist
  0x55f2c70c3510 [fd  110] Read Persist
  0x55f2c70c3a30 [fd  111] Read Persist
  0x55f2c70c3ed0 [fd  112] Read Persist
  0x55f2c70c42f0 [fd  113] Read Persist
  0x55f2c70c4790 [fd  114] Read Persist
  0x55f2c70c4cb0 [fd  115] Read Persist
  0x55f2c70c5150 [fd  116] Read Persist
  0x55f2c70c7d50 [fd  117] Read Persist
  0x55f2c70c8a00 [fd  118] Read Persist
  0x55f2c70c8ea0 [fd  119] Read Persist
  0x55f2c70c9340 [fd  120] Read Persist
  0x55f2c70c97e0 [fd  121] Read Persist
  0x55f2c70c9c80 [fd  122] Read Persist
  0x55f2c70ca120 [fd  123] Read Persist
  0x55f2c70ca5c0 [fd  124] Read Persist
  0x55f2c70caa60 [fd  125] Read Persist
  0x55f2c70caf00 [fd  126] Read Persist
  0x55f2c70cb3a0 [fd  127] Read Persist
  0x55f2c70cdd50 [fd  141] Read Persist
  0x55f2c70cd900 [fd  142] Read Persist
Active events:
20260313-143120-8406 07052 * Cleanup         (server.cc:593):    Exporting stats to /mnt/extra/experiments/2026-04-13-14-30-10/out/server-0-4-2-stats-0.json.
