20260216-154256-9434 11300 * main            (server.cc:213):    Starting server.
20260216-154256-9439 11300 * main            (server.cc:331):    Creating a default paritioner!
20260216-154307-9099 11300 * main            (server.cc:490):    Done loading server.
20260216-154401-9671 11300 ! TCPIncomingEventCallback (tcptransport.cc:928): [TCP INCOMING 18] EOF, lifetime=40992.47 ms
20260216-154401-9813 11300 ! TCPIncomingEventCallback (tcptransport.cc:928): [TCP INCOMING 9] EOF, lifetime=41011.54 ms
20260216-154401-9819 11300 ! TCPIncomingEventCallback (tcptransport.cc:928): [TCP INCOMING 23] EOF, lifetime=41005.68 ms
20260216-154401-9850 11300 ! TCPIncomingEventCallback (tcptransport.cc:928): [TCP INCOMING 10] EOF, lifetime=41014.23 ms
20260216-154401-9869 11300 ! TCPIncomingEventCallback (tcptransport.cc:928): [TCP INCOMING 11] EOF, lifetime=41015.50 ms
20260216-154401-9925 11300 ! TCPIncomingEventCallback (tcptransport.cc:928): [TCP INCOMING 17] EOF, lifetime=41018.73 ms
20260216-154402-0023 11300 ! TCPIncomingEventCallback (tcptransport.cc:928): [TCP INCOMING 45] EOF, lifetime=41015.33 ms
20260216-154402-0024 11300 ! TCPIncomingEventCallback (tcptransport.cc:928): [TCP INCOMING 12] EOF, lifetime=41030.83 ms
20260216-154402-0035 11300 ! TCPIncomingEventCallback (tcptransport.cc:928): [TCP INCOMING 14] EOF, lifetime=41030.82 ms
20260216-154402-0049 11300 ! TCPIncomingEventCallback (tcptransport.cc:928): [TCP INCOMING 22] EOF, lifetime=41029.49 ms
20260216-154402-0050 11300 ! TCPIncomingEventCallback (tcptransport.cc:928): [TCP INCOMING 20] EOF, lifetime=41030.06 ms
20260216-154402-0051 11300 ! TCPIncomingEventCallback (tcptransport.cc:928): [TCP INCOMING 34] EOF, lifetime=41023.51 ms
20260216-154402-0052 11300 ! TCPIncomingEventCallback (tcptransport.cc:928): [TCP INCOMING 32] EOF, lifetime=41024.67 ms
20260216-154402-0058 11300 ! TCPIncomingEventCallback (tcptransport.cc:928): [TCP INCOMING 60] EOF, lifetime=41010.13 ms
20260216-154402-0059 11300 ! TCPIncomingEventCallback (tcptransport.cc:928): [TCP INCOMING 50] EOF, lifetime=41014.60 ms
20260216-154402-0061 11300 ! TCPIncomingEventCallback (tcptransport.cc:928): [TCP INCOMING 6] EOF, lifetime=41037.47 ms
20260216-154402-0094 11300 ! TCPIncomingEventCallback (tcptransport.cc:928): [TCP INCOMING 64] EOF, lifetime=41008.05 ms
20260216-154402-0219 11300 ! TCPIncomingEventCallback (tcptransport.cc:928): [TCP INCOMING 65] EOF, lifetime=41019.31 ms
20260216-154402-0220 11300 ! TCPIncomingEventCallback (tcptransport.cc:928): [TCP INCOMING 31] EOF, lifetime=41042.66 ms
20260216-154402-0222 11300 ! TCPIncomingEventCallback (tcptransport.cc:928): [TCP INCOMING 25] EOF, lifetime=41044.71 ms
20260216-154402-0223 11300 ! TCPIncomingEventCallback (tcptransport.cc:928): [TCP INCOMING 24] EOF, lifetime=41045.03 ms
20260216-154402-0224 11300 ! TCPIncomingEventCallback (tcptransport.cc:928): [TCP INCOMING 13] EOF, lifetime=41050.15 ms
20260216-154402-0227 11300 ! TCPIncomingEventCallback (tcptransport.cc:928): [TCP INCOMING 43] EOF, lifetime=41037.15 ms
20260216-154402-0228 11300 ! TCPIncomingEventCallback (tcptransport.cc:928): [TCP INCOMING 46] EOF, lifetime=41034.97 ms
20260216-154402-0229 11300 ! TCPIncomingEventCallback (tcptransport.cc:928): [TCP INCOMING 47] EOF, lifetime=41033.93 ms
20260216-154402-0231 11300 ! TCPIncomingEventCallback (tcptransport.cc:928): [TCP INCOMING 27] EOF, lifetime=41045.15 ms
20260216-154402-0232 11300 ! TCPIncomingEventCallback (tcptransport.cc:928): [TCP INCOMING 36] EOF, lifetime=41041.02 ms
20260216-154402-0329 11300 ! TCPIncomingEventCallback (tcptransport.cc:928): [TCP INCOMING 28] EOF, lifetime=41054.60 ms
20260216-154402-0330 11300 ! TCPIncomingEventCallback (tcptransport.cc:928): [TCP INCOMING 48] EOF, lifetime=41042.45 ms
20260216-154402-0331 11300 ! TCPIncomingEventCallback (tcptransport.cc:928): [TCP INCOMING 29] EOF, lifetime=41054.45 ms
20260216-154402-0336 11300 ! TCPIncomingEventCallback (tcptransport.cc:928): [TCP INCOMING 54] EOF, lifetime=41041.17 ms
20260216-154402-0337 11300 ! TCPIncomingEventCallback (tcptransport.cc:928): [TCP INCOMING 53] EOF, lifetime=41041.85 ms
20260216-154402-0338 11300 ! TCPIncomingEventCallback (tcptransport.cc:928): [TCP INCOMING 51] EOF, lifetime=41042.36 ms
20260216-154402-0342 11300 ! TCPIncomingEventCallback (tcptransport.cc:928): [TCP INCOMING 38] EOF, lifetime=41051.15 ms
20260216-154402-0343 11300 ! TCPIncomingEventCallback (tcptransport.cc:928): [TCP INCOMING 52] EOF, lifetime=41042.64 ms
20260216-154402-0448 11300 ! TCPIncomingEventCallback (tcptransport.cc:928): [TCP INCOMING 40] EOF, lifetime=41060.03 ms
20260216-154402-0448 11300 ! TCPIncomingEventCallback (tcptransport.cc:928): [TCP INCOMING 19] EOF, lifetime=41070.03 ms
20260216-154402-0450 11300 ! TCPIncomingEventCallback (tcptransport.cc:928): [TCP INCOMING 58] EOF, lifetime=41049.86 ms
20260216-154402-0454 11300 ! TCPIncomingEventCallback (tcptransport.cc:928): [TCP INCOMING 39] EOF, lifetime=41060.88 ms
20260216-154402-0455 11300 ! TCPIncomingEventCallback (tcptransport.cc:928): [TCP INCOMING 16] EOF, lifetime=41072.06 ms
20260216-154402-0456 11300 ! TCPIncomingEventCallback (tcptransport.cc:928): [TCP INCOMING 55] EOF, lifetime=41052.75 ms
20260216-154402-0462 11300 ! TCPIncomingEventCallback (tcptransport.cc:928): [TCP INCOMING 41] EOF, lifetime=41061.20 ms
20260216-154402-0463 11300 ! TCPIncomingEventCallback (tcptransport.cc:928): [TCP INCOMING 21] EOF, lifetime=41071.23 ms
20260216-154402-0476 11300 ! TCPIncomingEventCallback (tcptransport.cc:928): [TCP INCOMING 42] EOF, lifetime=41062.27 ms
20260216-154402-0569 11300 ! TCPIncomingEventCallback (tcptransport.cc:928): [TCP INCOMING 15] EOF, lifetime=41083.49 ms
20260216-154402-0570 11300 ! TCPIncomingEventCallback (tcptransport.cc:928): [TCP INCOMING 33] EOF, lifetime=41076.37 ms
20260216-154402-0570 11300 ! TCPIncomingEventCallback (tcptransport.cc:928): [TCP INCOMING 44] EOF, lifetime=41071.29 ms
20260216-154402-0625 11300 ! TCPIncomingEventCallback (tcptransport.cc:928): [TCP INCOMING 57] EOF, lifetime=41069.04 ms
20260216-154402-0626 11300 ! TCPIncomingEventCallback (tcptransport.cc:928): [TCP INCOMING 56] EOF, lifetime=41069.50 ms
20260216-154402-0627 11300 ! TCPIncomingEventCallback (tcptransport.cc:928): [TCP INCOMING 37] EOF, lifetime=41080.33 ms
20260216-154402-0628 11300 ! TCPIncomingEventCallback (tcptransport.cc:928): [TCP INCOMING 61] EOF, lifetime=41066.70 ms
20260216-154402-0629 11300 ! TCPIncomingEventCallback (tcptransport.cc:928): [TCP INCOMING 3] EOF, lifetime=41095.44 ms
20260216-154402-0637 11300 ! TCPIncomingEventCallback (tcptransport.cc:928): [TCP INCOMING 62] EOF, lifetime=41064.84 ms
20260216-154402-0641 11300 ! TCPIncomingEventCallback (tcptransport.cc:928): [TCP INCOMING 30] EOF, lifetime=41085.14 ms
20260216-154402-0643 11300 ! TCPIncomingEventCallback (tcptransport.cc:928): [TCP INCOMING 66] EOF, lifetime=41059.31 ms
20260216-154402-0661 11300 ! TCPIncomingEventCallback (tcptransport.cc:928): [TCP INCOMING 69] EOF, lifetime=41056.74 ms
20260216-154402-0668 11300 ! TCPIncomingEventCallback (tcptransport.cc:928): [TCP INCOMING 67] EOF, lifetime=41060.98 ms
20260216-154402-0681 11300 ! TCPIncomingEventCallback (tcptransport.cc:928): [TCP INCOMING 63] EOF, lifetime=41068.41 ms
20260216-154402-0681 11300 ! TCPIncomingEventCallback (tcptransport.cc:928): [TCP INCOMING 35] EOF, lifetime=41086.21 ms
20260216-154402-0726 11300 ! TCPIncomingEventCallback (tcptransport.cc:928): [TCP INCOMING 26] EOF, lifetime=41094.98 ms
20260216-154402-0770 11300 ! TCPIncomingEventCallback (tcptransport.cc:928): [TCP INCOMING 68] EOF, lifetime=41069.61 ms
20260216-154402-0783 11300 ! TCPIncomingEventCallback (tcptransport.cc:928): [TCP INCOMING 59] EOF, lifetime=41082.86 ms
20260216-154402-0920 11300 ! TCPIncomingEventCallback (tcptransport.cc:928): [TCP INCOMING 49] EOF, lifetime=41100.94 ms
20260216-154402-2061 11300 ! TCPIncomingEventCallback (tcptransport.cc:928): [TCP INCOMING 70] EOF, lifetime=41005.92 ms
20260216-154408-7187 11300 * Cleanup         (server.cc:548):    Gracefully exiting after signal 15.
20260216-154408-7188 11300 * Stop            (tcptransport.cc:581): [TCP SUMMARY] outgoingCreated=3 outgoingClosed=0 incomingCreated=67 incomingClosed=64 outgoingPeak=4 incomingPeak=64
Inserted events:
  0x55f6450ff2f0 [fd  9] Read Persist Internal
  0x55f6450fa420 [fd  10] Read Persist
  0x55f6450fca20 [fd  11] Read Persist
  0x55f69ae5c530 [fd  12] Read Persist
  0x55f69ae5cf10 [fd  13] Read Persist
  0x55f69ae5e700 [fd  15] Read Persist
  0x55f69ae6f9d0 [fd  16] Read Persist
  0x55f69ae8a0c0 [fd  18] Read Persist
  0x55f69ae8a2e0 [fd  19] Read Persist
  0x55f69aeda3f0 [fd  -1] Timeout=1773693849.202177
Active events:
20260216-154408-7189 11300 * Cleanup         (server.cc:552):    Exporting stats to /mnt/extra/experiments/2026-03-16-15-42-54/out/server-0-0-0-stats-0.json.
double free or corruption (fasttop)
