20260313-061719-8486 05317 * main            (benchmark.cc:405): Starting benchmark.
20260313-061720-6620 05317 * main            (benchmark.cc:624): Creating a default paritioner!
20260313-061720-6630 05317 * Client          (client.cc:76):     Initializing StrongStore client with id [2]
20260313-061720-6654 05317 * ShardClient     (shardclient.cc:62): success in sending register client: for client id 2 1
20260313-061720-6655 05317 * ShardClient     (shardclient.cc:62): success in sending register client: for client id 2 1
20260313-061720-6655 05317 * ShardClient     (shardclient.cc:62): success in sending register client: for client id 2 1
20260313-061720-6664 05317 * ShardClient     (shardclient.cc:62): success in sending register client: for client id 2 1
20260313-061720-6665 05317 * ShardClient     (shardclient.cc:62): success in sending register client: for client id 2 1
20260313-061720-6665 05317 * ShardClient     (shardclient.cc:62): success in sending register client: for client id 2 1
20260313-061720-6674 05317 * ShardClient     (shardclient.cc:62): success in sending register client: for client id 2 1
20260313-061720-6675 05317 * ShardClient     (shardclient.cc:62): success in sending register client: for client id 2 1
20260313-061720-6675 05317 * ShardClient     (shardclient.cc:62): success in sending register client: for client id 2 1
20260313-061720-6685 05317 * ShardClient     (shardclient.cc:62): success in sending register client: for client id 2 1
20260313-061720-6685 05317 * ShardClient     (shardclient.cc:62): success in sending register client: for client id 2 1
20260313-061720-6686 05317 * ShardClient     (shardclient.cc:62): success in sending register client: for client id 2 1
20260313-061720-6695 05317 * ShardClient     (shardclient.cc:62): success in sending register client: for client id 2 1
20260313-061720-6696 05317 * ShardClient     (shardclient.cc:62): success in sending register client: for client id 2 1
20260313-061720-6696 05317 * ShardClient     (shardclient.cc:62): success in sending register client: for client id 2 1
20260313-061720-6705 05317 * ShardClient     (shardclient.cc:62): success in sending register client: for client id 2 1
20260313-061720-6706 05317 * ShardClient     (shardclient.cc:62): success in sending register client: for client id 2 1
20260313-061720-6706 05317 * ShardClient     (shardclient.cc:62): success in sending register client: for client id 2 1
20260313-061720-6715 05317 * ShardClient     (shardclient.cc:62): success in sending register client: for client id 2 1
20260313-061720-6716 05317 * ShardClient     (shardclient.cc:62): success in sending register client: for client id 2 1
20260313-061720-6716 05317 * ShardClient     (shardclient.cc:62): success in sending register client: for client id 2 1
20260313-061720-6725 05317 * ShardClient     (shardclient.cc:62): success in sending register client: for client id 2 1
20260313-061720-6726 05317 * ShardClient     (shardclient.cc:62): success in sending register client: for client id 2 1
20260313-061720-6726 05317 * ShardClient     (shardclient.cc:62): success in sending register client: for client id 2 1
20260313-061720-6735 05317 * ShardClient     (shardclient.cc:62): success in sending register client: for client id 2 1
20260313-061720-6736 05317 * ShardClient     (shardclient.cc:62): success in sending register client: for client id 2 1
20260313-061720-6736 05317 * ShardClient     (shardclient.cc:62): success in sending register client: for client id 2 1
20260313-061720-6745 05317 * ShardClient     (shardclient.cc:62): success in sending register client: for client id 2 1
20260313-061720-6746 05317 * ShardClient     (shardclient.cc:62): success in sending register client: for client id 2 1
20260313-061720-6746 05317 * ShardClient     (shardclient.cc:62): success in sending register client: for client id 2 1
20260313-061720-6746 05317 * BenchmarkClient (bench_client.cc:83): starting benchclient, issueConcurrent: 1; fanout: 16
Session created: 0
last_service: , current_state: 0
Session continued: 0
last_service: , current_state: 0
Session destroyed: 18446744073709551615
last_service: , current_state: 0
20260313-061720-7923 05317 * ExecuteNextAppRequestOperation (bench_client.cc:407): Sending op with proto 5 and index 1
20260313-061720-7924 05317 * ExecuteNextAppRequestOperation (bench_client.cc:407): Sending op with proto 5 and index 1
20260313-061720-7925 05317 * SendOperation   (shardclient.cc:377): Client-side CoordRequest: p=68719476737 s=68719476738 to group=8 replica=1
20260313-061720-7925 05317 * ExecuteNextAppRequestOperation (bench_client.cc:407): Sending op with proto 5 and index 1
20260313-061720-7926 05317 * SendOperation   (shardclient.cc:377): Client-side CoordRequest: p=68719476738 s=47244640257 to group=8 replica=1
20260313-061720-7926 05317 * ExecuteNextAppRequestOperation (bench_client.cc:407): Sending op with proto 5 and index 1
20260313-061720-7926 05317 * SendOperation   (shardclient.cc:377): Client-side CoordRequest: p=47244640257 s=73014444033 to group=3 replica=1
20260313-061720-7927 05317 * ExecuteNextAppRequestOperation (bench_client.cc:407): Sending op with proto 5 and index 1
20260313-061720-7927 05317 * SendOperation   (shardclient.cc:377): Client-side CoordRequest: p=73014444033 s=55834574849 to group=9 replica=1
20260313-061720-7927 05317 * ExecuteNextAppRequestOperation (bench_client.cc:407): Sending op with proto 5 and index 1
20260313-061720-7928 05317 * SendOperation   (shardclient.cc:377): Client-side CoordRequest: p=55834574849 s=68719476739 to group=5 replica=1
20260313-061720-7928 05317 * ExecuteNextAppRequestOperation (bench_client.cc:407): Sending op with proto 5 and index 1
20260313-061720-7928 05317 * SendOperation   (shardclient.cc:377): Client-side CoordRequest: p=68719476739 s=34359738369 to group=8 replica=1
20260313-061720-7929 05317 * ExecuteNextAppRequestOperation (bench_client.cc:407): Sending op with proto 5 and index 1
20260313-061720-7929 05317 * SendOperation   (shardclient.cc:377): Client-side CoordRequest: p=34359738369 s=47244640258 to group=0 replica=1
20260313-061720-7929 05317 * ExecuteNextAppRequestOperation (bench_client.cc:407): Sending op with proto 5 and index 1
20260313-061720-7929 05317 * SendOperation   (shardclient.cc:377): Client-side CoordRequest: p=47244640258 s=55834574850 to group=3 replica=1
20260313-061720-7930 05317 * ExecuteNextAppRequestOperation (bench_client.cc:407): Sending op with proto 5 and index 1
20260313-061720-7930 05317 * SendOperation   (shardclient.cc:377): Client-side CoordRequest: p=55834574850 s=68719476740 to group=5 replica=1
20260313-061720-7931 05317 * ExecuteNextAppRequestOperation (bench_client.cc:407): Sending op with proto 5 and index 1
20260313-061720-7931 05317 * SendOperation   (shardclient.cc:377): Client-side CoordRequest: p=68719476740 s=34359738370 to group=8 replica=1
20260313-061720-7931 05317 * ExecuteNextAppRequestOperation (bench_client.cc:407): Sending op with proto 5 and index 1
20260313-061720-7931 05317 * SendOperation   (shardclient.cc:377): Client-side CoordRequest: p=34359738370 s=38654705665 to group=0 replica=1
20260313-061720-7932 05317 * ExecuteNextAppRequestOperation (bench_client.cc:407): Sending op with proto 5 and index 1
20260313-061720-7932 05317 * SendOperation   (shardclient.cc:377): Client-side CoordRequest: p=38654705665 s=47244640259 to group=1 replica=1
20260313-061720-7932 05317 * ExecuteNextAppRequestOperation (bench_client.cc:407): Sending op with proto 5 and index 1
20260313-061720-7933 05317 * SendOperation   (shardclient.cc:377): Client-side CoordRequest: p=47244640259 s=38654705666 to group=3 replica=1
20260313-061720-7933 05317 * ExecuteNextAppRequestOperation (bench_client.cc:407): Sending op with proto 5 and index 1
20260313-061720-7933 05317 * SendOperation   (shardclient.cc:377): Client-side CoordRequest: p=38654705666 s=51539607553 to group=1 replica=1
20260313-061720-7934 05317 * GetNextOperation (app_request.cc:76): AppRequest batch composition: fanout=16 reads=16 writes=0
20260313-061720-7934 05317 * ExecuteNextAppRequestOperation (bench_client.cc:407): Sending op with proto 5 and index 1
20260313-061720-7934 05317 * SendOperation   (shardclient.cc:377): Client-side CoordRequest: p=51539607553 s=51539607554 to group=4 replica=1
20260313-061722-5852 05317 * ExecuteNextAppRequestOperation (bench_client.cc:407): Sending op with proto 5 and index 1
20260313-061722-5854 05317 * ExecuteNextAppRequestOperation (bench_client.cc:407): Sending op with proto 5 and index 0
20260313-061722-5855 05317 * SendOperation   (shardclient.cc:377): Client-side CoordRequest: p=64424509441 s=47244640260 to group=7 replica=1
20260313-061722-5857 05317 * ExecuteNextAppRequestOperation (bench_client.cc:407): Sending op with proto 5 and index 1
20260313-061722-5857 05317 * SendOperation   (shardclient.cc:377): Client-side CoordRequest: p=47244640260 s=42949672961 to group=3 replica=2
20260313-061722-5859 05317 * ExecuteNextAppRequestOperation (bench_client.cc:407): Sending op with proto 5 and index 1
20260313-061722-5859 05317 * SendOperation   (shardclient.cc:377): Client-side CoordRequest: p=42949672961 s=47244640261 to group=2 replica=1
20260313-061722-5861 05317 * ExecuteNextAppRequestOperation (bench_client.cc:407): Sending op with proto 5 and index 1
20260313-061722-5862 05317 * SendOperation   (shardclient.cc:377): Client-side CoordRequest: p=47244640261 s=34359738371 to group=3 replica=1
20260313-061722-5863 05317 * ExecuteNextAppRequestOperation (bench_client.cc:407): Sending op with proto 5 and index 1
20260313-061722-5864 05317 * SendOperation   (shardclient.cc:377): Client-side CoordRequest: p=34359738371 s=68719476741 to group=0 replica=1
20260313-061722-5865 05317 * ExecuteNextAppRequestOperation (bench_client.cc:407): Sending op with proto 5 and index 1
20260313-061722-5866 05317 * SendOperation   (shardclient.cc:377): Client-side CoordRequest: p=68719476741 s=42949672962 to group=8 replica=1
20260313-061722-5867 05317 * ExecuteNextAppRequestOperation (bench_client.cc:407): Sending op with proto 5 and index 1
20260313-061722-5868 05317 * SendOperation   (shardclient.cc:377): Client-side CoordRequest: p=42949672962 s=64424509442 to group=2 replica=1
20260313-061722-5869 05317 * ExecuteNextAppRequestOperation (bench_client.cc:407): Sending op with proto 5 and index 1
20260313-061722-5870 05317 * SendOperation   (shardclient.cc:377): Client-side CoordRequest: p=64424509442 s=68719476742 to group=7 replica=1
20260313-061722-5871 05317 * ExecuteNextAppRequestOperation (bench_client.cc:407): Sending op with proto 5 and index 1
20260313-061722-5872 05317 * SendOperation   (shardclient.cc:377): Client-side CoordRequest: p=68719476742 s=60129542145 to group=8 replica=1
20260313-061722-5873 05317 * ExecuteNextAppRequestOperation (bench_client.cc:407): Sending op with proto 5 and index 1
20260313-061722-5874 05317 * SendOperation   (shardclient.cc:377): Client-side CoordRequest: p=60129542145 s=51539607555 to group=6 replica=1
20260313-061722-5875 05317 * ExecuteNextAppRequestOperation (bench_client.cc:407): Sending op with proto 5 and index 1
20260313-061722-5876 05317 * SendOperation   (shardclient.cc:377): Client-side CoordRequest: p=51539607555 s=42949672963 to group=4 replica=1
20260313-061722-5877 05317 * ExecuteNextAppRequestOperation (bench_client.cc:407): Sending op with proto 5 and index 1
20260313-061722-5878 05317 * SendOperation   (shardclient.cc:377): Client-side CoordRequest: p=42949672963 s=60129542146 to group=2 replica=1
20260313-061722-5879 05317 * ExecuteNextAppRequestOperation (bench_client.cc:407): Sending op with proto 5 and index 0
20260313-061722-5880 05317 * SendOperation   (shardclient.cc:377): Client-side CoordRequest: p=60129542146 s=51539607556 to group=6 replica=1
20260313-061722-5882 05317 * ExecuteNextAppRequestOperation (bench_client.cc:407): Sending op with proto 5 and index 1
20260313-061722-5882 05317 * SendOperation   (shardclient.cc:377): Client-side CoordRequest: p=51539607556 s=73014444034 to group=4 replica=2
20260313-061722-5884 05317 * GetNextOperation (app_request.cc:76): AppRequest batch composition: fanout=16 reads=14 writes=2
20260313-061722-5884 05317 * ExecuteNextAppRequestOperation (bench_client.cc:407): Sending op with proto 5 and index 1
20260313-061722-5885 05317 * SendOperation   (shardclient.cc:377): Client-side CoordRequest: p=73014444034 s=51539607557 to group=9 replica=1
20260313-061724-3994 05317 * ExecuteNextAppRequestOperation (bench_client.cc:407): Sending op with proto 5 and index 1
20260313-061724-3997 05317 * ExecuteNextAppRequestOperation (bench_client.cc:407): Sending op with proto 5 and index 1
20260313-061724-3998 05317 * SendOperation   (shardclient.cc:377): Client-side CoordRequest: p=64424509443 s=34359738372 to group=7 replica=1
20260313-061724-3999 05317 * ExecuteNextAppRequestOperation (bench_client.cc:407): Sending op with proto 5 and index 1
20260313-061724-4000 05317 * SendOperation   (shardclient.cc:377): Client-side CoordRequest: p=34359738372 s=60129542147 to group=0 replica=1
20260313-061724-4001 05317 * ExecuteNextAppRequestOperation (bench_client.cc:407): Sending op with proto 5 and index 1
20260313-061724-4002 05317 * SendOperation   (shardclient.cc:377): Client-side CoordRequest: p=60129542147 s=73014444035 to group=6 replica=1
20260313-061724-4003 05317 * ExecuteNextAppRequestOperation (bench_client.cc:407): Sending op with proto 5 and index 1
20260313-061724-4004 05317 * SendOperation   (shardclient.cc:377): Client-side CoordRequest: p=73014444035 s=64424509444 to group=9 replica=1
20260313-061724-4006 05317 * ExecuteNextAppRequestOperation (bench_client.cc:407): Sending op with proto 5 and index 1
20260313-061724-4006 05317 * SendOperation   (shardclient.cc:377): Client-side CoordRequest: p=64424509444 s=42949672964 to group=7 replica=1
20260313-061724-4008 05317 * ExecuteNextAppRequestOperation (bench_client.cc:407): Sending op with proto 5 and index 0
20260313-061724-4008 05317 * SendOperation   (shardclient.cc:377): Client-side CoordRequest: p=42949672964 s=68719476743 to group=2 replica=1
20260313-061724-4010 05317 * ExecuteNextAppRequestOperation (bench_client.cc:407): Sending op with proto 5 and index 1
20260313-061724-4010 05317 * SendOperation   (shardclient.cc:377): Client-side CoordRequest: p=68719476743 s=51539607558 to group=8 replica=2
20260313-061724-4012 05317 * ExecuteNextAppRequestOperation (bench_client.cc:407): Sending op with proto 5 and index 1
20260313-061724-4013 05317 * SendOperation   (shardclient.cc:377): Client-side CoordRequest: p=51539607558 s=64424509445 to group=4 replica=1
20260313-061724-4014 05317 * ExecuteNextAppRequestOperation (bench_client.cc:407): Sending op with proto 5 and index 1
20260313-061724-4015 05317 * SendOperation   (shardclient.cc:377): Client-side CoordRequest: p=64424509445 s=73014444036 to group=7 replica=1
20260313-061724-4016 05317 * ExecuteNextAppRequestOperation (bench_client.cc:407): Sending op with proto 5 and index 1
20260313-061724-4017 05317 * SendOperation   (shardclient.cc:377): Client-side CoordRequest: p=73014444036 s=68719476744 to group=9 replica=1
20260313-061724-4018 05317 * ExecuteNextAppRequestOperation (bench_client.cc:407): Sending op with proto 5 and index 1
20260313-061724-4019 05317 * SendOperation   (shardclient.cc:377): Client-side CoordRequest: p=68719476744 s=51539607559 to group=8 replica=1
20260313-061724-4020 05317 * ExecuteNextAppRequestOperation (bench_client.cc:407): Sending op with proto 5 and index 1
20260313-061724-4021 05317 * SendOperation   (shardclient.cc:377): Client-side CoordRequest: p=51539607559 s=34359738373 to group=4 replica=1
20260313-061724-4022 05317 * ExecuteNextAppRequestOperation (bench_client.cc:407): Sending op with proto 5 and index 1
20260313-061724-4023 05317 * SendOperation   (shardclient.cc:377): Client-side CoordRequest: p=34359738373 s=47244640262 to group=0 replica=1
20260313-061724-4024 05317 * ExecuteNextAppRequestOperation (bench_client.cc:407): Sending op with proto 5 and index 1
20260313-061724-4025 05317 * SendOperation   (shardclient.cc:377): Client-side CoordRequest: p=47244640262 s=42949672965 to group=3 replica=1
20260313-061724-4026 05317 * GetNextOperation (app_request.cc:76): AppRequest batch composition: fanout=16 reads=15 writes=1
20260313-061724-4027 05317 * ExecuteNextAppRequestOperation (bench_client.cc:407): Sending op with proto 5 and index 1
20260313-061724-4027 05317 * SendOperation   (shardclient.cc:377): Client-side CoordRequest: p=42949672965 s=51539607560 to group=2 replica=1
20260313-061724-7925 05317 * WarmupDone      (bench_client.cc:727): Completed warmup period of 4 seconds with 2 requests
20260313-061726-2149 05317 * ExecuteNextAppRequestOperation (bench_client.cc:407): Sending op with proto 5 and index 1
20260313-061726-2152 05317 * ExecuteNextAppRequestOperation (bench_client.cc:407): Sending op with proto 5 and index 1
20260313-061726-2152 05317 * SendOperation   (shardclient.cc:377): Client-side CoordRequest: p=73014444037 s=60129542148 to group=9 replica=1
20260313-061726-2154 05317 * ExecuteNextAppRequestOperation (bench_client.cc:407): Sending op with proto 5 and index 1
20260313-061726-2154 05317 * SendOperation   (shardclient.cc:377): Client-side CoordRequest: p=60129542148 s=42949672966 to group=6 replica=1
20260313-061726-2156 05317 * ExecuteNextAppRequestOperation (bench_client.cc:407): Sending op with proto 5 and index 1
20260313-061726-2157 05317 * SendOperation   (shardclient.cc:377): Client-side CoordRequest: p=42949672966 s=60129542149 to group=2 replica=1
20260313-061726-2158 05317 * ExecuteNextAppRequestOperation (bench_client.cc:407): Sending op with proto 5 and index 1
20260313-061726-2159 05317 * SendOperation   (shardclient.cc:377): Client-side CoordRequest: p=60129542149 s=60129542150 to group=6 replica=1
20260313-061726-2160 05317 * ExecuteNextAppRequestOperation (bench_client.cc:407): Sending op with proto 5 and index 1
20260313-061726-2161 05317 * SendOperation   (shardclient.cc:377): Client-side CoordRequest: p=60129542150 s=51539607561 to group=6 replica=1
20260313-061726-2162 05317 * ExecuteNextAppRequestOperation (bench_client.cc:407): Sending op with proto 5 and index 1
20260313-061726-2163 05317 * SendOperation   (shardclient.cc:377): Client-side CoordRequest: p=51539607561 s=60129542151 to group=4 replica=1
20260313-061726-2164 05317 * ExecuteNextAppRequestOperation (bench_client.cc:407): Sending op with proto 5 and index 0
20260313-061726-2165 05317 * SendOperation   (shardclient.cc:377): Client-side CoordRequest: p=60129542151 s=38654705667 to group=6 replica=1
20260313-061726-2166 05317 * ExecuteNextAppRequestOperation (bench_client.cc:407): Sending op with proto 5 and index 1
20260313-061726-2167 05317 * SendOperation   (shardclient.cc:377): Client-side CoordRequest: p=38654705667 s=64424509446 to group=1 replica=2
20260313-061726-2169 05317 * ExecuteNextAppRequestOperation (bench_client.cc:407): Sending op with proto 5 and index 1
20260313-061726-2169 05317 * SendOperation   (shardclient.cc:377): Client-side CoordRequest: p=64424509446 s=34359738374 to group=7 replica=1
20260313-061726-2171 05317 * ExecuteNextAppRequestOperation (bench_client.cc:407): Sending op with proto 5 and index 1
20260313-061726-2171 05317 * SendOperation   (shardclient.cc:377): Client-side CoordRequest: p=34359738374 s=51539607562 to group=0 replica=1
20260313-061726-2173 05317 * ExecuteNextAppRequestOperation (bench_client.cc:407): Sending op with proto 5 and index 1
20260313-061726-2173 05317 * SendOperation   (shardclient.cc:377): Client-side CoordRequest: p=51539607562 s=55834574851 to group=4 replica=1
20260313-061726-2175 05317 * ExecuteNextAppRequestOperation (bench_client.cc:407): Sending op with proto 5 and index 1
20260313-061726-2175 05317 * SendOperation   (shardclient.cc:377): Client-side CoordRequest: p=55834574851 s=73014444038 to group=5 replica=1
20260313-061726-2177 05317 * ExecuteNextAppRequestOperation (bench_client.cc:407): Sending op with proto 5 and index 1
20260313-061726-2177 05317 * SendOperation   (shardclient.cc:377): Client-side CoordRequest: p=73014444038 s=60129542152 to group=9 replica=1
20260313-061726-2179 05317 * ExecuteNextAppRequestOperation (bench_client.cc:407): Sending op with proto 5 and index 1
20260313-061726-2179 05317 * SendOperation   (shardclient.cc:377): Client-side CoordRequest: p=60129542152 s=47244640263 to group=6 replica=1
20260313-061726-2181 05317 * GetNextOperation (app_request.cc:76): AppRequest batch composition: fanout=16 reads=15 writes=1
20260313-061726-2181 05317 * ExecuteNextAppRequestOperation (bench_client.cc:407): Sending op with proto 5 and index 1
20260313-061726-2182 05317 * SendOperation   (shardclient.cc:377): Client-side CoordRequest: p=47244640263 s=55834574852 to group=3 replica=1
20260313-061727-8281 05317 * ExecuteNextAppRequestOperation (bench_client.cc:407): Sending op with proto 5 and index 1
20260313-061727-8283 05317 * ExecuteNextAppRequestOperation (bench_client.cc:407): Sending op with proto 5 and index 0
20260313-061727-8284 05317 * SendOperation   (shardclient.cc:377): Client-side CoordRequest: p=38654705668 s=68719476745 to group=1 replica=1
20260313-061727-8285 05317 * ExecuteNextAppRequestOperation (bench_client.cc:407): Sending op with proto 5 and index 1
20260313-061727-8286 05317 * SendOperation   (shardclient.cc:377): Client-side CoordRequest: p=68719476745 s=60129542153 to group=8 replica=2
20260313-061727-8288 05317 * ExecuteNextAppRequestOperation (bench_client.cc:407): Sending op with proto 5 and index 1
20260313-061727-8288 05317 * SendOperation   (shardclient.cc:377): Client-side CoordRequest: p=60129542153 s=38654705669 to group=6 replica=1
20260313-061727-8290 05317 * ExecuteNextAppRequestOperation (bench_client.cc:407): Sending op with proto 5 and index 1
20260313-061727-8290 05317 * SendOperation   (shardclient.cc:377): Client-side CoordRequest: p=38654705669 s=73014444039 to group=1 replica=1
20260313-061727-8292 05317 * ExecuteNextAppRequestOperation (bench_client.cc:407): Sending op with proto 5 and index 1
20260313-061727-8292 05317 * SendOperation   (shardclient.cc:377): Client-side CoordRequest: p=73014444039 s=60129542154 to group=9 replica=1
20260313-061727-8294 05317 * ExecuteNextAppRequestOperation (bench_client.cc:407): Sending op with proto 5 and index 1
20260313-061727-8294 05317 * SendOperation   (shardclient.cc:377): Client-side CoordRequest: p=60129542154 s=68719476746 to group=6 replica=1
20260313-061727-8296 05317 * ExecuteNextAppRequestOperation (bench_client.cc:407): Sending op with proto 5 and index 0
20260313-061727-8296 05317 * SendOperation   (shardclient.cc:377): Client-side CoordRequest: p=68719476746 s=42949672967 to group=8 replica=1
20260313-061727-8298 05317 * ExecuteNextAppRequestOperation (bench_client.cc:407): Sending op with proto 5 and index 1
20260313-061727-8299 05317 * SendOperation   (shardclient.cc:377): Client-side CoordRequest: p=42949672967 s=42949672968 to group=2 replica=2
20260313-061727-8300 05317 * ExecuteNextAppRequestOperation (bench_client.cc:407): Sending op with proto 5 and index 1
20260313-061727-8301 05317 * SendOperation   (shardclient.cc:377): Client-side CoordRequest: p=42949672968 s=73014444040 to group=2 replica=1
20260313-061727-8302 05317 * ExecuteNextAppRequestOperation (bench_client.cc:407): Sending op with proto 5 and index 1
20260313-061727-8303 05317 * SendOperation   (shardclient.cc:377): Client-side CoordRequest: p=73014444040 s=38654705670 to group=9 replica=1
20260313-061727-8304 05317 * ExecuteNextAppRequestOperation (bench_client.cc:407): Sending op with proto 5 and index 1
20260313-061727-8305 05317 * SendOperation   (shardclient.cc:377): Client-side CoordRequest: p=38654705670 s=68719476747 to group=1 replica=1
20260313-061727-8306 05317 * ExecuteNextAppRequestOperation (bench_client.cc:407): Sending op with proto 5 and index 1
20260313-061727-8307 05317 * SendOperation   (shardclient.cc:377): Client-side CoordRequest: p=68719476747 s=68719476748 to group=8 replica=1
20260313-061727-8308 05317 * ExecuteNextAppRequestOperation (bench_client.cc:407): Sending op with proto 5 and index 1
20260313-061727-8309 05317 * SendOperation   (shardclient.cc:377): Client-side CoordRequest: p=68719476748 s=73014444041 to group=8 replica=1
20260313-061727-8310 05317 * ExecuteNextAppRequestOperation (bench_client.cc:407): Sending op with proto 5 and index 0
20260313-061727-8311 05317 * SendOperation   (shardclient.cc:377): Client-side CoordRequest: p=73014444041 s=47244640264 to group=9 replica=1
20260313-061727-8312 05317 * GetNextOperation (app_request.cc:76): AppRequest batch composition: fanout=16 reads=12 writes=4
20260313-061727-8313 05317 * ExecuteNextAppRequestOperation (bench_client.cc:407): Sending op with proto 5 and index 0
20260313-061727-8313 05317 * SendOperation   (shardclient.cc:377): Client-side CoordRequest: p=47244640264 s=51539607563 to group=3 replica=2
20260313-061729-5413 05317 * ExecuteNextAppRequestOperation (bench_client.cc:407): Sending op with proto 5 and index 1
20260313-061729-5416 05317 * ExecuteNextAppRequestOperation (bench_client.cc:407): Sending op with proto 5 and index 1
20260313-061729-5416 05317 * SendOperation   (shardclient.cc:377): Client-side CoordRequest: p=73014444042 s=42949672969 to group=9 replica=1
20260313-061729-5418 05317 * ExecuteNextAppRequestOperation (bench_client.cc:407): Sending op with proto 5 and index 1
20260313-061729-5419 05317 * SendOperation   (shardclient.cc:377): Client-side CoordRequest: p=42949672969 s=42949672970 to group=2 replica=1
20260313-061729-5420 05317 * ExecuteNextAppRequestOperation (bench_client.cc:407): Sending op with proto 5 and index 1
20260313-061729-5421 05317 * SendOperation   (shardclient.cc:377): Client-side CoordRequest: p=42949672970 s=64424509447 to group=2 replica=1
20260313-061729-5422 05317 * ExecuteNextAppRequestOperation (bench_client.cc:407): Sending op with proto 5 and index 1
20260313-061729-5423 05317 * SendOperation   (shardclient.cc:377): Client-side CoordRequest: p=64424509447 s=51539607564 to group=7 replica=1
20260313-061729-5424 05317 * ExecuteNextAppRequestOperation (bench_client.cc:407): Sending op with proto 5 and index 1
20260313-061729-5425 05317 * SendOperation   (shardclient.cc:377): Client-side CoordRequest: p=51539607564 s=47244640265 to group=4 replica=1
20260313-061729-5426 05317 * ExecuteNextAppRequestOperation (bench_client.cc:407): Sending op with proto 5 and index 1
20260313-061729-5427 05317 * SendOperation   (shardclient.cc:377): Client-side CoordRequest: p=47244640265 s=38654705671 to group=3 replica=1
20260313-061729-5428 05317 * ExecuteNextAppRequestOperation (bench_client.cc:407): Sending op with proto 5 and index 1
20260313-061729-5429 05317 * SendOperation   (shardclient.cc:377): Client-side CoordRequest: p=38654705671 s=64424509448 to group=1 replica=1
20260313-061729-5430 05317 * ExecuteNextAppRequestOperation (bench_client.cc:407): Sending op with proto 5 and index 1
20260313-061729-5431 05317 * SendOperation   (shardclient.cc:377): Client-side CoordRequest: p=64424509448 s=47244640266 to group=7 replica=1
20260313-061729-5432 05317 * ExecuteNextAppRequestOperation (bench_client.cc:407): Sending op with proto 5 and index 1
20260313-061729-5433 05317 * SendOperation   (shardclient.cc:377): Client-side CoordRequest: p=47244640266 s=34359738375 to group=3 replica=1
20260313-061729-5434 05317 * ExecuteNextAppRequestOperation (bench_client.cc:407): Sending op with proto 5 and index 1
20260313-061729-5435 05317 * SendOperation   (shardclient.cc:377): Client-side CoordRequest: p=34359738375 s=42949672971 to group=0 replica=1
20260313-061729-5436 05317 * ExecuteNextAppRequestOperation (bench_client.cc:407): Sending op with proto 5 and index 1
20260313-061729-5437 05317 * SendOperation   (shardclient.cc:377): Client-side CoordRequest: p=42949672971 s=51539607565 to group=2 replica=1
20260313-061729-5438 05317 * ExecuteNextAppRequestOperation (bench_client.cc:407): Sending op with proto 5 and index 1
20260313-061729-5439 05317 * SendOperation   (shardclient.cc:377): Client-side CoordRequest: p=51539607565 s=68719476749 to group=4 replica=1
20260313-061729-5440 05317 * ExecuteNextAppRequestOperation (bench_client.cc:407): Sending op with proto 5 and index 1
20260313-061729-5441 05317 * SendOperation   (shardclient.cc:377): Client-side CoordRequest: p=68719476749 s=38654705672 to group=8 replica=1
20260313-061729-5442 05317 * ExecuteNextAppRequestOperation (bench_client.cc:407): Sending op with proto 5 and index 1
20260313-061729-5443 05317 * SendOperation   (shardclient.cc:377): Client-side CoordRequest: p=38654705672 s=42949672972 to group=1 replica=1
20260313-061729-5445 05317 * GetNextOperation (app_request.cc:76): AppRequest batch composition: fanout=16 reads=16 writes=0
20260313-061729-5445 05317 * ExecuteNextAppRequestOperation (bench_client.cc:407): Sending op with proto 5 and index 1
20260313-061729-5446 05317 * SendOperation   (shardclient.cc:377): Client-side CoordRequest: p=42949672972 s=64424509449 to group=2 replica=1
20260313-061731-1552 05317 * ExecuteNextAppRequestOperation (bench_client.cc:407): Sending op with proto 5 and index 1
20260313-061731-1554 05317 * ExecuteNextAppRequestOperation (bench_client.cc:407): Sending op with proto 5 and index 1
20260313-061731-1555 05317 * SendOperation   (shardclient.cc:377): Client-side CoordRequest: p=64424509450 s=34359738376 to group=7 replica=1
20260313-061731-1557 05317 * ExecuteNextAppRequestOperation (bench_client.cc:407): Sending op with proto 5 and index 1
20260313-061731-1557 05317 * SendOperation   (shardclient.cc:377): Client-side CoordRequest: p=34359738376 s=55834574853 to group=0 replica=1
20260313-061731-1559 05317 * ExecuteNextAppRequestOperation (bench_client.cc:407): Sending op with proto 5 and index 1
20260313-061731-1559 05317 * SendOperation   (shardclient.cc:377): Client-side CoordRequest: p=55834574853 s=38654705673 to group=5 replica=1
20260313-061731-1561 05317 * ExecuteNextAppRequestOperation (bench_client.cc:407): Sending op with proto 5 and index 1
20260313-061731-1561 05317 * SendOperation   (shardclient.cc:377): Client-side CoordRequest: p=38654705673 s=38654705674 to group=1 replica=1
20260313-061731-1563 05317 * ExecuteNextAppRequestOperation (bench_client.cc:407): Sending op with proto 5 and index 1
20260313-061731-1563 05317 * SendOperation   (shardclient.cc:377): Client-side CoordRequest: p=38654705674 s=47244640267 to group=1 replica=1
20260313-061731-1565 05317 * ExecuteNextAppRequestOperation (bench_client.cc:407): Sending op with proto 5 and index 0
20260313-061731-1566 05317 * SendOperation   (shardclient.cc:377): Client-side CoordRequest: p=47244640267 s=51539607566 to group=3 replica=1
20260313-061731-1567 05317 * ExecuteNextAppRequestOperation (bench_client.cc:407): Sending op with proto 5 and index 1
20260313-061731-1568 05317 * SendOperation   (shardclient.cc:377): Client-side CoordRequest: p=51539607566 s=60129542155 to group=4 replica=2
20260313-061731-1569 05317 * ExecuteNextAppRequestOperation (bench_client.cc:407): Sending op with proto 5 and index 1
20260313-061731-1570 05317 * SendOperation   (shardclient.cc:377): Client-side CoordRequest: p=60129542155 s=60129542156 to group=6 replica=1
20260313-061731-1572 05317 * ExecuteNextAppRequestOperation (bench_client.cc:407): Sending op with proto 5 and index 1
20260313-061731-1572 05317 * SendOperation   (shardclient.cc:377): Client-side CoordRequest: p=60129542156 s=47244640268 to group=6 replica=1
20260313-061731-1573 05317 * ExecuteNextAppRequestOperation (bench_client.cc:407): Sending op with proto 5 and index 1
20260313-061731-1574 05317 * SendOperation   (shardclient.cc:377): Client-side CoordRequest: p=47244640268 s=51539607567 to group=3 replica=1
20260313-061731-1575 05317 * ExecuteNextAppRequestOperation (bench_client.cc:407): Sending op with proto 5 and index 1
20260313-061731-1576 05317 * SendOperation   (shardclient.cc:377): Client-side CoordRequest: p=51539607567 s=60129542157 to group=4 replica=1
20260313-061731-1578 05317 * ExecuteNextAppRequestOperation (bench_client.cc:407): Sending op with proto 5 and index 1
20260313-061731-1578 05317 * SendOperation   (shardclient.cc:377): Client-side CoordRequest: p=60129542157 s=34359738377 to group=6 replica=1
20260313-061731-1579 05317 * ExecuteNextAppRequestOperation (bench_client.cc:407): Sending op with proto 5 and index 1
20260313-061731-1580 05317 * SendOperation   (shardclient.cc:377): Client-side CoordRequest: p=34359738377 s=73014444043 to group=0 replica=1
20260313-061731-1582 05317 * ExecuteNextAppRequestOperation (bench_client.cc:407): Sending op with proto 5 and index 1
20260313-061731-1582 05317 * SendOperation   (shardclient.cc:377): Client-side CoordRequest: p=73014444043 s=60129542158 to group=9 replica=1
20260313-061731-1584 05317 * GetNextOperation (app_request.cc:76): AppRequest batch composition: fanout=16 reads=15 writes=1
20260313-061731-1584 05317 * ExecuteNextAppRequestOperation (bench_client.cc:407): Sending op with proto 5 and index 1
20260313-061731-1585 05317 * SendOperation   (shardclient.cc:377): Client-side CoordRequest: p=60129542158 s=51539607568 to group=6 replica=1
20260313-061732-6692 05317 * ExecuteNextAppRequestOperation (bench_client.cc:407): Sending op with proto 5 and index 1
20260313-061732-6695 05317 * ExecuteNextAppRequestOperation (bench_client.cc:407): Sending op with proto 5 and index 1
20260313-061732-6695 05317 * SendOperation   (shardclient.cc:377): Client-side CoordRequest: p=51539607569 s=73014444044 to group=4 replica=1
20260313-061732-6697 05317 * ExecuteNextAppRequestOperation (bench_client.cc:407): Sending op with proto 5 and index 1
20260313-061732-6698 05317 * SendOperation   (shardclient.cc:377): Client-side CoordRequest: p=73014444044 s=38654705675 to group=9 replica=1
20260313-061732-6699 05317 * ExecuteNextAppRequestOperation (bench_client.cc:407): Sending op with proto 5 and index 1
20260313-061732-6700 05317 * SendOperation   (shardclient.cc:377): Client-side CoordRequest: p=38654705675 s=68719476750 to group=1 replica=1
20260313-061732-6701 05317 * ExecuteNextAppRequestOperation (bench_client.cc:407): Sending op with proto 5 and index 1
20260313-061732-6702 05317 * SendOperation   (shardclient.cc:377): Client-side CoordRequest: p=68719476750 s=64424509451 to group=8 replica=1
20260313-061732-6703 05317 * ExecuteNextAppRequestOperation (bench_client.cc:407): Sending op with proto 5 and index 1
20260313-061732-6704 05317 * SendOperation   (shardclient.cc:377): Client-side CoordRequest: p=64424509451 s=60129542159 to group=7 replica=1
20260313-061732-6705 05317 * ExecuteNextAppRequestOperation (bench_client.cc:407): Sending op with proto 5 and index 1
20260313-061732-6706 05317 * SendOperation   (shardclient.cc:377): Client-side CoordRequest: p=60129542159 s=55834574854 to group=6 replica=1
20260313-061732-6707 05317 * ExecuteNextAppRequestOperation (bench_client.cc:407): Sending op with proto 5 and index 0
20260313-061732-6708 05317 * SendOperation   (shardclient.cc:377): Client-side CoordRequest: p=55834574854 s=38654705676 to group=5 replica=1
20260313-061732-6709 05317 * ExecuteNextAppRequestOperation (bench_client.cc:407): Sending op with proto 5 and index 1
20260313-061732-6710 05317 * SendOperation   (shardclient.cc:377): Client-side CoordRequest: p=38654705676 s=51539607570 to group=1 replica=2
20260313-061732-6711 05317 * ExecuteNextAppRequestOperation (bench_client.cc:407): Sending op with proto 5 and index 1
20260313-061732-6712 05317 * SendOperation   (shardclient.cc:377): Client-side CoordRequest: p=51539607570 s=38654705677 to group=4 replica=1
20260313-061732-6713 05317 * ExecuteNextAppRequestOperation (bench_client.cc:407): Sending op with proto 5 and index 0
20260313-061732-6714 05317 * SendOperation   (shardclient.cc:377): Client-side CoordRequest: p=38654705677 s=73014444045 to group=1 replica=1
20260313-061732-6715 05317 * ExecuteNextAppRequestOperation (bench_client.cc:407): Sending op with proto 5 and index 1
20260313-061732-6716 05317 * SendOperation   (shardclient.cc:377): Client-side CoordRequest: p=73014444045 s=47244640269 to group=9 replica=2
20260313-061732-6718 05317 * ExecuteNextAppRequestOperation (bench_client.cc:407): Sending op with proto 5 and index 1
20260313-061732-6718 05317 * SendOperation   (shardclient.cc:377): Client-side CoordRequest: p=47244640269 s=34359738378 to group=3 replica=1
20260313-061732-6720 05317 * ExecuteNextAppRequestOperation (bench_client.cc:407): Sending op with proto 5 and index 1
20260313-061732-6720 05317 * SendOperation   (shardclient.cc:377): Client-side CoordRequest: p=34359738378 s=55834574855 to group=0 replica=1
20260313-061732-6722 05317 * ExecuteNextAppRequestOperation (bench_client.cc:407): Sending op with proto 5 and index 1
20260313-061732-6723 05317 * SendOperation   (shardclient.cc:377): Client-side CoordRequest: p=55834574855 s=68719476751 to group=5 replica=1
20260313-061732-6724 05317 * GetNextOperation (app_request.cc:76): AppRequest batch composition: fanout=16 reads=14 writes=2
20260313-061732-6724 05317 * ExecuteNextAppRequestOperation (bench_client.cc:407): Sending op with proto 5 and index 1
20260313-061732-6725 05317 * SendOperation   (shardclient.cc:377): Client-side CoordRequest: p=68719476751 s=68719476752 to group=8 replica=1
20260313-061734-4831 05317 * ExecuteNextAppRequestOperation (bench_client.cc:407): Sending op with proto 5 and index 0
20260313-061734-4833 05317 * ExecuteNextAppRequestOperation (bench_client.cc:407): Sending op with proto 5 and index 1
20260313-061734-4834 05317 * SendOperation   (shardclient.cc:377): Client-side CoordRequest: p=51539607571 s=42949672973 to group=4 replica=2
20260313-061734-4835 05317 * ExecuteNextAppRequestOperation (bench_client.cc:407): Sending op with proto 5 and index 1
20260313-061734-4836 05317 * SendOperation   (shardclient.cc:377): Client-side CoordRequest: p=42949672973 s=64424509452 to group=2 replica=1
20260313-061734-4837 05317 * ExecuteNextAppRequestOperation (bench_client.cc:407): Sending op with proto 5 and index 1
20260313-061734-4838 05317 * SendOperation   (shardclient.cc:377): Client-side CoordRequest: p=64424509452 s=64424509453 to group=7 replica=1
20260313-061734-4839 05317 * ExecuteNextAppRequestOperation (bench_client.cc:407): Sending op with proto 5 and index 1
20260313-061734-4840 05317 * SendOperation   (shardclient.cc:377): Client-side CoordRequest: p=64424509453 s=68719476753 to group=7 replica=1
20260313-061734-4841 05317 * ExecuteNextAppRequestOperation (bench_client.cc:407): Sending op with proto 5 and index 1
20260313-061734-4842 05317 * SendOperation   (shardclient.cc:377): Client-side CoordRequest: p=68719476753 s=64424509454 to group=8 replica=1
20260313-061734-4843 05317 * ExecuteNextAppRequestOperation (bench_client.cc:407): Sending op with proto 5 and index 1
20260313-061734-4844 05317 * SendOperation   (shardclient.cc:377): Client-side CoordRequest: p=64424509454 s=64424509455 to group=7 replica=1
20260313-061734-4846 05317 * ExecuteNextAppRequestOperation (bench_client.cc:407): Sending op with proto 5 and index 1
20260313-061734-4846 05317 * SendOperation   (shardclient.cc:377): Client-side CoordRequest: p=64424509455 s=47244640270 to group=7 replica=1
20260313-061734-4848 05317 * ExecuteNextAppRequestOperation (bench_client.cc:407): Sending op with proto 5 and index 1
20260313-061734-4848 05317 * SendOperation   (shardclient.cc:377): Client-side CoordRequest: p=47244640270 s=51539607572 to group=3 replica=1
20260313-061734-4850 05317 * ExecuteNextAppRequestOperation (bench_client.cc:407): Sending op with proto 5 and index 1
20260313-061734-4850 05317 * SendOperation   (shardclient.cc:377): Client-side CoordRequest: p=51539607572 s=55834574856 to group=4 replica=1
20260313-061734-4852 05317 * ExecuteNextAppRequestOperation (bench_client.cc:407): Sending op with proto 5 and index 0
20260313-061734-4853 05317 * SendOperation   (shardclient.cc:377): Client-side CoordRequest: p=55834574856 s=34359738379 to group=5 replica=1
20260313-061734-4854 05317 * ExecuteNextAppRequestOperation (bench_client.cc:407): Sending op with proto 5 and index 1
20260313-061734-4855 05317 * SendOperation   (shardclient.cc:377): Client-side CoordRequest: p=34359738379 s=55834574857 to group=0 replica=2
20260313-061734-4856 05317 * ExecuteNextAppRequestOperation (bench_client.cc:407): Sending op with proto 5 and index 1
20260313-061734-4857 05317 * SendOperation   (shardclient.cc:377): Client-side CoordRequest: p=55834574857 s=51539607573 to group=5 replica=1
20260313-061734-4858 05317 * ExecuteNextAppRequestOperation (bench_client.cc:407): Sending op with proto 5 and index 1
20260313-061734-4859 05317 * SendOperation   (shardclient.cc:377): Client-side CoordRequest: p=51539607573 s=42949672974 to group=4 replica=1
20260313-061734-4860 05317 * ExecuteNextAppRequestOperation (bench_client.cc:407): Sending op with proto 5 and index 1
20260313-061734-4861 05317 * SendOperation   (shardclient.cc:377): Client-side CoordRequest: p=42949672974 s=64424509456 to group=2 replica=1
20260313-061734-4862 05317 * GetNextOperation (app_request.cc:76): AppRequest batch composition: fanout=16 reads=14 writes=2
20260313-061734-4863 05317 * ExecuteNextAppRequestOperation (bench_client.cc:407): Sending op with proto 5 and index 1
20260313-061734-4863 05317 * SendOperation   (shardclient.cc:377): Client-side CoordRequest: p=64424509456 s=42949672975 to group=7 replica=1
20260313-061736-1970 05317 * ExecuteNextAppRequestOperation (bench_client.cc:407): Sending op with proto 5 and index 1
20260313-061736-1972 05317 * ExecuteNextAppRequestOperation (bench_client.cc:407): Sending op with proto 5 and index 1
20260313-061736-1973 05317 * SendOperation   (shardclient.cc:377): Client-side CoordRequest: p=55834574858 s=42949672976 to group=5 replica=1
20260313-061736-1974 05317 * ExecuteNextAppRequestOperation (bench_client.cc:407): Sending op with proto 5 and index 1
20260313-061736-1975 05317 * SendOperation   (shardclient.cc:377): Client-side CoordRequest: p=42949672976 s=60129542160 to group=2 replica=1
20260313-061736-1976 05317 * ExecuteNextAppRequestOperation (bench_client.cc:407): Sending op with proto 5 and index 0
20260313-061736-1977 05317 * SendOperation   (shardclient.cc:377): Client-side CoordRequest: p=60129542160 s=38654705678 to group=6 replica=1
20260313-061736-1979 05317 * ExecuteNextAppRequestOperation (bench_client.cc:407): Sending op with proto 5 and index 1
20260313-061736-1979 05317 * SendOperation   (shardclient.cc:377): Client-side CoordRequest: p=38654705678 s=55834574859 to group=1 replica=2
20260313-061736-1981 05317 * ExecuteNextAppRequestOperation (bench_client.cc:407): Sending op with proto 5 and index 1
20260313-061736-1981 05317 * SendOperation   (shardclient.cc:377): Client-side CoordRequest: p=55834574859 s=68719476754 to group=5 replica=1
20260313-061736-1983 05317 * ExecuteNextAppRequestOperation (bench_client.cc:407): Sending op with proto 5 and index 1
20260313-061736-1983 05317 * SendOperation   (shardclient.cc:377): Client-side CoordRequest: p=68719476754 s=47244640271 to group=8 replica=1
20260313-061736-1985 05317 * ExecuteNextAppRequestOperation (bench_client.cc:407): Sending op with proto 5 and index 1
20260313-061736-1985 05317 * SendOperation   (shardclient.cc:377): Client-side CoordRequest: p=47244640271 s=51539607574 to group=3 replica=1
20260313-061736-1987 05317 * ExecuteNextAppRequestOperation (bench_client.cc:407): Sending op with proto 5 and index 1
20260313-061736-1987 05317 * SendOperation   (shardclient.cc:377): Client-side CoordRequest: p=51539607574 s=60129542161 to group=4 replica=1
20260313-061736-1989 05317 * ExecuteNextAppRequestOperation (bench_client.cc:407): Sending op with proto 5 and index 1
20260313-061736-1989 05317 * SendOperation   (shardclient.cc:377): Client-side CoordRequest: p=60129542161 s=47244640272 to group=6 replica=1
20260313-061736-1991 05317 * ExecuteNextAppRequestOperation (bench_client.cc:407): Sending op with proto 5 and index 1
20260313-061736-1991 05317 * SendOperation   (shardclient.cc:377): Client-side CoordRequest: p=47244640272 s=68719476755 to group=3 replica=1
20260313-061736-1993 05317 * ExecuteNextAppRequestOperation (bench_client.cc:407): Sending op with proto 5 and index 1
20260313-061736-1993 05317 * SendOperation   (shardclient.cc:377): Client-side CoordRequest: p=68719476755 s=55834574860 to group=8 replica=1
20260313-061736-1995 05317 * ExecuteNextAppRequestOperation (bench_client.cc:407): Sending op with proto 5 and index 1
20260313-061736-1995 05317 * SendOperation   (shardclient.cc:377): Client-side CoordRequest: p=55834574860 s=73014444046 to group=5 replica=1
20260313-061736-1997 05317 * ExecuteNextAppRequestOperation (bench_client.cc:407): Sending op with proto 5 and index 0
20260313-061736-1998 05317 * SendOperation   (shardclient.cc:377): Client-side CoordRequest: p=73014444046 s=64424509457 to group=9 replica=1
20260313-061736-1999 05317 * ExecuteNextAppRequestOperation (bench_client.cc:407): Sending op with proto 5 and index 1
20260313-061736-2000 05317 * SendOperation   (shardclient.cc:377): Client-side CoordRequest: p=64424509457 s=34359738380 to group=7 replica=2
20260313-061736-2001 05317 * GetNextOperation (app_request.cc:76): AppRequest batch composition: fanout=16 reads=14 writes=2
20260313-061736-2002 05317 * ExecuteNextAppRequestOperation (bench_client.cc:407): Sending op with proto 5 and index 1
20260313-061736-2002 05317 * SendOperation   (shardclient.cc:377): Client-side CoordRequest: p=34359738380 s=47244640273 to group=0 replica=1
20260313-061738-2132 05317 * ExecuteNextAppRequestOperation (bench_client.cc:407): Sending op with proto 5 and index 1
20260313-061738-2134 05317 * ExecuteNextAppRequestOperation (bench_client.cc:407): Sending op with proto 5 and index 1
20260313-061738-2135 05317 * SendOperation   (shardclient.cc:377): Client-side CoordRequest: p=47244640274 s=38654705679 to group=3 replica=1
20260313-061738-2136 05317 * ExecuteNextAppRequestOperation (bench_client.cc:407): Sending op with proto 5 and index 1
20260313-061738-2137 05317 * SendOperation   (shardclient.cc:377): Client-side CoordRequest: p=38654705679 s=42949672977 to group=1 replica=1
20260313-061738-2138 05317 * ExecuteNextAppRequestOperation (bench_client.cc:407): Sending op with proto 5 and index 1
20260313-061738-2139 05317 * SendOperation   (shardclient.cc:377): Client-side CoordRequest: p=42949672977 s=64424509458 to group=2 replica=1
20260313-061738-2140 05317 * ExecuteNextAppRequestOperation (bench_client.cc:407): Sending op with proto 5 and index 0
20260313-061738-2141 05317 * SendOperation   (shardclient.cc:377): Client-side CoordRequest: p=64424509458 s=55834574861 to group=7 replica=1
20260313-061738-2142 05317 * ExecuteNextAppRequestOperation (bench_client.cc:407): Sending op with proto 5 and index 1
20260313-061738-2143 05317 * SendOperation   (shardclient.cc:377): Client-side CoordRequest: p=55834574861 s=38654705680 to group=5 replica=2
20260313-061738-2145 05317 * ExecuteNextAppRequestOperation (bench_client.cc:407): Sending op with proto 5 and index 0
20260313-061738-2145 05317 * SendOperation   (shardclient.cc:377): Client-side CoordRequest: p=38654705680 s=47244640275 to group=1 replica=1
20260313-061738-2147 05317 * ExecuteNextAppRequestOperation (bench_client.cc:407): Sending op with proto 5 and index 1
20260313-061738-2147 05317 * SendOperation   (shardclient.cc:377): Client-side CoordRequest: p=47244640275 s=34359738381 to group=3 replica=2
20260313-061738-2149 05317 * ExecuteNextAppRequestOperation (bench_client.cc:407): Sending op with proto 5 and index 1
20260313-061738-2149 05317 * SendOperation   (shardclient.cc:377): Client-side CoordRequest: p=34359738381 s=55834574862 to group=0 replica=1
20260313-061738-2151 05317 * ExecuteNextAppRequestOperation (bench_client.cc:407): Sending op with proto 5 and index 1
20260313-061738-2151 05317 * SendOperation   (shardclient.cc:377): Client-side CoordRequest: p=55834574862 s=42949672978 to group=5 replica=1
20260313-061738-2153 05317 * ExecuteNextAppRequestOperation (bench_client.cc:407): Sending op with proto 5 and index 1
20260313-061738-2153 05317 * SendOperation   (shardclient.cc:377): Client-side CoordRequest: p=42949672978 s=73014444047 to group=2 replica=1
20260313-061738-2155 05317 * ExecuteNextAppRequestOperation (bench_client.cc:407): Sending op with proto 5 and index 1
20260313-061738-2155 05317 * SendOperation   (shardclient.cc:377): Client-side CoordRequest: p=73014444047 s=38654705681 to group=9 replica=1
20260313-061738-2157 05317 * ExecuteNextAppRequestOperation (bench_client.cc:407): Sending op with proto 5 and index 1
20260313-061738-2157 05317 * SendOperation   (shardclient.cc:377): Client-side CoordRequest: p=38654705681 s=55834574863 to group=1 replica=1
20260313-061738-2159 05317 * ExecuteNextAppRequestOperation (bench_client.cc:407): Sending op with proto 5 and index 1
20260313-061738-2160 05317 * SendOperation   (shardclient.cc:377): Client-side CoordRequest: p=55834574863 s=34359738382 to group=5 replica=1
20260313-061738-2161 05317 * ExecuteNextAppRequestOperation (bench_client.cc:407): Sending op with proto 5 and index 1
20260313-061738-2162 05317 * SendOperation   (shardclient.cc:377): Client-side CoordRequest: p=34359738382 s=34359738383 to group=0 replica=1
20260313-061738-2163 05317 * GetNextOperation (app_request.cc:76): AppRequest batch composition: fanout=16 reads=14 writes=2
20260313-061738-2163 05317 * ExecuteNextAppRequestOperation (bench_client.cc:407): Sending op with proto 5 and index 1
20260313-061738-2164 05317 * SendOperation   (shardclient.cc:377): Client-side CoordRequest: p=34359738383 s=55834574864 to group=0 replica=1
20260313-061740-2269 05317 * ExecuteNextAppRequestOperation (bench_client.cc:407): Sending op with proto 5 and index 1
20260313-061740-2271 05317 * ExecuteNextAppRequestOperation (bench_client.cc:407): Sending op with proto 5 and index 1
20260313-061740-2271 05317 * SendOperation   (shardclient.cc:377): Client-side CoordRequest: p=38654705682 s=60129542162 to group=1 replica=1
20260313-061740-2273 05317 * ExecuteNextAppRequestOperation (bench_client.cc:407): Sending op with proto 5 and index 1
20260313-061740-2274 05317 * SendOperation   (shardclient.cc:377): Client-side CoordRequest: p=60129542162 s=64424509459 to group=6 replica=1
20260313-061740-2275 05317 * ExecuteNextAppRequestOperation (bench_client.cc:407): Sending op with proto 5 and index 1
20260313-061740-2276 05317 * SendOperation   (shardclient.cc:377): Client-side CoordRequest: p=64424509459 s=73014444048 to group=7 replica=1
20260313-061740-2277 05317 * ExecuteNextAppRequestOperation (bench_client.cc:407): Sending op with proto 5 and index 1
20260313-061740-2278 05317 * SendOperation   (shardclient.cc:377): Client-side CoordRequest: p=73014444048 s=55834574865 to group=9 replica=1
20260313-061740-2279 05317 * ExecuteNextAppRequestOperation (bench_client.cc:407): Sending op with proto 5 and index 1
20260313-061740-2280 05317 * SendOperation   (shardclient.cc:377): Client-side CoordRequest: p=55834574865 s=34359738384 to group=5 replica=1
20260313-061740-2281 05317 * ExecuteNextAppRequestOperation (bench_client.cc:407): Sending op with proto 5 and index 1
20260313-061740-2282 05317 * SendOperation   (shardclient.cc:377): Client-side CoordRequest: p=34359738384 s=51539607575 to group=0 replica=1
20260313-061740-2283 05317 * ExecuteNextAppRequestOperation (bench_client.cc:407): Sending op with proto 5 and index 1
20260313-061740-2284 05317 * SendOperation   (shardclient.cc:377): Client-side CoordRequest: p=51539607575 s=51539607576 to group=4 replica=1
20260313-061740-2286 05317 * ExecuteNextAppRequestOperation (bench_client.cc:407): Sending op with proto 5 and index 1
20260313-061740-2286 05317 * SendOperation   (shardclient.cc:377): Client-side CoordRequest: p=51539607576 s=60129542163 to group=4 replica=1
20260313-061740-2288 05317 * ExecuteNextAppRequestOperation (bench_client.cc:407): Sending op with proto 5 and index 0
20260313-061740-2288 05317 * SendOperation   (shardclient.cc:377): Client-side CoordRequest: p=60129542163 s=47244640276 to group=6 replica=1
20260313-061740-2290 05317 * ExecuteNextAppRequestOperation (bench_client.cc:407): Sending op with proto 5 and index 1
20260313-061740-2291 05317 * SendOperation   (shardclient.cc:377): Client-side CoordRequest: p=47244640276 s=60129542164 to group=3 replica=2
20260313-061740-2292 05317 * ExecuteNextAppRequestOperation (bench_client.cc:407): Sending op with proto 5 and index 1
20260313-061740-2293 05317 * SendOperation   (shardclient.cc:377): Client-side CoordRequest: p=60129542164 s=64424509460 to group=6 replica=1
20260313-061740-2294 05317 * ExecuteNextAppRequestOperation (bench_client.cc:407): Sending op with proto 5 and index 1
20260313-061740-2295 05317 * SendOperation   (shardclient.cc:377): Client-side CoordRequest: p=64424509460 s=73014444049 to group=7 replica=1
20260313-061740-2296 05317 * ExecuteNextAppRequestOperation (bench_client.cc:407): Sending op with proto 5 and index 1
20260313-061740-2297 05317 * SendOperation   (shardclient.cc:377): Client-side CoordRequest: p=73014444049 s=73014444050 to group=9 replica=1
20260313-061740-2298 05317 * ExecuteNextAppRequestOperation (bench_client.cc:407): Sending op with proto 5 and index 1
20260313-061740-2299 05317 * SendOperation   (shardclient.cc:377): Client-side CoordRequest: p=73014444050 s=73014444051 to group=9 replica=1
20260313-061740-2300 05317 * GetNextOperation (app_request.cc:76): AppRequest batch composition: fanout=16 reads=15 writes=1
20260313-061740-2301 05317 * ExecuteNextAppRequestOperation (bench_client.cc:407): Sending op with proto 5 and index 1
20260313-061740-2301 05317 * SendOperation   (shardclient.cc:377): Client-side CoordRequest: p=73014444051 s=60129542165 to group=9 replica=1
20260313-061742-0406 05317 * ExecuteNextAppRequestOperation (bench_client.cc:407): Sending op with proto 5 and index 1
20260313-061742-0408 05317 * ExecuteNextAppRequestOperation (bench_client.cc:407): Sending op with proto 5 and index 1
20260313-061742-0409 05317 * SendOperation   (shardclient.cc:377): Client-side CoordRequest: p=51539607577 s=38654705683 to group=4 replica=1
20260313-061742-0410 05317 * ExecuteNextAppRequestOperation (bench_client.cc:407): Sending op with proto 5 and index 1
20260313-061742-0411 05317 * SendOperation   (shardclient.cc:377): Client-side CoordRequest: p=38654705683 s=60129542166 to group=1 replica=1
20260313-061742-0412 05317 * ExecuteNextAppRequestOperation (bench_client.cc:407): Sending op with proto 5 and index 0
20260313-061742-0413 05317 * SendOperation   (shardclient.cc:377): Client-side CoordRequest: p=60129542166 s=51539607578 to group=6 replica=1
20260313-061742-0414 05317 * ExecuteNextAppRequestOperation (bench_client.cc:407): Sending op with proto 5 and index 1
20260313-061742-0415 05317 * SendOperation   (shardclient.cc:377): Client-side CoordRequest: p=51539607578 s=42949672979 to group=4 replica=2
20260313-061742-0416 05317 * ExecuteNextAppRequestOperation (bench_client.cc:407): Sending op with proto 5 and index 1
20260313-061742-0417 05317 * SendOperation   (shardclient.cc:377): Client-side CoordRequest: p=42949672979 s=34359738385 to group=2 replica=1
20260313-061742-0418 05317 * ExecuteNextAppRequestOperation (bench_client.cc:407): Sending op with proto 5 and index 1
20260313-061742-0419 05317 * SendOperation   (shardclient.cc:377): Client-side CoordRequest: p=34359738385 s=68719476756 to group=0 replica=1
20260313-061742-0420 05317 * ExecuteNextAppRequestOperation (bench_client.cc:407): Sending op with proto 5 and index 0
20260313-061742-0421 05317 * SendOperation   (shardclient.cc:377): Client-side CoordRequest: p=68719476756 s=38654705684 to group=8 replica=1
20260313-061742-0423 05317 * ExecuteNextAppRequestOperation (bench_client.cc:407): Sending op with proto 5 and index 0
20260313-061742-0423 05317 * SendOperation   (shardclient.cc:377): Client-side CoordRequest: p=38654705684 s=55834574866 to group=1 replica=2
20260313-061742-0425 05317 * ExecuteNextAppRequestOperation (bench_client.cc:407): Sending op with proto 5 and index 1
20260313-061742-0425 05317 * SendOperation   (shardclient.cc:377): Client-side CoordRequest: p=55834574866 s=55834574867 to group=5 replica=2
20260313-061742-0427 05317 * ExecuteNextAppRequestOperation (bench_client.cc:407): Sending op with proto 5 and index 1
20260313-061742-0427 05317 * SendOperation   (shardclient.cc:377): Client-side CoordRequest: p=55834574867 s=55834574868 to group=5 replica=1
20260313-061742-0429 05317 * ExecuteNextAppRequestOperation (bench_client.cc:407): Sending op with proto 5 and index 0
20260313-061742-0429 05317 * SendOperation   (shardclient.cc:377): Client-side CoordRequest: p=55834574868 s=68719476757 to group=5 replica=1
20260313-061742-0431 05317 * ExecuteNextAppRequestOperation (bench_client.cc:407): Sending op with proto 5 and index 1
20260313-061742-0431 05317 * SendOperation   (shardclient.cc:377): Client-side CoordRequest: p=68719476757 s=34359738386 to group=8 replica=2
20260313-061742-0433 05317 * ExecuteNextAppRequestOperation (bench_client.cc:407): Sending op with proto 5 and index 1
20260313-061742-0434 05317 * SendOperation   (shardclient.cc:377): Client-side CoordRequest: p=34359738386 s=68719476758 to group=0 replica=1
20260313-061742-0435 05317 * ExecuteNextAppRequestOperation (bench_client.cc:407): Sending op with proto 5 and index 1
20260313-061742-0436 05317 * SendOperation   (shardclient.cc:377): Client-side CoordRequest: p=68719476758 s=38654705685 to group=8 replica=1
20260313-061742-0437 05317 * GetNextOperation (app_request.cc:76): AppRequest batch composition: fanout=16 reads=12 writes=4
20260313-061742-0437 05317 * ExecuteNextAppRequestOperation (bench_client.cc:407): Sending op with proto 5 and index 1
20260313-061742-0438 05317 * SendOperation   (shardclient.cc:377): Client-side CoordRequest: p=38654705685 s=73014444052 to group=1 replica=1
20260313-061744-2562 05317 * ExecuteNextAppRequestOperation (bench_client.cc:407): Sending op with proto 5 and index 1
20260313-061744-2565 05317 * ExecuteNextAppRequestOperation (bench_client.cc:407): Sending op with proto 5 and index 0
20260313-061744-2566 05317 * SendOperation   (shardclient.cc:377): Client-side CoordRequest: p=64424509461 s=68719476759 to group=7 replica=1
20260313-061744-2567 05317 * ExecuteNextAppRequestOperation (bench_client.cc:407): Sending op with proto 5 and index 1
20260313-061744-2568 05317 * SendOperation   (shardclient.cc:377): Client-side CoordRequest: p=68719476759 s=47244640277 to group=8 replica=2
20260313-061744-2569 05317 * ExecuteNextAppRequestOperation (bench_client.cc:407): Sending op with proto 5 and index 1
20260313-061744-2570 05317 * SendOperation   (shardclient.cc:377): Client-side CoordRequest: p=47244640277 s=68719476760 to group=3 replica=1
20260313-061744-2571 05317 * ExecuteNextAppRequestOperation (bench_client.cc:407): Sending op with proto 5 and index 1
20260313-061744-2572 05317 * SendOperation   (shardclient.cc:377): Client-side CoordRequest: p=68719476760 s=38654705686 to group=8 replica=1
20260313-061744-2574 05317 * ExecuteNextAppRequestOperation (bench_client.cc:407): Sending op with proto 5 and index 1
20260313-061744-2574 05317 * SendOperation   (shardclient.cc:377): Client-side CoordRequest: p=38654705686 s=42949672980 to group=1 replica=1
20260313-061744-2576 05317 * ExecuteNextAppRequestOperation (bench_client.cc:407): Sending op with proto 5 and index 1
20260313-061744-2576 05317 * SendOperation   (shardclient.cc:377): Client-side CoordRequest: p=42949672980 s=60129542167 to group=2 replica=1
20260313-061744-2578 05317 * ExecuteNextAppRequestOperation (bench_client.cc:407): Sending op with proto 5 and index 1
20260313-061744-2578 05317 * SendOperation   (shardclient.cc:377): Client-side CoordRequest: p=60129542167 s=60129542168 to group=6 replica=1
20260313-061744-2580 05317 * ExecuteNextAppRequestOperation (bench_client.cc:407): Sending op with proto 5 and index 1
20260313-061744-2580 05317 * SendOperation   (shardclient.cc:377): Client-side CoordRequest: p=60129542168 s=47244640278 to group=6 replica=1
20260313-061744-2582 05317 * ExecuteNextAppRequestOperation (bench_client.cc:407): Sending op with proto 5 and index 1
20260313-061744-2582 05317 * SendOperation   (shardclient.cc:377): Client-side CoordRequest: p=47244640278 s=42949672981 to group=3 replica=1
20260313-061744-2584 05317 * ExecuteNextAppRequestOperation (bench_client.cc:407): Sending op with proto 5 and index 1
20260313-061744-2584 05317 * SendOperation   (shardclient.cc:377): Client-side CoordRequest: p=42949672981 s=60129542169 to group=2 replica=1
20260313-061744-2586 05317 * ExecuteNextAppRequestOperation (bench_client.cc:407): Sending op with proto 5 and index 1
20260313-061744-2586 05317 * SendOperation   (shardclient.cc:377): Client-side CoordRequest: p=60129542169 s=68719476761 to group=6 replica=1
20260313-061744-2588 05317 * ExecuteNextAppRequestOperation (bench_client.cc:407): Sending op with proto 5 and index 1
20260313-061744-2588 05317 * SendOperation   (shardclient.cc:377): Client-side CoordRequest: p=68719476761 s=64424509462 to group=8 replica=1
20260313-061744-2590 05317 * ExecuteNextAppRequestOperation (bench_client.cc:407): Sending op with proto 5 and index 1
20260313-061744-2590 05317 * SendOperation   (shardclient.cc:377): Client-side CoordRequest: p=64424509462 s=73014444053 to group=7 replica=1
20260313-061744-2592 05317 * ExecuteNextAppRequestOperation (bench_client.cc:407): Sending op with proto 5 and index 1
20260313-061744-2593 05317 * SendOperation   (shardclient.cc:377): Client-side CoordRequest: p=73014444053 s=64424509463 to group=9 replica=1
20260313-061744-2594 05317 * GetNextOperation (app_request.cc:76): AppRequest batch composition: fanout=16 reads=15 writes=1
20260313-061744-2594 05317 * ExecuteNextAppRequestOperation (bench_client.cc:407): Sending op with proto 5 and index 1
20260313-061744-2595 05317 * SendOperation   (shardclient.cc:377): Client-side CoordRequest: p=64424509463 s=68719476762 to group=7 replica=1
20260313-061746-5727 05317 * ExecuteNextAppRequestOperation (bench_client.cc:407): Sending op with proto 5 and index 1
20260313-061746-5729 05317 * ExecuteNextAppRequestOperation (bench_client.cc:407): Sending op with proto 5 and index 1
20260313-061746-5730 05317 * SendOperation   (shardclient.cc:377): Client-side CoordRequest: p=64424509464 s=42949672982 to group=7 replica=1
20260313-061746-5731 05317 * ExecuteNextAppRequestOperation (bench_client.cc:407): Sending op with proto 5 and index 1
20260313-061746-5732 05317 * SendOperation   (shardclient.cc:377): Client-side CoordRequest: p=42949672982 s=64424509465 to group=2 replica=1
20260313-061746-5733 05317 * ExecuteNextAppRequestOperation (bench_client.cc:407): Sending op with proto 5 and index 1
20260313-061746-5734 05317 * SendOperation   (shardclient.cc:377): Client-side CoordRequest: p=64424509465 s=38654705687 to group=7 replica=1
20260313-061746-5735 05317 * ExecuteNextAppRequestOperation (bench_client.cc:407): Sending op with proto 5 and index 1
20260313-061746-5736 05317 * SendOperation   (shardclient.cc:377): Client-side CoordRequest: p=38654705687 s=73014444054 to group=1 replica=1
20260313-061746-5737 05317 * ExecuteNextAppRequestOperation (bench_client.cc:407): Sending op with proto 5 and index 1
20260313-061746-5738 05317 * SendOperation   (shardclient.cc:377): Client-side CoordRequest: p=73014444054 s=73014444055 to group=9 replica=1
20260313-061746-5739 05317 * ExecuteNextAppRequestOperation (bench_client.cc:407): Sending op with proto 5 and index 1
20260313-061746-5740 05317 * SendOperation   (shardclient.cc:377): Client-side CoordRequest: p=73014444055 s=42949672983 to group=9 replica=1
20260313-061746-5742 05317 * ExecuteNextAppRequestOperation (bench_client.cc:407): Sending op with proto 5 and index 1
20260313-061746-5742 05317 * SendOperation   (shardclient.cc:377): Client-side CoordRequest: p=42949672983 s=73014444056 to group=2 replica=1
20260313-061746-5743 05317 * ExecuteNextAppRequestOperation (bench_client.cc:407): Sending op with proto 5 and index 1
20260313-061746-5744 05317 * SendOperation   (shardclient.cc:377): Client-side CoordRequest: p=73014444056 s=51539607579 to group=9 replica=1
20260313-061746-5745 05317 * ExecuteNextAppRequestOperation (bench_client.cc:407): Sending op with proto 5 and index 0
20260313-061746-5746 05317 * SendOperation   (shardclient.cc:377): Client-side CoordRequest: p=51539607579 s=60129542170 to group=4 replica=1
20260313-061746-5748 05317 * ExecuteNextAppRequestOperation (bench_client.cc:407): Sending op with proto 5 and index 1
20260313-061746-5748 05317 * SendOperation   (shardclient.cc:377): Client-side CoordRequest: p=60129542170 s=47244640279 to group=6 replica=2
20260313-061746-5750 05317 * ExecuteNextAppRequestOperation (bench_client.cc:407): Sending op with proto 5 and index 1
20260313-061746-5750 05317 * SendOperation   (shardclient.cc:377): Client-side CoordRequest: p=47244640279 s=34359738387 to group=3 replica=1
20260313-061746-5752 05317 * ExecuteNextAppRequestOperation (bench_client.cc:407): Sending op with proto 5 and index 0
20260313-061746-5753 05317 * SendOperation   (shardclient.cc:377): Client-side CoordRequest: p=34359738387 s=60129542171 to group=0 replica=1
20260313-061746-5754 05317 * ExecuteNextAppRequestOperation (bench_client.cc:407): Sending op with proto 5 and index 1
20260313-061746-5755 05317 * SendOperation   (shardclient.cc:377): Client-side CoordRequest: p=60129542171 s=38654705688 to group=6 replica=2
20260313-061746-5756 05317 * ExecuteNextAppRequestOperation (bench_client.cc:407): Sending op with proto 5 and index 1
20260313-061746-5757 05317 * SendOperation   (shardclient.cc:377): Client-side CoordRequest: p=38654705688 s=55834574869 to group=1 replica=1
20260313-061746-5758 05317 * GetNextOperation (app_request.cc:76): AppRequest batch composition: fanout=16 reads=14 writes=2
20260313-061746-5759 05317 * ExecuteNextAppRequestOperation (bench_client.cc:407): Sending op with proto 5 and index 1
20260313-061746-5759 05317 * SendOperation   (shardclient.cc:377): Client-side CoordRequest: p=55834574869 s=68719476763 to group=5 replica=1
20260313-061748-0850 05317 * Finish          (bench_client.cc:921): Completed 12 requests in 23.685598 seconds
20260313-061748-0850 05317 * Finish          (bench_client.cc:922): 1 outstanding transactions.
20260313-061748-0866 05317 * ExecuteNextAppRequestOperation (bench_client.cc:407): Sending op with proto 5 and index 1
20260313-061748-0868 05317 * ExecuteNextAppRequestOperation (bench_client.cc:407): Sending op with proto 5 and index 1
20260313-061748-0869 05317 * SendOperation   (shardclient.cc:377): Client-side CoordRequest: p=47244640280 s=60129542172 to group=3 replica=1
20260313-061748-0871 05317 * ExecuteNextAppRequestOperation (bench_client.cc:407): Sending op with proto 5 and index 1
20260313-061748-0871 05317 * SendOperation   (shardclient.cc:377): Client-side CoordRequest: p=60129542172 s=34359738388 to group=6 replica=1
20260313-061748-0873 05317 * ExecuteNextAppRequestOperation (bench_client.cc:407): Sending op with proto 5 and index 1
20260313-061748-0873 05317 * SendOperation   (shardclient.cc:377): Client-side CoordRequest: p=34359738388 s=73014444057 to group=0 replica=1
20260313-061748-0875 05317 * ExecuteNextAppRequestOperation (bench_client.cc:407): Sending op with proto 5 and index 1
20260313-061748-0875 05317 * SendOperation   (shardclient.cc:377): Client-side CoordRequest: p=73014444057 s=73014444058 to group=9 replica=1
20260313-061748-0877 05317 * ExecuteNextAppRequestOperation (bench_client.cc:407): Sending op with proto 5 and index 1
20260313-061748-0877 05317 * SendOperation   (shardclient.cc:377): Client-side CoordRequest: p=73014444058 s=73014444059 to group=9 replica=1
20260313-061748-0879 05317 * ExecuteNextAppRequestOperation (bench_client.cc:407): Sending op with proto 5 and index 1
20260313-061748-0879 05317 * SendOperation   (shardclient.cc:377): Client-side CoordRequest: p=73014444059 s=64424509466 to group=9 replica=1
20260313-061748-0881 05317 * ExecuteNextAppRequestOperation (bench_client.cc:407): Sending op with proto 5 and index 1
20260313-061748-0881 05317 * SendOperation   (shardclient.cc:377): Client-side CoordRequest: p=64424509466 s=73014444060 to group=7 replica=1
20260313-061748-0883 05317 * ExecuteNextAppRequestOperation (bench_client.cc:407): Sending op with proto 5 and index 1
20260313-061748-0883 05317 * SendOperation   (shardclient.cc:377): Client-side CoordRequest: p=73014444060 s=47244640281 to group=9 replica=1
20260313-061748-0885 05317 * ExecuteNextAppRequestOperation (bench_client.cc:407): Sending op with proto 5 and index 1
20260313-061748-0886 05317 * SendOperation   (shardclient.cc:377): Client-side CoordRequest: p=47244640281 s=47244640282 to group=3 replica=1
20260313-061748-0887 05317 * ExecuteNextAppRequestOperation (bench_client.cc:407): Sending op with proto 5 and index 1
20260313-061748-0888 05317 * SendOperation   (shardclient.cc:377): Client-side CoordRequest: p=47244640282 s=42949672984 to group=3 replica=1
20260313-061748-0889 05317 * ExecuteNextAppRequestOperation (bench_client.cc:407): Sending op with proto 5 and index 1
20260313-061748-0890 05317 * SendOperation   (shardclient.cc:377): Client-side CoordRequest: p=42949672984 s=42949672985 to group=2 replica=1
20260313-061748-0891 05317 * ExecuteNextAppRequestOperation (bench_client.cc:407): Sending op with proto 5 and index 1
20260313-061748-0892 05317 * SendOperation   (shardclient.cc:377): Client-side CoordRequest: p=42949672985 s=38654705689 to group=2 replica=1
20260313-061748-0893 05317 * ExecuteNextAppRequestOperation (bench_client.cc:407): Sending op with proto 5 and index 1
20260313-061748-0894 05317 * SendOperation   (shardclient.cc:377): Client-side CoordRequest: p=38654705689 s=51539607580 to group=1 replica=1
20260313-061748-0896 05317 * ExecuteNextAppRequestOperation (bench_client.cc:407): Sending op with proto 5 and index 1
20260313-061748-0896 05317 * SendOperation   (shardclient.cc:377): Client-side CoordRequest: p=51539607580 s=68719476764 to group=4 replica=1
20260313-061748-0898 05317 * GetNextOperation (app_request.cc:76): AppRequest batch composition: fanout=16 reads=16 writes=0
20260313-061748-0898 05317 * ExecuteNextAppRequestOperation (bench_client.cc:407): Sending op with proto 5 and index 1
20260313-061748-0899 05317 * SendOperation   (shardclient.cc:377): Client-side CoordRequest: p=68719476764 s=47244640283 to group=8 replica=1
20260313-061749-7923 05317 * FlushStats      (benchmark.cc:916): Flushing stats to /mnt/extra/experiments/2026-04-13-06-16-49/out/client-1-0-0-stats-0.json.
20260313-061749-7927 05317 * FlushStats      (benchmark.cc:928): All done!
Session continued: 0
last_service: , current_state: 0
Session destroyed: 18446744073709551615
last_service: , current_state: 0
Session continued: 0
last_service: , current_state: 0
Session destroyed: 18446744073709551615
last_service: , current_state: 0
Session destroyed: 0
last_service: , current_state: 0
20260313-061752-0853 05317 * Cleanup         (bench_client.cc:749): Aborting 0 outstanding transactions.
20260313-061752-0854 05317 * CooldownDone    (bench_client.cc:779): Finished cooldown period.
20260313-061752-0854 05317 * CooldownDone    (bench_client.cc:786): Median latency is 1812967678 ns (1812 ms)
20260313-061752-0855 05317 * CooldownDone    (bench_client.cc:795): Average latency is 1820832139 ns (1820 ms)
20260313-061752-0855 05317 * CooldownDone    (bench_client.cc:799): 90th percentile latency is 2214395826 ns (2214 ms)
20260313-061752-0855 05317 * CooldownDone    (bench_client.cc:803): 95th percentile latency is 2314886666 ns (2314 ms)
20260313-061752-0856 05317 * CooldownDone    (bench_client.cc:807): 99th percentile latency is 2314886666 ns (2314 ms)
20260313-061752-0856 05317 * LATENCY total: 1512 ms 1820 ms/1073 ms 2314 ms (13 samples, 23 s total)
20260313-061752-0857 05317 *    1073 ms |         11 | ===========
20260313-061752-0857 05317 *    2147 ms |          2 | ==
20260313-061752-0858 05317 * Stop            (tcptransport.cc:605): [TCP SUMMARY] outgoingCreated=50 outgoingClosed=0 incomingCreated=0 incomingClosed=0 outgoingPeak=50 incomingPeak=0
Inserted events:
  0x557e5018a390 [fd  7] Read Persist Internal
  0x557e501b28b0 [fd  9] Read Persist
  0x557e501bf9f0 [fd  10] Read Persist
  0x557e501b3ca0 [fd  11] Read Persist
  0x557e501b40e0 [fd  12] Read Persist
  0x557e501b3900 [fd  13] Read Persist
  0x557e501b30b0 [fd  14] Read Persist
  0x557e501c0840 [fd  15] Read Persist
  0x557e501c1060 [fd  16] Read Persist
  0x557e501c1880 [fd  17] Read Persist
  0x557e501c20a0 [fd  18] Read Persist
  0x557e501c28c0 [fd  19] Read Persist
  0x557e501c30e0 [fd  20] Read Persist
  0x557e501c3900 [fd  21] Read Persist
  0x557e501c4120 [fd  22] Read Persist
  0x557e501c4940 [fd  23] Read Persist
  0x557e501c5260 [fd  24] Read Persist
  0x557e501c5c00 [fd  25] Read Persist
  0x557e501c6800 [fd  26] Read Persist
  0x557e501c71a0 [fd  27] Read Persist
  0x557e501c7b40 [fd  28] Read Persist
  0x557e501c84e0 [fd  29] Read Persist
  0x557e501c89a0 [fd  30] Read Persist
  0x557e501ccdc0 [fd  31] Read Persist
  0x557e501c8fc0 [fd  32] Read Persist
  0x557e501b0fe0 [fd  33] Read Persist
  0x557e501b1a60 [fd  34] Read Persist
  0x557e501cd130 [fd  35] Read Persist
  0x557e501b25a0 [fd  36] Read Persist
  0x557e501cb3b0 [fd  37] Read Persist
  0x557e501cc280 [fd  38] Read Persist
  0x557e501e5120 [fd  39] Read Persist
  0x557e501e5880 [fd  40] Read Persist
  0x557e501e6a90 [fd  41] Read Persist
  0x557e501e73d0 [fd  42] Read Persist
  0x557e501e7d40 [fd  43] Read Persist
  0x557e501e8fd0 [fd  44] Read Persist
  0x557e501e9910 [fd  45] Read Persist
  0x557e501ea780 [fd  46] Read Persist
  0x557e501eb9e0 [fd  47] Read Persist
  0x557e501ec320 [fd  48] Read Persist
  0x557e501ecc90 [fd  49] Read Persist
  0x557e501edea0 [fd  50] Read Persist
  0x557e501ee7e0 [fd  51] Read Persist
  0x557e501ef150 [fd  52] Read Persist
  0x557e501f03e0 [fd  53] Read Persist
  0x557e501f0d00 [fd  54] Read Persist
  0x557e501f1670 [fd  55] Read Persist
  0x557e501f28b0 [fd  56] Read Persist
  0x557e501f31d0 [fd  57] Read Persist
  0x557e501f3b40 [fd  58] Read Persist
Active events:
20260313-061752-0866 05317 * main            (benchmark.cc:875): Cleaning up after experiment.
20260313-061752-0867 05317 * FlushStats      (benchmark.cc:916): Flushing stats to /mnt/extra/experiments/2026-04-13-06-16-49/out/client-1-0-0-stats-0.json.
20260313-061752-0869 05317 * FlushStats      (benchmark.cc:928): All done!
