20260313-060816-3134 08936 * main            (server.cc:217):    Starting server.
20260313-060816-3147 08936 * main            (server.cc:335):    Creating a default paritioner!
20260313-060818-2352 08936 * main            (server.cc:513):    Done loading server.
20260313-060840-6243 08936 * HandlePrepare   (replica.cc:709):   [2] Tail batch: size=1 pending_ooo=0 avg_batch_size=1.00 total_ops=1
20260313-060843-6596 08936 * HandlePrepare   (replica.cc:709):   [2] Tail batch: size=1 pending_ooo=0 avg_batch_size=1.00 total_ops=2
20260313-060846-0835 08936 * HandlePrepare   (replica.cc:709):   [2] Tail batch: size=1 pending_ooo=0 avg_batch_size=1.00 total_ops=3
20260313-060847-8897 08936 * HandlePrepare   (replica.cc:709):   [2] Tail batch: size=1 pending_ooo=0 avg_batch_size=1.00 total_ops=4
20260313-060849-7076 08936 * HandlePrepare   (replica.cc:709):   [2] Tail batch: size=1 pending_ooo=0 avg_batch_size=1.00 total_ops=5
20260313-060850-5705 08936 * HandlePrepare   (replica.cc:709):   [2] Tail batch: size=1 pending_ooo=0 avg_batch_size=1.00 total_ops=6
20260313-060851-9827 08936 * HandlePrepare   (replica.cc:709):   [2] Tail batch: size=1 pending_ooo=0 avg_batch_size=1.00 total_ops=7
20260313-060852-5450 08936 * HandlePrepare   (replica.cc:709):   [2] Tail batch: size=1 pending_ooo=0 avg_batch_size=1.00 total_ops=8
20260313-060855-1715 08936 * HandlePrepare   (replica.cc:709):   [2] Tail batch: size=1 pending_ooo=0 avg_batch_size=1.00 total_ops=9
20260313-060855-5757 08936 * HandlePrepare   (replica.cc:709):   [2] Tail batch: size=1 pending_ooo=0 avg_batch_size=1.00 total_ops=10
20260313-060856-6292 08936 * HandlePrepare   (replica.cc:709):   [2] Tail batch: size=1 pending_ooo=0 avg_batch_size=1.00 total_ops=11
20260313-060901-2300 08936 * HandlePrepare   (replica.cc:709):   [2] Tail batch: size=1 pending_ooo=0 avg_batch_size=1.00 total_ops=12
20260313-060903-6635 08936 * HandlePrepare   (replica.cc:709):   [2] Tail batch: size=1 pending_ooo=0 avg_batch_size=1.00 total_ops=13
20260313-060909-2602 08936 ! TCPIncomingEventCallback (tcptransport.cc:942): [TCP INCOMING 118] EOF, lifetime=30884.72 ms
20260313-060909-2748 08936 ! TCPIncomingEventCallback (tcptransport.cc:942): [TCP INCOMING 122] EOF, lifetime=30883.55 ms
20260313-060909-2754 08936 ! TCPIncomingEventCallback (tcptransport.cc:942): [TCP INCOMING 120] EOF, lifetime=30889.32 ms
20260313-060909-2756 08936 ! TCPIncomingEventCallback (tcptransport.cc:942): [TCP INCOMING 121] EOF, lifetime=30889.27 ms
20260313-060909-2775 08936 ! TCPIncomingEventCallback (tcptransport.cc:942): [TCP INCOMING 123] EOF, lifetime=30879.62 ms
20260313-060909-2829 08936 ! TCPIncomingEventCallback (tcptransport.cc:942): [TCP INCOMING 119] EOF, lifetime=30897.33 ms
20260313-060909-2986 08936 ! TCPIncomingEventCallback (tcptransport.cc:942): [TCP INCOMING 124] EOF, lifetime=30894.81 ms
20260313-060909-3295 08936 ! TCPIncomingEventCallback (tcptransport.cc:942): [TCP INCOMING 117] EOF, lifetime=31102.22 ms
20260313-060915-8229 08936 * Cleanup         (server.cc:589):    Gracefully exiting after signal 15.
20260313-060915-8230 08936 * Stop            (tcptransport.cc:605): [TCP SUMMARY] outgoingCreated=58 outgoingClosed=0 incomingCreated=66 incomingClosed=8 outgoingPeak=110 incomingPeak=37
Inserted events:
  0x557aac96dd00 [fd  9] Read Persist Internal
  0x557aac975a60 [fd  10] Read Persist
  0x557aac980e70 [fd  11] Read Persist
  0x557ab8fb2520 [fd  12] Read Persist
  0x557ab8fb2740 [fd  13] Read Persist
  0x557ab8fb2960 [fd  14] Read Persist
  0x557ab8fb2b80 [fd  15] Read Persist
  0x557ab8fb2da0 [fd  16] Read Persist
  0x557ab8fb2fc0 [fd  17] Read Persist
  0x557ab8fb31e0 [fd  18] Read Persist
  0x557ab8fb3400 [fd  19] Read Persist
  0x557ab8fb3620 [fd  20] Read Persist
  0x557ab8fb3840 [fd  21] Read Persist
  0x557ab8fb3a60 [fd  22] Read Persist
  0x557ab8fb3da0 [fd  23] Read Persist
  0x557ab8fb40e0 [fd  24] Read Persist
  0x557ab8fb4420 [fd  25] Read Persist
  0x557ab8fb4760 [fd  26] Read Persist
  0x557ab8fb4aa0 [fd  27] Read Persist
  0x557ab8fb4e20 [fd  28] Read Persist
  0x557ab8fb52f0 [fd  29] Read Persist
  0x557ab8fb5690 [fd  30] Read Persist
  0x557ab8faf760 [fd  31] Read Persist
  0x557ab8fadba0 [fd  32] Read Persist
  0x557ab8fa5180 [fd  33] Read Persist
  0x557ab8fa5540 [fd  34] Read Persist
  0x557ab8fae050 [fd  35] Read Persist
  0x557ab8faed40 [fd  36] Read Persist
  0x557ab8fab350 [fd  37] Read Persist
  0x557ab8fabbc0 [fd  38] Read Persist
  0x557ab8fac170 [fd  39] Read Persist
  0x557ab8fac590 [fd  40] Read Persist
  0x557ab8fac9d0 [fd  41] Read Persist
  0x557ab8face10 [fd  42] Read Persist
  0x557ab8fb5a30 [fd  43] Read Persist
  0x557ab8fb5d20 [fd  44] Read Persist
  0x557ab8fb6130 [fd  45] Read Persist
  0x557ab8fb6540 [fd  46] Read Persist
  0x557ab8fb6a10 [fd  47] Read Persist
  0x557ab8fb6fa0 [fd  48] Read Persist
  0x557ab8fb77b0 [fd  49] Read Persist
  0x557ab8fb7d40 [fd  50] Read Persist
  0x557ab8fb82d0 [fd  51] Read Persist
  0x557ab8fb8860 [fd  52] Read Persist
  0x557ab8fb8df0 [fd  53] Read Persist
  0x557ab8fb9380 [fd  54] Read Persist
  0x557ab8fb9910 [fd  55] Read Persist
  0x557ab8fb9ea0 [fd  56] Read Persist
  0x557ab8fba430 [fd  57] Read Persist
  0x557ab8fba9c0 [fd  58] Read Persist
  0x557ab8fbaf50 [fd  59] Read Persist
  0x557ab8fbb370 [fd  60] Read Persist
  0x557ab8fbb590 [fd  61] Read Persist
  0x557ab8fbb840 [fd  62] Read Persist
  0x557ab8fbbbe0 [fd  63] Read Persist
  0x557ab8fbbf80 [fd  64] Read Persist
  0x557aac97bee0 [fd  65] Read Persist
  0x557aac97c3c0 [fd  66] Read Persist
  0x557aac97c790 [fd  67] Read Persist
  0x557aac97cb60 [fd  68] Read Persist
  0x557ab8fbc2c0 [fd  69] Read Persist
  0x557ab8fbc4e0 [fd  70] Read Persist
  0x557ab8fbc820 [fd  71] Read Persist
  0x557ab8fbcb60 [fd  72] Read Persist
  0x557ab8fbd000 [fd  73] Read Persist
  0x557ab8fbd4a0 [fd  74] Read Persist
  0x557ab8fbd940 [fd  75] Read Persist
  0x557ab8fbdde0 [fd  76] Read Persist
  0x557ab8fbe280 [fd  77] Read Persist
  0x557ab8fbe720 [fd  78] Read Persist
  0x557ab8fbebc0 [fd  79] Read Persist
  0x557ab8fbf060 [fd  80] Read Persist
  0x557ab8fbf500 [fd  81] Read Persist
  0x557ab8fbf9a0 [fd  82] Read Persist
  0x557ab8fbfe40 [fd  83] Read Persist
  0x557ab8fc02e0 [fd  84] Read Persist
  0x557ab8fc0780 [fd  85] Read Persist
  0x557ab8fc0c20 [fd  86] Read Persist
  0x557ab8fc10c0 [fd  87] Read Persist
  0x557ab8fc1560 [fd  88] Read Persist
  0x557ab8fc1a00 [fd  89] Read Persist
  0x557ab8fc1ea0 [fd  90] Read Persist
  0x557ab8fc2dc0 [fd  91] Read Persist
  0x557ab8fc3260 [fd  92] Read Persist
  0x557ab8fc37b0 [fd  93] Read Persist
  0x557ab8fc3c70 [fd  94] Read Persist
  0x557ab8fc4130 [fd  95] Read Persist
  0x557ab8fc45f0 [fd  96] Read Persist
  0x557ab8fc4ab0 [fd  97] Read Persist
  0x557ab8fc4f70 [fd  98] Read Persist
  0x557ab8fc5430 [fd  99] Read Persist
  0x557ab8fc59c0 [fd  100] Read Persist
  0x557ab8fc5f50 [fd  101] Read Persist
  0x557ab8fc64e0 [fd  102] Read Persist
  0x557ab8fc6a70 [fd  103] Read Persist
  0x557ab8fc7000 [fd  104] Read Persist
  0x557ab8fc7590 [fd  105] Read Persist
  0x557ab8fc7b20 [fd  106] Read Persist
  0x557ab8fc80b0 [fd  107] Read Persist
  0x557ab8fc8640 [fd  108] Read Persist
  0x557ab8fc8bd0 [fd  109] Read Persist
  0x557ab8fc9160 [fd  110] Read Persist
  0x557ab8fc96f0 [fd  111] Read Persist
  0x557ab8fc9c80 [fd  112] Read Persist
  0x557ab8fca210 [fd  113] Read Persist
  0x557ab8fca7a0 [fd  114] Read Persist
  0x557ab8fcad30 [fd  115] Read Persist
  0x557ab8fcb2c0 [fd  116] Read Persist
  0x557ab8fcb850 [fd  117] Read Persist
  0x557ab8fcbde0 [fd  118] Read Persist
  0x557ab8fcc370 [fd  119] Read Persist
  0x557ab8fcc900 [fd  120] Read Persist
  0x557ab8fcce90 [fd  121] Read Persist
  0x557ab8fcd2b0 [fd  122] Read Persist
  0x557ab8fcd4d0 [fd  123] Read Persist
  0x557ab8fcd780 [fd  124] Read Persist
  0x557ab8fcdb20 [fd  125] Read Persist
  0x557ab8fcdec0 [fd  126] Read Persist
  0x557ab8fce260 [fd  127] Read Persist
Active events:
20260313-060915-8249 08936 * Cleanup         (server.cc:593):    Exporting stats to /mnt/extra/experiments/2026-04-13-06-08-07/out/server-0-2-2-stats-0.json.
