basic_appreq,5076459,16059651461908,1824
basic_appreq,4936474,16059656527962,1824
basic_appreq,5346326,16059661922614,1824
basic_appreq,6119042,16059668089454,1824
basic_appreq,4982533,16059673108856,1824
basic_appreq,4941596,16059678088338,1824
basic_appreq,5262185,16059683386500,1824
basic_appreq,4898973,16059688324935,1824
basic_appreq,5168701,16059693533317,1824
basic_appreq,5078398,16059698653779,1824
basic_appreq,4729038,16059703422017,1824
basic_appreq,4498238,16059707957385,1824
basic_appreq,4812530,16059712848110,1824
basic_appreq,5411597,16059718304517,1824
basic_appreq,5212694,16059723555746,1824
basic_appreq,4850128,16059728445548,1824
basic_appreq,4869038,16059733354612,1824
basic_appreq,4967516,16059738364206,1824
basic_appreq,4941837,16059743346140,1824
basic_appreq,5203791,16059748589345,1824
basic_appreq,5104270,16059753732596,1824
basic_appreq,4912286,16059758683494,1824
basic_appreq,4776253,16059763498595,1824
basic_appreq,4994022,16059768531890,1824
basic_appreq,5099628,16059773671438,1824
basic_appreq,4299905,16059778011440,1824
basic_appreq,4943500,16059783011820,1824
basic_appreq,5637111,16059788688753,1824
basic_appreq,5252905,16059793980052,1824
basic_appreq,4656273,16059798681283,1824
basic_appreq,5450377,16059804177724,1824
basic_appreq,4855134,16059809072841,1824
basic_appreq,5388788,16059814501198,1824
basic_appreq,5102810,16059819646243,1824
basic_appreq,4827441,16059824513660,1824
basic_appreq,4993234,16059829549899,1824
basic_appreq,4963853,16059834555036,1824
basic_appreq,4983588,16059839576877,1824
basic_appreq,4870742,16059844485596,1824
basic_appreq,4813076,16059849345028,1824
basic_appreq,5057508,16059854440800,1824
basic_appreq,4459925,16059858938411,1824
basic_appreq,4898561,16059863881132,1824
basic_appreq,4841142,16059868764654,1824
basic_appreq,5556052,16059874367442,1824
basic_appreq,5265994,16059879684947,1824
basic_appreq,4793953,16059884518873,1824
basic_appreq,4781736,16059889339584,1824
basic_appreq,4563979,16059893943683,1824
basic_appreq,4820857,16059898797931,1824
basic_appreq,5053273,16059903883101,1824
basic_appreq,5153671,16059909074985,1824
basic_appreq,4657413,16059913771391,1824
basic_appreq,5207229,16059919018372,1824
basic_appreq,4910549,16059923968807,1824
basic_appreq,5158059,16059929189919,1824
basic_appreq,5141483,16059934367200,1824
basic_appreq,4494641,16059938897427,1824
basic_appreq,5242083,16059944187623,1824
basic_appreq,5019191,16059949247646,1824
basic_appreq,5008358,16059954295823,1824
basic_appreq,4306359,16059958642806,1824
basic_appreq,4739951,16059963422944,1824
basic_appreq,4962060,16059968424783,1824
basic_appreq,5038830,16059973507988,1824
basic_appreq,5169985,16059978716878,1824
basic_appreq,4755032,16059983509142,1824
basic_appreq,4927890,16059988478609,1824
basic_appreq,5105779,16059993623438,1824
basic_appreq,4886270,16059998548929,1824
basic_appreq,4527652,16060003113325,1824
basic_appreq,5564138,16060008722571,1824
basic_appreq,4729695,16060013490454,1824
basic_appreq,4984343,16060018520583,1824
basic_appreq,4869722,16060023429059,1824
basic_appreq,4835347,16060028303978,1824
basic_appreq,5108565,16060033448699,1824
basic_appreq,4599005,16060038083082,1824
basic_appreq,4951746,16060043070329,1824
basic_appreq,5225075,16060048334702,1824
basic_appreq,4876944,16060053253125,1824
basic_appreq,4836308,16060058129454,1824
basic_appreq,4962216,16060063134988,1824
basic_appreq,5043446,16060068217619,1824
basic_appreq,5193462,16060073452484,1824
basic_appreq,5096612,16060078589463,1824
basic_appreq,5106518,16060083736253,1824
basic_appreq,4989790,16060088766700,1824
basic_appreq,4866474,16060093672433,1824
basic_appreq,4789923,16060098514041,1824
basic_appreq,4769992,16060103327856,1824
basic_appreq,4929174,16060108293572,1824
basic_appreq,5067567,16060113399935,1824
basic_appreq,4451651,16060117891666,1824
basic_appreq,5307432,16060123250969,1824
basic_appreq,5141322,16060128431670,1824
basic_appreq,4782241,16060133253477,1824
basic_appreq,4708830,16060138001471,1824
basic_appreq,4692127,16060142733056,1824
basic_appreq,5028001,16060147797356,1824
basic_appreq,4782718,16060152628637,1824
basic_appreq,5471067,16060158146810,1824
basic_appreq,4921444,16060163108635,1824
basic_appreq,4921671,16060168077635,1824
basic_appreq,5097910,16060173215662,1824
basic_appreq,4592156,16060177844754,1824
basic_appreq,4405447,16060182288312,1824
basic_appreq,4728852,16060187061525,1824
basic_appreq,5527915,16060192627572,1824
basic_appreq,5321992,16060197994024,1824
basic_appreq,4272014,16060202306181,1824
basic_appreq,5831511,16060208184340,1824
basic_appreq,4768484,16060212993138,1824
basic_appreq,4724291,16060217757542,1824
basic_appreq,4487046,16060222286341,1824
basic_appreq,5640681,16060227968909,1824
basic_appreq,4781670,16060232818530,1824
basic_appreq,4856014,16060237711577,1824
basic_appreq,4998999,16060242754206,1824
basic_appreq,5135475,16060247928869,1824
basic_appreq,4944003,16060252912841,1824
basic_appreq,4864115,16060257816195,1824
basic_appreq,4644073,16060262499770,1824
basic_appreq,4830904,16060267373078,1824
basic_appreq,4973341,16060272378902,1824
basic_appreq,5236940,16060277648130,1824
basic_appreq,4851327,16060282536446,1824
basic_appreq,4902623,16060287475523,1824
basic_appreq,5288488,16060292804295,1824
basic_appreq,4608464,16060297458259,1824
basic_appreq,4879903,16060302381605,1824
basic_appreq,5658351,16060308086932,1824
basic_appreq,4773862,16060312897738,1824
basic_appreq,4434656,16060317369849,1824
basic_appreq,5134095,16060322546871,1824
basic_appreq,5633503,16060328221697,1824
basic_appreq,4783037,16060333044844,1824
basic_appreq,4241454,16060337325689,1824
basic_appreq,5639111,16060343010060,1824
basic_appreq,4807782,16060347855423,1824
basic_appreq,4947685,16060352840682,1824
basic_appreq,4999322,16060357877149,1824
basic_appreq,5073676,16060362990909,1824
basic_appreq,4352936,16060367383599,1824
basic_appreq,5178714,16060372606633,1824
basic_appreq,5029619,16060377675224,1824
basic_appreq,4800956,16060382516739,1824
basic_appreq,5375866,16060387939399,1824
basic_appreq,5113509,16060393092503,1824
basic_appreq,4826626,16060397958213,1824
basic_appreq,4479386,16060402484986,1824
basic_appreq,5469629,16060407996331,1824
basic_appreq,4948963,16060413005464,1824
basic_appreq,4839082,16060417882717,1824
basic_appreq,4996429,16060422919109,1824
basic_appreq,4802010,16060427761489,1824
basic_appreq,5026936,16060432827908,1824
basic_appreq,4535641,16060437399663,1824
basic_appreq,5012380,16060442449574,1824
basic_appreq,5959040,16060448457565,1824
basic_appreq,5166657,16060453663324,1824
basic_appreq,4769908,16060458472921,1824
basic_appreq,4715319,16060463226595,1824
basic_appreq,4383961,16060467646094,1824
basic_appreq,5431913,16060473121988,1824
basic_appreq,4691021,16060477848547,1824
basic_appreq,4738061,16060482625231,1824
basic_appreq,5019343,16060487689899,1824
basic_appreq,4880339,16060492609730,1824
basic_appreq,4899946,16060497557417,1824
basic_appreq,4810917,16060502407239,1824
basic_appreq,4964789,16060507406825,1824
basic_appreq,5195446,16060512636375,1824
basic_appreq,5209412,16060517884515,1824
basic_appreq,4649244,16060522571764,1824
basic_appreq,4755871,16060527367393,1824
basic_appreq,4816206,16060532222664,1824
basic_appreq,4744536,16060537006437,1824
basic_appreq,5006620,16060542048482,1824
basic_appreq,5094918,16060547187558,1824
basic_appreq,4948222,16060552177491,1824
basic_appreq,5073485,16060557291919,1824
basic_appreq,4729150,16060562060878,1824
basic_appreq,4815455,16060566917392,1824
basic_appreq,4836160,16060571792621,1824
basic_appreq,5046479,16060576883239,1824
basic_appreq,5010542,16060581930700,1824
basic_appreq,4995006,16060586972280,1824
basic_appreq,4474009,16060591484008,1824
basic_appreq,4942786,16060596466847,1824
basic_appreq,5017079,16060601531866,1824
basic_appreq,4829795,16060606401431,1824
basic_appreq,5016073,16060611457207,1824
basic_appreq,4967548,16060616465358,1824
basic_appreq,4849570,16060621349121,1824
basic_appreq,5220888,16060626605872,1824
basic_appreq,5035326,16060631682743,1824
basic_appreq,5254814,16060636979273,1824
basic_appreq,4852360,16060641871748,1824
basic_appreq,4910782,16060646823111,1824
basic_appreq,4999332,16060651879084,1824
basic_appreq,5212368,16060657132370,1824
basic_appreq,4738278,16060661910883,1824
basic_appreq,5015852,16060666967567,1824
basic_appreq,8930094,16060675938315,1824
basic_appreq,5456009,16060681433148,1824
basic_appreq,5072559,16060686546786,1824
basic_appreq,4136986,16060690724043,1824
basic_appreq,5121855,16060695885268,1824
basic_appreq,4742061,16060700668759,1824
basic_appreq,4510209,16060705222020,1824
basic_appreq,4799646,16060710062900,1824
basic_appreq,5081064,16060715185182,1824
basic_appreq,4816684,16060720042752,1824
basic_appreq,4715095,16060724806004,1824
basic_appreq,4745195,16060729604087,1824
basic_appreq,4586000,16060734242210,1824
basic_appreq,5190863,16060739493645,1824
basic_appreq,4859751,16060744393206,1824
basic_appreq,4763690,16060749204323,1824
basic_appreq,4877458,16060754125463,1824
basic_appreq,4754250,16060758926851,1824
basic_appreq,5392339,16060764366118,1824
basic_appreq,5000122,16060769404447,1824
basic_appreq,4825602,16060774268313,1824
basic_appreq,5011619,16060779320810,1824
basic_appreq,4946806,16060784324567,1824
basic_appreq,4836148,16060789206960,1824
basic_appreq,4772755,16060794022204,1824
basic_appreq,4764762,16060798829112,1824
basic_appreq,4682102,16060803557666,1824
basic_appreq,4808036,16060808412505,1824
basic_appreq,5371764,16060813831824,1824
basic_appreq,4849460,16060818732388,1824
basic_appreq,5493056,16060824266210,1824
basic_appreq,5661129,16060829971683,1824
basic_appreq,4857860,16060834868114,1824
basic_appreq,5188068,16060840095321,1824
basic_appreq,5010112,16060845147411,1824
basic_appreq,4856884,16060850044606,1824
basic_appreq,4818616,16060854903395,1824
basic_appreq,4682356,16060859624826,1824
basic_appreq,4680607,16060864340432,1824
basic_appreq,4820399,16060869196563,1824
basic_appreq,5313152,16060874545373,1824
basic_appreq,5021199,16060879606235,1824
basic_appreq,5110966,16060884756780,1824
basic_appreq,5347357,16060890143492,1824
basic_appreq,5171089,16060895362088,1824
basic_appreq,4872363,16060900276930,1824
basic_appreq,4366434,16060904690012,1824
basic_appreq,5238311,16060909969138,1824
basic_appreq,4837070,16060914854488,1824
basic_appreq,4813018,16060919716522,1824
basic_appreq,5009988,16060924767656,1824
basic_appreq,4825673,16060929637465,1824
basic_appreq,4528272,16060934205074,1824
basic_appreq,5027019,16060939291711,1824
basic_appreq,4911764,16060944245715,1824
basic_appreq,4763208,16060949050379,1824
basic_appreq,4851352,16060953943465,1824
basic_appreq,5142257,16060959132329,1824
basic_appreq,5175442,16060964344610,1824
basic_appreq,4781813,16060969172491,1824
basic_appreq,5278111,16060974498093,1824
basic_appreq,5105716,16060979646433,1824
basic_appreq,4867444,16060984556012,1824
basic_appreq,4925888,16060989533003,1824
basic_appreq,4880548,16060994456225,1824
basic_appreq,5255378,16060999754708,1824
basic_appreq,5830593,16061005626474,1824
basic_appreq,4832644,16061010500055,1824
basic_appreq,4299273,16061014840769,1824
basic_appreq,4847729,16061019730730,1824
basic_appreq,5472397,16061025244139,1824
basic_appreq,4767976,16061030048400,1824
basic_appreq,4993526,16061035084889,1824
basic_appreq,4972958,16061040104534,1824
basic_appreq,5605485,16061045757661,1824
basic_appreq,4865703,16061050671887,1824
basic_appreq,4659716,16061055374316,1824
basic_appreq,4762219,16061060178701,1824
basic_appreq,5112102,16061065331397,1824
basic_appreq,4837695,16061070212277,1824
basic_appreq,5303071,16061075557582,1824
basic_appreq,4971435,16061080569288,1824
basic_appreq,4968989,16061085579164,1824
basic_appreq,5094298,16061090716066,1824
basic_appreq,5234307,16061095992277,1824
basic_appreq,5269956,16061101328788,1824
basic_appreq,4848031,16061106214185,1824
basic_appreq,5005712,16061111264705,1824
basic_appreq,5106014,16061116408253,1824
basic_appreq,5086687,16061121534052,1824
basic_appreq,4786826,16061126361037,1824
basic_appreq,4795286,16061131194987,1824
basic_appreq,4838737,16061136073076,1824
basic_appreq,4867791,16061140982439,1824
basic_appreq,4853322,16061145870963,1824
basic_appreq,4900849,16061150807433,1824
basic_appreq,4985873,16061155857595,1824
basic_appreq,4810485,16061160708800,1824
basic_appreq,5077371,16061165825493,1824
basic_appreq,4838594,16061170703398,1824
basic_appreq,5121482,16061175866254,1824
basic_appreq,5060224,16061180966547,1824
basic_appreq,4843686,16061185851947,1824
basic_appreq,5005664,16061190896693,1824
basic_appreq,5052786,16061195985200,1824
basic_appreq,5185963,16061201234040,1824
basic_appreq,4956469,16061206230499,1824
basic_appreq,4935689,16061211205386,1824
basic_appreq,4935480,16061216183071,1824
basic_appreq,4850747,16061221070979,1824
basic_appreq,4723686,16061225832945,1824
basic_appreq,4653974,16061230526571,1824
basic_appreq,4819219,16061235385818,1824
basic_appreq,5080373,16061240512627,1824
basic_appreq,4732322,16061245278925,1824
basic_appreq,4765388,16061250078536,1824
basic_appreq,4715833,16061254832073,1824
basic_appreq,4877792,16061259750346,1824
basic_appreq,4816347,16061264603400,1824
basic_appreq,4421781,16061269061793,1824
basic_appreq,4452579,16061273552526,1824
basic_appreq,4651067,16061278245123,1824
basic_appreq,4742217,16061283033833,1824
basic_appreq,4710842,16061287793315,1824
basic_appreq,4951604,16061292792878,1824
basic_appreq,4816447,16061297658631,1824
basic_appreq,4892738,16061302597221,1824
basic_appreq,4612069,16061307255435,1824
basic_appreq,4612016,16061311942249,1824
basic_appreq,5411299,16061317429752,1824
basic_appreq,5289491,16061322771095,1824
basic_appreq,4911700,16061327723962,1824
basic_appreq,5038641,16061332802903,1824
basic_appreq,4831546,16061337676525,1824
basic_appreq,5786373,16061343503421,1824
basic_appreq,5008209,16061348549167,1824
basic_appreq,4216403,16061352803354,1824
basic_appreq,5554426,16061358403057,1824
basic_appreq,4897853,16061363338404,1824
basic_appreq,5131374,16061368508557,1824
basic_appreq,4794021,16061373340658,1824
basic_appreq,3915366,16061377292874,1824
basic_appreq,4673112,16061382005250,1824
basic_appreq,4679482,16061386726069,1824
basic_appreq,4865047,16061391632604,1824
basic_appreq,5375744,16061397054668,1824
basic_appreq,4905659,16061402002237,1824
basic_appreq,4956321,16061406998417,1824
basic_appreq,5077189,16061412123725,1824
basic_appreq,5202858,16061417367388,1824
basic_appreq,5202106,16061422615636,1824
basic_appreq,4995847,16061427658246,1824
basic_appreq,4903996,16061432605523,1824
basic_appreq,4736615,16061437385432,1824
basic_appreq,4935104,16061442368736,1824
basic_appreq,4817031,16061447235572,1824
basic_appreq,4998068,16061452281583,1824
basic_appreq,5659339,16061457986412,1824
basic_appreq,4918584,16061462948281,1824
basic_appreq,5027149,16061468030631,1824
basic_appreq,5097506,16061473173460,1824
basic_appreq,5817592,16061479033377,1824
basic_appreq,4835787,16061483909596,1824
basic_appreq,4912961,16061488864020,1824
basic_appreq,4596677,16061493498314,1824
basic_appreq,4962916,16061498498029,1824
basic_appreq,4833682,16061503368367,1824
basic_appreq,4996139,16061508405835,1824
basic_appreq,5157311,16061513603306,1824
basic_appreq,4870377,16061518514440,1824
basic_appreq,4861856,16061523416316,1824
basic_appreq,4834162,16061528289705,1824
basic_appreq,4627731,16061532953362,1824
basic_appreq,4987588,16061537978684,1824
basic_appreq,4976817,16061542997126,1824
basic_appreq,4684179,16061547721497,1824
basic_appreq,4713336,16061552472589,1824
basic_appreq,4377757,16061556896399,1824
basic_appreq,5363788,16061562303823,1824
basic_appreq,4855281,16061567198428,1824
basic_appreq,4001967,16061571237052,1824
basic_appreq,5000238,16061576280768,1824
basic_appreq,4790478,16061581118314,1824
basic_appreq,5046954,16061586213748,1824
basic_appreq,4839389,16061591096132,1824
basic_appreq,5099315,16061596236966,1824
basic_appreq,5143818,16061601422546,1824
basic_appreq,4774505,16061606239063,1824
basic_appreq,5060728,16061611347175,1824
basic_appreq,5122765,16061616512463,1824
basic_appreq,4838431,16061621391276,1824
basic_appreq,4755640,16061626185143,1824
basic_appreq,4883700,16061631110604,1824
basic_appreq,4780700,16061635939654,1824
basic_appreq,4821940,16061640815164,1824
basic_appreq,5035747,16061645899034,1824
basic_appreq,4826231,16061650792949,1824
basic_appreq,5423288,16061656263884,1824
basic_appreq,4903582,16061661212328,1824
basic_appreq,4776787,16061666043695,1824
basic_appreq,4807573,16061670891671,1824
basic_appreq,4864630,16061675798780,1824
basic_appreq,4969925,16061680810907,1824
basic_appreq,4785128,16061685639504,1824
basic_appreq,4945773,16061690631275,1824
basic_appreq,5145696,16061695818899,1824
basic_appreq,4997815,16061700857196,1824
basic_appreq,5043184,16061705937999,1824
basic_appreq,4875447,16061710853195,1824
basic_appreq,5349045,16061716243486,1824
basic_appreq,4996690,16061721290838,1824
basic_appreq,4739701,16061726079675,1824
basic_appreq,4994979,16061731114100,1824
basic_appreq,5027843,16061736180284,1824
basic_appreq,4729353,16061740946138,1824
basic_appreq,4865372,16061745852302,1824
basic_appreq,4874033,16061750765483,1824
basic_appreq,4985312,16061755791035,1824
basic_appreq,4994139,16061760825212,1824
basic_appreq,5201712,16061766067389,1824
basic_appreq,4870999,16061770978702,1824
basic_appreq,5062151,16061776084203,1824
basic_appreq,5351910,16061781469697,1824
basic_appreq,4088955,16061785592774,1824
basic_appreq,4786244,16061790417515,1824
basic_appreq,5088911,16061795544179,1824
basic_appreq,5153442,16061800747979,1824
basic_appreq,5039641,16061805827810,1824
basic_appreq,4767305,16061810644926,1824
basic_appreq,5252031,16061815931126,1824
basic_appreq,5164867,16061821139315,1824
basic_appreq,4696633,16061825873578,1824
basic_appreq,4922330,16061830833702,1824
basic_appreq,4772109,16061835646423,1824
basic_appreq,4899392,16061840586182,1824
basic_appreq,4941958,16061845570621,1824
basic_appreq,5173800,16061850786297,1824
basic_appreq,4973667,16061855796292,1824
basic_appreq,4418231,16061860254557,1824
basic_appreq,4666751,16061864963707,1824
basic_appreq,4819240,16061869828689,1824
basic_appreq,5263701,16061875144125,1824
basic_appreq,4664935,16061879855378,1824
basic_appreq,4973811,16061884877185,1824
basic_appreq,4846016,16061889769479,1824
basic_appreq,5416832,16061895233389,1824
basic_appreq,5189416,16061900464278,1824
basic_appreq,4999385,16061905504031,1824
basic_appreq,4710010,16061910254602,1824
basic_appreq,4894429,16061915191153,1824
basic_appreq,4945579,16061920179208,1824
basic_appreq,4860420,16061925081550,1824
basic_appreq,4761450,16061929884728,1824
basic_appreq,5111456,16061935035244,1824
basic_appreq,5093469,16061940170908,1824
basic_appreq,5294586,16061945512418,1824
basic_appreq,4489941,16061950043542,1824
basic_appreq,4804773,16061954899993,1824
basic_appreq,4836298,16061959782385,1824
basic_appreq,5209878,16061965040801,1824
basic_appreq,5103775,16061970185957,1824
basic_appreq,4693289,16061974920967,1824
basic_appreq,4806774,16061979782824,1824
basic_appreq,6102931,16061985933207,1824
basic_appreq,4888594,16061990861039,1824
basic_appreq,5068864,16061995969071,1824
basic_appreq,5223201,16062001258251,1824
basic_appreq,4808595,16062006106238,1824
basic_appreq,4914687,16062011061919,1824
basic_appreq,5078071,16062016178339,1824
basic_appreq,4344276,16062020561172,1824
basic_appreq,4789354,16062025389034,1824
basic_appreq,5005534,16062030436226,1824
basic_appreq,5449618,16062035934488,1824
basic_appreq,4941292,16062040917778,1824
basic_appreq,4823427,16062045781406,1824
basic_appreq,4925505,16062050747295,1824
basic_appreq,4826444,16062055615581,1824
basic_appreq,4685992,16062060342244,1824
basic_appreq,5194769,16062065580532,1824
basic_appreq,5749751,16062071373599,1824
basic_appreq,4982707,16062076391249,1824
basic_appreq,4881145,16062081307932,1824
basic_appreq,4512977,16062085860237,1824
basic_appreq,4348548,16062090248285,1824
basic_appreq,4960733,16062095248834,1824
basic_appreq,5004682,16062100291580,1824
basic_appreq,4522922,16062104852580,1824
basic_appreq,4940410,16062109832800,1824
basic_appreq,5343223,16062115215129,1824
basic_appreq,4899924,16062120155686,1824
basic_appreq,4911794,16062125113902,1824
basic_appreq,5029626,16062130187419,1824
basic_appreq,4947956,16062135176700,1824
basic_appreq,4871350,16062140086218,1824
basic_appreq,4953631,16062145076054,1824
basic_appreq,5235918,16062150362174,1824
basic_appreq,4925491,16062155326659,1824
basic_appreq,4428359,16062159795846,1824
basic_appreq,5235408,16062165076817,1824
basic_appreq,4839673,16062169957590,1824
basic_appreq,4689995,16062174692377,1824
basic_appreq,5174158,16062179903803,1824
basic_appreq,4886155,16062184829305,1824
basic_appreq,4119463,16062188987216,1824
basic_appreq,4402142,16062193434250,1824
basic_appreq,5003853,16062198484122,1824
basic_appreq,4957311,16062203488656,1824
basic_appreq,5153144,16062208701826,1824
basic_appreq,4937409,16062213708998,1824
basic_appreq,5083964,16062218840718,1824
basic_appreq,4821843,16062224630749,1824
basic_appreq,4898783,16062229569070,1824
basic_appreq,4755087,16062234357964,1824
basic_appreq,4963770,16062239355639,1824
basic_appreq,4850613,16062244246763,1824
basic_appreq,3854565,16062248141726,1824
basic_appreq,5097608,16062253280369,1824
basic_appreq,5123843,16062258442114,1824
basic_appreq,4917960,16062263396521,1824
basic_appreq,4975745,16062268414335,1824
basic_appreq,4706809,16062273163626,1824
basic_appreq,5068444,16062278275177,1824
basic_appreq,4750968,16062283077236,1824
basic_appreq,4963941,16062288089108,1824
basic_appreq,4847749,16062292984610,1824
basic_appreq,5268778,16062298306101,1824
basic_appreq,4556243,16062302899797,1824
basic_appreq,5046887,16062307983319,1824
basic_appreq,5126825,16062313172261,1824
basic_appreq,5021042,16062318232287,1824
basic_appreq,5578944,16062323861636,1824
basic_appreq,4940705,16062328843490,1824
basic_appreq,4073465,16062332957835,1824
basic_appreq,5699753,16062338712254,1824
basic_appreq,4534055,16062343289800,1824
basic_appreq,4502209,16062347828616,1824
basic_appreq,4982271,16062352849079,1824
basic_appreq,4908479,16062357799380,1824
basic_appreq,4966851,16062362807567,1824
basic_appreq,4882777,16062367737058,1824
basic_appreq,4987624,16062372766827,1824
basic_appreq,4714258,16062377523246,1824
basic_appreq,4835286,16062382396510,1824
basic_appreq,5030139,16062387477687,1824
basic_appreq,4981049,16062392501359,1824
basic_appreq,4899335,16062397440703,1824
basic_appreq,4728607,16062402221793,1824
basic_appreq,4982390,16062407241936,1824
basic_appreq,4952905,16062412233112,1824
basic_appreq,5501870,16062417775079,1824
basic_appreq,4953089,16062422766502,1824
basic_appreq,4598035,16062427404768,1824
basic_appreq,4787523,16062432234213,1824
basic_appreq,4591023,16062436866785,1824
basic_appreq,4797650,16062441700672,1824
basic_appreq,5035330,16062446777181,1824
basic_appreq,4897463,16062451714948,1824
basic_appreq,5513255,16062457268617,1824
basic_appreq,4899288,16062462206501,1824
basic_appreq,5088952,16062467335494,1824
basic_appreq,4293191,16062471667097,1824
basic_appreq,5227792,16062476940479,1824
basic_appreq,4820184,16062481798050,1824
basic_appreq,4677916,16062486519146,1824
basic_appreq,5272309,16062491827102,1824
basic_appreq,4179958,16062496046603,1824
basic_appreq,5386555,16062501481749,1824
basic_appreq,4625359,16062506146452,1824
basic_appreq,4846854,16062511028719,1824
basic_appreq,4832639,16062515903744,1824
basic_appreq,5630746,16062521581999,1824
basic_appreq,4903117,16062526525689,1824
basic_appreq,4739648,16062531305094,1824
basic_appreq,4637418,16062535982855,1824
basic_appreq,4792176,16062540845150,1824
basic_appreq,5011968,16062545888836,1824
basic_appreq,4813737,16062550735934,1824
basic_appreq,5158516,16062555933964,1824
basic_appreq,4893333,16062560865242,1824
basic_appreq,4497964,16062565403753,1824
basic_appreq,4424455,16062569878281,1824
basic_appreq,5065068,16062574984198,1824
basic_appreq,4850873,16062579888089,1824
basic_appreq,5222318,16062585145098,1824
basic_appreq,5706326,16062590895914,1824
basic_appreq,5216467,16062596150203,1824
basic_appreq,4596107,16062600785616,1824
basic_appreq,4889602,16062605715764,1824
basic_appreq,4906641,16062610660311,1824
basic_appreq,4758624,16062615456682,1824
basic_appreq,5474582,16062620968986,1824
basic_appreq,4540659,16062625546435,1824
basic_appreq,4813326,16062630403714,1824
basic_appreq,5505043,16062635954521,1824
basic_appreq,5180144,16062641175048,1824
basic_appreq,4756853,16062645987212,1824
basic_appreq,4514929,16062650542165,1824
basic_appreq,5540350,16062656129762,1824
basic_appreq,5137754,16062661305019,1824
basic_appreq,4999095,16062666344098,1824
basic_appreq,4797247,16062671181426,1824
basic_appreq,4839551,16062676061366,1824
basic_appreq,5156233,16062681256971,1824
basic_appreq,4799215,16062686093542,1824
basic_appreq,4908071,16062691041237,1824
basic_appreq,4759293,16062695840740,1824
basic_appreq,4241776,16062700120617,1824
basic_appreq,4936746,16062705096480,1824
basic_appreq,5318196,16062710453363,1824
basic_appreq,5147433,16062715638441,1824
basic_appreq,5173109,16062720864439,1824
basic_appreq,5068754,16062725974328,1824
basic_appreq,5380798,16062731396734,1824
basic_appreq,5165063,16062736601463,1824
basic_appreq,4336413,16062740978026,1824
basic_appreq,5474949,16062746502037,1824
basic_appreq,4877293,16062751427006,1824
basic_appreq,5173674,16062756638427,1824
basic_appreq,4860172,16062761535472,1824
basic_appreq,5193796,16062766767065,1824
basic_appreq,4856912,16062771663509,1824
basic_appreq,4935495,16062776638603,1824
basic_appreq,5144333,16062781821666,1824
basic_appreq,5113170,16062786973826,1824
basic_appreq,5173002,16062792183841,1824
basic_appreq,5095592,16062797316024,1824
basic_appreq,4814914,16062802169932,1824
basic_appreq,4956612,16062807165349,1824
basic_appreq,4910511,16062812115710,1824
basic_appreq,4753090,16062816909495,1824
basic_appreq,5209061,16062822158122,1824
basic_appreq,5198540,16062827392239,1824
basic_appreq,5119915,16062832550691,1824
basic_appreq,4460406,16062837052632,1824
basic_appreq,5343019,16062842442321,1824
basic_appreq,5146603,16062847633980,1824
basic_appreq,4783461,16062852455421,1824
basic_appreq,4985836,16062857484375,1824
basic_appreq,4835574,16062862374905,1824
basic_appreq,4616253,16062867040691,1824
basic_appreq,4835055,16062871910510,1824
basic_appreq,4856388,16062876801566,1824
basic_appreq,4825770,16062881665653,1824
basic_appreq,4829129,16062886540888,1824
basic_appreq,5109989,16062891689353,1824
basic_appreq,5084892,16062896810885,1824
basic_appreq,4951453,16062901798094,1824
basic_appreq,5232245,16062907070280,1824
basic_appreq,4795343,16062911906231,1824
basic_appreq,5112289,16062917058850,1824
basic_appreq,4846208,16062921944518,1824
basic_appreq,4766436,16062926753430,1824
basic_appreq,4972425,16062931773837,1824
basic_appreq,4993628,16062936807038,1824
basic_appreq,4888130,16062941737093,1824
basic_appreq,4839585,16062946624423,1824
basic_appreq,4643968,16062951304353,1824
basic_appreq,5258975,16062956605562,1824
basic_appreq,4507686,16062961152868,1824
basic_appreq,5204754,16062966396333,1824
basic_appreq,4304083,16062970737716,1824
basic_appreq,5724981,16062976507524,1824
basic_appreq,5250326,16062981796578,1824
basic_appreq,4110961,16062985955782,1824
basic_appreq,4673531,16062990671399,1824
basic_appreq,5124043,16062995841126,1824
basic_appreq,4865355,16063000752743,1824
basic_appreq,4738285,16063005538426,1824
basic_appreq,5530778,16063011121015,1824
basic_appreq,5437977,16063016598107,1824
basic_appreq,4882975,16063021531580,1824
basic_appreq,4230664,16063025802595,1824
basic_appreq,4633387,16063030473046,1824
basic_appreq,4937680,16063035455016,1824
basic_appreq,5132688,16063040629629,1824
basic_appreq,5158243,16063045830242,1824
basic_appreq,4748813,16063050621371,1824
basic_appreq,4795393,16063055459771,1824
basic_appreq,5076258,16063060578258,1824
basic_appreq,4968537,16063065600475,1824
basic_appreq,5292490,16063070929299,1824
basic_appreq,5196078,16063076166872,1824
basic_appreq,4695231,16063080910027,1824
basic_appreq,4891201,16063085842689,1824
basic_appreq,4715673,16063090599308,1824
basic_appreq,4849561,16063095495140,1824
basic_appreq,4749796,16063100293373,1824
basic_appreq,5944586,16063106294201,1824
basic_appreq,5025793,16063111356730,1824
basic_appreq,5225516,16063116618594,1824
basic_appreq,4761354,16063121420683,1824
basic_appreq,4787592,16063126248892,1824
basic_appreq,4255862,16063130539154,1824
basic_appreq,5473012,16063136047295,1824
basic_appreq,5289107,16063141372014,1824
basic_appreq,5058555,16063146480867,1824
basic_appreq,4905417,16063151423568,1824
basic_appreq,4810415,16063156273319,1824
basic_appreq,4609636,16063160921944,1824
basic_appreq,4274262,16063165236357,1824
basic_appreq,4729116,16063170006522,1824
basic_appreq,5037676,16063175085402,1824
basic_appreq,5219905,16063180341778,1824
basic_appreq,4818478,16063185200921,1824
basic_appreq,4897776,16063190140590,1824
basic_appreq,5117829,16063195303422,1824
basic_appreq,4872258,16063200211857,1824
basic_appreq,34229256,16063234485236,1824
basic_appreq,4933249,16063239459963,1824
basic_appreq,5050730,16063244557372,1824
basic_appreq,4617279,16063249216636,1824
basic_appreq,4801742,16063254065120,1824
basic_appreq,4640943,16063258753287,1824
basic_appreq,4784432,16063263592469,1824
basic_appreq,4937454,16063268582396,1824
basic_appreq,4671106,16063273300254,1824
basic_appreq,4978188,16063278324460,1824
basic_appreq,5557639,16063283928988,1824
basic_appreq,4948043,16063288914442,1824
basic_appreq,4718019,16063293673583,1824
basic_appreq,5017360,16063298730722,1824
basic_appreq,5217871,16063303989222,1824
basic_appreq,4758955,16063308829441,1824
basic_appreq,5798008,16063314662512,1824
basic_appreq,5112579,16063319815116,1824
basic_appreq,4885804,16063324740793,1824
basic_appreq,4832867,16063329612804,1824
basic_appreq,5181059,16063334834244,1824
basic_appreq,5188387,16063340063329,1824
basic_appreq,5244749,16063345349087,1824
basic_appreq,4882594,16063350270535,1824
basic_appreq,4872760,16063355181706,1824
basic_appreq,4595180,16063359812506,1824
basic_appreq,4222638,16063364070383,1824
basic_appreq,4840682,16063368954753,1824
basic_appreq,5616364,16063374618572,1824
basic_appreq,5270786,16063379928784,1824
basic_appreq,5107581,16063385076064,1824
basic_appreq,5264260,16063390380197,1824
basic_appreq,4991323,16063395410404,1824
basic_appreq,4843693,16063400293135,1824
basic_appreq,4951748,16063405284696,1824
basic_appreq,5098416,16063410423595,1824
basic_appreq,4684000,16063415148187,1824
basic_appreq,4996312,16063420183660,1824
basic_appreq,5053126,16063425276745,1824
basic_appreq,4671485,16063429982004,1824
basic_appreq,4921478,16063434937764,1824
basic_appreq,5292290,16063440268057,1824
basic_appreq,4789385,16063445096099,1824
basic_appreq,4903438,16063450039784,1824
basic_appreq,4732166,16063454813275,1824
basic_appreq,4820777,16063459683124,1824
basic_appreq,5443315,16063465161479,1824
basic_appreq,5078889,16063470284442,1824
basic_appreq,4925979,16063475250658,1824
basic_appreq,4283084,16063479574040,1824
basic_appreq,4957923,16063484573506,1824
basic_appreq,5355510,16063489976919,1824
basic_appreq,4700069,16063494718829,1824
basic_appreq,5118293,16063499882265,1824
basic_appreq,4767643,16063504691485,1824
basic_appreq,5157963,16063509896110,1824
basic_appreq,4785974,16063514723056,1824
basic_appreq,4941636,16063519712749,1824
basic_appreq,4597882,16063524351807,1824
basic_appreq,4771375,16063529169614,1824
basic_appreq,4966887,16063534184123,1824
basic_appreq,5555928,16063539790311,1824
basic_appreq,4951311,16063544780153,1824
basic_appreq,4683218,16063549514765,1824
basic_appreq,5110902,16063554666773,1824
basic_appreq,5456025,16063560168113,1824
basic_appreq,4883550,16063565086571,1824
basic_appreq,4713370,16063569833954,1824
basic_appreq,4502785,16063574376038,1824
basic_appreq,4926333,16063579348151,1824
basic_appreq,4903952,16063584300389,1824
basic_appreq,5534961,16063589879688,1824
basic_appreq,4523435,16063594440410,1824
basic_appreq,4466571,16063598951718,1824
basic_appreq,5279584,16063604270915,1824
basic_appreq,5033164,16063609344601,1824
basic_appreq,4842333,16063614227947,1824
basic_appreq,4942606,16063619210763,1824
basic_appreq,5090660,16063624347955,1824
basic_appreq,5011328,16063629411617,1824
basic_appreq,5103858,16063634562179,1824
basic_appreq,5170313,16063639788229,1824
basic_appreq,5056170,16063644891302,1824
basic_appreq,5277809,16063650216183,1824
basic_appreq,5547936,16063655816180,1824
basic_appreq,4962199,16063660819092,1824
basic_appreq,5799648,16063666661488,1824
basic_appreq,4636032,16063671331268,1824
basic_appreq,4927064,16063676304418,1824
basic_appreq,5215009,16063681553810,1824
basic_appreq,4277833,16063685868271,1824
basic_appreq,5460490,16063691372061,1824
basic_appreq,5133751,16063696545247,1824
basic_appreq,5201586,16063701786241,1824
basic_appreq,4793882,16063706620257,1824
basic_appreq,4496313,16063711156674,1824
basic_appreq,5876362,16063717078659,1824
basic_appreq,4793742,16063721907743,1824
basic_appreq,4813907,16063726758989,1824
basic_appreq,5121521,16063731920528,1824
basic_appreq,4345578,16063736306858,1824
basic_appreq,4725953,16063741074119,1824
basic_appreq,4903141,16063746021016,1824
basic_appreq,4938439,16063751009503,1824
basic_appreq,5441077,16063756490656,1824
basic_appreq,4926460,16063761452400,1824
basic_appreq,4822032,16063766312743,1824
basic_appreq,4585543,16063770937912,1824
basic_appreq,4907293,16063775897879,1824
basic_appreq,4819671,16063780772998,1824
basic_appreq,5234544,16063786054646,1824
basic_appreq,5013267,16063791105544,1824
basic_appreq,5744924,16063796886756,1824
basic_appreq,4764819,16063801689279,1824
basic_appreq,5129865,16063806856633,1824
basic_appreq,4861089,16063811758490,1824
basic_appreq,5085827,16063816884743,1824
basic_appreq,4390881,16063821314543,1824
basic_appreq,5521502,16063826880231,1824
basic_appreq,4797561,16063831716054,1824
basic_appreq,4757718,16063836514761,1824
basic_appreq,4883536,16063841438321,1824
basic_appreq,4785532,16063846272708,1824
basic_appreq,4820804,16063851133418,1824
basic_appreq,5127817,16063856301804,1824
basic_appreq,4207717,16063860545030,1824
basic_appreq,5131680,16063865714245,1824
basic_appreq,4911905,16063870667940,1824
basic_appreq,5149834,16063875858357,1824
basic_appreq,4996180,16063880893993,1824
basic_appreq,4909121,16063885840970,1824
basic_appreq,4930349,16063890819229,1824
basic_appreq,4955220,16063895816807,1824
basic_appreq,4937172,16063900793422,1824
basic_appreq,5112480,16063905946986,1824
basic_appreq,4496365,16063910483565,1824
basic_appreq,5216848,16063915743680,1824
basic_appreq,4984728,16063920768014,1824
basic_appreq,5097496,16063925916537,1824
basic_appreq,4845755,16063930803749,1824
basic_appreq,5613117,16063936463278,1824
basic_appreq,4667805,16063941170547,1824
basic_appreq,4880615,16063946093255,1824
basic_appreq,5248993,16063951389986,1824
basic_appreq,4847779,16063956279894,1824
basic_appreq,5271227,16063961592716,1824
basic_appreq,4803452,16063966444802,1824
basic_appreq,5130730,16063971622860,1824
basic_appreq,4927225,16063976589410,1824
basic_appreq,4916038,16063981547024,1824
basic_appreq,4721500,16063986310270,1824
basic_appreq,4678169,16063991034069,1824
basic_appreq,5804973,16063996893617,1824
basic_appreq,5578058,16064002514054,1824
basic_appreq,5005904,16064007556610,1824
basic_appreq,5111603,16064012708462,1824
basic_appreq,5073398,16064017823143,1824
basic_appreq,4968255,16064022832263,1824
basic_appreq,4899711,16064027782197,1824
basic_appreq,4339052,16064032159568,1824
basic_appreq,4735154,16064036936881,1824
basic_appreq,5116996,16064042099972,1824
basic_appreq,5201692,16064047342690,1824
basic_appreq,5008028,16064052392455,1824
basic_appreq,4778940,16064057213058,1824
basic_appreq,5063870,16064062324358,1824
basic_appreq,5280506,16064067651952,1824
basic_appreq,4935420,16064072627647,1824
basic_appreq,4920381,16064077588403,1824
basic_appreq,5108613,16064082737170,1824
basic_appreq,4730745,16064087509494,1824
basic_appreq,4917775,16064092471780,1824
basic_appreq,5005749,16064097524418,1824
basic_appreq,5163850,16064102728763,1824
basic_appreq,4765430,16064107536439,1824
basic_appreq,4725675,16064112300255,1824
basic_appreq,5374644,16064117734650,1824
basic_appreq,4979411,16064122754593,1824
basic_appreq,4916557,16064127712589,1824
basic_appreq,4938555,16064132691105,1824
basic_appreq,4847695,16064137580839,1824
basic_appreq,4937490,16064142561025,1824
basic_appreq,4907992,16064147515946,1824
basic_appreq,4815311,16064152371234,1824
basic_appreq,5008776,16064157427795,1824
basic_appreq,4819113,16064162294477,1824
basic_appreq,5409036,16064167754741,1824
basic_appreq,5777104,16064173578397,1824
basic_appreq,4816206,16064178448895,1824
basic_appreq,4954921,16064183442487,1824
basic_appreq,4716961,16064188199802,1824
basic_appreq,4746346,16064192980457,1824
basic_appreq,5123719,16064198138069,1824
basic_appreq,4687840,16064202865067,1824
basic_appreq,4874177,16064207778494,1824
basic_appreq,4243572,16064212056917,1824
basic_appreq,5568952,16064217668201,1824
basic_appreq,5385303,16064223096520,1824
basic_appreq,5046857,16064228182396,1824
basic_appreq,5201070,16064233422393,1824
basic_appreq,5079303,16064238542675,1824
basic_appreq,4486563,16064243069041,1824
basic_appreq,5585029,16064248695533,1824
basic_appreq,5050991,16064253785996,1824
basic_appreq,4308248,16064258137739,1824
basic_appreq,5045389,16064263229567,1824
basic_appreq,5065822,16064268336568,1824
basic_appreq,5337430,16064273713155,1824
basic_appreq,4758684,16064278522102,1824
basic_appreq,4482383,16064283043355,1824
basic_appreq,5444278,16064288528153,1824
basic_appreq,5038207,16064293602018,1824
basic_appreq,4848268,16064298486092,1824
basic_appreq,5006584,16064303532526,1824
basic_appreq,4776707,16064308348154,1824
basic_appreq,5256364,16064313651521,1824
basic_appreq,4761067,16064318452615,1824
basic_appreq,5123083,16064323615803,1824
basic_appreq,5240906,16064328893844,1824
basic_appreq,4839954,16064333770085,1824
basic_appreq,5139565,16064338958903,1824
basic_appreq,4835729,16064343835058,1824
basic_appreq,5040545,16064348919090,1824
basic_appreq,4956832,16064353921375,1824
basic_appreq,4702648,16064358673412,1824
basic_appreq,5043994,16064363758783,1824
basic_appreq,4840155,16064368639446,1824
basic_appreq,5036636,16064373712704,1824
basic_appreq,4664751,16064378413605,1824
basic_appreq,5139216,16064383590818,1824
basic_appreq,5147876,16064388777332,1824
basic_appreq,5156723,16064393976681,1824
basic_appreq,5053774,16064399072989,1824
basic_appreq,4848718,16064403969653,1824
basic_appreq,5209635,16064409251535,1824
basic_appreq,5366785,16064414659974,1824
basic_appreq,5182896,16064419885293,1824
basic_appreq,4380350,16064424307433,1824
basic_appreq,4976022,16064429326079,1824
basic_appreq,4836789,16064434206010,1824
basic_appreq,4662103,16064438910125,1824
basic_appreq,4964197,16064443921847,1824
basic_appreq,4910170,16064448877765,1824
basic_appreq,4914745,16064453839340,1824
basic_appreq,4785435,16064458671609,1824
basic_appreq,5716233,16064464440294,1824
basic_appreq,5766748,16064470248557,1824
basic_appreq,4888786,16064475177168,1824
basic_appreq,4822445,16064480035882,1824
basic_appreq,4191024,16064484263899,1824
basic_appreq,5540150,16064489845619,1824
basic_appreq,4870658,16064494755840,1824
basic_appreq,4808344,16064499601610,1824
basic_appreq,5196186,16064504838581,1824
basic_appreq,5028350,16064509906915,1824
basic_appreq,5217743,16064515163787,1824
basic_appreq,4831710,16064520046003,1824
basic_appreq,5291011,16064525378280,1824
basic_appreq,4703352,16064530121333,1824
basic_appreq,4522161,16064534679665,1824
basic_appreq,4758076,16064539483202,1824
basic_appreq,5287956,16064544815851,1824
basic_appreq,4930123,16064549783650,1824
basic_appreq,4850780,16064554672051,1824
basic_appreq,4998665,16064559712115,1824
basic_appreq,4855969,16064564608639,1824
basic_appreq,4937236,16064569585754,1824
basic_appreq,4938059,16064574563689,1824
basic_appreq,5283240,16064579888212,1824
basic_appreq,4977061,16064584901535,1824
basic_appreq,4884024,16064589825528,1824
basic_appreq,4851799,16064594717103,1824
basic_appreq,4857262,16064599614027,1824
basic_appreq,4760278,16064604410644,1824
basic_appreq,4379784,16064609326522,1824
basic_appreq,4694273,16064614045871,1824
basic_appreq,4987084,16064619059233,1824
basic_appreq,5234574,16064624325863,1824
basic_appreq,4848701,16064629207617,1824
basic_appreq,4929421,16064634176220,1824
basic_appreq,5162301,16064639376361,1824
basic_appreq,5201003,16064644618023,1824
basic_appreq,4991691,16064649650519,1824
basic_appreq,4904734,16064654594935,1824
basic_appreq,4829193,16064659463056,1824
basic_appreq,4729690,16064664232291,1824
basic_appreq,4673131,16064668946213,1824
basic_appreq,4799333,16064673788515,1824
basic_appreq,4949153,16064678787817,1824
basic_appreq,4999373,16064683821712,1824
basic_appreq,4746141,16064688605755,1824
basic_appreq,4904155,16064693548166,1824
basic_appreq,5327991,16064698919298,1824
basic_appreq,5253283,16064704215949,1824
basic_appreq,4744218,16064708996441,1824
basic_appreq,4685754,16064713722687,1824
basic_appreq,4806433,16064718577950,1824
basic_appreq,4962683,16064723585623,1824
basic_appreq,5302135,16064728928420,1824
basic_appreq,5175048,16064734149556,1824
basic_appreq,5000030,16064739190435,1824
basic_appreq,4839219,16064744071511,1824
basic_appreq,4888636,16064749000879,1824
basic_appreq,4796306,16064753835050,1824
basic_appreq,4898472,16064758772500,1824
basic_appreq,4948775,16064763766338,1824
basic_appreq,4987523,16064768793390,1824
basic_appreq,5171250,16064774002921,1824
basic_appreq,4880256,16064778921538,1824
basic_appreq,4853909,16064783814982,1824
basic_appreq,5018293,16064788875064,1824
basic_appreq,5027468,16064793945399,1824
basic_appreq,4882765,16064798869620,1824
basic_appreq,4881781,16064803819743,1824
basic_appreq,5197366,16064809080748,1824
basic_appreq,4787274,16064813917067,1824
basic_appreq,4976235,16064818927667,1824
basic_appreq,4913322,16064823875308,1824
basic_appreq,4896850,16064828803905,1824
basic_appreq,5069345,16064833907483,1824
basic_appreq,5004276,16064838952657,1824
basic_appreq,5004016,16064843996791,1824
basic_appreq,5092564,16064849193452,1824
basic_appreq,4836843,16064854070158,1824
basic_appreq,4767746,16064858879474,1824
basic_appreq,5264680,16064864185455,1824
basic_appreq,4991259,16064869217430,1824
basic_appreq,4887559,16064874144952,1824
basic_appreq,5079583,16064879262315,1824
basic_appreq,4928164,16064884227237,1824
basic_appreq,4842289,16064889108991,1824
basic_appreq,4967523,16064894116383,1824
basic_appreq,5166273,16064899323211,1824
basic_appreq,5126283,16064904497249,1824
basic_appreq,4999985,16064909537711,1824
basic_appreq,4918280,16064914502538,1824
basic_appreq,4971585,16064919514794,1824
basic_appreq,5051713,16064924614633,1824
basic_appreq,4727877,16064929382653,1824
basic_appreq,5163676,16064934587229,1824
basic_appreq,4997091,16064939622363,1824
basic_appreq,4892769,16064944554103,1824
basic_appreq,5153617,16064949749134,1824
basic_appreq,4870759,16064954658680,1824
basic_appreq,4716485,16064959421355,1824
basic_appreq,4833872,16064964294022,1824
basic_appreq,4893671,16064969234034,1824
basic_appreq,4695902,16064973970745,1824
basic_appreq,4943394,16064978965232,1824
basic_appreq,4798570,16064983804269,1824
basic_appreq,5172516,16064989012052,1824
basic_appreq,4832007,16064993879845,1824
basic_appreq,4805832,16064998732787,1824
basic_appreq,4783023,16065003563950,1824
basic_appreq,4791897,16065008402868,1824
basic_appreq,4862525,16065013312724,1824
basic_appreq,4849178,16065018208192,1824
basic_appreq,5271233,16065023522189,1824
basic_appreq,5072913,16065028629831,1824
basic_appreq,4814080,16065033482983,1824
basic_appreq,4778732,16065038298013,1824
basic_appreq,5024680,16065043362205,1824
basic_appreq,5091683,16065048502385,1824
basic_appreq,4655094,16065053197957,1824
basic_appreq,4624600,16065057864484,1824
basic_appreq,4793666,16065062705548,1824
basic_appreq,5104456,16065067863103,1824
basic_appreq,5165729,16065073078317,1824
basic_appreq,4901653,16065078028752,1824
basic_appreq,4732527,16065082808614,1824
basic_appreq,5163192,16065088028336,1824
basic_appreq,4874484,16065092954054,1824
basic_appreq,4816110,16065097818006,1824
basic_appreq,4787548,16065102657128,1824
basic_appreq,5112081,16065107817501,1824
basic_appreq,4853932,16065112707468,1824
basic_appreq,4546648,16065117302312,1824
basic_appreq,4945228,16065122293823,1824
basic_appreq,4955427,16065127297876,1824
basic_appreq,5048484,16065132392534,1824
basic_appreq,5277171,16065137715401,1824
basic_appreq,4869008,16065142626701,1824
basic_appreq,5063200,16065147736451,1824
basic_appreq,4521898,16065152297469,1824
basic_appreq,4846323,16065157200093,1824
basic_appreq,5242956,16065162487648,1824
basic_appreq,4985679,16065167514684,1824
basic_appreq,4741259,16065172311811,1824
basic_appreq,4687237,16065177039698,1824
basic_appreq,5012010,16065182098668,1824
basic_appreq,4470876,16065186610358,1824
basic_appreq,4853900,16065191507022,1824
basic_appreq,5504822,16065197055442,1824
basic_appreq,5220952,16065202315823,1824
basic_appreq,5053383,16065207408856,1824
basic_appreq,5193121,16065212641583,1824
basic_appreq,4952240,16065217633627,1824
basic_appreq,5858763,16065223536325,1824
basic_appreq,4560478,16065228136639,1824
basic_appreq,4490182,16065232662895,1824
basic_appreq,4615797,16065237315598,1824
basic_appreq,4667353,16065242018825,1824
basic_appreq,4750070,16065246808083,1824
basic_appreq,4773871,16065251622743,1824
basic_appreq,4167255,16065255828278,1824
basic_appreq,4860975,16065260721451,1824
basic_appreq,4923183,16065265690605,1824
basic_appreq,4772470,16065270519930,1824
basic_appreq,4872363,16065275443726,1824
basic_appreq,5348052,16065280836951,1824
basic_appreq,4962568,16065285846301,1824
basic_appreq,5781480,16065291675681,1824
basic_appreq,5512698,16065297228909,1824
basic_appreq,5417310,16065302686608,1824
basic_appreq,5409892,16065308134883,1824
basic_appreq,5547792,16065313735449,1824
basic_appreq,5483036,16065319259777,1824
basic_appreq,5503224,16065324812088,1824
basic_appreq,5784979,16065330643773,1824
basic_appreq,5597019,16065336280533,1824
basic_appreq,4777162,16065341098821,1824
basic_appreq,6039405,16065347185867,1824
basic_appreq,5650764,16065352875502,1824
basic_appreq,4776574,16065357692190,1824
basic_appreq,5481664,16065363214728,1824
basic_appreq,5439631,16065368694787,1824
basic_appreq,5527676,16065374262363,1824
basic_appreq,5566838,16065379868509,1824
basic_appreq,5352720,16065385260752,1824
basic_appreq,5515374,16065390816664,1824
basic_appreq,4846684,16065395702589,1824
basic_appreq,5775169,16065401527084,1824
basic_appreq,5348677,16065406915882,1824
basic_appreq,5105906,16065412063015,1824
basic_appreq,5404673,16065417516803,1824
basic_appreq,5695464,16065423259591,1824
basic_appreq,5556653,16065428856047,1824
basic_appreq,4835954,16065433743519,1824
basic_appreq,5803448,16065439593823,1824
basic_appreq,5442044,16065445075876,1824
basic_appreq,4896767,16065450012045,1824
basic_appreq,5921910,16065455984538,1824
basic_appreq,5625919,16065461675793,1824
basic_appreq,4849994,16065466566254,1824
basic_appreq,5732775,16065472347086,1824
basic_appreq,5646659,16065478035083,1824
basic_appreq,4844314,16065482922081,1824
basic_appreq,5937347,16065488904765,1824
basic_appreq,5721797,16065494667002,1824
basic_appreq,4944775,16065499652418,1824
basic_appreq,5566109,16065505259878,1824
basic_appreq,5589198,16065510890157,1824
basic_appreq,4854202,16065515785397,1824
basic_appreq,5877169,16065521708724,1824
basic_appreq,5434311,16065527183783,1824
basic_appreq,4967184,16065532192863,1824
basic_appreq,5738296,16065537977087,1824
basic_appreq,5646481,16065543663682,1824
basic_appreq,4926731,16065548630887,1824
basic_appreq,5748307,16065554425355,1824
basic_appreq,5604109,16065560068905,1824
basic_appreq,5032583,16065565142685,1824
basic_appreq,5911362,16065571095934,1824
basic_appreq,5495339,16065576632813,1824
basic_appreq,4710398,16065581394709,1824
basic_appreq,5948087,16065587382909,1824
basic_appreq,5565311,16065592990920,1824
basic_appreq,4723254,16065597753738,1824
basic_appreq,5731507,16065603532725,1824
basic_appreq,5520908,16065609093930,1824
basic_appreq,5481966,16065614615308,1824
basic_appreq,4935219,16065619589915,1824
basic_appreq,5780435,16065625419652,1824
basic_appreq,5382131,16065630842235,1824
basic_appreq,4827393,16065635708399,1824
basic_appreq,5877816,16065641635491,1824
basic_appreq,5366427,16065647041176,1824
basic_appreq,4836215,16065651916145,1824
basic_appreq,5214106,16065657175947,1824
basic_appreq,5755945,16065662979699,1824
basic_appreq,4921237,16065667940121,1824
basic_appreq,4592498,16065672571483,1824
basic_appreq,4788312,16065677401109,1824
basic_appreq,5278869,16065682727389,1824
basic_appreq,5163931,16065687938319,1824
basic_appreq,5243647,16065693226253,1824
basic_appreq,5780053,16065699055149,1824
basic_appreq,5515447,16065704623891,1824
basic_appreq,5116169,16065709781951,1824
basic_appreq,5204743,16065715030095,1824
basic_appreq,5281478,16065720354297,1824
basic_appreq,5208201,16065725605231,1824
basic_appreq,5578663,16065731226298,1824
basic_appreq,5109850,16065736378707,1824
basic_appreq,5346779,16065741765680,1824
basic_appreq,5251777,16065747058021,1824
basic_appreq,5338325,16065752438124,1824
basic_appreq,5248802,16065757727809,1824
basic_appreq,5355528,16065763123050,1824
basic_appreq,5182716,16065768345535,1824
basic_appreq,4953511,16065773340985,1824
basic_appreq,5241054,16065778623278,1824
basic_appreq,5391157,16065784056851,1824
basic_appreq,5357793,16065789460063,1824
basic_appreq,5247837,16065794748458,1824
basic_appreq,5316473,16065800105913,1824
basic_appreq,5192740,16065805340720,1824
basic_appreq,5157438,16065810538184,1824
basic_appreq,5119767,16065815700691,1824
basic_appreq,5276713,16065821016689,1824
basic_appreq,5410233,16065826467550,1824
basic_appreq,5318836,16065831826910,1824
basic_appreq,5109545,16065836975237,1824
basic_appreq,5284189,16065842301974,1824
basic_appreq,5196062,16065847539710,1824
basic_appreq,5205692,16065852787083,1824
basic_appreq,5183979,16065858011757,1824
basic_appreq,5111086,16065863163297,1824
basic_appreq,5434701,16065868638404,1824
basic_appreq,5195454,16065873874623,1824
basic_appreq,5274731,16065879190261,1824
basic_appreq,5244752,16065884476460,1824
basic_appreq,5217376,16065889734819,1824
basic_appreq,5141907,16065894925363,1824
basic_appreq,5478036,16065900450738,1824
basic_appreq,5262906,16065905754383,1824
basic_appreq,5159999,16065910955708,1824
basic_appreq,5093969,16065916088360,1824
basic_appreq,5217219,16065921349151,1824
basic_appreq,5343622,16065926743549,1824
basic_appreq,5294841,16065932085631,1824
basic_appreq,5034535,16065937168698,1824
basic_appreq,5272875,16065942490317,1824
basic_appreq,5411560,16065947954434,1824
basic_appreq,5199784,16065953232176,1824
basic_appreq,5101574,16065958384422,1824
basic_appreq,5260240,16065963690477,1824
basic_appreq,5573958,16065969308966,1824
basic_appreq,5325074,16065974675536,1824
basic_appreq,5399590,16065980115728,1824
basic_appreq,5363895,16065985521127,1824
basic_appreq,5258710,16065990820157,1824
basic_appreq,5424788,16065996286957,1824
basic_appreq,5270281,16066001601114,1824
basic_appreq,5314080,16066006955455,1824
basic_appreq,5337099,16066012334299,1824
basic_appreq,5100237,16066017475441,1824
basic_appreq,5269387,16066022786086,1824
basic_appreq,5161141,16066027994919,1824
basic_appreq,5323244,16066033397528,1824
basic_appreq,5248843,16066038684611,1824
basic_appreq,5026905,16066043752139,1824
basic_appreq,5261075,16066049057933,1824
basic_appreq,5637413,16066054742145,1824
basic_appreq,5293755,16066060076244,1824
basic_appreq,5993138,16066066117656,1824
basic_appreq,5300948,16066071457462,1824
basic_appreq,4611555,16066076107924,1824
basic_appreq,5581614,16066081738864,1824
basic_appreq,5661040,16066087440005,1824
basic_appreq,4517003,16066091996373,1824
basic_appreq,5206678,16066097284149,1824
basic_appreq,5929772,16066103261874,1824
basic_appreq,5351641,16066108653232,1824
basic_appreq,5002291,16066113695260,1824
basic_appreq,5212415,16066118947358,1824
basic_appreq,5377106,16066124363565,1824
basic_appreq,5055689,16066129458984,1824
basic_appreq,5102977,16066134601058,1824
basic_appreq,5491135,16066140131054,1824
basic_appreq,4575421,16066144746722,1824
basic_appreq,5526123,16066150319859,1824
basic_appreq,5281048,16066155641247,1824
basic_appreq,5268772,16066160948231,1824
basic_appreq,5357338,16066166345683,1824
basic_appreq,4789115,16066171184544,1824
basic_appreq,5774023,16066177004570,1824
basic_appreq,5278468,16066182322994,1824
basic_appreq,4955463,16066187316489,1824
basic_appreq,5590669,16066192952729,1824
basic_appreq,5143748,16066198136494,1824
basic_appreq,5429700,16066203605616,1824
basic_appreq,5410768,16066209055649,1824
basic_appreq,5248302,16066214352708,1824
basic_appreq,4692441,16066219085289,1824
basic_appreq,5617832,16066224749489,1824
basic_appreq,5367208,16066230157186,1824
basic_appreq,5491603,16066235704447,1824
basic_appreq,4803451,16066240548527,1824
basic_appreq,5527233,16066246122579,1824
basic_appreq,5248491,16066251434885,1824
basic_appreq,5346649,16066256819737,1824
basic_appreq,5331637,16066262190518,1824
basic_appreq,4926891,16066267156961,1824
basic_appreq,5417795,16066272622180,1824
basic_appreq,5470228,16066278135071,1824
basic_appreq,5328559,16066283502453,1824
basic_appreq,5058990,16066288601584,1824
basic_appreq,5726066,16066294375551,1824
basic_appreq,5459659,16066299885047,1824
basic_appreq,4785566,16066304710538,1824
basic_appreq,5531342,16066310289343,1824
basic_appreq,5311374,16066315640660,1824
basic_appreq,4896009,16066320576570,1824
basic_appreq,5777498,16066326401087,1824
basic_appreq,5688672,16066332129339,1824
basic_appreq,4758343,16066336928517,1824
basic_appreq,5530296,16066342509276,1824
basic_appreq,5305484,16066347853716,1824
basic_appreq,5423405,16066353318815,1824
basic_appreq,5061357,16066358422400,1824
basic_appreq,5319814,16066363789893,1824
basic_appreq,5323215,16066369153363,1824
basic_appreq,5286650,16066374489560,1824
basic_appreq,5319607,16066379848682,1824
basic_appreq,5409077,16066385297873,1824
basic_appreq,5190398,16066390530340,1824
basic_appreq,5244559,16066395823466,1824
basic_appreq,5320620,16066401184897,1824
basic_appreq,5154044,16066406379582,1824
basic_appreq,5198187,16066411617675,1824
basic_appreq,5309196,16066416969136,1824
basic_appreq,5332675,16066422341912,1824
basic_appreq,5417631,16066427800065,1824
basic_appreq,4824599,16066432671501,1824
basic_appreq,5446112,16066438163796,1824
basic_appreq,5372015,16066443585346,1824
basic_appreq,5341587,16066448975109,1824
basic_appreq,5285341,16066454300797,1824
basic_appreq,5272036,16066459613310,1824
basic_appreq,5243240,16066464896594,1824
basic_appreq,5374513,16066470310913,1824
basic_appreq,5298442,16066475652700,1824
basic_appreq,5334506,16066481028393,1824
basic_appreq,5305954,16066486374561,1824
basic_appreq,5348384,16066491764421,1824
basic_appreq,5373040,16066497177421,1824
basic_appreq,5271127,16066502497757,1824
basic_appreq,5361722,16066507901163,1824
basic_appreq,5366578,16066513308976,1824
basic_appreq,5235099,16066518583798,1824
basic_appreq,5344584,16066523967858,1824
basic_appreq,5282041,16066529320715,1824
basic_appreq,5347126,16066534708925,1824
basic_appreq,5306633,16066540055691,1824
basic_appreq,5189265,16066545286988,1824
basic_appreq,5305875,16066550632474,1824
basic_appreq,5363462,16066556038002,1824
basic_appreq,5299556,16066561378861,1824
basic_appreq,5226689,16066566645650,1824
basic_appreq,5390820,16066572076259,1824
basic_appreq,5271027,16066577388014,1824
basic_appreq,5381032,16066582809711,1824
basic_appreq,5317331,16066588166939,1824
basic_appreq,5301045,16066593509358,1824
basic_appreq,5327641,16066598877315,1824
basic_appreq,5444733,16066604361968,1824
basic_appreq,5290861,16066609693715,1824
basic_appreq,5202320,16066614936258,1824
basic_appreq,5249297,16066620235059,1824
basic_appreq,5265119,16066625541291,1824
basic_appreq,5104235,16066630685768,1824
basic_appreq,5445017,16066636170787,1824
basic_appreq,5254639,16066641465899,1824
basic_appreq,5230872,16066646738415,1824
basic_appreq,5316175,16066652103652,1824
basic_appreq,5257350,16066657401476,1824
basic_appreq,5239725,16066662680964,1824
basic_appreq,5245301,16066667968259,1824
basic_appreq,5298082,16066673329818,1824
basic_appreq,5196383,16066678565966,1824
basic_appreq,5315574,16066683920769,1824
basic_appreq,5311428,16066689272199,1824
basic_appreq,5339729,16066694654204,1824
basic_appreq,5344442,16066700039109,1824
basic_appreq,5182576,16066705262798,1824
basic_appreq,5181379,16066710484826,1824
basic_appreq,5377320,16066715903114,1824
basic_appreq,5291035,16066721234162,1824
basic_appreq,5283640,16066726566958,1824
basic_appreq,5292772,16066731898678,1824
basic_appreq,5256819,16066737196238,1824
basic_appreq,5283895,16066742520426,1824
basic_appreq,5276743,16066747844915,1824
basic_appreq,5342683,16066753227324,1824
basic_appreq,5348885,16066758617301,1824
basic_appreq,5218349,16066763876378,1824
basic_appreq,5264791,16066769196366,1824
basic_appreq,5141092,16066774378652,1824
basic_appreq,5204248,16066779624160,1824
basic_appreq,5225092,16066784889415,1824
basic_appreq,5213878,16066790152368,1824
basic_appreq,5296050,16066795488224,1824
basic_appreq,5293317,16066800824111,1824
basic_appreq,5238889,16066806102976,1824
basic_appreq,5368041,16066811510449,1824
basic_appreq,5264397,16066816816597,1824
basic_appreq,5116883,16066821972555,1824
basic_appreq,5210143,16066827224833,1824
basic_appreq,5486651,16066832753141,1824
basic_appreq,5338710,16066838131518,1824
basic_appreq,5223955,16066843403426,1824
basic_appreq,5282049,16066848726047,1824
basic_appreq,5369224,16066854134839,1824
basic_appreq,5243510,16066859419932,1824
basic_appreq,5370059,16066864831047,1824
basic_appreq,5171733,16066870043231,1824
basic_appreq,5378567,16066875461759,1824
basic_appreq,5299009,16066880801587,1824
basic_appreq,5095949,16066885946990,1824
basic_appreq,5301406,16066891288075,1824
basic_appreq,5312854,16066896641457,1824
basic_appreq,5209143,16066901892993,1824
basic_appreq,5314421,16066907249570,1824
basic_appreq,5132472,16066912422526,1824
basic_appreq,5480359,16066917948014,1824
basic_appreq,5379274,16066923368121,1824
basic_appreq,5358438,16066928766789,1824
basic_appreq,5351524,16066934159265,1824
basic_appreq,5340381,16066939540475,1824
basic_appreq,5208097,16066944796251,1824
basic_appreq,5154063,16066949991053,1824
basic_appreq,5429803,16066955461923,1824
basic_appreq,5318721,16066960820975,1824
basic_appreq,5168631,16066966038963,1824
basic_appreq,5284850,16066971362810,1824
basic_appreq,5327369,16066976730520,1824
basic_appreq,5347554,16066982119365,1824
basic_appreq,5255313,16066987422593,1824
basic_appreq,5477856,16066992939286,1824
basic_appreq,5234274,16066998213450,1824
basic_appreq,5024002,16067003278595,1824
basic_appreq,5434592,16067008754323,1824
basic_appreq,5387234,16067014180948,1824
basic_appreq,5344156,16067019564259,1824
basic_appreq,5473410,16067025080134,1824
basic_appreq,5376194,16067030496796,1824
basic_appreq,5395160,16067035932651,1824
basic_appreq,5200349,16067041173408,1824
basic_appreq,5445518,16067046660877,1824
basic_appreq,5343101,16067052047990,1824
basic_appreq,5427311,16067057516608,1824
basic_appreq,5259636,16067062818275,1824
basic_appreq,5384811,16067068243414,1824
basic_appreq,5116973,16067073401868,1824
basic_appreq,5339638,16067078782182,1824
basic_appreq,5173671,16067083996251,1824
basic_appreq,5342797,16067089407536,1824
basic_appreq,5230636,16067094679158,1824
basic_appreq,5443777,16067100162688,1824
basic_appreq,5228148,16067105432428,1824
basic_appreq,5419636,16067110892080,1824
basic_appreq,5329117,16067116262502,1824
basic_appreq,5315406,16067121618017,1824
basic_appreq,5271231,16067126930076,1824
basic_appreq,5451577,16067132421947,1824
basic_appreq,5311749,16067137773420,1824
basic_appreq,5235063,16067143048460,1824
basic_appreq,5348019,16067148437474,1824
basic_appreq,5211445,16067153691015,1824
basic_appreq,5249561,16067158982136,1824
basic_appreq,5432560,16067164456341,1824
basic_appreq,5364937,16067169861514,1824
basic_appreq,5222739,16067175125637,1824
basic_appreq,5206099,16067180371188,1824
basic_appreq,5277416,16067185689025,1824
basic_appreq,5284712,16067191021647,1824
basic_appreq,5155112,16067196217261,1824
basic_appreq,5393622,16067201650696,1824
basic_appreq,5288325,16067206980665,1824
basic_appreq,5384050,16067212405697,1824
basic_appreq,5298182,16067217745240,1824
basic_appreq,5161150,16067222946297,1824
basic_appreq,5374423,16067228360896,1824
basic_appreq,5249060,16067233650361,1824
basic_appreq,5248966,16067238948813,1824
basic_appreq,5375696,16067244364716,1824
basic_appreq,5127409,16067249532546,1824
basic_appreq,5336562,16067254908320,1824
basic_appreq,5349312,16067260310052,1824
basic_appreq,5301790,16067265660009,1824
basic_appreq,5396133,16067271096318,1824
basic_appreq,5341219,16067276480454,1824
basic_appreq,5246768,16067281766393,1824
basic_appreq,5357104,16067287163568,1824
basic_appreq,5274212,16067292479376,1824
basic_appreq,5305790,16067297831939,1824
basic_appreq,5300574,16067303186986,1824
basic_appreq,5303575,16067308531326,1824
basic_appreq,5286149,16067313864358,1824
basic_appreq,5409514,16067319312854,1824
basic_appreq,5404613,16067324759802,1824
basic_appreq,5246544,16067330048190,1824
basic_appreq,5335078,16067335422424,1824
basic_appreq,5242474,16067340704723,1824
basic_appreq,5223488,16067345978526,1824
basic_appreq,5355350,16067351373823,1824
basic_appreq,5280456,16067356695551,1824
basic_appreq,5292355,16067362027973,1824
basic_appreq,5372381,16067367439887,1824
basic_appreq,5359835,16067372839447,1824
basic_appreq,5160920,16067378043101,1824
basic_appreq,5426988,16067383511885,1824
basic_appreq,5349903,16067388903496,1824
basic_appreq,5312429,16067394257888,1824
basic_appreq,5322665,16067399621150,1824
basic_appreq,5333313,16067404994183,1824
basic_appreq,4942843,16067409976694,1824
basic_appreq,5497477,16067415524270,1824
basic_appreq,5421056,16067420987798,1824
basic_appreq,5265509,16067426293571,1824
basic_appreq,5414940,16067431748576,1824
basic_appreq,5259712,16067437048326,1824
basic_appreq,5372758,16067442461062,1824
basic_appreq,5244302,16067447745837,1824
basic_appreq,5338171,16067453124193,1824
basic_appreq,5328939,16067458493480,1824
basic_appreq,5347488,16067463881743,1824
basic_appreq,5452712,16067469384142,1824
basic_appreq,4958253,16067474383135,1824
basic_appreq,5446229,16067479882877,1824
basic_appreq,5375993,16067485300451,1824
basic_appreq,5305901,16067490646465,1824
basic_appreq,5168308,16067495855007,1824
basic_appreq,5269366,16067501163945,1824
basic_appreq,5277462,16067506489009,1824
basic_appreq,5341364,16067511869373,1824
basic_appreq,5213547,16067517125596,1824
basic_appreq,5281151,16067522447004,1824
basic_appreq,5357960,16067527845953,1824
basic_appreq,5445946,16067533332243,1824
basic_appreq,5481148,16067538853224,1824
basic_appreq,5335633,16067544229736,1824
basic_appreq,4543687,16067548814389,1824
basic_appreq,5254797,16067554109741,1824
basic_appreq,5142896,16067559303427,1824
basic_appreq,5286269,16067564636767,1824
basic_appreq,5284238,16067569968349,1824
basic_appreq,5284194,16067575299514,1824
basic_appreq,5210296,16067580555781,1824
basic_appreq,5371811,16067585973861,1824
basic_appreq,5378035,16067591397546,1824
basic_appreq,5359177,16067596803862,1824
basic_appreq,5363146,16067602214744,1824
basic_appreq,5415258,16067607677634,1824
basic_appreq,5007556,16067612729520,1824
basic_appreq,5287506,16067618063692,1824
basic_appreq,5322555,16067623433250,1824
basic_appreq,5349833,16067628830215,1824
basic_appreq,5292308,16067634170940,1824
basic_appreq,5354211,16067639573377,1824
basic_appreq,5061843,16067644681245,1824
basic_appreq,5436456,16067650164254,1824
basic_appreq,5360218,16067655575683,1824
basic_appreq,5340578,16067660962429,1824
basic_appreq,5227950,16067666236583,1824
basic_appreq,5489871,16067671775838,1824
basic_appreq,5264350,16067677083984,1824
basic_appreq,5351471,16067682482726,1824
basic_appreq,5309192,16067687840000,1824
basic_appreq,5246239,16067693130904,1824
basic_appreq,5312493,16067698489192,1824
basic_appreq,5304905,16067703838551,1824
basic_appreq,5170831,16067709055710,1824
basic_appreq,5342406,16067714440719,1824
basic_appreq,5404506,16067719891820,1824
basic_appreq,5383535,16067725323177,1824
basic_appreq,5322815,16067730692371,1824
basic_appreq,5174647,16067735914713,1824
basic_appreq,5460153,16067741419498,1824
basic_appreq,5307140,16067746773061,1824
basic_appreq,5340915,16067752158463,1824
basic_appreq,5313301,16067757518170,1824
basic_appreq,5279979,16067762845162,1824
basic_appreq,5354461,16067768246460,1824
basic_appreq,5203653,16067773498574,1824
basic_appreq,5305997,16067778850753,1824
basic_appreq,5277411,16067784175071,1824
basic_appreq,5186037,16067789408674,1824
basic_appreq,5460562,16067794915067,1824
basic_appreq,5392286,16067800354657,1824
basic_appreq,5321989,16067805723654,1824
basic_appreq,5085688,16067810853652,1824
basic_appreq,5378179,16067816278580,1824
basic_appreq,5313248,16067821638204,1824
basic_appreq,5276734,16067826962663,1824
basic_appreq,5276022,16067832285878,1824
basic_appreq,5326956,16067837675579,1824
basic_appreq,5351478,16067843080185,1824
basic_appreq,5344457,16067848473049,1824
basic_appreq,5277709,16067853799623,1824
basic_appreq,5347368,16067859195821,1824
basic_appreq,5266839,16067864509564,1824
basic_appreq,5277282,16067869832791,1824
basic_appreq,5355196,16067875234306,1824
basic_appreq,5371319,16067880652334,1824
basic_appreq,5209530,16067885907769,1824
basic_appreq,5485106,16067891441069,1824
basic_appreq,5423722,16067896911211,1824
basic_appreq,5137146,16067902089258,1824
basic_appreq,5249401,16067907385104,1824
basic_appreq,5090851,16067912522375,1824
basic_appreq,5669193,16067918238695,1824
basic_appreq,5336665,16067923616649,1824
basic_appreq,5198989,16067928856099,1824
basic_appreq,5219361,16067934117412,1824
basic_appreq,5527546,16067939686512,1824
basic_appreq,5183220,16067944911667,1824
basic_appreq,5077135,16067950031405,1824
basic_appreq,5310478,16067955386732,1824
basic_appreq,5378178,16067960811146,1824
basic_appreq,5409716,16067966262899,1824
basic_appreq,5327513,16067971631571,1824
basic_appreq,5499335,16067977177763,1824
basic_appreq,5017537,16067982235911,1824
basic_appreq,5250968,16067987534243,1824
basic_appreq,5322470,16067992903894,1824
basic_appreq,5703281,16067998654293,1824
basic_appreq,5260714,16068003956685,1824
basic_appreq,5474779,16068009470385,1824
basic_appreq,5371884,16068014883331,1824
basic_appreq,5211155,16068020135081,1824
basic_appreq,5258849,16068025435385,1824
basic_appreq,5327122,16068030802935,1824
basic_appreq,5356643,16068036203216,1824
basic_appreq,5235230,16068041486151,1824
basic_appreq,5260684,16068046790759,1824
basic_appreq,5274358,16068052107549,1824
basic_appreq,5417985,16068057569353,1824
basic_appreq,5573956,16068063184710,1824
basic_appreq,5072941,16068068298171,1824
basic_appreq,5193933,16068073533785,1824
basic_appreq,5305312,16068078880330,1824
basic_appreq,5382836,16068084304604,1824
basic_appreq,5279944,16068089626306,1824
basic_appreq,5256016,16068094929594,1824
basic_appreq,5176168,16068100153537,1824
basic_appreq,5478201,16068105678069,1824
basic_appreq,5339562,16068111058777,1824
basic_appreq,5318892,16068116423623,1824
basic_appreq,4819203,16068121283021,1824
basic_appreq,5475287,16068126805438,1824
basic_appreq,5263969,16068132116508,1824
basic_appreq,5377053,16068137541340,1824
basic_appreq,5126858,16068142715321,1824
basic_appreq,5467919,16068148230257,1824
basic_appreq,5432657,16068153708966,1824
basic_appreq,5349716,16068159097706,1824
basic_appreq,5434745,16068164574216,1824
basic_appreq,5043993,16068169658691,1824
basic_appreq,5659119,16068175364039,1824
basic_appreq,5111006,16068180516060,1824
basic_appreq,5441489,16068186002841,1824
basic_appreq,5346458,16068191390266,1824
basic_appreq,5072516,16068196504185,1824
basic_appreq,5232683,16068201783164,1824
basic_appreq,5399213,16068207228328,1824
basic_appreq,5163280,16068212438113,1824
basic_appreq,5327072,16068217812476,1824
basic_appreq,5772232,16068223636934,1824
basic_appreq,5187698,16068228863259,1824
basic_appreq,5368906,16068234272379,1824
basic_appreq,5230572,16068239544077,1824
basic_appreq,5246102,16068244831021,1824
basic_appreq,5259622,16068250131606,1824
basic_appreq,5342695,16068255525396,1824
basic_appreq,5099351,16068260671286,1824
basic_appreq,5800600,16068266518732,1824
basic_appreq,5402427,16068271961654,1824
basic_appreq,5358417,16068277358916,1824
basic_appreq,5160406,16068282559298,1824
basic_appreq,5464036,16068288063665,1824
basic_appreq,5363066,16068293468466,1824
basic_appreq,5114715,16068298623394,1824
basic_appreq,5419409,16068304084162,1824
basic_appreq,5297727,16068309425268,1824
basic_appreq,5338362,16068314805903,1824
basic_appreq,5222409,16068320070847,1824
basic_appreq,5109360,16068325223000,1824
basic_appreq,5517703,16068330785795,1824
basic_appreq,5278825,16068336105432,1824
basic_appreq,5368959,16068341521406,1824
basic_appreq,5118671,16068346681724,1824
basic_appreq,5529642,16068352258831,1824
basic_appreq,5105212,16068357405012,1824
basic_appreq,5085264,16068362535665,1824
basic_appreq,5816936,16068368409542,1824
basic_appreq,5104574,16068373570091,1824
basic_appreq,5173750,16068378786415,1824
basic_appreq,5659793,16068384492798,1824
basic_appreq,5132177,16068389665780,1824
basic_appreq,5303261,16068395009058,1824
basic_appreq,5504548,16068400562086,1824
basic_appreq,5157255,16068405761169,1824
basic_appreq,5132377,16068410942234,1824
basic_appreq,5475534,16068416464545,1824
basic_appreq,5373524,16068421885283,1824
basic_appreq,5313483,16068427246457,1824
basic_appreq,5419361,16068432709801,1824
basic_appreq,5352628,16068438108540,1824
basic_appreq,5746248,16068443900476,1824
basic_appreq,5241081,16068449182272,1824
basic_appreq,5229893,16068454452790,1824
basic_appreq,5200984,16068459693840,1824
basic_appreq,5407549,16068465140321,1824
basic_appreq,5439976,16068470620887,1824
basic_appreq,5393222,16068476053234,1824
basic_appreq,5305560,16068481401286,1824
basic_appreq,5063712,16068486506425,1824
basic_appreq,5553549,16068492100960,1824
basic_appreq,5287627,16068497429582,1824
basic_appreq,5374744,16068502844854,1824
basic_appreq,6021882,16068508915279,1824
basic_appreq,5078624,16068514034058,1824
basic_appreq,5369692,16068519443429,1824
basic_appreq,5347531,16068524830800,1824
basic_appreq,5032229,16068529903790,1824
basic_appreq,5530018,16068535474144,1824
basic_appreq,5163870,16068540679014,1824
basic_appreq,5403434,16068546122112,1824
basic_appreq,5116559,16068551279597,1824
basic_appreq,5452939,16068556773122,1824
basic_appreq,4908995,16068561723212,1824
basic_appreq,5644690,16068567413475,1824
basic_appreq,5518037,16068572972224,1824
basic_appreq,4749763,16068577763122,1824
basic_appreq,5670201,16068583487953,1824
basic_appreq,5222292,16068588752517,1824
basic_appreq,5375112,16068594167722,1824
basic_appreq,4925414,16068599133587,1824
basic_appreq,5488867,16068604669276,1824
basic_appreq,5779472,16068610488311,1824
basic_appreq,5508049,16068616045459,1824
basic_appreq,5102936,16068621189254,1824
basic_appreq,5586771,16068626816031,1824
basic_appreq,5395591,16068632251425,1824
basic_appreq,5035129,16068637326337,1824
basic_appreq,5576291,16068642943006,1824
basic_appreq,4620372,16068647603792,1824
basic_appreq,5695182,16068653345140,1824
basic_appreq,5300531,16068658688607,1824
basic_appreq,4887385,16068663615532,1824
basic_appreq,5732305,16068669395031,1824
basic_appreq,5569307,16068675013521,1824
basic_appreq,5167810,16068680221090,1824
basic_appreq,4917184,16068685177931,1824
basic_appreq,5226434,16068690445782,1824
basic_appreq,5499438,16068695986571,1824
basic_appreq,4769881,16068700820871,1824
basic_appreq,5091518,16068705959396,1824
basic_appreq,5567640,16068711572049,1824
basic_appreq,5418076,16068717030698,1824
basic_appreq,5310134,16068722380479,1824
basic_appreq,5096237,16068727516563,1824
basic_appreq,5299932,16068732857024,1824
basic_appreq,4926780,16068737823820,1824
basic_appreq,5679601,16068743550699,1824
basic_appreq,5305075,16068748896810,1824
basic_appreq,5515945,16068754453093,1824
basic_appreq,4819575,16068759313486,1824
basic_appreq,5238738,16068764600408,1824
basic_appreq,5428770,16068770069356,1824
basic_appreq,5171670,16068775280243,1824
basic_appreq,4963439,16068780283796,1824
basic_appreq,5444202,16068785767887,1824
basic_appreq,5694988,16068791503677,1824
basic_appreq,5479344,16068797030570,1824
basic_appreq,4737275,16068801807865,1824
basic_appreq,5587732,16068807442758,1824
basic_appreq,5031477,16068812514846,1824
basic_appreq,5248876,16068817803712,1824
basic_appreq,4923225,16068822775525,1824
basic_appreq,5154637,16068827977882,1824
basic_appreq,4605720,16068833383036,1824
basic_appreq,5145122,16068838568215,1824
basic_appreq,5431717,16068844040598,1824
basic_appreq,4917001,16068848999366,1824
basic_appreq,5258198,16068854298396,1824
basic_appreq,4944563,16068859283521,1824
basic_appreq,5457023,16068864788136,1824
basic_appreq,5608666,16068870438232,1824
basic_appreq,5340568,16068875819445,1824
basic_appreq,4947243,16068880808449,1824
basic_appreq,5682280,16068886539320,1824
basic_appreq,5570035,16068892148965,1824
basic_appreq,5163633,16068897352358,1824
basic_appreq,5177294,16068902569488,1824
basic_appreq,5286964,16068907921764,1824
basic_appreq,5344941,16068913307911,1824
basic_appreq,5191641,16068918538309,1824
basic_appreq,5498504,16068924075927,1824
basic_appreq,4907301,16068929023253,1824
basic_appreq,5658480,16068934732987,1824
basic_appreq,5223739,16068939994110,1824
basic_appreq,5529973,16068945592719,1824
basic_appreq,4816785,16068950448999,1824
basic_appreq,5869708,16068956366689,1824
basic_appreq,5200265,16068961607966,1824
basic_appreq,4791771,16068966439657,1824
basic_appreq,5492906,16068971981300,1824
basic_appreq,5630095,16068977677562,1824
basic_appreq,5582442,16068983300035,1824
basic_appreq,5251419,16068988590788,1824
basic_appreq,5228245,16068993858982,1824
basic_appreq,5057660,16068998955659,1824
basic_appreq,4767756,16069003763522,1824
basic_appreq,5612074,16069009423933,1824
basic_appreq,5526091,16069014990602,1824
basic_appreq,4804094,16069019835694,1824
basic_appreq,5851367,16069025735294,1824
basic_appreq,5457968,16069031234322,1824
basic_appreq,5381934,16069036658110,1824
basic_appreq,5362116,16069042058627,1824
basic_appreq,4984551,16069047082499,1824
basic_appreq,5354397,16069052476856,1824
basic_appreq,4854208,16069057371519,1824
basic_appreq,5756884,16069063176209,1824
basic_appreq,5668577,16069068884988,1824
basic_appreq,4833655,16069073759749,1824
basic_appreq,4659254,16069078459062,1824
basic_appreq,4838527,16069083336935,1824
basic_appreq,5547244,16069088923533,1824
basic_appreq,5180728,16069094140731,1824
basic_appreq,4687780,16069098869064,1824
basic_appreq,5071186,16069103987194,1824
basic_appreq,4965745,16069109022948,1824
basic_appreq,5191601,16069114256266,1824
basic_appreq,4922065,16069119220062,1824
basic_appreq,4988206,16069124248165,1824
basic_appreq,5212957,16069129501843,1824
basic_appreq,5298245,16069134839698,1824
basic_appreq,5251699,16069140131795,1824
basic_appreq,5273335,16069145445103,1824
basic_appreq,4932043,16069150417039,1824
basic_appreq,5076627,16069155534110,1824
basic_appreq,4817975,16069160392335,1824
basic_appreq,4769994,16069165204962,1824
basic_appreq,5180859,16069170429105,1824
basic_appreq,4889677,16069175360073,1824
basic_appreq,4911814,16069180312452,1824
basic_appreq,4756884,16069185109778,1824
basic_appreq,4988989,16069190131735,1824
basic_appreq,4993425,16069195158258,1824
basic_appreq,5065474,16069200263678,1824
basic_appreq,4940217,16069205242748,1824
basic_appreq,5156923,16069210439778,1824
basic_appreq,4955707,16069215434500,1824
basic_appreq,5209621,16069220683008,1824
basic_appreq,5285120,16069226010307,1824
basic_appreq,4946545,16069230997213,1824
basic_appreq,5235090,16069236272189,1824
basic_appreq,4952867,16069241275671,1824
basic_appreq,5293380,16069246610314,1824
basic_appreq,5166744,16069251817473,1824
basic_appreq,5014075,16069256870850,1824
basic_appreq,4981777,16069261891314,1824
basic_appreq,4918748,16069266849935,1824
basic_appreq,4779086,16069271672186,1824
basic_appreq,4928443,16069276636625,1824
basic_appreq,4947829,16069281620117,1824
basic_appreq,4993395,16069286650266,1824
basic_appreq,4741304,16069291427755,1824
basic_appreq,5154472,16069296622367,1824
basic_appreq,4778535,16069301441663,1824
basic_appreq,4890663,16069306374284,1824
basic_appreq,4897880,16069311311473,1824
basic_appreq,5124141,16069316476039,1824
basic_appreq,5035089,16069321551833,1824
basic_appreq,5016973,16069326610980,1824
basic_appreq,4735486,16069331386044,1824
basic_appreq,4898202,16069336330608,1824
basic_appreq,4708084,16069341077845,1824
basic_appreq,4863921,16069345980195,1824
basic_appreq,4812761,16069350833214,1824
basic_appreq,4995710,16069355869178,1824
basic_appreq,5210322,16069361120698,1824
basic_appreq,4533487,16069365689528,1824
basic_appreq,5008968,16069370733135,1824
basic_appreq,4878744,16069375653047,1824
basic_appreq,4666942,16069380359397,1824
basic_appreq,4871243,16069385278182,1824
basic_appreq,5134118,16069390458757,1824
basic_appreq,4962877,16069395466775,1824
basic_appreq,4937950,16069400449511,1824
basic_appreq,4755027,16069405250148,1824
basic_appreq,5338134,16069410637807,1824
basic_appreq,5101422,16069415788517,1824
basic_appreq,4773620,16069420627085,1824
basic_appreq,4957031,16069425631865,1824
basic_appreq,4672707,16069430351079,1824
basic_appreq,4885426,16069435282701,1824
basic_appreq,5056143,16069440385567,1824
basic_appreq,5011756,16069445444099,1824
basic_appreq,4919409,16069450409667,1824
basic_appreq,4832642,16069455289443,1824
basic_appreq,5016632,16069460350372,1824
basic_appreq,4861182,16069465258611,1824
basic_appreq,5630084,16069470934704,1824
basic_appreq,5091752,16069476073249,1824
basic_appreq,5675966,16069481795660,1824
basic_appreq,4827568,16069486663218,1824
basic_appreq,4374006,16069491079326,1824
basic_appreq,5296978,16069496417012,1824
basic_appreq,5046493,16069501501820,1824
basic_appreq,5149443,16069506691493,1824
basic_appreq,4864611,16069511596023,1824
basic_appreq,4436428,16069516069229,1824
basic_appreq,5167102,16069521278980,1824
basic_appreq,5160661,16069526482939,1824
basic_appreq,4913237,16069531434597,1824
basic_appreq,4357220,16069535830493,1824
basic_appreq,4950294,16069540821034,1824
basic_appreq,4741011,16069545604318,1824
basic_appreq,4831727,16069550483162,1824
basic_appreq,5248355,16069555778042,1824
basic_appreq,4999922,16069560817482,1824
basic_appreq,4655169,16069565510374,1824
basic_appreq,5285323,16069570844583,1824
basic_appreq,5174756,16069576056809,1824
basic_appreq,5037661,16069581142625,1824
basic_appreq,5857875,16069587046763,1824
basic_appreq,5075473,16069592160128,1824
basic_appreq,5256234,16069597457087,1824
basic_appreq,5051459,16069602547807,1824
basic_appreq,4876087,16069607463420,1824
basic_appreq,4665220,16069612152822,1824
basic_appreq,5146531,16069617333060,1824
basic_appreq,4887055,16069622267560,1824
basic_appreq,5181399,16069627482173,1824
basic_appreq,5280002,16069632795174,1824
basic_appreq,5170857,16069638003083,1824
basic_appreq,4928869,16069642968775,1824
basic_appreq,5017448,16069648025007,1824
basic_appreq,4758492,16069652824688,1824
basic_appreq,4636645,16069657507222,1824
basic_appreq,4992952,16069662537859,1824
basic_appreq,5037679,16069667615552,1824
basic_appreq,4983074,16069672638058,1824
basic_appreq,4965604,16069677643255,1824
basic_appreq,5005882,16069682689968,1824
basic_appreq,5025345,16069687756748,1824
basic_appreq,5243195,16069693039866,1824
basic_appreq,5294206,16069698373965,1824
basic_appreq,4999733,16069703411747,1824
basic_appreq,5314187,16069708765516,1824
basic_appreq,4932908,16069713737844,1824
basic_appreq,5015221,16069718792948,1824
basic_appreq,5230640,16069724063276,1824
basic_appreq,5046918,16069729151403,1824
basic_appreq,4882209,16069734074131,1824
basic_appreq,5078734,16069739192748,1824
basic_appreq,5035463,16069744268535,1824
basic_appreq,4818412,16069749127916,1824
basic_appreq,5204589,16069754373104,1824
basic_appreq,4942700,16069759356508,1824
basic_appreq,4985473,16069764383129,1824
basic_appreq,5241949,16069769664952,1824
basic_appreq,5162952,16069774866767,1824
basic_appreq,5017638,16069779925577,1824
basic_appreq,4950200,16069784918260,1824
basic_appreq,4866221,16069789826326,1824
basic_appreq,5261704,16069795129627,1824
basic_appreq,4888484,16069800058946,1824
basic_appreq,4903475,16069805005570,1824
basic_appreq,4869142,16069809911976,1824
basic_appreq,4782445,16069814730515,1824
basic_appreq,4951237,16069819717319,1824
basic_appreq,5363215,16069825120788,1824
basic_appreq,4972134,16069830130044,1824
basic_appreq,4828734,16069834998032,1824
basic_appreq,5191420,16069840230551,1824
basic_appreq,5033913,16069845305818,1824
basic_appreq,5056187,16069850401707,1824
basic_appreq,5168792,16069855619352,1824
basic_appreq,4851679,16069860511478,1824
basic_appreq,4997100,16069865550012,1824
basic_appreq,4918628,16069870510057,1824
basic_appreq,5110195,16069875660071,1824
basic_appreq,5132907,16069880826904,1824
basic_appreq,5250732,16069886113481,1824
basic_appreq,4930832,16069891081218,1824
basic_appreq,5022926,16069896141975,1824
basic_appreq,4808340,16069900992394,1824
basic_appreq,4928270,16069905959981,1824
basic_appreq,4957973,16069910958110,1824
basic_appreq,5149640,16069916148521,1824
basic_appreq,5136704,16069921325463,1824
basic_appreq,4888421,16069926272774,1824
basic_appreq,5035877,16069931350215,1824
basic_appreq,4982161,16069936372507,1824
basic_appreq,5059090,16069941471905,1824
basic_appreq,5087366,16069946600780,1824
basic_appreq,4918764,16069951568790,1824
basic_appreq,5038116,16069956646131,1824
basic_appreq,5180587,16069961866886,1824
basic_appreq,5015325,16069966922395,1824
basic_appreq,4925651,16069971886148,1824
basic_appreq,5008214,16069976935412,1824
basic_appreq,4918376,16069981894046,1824
basic_appreq,4963429,16069986898150,1824
basic_appreq,4964054,16069991902347,1824
basic_appreq,4958869,16069996896982,1824
basic_appreq,5216395,16070002148025,1824
basic_appreq,4840825,16070007027818,1824
basic_appreq,4989912,16070012056964,1824
basic_appreq,4995066,16070017091530,1824
basic_appreq,4892492,16070022019927,1824
basic_appreq,5017460,16070027072532,1824
basic_appreq,4710544,16070031822521,1824
basic_appreq,5458439,16070037319414,1824
basic_appreq,5213644,16070042574742,1824
basic_appreq,4960402,16070047575451,1824
basic_appreq,4998160,16070052614002,1824
basic_appreq,4964916,16070057618932,1824
basic_appreq,5007880,16070062669428,1824
basic_appreq,4894148,16070067604769,1824
basic_appreq,5432504,16070073087163,1824
basic_appreq,4919516,16070078045897,1824
basic_appreq,5389941,16070083475430,1824
basic_appreq,5042579,16070088558158,1824
basic_appreq,4994638,16070093593411,1824
basic_appreq,5083279,16070098716823,1824
basic_appreq,4929365,16070103699905,1824
basic_appreq,5065060,16070108802748,1824
basic_appreq,5055632,16070113910818,1824
basic_appreq,4980076,16070118930927,1824
basic_appreq,4988513,16070123960760,1824
basic_appreq,5080258,16070129108373,1824
basic_appreq,5163570,16070134312351,1824
basic_appreq,5052167,16070139402524,1824
basic_appreq,5338874,16070144781573,1824
basic_appreq,5174166,16070150003961,1824
basic_appreq,4804675,16070154849194,1824
basic_appreq,4922088,16070159814518,1824
basic_appreq,5078077,16070164938860,1824
basic_appreq,4731542,16070169712891,1824
basic_appreq,5244135,16070175007337,1824
basic_appreq,4815802,16070179898171,1824
basic_appreq,4822859,16070184759011,1824
basic_appreq,5063625,16070189863031,1824
basic_appreq,5094153,16070194994166,1824
basic_appreq,5029544,16070200060631,1824
basic_appreq,5022001,16070205125027,1824
basic_appreq,4922175,16070210087666,1824
basic_appreq,4816803,16070214941768,1824
basic_appreq,5113379,16070220093591,1824
basic_appreq,5076246,16070225210865,1824
basic_appreq,4757606,16070230009540,1824
basic_appreq,4891576,16070234939323,1824
basic_appreq,4842277,16070239827887,1824
basic_appreq,5024891,16070244892061,1824
basic_appreq,4795923,16070249725426,1824
basic_appreq,5050893,16070254814577,1824
basic_appreq,5176785,16070260030089,1824
basic_appreq,4914866,16070264987287,1824
basic_appreq,4992309,16070270019791,1824
basic_appreq,5035446,16070275103781,1824
basic_appreq,5294944,16070280440476,1824
basic_appreq,4752563,16070285233764,1824
basic_appreq,5035360,16070290310277,1824
basic_appreq,5166824,16070295518220,1824
basic_appreq,4995490,16070300553082,1824
basic_appreq,4967892,16070305560512,1824
basic_appreq,4907911,16070310505143,1824
basic_appreq,5003617,16070315545523,1824
basic_appreq,4932924,16070320515661,1824
basic_appreq,4933464,16070325490331,1824
basic_appreq,4791169,16070330321798,1824
basic_appreq,4817406,16070335175461,1824
basic_appreq,5067046,16070340277953,1824
basic_appreq,4880872,16070345197807,1824
basic_appreq,4686446,16070349932597,1824
basic_appreq,4847393,16070354820958,1824
basic_appreq,5019763,16070359876433,1824
basic_appreq,4726063,16070364637392,1824
basic_appreq,4755431,16070369431723,1824
basic_appreq,4928639,16070374397821,1824
basic_appreq,4787838,16070379233050,1824
basic_appreq,4807592,16070384079854,1824
basic_appreq,4652276,16070388768389,1824
basic_appreq,5077949,16070393882618,1824
basic_appreq,4930807,16070398851438,1824
basic_appreq,5275182,16070404163910,1824
basic_appreq,4984516,16070409187509,1824
basic_appreq,5002763,16070414230734,1824
basic_appreq,4965534,16070419239433,1824
basic_appreq,4893236,16070424187996,1824
basic_appreq,5001070,16070429230210,1824
basic_appreq,5004200,16070434273388,1824
basic_appreq,5070834,16070439383712,1824
basic_appreq,5073823,16070444497645,1824
basic_appreq,9113097,16070453651427,1824
basic_appreq,5068036,16070458759258,1824
basic_appreq,5118377,16070463928030,1824
basic_appreq,4954936,16070468931597,1824
basic_appreq,5103802,16070474076883,1824
basic_appreq,4948479,16070479066926,1824
basic_appreq,5240633,16070484350449,1824
basic_appreq,5245529,16070489636572,1824
basic_appreq,5030772,16070494708012,1824
basic_appreq,4991037,16070499740611,1824
basic_appreq,5001495,16070504784436,1824
basic_appreq,5311902,16070510136341,1824
basic_appreq,4864513,16070515041800,1824
basic_appreq,5273886,16070520355990,1824
basic_appreq,4997495,16070525394063,1824
basic_appreq,5272242,16070530707371,1824
basic_appreq,4792717,16070535542805,1824
basic_appreq,5008288,16070540593165,1824
basic_appreq,4981536,16070545615253,1824
basic_appreq,4841776,16070550502157,1824
basic_appreq,4808119,16070555348849,1824
basic_appreq,4909369,16070560296531,1824
basic_appreq,5105496,16070565444021,1824
basic_appreq,5190322,16070570675178,1824
basic_appreq,4877376,16070575590696,1824
basic_appreq,5017152,16070580653784,1824
basic_appreq,4469501,16070585163686,1824
basic_appreq,4808830,16070590014951,1824
basic_appreq,5074534,16070595142725,1824
basic_appreq,5314665,16070600505185,1824
basic_appreq,5083563,16070605634546,1824
basic_appreq,4935539,16070610614287,1824
basic_appreq,5099829,16070615762276,1824
basic_appreq,4946655,16070620756797,1824
basic_appreq,4790120,16070625592824,1824
basic_appreq,4605758,16070630246064,1824
basic_appreq,2978640,16070633276853,1824
basic_appreq,3956150,16070637278853,1824
basic_appreq,4241053,16070641561168,1824
basic_appreq,2054755,16070643668457,1824
basic_appreq,2177995,16070645895300,1824
basic_appreq,2609468,16070648545303,1824
#end,11,2179,1824
