20260216-145538-6631 12640 * main            (benchmark.cc:402): Starting benchmark.
20260216-145543-3534 12640 * main            (benchmark.cc:621): Creating a default paritioner!
20260216-145543-3536 12640 * Client          (client.cc:75):     Initializing StrongStore client with id [21]
20260216-145543-3537 12640 * BenchmarkClient (bench_client.cc:81): starting benchclient, issueConcurrent: 0; fanout: 1
Session created: 0
last_service: , current_state: 0
Session continued: 0
last_service: , current_state: 0
Session destroyed: 18446744073709551615
last_service: , current_state: 0
20260216-145548-7688 12640 * WarmupDone      (bench_client.cc:726): Completed warmup period of 5 seconds with 1003 requests
20260216-145559-7694 12640 * Finish          (bench_client.cc:920): Completed 2142 requests in 11.000485 seconds
20260216-145559-7694 12640 * Finish          (bench_client.cc:921): 1 outstanding transactions.
Session continued: 0
last_service: , current_state: 0
Session destroyed: 18446744073709551615
last_service: , current_state: 0
Session continued: 0
last_service: , current_state: 0
Session destroyed: 18446744073709551615
last_service: , current_state: 0
Session destroyed: 0
last_service: , current_state: 0
20260216-145602-7688 12640 * FlushStats      (benchmark.cc:890): Flushing stats to /mnt/extra/experiments/2026-03-16-14-55-14/out/client-0-0-21-stats-0.json.
20260216-145602-7690 12640 * FlushStats      (benchmark.cc:902): All done!
20260216-145604-7696 12640 * Cleanup         (bench_client.cc:748): Aborting 0 outstanding transactions.
20260216-145604-7696 12640 * CooldownDone    (bench_client.cc:778): Finished cooldown period.
20260216-145604-7709 12640 * CooldownDone    (bench_client.cc:785): Median latency is 5084410 ns (5084 us)
20260216-145604-7710 12640 * CooldownDone    (bench_client.cc:794): Average latency is 5089243 ns (5089 us)
20260216-145604-7710 12640 * CooldownDone    (bench_client.cc:798): 90th percentile latency is 5444983 ns (5444 us)
20260216-145604-7711 12640 * CooldownDone    (bench_client.cc:802): 95th percentile latency is 5582854 ns (5582 us)
20260216-145604-7711 12640 * CooldownDone    (bench_client.cc:806): 99th percentile latency is 5817962 ns (5817 us)
20260216-145604-7711 12640 * LATENCY total: 2949 us 5089 us/4194 us 33 ms (2143 samples, 10 s total)
20260216-145604-7712 12640 *    2097 us |         20 | 
20260216-145604-7712 12640 *    4194 us |       2121 | ==================================================
20260216-145604-7712 12640 *    8388 us |          1 | 
20260216-145604-7713 12640 *      16 ms |          0 |
20260216-145604-7713 12640 *      33 ms |          1 | 
20260216-145604-8259 12640 * Stop            (tcptransport.cc:581): [TCP SUMMARY] outgoingCreated=1 outgoingClosed=0 incomingCreated=0 incomingClosed=0 outgoingPeak=1 incomingPeak=0
Inserted events:
  0x55e41ba48f60 [fd  7] Read Persist Internal
  0x55e41ba5f510 [fd  9] Read Persist
Active events:
20260216-145604-8260 12640 * main            (benchmark.cc:849): Cleaning up after experiment.
20260216-145604-8260 12640 * FlushStats      (benchmark.cc:890): Flushing stats to /mnt/extra/experiments/2026-03-16-14-55-14/out/client-0-0-21-stats-0.json.
20260216-145604-8262 12640 * FlushStats      (benchmark.cc:902): All done!
