basic_appreq,5176007,16059646698515,272
basic_appreq,5219665,16059652058820,272
basic_appreq,5000643,16059657117518,272
basic_appreq,5212477,16059662369917,272
basic_appreq,5026463,16059667430077,272
basic_appreq,5159699,16059672654063,272
basic_appreq,4935688,16059677628891,272
basic_appreq,5414257,16059683081240,272
basic_appreq,5149783,16059688268593,272
basic_appreq,4787905,16059693101570,272
basic_appreq,4895413,16059698037034,272
basic_appreq,4864364,16059702941245,272
basic_appreq,5037967,16059708037296,272
basic_appreq,4844173,16059712922649,272
basic_appreq,4742335,16059717721845,272
basic_appreq,5274834,16059723055490,272
basic_appreq,4780959,16059727873065,272
basic_appreq,4993372,16059732904815,272
basic_appreq,4893218,16059737860432,272
basic_appreq,4814475,16059742712704,272
basic_appreq,5314027,16059748068783,272
basic_appreq,5009410,16059753122561,272
basic_appreq,4978562,16059758141754,272
basic_appreq,4941339,16059763122713,272
basic_appreq,4833891,16059767995037,272
basic_appreq,5177115,16059773227157,272
basic_appreq,4960454,16059778219460,272
basic_appreq,4787002,16059783044298,272
basic_appreq,5196991,16059788278705,272
basic_appreq,5341419,16059793683805,272
basic_appreq,5041935,16059798766572,272
basic_appreq,4869271,16059803700774,272
basic_appreq,4879817,16059808624237,272
basic_appreq,5282461,16059813953770,272
basic_appreq,5146743,16059819137183,272
basic_appreq,4825804,16059824026310,272
basic_appreq,4976237,16059829043982,272
basic_appreq,4985755,16059834069428,272
basic_appreq,4813506,16059838921794,272
basic_appreq,5005633,16059843968609,272
basic_appreq,4863286,16059849003104,272
basic_appreq,5001633,16059854046523,272
basic_appreq,5024170,16059859110173,272
basic_appreq,4969990,16059864118175,272
basic_appreq,4807649,16059868964197,272
basic_appreq,4968948,16059873969022,272
basic_appreq,5100772,16059879130019,272
basic_appreq,4870187,16059884037527,272
basic_appreq,4893390,16059888967203,272
basic_appreq,4928734,16059893962888,272
basic_appreq,4157533,16059898159937,272
basic_appreq,4659942,16059902861409,272
basic_appreq,5143625,16059908052505,272
basic_appreq,5142489,16059913242545,272
basic_appreq,4858138,16059918148723,272
basic_appreq,4883299,16059923077873,272
basic_appreq,5097028,16059928222486,272
basic_appreq,5075781,16059933343797,272
basic_appreq,4954101,16059938344047,272
basic_appreq,4864966,16059943255429,272
basic_appreq,4883038,16059948184535,272
basic_appreq,4940792,16059953171989,272
basic_appreq,4846279,16059958065463,272
basic_appreq,4759710,16059962868319,272
basic_appreq,5152493,16059968068764,272
basic_appreq,4498703,16059972614524,272
basic_appreq,5041647,16059977698070,272
basic_appreq,5070204,16059982814229,272
basic_appreq,4722239,16059987581233,272
basic_appreq,5121818,16059992750697,272
basic_appreq,4708055,16059997501081,272
basic_appreq,5273850,16060002823448,272
basic_appreq,4836491,16060007701257,272
basic_appreq,5106675,16060012853917,272
basic_appreq,4719422,16060017616770,272
basic_appreq,5071838,16060022736043,272
basic_appreq,4547193,16060027324883,272
basic_appreq,5282535,16060032653796,272
basic_appreq,4557942,16060037247301,272
basic_appreq,5042596,16060042330147,272
basic_appreq,5156728,16060047527289,272
basic_appreq,4960839,16060052533649,272
basic_appreq,4688257,16060057270440,272
basic_appreq,5081939,16060062397784,272
basic_appreq,5064136,16060067497274,272
basic_appreq,5012798,16060072551852,272
basic_appreq,5290248,16060077885588,272
basic_appreq,4918912,16060082846160,272
basic_appreq,5165564,16060088057836,272
basic_appreq,4910371,16060093010823,272
basic_appreq,4651833,16060097706849,272
basic_appreq,4955046,16060102708270,272
basic_appreq,4715937,16060107466155,272
basic_appreq,5003975,16060112511941,272
basic_appreq,4795838,16060117344209,272
basic_appreq,4952833,16060122338399,272
basic_appreq,5316663,16060127707188,272
basic_appreq,4821923,16060132571067,272
basic_appreq,4507948,16060137120728,272
basic_appreq,4849321,16060142018914,272
basic_appreq,4727643,16060146788674,272
basic_appreq,5255477,16060152079261,272
basic_appreq,5402320,16060157531509,272
basic_appreq,4979401,16060162563898,272
basic_appreq,4957397,16060167558359,272
basic_appreq,4933003,16060172531393,272
basic_appreq,4691657,16060177260893,272
basic_appreq,4804443,16060182102850,272
basic_appreq,4705512,16060186845813,272
basic_appreq,5161511,16060192040996,272
basic_appreq,5172933,16060197250477,272
basic_appreq,4824602,16060202113107,272
basic_appreq,5129751,16060207280695,272
basic_appreq,4995914,16060212317066,272
basic_appreq,4981690,16060217367312,272
basic_appreq,4913118,16060222340517,272
basic_appreq,5634000,16060228037378,272
basic_appreq,4624249,16060232700384,272
basic_appreq,5016263,16060237754331,272
basic_appreq,5047840,16060242839465,272
basic_appreq,5276153,16060248157221,272
basic_appreq,4784994,16060252982009,272
basic_appreq,4658286,16060257677943,272
basic_appreq,4085964,16060261801940,272
basic_appreq,4989628,16060266831887,272
basic_appreq,5655481,16060272534590,272
basic_appreq,5297948,16060277865231,272
basic_appreq,4771883,16060282675240,272
basic_appreq,4960562,16060287672161,272
basic_appreq,4814807,16060292530867,272
basic_appreq,5415568,16060297986838,272
basic_appreq,5140256,16060303170375,272
basic_appreq,4705402,16060307916642,272
basic_appreq,4782644,16060312734385,272
basic_appreq,4941026,16060317734038,272
basic_appreq,5295912,16060323064841,272
basic_appreq,4423972,16060327526829,272
basic_appreq,5181372,16060332766187,272
basic_appreq,4943858,16060337750527,272
basic_appreq,4892165,16060342683673,272
basic_appreq,4608949,16060347328871,272
basic_appreq,5210903,16060352592966,272
basic_appreq,5616428,16060358262962,272
basic_appreq,4882674,16060363187100,272
basic_appreq,4668249,16060367895198,272
basic_appreq,4287821,16060372219379,272
basic_appreq,5237037,16060377506859,272
basic_appreq,5313568,16060382858834,272
basic_appreq,4955198,16060387877078,272
basic_appreq,4482095,16060392399086,272
basic_appreq,4918261,16060397357582,272
basic_appreq,4916433,16060402311654,272
basic_appreq,4941630,16060407290759,272
basic_appreq,5037942,16060412366885,272
basic_appreq,5007468,16060417415140,272
basic_appreq,4939933,16060422392237,272
basic_appreq,4937958,16060427366973,272
basic_appreq,5579471,16060433002691,272
basic_appreq,5036602,16060438075745,272
basic_appreq,5084579,16060443222433,272
basic_appreq,5340852,16060448602984,272
basic_appreq,4972094,16060453614378,272
basic_appreq,4563870,16060458218028,272
basic_appreq,4539022,16060462796476,272
basic_appreq,5004658,16060467842415,272
basic_appreq,4999987,16060472879317,272
basic_appreq,4809009,16060477723060,272
basic_appreq,5084212,16060482845867,272
basic_appreq,4712285,16060487595591,272
basic_appreq,4470838,16060492107829,272
basic_appreq,4858342,16060497034917,272
basic_appreq,4741468,16060501816429,272
basic_appreq,5097938,16060506973937,272
basic_appreq,5769339,16060512778169,272
basic_appreq,5118676,16060517935985,272
basic_appreq,4861431,16060522834890,272
basic_appreq,4912823,16060527789116,272
basic_appreq,4820531,16060532648727,272
basic_appreq,4684271,16060537366426,272
basic_appreq,4986863,16060542387265,272
basic_appreq,4957455,16060547378419,272
basic_appreq,4423904,16060551841529,272
basic_appreq,5710220,16060557611305,272
basic_appreq,4600362,16060562252158,272
basic_appreq,4872483,16060567168775,272
basic_appreq,5009191,16060572213055,272
basic_appreq,4712767,16060576964053,272
basic_appreq,4556475,16060581557031,272
basic_appreq,5014166,16060586612065,272
basic_appreq,4631882,16060591301663,272
basic_appreq,4946947,16060596287963,272
basic_appreq,5567641,16060601904834,272
basic_appreq,4999801,16060606941475,272
basic_appreq,5013721,16060611992826,272
basic_appreq,4769827,16060616824908,272
basic_appreq,4718232,16060621580615,272
basic_appreq,5360256,16060626979533,272
basic_appreq,4953109,16060631971280,272
basic_appreq,5223927,16060637259163,272
basic_appreq,5049978,16060642349610,272
basic_appreq,4864699,16060647254557,272
basic_appreq,4967554,16060652261123,272
basic_appreq,5060461,16060657360379,272
basic_appreq,4572594,16060661974223,272
basic_appreq,4969720,16060666983992,272
basic_appreq,9124141,16060676186432,272
basic_appreq,5448648,16060681677742,272
basic_appreq,4879101,16060686624190,272
basic_appreq,5102134,16060691767067,272
basic_appreq,5030221,16060696839747,272
basic_appreq,4460006,16060701339857,272
basic_appreq,3900362,16060705277975,272
basic_appreq,4798911,16060710131509,272
basic_appreq,4879924,16060715053411,272
basic_appreq,4984490,16060720086171,272
basic_appreq,4735455,16060724867409,272
basic_appreq,4902712,16060729826819,272
basic_appreq,4643025,16060734509573,272
basic_appreq,5124658,16060739672936,272
basic_appreq,4705275,16060744414057,272
basic_appreq,5679446,16060750142578,272
basic_appreq,5012838,16060755194295,272
basic_appreq,4115647,16060759349329,272
basic_appreq,4986171,16060764375467,272
basic_appreq,5026019,16060769438373,272
basic_appreq,5794913,16060775309580,272
basic_appreq,4958364,16060780306973,272
basic_appreq,5009688,16060785354714,272
basic_appreq,4614633,16060790012207,272
basic_appreq,4809828,16060794862192,272
basic_appreq,5096905,16060799998894,272
basic_appreq,4196735,16060804266500,272
basic_appreq,5108360,16060809434449,272
basic_appreq,5060648,16060814528482,272
basic_appreq,4969106,16060819530483,272
basic_appreq,5310393,16060824880960,272
basic_appreq,4803882,16060829722497,272
basic_appreq,4666472,16060834428909,272
basic_appreq,5137734,16060839605880,272
basic_appreq,5038113,16060844683378,272
basic_appreq,4868970,16060849593116,272
basic_appreq,4990431,16060854620957,272
basic_appreq,4838562,16060859496390,272
basic_appreq,4560391,16060864094126,272
basic_appreq,5302094,16060869434215,272
basic_appreq,5190693,16060874661813,272
basic_appreq,4961722,16060879661118,272
basic_appreq,5118938,16060884820728,272
basic_appreq,5184119,16060890047747,272
basic_appreq,5089352,16060895177800,272
basic_appreq,4770764,16060899988796,272
basic_appreq,5031377,16060905088027,272
basic_appreq,5160597,16060910290949,272
basic_appreq,4818510,16060915149785,272
basic_appreq,4800380,16060919989069,272
basic_appreq,5168554,16060925247520,272
basic_appreq,4872425,16060930161758,272
basic_appreq,4703541,16060934912417,272
basic_appreq,4913996,16060939860402,272
basic_appreq,5010629,16060944907967,272
basic_appreq,4833472,16060949781001,272
basic_appreq,4853910,16060954696572,272
basic_appreq,4853168,16060959585326,272
basic_appreq,5337805,16060964960479,272
basic_appreq,4766523,16060969766035,272
basic_appreq,5073337,16060974902353,272
basic_appreq,5160617,16060980125147,272
basic_appreq,4882586,16060985046601,272
basic_appreq,4835122,16060989926863,272
basic_appreq,4894730,16060994886486,272
basic_appreq,5237057,16061000164536,272
basic_appreq,5029201,16061005236127,272
basic_appreq,4842245,16061010116884,272
basic_appreq,5018677,16061015174625,272
basic_appreq,5142890,16061020356787,272
basic_appreq,5236225,16061025628580,272
basic_appreq,4893986,16061030557890,272
basic_appreq,5225814,16061035821534,272
basic_appreq,4891463,16061040751588,272
basic_appreq,5178135,16061045976053,272
basic_appreq,4862753,16061050882934,272
basic_appreq,4844987,16061055791071,272
basic_appreq,4717300,16061060547005,272
basic_appreq,5255896,16061065844495,272
basic_appreq,4937605,16061070826193,272
basic_appreq,5233898,16061076099491,272
basic_appreq,5059873,16061081198707,272
basic_appreq,4797986,16061086037843,272
basic_appreq,4913163,16061090995307,272
basic_appreq,5050931,16061096087821,272
basic_appreq,4930565,16061101058213,272
basic_appreq,4854722,16061105950996,272
basic_appreq,4953991,16061110965141,272
basic_appreq,5248173,16061116272732,272
basic_appreq,5058142,16061121371275,272
basic_appreq,4639685,16061126051400,272
basic_appreq,4803557,16061130896350,272
basic_appreq,4830222,16061135766647,272
basic_appreq,4880382,16061140689276,272
basic_appreq,4854149,16061145579617,272
basic_appreq,4998674,16061150630245,272
basic_appreq,4912658,16061155581800,272
basic_appreq,4546353,16061160169291,272
basic_appreq,4878146,16061165088935,272
basic_appreq,4796117,16061169933747,272
basic_appreq,5130450,16061175115317,272
basic_appreq,5068836,16061180228302,272
basic_appreq,4843445,16061185122490,272
basic_appreq,5039996,16061190226544,272
basic_appreq,4839203,16061195106630,272
basic_appreq,5429456,16061200581759,272
basic_appreq,4807953,16061205431854,272
basic_appreq,5179495,16061210659002,272
basic_appreq,4748495,16061215449599,272
basic_appreq,5010624,16061220506558,272
basic_appreq,4547597,16061225094311,272
basic_appreq,4805847,16061229949642,272
basic_appreq,4636778,16061234623545,272
basic_appreq,5157131,16061239830236,272
basic_appreq,5518120,16061245394799,272
basic_appreq,4741984,16061250203039,272
basic_appreq,4992425,16061255259387,272
basic_appreq,4593939,16061259888393,272
basic_appreq,4431881,16061264354749,272
basic_appreq,4949899,16061269361178,272
basic_appreq,4597286,16061274013357,272
basic_appreq,4716037,16061278796962,272
basic_appreq,5059818,16061283892261,272
basic_appreq,5167122,16061289094119,272
basic_appreq,4991776,16061294122746,272
basic_appreq,4809090,16061298968985,272
basic_appreq,4683509,16061303699501,272
basic_appreq,4660720,16061308393171,272
basic_appreq,4770368,16061313202561,272
basic_appreq,5487189,16061318727144,272
basic_appreq,4835607,16061323602171,272
basic_appreq,4755273,16061328397597,272
basic_appreq,4795532,16061333235880,272
basic_appreq,4901851,16061338176692,272
basic_appreq,4890144,16061343132291,272
basic_appreq,5078103,16061348274206,272
basic_appreq,4975425,16061353289006,272
basic_appreq,4391052,16061357718597,272
basic_appreq,5104901,16061362882752,272
basic_appreq,5043049,16061367981946,272
basic_appreq,5144442,16061373184710,272
basic_appreq,4915554,16061378134962,272
basic_appreq,4852104,16061383027052,272
basic_appreq,4124220,16061387189221,272
basic_appreq,5403402,16061392647708,272
basic_appreq,5474917,16061398156025,272
basic_appreq,4897638,16061403086811,272
basic_appreq,4938009,16061408063057,272
basic_appreq,5166248,16061413267852,272
basic_appreq,5009828,16061418318090,272
basic_appreq,4602786,16061422964045,272
basic_appreq,5782987,16061428805793,272
basic_appreq,4746715,16061433596299,272
basic_appreq,4702271,16061438338212,272
basic_appreq,5075988,16061443451848,272
basic_appreq,4764747,16061448254450,272
basic_appreq,4558642,16061452874699,272
basic_appreq,5543086,16061458474089,272
basic_appreq,4970045,16061463507206,272
basic_appreq,5494653,16061469065376,272
basic_appreq,4921631,16061474029417,272
basic_appreq,4549892,16061478621722,272
basic_appreq,4309424,16061483001259,272
basic_appreq,4893845,16061487980383,272
basic_appreq,4521351,16061493439657,272
basic_appreq,4937566,16061498409025,272
basic_appreq,4957920,16061503400100,272
basic_appreq,4159983,16061507596997,272
basic_appreq,6030789,16061513680039,272
basic_appreq,4894195,16061518614806,272
basic_appreq,5004130,16061523660577,272
basic_appreq,4716370,16061528412565,272
basic_appreq,4289077,16061532738406,272
basic_appreq,4612512,16061537387892,272
basic_appreq,5124398,16061542557152,272
basic_appreq,4804304,16061547434356,272
basic_appreq,4865740,16061552342692,272
basic_appreq,5075521,16061557457931,272
basic_appreq,4353526,16061561848601,272
basic_appreq,5196734,16061567095142,272
basic_appreq,5021504,16061572151930,272
basic_appreq,4890454,16061577081990,272
basic_appreq,4207571,16061581328124,272
basic_appreq,4684073,16061586055278,272
basic_appreq,5039410,16061591143282,272
basic_appreq,5090196,16061596277434,272
basic_appreq,5316539,16061601638785,272
basic_appreq,5528302,16061607250375,272
basic_appreq,4877356,16061612168034,272
basic_appreq,5008151,16061617212253,272
basic_appreq,4709630,16061621956674,272
basic_appreq,4625887,16061626617802,272
basic_appreq,5258199,16061631918611,272
basic_appreq,5158530,16061637117094,272
basic_appreq,4259340,16061641417420,272
basic_appreq,4859321,16061646342693,272
basic_appreq,4837839,16061651244149,272
basic_appreq,5668826,16061656963988,272
basic_appreq,5176428,16061662173508,272
basic_appreq,4738884,16061666951478,272
basic_appreq,4860848,16061671850670,272
basic_appreq,4339988,16061676232198,272
basic_appreq,5476776,16061681753709,272
basic_appreq,4773342,16061686562481,272
basic_appreq,4068673,16061690666105,272
basic_appreq,4737496,16061695471513,272
basic_appreq,5012388,16061700530486,272
basic_appreq,5601007,16061706178814,272
basic_appreq,4898131,16061711117253,272
basic_appreq,5154620,16061716315670,272
basic_appreq,4948711,16061721331484,272
basic_appreq,4643192,16061726031926,272
basic_appreq,5042392,16061731115592,272
basic_appreq,5031197,16061736186181,272
basic_appreq,4975812,16061741198836,272
basic_appreq,4799411,16061746056014,272
basic_appreq,4939857,16061751049366,272
basic_appreq,5321843,16061756413641,272
basic_appreq,5272747,16061761725975,272
basic_appreq,4851666,16061766617118,272
basic_appreq,4859207,16061771515306,272
basic_appreq,4891892,16061776440227,272
basic_appreq,5148406,16061781621178,272
basic_appreq,4851962,16061786507287,272
basic_appreq,4203736,16061790748967,272
basic_appreq,5583797,16061796386483,272
basic_appreq,4595727,16061801024030,272
basic_appreq,4374495,16061805439033,272
basic_appreq,5388811,16061810887557,272
basic_appreq,5312201,16061816255307,272
basic_appreq,5268296,16061821557995,272
basic_appreq,4860002,16061826456770,272
basic_appreq,4624194,16061831119350,272
basic_appreq,4552786,16061835712600,272
basic_appreq,5029285,16061840783552,272
basic_appreq,5097653,16061845946755,272
basic_appreq,4488027,16061850474570,272
basic_appreq,4923055,16061855469121,272
basic_appreq,5538534,16061861046278,272
basic_appreq,4882080,16061865970726,272
basic_appreq,4045800,16061870057946,272
basic_appreq,5082514,16061875183848,272
basic_appreq,4852552,16061880087416,272
basic_appreq,4790348,16061884918084,272
basic_appreq,4822567,16061889798671,272
basic_appreq,5609651,16061895452108,272
basic_appreq,5690865,16061901181187,272
basic_appreq,4914324,16061906158357,272
basic_appreq,4859511,16061911057948,272
basic_appreq,4270957,16061915397178,272
basic_appreq,4975585,16061920412757,272
basic_appreq,4813794,16061925281897,272
basic_appreq,4961091,16061930318599,272
basic_appreq,5829287,16061936197934,272
basic_appreq,5341742,16061941574284,272
basic_appreq,5070366,16061946681878,272
basic_appreq,4607742,16061951330208,272
basic_appreq,4890061,16061956259178,272
basic_appreq,4885275,16061961185185,272
basic_appreq,5008759,16061966235340,272
basic_appreq,5012241,16061971286815,272
basic_appreq,4922774,16061976250121,272
basic_appreq,4615160,16061980905799,272
basic_appreq,4225321,16061985165939,272
basic_appreq,5314087,16061990518915,272
basic_appreq,5276546,16061995831189,272
basic_appreq,5234881,16062001105536,272
basic_appreq,5075553,16062006217914,272
basic_appreq,3939981,16062010199377,272
basic_appreq,4900417,16062015142493,272
basic_appreq,5029996,16062020219553,272
basic_appreq,4975311,16062025243907,272
basic_appreq,5166694,16062030458907,272
basic_appreq,5461249,16062035968572,272
basic_appreq,5465851,16062041523065,272
basic_appreq,4948342,16062046510040,272
basic_appreq,4988351,16062051559839,272
basic_appreq,4674937,16062056274487,272
basic_appreq,4852929,16062061164582,272
basic_appreq,4786917,16062065991599,272
basic_appreq,4730263,16062070761101,272
basic_appreq,5266760,16062076088297,272
basic_appreq,4870839,16062080999002,272
basic_appreq,4101523,16062085152653,272
basic_appreq,4748035,16062089938876,272
basic_appreq,5123817,16062095119755,272
basic_appreq,4983872,16062100145502,272
basic_appreq,4583586,16062104769158,272
basic_appreq,4669247,16062109484338,272
basic_appreq,5297731,16062114865159,272
basic_appreq,4854005,16062119764071,272
basic_appreq,4771999,16062124576673,272
basic_appreq,5248030,16062129874303,272
basic_appreq,4819437,16062134745130,272
basic_appreq,5817787,16062140603937,272
basic_appreq,4784807,16062145427742,272
basic_appreq,4904915,16062150373634,272
basic_appreq,5088346,16062155499832,272
basic_appreq,4733955,16062160272672,272
basic_appreq,5042772,16062165356750,272
basic_appreq,4605523,16062170002120,272
basic_appreq,4747500,16062174814010,272
basic_appreq,5363201,16062180216082,272
basic_appreq,4832251,16062185084648,272
basic_appreq,4651428,16062189774838,272
basic_appreq,4634089,16062194448212,272
basic_appreq,5136329,16062199622194,272
basic_appreq,4584579,16062204242660,272
basic_appreq,5194760,16062209530486,272
basic_appreq,5002379,16062214570584,272
basic_appreq,4834519,16062219445804,272
basic_appreq,4827483,16062224312397,272
basic_appreq,5087945,16062229463786,272
basic_appreq,5004054,16062234508150,272
basic_appreq,4831549,16062239379504,272
basic_appreq,4494985,16062243909631,272
basic_appreq,4275664,16062248220814,272
basic_appreq,5044860,16062253302081,272
basic_appreq,4807317,16062258150592,272
basic_appreq,5193583,16062263403909,272
basic_appreq,4814573,16062268258729,272
basic_appreq,4997458,16062273303220,272
basic_appreq,4762952,16062278109104,272
basic_appreq,5337715,16062283487779,272
basic_appreq,5079595,16062288602814,272
basic_appreq,5324171,16062293985872,272
basic_appreq,4924792,16062298948392,272
basic_appreq,4373901,16062303362275,272
basic_appreq,5132925,16062308543587,272
basic_appreq,5323644,16062313937021,272
basic_appreq,4238517,16062318217098,272
basic_appreq,5803056,16062324056969,272
basic_appreq,4906744,16062329000691,272
basic_appreq,4919397,16062333956450,272
basic_appreq,4685546,16062338682612,272
basic_appreq,4603665,16062343326129,272
basic_appreq,4498104,16062347860002,272
basic_appreq,5038392,16062352932621,272
basic_appreq,5054950,16062358021015,272
basic_appreq,4768870,16062362827520,272
basic_appreq,4730082,16062367596087,272
basic_appreq,5286283,16062372929868,272
basic_appreq,4934205,16062377916473,272
basic_appreq,5659333,16062383631724,272
basic_appreq,4934492,16062388606442,272
basic_appreq,4750748,16062393389709,272
basic_appreq,4726000,16062398148860,272
basic_appreq,4376808,16062402558519,272
basic_appreq,5619120,16062408232251,272
basic_appreq,4628659,16062412908217,272
basic_appreq,4602087,16062417545496,272
basic_appreq,5018638,16062422599663,272
basic_appreq,4639778,16062427275337,272
basic_appreq,4569384,16062431880134,272
basic_appreq,4884579,16062436800295,272
basic_appreq,5149573,16062441989757,272
basic_appreq,5125507,16062447156708,272
basic_appreq,5000225,16062452197959,272
basic_appreq,4857470,16062457097928,272
basic_appreq,4768193,16062461906809,272
basic_appreq,5047333,16062466989951,272
basic_appreq,4816509,16062471844164,272
basic_appreq,4798844,16062476679248,272
basic_appreq,4869798,16062481588250,272
basic_appreq,4722747,16062486353640,272
basic_appreq,4914811,16062491308615,272
basic_appreq,4908921,16062496254230,272
basic_appreq,4860970,16062501150582,272
basic_appreq,4820935,16062506007347,272
basic_appreq,5209506,16062511252863,272
basic_appreq,4677110,16062515974567,272
basic_appreq,4885299,16062520925424,272
basic_appreq,4874398,16062525862486,272
basic_appreq,4732874,16062530635999,272
basic_appreq,4902347,16062535578224,272
basic_appreq,5063809,16062540681872,272
basic_appreq,4786875,16062545502990,272
basic_appreq,4737118,16062550275828,272
basic_appreq,5138087,16062555455329,272
basic_appreq,4931909,16062560425779,272
basic_appreq,4775711,16062565245100,272
basic_appreq,5052795,16062570340348,272
basic_appreq,4923068,16062575304656,272
basic_appreq,4894769,16062580255316,272
basic_appreq,4942287,16062585233122,272
basic_appreq,5221031,16062590498681,272
basic_appreq,4997662,16062595533673,272
basic_appreq,4755416,16062600329286,272
basic_appreq,4906786,16062605278137,272
basic_appreq,5047882,16062610368201,272
basic_appreq,4874215,16062615279987,272
basic_appreq,5248762,16062620565026,272
basic_appreq,4988402,16062625592757,272
basic_appreq,4870219,16062630500242,272
basic_appreq,5037065,16062635577412,272
basic_appreq,5038216,16062640683397,272
basic_appreq,4884004,16062645603863,272
basic_appreq,5133282,16062650772730,272
basic_appreq,4992439,16062655806332,272
basic_appreq,5000622,16062660847465,272
basic_appreq,4920840,16062665808401,272
basic_appreq,4869127,16062670717708,272
basic_appreq,5059104,16062675818132,272
basic_appreq,5018698,16062680879870,272
basic_appreq,4703347,16062685622398,272
basic_appreq,4888838,16062690551530,272
basic_appreq,4840219,16062695432315,272
basic_appreq,5044093,16062700509927,272
basic_appreq,4856804,16062705420774,272
basic_appreq,5205626,16062710653699,272
basic_appreq,5166440,16062715860420,272
basic_appreq,5132984,16062721045114,272
basic_appreq,5107797,16062726200450,272
basic_appreq,4857158,16062731096271,272
basic_appreq,5135040,16062736271513,272
basic_appreq,4874547,16062741185381,272
basic_appreq,4932100,16062746157090,272
basic_appreq,4922113,16062751116876,272
basic_appreq,5230528,16062756385842,272
basic_appreq,5007399,16062761432628,272
basic_appreq,5048791,16062766533721,272
basic_appreq,5038545,16062771622620,272
basic_appreq,4984874,16062776646960,272
basic_appreq,5132434,16062781820764,272
basic_appreq,5101279,16062786961562,272
basic_appreq,5143005,16062792145327,272
basic_appreq,4976696,16062797160325,272
basic_appreq,4820566,16062802019626,272
basic_appreq,4959078,16062807047948,272
basic_appreq,4953406,16062812044548,272
basic_appreq,4746230,16062816829800,272
basic_appreq,5280997,16062822150097,272
basic_appreq,5040686,16062827228764,272
basic_appreq,4959428,16062832226660,272
basic_appreq,4997904,16062837264131,272
basic_appreq,4886999,16062842189620,272
basic_appreq,5355316,16062847583517,272
basic_appreq,5202350,16062852828650,272
basic_appreq,4910636,16062857779987,272
basic_appreq,4828462,16062862647660,272
basic_appreq,4625453,16062867312822,272
basic_appreq,4977672,16062872326951,272
basic_appreq,4855659,16062877218337,272
basic_appreq,4618373,16062881872730,272
basic_appreq,4858136,16062886766431,272
basic_appreq,5137391,16062891942090,272
basic_appreq,5079423,16062897107631,272
basic_appreq,4950278,16062902097711,272
basic_appreq,4880501,16062907015848,272
basic_appreq,4709984,16062911762807,272
basic_appreq,5099700,16062916909424,272
basic_appreq,4835305,16062921781163,272
basic_appreq,4919249,16062926736988,272
basic_appreq,4814024,16062931589739,272
basic_appreq,4983348,16062936639210,272
basic_appreq,4912419,16062941615557,272
basic_appreq,4899439,16062946559007,272
basic_appreq,4834618,16062951432135,272
basic_appreq,4974470,16062956440910,272
basic_appreq,4514775,16062961013061,272
basic_appreq,5007814,16062966078321,272
basic_appreq,4831549,16062970949787,272
basic_appreq,5347478,16062976336752,272
basic_appreq,5205419,16062981603204,272
basic_appreq,4882835,16062986522639,272
basic_appreq,4683190,16062991244748,272
basic_appreq,5186638,16062996470477,272
basic_appreq,4874726,16063001382082,272
basic_appreq,4766834,16063006187716,272
basic_appreq,5164142,16063011398593,272
basic_appreq,4849303,16063016293529,272
basic_appreq,4960742,16063021292927,272
basic_appreq,4843071,16063026175648,272
basic_appreq,4894238,16063031108404,272
basic_appreq,4963986,16063036110908,272
basic_appreq,4868916,16063041019125,272
basic_appreq,5115244,16063046172196,272
basic_appreq,4876393,16063051088228,272
basic_appreq,4977007,16063056105919,272
basic_appreq,4982363,16063061126110,272
basic_appreq,4939729,16063066108013,272
basic_appreq,5204935,16063071353782,272
basic_appreq,5162462,16063076555471,272
basic_appreq,4769623,16063081363277,272
basic_appreq,4870010,16063086273254,272
basic_appreq,5107223,16063091421426,272
basic_appreq,5041340,16063096503262,272
basic_appreq,4419441,16063100956055,272
basic_appreq,4999561,16063106000997,272
basic_appreq,4903688,16063110942780,272
basic_appreq,4964876,16063115945556,272
basic_appreq,4731768,16063120717964,272
basic_appreq,5098596,16063125864685,272
basic_appreq,4834351,16063130735869,272
basic_appreq,4840170,16063135612033,272
basic_appreq,5226878,16063140874810,272
basic_appreq,5066123,16063145977461,272
basic_appreq,4764495,16063150778488,272
basic_appreq,4913131,16063155734446,272
basic_appreq,4942627,16063160718181,272
basic_appreq,4852543,16063165626045,272
basic_appreq,4893374,16063170580641,272
basic_appreq,5071410,16063175694583,272
basic_appreq,5065332,16063180800367,272
basic_appreq,4804628,16063185645406,272
basic_appreq,4960435,16063190646659,272
basic_appreq,5100474,16063195788537,272
basic_appreq,4994507,16063200818802,272
basic_appreq,34048139,16063234909623,272
basic_appreq,5258917,16063240231271,272
basic_appreq,4843998,16063245114980,272
basic_appreq,4633583,16063249785474,272
basic_appreq,4853323,16063254692293,272
basic_appreq,4760592,16063259519636,272
basic_appreq,4934242,16063264494115,272
basic_appreq,4819511,16063269354158,272
basic_appreq,4517023,16063273904021,272
basic_appreq,5036845,16063278975515,272
basic_appreq,5198353,16063284212232,272
basic_appreq,5093805,16063289344994,272
basic_appreq,4815648,16063294197146,272
basic_appreq,4873074,16063299106389,272
basic_appreq,5152088,16063304294111,272
basic_appreq,4872728,16063309205136,272
basic_appreq,4790094,16063314032385,272
basic_appreq,5091913,16063319166577,272
basic_appreq,4898014,16063324104762,272
basic_appreq,4840127,16063328986597,272
basic_appreq,5193465,16063334221990,272
basic_appreq,5225969,16063339488298,272
basic_appreq,5116008,16063344645014,272
basic_appreq,4797545,16063349498398,272
basic_appreq,4859708,16063354420016,272
basic_appreq,4845112,16063359325432,272
basic_appreq,4700682,16063364082598,272
basic_appreq,4959114,16063369093260,272
basic_appreq,5216675,16063374349479,272
basic_appreq,5043308,16063379431077,272
basic_appreq,4936207,16063384432197,272
basic_appreq,5263839,16063389738318,272
basic_appreq,5004605,16063394786746,272
basic_appreq,5117074,16063399943676,272
basic_appreq,4961918,16063404945933,272
basic_appreq,4860032,16063409846330,272
basic_appreq,4604880,16063414488909,272
basic_appreq,5132845,16063419670696,272
basic_appreq,5127911,16063424838456,272
basic_appreq,4833044,16063429707711,272
basic_appreq,4811575,16063434556746,272
basic_appreq,5250035,16063439844989,272
basic_appreq,4737370,16063444619083,272
basic_appreq,5033886,16063449702261,272
basic_appreq,4838731,16063454583405,272
basic_appreq,4900820,16063459526506,272
basic_appreq,5288870,16063464849124,272
basic_appreq,5004838,16063469915738,272
basic_appreq,5211975,16063475166891,272
basic_appreq,4881476,16063480086245,272
basic_appreq,5048979,16063485176284,272
basic_appreq,5135279,16063490351888,272
basic_appreq,4879660,16063495271189,272
basic_appreq,4978321,16063500313803,272
basic_appreq,4928010,16063505301550,272
basic_appreq,5155689,16063510501243,272
basic_appreq,4775981,16063515318656,272
basic_appreq,4815734,16063520175279,272
basic_appreq,4729896,16063524944469,272
basic_appreq,4928866,16063529908122,272
basic_appreq,5015227,16063534981507,272
basic_appreq,5041982,16063540061695,272
basic_appreq,5010767,16063545111678,272
basic_appreq,4690602,16063549843580,272
basic_appreq,4899869,16063554785491,272
basic_appreq,4980367,16063559806779,272
basic_appreq,4864143,16063564708863,272
basic_appreq,4773653,16063569518872,272
basic_appreq,4991834,16063574550020,272
basic_appreq,4944384,16063579534547,272
basic_appreq,4932057,16063584503100,272
basic_appreq,5069164,16063589609062,272
basic_appreq,4146206,16063593793369,272
basic_appreq,4934244,16063598770491,272
basic_appreq,5074307,16063603891036,272
basic_appreq,5233147,16063609173801,272
basic_appreq,4853904,16063614075394,272
basic_appreq,5116738,16063619242209,272
basic_appreq,5097376,16063624389881,272
basic_appreq,5011175,16063629449348,272
basic_appreq,5109027,16063634607334,272
basic_appreq,5192606,16063639846527,272
basic_appreq,5043383,16063644936422,272
basic_appreq,5281628,16063650266089,272
basic_appreq,5173464,16063655489059,272
basic_appreq,4965956,16063660503305,272
basic_appreq,4896675,16063665446556,272
basic_appreq,4761257,16063670258947,272
basic_appreq,4828116,16063675127890,272
basic_appreq,5196014,16063680371807,272
basic_appreq,4910000,16063685329506,272
basic_appreq,4964275,16063690340700,272
basic_appreq,5039235,16063695428838,272
basic_appreq,5263866,16063700736793,272
basic_appreq,4779270,16063705569011,272
basic_appreq,5028684,16063710645862,272
basic_appreq,5171646,16063715864715,272
basic_appreq,4992983,16063720905181,272
basic_appreq,4926640,16063725879450,272
basic_appreq,4949990,16063730878446,272
basic_appreq,5214641,16063736139540,272
basic_appreq,4741512,16063740926553,272
basic_appreq,5061245,16063746034098,272
basic_appreq,4975042,16063751054668,272
basic_appreq,5087706,16063756189912,272
basic_appreq,4919313,16063761155633,272
basic_appreq,4932986,16063766142569,272
basic_appreq,4738793,16063770947141,272
basic_appreq,4899383,16063775896456,272
basic_appreq,4843764,16063780784483,272
basic_appreq,5102557,16063785937173,272
basic_appreq,4795267,16063790770420,272
basic_appreq,5243670,16063796060432,272
basic_appreq,4758427,16063800857991,272
basic_appreq,5101497,16063805999918,272
basic_appreq,4690132,16063810731003,272
basic_appreq,5155725,16063815928507,272
basic_appreq,5062506,16063821029308,272
basic_appreq,4939209,16063826010069,272
basic_appreq,4962950,16063831019687,272
basic_appreq,4547393,16063835608149,272
basic_appreq,5106725,16063840760939,272
basic_appreq,4567682,16063845364444,272
basic_appreq,4824544,16063850231821,272
basic_appreq,5190213,16063855467211,272
basic_appreq,4857301,16063860366877,272
basic_appreq,5148819,16063865566644,272
basic_appreq,4924435,16063870533665,272
basic_appreq,4972186,16063875545675,272
basic_appreq,4971953,16063880565668,272
basic_appreq,5229408,16063885843527,272
basic_appreq,4746604,16063890636146,272
basic_appreq,5115970,16063895800241,272
basic_appreq,4762498,16063900598762,272
basic_appreq,5297554,16063905963340,272
basic_appreq,4512592,16063910517934,272
basic_appreq,5007466,16063915567702,272
basic_appreq,5151900,16063920763210,272
basic_appreq,5112530,16063925920971,272
basic_appreq,4855285,16063930816473,272
basic_appreq,5451042,16063936314068,272
basic_appreq,4628910,16063940985861,272
basic_appreq,5276302,16063946311238,272
basic_appreq,4888107,16063951239943,272
basic_appreq,5035319,16063956323667,272
basic_appreq,5080412,16063961449880,272
basic_appreq,5164084,16063966659785,272
basic_appreq,4768173,16063971468453,272
basic_appreq,5120877,16063976635317,272
basic_appreq,4724210,16063981402258,272
basic_appreq,5057812,16063986508579,272
basic_appreq,4657557,16063991203171,272
basic_appreq,5089291,16063996328663,272
basic_appreq,5275890,16064001650949,272
basic_appreq,4942210,16064006635717,272
basic_appreq,5278725,16064011961371,272
basic_appreq,4902081,16064016931053,272
basic_appreq,5098844,16064022078721,272
basic_appreq,4721688,16064026843644,272
basic_appreq,5285745,16064032175189,272
basic_appreq,4730298,16064036948201,272
basic_appreq,5252421,16064042246892,272
basic_appreq,5959849,16064048285667,272
basic_appreq,4821501,16064053146457,272
basic_appreq,5162037,16064058347172,272
basic_appreq,4733902,16064063120174,272
basic_appreq,4344282,16064067503269,272
basic_appreq,4906507,16064072451665,272
basic_appreq,4748195,16064077242266,272
basic_appreq,5292721,16064082583939,272
basic_appreq,5093164,16064087723989,272
basic_appreq,4746848,16064092510200,272
basic_appreq,4782231,16064097337884,272
basic_appreq,5337292,16064102727324,272
basic_appreq,4932922,16064107701705,272
basic_appreq,4773559,16064112511502,272
basic_appreq,5016976,16064117568381,272
basic_appreq,4986104,16064122595260,272
basic_appreq,5085679,16064127721841,272
basic_appreq,4746992,16064132508556,272
basic_appreq,5231317,16064137787759,272
basic_appreq,5100439,16064142929220,272
basic_appreq,4742608,16064147708789,272
basic_appreq,4675264,16064152419955,272
basic_appreq,5190435,16064157656762,272
basic_appreq,4833638,16064162533942,272
basic_appreq,4643050,16064167218517,272
basic_appreq,5039140,16064172305622,272
basic_appreq,4804257,16064177160131,272
basic_appreq,5141061,16064182348028,272
basic_appreq,4811526,16064187196468,272
basic_appreq,5012930,16064192244508,272
basic_appreq,4799969,16064197104567,272
basic_appreq,4624978,16064201781128,272
basic_appreq,4896291,16064206718402,272
basic_appreq,4913870,16064211677444,272
basic_appreq,5140628,16064216855642,272
basic_appreq,4882229,16064221780307,272
basic_appreq,5212005,16064227038629,272
basic_appreq,5108790,16064232187526,272
basic_appreq,5518992,16064237752395,272
basic_appreq,5858432,16064243648555,272
basic_appreq,4933915,16064248619520,272
basic_appreq,5212989,16064253871627,272
basic_appreq,4871142,16064258783360,272
basic_appreq,4844355,16064263667468,272
basic_appreq,4584898,16064268290165,272
basic_appreq,5332176,16064273679987,272
basic_appreq,4767807,16064278525242,272
basic_appreq,5132281,16064283708308,272
basic_appreq,4932670,16064288677378,272
basic_appreq,4211071,16064292927226,272
basic_appreq,5291394,16064298278009,272
basic_appreq,5254069,16064303573385,272
basic_appreq,5204575,16064308817799,272
basic_appreq,4862585,16064313720705,272
basic_appreq,4966259,16064318728392,272
basic_appreq,5082390,16064323850454,272
basic_appreq,4737329,16064328623373,272
basic_appreq,4747677,16064333426263,272
basic_appreq,5442429,16064338908686,272
basic_appreq,5210449,16064344158168,272
basic_appreq,4904720,16064349126598,272
basic_appreq,4879150,16064354043500,272
basic_appreq,4664509,16064358748173,272
basic_appreq,4888400,16064363677827,272
basic_appreq,4368759,16064368090287,272
basic_appreq,5074838,16064373201455,272
basic_appreq,5024158,16064378260026,272
basic_appreq,4849757,16064383147017,272
basic_appreq,5265452,16064388462270,272
basic_appreq,5219551,16064393750675,272
basic_appreq,5001218,16064398820067,272
basic_appreq,4765290,16064403642425,272
basic_appreq,5378263,16064409060679,272
basic_appreq,5925733,16064415041058,272
basic_appreq,5292998,16064420374620,272
basic_appreq,5079163,16064425494922,272
basic_appreq,4974191,16064430508158,272
basic_appreq,4853794,16064435401163,272
basic_appreq,4864203,16064440305127,272
basic_appreq,4680396,16064445018665,272
basic_appreq,4416907,16064449468367,272
basic_appreq,5501888,16064455005544,272
basic_appreq,4892610,16064459935789,272
basic_appreq,5003493,16064464976956,272
basic_appreq,4903360,16064469921345,272
basic_appreq,4888943,16064474852273,272
basic_appreq,4998508,16064479893374,272
basic_appreq,4916712,16064484847106,272
basic_appreq,4297906,16064489202640,272
basic_appreq,5372625,16064494614822,272
basic_appreq,5259024,16064499911494,272
basic_appreq,5291349,16064505241990,272
basic_appreq,4994688,16064510277848,272
basic_appreq,5559728,16064515880924,272
basic_appreq,4729637,16064520650440,272
basic_appreq,4714320,16064525402609,272
basic_appreq,4479027,16064529919663,272
basic_appreq,4764298,16064534724847,272
basic_appreq,4729673,16064539514955,272
basic_appreq,5312188,16064544865101,272
basic_appreq,4916167,16064549818829,272
basic_appreq,4847933,16064554702775,272
basic_appreq,4858258,16064559602172,272
basic_appreq,4914144,16064564557539,272
basic_appreq,5019563,16064569622814,272
basic_appreq,4947010,16064574608986,272
basic_appreq,5226389,16064579876174,272
basic_appreq,4870237,16064584782970,272
basic_appreq,4862763,16064589681867,272
basic_appreq,4876691,16064594596438,272
basic_appreq,4883195,16064599521451,272
basic_appreq,4840500,16064604422583,272
basic_appreq,4741857,16064609225577,272
basic_appreq,4745078,16064614013102,272
basic_appreq,5137466,16064619196535,272
basic_appreq,5458384,16064624687636,272
basic_appreq,5222588,16064629943223,272
basic_appreq,4730514,16064634712261,272
basic_appreq,5058306,16064639808455,272
basic_appreq,4982237,16064644833330,272
basic_appreq,5247670,16064650119005,272
basic_appreq,4778659,16064654938630,272
basic_appreq,4089629,16064659067768,272
basic_appreq,4520287,16064663632302,272
basic_appreq,4750758,16064668431645,272
basic_appreq,5201907,16064673681978,272
basic_appreq,5312585,16064679055290,272
basic_appreq,5188815,16064684281911,272
basic_appreq,4953107,16064689273453,272
basic_appreq,5021140,16064694333872,272
basic_appreq,4959390,16064699343340,272
basic_appreq,5158966,16064704537094,272
basic_appreq,4997685,16064709573004,272
basic_appreq,4708544,16064714318391,272
basic_appreq,4888976,16064719245993,272
basic_appreq,4766874,16064724053160,272
basic_appreq,5563530,16064729682336,272
basic_appreq,4897690,16064734620194,272
basic_appreq,4298691,16064738958507,272
basic_appreq,5511624,16064744528777,272
basic_appreq,4669323,16064749236869,272
basic_appreq,4737337,16064754010750,272
basic_appreq,4910810,16064758962628,272
basic_appreq,4932146,16064763937698,272
basic_appreq,4676826,16064768651455,272
basic_appreq,5156815,16064773868446,272
basic_appreq,5097023,16064779021734,272
basic_appreq,5059528,16064784120587,272
basic_appreq,5467792,16064789629629,272
basic_appreq,4707988,16064794393350,272
basic_appreq,4767243,16064799222181,272
basic_appreq,4386100,16064803674305,272
basic_appreq,5616846,16064809331016,272
basic_appreq,4955389,16064814320813,272
basic_appreq,4389252,16064818757840,272
basic_appreq,5536263,16064824352036,272
basic_appreq,5091296,16064829508120,272
basic_appreq,5039834,16064834588141,272
basic_appreq,4766608,16064839394573,272
basic_appreq,4363958,16064843796698,272
basic_appreq,5183402,16064849020885,272
basic_appreq,5794642,16064854859473,272
basic_appreq,4744876,16064859645413,272
basic_appreq,5067424,16064864751251,272
basic_appreq,4819071,16064869610696,272
basic_appreq,4410274,16064874062977,272
basic_appreq,5064042,16064879165886,272
basic_appreq,5182357,16064884388253,272
basic_appreq,4729227,16064889184108,272
basic_appreq,5035396,16064894286818,272
basic_appreq,5285678,16064899613486,272
basic_appreq,5110859,16064904769785,272
basic_appreq,5374306,16064910186887,272
basic_appreq,4696005,16064914923439,272
basic_appreq,5147376,16064920108978,272
basic_appreq,4771996,16064924918415,272
basic_appreq,4067797,16064929045508,272
basic_appreq,4975605,16064934061745,272
basic_appreq,4998136,16064939108351,272
basic_appreq,4692990,16064943856520,272
basic_appreq,5361691,16064949264069,272
basic_appreq,4675218,16064953978808,272
basic_appreq,5266742,16064959295802,272
basic_appreq,4915256,16064964265830,272
basic_appreq,4878651,16064969213117,272
basic_appreq,4728348,16064973983509,272
basic_appreq,5519948,16064979544782,272
basic_appreq,4812969,16064984389071,272
basic_appreq,5079506,16064989502126,272
basic_appreq,5049749,16064994583423,272
basic_appreq,4871564,16064999492355,272
basic_appreq,4876369,16065004406143,272
basic_appreq,4612888,16065009059272,272
basic_appreq,4668843,16065013769228,272
basic_appreq,4160274,16065017972585,272
basic_appreq,4992596,16065022998553,272
basic_appreq,4880437,16065027913758,272
basic_appreq,5197530,16065033158071,272
basic_appreq,5671481,16065038905242,272
basic_appreq,4830142,16065043776046,272
basic_appreq,4526555,16065048343210,272
basic_appreq,5951738,16065054359506,272
basic_appreq,4810000,16065059208743,272
basic_appreq,4787609,16065064032657,272
basic_appreq,5234095,16065069303436,272
basic_appreq,4884840,16065074223844,272
basic_appreq,4719267,16065078980053,272
basic_appreq,4487937,16065083506157,272
basic_appreq,5463739,16065089030579,272
basic_appreq,4658830,16065093729032,272
basic_appreq,4801702,16065098568804,272
basic_appreq,4814337,16065103420770,272
basic_appreq,5169883,16065108630482,272
basic_appreq,4878888,16065113543080,272
basic_appreq,4677227,16065118281907,272
basic_appreq,4188589,16065122506507,272
basic_appreq,4752926,16065127300824,272
basic_appreq,5047098,16065132395125,272
basic_appreq,5085175,16065137523136,272
basic_appreq,5056628,16065142627727,272
basic_appreq,5883594,16065148558980,272
basic_appreq,4472580,16065153073327,272
basic_appreq,5198667,16065158311934,272
basic_appreq,5114014,16065163493831,272
basic_appreq,4931224,16065168464264,272
basic_appreq,4771248,16065173277093,272
basic_appreq,4501759,16065177817864,272
basic_appreq,4448558,16065182324130,272
basic_appreq,4588902,16065186963235,272
basic_appreq,4843831,16065191880613,272
basic_appreq,6134045,16065198051879,272
basic_appreq,5254022,16065203345253,272
basic_appreq,4968675,16065208353361,272
basic_appreq,4795572,16065213185797,272
basic_appreq,4367431,16065217612815,272
basic_appreq,5816431,16065223485647,272
basic_appreq,4466868,16065227990521,272
basic_appreq,4494029,16065232551268,272
basic_appreq,4794473,16065237404172,272
basic_appreq,4825159,16065242264695,272
basic_appreq,4828211,16065247131804,272
basic_appreq,4824091,16065251994354,272
basic_appreq,5014822,16065257067470,272
basic_appreq,4899746,16065262001109,272
basic_appreq,4890139,16065266924808,272
basic_appreq,4693129,16065271655014,272
basic_appreq,4859872,16065276553022,272
basic_appreq,5287998,16065281875456,272
basic_appreq,4845089,16065286756448,272
basic_appreq,5523858,16065292322177,272
basic_appreq,5615543,16065297979026,272
basic_appreq,4512339,16065302541617,272
basic_appreq,5569011,16065308175288,272
basic_appreq,5369295,16065313569431,272
basic_appreq,5139358,16065318749025,272
basic_appreq,5323407,16065324116669,272
basic_appreq,5561141,16065329725392,272
basic_appreq,5358744,16065335130420,272
basic_appreq,5291281,16065340470641,272
basic_appreq,5351127,16065345862208,272
basic_appreq,5887408,16065351793659,272
basic_appreq,5309946,16065357153317,272
basic_appreq,5475327,16065362655144,272
basic_appreq,5389943,16065368070915,272
basic_appreq,5680354,16065373790546,272
basic_appreq,5230960,16065379057681,272
basic_appreq,5166161,16065384251237,272
basic_appreq,5762289,16065390085432,272
basic_appreq,5184114,16065395307350,272
basic_appreq,5415977,16065400765582,272
basic_appreq,5124774,16065405930673,272
basic_appreq,5513873,16065411499763,272
basic_appreq,5563764,16065417110617,272
basic_appreq,5145869,16065422298572,272
basic_appreq,5371592,16065427694622,272
basic_appreq,5607533,16065433347716,272
basic_appreq,5263538,16065438653291,272
basic_appreq,5499398,16065444199911,272
basic_appreq,5136220,16065449377458,272
basic_appreq,5579869,16065455006012,272
basic_appreq,5709083,16065460765125,272
basic_appreq,5219294,16065466024604,272
basic_appreq,5701056,16065471772947,272
basic_appreq,5477071,16065477291369,272
basic_appreq,5153442,16065482484773,272
basic_appreq,5222873,16065487748191,272
basic_appreq,5751893,16065493547088,272
basic_appreq,5516357,16065499104684,272
basic_appreq,5330030,16065504473783,272
basic_appreq,5399449,16065509897957,272
basic_appreq,5484342,16065515424655,272
basic_appreq,5319310,16065520787433,272
basic_appreq,5271149,16065526100959,272
basic_appreq,5298612,16065531424619,272
basic_appreq,5359292,16065536813203,272
basic_appreq,5563137,16065542434652,272
basic_appreq,5416867,16065547893968,272
basic_appreq,5295868,16065553232839,272
basic_appreq,5951464,16065559265533,272
basic_appreq,5570257,16065564876541,272
basic_appreq,5395040,16065570312295,272
basic_appreq,5466669,16065575817385,272
basic_appreq,5355597,16065581216271,272
basic_appreq,5380829,16065586637908,272
basic_appreq,5221932,16065591899187,272
basic_appreq,5635113,16065597569151,272
basic_appreq,5290960,16065602900850,272
basic_appreq,5462185,16065608399952,272
basic_appreq,5294931,16065613734241,272
basic_appreq,5597940,16065619371534,272
basic_appreq,5360837,16065624777011,272
basic_appreq,5448917,16065630265978,272
basic_appreq,5248817,16065635552622,272
basic_appreq,5297562,16065640889649,272
basic_appreq,5340774,16065646264832,272
basic_appreq,5411526,16065651717765,272
basic_appreq,5135085,16065656894828,272
basic_appreq,5300177,16065662234590,272
basic_appreq,5018317,16065667294858,272
basic_appreq,5382923,16065672711174,272
basic_appreq,4983193,16065677738284,272
basic_appreq,5310031,16065683089480,272
basic_appreq,5197641,16065688327988,272
basic_appreq,5261253,16065693628713,272
basic_appreq,5377480,16065699046528,272
basic_appreq,5530516,16065704615311,272
basic_appreq,5121534,16065709778774,272
basic_appreq,5006073,16065714829308,272
basic_appreq,5666136,16065720547407,272
basic_appreq,5035470,16065725622911,272
basic_appreq,5212980,16065730878821,272
basic_appreq,5292615,16065736219198,272
basic_appreq,5174078,16065741434773,272
basic_appreq,5608148,16065747089821,272
basic_appreq,4949512,16065752079969,272
basic_appreq,5232548,16065757355248,272
basic_appreq,5734755,16065763141137,272
basic_appreq,5078716,16065768295639,272
basic_appreq,5198298,16065773530513,272
basic_appreq,5241342,16065778811540,272
basic_appreq,5408511,16065784259685,272
basic_appreq,5359971,16065789659004,272
basic_appreq,5253264,16065794953932,272
basic_appreq,5329023,16065800322587,272
basic_appreq,5183839,16065805546400,272
basic_appreq,5165324,16065810751614,272
basic_appreq,5106442,16065815896832,272
basic_appreq,5310361,16065821244968,272
basic_appreq,5214343,16065826500096,272
basic_appreq,5123103,16065831664113,272
basic_appreq,5294931,16065837004942,272
basic_appreq,5105664,16065842151234,272
basic_appreq,5371355,16065847569903,272
basic_appreq,5193825,16065852806787,272
basic_appreq,4993962,16065857858713,272
basic_appreq,5320897,16065863226357,272
basic_appreq,5224734,16065868494095,272
basic_appreq,5366387,16065873909023,272
basic_appreq,5088034,16065879040498,272
basic_appreq,5416478,16065884506777,272
basic_appreq,5405365,16065889952285,272
basic_appreq,4970956,16065894966165,272
basic_appreq,5475401,16065900490240,272
basic_appreq,5078066,16065905610469,272
basic_appreq,5355083,16065911012132,272
basic_appreq,5200266,16065916250976,272
basic_appreq,5311207,16065921603469,272
basic_appreq,5149813,16065926794195,272
basic_appreq,5455720,16065932298719,272
basic_appreq,4877980,16065937218870,272
basic_appreq,5473877,16065942741615,272
basic_appreq,5440907,16065948225138,272
basic_appreq,5016862,16065953283533,272
basic_appreq,5103797,16065958433561,272
basic_appreq,5448892,16065963929494,272
basic_appreq,5027403,16065968994014,272
basic_appreq,5504331,16065974542017,272
basic_appreq,5379037,16065979961499,272
basic_appreq,5200820,16065985200542,272
basic_appreq,5435407,16065990682474,272
basic_appreq,5215946,16065995940807,272
basic_appreq,5485124,16066001470114,272
basic_appreq,5307020,16066006818644,272
basic_appreq,5124354,16066011983096,272
basic_appreq,5449950,16066017490049,272
basic_appreq,5218597,16066022750153,272
basic_appreq,5174348,16066027986435,272
basic_appreq,5155481,16066033212737,272
basic_appreq,5428307,16066038688768,272
basic_appreq,5231635,16066043962057,272
basic_appreq,5072707,16066049073150,272
basic_appreq,5293437,16066054414807,272
basic_appreq,5270743,16066059735022,272
basic_appreq,5315122,16066065095638,272
basic_appreq,5072196,16066070208375,272
basic_appreq,5378620,16066075633825,272
basic_appreq,5106926,16066080783173,272
basic_appreq,5549998,16066086381024,272
basic_appreq,5064450,16066091485818,272
basic_appreq,5404319,16066096936725,272
basic_appreq,5082744,16066102059951,272
basic_appreq,5427729,16066107538185,272
basic_appreq,4981866,16066112560537,272
basic_appreq,5489565,16066118093878,272
basic_appreq,5110895,16066123243781,272
basic_appreq,5457932,16066128747166,272
basic_appreq,4824626,16066133612628,272
basic_appreq,5530547,16066139191054,272
basic_appreq,5055952,16066144288063,272
basic_appreq,5127602,16066149461008,272
basic_appreq,5429029,16066154937094,272
basic_appreq,5174159,16066160152329,272
basic_appreq,5151671,16066165349253,272
basic_appreq,5127402,16066170525002,272
basic_appreq,5354806,16066175926160,272
basic_appreq,5594649,16066181565031,272
basic_appreq,5306598,16066186911861,272
basic_appreq,5167556,16066192119979,272
basic_appreq,5225977,16066197391101,272
basic_appreq,5236991,16066202668861,272
basic_appreq,5367366,16066208081688,272
basic_appreq,5450935,16066213578523,272
basic_appreq,4894819,16066218519120,272
basic_appreq,5466569,16066224034253,272
basic_appreq,5217958,16066229294911,272
basic_appreq,5263013,16066234599324,272
basic_appreq,5557105,16066240204115,272
basic_appreq,6285285,16066246529891,272
basic_appreq,5006099,16066251579545,272
basic_appreq,4852930,16066256472398,272
basic_appreq,5349856,16066261861786,272
basic_appreq,5362802,16066267267772,272
basic_appreq,5494741,16066272808621,272
basic_appreq,5187347,16066278037856,272
basic_appreq,5301910,16066283381620,272
basic_appreq,5444488,16066288865900,272
basic_appreq,4662514,16066293566918,272
basic_appreq,5314344,16066298923248,272
basic_appreq,5312142,16066304276890,272
basic_appreq,5199126,16066309522755,272
basic_appreq,5357443,16066314923205,272
basic_appreq,5120513,16066320084984,272
basic_appreq,5370553,16066325497873,272
basic_appreq,5510211,16066331050307,272
basic_appreq,5366558,16066336459027,272
basic_appreq,5266395,16066341777961,272
basic_appreq,5467251,16066347287604,272
basic_appreq,5388921,16066352717561,272
basic_appreq,5128053,16066357887994,272
basic_appreq,5305056,16066363234936,272
basic_appreq,5281854,16066368555912,272
basic_appreq,5318856,16066373918145,272
basic_appreq,5191494,16066379152733,272
basic_appreq,5488622,16066384684168,272
basic_appreq,5225523,16066389951671,272
basic_appreq,5181667,16066395177107,272
basic_appreq,5412375,16066400631616,272
basic_appreq,5114053,16066405805481,272
basic_appreq,5368823,16066411215922,272
basic_appreq,5179368,16066416434882,272
basic_appreq,4959256,16066421434504,272
basic_appreq,5631776,16066427112498,272
basic_appreq,5135040,16066432289902,272
basic_appreq,5089002,16066437426967,272
basic_appreq,5551711,16066443024409,272
basic_appreq,5192713,16066448258282,272
basic_appreq,5400416,16066453706055,272
basic_appreq,5314467,16066459064293,272
basic_appreq,4886386,16066463995221,272
basic_appreq,5599934,16066469666005,272
basic_appreq,5311473,16066475016959,272
basic_appreq,5079596,16066480138070,272
basic_appreq,5333801,16066485520298,272
basic_appreq,5584414,16066491150480,272
basic_appreq,5375573,16066496567389,272
basic_appreq,5004131,16066501612736,272
basic_appreq,5689566,16066507350417,272
basic_appreq,5087666,16066512479283,272
basic_appreq,5286825,16066517811350,272
basic_appreq,5405218,16066523262645,272
basic_appreq,5168716,16066528471586,272
basic_appreq,5559751,16066534078658,272
basic_appreq,5180080,16066539300692,272
basic_appreq,5323015,16066544668689,272
basic_appreq,5021957,16066549734606,272
basic_appreq,5425684,16066555206271,272
basic_appreq,5224832,16066560478948,272
basic_appreq,5529230,16066566056810,272
basic_appreq,5273767,16066571373195,272
basic_appreq,5146359,16066576561168,272
basic_appreq,5538794,16066582147543,272
basic_appreq,5054899,16066587243907,272
basic_appreq,5523609,16066592816048,272
basic_appreq,5224027,16066598079322,272
basic_appreq,5530494,16066603656020,272
basic_appreq,5393034,16066609100580,272
basic_appreq,5216981,16066614360614,272
basic_appreq,5044765,16066619446478,272
basic_appreq,5316640,16066624810578,272
basic_appreq,5114994,16066629971019,272
basic_appreq,5495713,16066635514665,272
basic_appreq,5394207,16066640950730,272
basic_appreq,5064694,16066646056643,272
basic_appreq,5258714,16066651357425,272
basic_appreq,5266836,16066656671578,272
basic_appreq,5170316,16066661889113,272
basic_appreq,5511140,16066667446895,272
basic_appreq,5124638,16066672612697,272
basic_appreq,5379188,16066678039176,272
basic_appreq,5078354,16066683159361,272
basic_appreq,5562727,16066688768658,272
basic_appreq,4974483,16066693784982,272
basic_appreq,5592104,16066699425295,272
basic_appreq,5290446,16066704756460,272
basic_appreq,4955073,16066709753968,272
basic_appreq,5338209,16066715138622,272
basic_appreq,5308116,16066720493799,272
basic_appreq,5675050,16066726218177,272
basic_appreq,5315443,16066731573397,272
basic_appreq,5242141,16066736855918,272
basic_appreq,5262761,16066742159346,272
basic_appreq,5154304,16066747355208,272
basic_appreq,5053066,16066752451819,272
basic_appreq,5704714,16066758209793,272
basic_appreq,5294643,16066763545211,272
basic_appreq,5171822,16066768797080,272
basic_appreq,5203405,16066774042539,272
basic_appreq,5088315,16066779171284,272
basic_appreq,5248231,16066784461106,272
basic_appreq,5156232,16066789657559,272
basic_appreq,5216755,16066794917935,272
basic_appreq,5140884,16066800101089,272
basic_appreq,5319600,16066805469889,272
basic_appreq,5253955,16066810765194,272
basic_appreq,5489120,16066816301098,272
basic_appreq,5046453,16066821389054,272
basic_appreq,5334054,16066826769859,272
basic_appreq,5235738,16066832047972,272
basic_appreq,5698778,16066837795428,272
basic_appreq,5209735,16066843046709,272
basic_appreq,5218710,16066848305603,272
basic_appreq,5398007,16066853744863,272
basic_appreq,5260888,16066859046186,272
basic_appreq,5338570,16066864425293,272
basic_appreq,5227190,16066869694375,272
basic_appreq,5282084,16066875018299,272
basic_appreq,5409952,16066880468993,272
basic_appreq,5067491,16066885577092,272
basic_appreq,5291175,16066890909744,272
basic_appreq,5291055,16066896241450,272
basic_appreq,5171490,16066901453316,272
basic_appreq,5315871,16066906816394,272
basic_appreq,5272671,16066912123994,272
basic_appreq,5203310,16066917360916,272
basic_appreq,5278089,16066922675312,272
basic_appreq,5249488,16066927970550,272
basic_appreq,5450347,16066933500171,272
basic_appreq,5270686,16066938812858,272
basic_appreq,5217507,16066944074529,272
basic_appreq,5311701,16066949448801,272
basic_appreq,5311495,16066954801726,272
basic_appreq,5325752,16066960170800,272
basic_appreq,4982762,16066965197892,272
basic_appreq,5553983,16066970797753,272
basic_appreq,5113181,16066975954791,272
basic_appreq,5218456,16066981217527,272
basic_appreq,5482862,16066986747620,272
basic_appreq,5423485,16066992216348,272
basic_appreq,5381238,16066997641136,272
basic_appreq,5227918,16067002913464,272
basic_appreq,5041678,16067007994368,272
basic_appreq,5570206,16067013632615,272
basic_appreq,5110451,16067018785660,272
basic_appreq,5510466,16067024343486,272
basic_appreq,5194946,16067029579936,272
basic_appreq,5590939,16067035218441,272
basic_appreq,5107120,16067040367319,272
basic_appreq,5559737,16067045973228,272
basic_appreq,5172515,16067051188218,272
basic_appreq,5436493,16067056671207,272
basic_appreq,5718863,16067062438377,272
basic_appreq,5168091,16067067648315,272
basic_appreq,5166868,16067072855547,272
basic_appreq,5312336,16067078209598,272
basic_appreq,5417548,16067083670526,272
basic_appreq,5373106,16067089083145,272
basic_appreq,5239428,16067094361890,272
basic_appreq,5357790,16067099759322,272
basic_appreq,5163068,16067104962655,272
basic_appreq,5431842,16067110434790,272
basic_appreq,5270114,16067115744717,272
basic_appreq,5499418,16067121283872,272
basic_appreq,5225878,16067126549482,272
basic_appreq,5357339,16067131952909,272
basic_appreq,5313937,16067137307490,272
basic_appreq,5355741,16067142702968,272
basic_appreq,5290751,16067148033464,272
basic_appreq,5255896,16067153332141,272
basic_appreq,5252408,16067158624659,272
basic_appreq,5384818,16067164049420,272
basic_appreq,5339435,16067169431043,272
basic_appreq,5228086,16067174700014,272
basic_appreq,5127004,16067179868537,272
basic_appreq,5422159,16067185327899,272
basic_appreq,5327653,16067190696166,272
basic_appreq,5130723,16067195867064,272
basic_appreq,5366196,16067201275001,272
basic_appreq,5314826,16067206629760,272
basic_appreq,5235905,16067211905781,272
basic_appreq,5451336,16067217396994,272
basic_appreq,5338998,16067222805048,272
basic_appreq,5763741,16067228623585,272
basic_appreq,5410581,16067234078489,272
basic_appreq,4687625,16067238833691,272
basic_appreq,6275642,16067245167170,272
basic_appreq,5185856,16067250393465,272
basic_appreq,5260359,16067255693685,272
basic_appreq,5247440,16067260978400,272
basic_appreq,5445936,16067266462462,272
basic_appreq,5368141,16067271870126,272
basic_appreq,5310501,16067277221740,272
basic_appreq,5246632,16067282506911,272
basic_appreq,5221895,16067287768354,272
basic_appreq,5313189,16067293122000,272
basic_appreq,5430095,16067298592385,272
basic_appreq,5143886,16067303777343,272
basic_appreq,5195987,16067309013643,272
basic_appreq,4873366,16067313924666,272
basic_appreq,5407784,16067319369818,272
basic_appreq,5378687,16067324788852,272
basic_appreq,5283299,16067330114414,272
basic_appreq,5301306,16067335456472,272
basic_appreq,5176551,16067340682259,272
basic_appreq,5356811,16067346078648,272
basic_appreq,5259802,16067351379119,272
basic_appreq,5213624,16067356659093,272
basic_appreq,5391010,16067362116099,272
basic_appreq,5295863,16067367454252,272
basic_appreq,5373153,16067372867558,272
basic_appreq,5167476,16067378075312,272
basic_appreq,5587348,16067383702369,272
basic_appreq,4973009,16067388716534,272
basic_appreq,5581958,16067394341790,272
basic_appreq,5252431,16067399633423,272
basic_appreq,5204271,16067404877430,272
basic_appreq,5083112,16067410002146,272
basic_appreq,5624622,16067415683088,272
basic_appreq,5329888,16067421053657,272
basic_appreq,5090345,16067426184575,272
basic_appreq,5539839,16067431767255,272
basic_appreq,5328005,16067437136479,272
basic_appreq,5291629,16067442471182,272
basic_appreq,5148055,16067447659295,272
basic_appreq,5430806,16067453130057,272
basic_appreq,5360408,16067458532435,272
basic_appreq,5295746,16067463867702,272
basic_appreq,5368432,16067469276632,272
basic_appreq,5349156,16067474665814,272
basic_appreq,5365775,16067480071590,272
basic_appreq,5200573,16067485340377,272
basic_appreq,5277117,16067490659597,272
basic_appreq,5254429,16067495969554,272
basic_appreq,4983270,16067501017026,272
basic_appreq,5443077,16067506499678,272
basic_appreq,5356988,16067511896445,272
basic_appreq,5255822,16067517196384,272
basic_appreq,5274501,16067522510752,272
basic_appreq,5367018,16067527918622,272
basic_appreq,5199106,16067533158329,272
basic_appreq,5634676,16067538852272,272
basic_appreq,5388144,16067544281080,272
basic_appreq,5248536,16067549570377,272
basic_appreq,5328024,16067554939898,272
basic_appreq,4547329,16067559528253,272
basic_appreq,5114267,16067564683476,272
basic_appreq,5283366,16067570014925,272
basic_appreq,5276355,16067575338418,272
basic_appreq,5214473,16067580601755,272
basic_appreq,5379028,16067586031416,272
basic_appreq,5366928,16067591446100,272
basic_appreq,5351099,16067596845603,272
basic_appreq,5356272,16067602254112,272
basic_appreq,5422078,16067607724089,272
basic_appreq,4993408,16067612762135,272
basic_appreq,5268737,16067618078631,272
basic_appreq,5310569,16067623436545,272
basic_appreq,5345750,16067628828203,272
basic_appreq,5285806,16067634160300,272
basic_appreq,5344264,16067639551811,272
basic_appreq,5047937,16067644645836,272
basic_appreq,5653697,16067650345215,272
basic_appreq,5156601,16067655542004,272
basic_appreq,5337998,16067660925913,272
basic_appreq,5222393,16067666193759,272
basic_appreq,5677860,16067671918419,272
basic_appreq,5262635,16067677220965,272
basic_appreq,5379184,16067682643247,272
basic_appreq,5130576,16067687817095,272
basic_appreq,5248595,16067693111190,272
basic_appreq,5533494,16067698691704,272
basic_appreq,5189599,16067703921349,272
basic_appreq,5063143,16067709010368,272
basic_appreq,5339868,16067714378847,272
basic_appreq,5471954,16067719889532,272
basic_appreq,5373173,16067725309994,272
basic_appreq,5517633,16067730870990,272
basic_appreq,5210895,16067736125199,272
basic_appreq,5451589,16067741621166,272
basic_appreq,5123944,16067746787131,272
basic_appreq,5348744,16067752182916,272
basic_appreq,5675248,16067757908304,272
basic_appreq,5293271,16067763242583,272
basic_appreq,5364008,16067768647858,272
basic_appreq,5034551,16067773723698,272
basic_appreq,5122321,16067778888845,272
basic_appreq,5471995,16067784408369,272
basic_appreq,5186221,16067789636478,272
basic_appreq,5270320,16067794948674,272
basic_appreq,5591899,16067800587714,272
basic_appreq,5133006,16067805764375,272
basic_appreq,5271337,16067811080237,272
basic_appreq,5569621,16067816691857,272
basic_appreq,5130096,16067821863362,272
basic_appreq,5085888,16067826994049,272
basic_appreq,5464781,16067832506034,272
basic_appreq,5164435,16067837712705,272
basic_appreq,5554572,16067843313907,272
basic_appreq,5153288,16067848512247,272
basic_appreq,5466619,16067854026288,272
basic_appreq,5168288,16067859237653,272
basic_appreq,5451720,16067864737632,272
basic_appreq,5088221,16067869867956,272
basic_appreq,5548795,16067875466815,272
basic_appreq,5374851,16067880885494,272
basic_appreq,5036081,16067885965666,272
basic_appreq,5662800,16067891676402,272
basic_appreq,5047894,16067896766387,272
basic_appreq,5501018,16067902314046,272
basic_appreq,5066502,16067907422856,272
basic_appreq,5283333,16067912753808,272
basic_appreq,5107554,16067917903738,272
basic_appreq,5536137,16067923486912,272
basic_appreq,5175225,16067928704816,272
basic_appreq,5586028,16067934339305,272
basic_appreq,5347293,16067939727922,272
basic_appreq,4978555,16067944748680,272
basic_appreq,5438893,16067950238386,272
basic_appreq,5114940,16067955393603,272
basic_appreq,5179969,16067960622393,272
basic_appreq,5595167,16067966264360,272
basic_appreq,5506753,16067971813755,272
basic_appreq,5120669,16067976979206,272
basic_appreq,5187838,16067982214299,272
basic_appreq,5454921,16067987716143,272
basic_appreq,5327094,16067993087959,272
basic_appreq,5335871,16067998467390,272
basic_appreq,5251619,16068003765189,272
basic_appreq,5289103,16068009098225,272
basic_appreq,5555013,16068014699253,272
basic_appreq,5204590,16068019947400,272
basic_appreq,5438878,16068025426059,272
basic_appreq,5130503,16068030600218,272
basic_appreq,5339058,16068035985430,272
basic_appreq,5427251,16068041480902,272
basic_appreq,5244843,16068046785363,272
basic_appreq,5278384,16068052106583,272
basic_appreq,5223529,16068057373445,272
basic_appreq,5379569,16068062796013,272
basic_appreq,5061697,16068067903346,272
basic_appreq,5576164,16068073523012,272
basic_appreq,5306636,16068078872872,272
basic_appreq,5472147,16068084387049,272
basic_appreq,5226192,16068089653328,272
basic_appreq,5250481,16068094949301,272
basic_appreq,5557656,16068100554943,272
basic_appreq,5127192,16068105721898,272
basic_appreq,5338032,16068111100030,272
basic_appreq,5327671,16068116469030,272
basic_appreq,4997111,16068121506150,272
basic_appreq,5490932,16068127041175,272
basic_appreq,5400008,16068132481734,272
basic_appreq,5261618,16068137788889,272
basic_appreq,5117545,16068142946898,272
basic_appreq,5475695,16068148464882,272
basic_appreq,5247001,16068153752311,272
basic_appreq,5165143,16068158955877,272
basic_appreq,5614387,16068164616184,272
basic_appreq,5042580,16068169698919,272
basic_appreq,5653264,16068175398615,272
basic_appreq,5117655,16068180556992,272
basic_appreq,5435423,16068186038317,272
basic_appreq,5179374,16068191258961,272
basic_appreq,5425048,16068196730827,272
basic_appreq,5043994,16068201817210,272
basic_appreq,5587278,16068207452978,272
basic_appreq,4977083,16068212471294,272
basic_appreq,5541340,16068218060559,272
basic_appreq,5413951,16068223514505,272
basic_appreq,4988630,16068228541721,272
basic_appreq,5742052,16068234329811,272
basic_appreq,5056022,16068239426756,272
basic_appreq,5408619,16068244878973,272
basic_appreq,5435595,16068250359170,272
basic_appreq,5355089,16068255758136,272
basic_appreq,4899231,16068260701195,272
basic_appreq,5623866,16068266372864,272
basic_appreq,5187735,16068271603629,272
basic_appreq,5352158,16068276999677,272
basic_appreq,5336315,16068282381999,272
basic_appreq,5441773,16068287866899,272
basic_appreq,5183756,16068293091731,272
basic_appreq,5280212,16068298418188,272
basic_appreq,5523407,16068303987950,272
basic_appreq,5556312,16068309606205,272
basic_appreq,5344554,16068314995575,272
basic_appreq,5063314,16068320100636,272
basic_appreq,5289806,16068325431882,272
basic_appreq,5338096,16068330810866,272
basic_appreq,5516346,16068336369056,272
basic_appreq,5142468,16068341553439,272
basic_appreq,5310392,16068346907737,272
basic_appreq,5342239,16068352291170,272
basic_appreq,5301894,16068357633955,272
basic_appreq,5393025,16068363068471,272
basic_appreq,5345296,16068368455420,272
basic_appreq,5094619,16068373592947,272
basic_appreq,5358926,16068378992824,272
basic_appreq,5434567,16068384468643,272
basic_appreq,5193322,16068389703849,272
basic_appreq,5484095,16068395228639,272
basic_appreq,5314053,16068400584904,272
basic_appreq,5336131,16068405963100,272
basic_appreq,5131158,16068411136377,272
basic_appreq,5470932,16068416649549,272
basic_appreq,5377648,16068422070477,272
basic_appreq,5313031,16068427425166,272
basic_appreq,5422088,16068432886633,272
basic_appreq,5356864,16068438284913,272
basic_appreq,5385277,16068443713397,272
basic_appreq,5234998,16068448993104,272
basic_appreq,5220969,16068454255753,272
basic_appreq,5218102,16068459517073,272
basic_appreq,5398899,16068464956413,272
basic_appreq,5461924,16068470461011,272
basic_appreq,5337353,16068475836450,272
basic_appreq,5335118,16068481213536,272
basic_appreq,5063688,16068486320064,272
basic_appreq,5344373,16068491706192,272
basic_appreq,5300651,16068497054258,272
basic_appreq,5387501,16068502488392,272
basic_appreq,5093093,16068507623583,272
basic_appreq,5204952,16068512873027,272
basic_appreq,5279972,16068518195971,272
basic_appreq,5432243,16068523671423,272
basic_appreq,5098393,16068528813307,272
basic_appreq,5575016,16068534434484,272
basic_appreq,5070281,16068539547426,272
basic_appreq,5225734,16068544817560,272
basic_appreq,5648893,16068550509822,272
basic_appreq,5089192,16068555640513,272
basic_appreq,5664512,16068561348817,272
basic_appreq,5279885,16068566671591,272
basic_appreq,5111931,16068571836229,272
basic_appreq,5330397,16068577209982,272
basic_appreq,5337383,16068582595317,272
basic_appreq,5326076,16068587969888,272
basic_appreq,5243931,16068593304868,272
basic_appreq,5199509,16068598546948,272
basic_appreq,5563427,16068604159697,272
basic_appreq,5213698,16068609415273,272
basic_appreq,5450773,16068614912967,272
basic_appreq,5510736,16068620481500,272
basic_appreq,5149907,16068625673104,272
basic_appreq,5652943,16068631375189,272
basic_appreq,5014349,16068636432676,272
basic_appreq,5530110,16068642011559,272
basic_appreq,5024285,16068647078125,272
basic_appreq,5439581,16068652564662,272
basic_appreq,5178813,16068657785884,272
basic_appreq,5430104,16068663263928,272
basic_appreq,5000926,16068668306612,272
basic_appreq,5510910,16068673866644,272
basic_appreq,4990642,16068678899090,272
basic_appreq,5543489,16068684489355,272
basic_appreq,4861797,16068689393999,272
basic_appreq,5604112,16068695044486,272
basic_appreq,5192810,16068700281476,272
basic_appreq,5222766,16068705551387,272
basic_appreq,5040248,16068710633679,272
basic_appreq,5370269,16068716052923,272
basic_appreq,5199928,16068721292832,272
basic_appreq,5425999,16068726764858,272
basic_appreq,5353162,16068732156543,272
basic_appreq,4961271,16068737161268,272
basic_appreq,5460919,16068742671783,272
basic_appreq,5374125,16068748093380,272
basic_appreq,5261210,16068753396989,272
basic_appreq,5479027,16068758930688,272
basic_appreq,4939040,16068763911194,272
basic_appreq,5428604,16068769384072,272
basic_appreq,4960088,16068774387391,272
basic_appreq,5702012,16068780136827,272
basic_appreq,5438304,16068785616314,272
basic_appreq,5279540,16068790935971,272
basic_appreq,5247838,16068796224681,272
basic_appreq,5239694,16068801504752,272
basic_appreq,5216612,16068806763078,272
basic_appreq,5015465,16068811821449,272
basic_appreq,5179097,16068817040454,272
basic_appreq,5389385,16068822471864,272
basic_appreq,5064005,16068827580451,272
basic_appreq,4917294,16068832539887,272
basic_appreq,5046324,16068837630770,272
basic_appreq,5269780,16068842941260,272
basic_appreq,5240893,16068848223804,272
basic_appreq,5223150,16068853490576,272
basic_appreq,5108447,16068858641482,272
basic_appreq,5707518,16068864398169,272
basic_appreq,5260117,16068869700701,272
basic_appreq,5105172,16068874847745,272
basic_appreq,5580468,16068880476656,272
basic_appreq,4966995,16068885485579,272
basic_appreq,5518846,16068891051872,272
basic_appreq,5109379,16068896203634,272
basic_appreq,5555031,16068901805303,272
basic_appreq,5040409,16068906887446,272
basic_appreq,5685001,16068912620105,272
basic_appreq,5016490,16068917680552,272
basic_appreq,5477813,16068923206913,272
basic_appreq,5134289,16068928384258,272
basic_appreq,5639888,16068934070669,272
basic_appreq,4877561,16068938988385,272
basic_appreq,5614421,16068944649535,272
basic_appreq,5131816,16068949823382,272
basic_appreq,5712885,16068955586177,272
basic_appreq,5100885,16068960729144,272
basic_appreq,5075878,16068965847765,272
basic_appreq,5686832,16068971581834,272
basic_appreq,5248990,16068976872392,272
basic_appreq,5473158,16068982408442,272
basic_appreq,5356419,16068987823162,272
basic_appreq,5557934,16068993435882,272
basic_appreq,5374236,16068998850392,272
basic_appreq,5274906,16069004165073,272
basic_appreq,4886113,16069009091466,272
basic_appreq,5708421,16069014860527,272
basic_appreq,5540163,16069020469761,272
basic_appreq,4842369,16069025381144,272
basic_appreq,5466542,16069030888114,272
basic_appreq,5600330,16069036558820,272
basic_appreq,4732765,16069041332060,272
basic_appreq,5763277,16069047152261,272
basic_appreq,5317495,16069052512078,272
basic_appreq,4847899,16069057401251,272
basic_appreq,5653658,16069063095006,272
basic_appreq,5508063,16069068643484,272
basic_appreq,4818713,16069073501988,272
basic_appreq,4966481,16069078511174,272
basic_appreq,5231049,16069083781164,272
basic_appreq,4598900,16069088418319,272
basic_appreq,5105158,16069093565419,272
basic_appreq,5111658,16069098717759,272
basic_appreq,5010984,16069103769491,272
basic_appreq,5050052,16069108863014,272
basic_appreq,5577768,16069114522717,272
basic_appreq,4802285,16069119392431,272
basic_appreq,5144159,16069124574344,272
basic_appreq,5364112,16069129975288,272
basic_appreq,5044237,16069135058881,272
basic_appreq,5489251,16069140604734,272
basic_appreq,4597570,16069145245246,272
basic_appreq,5023116,16069150326430,272
basic_appreq,5437621,16069155807073,272
basic_appreq,5276247,16069161121733,272
basic_appreq,4755477,16069165914365,272
basic_appreq,5035879,16069170987991,272
basic_appreq,4779952,16069175805490,272
basic_appreq,4234429,16069180082994,272
basic_appreq,5213279,16069185357174,272
basic_appreq,4852286,16069190242904,272
basic_appreq,5143353,16069195422690,272
basic_appreq,4282032,16069199738462,272
basic_appreq,4737357,16069204513190,272
basic_appreq,5253574,16069209827845,272
basic_appreq,5021388,16069214890591,272
basic_appreq,5015332,16069219944876,272
basic_appreq,5685814,16069225677896,272
basic_appreq,4942148,16069230661825,272
basic_appreq,5161505,16069235864336,272
basic_appreq,4976811,16069240878484,272
basic_appreq,5283269,16069246201199,272
basic_appreq,5219652,16069251487315,272
basic_appreq,5148116,16069256676463,272
basic_appreq,4972145,16069261709926,272
basic_appreq,5277288,16069267025858,272
basic_appreq,5110892,16069272174759,272
basic_appreq,4267555,16069276480254,272
basic_appreq,5446246,16069281977883,272
basic_appreq,5057922,16069287070343,272
basic_appreq,4190598,16069291296818,272
basic_appreq,5402398,16069296753226,272
basic_appreq,5175094,16069301964946,272
basic_appreq,4799743,16069306801794,272
basic_appreq,4774678,16069311617007,272
basic_appreq,5056795,16069316711132,272
basic_appreq,4197772,16069320946941,272
basic_appreq,4883842,16069325871689,272
basic_appreq,4768789,16069330686780,272
basic_appreq,4921508,16069335654209,272
basic_appreq,4885123,16069340583248,272
basic_appreq,4581686,16069345207180,272
basic_appreq,5101528,16069350349455,272
basic_appreq,4919055,16069355303911,272
basic_appreq,5227560,16069360570673,272
basic_appreq,5075178,16069365684777,272
basic_appreq,4848294,16069370574809,272
basic_appreq,5241201,16069375862830,272
basic_appreq,4827645,16069380741866,272
basic_appreq,4895217,16069385676147,272
basic_appreq,5122935,16069390838095,272
basic_appreq,4934780,16069395840356,272
basic_appreq,5179537,16069401053643,272
basic_appreq,4917745,16069406035478,272
basic_appreq,5981411,16069412071659,272
basic_appreq,5117145,16069417229325,272
basic_appreq,4634969,16069421904098,272
basic_appreq,4970034,16069426909744,272
basic_appreq,4686897,16069431631936,272
basic_appreq,4882794,16069436550984,272
basic_appreq,4904659,16069441492455,272
basic_appreq,4929941,16069446458285,272
basic_appreq,4706168,16069451204268,272
basic_appreq,5072409,16069456316923,272
basic_appreq,4892073,16069461267352,272
basic_appreq,4594773,16069465897702,272
basic_appreq,5395904,16069471348059,272
basic_appreq,5038825,16069476427338,272
basic_appreq,5019685,16069481487386,272
basic_appreq,4974520,16069486500395,272
basic_appreq,4933547,16069491471961,272
basic_appreq,4564565,16069496074276,272
basic_appreq,5046660,16069501203385,272
basic_appreq,5458510,16069506705514,272
basic_appreq,4875461,16069511620086,272
basic_appreq,4419478,16069516073146,272
basic_appreq,5546196,16069521672182,272
basic_appreq,5175986,16069526897944,272
basic_appreq,4708484,16069531643645,272
basic_appreq,4608097,16069536289797,272
basic_appreq,4891968,16069541221954,272
basic_appreq,5145140,16069546426602,272
basic_appreq,5025921,16069551493278,272
basic_appreq,4845819,16069556378977,272
basic_appreq,4751543,16069561186738,272
basic_appreq,5169813,16069566393714,272
basic_appreq,5204770,16069571635614,272
basic_appreq,4214464,16069575888863,272
basic_appreq,4698495,16069580625077,272
basic_appreq,5066294,16069585738375,272
basic_appreq,5077869,16069590860184,272
basic_appreq,5290731,16069596198253,272
basic_appreq,5267701,16069601513700,272
basic_appreq,4743694,16069606299977,272
basic_appreq,3577621,16069609923648,272
basic_appreq,3286930,16069613236444,272
basic_appreq,4909170,16069618185796,272
basic_appreq,4861540,16069623073165,272
basic_appreq,5117939,16069628216512,272
basic_appreq,4920798,16069633170622,272
basic_appreq,4617993,16069637818750,272
basic_appreq,5460219,16069643324745,272
basic_appreq,4919008,16069648292599,272
basic_appreq,4914609,16069653243181,272
basic_appreq,4769532,16069658049902,272
basic_appreq,4896303,16069663009276,272
basic_appreq,4980314,16069668030710,272
basic_appreq,4926601,16069673024026,272
basic_appreq,5142232,16069678203949,272
basic_appreq,5033044,16069683275738,272
basic_appreq,5087770,16069688403658,272
basic_appreq,5222619,16069693666394,272
basic_appreq,5243657,16069698950271,272
basic_appreq,4887085,16069703875100,272
basic_appreq,4916820,16069708832552,272
basic_appreq,5112650,16069713985589,272
basic_appreq,4975755,16069719003721,272
basic_appreq,4769136,16069723812595,272
basic_appreq,5434014,16069729304429,272
basic_appreq,4963362,16069734306897,272
basic_appreq,5435898,16069739807701,272
basic_appreq,5137557,16069744984086,272
basic_appreq,4742931,16069749764934,272
basic_appreq,4918430,16069754721397,272
basic_appreq,4477677,16069759236228,272
basic_appreq,5194727,16069764470972,272
basic_appreq,5269600,16069769781527,272
basic_appreq,5076924,16069774900245,272
basic_appreq,5044946,16069779986875,272
basic_appreq,4755115,16069784806606,272
basic_appreq,4833530,16069789678342,272
basic_appreq,5244573,16069794961724,272
basic_appreq,5102301,16069800106505,272
basic_appreq,4904254,16069805051392,272
basic_appreq,4740904,16069809829393,272
basic_appreq,4905786,16069814770520,272
basic_appreq,4975904,16069819781330,272
basic_appreq,5321594,16069825141945,272
basic_appreq,5025002,16069830206148,272
basic_appreq,4866738,16069835114006,272
basic_appreq,5112653,16069840266238,272
basic_appreq,5078133,16069845385972,272
basic_appreq,4977210,16069850404471,272
basic_appreq,5218016,16069855661624,272
basic_appreq,4973501,16069860674666,272
basic_appreq,4901221,16069865617967,272
basic_appreq,4767565,16069870427567,272
basic_appreq,5247856,16069875716754,272
basic_appreq,5069466,16069880824863,272
basic_appreq,5297623,16069886157829,272
basic_appreq,5014530,16069891214500,272
basic_appreq,4302594,16069895583324,272
basic_appreq,4666248,16069900291674,272
basic_appreq,4899237,16069905241687,272
basic_appreq,4952900,16069910243956,272
basic_appreq,5104808,16069915397258,272
basic_appreq,5169524,16069920616468,272
basic_appreq,4869389,16069925532160,272
basic_appreq,4995574,16069930574035,272
basic_appreq,4997144,16069935617792,272
basic_appreq,5056959,16069940719719,272
basic_appreq,5242699,16069946021392,272
basic_appreq,4811495,16069950874438,272
basic_appreq,5210032,16069956130518,272
basic_appreq,4981573,16069961155355,272
basic_appreq,4988143,16069966192126,272
basic_appreq,5307832,16069971545996,272
basic_appreq,4999703,16069976587313,272
basic_appreq,4924149,16069981564912,272
basic_appreq,4937678,16069986540886,272
basic_appreq,4919247,16069991507145,272
basic_appreq,4993864,16069996539019,272
basic_appreq,5127245,16070001703106,272
basic_appreq,4743571,16070006485928,272
basic_appreq,5171993,16070011698107,272
basic_appreq,5164419,16070016900908,272
basic_appreq,5585062,16070022546033,272
basic_appreq,5077299,16070027657385,272
basic_appreq,4771685,16070032465598,272
basic_appreq,5424300,16070037928005,272
basic_appreq,5202193,16070043169690,272
basic_appreq,5023588,16070048232931,272
basic_appreq,4987284,16070053259487,272
basic_appreq,4899962,16070058198772,272
basic_appreq,4953251,16070063189510,272
basic_appreq,4591168,16070067819782,272
basic_appreq,5314197,16070073173438,272
basic_appreq,5030963,16070078246883,272
basic_appreq,5237499,16070083525926,272
basic_appreq,5069149,16070088637924,272
basic_appreq,4989305,16070093670989,272
basic_appreq,5060524,16070098774408,272
basic_appreq,4957375,16070103768030,272
basic_appreq,5050788,16070108876005,272
basic_appreq,4991911,16070113909974,272
basic_appreq,5048935,16070118997393,272
basic_appreq,4900734,16070123938689,272
basic_appreq,5177028,16070129177199,272
basic_appreq,5140774,16070134356920,272
basic_appreq,4963817,16070139383519,272
basic_appreq,5268617,16070144692761,272
basic_appreq,5336157,16070150069680,272
basic_appreq,4897543,16070155035010,272
basic_appreq,4908904,16070159984285,272
basic_appreq,4952441,16070165043081,272
basic_appreq,4774058,16070169888108,272
basic_appreq,5164232,16070175090210,272
basic_appreq,4789460,16070179945289,272
basic_appreq,4750629,16070184732777,272
basic_appreq,5198328,16070189968917,272
basic_appreq,5011268,16070195013886,272
basic_appreq,5023688,16070200089246,272
basic_appreq,4965323,16070205118176,272
basic_appreq,4777334,16070209933787,272
basic_appreq,4860586,16070214832475,272
basic_appreq,5082677,16070219953184,272
basic_appreq,5246226,16070225240537,272
basic_appreq,4750703,16070230031435,272
basic_appreq,4895985,16070234962060,272
basic_appreq,4938785,16070239936975,272
basic_appreq,5021449,16070244993833,272
basic_appreq,4618212,16070249652031,272
basic_appreq,5150370,16070254843076,272
basic_appreq,5160183,16070260041299,272
basic_appreq,5006942,16070265086828,272
basic_appreq,4916907,16070270043935,272
basic_appreq,5102318,16070275187006,272
basic_appreq,5116312,16070280343521,272
basic_appreq,4721310,16070285104742,272
basic_appreq,4978593,16070290129332,272
basic_appreq,5363646,16070295559968,272
basic_appreq,4984837,16070300584983,272
basic_appreq,4950513,16070305575441,272
basic_appreq,4964858,16070310580469,272
basic_appreq,4308955,16070314928963,272
basic_appreq,4739891,16070319711319,272
basic_appreq,4999777,16070324755471,272
basic_appreq,4876462,16070329677737,272
basic_appreq,4806513,16070334531247,272
basic_appreq,4928417,16070339501285,272
basic_appreq,4879689,16070344424169,272
basic_appreq,4864302,16070349334854,272
basic_appreq,4816036,16070354196896,272
basic_appreq,4938301,16070359181335,272
basic_appreq,4481097,16070363719443,272
basic_appreq,4767605,16070368530647,272
basic_appreq,4923783,16070373538774,272
basic_appreq,4890706,16070378478078,272
basic_appreq,4764888,16070383288815,272
basic_appreq,4728534,16070388061512,272
basic_appreq,5264681,16070393373351,272
basic_appreq,4944420,16070398359091,272
basic_appreq,5163469,16070403564253,272
basic_appreq,4812561,16070408412829,272
basic_appreq,5014786,16070413474114,272
basic_appreq,5146265,16070418675419,272
basic_appreq,4787685,16070423502194,272
basic_appreq,5099665,16070428647292,272
basic_appreq,5096809,16070433784686,272
basic_appreq,4844372,16070438669545,272
basic_appreq,5018121,16070443733594,272
basic_appreq,9030394,16070452807439,272
basic_appreq,5547441,16070458424121,272
basic_appreq,5133317,16070463597141,272
basic_appreq,4965787,16070468600570,272
basic_appreq,5110900,16070473749137,272
basic_appreq,5024133,16070478849467,272
basic_appreq,6285455,16070485193504,272
basic_appreq,5227855,16070490460728,272
basic_appreq,4975463,16070495476573,272
basic_appreq,4861008,16070500374898,272
basic_appreq,4938082,16070505352018,272
basic_appreq,4562816,16070509956139,272
basic_appreq,4914781,16070514912404,272
basic_appreq,5541516,16070520492571,272
basic_appreq,4935675,16070525463939,272
basic_appreq,5181011,16070530711929,272
basic_appreq,4879446,16070535633026,272
basic_appreq,5222800,16070540896218,272
basic_appreq,5045050,16070545983125,272
basic_appreq,4379813,16070550402607,272
basic_appreq,5429641,16070555870992,272
basic_appreq,4950920,16070560859342,272
basic_appreq,4877924,16070565797188,272
basic_appreq,5070166,16070570904386,272
basic_appreq,4897314,16070575839533,272
basic_appreq,5574909,16070581455970,272
basic_appreq,4840760,16070586336302,272
basic_appreq,5001518,16070591378398,272
basic_appreq,5177814,16070596596209,272
basic_appreq,5271969,16070601909671,272
basic_appreq,5063083,16070607014990,272
basic_appreq,4882072,16070611934872,272
basic_appreq,4954951,16070616929479,272
basic_appreq,4016311,16070620983768,272
basic_appreq,4604515,16070625631036,272
basic_appreq,4600144,16070630277339,272
basic_appreq,2958551,16070633285166,272
basic_appreq,4109356,16070637440727,272
basic_appreq,4066741,16070641549175,272
basic_appreq,2074054,16070643683771,272
basic_appreq,2176042,16070645911953,272
#end,11,4402,272
