basic_appreq,4936046,16059698528433,704
basic_appreq,5052678,16059703706270,704
basic_appreq,5210621,16059708961154,704
basic_appreq,4736777,16059713740281,704
basic_appreq,4811826,16059718591079,704
basic_appreq,4976650,16059723605214,704
basic_appreq,4663973,16059728304660,704
basic_appreq,4392395,16059732732660,704
basic_appreq,5460375,16059738233379,704
basic_appreq,4975850,16059743254444,704
basic_appreq,5423560,16059748713853,704
basic_appreq,5079386,16059753832949,704
basic_appreq,4915720,16059758787413,704
basic_appreq,4923937,16059763751055,704
basic_appreq,4901821,16059768689575,704
basic_appreq,5130039,16059773862465,704
basic_appreq,4852868,16059778759741,704
basic_appreq,4868648,16059783667019,704
basic_appreq,5283132,16059788994542,704
basic_appreq,5195988,16059794229194,704
basic_appreq,5212362,16059799480984,704
basic_appreq,4898889,16059804418770,704
basic_appreq,4888321,16059809346192,704
basic_appreq,5104561,16059814490214,704
basic_appreq,5072401,16059819597735,704
basic_appreq,4968527,16059824601262,704
basic_appreq,4997285,16059829636796,704
basic_appreq,4970071,16059834654650,704
basic_appreq,4827480,16059839521056,704
basic_appreq,4992485,16059844548854,704
basic_appreq,4382724,16059848966297,704
basic_appreq,5692277,16059854715133,704
basic_appreq,4935855,16059859691898,704
basic_appreq,4919077,16059864653349,704
basic_appreq,4852328,16059869548534,704
basic_appreq,4983312,16059874569367,704
basic_appreq,5141322,16059879748865,704
basic_appreq,4671011,16059884458565,704
basic_appreq,4916618,16059889409515,704
basic_appreq,4930400,16059894375799,704
basic_appreq,4644228,16059899054884,704
basic_appreq,4859905,16059903958680,704
basic_appreq,5353175,16059909349220,704
basic_appreq,5160800,16059914548590,704
basic_appreq,4825599,16059919413061,704
basic_appreq,4941948,16059924393715,704
basic_appreq,4980815,16059929409389,704
basic_appreq,5135443,16059934579045,704
basic_appreq,4817570,16059939430770,704
basic_appreq,4929624,16059944407728,704
basic_appreq,4924131,16059949379115,704
basic_appreq,4325115,16059953738809,704
basic_appreq,5328590,16059959147005,704
basic_appreq,4779357,16059963969476,704
basic_appreq,4304647,16059968334386,704
basic_appreq,5358297,16059973760986,704
basic_appreq,5121542,16059978917326,704
basic_appreq,4788651,16059983741140,704
basic_appreq,5128574,16059988906370,704
basic_appreq,5031389,16059993976872,704
basic_appreq,4765348,16059998781565,704
basic_appreq,4840825,16060003658607,704
basic_appreq,5114257,16060008808103,704
basic_appreq,4764175,16060013614783,704
basic_appreq,4905993,16060018561462,704
basic_appreq,4808859,16060023408846,704
basic_appreq,4864349,16060028307840,704
basic_appreq,5316404,16060033659178,704
basic_appreq,4632710,16060038327119,704
basic_appreq,4933109,16060043295657,704
basic_appreq,4543574,16060047879738,704
basic_appreq,4910600,16060052872702,704
basic_appreq,5548966,16060058463131,704
basic_appreq,5009490,16060063508398,704
basic_appreq,5106458,16060068660881,704
basic_appreq,5152616,16060073853430,704
basic_appreq,5022704,16060078927164,704
basic_appreq,5119476,16060084092055,704
basic_appreq,5040633,16060089168412,704
basic_appreq,4906829,16060094113680,704
basic_appreq,4836108,16060098988375,704
basic_appreq,4796869,16060103824599,704
basic_appreq,4662811,16060108525704,704
basic_appreq,5010110,16060113573698,704
basic_appreq,5017092,16060118635016,704
basic_appreq,4716556,16060123395725,704
basic_appreq,5199987,16060128632524,704
basic_appreq,4627313,16060133303438,704
basic_appreq,4687635,16060138033492,704
basic_appreq,4713106,16060142782631,704
basic_appreq,5068927,16060147922603,704
basic_appreq,5083342,16060153044582,704
basic_appreq,5220341,16060158303058,704
basic_appreq,4940531,16060163294370,704
basic_appreq,4939037,16060168278264,704
basic_appreq,4920676,16060173242599,704
basic_appreq,4782099,16060178061983,704
basic_appreq,4194191,16060182293040,704
basic_appreq,4713330,16060187078192,704
basic_appreq,5384093,16060192508218,704
basic_appreq,5507578,16060198054564,704
basic_appreq,4242700,16060202339121,704
basic_appreq,5831445,16060208220770,704
basic_appreq,4913886,16060213185786,704
basic_appreq,5057975,16060218286868,704
basic_appreq,4924552,16060223246987,704
basic_appreq,5024590,16060228307587,704
basic_appreq,4721834,16060233065279,704
basic_appreq,4745418,16060237846306,704
basic_appreq,4930883,16060242810052,704
basic_appreq,5053489,16060247896424,704
basic_appreq,4803354,16060252735979,704
basic_appreq,4919879,16060257692776,704
basic_appreq,4606611,16060262342008,704
basic_appreq,4756943,16060267141614,704
basic_appreq,5346103,16060272522305,704
basic_appreq,4637115,16060277194264,704
basic_appreq,5264056,16060282517125,704
basic_appreq,5044284,16060287621749,704
basic_appreq,5233195,16060292893437,704
basic_appreq,4874069,16060297806064,704
basic_appreq,4948771,16060302800330,704
basic_appreq,4940041,16060307779055,704
basic_appreq,5049546,16060312874318,704
basic_appreq,5023780,16060317944750,704
basic_appreq,4544024,16060322528788,704
basic_appreq,5243683,16060327826761,704
basic_appreq,5117722,16060333003863,704
basic_appreq,4911530,16060337950798,704
basic_appreq,4388522,16060342384158,704
basic_appreq,5534443,16060347959921,704
basic_appreq,5228268,16060353227494,704
basic_appreq,4767019,16060358031287,704
basic_appreq,4936244,16060363021817,704
basic_appreq,4701935,16060367766649,704
basic_appreq,4817018,16060372633046,704
basic_appreq,5056043,16060377735580,704
basic_appreq,4743257,16060382525864,704
basic_appreq,5472233,16060388042110,704
basic_appreq,5063221,16060393146847,704
basic_appreq,4364722,16060397557972,704
basic_appreq,4929757,16060402554357,704
basic_appreq,5234280,16060407830074,704
basic_appreq,5417538,16060413291395,704
basic_appreq,4137164,16060417463172,704
basic_appreq,5754758,16060423258532,704
basic_appreq,4931787,16060428225889,704
basic_appreq,4998705,16060433263313,704
basic_appreq,4984519,16060438286530,704
basic_appreq,4850905,16060443171500,704
basic_appreq,5082777,16060448296435,704
basic_appreq,4642953,16060452974026,704
basic_appreq,5196427,16060458208528,704
basic_appreq,4905943,16060463154989,704
basic_appreq,5051455,16060468273223,704
basic_appreq,4406232,16060472717580,704
basic_appreq,5231420,16060477991894,704
basic_appreq,4976370,16060483007610,704
basic_appreq,5069645,16060488125015,704
basic_appreq,4896771,16060493076519,704
basic_appreq,4791258,16060497906695,704
basic_appreq,4483729,16060502423266,704
basic_appreq,4943894,16060507403016,704
basic_appreq,5093024,16060512530552,704
basic_appreq,4646344,16060517214994,704
basic_appreq,4802071,16060522083074,704
basic_appreq,5542741,16060527671843,704
basic_appreq,4853886,16060532562351,704
basic_appreq,4864609,16060537471891,704
basic_appreq,5134442,16060542644789,704
basic_appreq,5026042,16060547709356,704
basic_appreq,4847321,16060552601135,704
basic_appreq,4868351,16060557505120,704
basic_appreq,4598060,16060562147601,704
basic_appreq,4846691,16060567027759,704
basic_appreq,4971502,16060572034266,704
basic_appreq,4966132,16060577044140,704
basic_appreq,5113218,16060582214062,704
basic_appreq,4774775,16060587027300,704
basic_appreq,4739995,16060591817211,704
basic_appreq,4664085,16060596522649,704
basic_appreq,4803784,16060601374709,704
basic_appreq,5382416,16060606799873,704
basic_appreq,4731211,16060611566429,704
basic_appreq,4638702,16060616241739,704
basic_appreq,5428886,16060621744925,704
basic_appreq,5235922,16060627018770,704
basic_appreq,4285452,16060631354483,704
basic_appreq,5589749,16060637005721,704
basic_appreq,5044786,16060642097002,704
basic_appreq,4837795,16060646974075,704
basic_appreq,5043717,16060652056510,704
basic_appreq,5385219,16060657485802,704
basic_appreq,4777538,16060662306077,704
basic_appreq,4802794,16060667168413,704
basic_appreq,8979972,16060676187583,704
basic_appreq,5466402,16060681707451,704
basic_appreq,4480047,16060686243039,704
basic_appreq,5223826,16060691513945,704
basic_appreq,4971926,16060696534862,704
basic_appreq,4918687,16060701501778,704
basic_appreq,4400567,16060705940730,704
basic_appreq,5020704,16060710996922,704
basic_appreq,4557053,16060715612675,704
basic_appreq,5371638,16060721048164,704
basic_appreq,4730943,16060725831631,704
basic_appreq,4243492,16060730113793,704
basic_appreq,4719466,16060734883471,704
basic_appreq,5733040,16060740673195,704
basic_appreq,4966910,16060745689044,704
basic_appreq,4756794,16060750489557,704
basic_appreq,4832145,16060755364498,704
basic_appreq,4657823,16060760055779,704
basic_appreq,4454132,16060764543000,704
basic_appreq,5651722,16060770255438,704
basic_appreq,5075838,16060775374073,704
basic_appreq,5084735,16060780506996,704
basic_appreq,4779267,16060785325778,704
basic_appreq,4560466,16060789924961,704
basic_appreq,4864817,16060794833471,704
basic_appreq,4908740,16060799787867,704
basic_appreq,4410984,16060804267882,704
basic_appreq,5442581,16060809765454,704
basic_appreq,4902201,16060814715307,704
basic_appreq,4586101,16060819340294,704
basic_appreq,5282561,16060824657038,704
basic_appreq,4541613,16060829233809,704
basic_appreq,4935492,16060834205752,704
basic_appreq,5122705,16060839397794,704
basic_appreq,4991500,16060844442471,704
basic_appreq,5532119,16060850036651,704
basic_appreq,4957586,16060855030236,704
basic_appreq,4851341,16060859927157,704
basic_appreq,4950016,16060864915363,704
basic_appreq,5155969,16060870110094,704
basic_appreq,4876429,16060875020768,704
basic_appreq,4872174,16060879928029,704
basic_appreq,5147849,16060885111570,704
basic_appreq,5052048,16060890207073,704
basic_appreq,4721158,16060894965556,704
basic_appreq,5342392,16060900372621,704
basic_appreq,4898512,16060905310639,704
basic_appreq,5027325,16060910377562,704
basic_appreq,4849675,16060915281470,704
basic_appreq,5209424,16060920547618,704
basic_appreq,5026459,16060925616444,704
basic_appreq,4552530,16060930205653,704
basic_appreq,4875109,16060935117316,704
basic_appreq,4948864,16060940110528,704
basic_appreq,4994014,16060945144231,704
basic_appreq,4767961,16060949956959,704
basic_appreq,4485329,16060954479912,704
basic_appreq,5528733,16060960068300,704
basic_appreq,5311171,16060965416943,704
basic_appreq,4275081,16060969732035,704
basic_appreq,5111569,16060974908951,704
basic_appreq,5675404,16060980630168,704
basic_appreq,4935302,16060985620466,704
basic_appreq,4777686,16060990437868,704
basic_appreq,4718764,16060995197621,704
basic_appreq,4564661,16060999815792,704
basic_appreq,5822642,16061005740294,704
basic_appreq,4566100,16061010341789,704
basic_appreq,4469407,16061014847352,704
basic_appreq,5139545,16061020024148,704
basic_appreq,5386015,16061025448878,704
basic_appreq,5490509,16061030998277,704
basic_appreq,5213772,16061036252319,704
basic_appreq,4962898,16061041254440,704
basic_appreq,4442954,16061045741994,704
basic_appreq,4856923,16061050634788,704
basic_appreq,4688692,16061055359348,704
basic_appreq,4761225,16061060156678,704
basic_appreq,5285564,16061065492725,704
basic_appreq,5008133,16061070537174,704
basic_appreq,5853502,16061076481086,704
basic_appreq,5160236,16061081678785,704
basic_appreq,4658994,16061086374768,704
basic_appreq,4921735,16061091335861,704
basic_appreq,5107424,16061096482219,704
basic_appreq,4699347,16061101221455,704
basic_appreq,4832265,16061106109753,704
basic_appreq,5368726,16061111523625,704
basic_appreq,4905305,16061116467753,704
basic_appreq,4509699,16061121016250,704
basic_appreq,4992156,16061126055492,704
basic_appreq,4744162,16061130847468,704
basic_appreq,4984230,16061135870259,704
basic_appreq,5317812,16061141255007,704
basic_appreq,4905426,16061146206343,704
basic_appreq,4150945,16061150397258,704
basic_appreq,5482608,16061155942517,704
basic_appreq,5331993,16061161314334,704
basic_appreq,4874879,16061166224335,704
basic_appreq,4775952,16061171034342,704
basic_appreq,4385674,16061175463219,704
basic_appreq,5052262,16061180551238,704
basic_appreq,5664156,16061186251002,704
basic_appreq,4892154,16061191182754,704
basic_appreq,4425485,16061195646806,704
basic_appreq,5990426,16061201696339,704
basic_appreq,4971314,16061206704330,704
basic_appreq,4985280,16061211725238,704
basic_appreq,4807592,16061216577214,704
basic_appreq,4790778,16061221403941,704
basic_appreq,4768849,16061226215787,704
basic_appreq,4501184,16061230756483,704
basic_appreq,4076231,16061234881786,704
basic_appreq,5141844,16061240081196,704
basic_appreq,4798584,16061244917481,704
basic_appreq,4666717,16061249615769,704
basic_appreq,4767254,16061254414476,704
basic_appreq,4769316,16061259220019,704
basic_appreq,5576015,16061264832349,704
basic_appreq,4962708,16061269840189,704
basic_appreq,4388215,16061274267949,704
basic_appreq,4746053,16061279060972,704
basic_appreq,4694805,16061283794890,704
basic_appreq,4321149,16061288154031,704
basic_appreq,5137620,16061293329466,704
basic_appreq,4927418,16061298297539,704
basic_appreq,5093993,16061303433465,704
basic_appreq,4883953,16061308353395,704
basic_appreq,4691402,16061313088191,704
basic_appreq,4851086,16061317987846,704
basic_appreq,5059626,16061323107188,704
basic_appreq,5093805,16061328249419,704
basic_appreq,5066948,16061333354129,704
basic_appreq,4703558,16061338093888,704
basic_appreq,4929103,16061343061200,704
basic_appreq,4998961,16061348107629,704
basic_appreq,4869088,16061353014896,704
basic_appreq,4839150,16061357920191,704
basic_appreq,5074260,16061363061707,704
basic_appreq,4991106,16061368089840,704
basic_appreq,4916078,16061373042941,704
basic_appreq,4849601,16061377936518,704
basic_appreq,4780814,16061382756042,704
basic_appreq,4646884,16061387441970,704
basic_appreq,4905717,16061392385424,704
basic_appreq,4897288,16061397317063,704
basic_appreq,4962639,16061402314400,704
basic_appreq,4795825,16061407146272,704
basic_appreq,5359991,16061412565610,704
basic_appreq,5174697,16061417791236,704
basic_appreq,5177753,16061423038960,704
basic_appreq,4993209,16061428087591,704
basic_appreq,4867938,16061433023453,704
basic_appreq,5560892,16061438639759,704
basic_appreq,4962713,16061443648026,704
basic_appreq,4823642,16061448518891,704
basic_appreq,4924328,16061453482842,704
basic_appreq,4658057,16061458181649,704
basic_appreq,5606852,16061463836491,704
basic_appreq,4973064,16061468845424,704
basic_appreq,5083556,16061473969148,704
basic_appreq,4734906,16061478744038,704
basic_appreq,4713147,16061483496937,704
basic_appreq,4918120,16061488459327,704
basic_appreq,4709896,16061493210838,704
basic_appreq,4902247,16061498179533,704
basic_appreq,4175878,16061502403824,704
basic_appreq,4964234,16061507409051,704
basic_appreq,5184239,16061512647976,704
basic_appreq,4896988,16061517582701,704
basic_appreq,5025500,16061522644855,704
basic_appreq,4886040,16061527568253,704
basic_appreq,4715652,16061532320995,704
basic_appreq,4867722,16061537226263,704
basic_appreq,5770113,16061543060763,704
basic_appreq,4825556,16061547926880,704
basic_appreq,4808538,16061552776334,704
basic_appreq,4974569,16061557791038,704
basic_appreq,4709325,16061562535199,704
basic_appreq,4831650,16061567403001,704
basic_appreq,4918407,16061572356602,704
basic_appreq,4947591,16061577343706,704
basic_appreq,4891679,16061582275618,704
basic_appreq,4875389,16061587191483,704
basic_appreq,4262913,16061591494525,704
basic_appreq,5655912,16061597210710,704
basic_appreq,5245922,16061602493775,704
basic_appreq,4960474,16061607499087,704
basic_appreq,4922915,16061612466535,704
basic_appreq,4940289,16061617454771,704
basic_appreq,4278867,16061621781209,704
basic_appreq,5103545,16061626953960,704
basic_appreq,5225703,16061632216323,704
basic_appreq,4843161,16061637096441,704
basic_appreq,4892476,16061642036668,704
basic_appreq,4760819,16061646838289,704
basic_appreq,4671179,16061651549250,704
basic_appreq,5237352,16061656825487,704
basic_appreq,4858122,16061661721562,704
basic_appreq,4610616,16061666370314,704
basic_appreq,4780001,16061671215737,704
basic_appreq,5415482,16061676708162,704
basic_appreq,4927532,16061681670494,704
basic_appreq,4476846,16061686180910,704
basic_appreq,4826735,16061691072407,704
basic_appreq,4997386,16061696111144,704
basic_appreq,5239425,16061701387829,704
basic_appreq,5152928,16061706587067,704
basic_appreq,4689619,16061711319656,704
basic_appreq,5198849,16061716567884,704
basic_appreq,5003616,16061721612820,704
basic_appreq,4637602,16061726304926,704
basic_appreq,5298505,16061731665262,704
basic_appreq,5091612,16061736794699,704
basic_appreq,4490132,16061741320203,704
basic_appreq,5023177,16061746393702,704
basic_appreq,4800706,16061751232352,704
basic_appreq,4977551,16061756263411,704
basic_appreq,4907551,16061761225717,704
basic_appreq,4653694,16061765926157,704
basic_appreq,4858321,16061770853633,704
basic_appreq,5148343,16061776042016,704
basic_appreq,5285327,16061781366950,704
basic_appreq,4724291,16061786140489,704
basic_appreq,4786097,16061790965109,704
basic_appreq,4790167,16061795793325,704
basic_appreq,4883933,16061800716561,704
basic_appreq,4898082,16061805648793,704
basic_appreq,4953658,16061810664068,704
basic_appreq,5227052,16061815927500,704
basic_appreq,5085287,16061821057444,704
basic_appreq,4839356,16061825943868,704
basic_appreq,4918296,16061830902205,704
basic_appreq,4677819,16061835620365,704
basic_appreq,4938573,16061840591468,704
basic_appreq,4919963,16061845553798,704
basic_appreq,5022207,16061850612298,704
basic_appreq,5044218,16061855692622,704
basic_appreq,5143238,16061860876999,704
basic_appreq,4720107,16061865638840,704
basic_appreq,4894660,16061870581680,704
basic_appreq,5252617,16061875898864,704
basic_appreq,4803309,16061880741967,704
basic_appreq,5007330,16061885787580,704
basic_appreq,4974872,16061890800525,704
basic_appreq,5264357,16061896104952,704
basic_appreq,4729479,16061900885812,704
basic_appreq,4994662,16061905923931,704
basic_appreq,4862676,16061910823119,704
basic_appreq,5180565,16061916040018,704
basic_appreq,4676011,16061920763087,704
basic_appreq,4868057,16061925686556,704
basic_appreq,4823897,16061930550859,704
basic_appreq,5115846,16061935700736,704
basic_appreq,4620425,16061940354380,704
basic_appreq,4935749,16061945327184,704
basic_appreq,4704781,16061950074397,704
basic_appreq,4798648,16061954925204,704
basic_appreq,4814458,16061959788169,704
basic_appreq,5008892,16061964847223,704
basic_appreq,5124555,16061970012621,704
basic_appreq,5047806,16061975103965,704
basic_appreq,4805801,16061979949681,704
basic_appreq,4708869,16061984696947,704
basic_appreq,5077294,16061989820597,704
basic_appreq,4890787,16061994754678,704
basic_appreq,5844864,16062000645295,704
basic_appreq,4970060,16062005657956,704
basic_appreq,5224574,16062010928743,704
basic_appreq,4955396,16062015930436,704
basic_appreq,4819284,16062020795316,704
basic_appreq,5361032,16062026202972,704
basic_appreq,5334637,16062031584148,704
basic_appreq,4884183,16062036507674,704
basic_appreq,4343651,16062040888714,704
basic_appreq,4810745,16062045734963,704
basic_appreq,4938548,16062050709398,704
basic_appreq,4872957,16062055618069,704
basic_appreq,4866786,16062060522082,704
basic_appreq,4645821,16062065206727,704
basic_appreq,5062744,16062070309888,704
basic_appreq,4821871,16062075164035,704
basic_appreq,4915170,16062080111704,704
basic_appreq,4816597,16062084967655,704
basic_appreq,4869791,16062089893987,704
basic_appreq,4964476,16062094898520,704
basic_appreq,5160679,16062100101488,704
basic_appreq,4661264,16062104807137,704
basic_appreq,4761379,16062109602792,704
basic_appreq,4989701,16062114627457,704
basic_appreq,4905730,16062119569839,704
basic_appreq,4930954,16062124550313,704
basic_appreq,4568076,16062129165302,704
basic_appreq,4856333,16062134092103,704
basic_appreq,5012830,16062139168239,704
basic_appreq,5352513,16062144574241,704
basic_appreq,4942451,16062149554665,704
basic_appreq,5120101,16062154712640,704
basic_appreq,4818284,16062159568496,704
basic_appreq,5062807,16062164669425,704
basic_appreq,5261648,16062169969304,704
basic_appreq,4644433,16062174660839,704
basic_appreq,5066185,16062179761270,704
basic_appreq,4902880,16062184699368,704
basic_appreq,4791409,16062189539334,704
basic_appreq,4717836,16062194293341,704
basic_appreq,5000718,16062199330739,704
basic_appreq,5109372,16062204502304,704
basic_appreq,4950003,16062209492307,704
basic_appreq,4327168,16062213866207,704
basic_appreq,4729788,16062218632587,704
basic_appreq,4634473,16062223302361,704
basic_appreq,4928456,16062228269491,704
basic_appreq,4922490,16062233237989,704
basic_appreq,4984263,16062238262689,704
basic_appreq,4892444,16062243196229,704
basic_appreq,4549222,16062247786203,704
basic_appreq,5218289,16062253082921,704
basic_appreq,4978973,16062258138627,704
basic_appreq,5393674,16062263578894,704
basic_appreq,4873618,16062268526465,704
basic_appreq,4751513,16062273311775,704
basic_appreq,5048533,16062278399242,704
basic_appreq,4922315,16062283358234,704
basic_appreq,5010600,16062288418519,704
basic_appreq,5858437,16062294315341,704
basic_appreq,4898178,16062299251651,704
basic_appreq,4802970,16062304101435,704
basic_appreq,4903735,16062309039915,704
basic_appreq,4387962,16062313462770,704
basic_appreq,5322365,16062318828542,704
basic_appreq,4870023,16062323744379,704
basic_appreq,4537990,16062328322076,704
basic_appreq,5151437,16062333512121,704
basic_appreq,4963673,16062338510018,704
basic_appreq,4742288,16062343291745,704
basic_appreq,4971088,16062348302241,704
basic_appreq,5131122,16062353480861,704
basic_appreq,4878720,16062358408319,704
basic_appreq,4891468,16062363335805,704
basic_appreq,4755504,16062368126491,704
basic_appreq,4542979,16062372707929,704
basic_appreq,4682217,16062377426196,704
basic_appreq,4866004,16062382329963,704
basic_appreq,4928962,16062387297475,704
basic_appreq,4789673,16062392133630,704
basic_appreq,5065983,16062397240700,704
basic_appreq,4762474,16062402042264,704
basic_appreq,4805024,16062406884239,704
basic_appreq,4774587,16062411708736,704
basic_appreq,4889795,16062416634881,704
basic_appreq,4853199,16062421529477,704
basic_appreq,4758477,16062426324452,704
basic_appreq,5090186,16062431465095,704
basic_appreq,4783576,16062436309996,704
basic_appreq,5330059,16062441684055,704
basic_appreq,5051670,16062446773241,704
basic_appreq,5078544,16062451889801,704
basic_appreq,5702947,16062457690578,704
basic_appreq,4705125,16062462433903,704
basic_appreq,4992831,16062467462904,704
basic_appreq,4756223,16062472255326,704
basic_appreq,4936984,16062477229246,704
basic_appreq,4931790,16062482200146,704
basic_appreq,4809832,16062487049700,704
basic_appreq,5031750,16062492114029,704
basic_appreq,4566849,16062496713110,704
basic_appreq,4944270,16062501689671,704
basic_appreq,4811486,16062506537439,704
basic_appreq,5230131,16062511803940,704
basic_appreq,4613372,16062516461656,704
basic_appreq,4373607,16062520886171,704
basic_appreq,4865828,16062525791045,704
basic_appreq,4699532,16062530567234,704
basic_appreq,5548391,16062536187327,704
basic_appreq,5055265,16062541282097,704
basic_appreq,4574528,16062545895764,704
basic_appreq,4646106,16062550581952,704
basic_appreq,4323844,16062554937226,704
basic_appreq,5025167,16062560022711,704
basic_appreq,4740959,16062564799271,704
basic_appreq,5003579,16062569839191,704
basic_appreq,4927154,16062574814945,704
basic_appreq,4904275,16062579754536,704
basic_appreq,4973221,16062584767465,704
basic_appreq,5037074,16062589840760,704
basic_appreq,4990217,16062594871040,704
basic_appreq,4747182,16062599665982,704
basic_appreq,5088806,16062604798574,704
basic_appreq,5108095,16062609944705,704
basic_appreq,4658220,16062614640944,704
basic_appreq,5155864,16062619834661,704
basic_appreq,5090447,16062624963430,704
basic_appreq,4787832,16062629785738,704
basic_appreq,5012272,16062634874111,704
basic_appreq,5204661,16062640118321,704
basic_appreq,4862408,16062645013441,704
basic_appreq,5044810,16062650095227,704
basic_appreq,4984978,16062655116628,704
basic_appreq,5005295,16062660158574,704
basic_appreq,4959772,16062665154714,704
basic_appreq,5032018,16062670223088,704
basic_appreq,4857517,16062675119122,704
basic_appreq,5010276,16062680178483,704
basic_appreq,4776169,16062684996989,704
basic_appreq,4884725,16062689919356,704
basic_appreq,4771791,16062694729372,704
basic_appreq,4928090,16062699698836,704
basic_appreq,4844742,16062704609882,704
basic_appreq,5527459,16062710222861,704
basic_appreq,5148041,16062715404042,704
basic_appreq,5203561,16062720644017,704
basic_appreq,4898634,16062725579611,704
basic_appreq,4815986,16062730460012,704
basic_appreq,4942603,16062735445613,704
basic_appreq,5252950,16062740737453,704
basic_appreq,4988265,16062745762707,704
basic_appreq,4874696,16062750673475,704
basic_appreq,5174586,16062755886237,704
basic_appreq,5042000,16062760966101,704
basic_appreq,4967873,16062765986893,704
basic_appreq,4870497,16062770893794,704
basic_appreq,4934533,16062775868283,704
basic_appreq,5150965,16062781061832,704
basic_appreq,5127183,16062786232014,704
basic_appreq,5143642,16062791414954,704
basic_appreq,5097693,16062796551726,704
basic_appreq,4982204,16062801576534,704
basic_appreq,4956346,16062806571770,704
basic_appreq,4710484,16062811320390,704
basic_appreq,4956700,16062816317146,704
basic_appreq,5001939,16062821357207,704
basic_appreq,5008190,16062826412916,704
basic_appreq,4998481,16062831453184,704
basic_appreq,4961074,16062836456613,704
basic_appreq,5060471,16062841564134,704
basic_appreq,5301577,16062846918746,704
basic_appreq,5293787,16062852247351,704
basic_appreq,4971258,16062857257714,704
basic_appreq,4917709,16062862214140,704
basic_appreq,4631801,16062866887638,704
basic_appreq,4798817,16062871728793,704
basic_appreq,4818344,16062876583384,704
basic_appreq,4658928,16062881277661,704
basic_appreq,4847796,16062886172144,704
basic_appreq,5283457,16062891497679,704
basic_appreq,5099796,16062896637852,704
basic_appreq,4716143,16062901403610,704
basic_appreq,4881384,16062906325716,704
basic_appreq,4920173,16062911288388,704
basic_appreq,5145830,16062916470768,704
basic_appreq,4643469,16062921152921,704
basic_appreq,4828105,16062926022532,704
basic_appreq,5106618,16062931175788,704
basic_appreq,4974885,16062936184901,704
basic_appreq,4678007,16062940897509,704
basic_appreq,4818429,16062945757282,704
basic_appreq,4992887,16062950787044,704
basic_appreq,4843363,16062955678770,704
basic_appreq,4471362,16062960192255,704
basic_appreq,5259015,16062965487271,704
basic_appreq,4762220,16062970282655,704
basic_appreq,5405792,16062975723036,704
basic_appreq,5262245,16062981019953,704
basic_appreq,4834483,16062985890624,704
basic_appreq,4879336,16062990804688,704
basic_appreq,5143598,16062995985490,704
basic_appreq,4726932,16063000767827,704
basic_appreq,4746155,16063005561014,704
basic_appreq,5191292,16063010801191,704
basic_appreq,5045653,16063015889690,704
basic_appreq,4872624,16063020800782,704
basic_appreq,4807860,16063025645242,704
basic_appreq,4745002,16063030428332,704
basic_appreq,4964885,16063035429619,704
basic_appreq,4820842,16063040286920,704
basic_appreq,5175688,16063045498666,704
basic_appreq,4878161,16063050415049,704
basic_appreq,4656768,16063055112258,704
basic_appreq,5190412,16063060373062,704
basic_appreq,5029559,16063065452990,704
basic_appreq,5268763,16063070757680,704
basic_appreq,5151689,16063075945493,704
basic_appreq,4734161,16063080714903,704
basic_appreq,5059561,16063085823336,704
basic_appreq,4723291,16063090595581,704
basic_appreq,5032293,16063095672385,704
basic_appreq,4808282,16063100516477,704
basic_appreq,4876424,16063105428698,704
basic_appreq,4879082,16063110346175,704
basic_appreq,4938444,16063115321711,704
basic_appreq,4701998,16063120076529,704
basic_appreq,5010431,16063125127978,704
basic_appreq,4834386,16063129998358,704
basic_appreq,4854023,16063134895031,704
basic_appreq,5351691,16063140290599,704
basic_appreq,4925002,16063145252459,704
basic_appreq,4870186,16063150162958,704
basic_appreq,5093163,16063155294993,704
basic_appreq,4998443,16063160329844,704
basic_appreq,4663102,16063165028828,704
basic_appreq,4717975,16063169789188,704
basic_appreq,5405747,16063175234975,704
basic_appreq,5441554,16063180713986,704
basic_appreq,5028612,16063185799373,704
basic_appreq,4873789,16063190716938,704
basic_appreq,5136859,16063195897545,704
basic_appreq,5334365,16063201273306,704
basic_appreq,34025020,16063235335690,704
basic_appreq,4580387,16063239955131,704
basic_appreq,4796927,16063245598825,704
basic_appreq,4472378,16063250107726,704
basic_appreq,4223630,16063254366186,704
basic_appreq,4727454,16063259128430,704
basic_appreq,4598159,16063263761260,704
basic_appreq,4791692,16063268587398,704
basic_appreq,4689172,16063273318472,704
basic_appreq,4978505,16063278337441,704
basic_appreq,5360769,16063283740467,704
basic_appreq,4963531,16063288740685,704
basic_appreq,4769129,16063293548107,704
basic_appreq,4940584,16063298535914,704
basic_appreq,5209952,16063303798697,704
basic_appreq,4673818,16063308508674,704
basic_appreq,4864737,16063313417769,704
basic_appreq,5248990,16063318712579,704
basic_appreq,4839774,16063323590461,704
basic_appreq,4726031,16063328356365,704
basic_appreq,5190042,16063333584612,704
basic_appreq,5309706,16063338935103,704
basic_appreq,5302974,16063344274855,704
basic_appreq,4692381,16063349018090,704
basic_appreq,5024407,16063354084979,704
basic_appreq,4788985,16063358912125,704
basic_appreq,4610050,16063363558751,704
basic_appreq,4944712,16063368543204,704
basic_appreq,5291228,16063373870841,704
basic_appreq,5084171,16063379005718,704
basic_appreq,4909169,16063383951844,704
basic_appreq,5341046,16063389329269,704
basic_appreq,4956543,16063394339395,704
basic_appreq,5002767,16063399380458,704
basic_appreq,4788373,16063404207046,704
basic_appreq,4897589,16063409154436,704
basic_appreq,4530917,16063413728351,704
basic_appreq,4829642,16063418640777,704
basic_appreq,5351192,16063424053999,704
basic_appreq,4887501,16063428984757,704
basic_appreq,4873846,16063433903622,704
basic_appreq,5233428,16063439179615,704
basic_appreq,4620429,16063443838889,704
basic_appreq,5572925,16063449502437,704
basic_appreq,5552918,16063455119445,704
basic_appreq,4975625,16063460132838,704
basic_appreq,4510059,16063464677155,704
basic_appreq,5467553,16063470213222,704
basic_appreq,5301322,16063475550197,704
basic_appreq,5133358,16063480722180,704
basic_appreq,5136081,16063485896663,704
basic_appreq,5263474,16063491200140,704
basic_appreq,4836813,16063496076352,704
basic_appreq,4916336,16063501031010,704
basic_appreq,4975770,16063506045947,704
basic_appreq,4760214,16063510845476,704
basic_appreq,4823801,16063515708786,704
basic_appreq,4820537,16063520569858,704
basic_appreq,4257744,16063524877226,704
basic_appreq,5497041,16063530432223,704
basic_appreq,4958859,16063535432612,704
basic_appreq,5085855,16063540564382,704
basic_appreq,5023561,16063545634639,704
basic_appreq,4664296,16063550339099,704
basic_appreq,4353096,16063554737890,704
basic_appreq,5007436,16063559784149,704
basic_appreq,5115042,16063564950201,704
basic_appreq,4831690,16063569822166,704
basic_appreq,4932230,16063574793737,704
basic_appreq,4178583,16063579013682,704
basic_appreq,4891153,16063583941156,704
basic_appreq,5043366,16063589020835,704
basic_appreq,4673699,16063593728118,704
basic_appreq,5143496,16063598905596,704
basic_appreq,5129935,16063604069525,704
basic_appreq,5214710,16063609318357,704
basic_appreq,4744844,16063614097528,704
basic_appreq,5091607,16063619237474,704
basic_appreq,5224006,16063624505476,704
basic_appreq,5021240,16063629561369,704
basic_appreq,5125624,16063634722085,704
basic_appreq,5235451,16063639993756,704
basic_appreq,4850071,16063644917563,704
basic_appreq,5269465,16063650229986,704
basic_appreq,5181250,16063655451663,704
basic_appreq,5153629,16063660647156,704
basic_appreq,4723860,16063665412741,704
basic_appreq,4948563,16063670406419,704
basic_appreq,4839754,16063675285200,704
basic_appreq,5187811,16063680511422,704
basic_appreq,4743386,16063685293495,704
basic_appreq,4963376,16063690298338,704
basic_appreq,5054573,16063695393666,704
basic_appreq,5267327,16063700701485,704
basic_appreq,4977660,16063705720352,704
basic_appreq,5036167,16063710793279,704
basic_appreq,5225578,16063716054435,704
basic_appreq,4956341,16063721047986,704
basic_appreq,4961087,16063726047221,704
basic_appreq,4757628,16063730843692,704
basic_appreq,5230363,16063736111064,704
basic_appreq,4724523,16063740878443,704
basic_appreq,5081268,16063746009093,704
basic_appreq,4935442,16063750980759,704
basic_appreq,5109175,16063756144749,704
basic_appreq,4930005,16063761117417,704
basic_appreq,5123029,16063766284108,704
basic_appreq,4777568,16063771099523,704
basic_appreq,4946175,16063776080180,704
basic_appreq,4804255,16063780924531,704
basic_appreq,4911457,16063785870378,704
basic_appreq,5171993,16063791080350,704
basic_appreq,4842109,16063795985219,704
basic_appreq,4768804,16063800818049,704
basic_appreq,5105688,16063805959750,704
basic_appreq,4863968,16063810860030,704
basic_appreq,4994601,16063815892944,704
basic_appreq,5038076,16063820984603,704
basic_appreq,5153983,16063826177709,704
basic_appreq,4766904,16063830984472,704
basic_appreq,4548830,16063835572427,704
basic_appreq,4911309,16063840547794,704
basic_appreq,4751069,16063845339906,704
basic_appreq,4831810,16063850213010,704
basic_appreq,5011079,16063855271612,704
basic_appreq,5033563,16063860346277,704
basic_appreq,4928618,16063865327902,704
basic_appreq,4934339,16063870314083,704
basic_appreq,5323957,16063875681801,704
basic_appreq,4968837,16063880687555,704
basic_appreq,5094294,16063885818325,704
basic_appreq,4932237,16063890786570,704
basic_appreq,4981065,16063895805771,704
basic_appreq,4927551,16063900769841,704
basic_appreq,4946952,16063905751518,704
basic_appreq,4470227,16063910262610,704
basic_appreq,5409297,16063915739915,704
basic_appreq,5173530,16063920950040,704
basic_appreq,4910204,16063925898767,704
basic_appreq,5052903,16063930990270,704
basic_appreq,5062421,16063936091603,704
basic_appreq,4864494,16063940991383,704
basic_appreq,5054776,16063946085907,704
basic_appreq,5091067,16063951217155,704
basic_appreq,4847341,16063956110254,704
basic_appreq,5259178,16063961412396,704
basic_appreq,5159607,16063966613362,704
basic_appreq,4952920,16063971604997,704
basic_appreq,4941623,16063976583101,704
basic_appreq,4966392,16063981588518,704
basic_appreq,4705983,16063986331809,704
basic_appreq,4621333,16063990994866,704
basic_appreq,5484411,16063996564276,704
basic_appreq,5297858,16064001903410,704
basic_appreq,4928027,16064006872987,704
basic_appreq,4886634,16064011799935,704
basic_appreq,5089323,16064016934387,704
basic_appreq,5062632,16064022033684,704
basic_appreq,4854283,16064026920405,704
basic_appreq,4995492,16064031948147,704
basic_appreq,4892141,16064036914319,704
basic_appreq,5106972,16064042061749,704
basic_appreq,5210440,16064047311021,704
basic_appreq,4845600,16064052192856,704
basic_appreq,5139198,16064057374643,704
basic_appreq,5083292,16064062497220,704
basic_appreq,4741268,16064067277189,704
basic_appreq,4908488,16064072237834,704
basic_appreq,4942514,16064077228078,704
basic_appreq,5447129,16064082720810,704
basic_appreq,4910923,16064087670490,704
basic_appreq,4954100,16064092661058,704
basic_appreq,4620663,16064097320946,704
basic_appreq,5168077,16064102537484,704
basic_appreq,4933092,16064107514670,704
basic_appreq,4738496,16064112289633,704
basic_appreq,4998873,16064117333512,704
basic_appreq,4997126,16064122392734,704
basic_appreq,5264722,16064127702572,704
basic_appreq,4946180,16064132685281,704
basic_appreq,4855914,16064137580506,704
basic_appreq,4954233,16064142570882,704
basic_appreq,4918808,16064147527732,704
basic_appreq,4838533,16064152404872,704
basic_appreq,5165685,16064157613711,704
basic_appreq,4838898,16064162492472,704
basic_appreq,4831663,16064167363851,704
basic_appreq,5088141,16064172486928,704
basic_appreq,4610059,16064177135464,704
basic_appreq,4653586,16064181826555,704
basic_appreq,5075185,16064186941645,704
basic_appreq,5010987,16064191991209,704
basic_appreq,4988508,16064197037979,704
basic_appreq,4497154,16064201572122,704
basic_appreq,4902190,16064206513814,704
basic_appreq,4928203,16064211488440,704
basic_appreq,5181261,16064216709185,704
basic_appreq,5052481,16064221805305,704
basic_appreq,4990772,16064226839334,704
basic_appreq,5283125,16064232164708,704
basic_appreq,4997942,16064237203917,704
basic_appreq,5264581,16064242510273,704
basic_appreq,4841610,16064247393688,704
basic_appreq,5781951,16064253237900,704
basic_appreq,4889709,16064258206443,704
basic_appreq,5013177,16064263259825,704
basic_appreq,5829777,16064269137258,704
basic_appreq,4739761,16064273915954,704
basic_appreq,4658402,16064278610465,704
basic_appreq,5171984,16064283819790,704
basic_appreq,4987180,16064288846635,704
basic_appreq,4839165,16064293723535,704
basic_appreq,4832472,16064298590583,704
basic_appreq,4927233,16064303559487,704
basic_appreq,4941226,16064308544187,704
basic_appreq,5278040,16064313866149,704
basic_appreq,4621067,16064318523877,704
basic_appreq,5497490,16064324064872,704
basic_appreq,5168007,16064329285470,704
basic_appreq,4686307,16064334025132,704
basic_appreq,4517041,16064338582673,704
basic_appreq,5625747,16064344264015,704
basic_appreq,5002363,16064349313598,704
basic_appreq,4800000,16064354153461,704
basic_appreq,4524005,16064358713230,704
basic_appreq,4757467,16064363514435,704
basic_appreq,5011899,16064368562309,704
basic_appreq,4968667,16064373566591,704
basic_appreq,4829963,16064378450774,704
basic_appreq,4882424,16064383382941,704
basic_appreq,5397833,16064388827023,704
basic_appreq,5102250,16064393971872,704
basic_appreq,4931677,16064398940719,704
basic_appreq,4821600,16064403838238,704
basic_appreq,5218121,16064409104550,704
basic_appreq,5504064,16064414667151,704
basic_appreq,5463795,16064420173497,704
basic_appreq,4497703,16064424710929,704
basic_appreq,5722611,16064430478055,704
basic_appreq,4826772,16064435350675,704
basic_appreq,4936320,16064440326613,704
basic_appreq,4924538,16064445290110,704
basic_appreq,4913863,16064450249392,704
basic_appreq,4909937,16064455197735,704
basic_appreq,4845974,16064460082557,704
basic_appreq,4554215,16064464672770,704
basic_appreq,4869255,16064469589983,704
basic_appreq,5161068,16064474789471,704
basic_appreq,4775974,16064479614160,704
basic_appreq,5077616,16064484729304,704
basic_appreq,4121337,16064488891214,704
basic_appreq,4847718,16064493774598,704
basic_appreq,5205251,16064499012326,704
basic_appreq,5450967,16064504496987,704
basic_appreq,5581143,16064510130014,704
basic_appreq,5021736,16064515190795,704
basic_appreq,4893834,16064520128909,704
basic_appreq,4892558,16064525067285,704
basic_appreq,4838370,16064529956300,704
basic_appreq,4824721,16064534816771,704
basic_appreq,4376456,16064539228011,704
basic_appreq,5183708,16064544446197,704
basic_appreq,4953912,16064549438211,704
basic_appreq,4894778,16064554372072,704
basic_appreq,4919969,16064559328345,704
basic_appreq,4761054,16064564125566,704
basic_appreq,4944558,16064569106856,704
basic_appreq,4927754,16064574074476,704
basic_appreq,5224446,16064579337694,704
basic_appreq,4983966,16064584362351,704
basic_appreq,4899408,16064589300585,704
basic_appreq,4820960,16064594160935,704
basic_appreq,4742325,16064598937797,704
basic_appreq,4834314,16064603816590,704
basic_appreq,4629124,16064608490694,704
basic_appreq,4591596,16064613184489,704
basic_appreq,5197411,16064618417087,704
basic_appreq,5276633,16064623735739,704
basic_appreq,4861851,16064628630427,704
basic_appreq,4978990,16064633643933,704
basic_appreq,5136845,16064638819190,704
basic_appreq,5079215,16064643936772,704
basic_appreq,5119958,16064649094354,704
basic_appreq,4924080,16064654056747,704
basic_appreq,4753555,16064658850332,704
basic_appreq,4722510,16064663613720,704
basic_appreq,4735779,16064668384551,704
basic_appreq,4591116,16064673023756,704
basic_appreq,4813556,16064677903289,704
basic_appreq,5451319,16064683427143,704
basic_appreq,4929593,16064688395391,704
basic_appreq,4797303,16064693226965,704
basic_appreq,5256298,16064698518446,704
basic_appreq,5317472,16064703871037,704
basic_appreq,4883599,16064708793136,704
basic_appreq,4686788,16064713518526,704
basic_appreq,4812973,16064718370556,704
basic_appreq,5589957,16064723998712,704
basic_appreq,5301346,16064729372811,704
basic_appreq,4970487,16064734381985,704
basic_appreq,5005745,16064739428979,704
basic_appreq,4651855,16064744120457,704
basic_appreq,5281892,16064749473885,704
basic_appreq,4866659,16064754380360,704
basic_appreq,4225732,16064758663452,704
basic_appreq,5272766,16064763978807,704
basic_appreq,4978799,16064769042495,704
basic_appreq,4746214,16064773825092,704
basic_appreq,5214955,16064779102867,704
basic_appreq,4924301,16064784073829,704
basic_appreq,5228083,16064789348713,704
basic_appreq,4320496,16064793704066,704
basic_appreq,5574892,16064799339603,704
basic_appreq,5028430,16064804405167,704
basic_appreq,5151358,16064809599971,704
basic_appreq,4938385,16064814587301,704
basic_appreq,4739782,16064819372572,704
basic_appreq,4347471,16064823759511,704
basic_appreq,5356774,16064829175595,704
basic_appreq,5176197,16064834386426,704
basic_appreq,4995753,16064839421385,704
basic_appreq,4374197,16064843849673,704
basic_appreq,5589116,16064849506887,704
basic_appreq,4961948,16064854510620,704
basic_appreq,4736296,16064859288052,704
basic_appreq,5343174,16064864671132,704
basic_appreq,4851886,16064869561908,704
basic_appreq,4737924,16064874335660,704
basic_appreq,5132747,16064879511812,704
basic_appreq,4371185,16064883918691,704
basic_appreq,5482127,16064889522361,704
basic_appreq,5135539,16064894696947,704
basic_appreq,5003105,16064899739524,704
basic_appreq,4942876,16064904728959,704
basic_appreq,5013818,16064909791889,704
basic_appreq,4888395,16064914719776,704
basic_appreq,4901628,16064919668690,704
basic_appreq,5074559,16064924792918,704
basic_appreq,4782458,16064929610942,704
basic_appreq,5078096,16064934736001,704
basic_appreq,5062083,16064939837811,704
basic_appreq,4708827,16064944593678,704
basic_appreq,5193645,16064949825437,704
basic_appreq,5066707,16064954937232,704
basic_appreq,4540633,16064959523542,704
basic_appreq,4310574,16064963875129,704
basic_appreq,4935575,16064968849227,704
basic_appreq,4546948,16064973436536,704
basic_appreq,4889102,16064978359170,704
basic_appreq,4924609,16064983316380,704
basic_appreq,5211940,16064988568356,704
basic_appreq,4717773,16064993325991,704
basic_appreq,4828025,16064998201034,704
basic_appreq,4774474,16065003024693,704
basic_appreq,5003860,16065008075613,704
basic_appreq,4845466,16065012958274,704
basic_appreq,4605550,16065017601238,704
basic_appreq,5157906,16065022801546,704
basic_appreq,5037595,16065027879829,704
basic_appreq,4989509,16065032927028,704
basic_appreq,4913829,16065037878737,704
basic_appreq,5227145,16065043141341,704
basic_appreq,5117538,16065048296725,704
basic_appreq,5004667,16065053373902,704
basic_appreq,4723887,16065058179778,704
basic_appreq,4799473,16065063015869,704
basic_appreq,5159991,16065068211108,704
basic_appreq,5183673,16065073428197,704
basic_appreq,5112115,16065078611605,704
basic_appreq,4900177,16065083587450,704
basic_appreq,5702437,16065089338521,704
basic_appreq,4879132,16065094257245,704
basic_appreq,4747590,16065099043079,704
basic_appreq,4847534,16065103931946,704
basic_appreq,5246296,16065109219748,704
basic_appreq,4804478,16065114062371,704
basic_appreq,4591226,16065118692374,704
basic_appreq,4865999,16065123596868,704
basic_appreq,4939001,16065128579782,704
basic_appreq,5028841,16065133652013,704
basic_appreq,4929415,16065138618487,704
basic_appreq,4709559,16065143372748,704
basic_appreq,4287676,16065147702181,704
basic_appreq,4670166,16065152408124,704
basic_appreq,4900406,16065157346529,704
basic_appreq,5069336,16065162457371,704
basic_appreq,4801173,16065167298595,704
basic_appreq,4639289,16065171979638,704
basic_appreq,4922849,16065177363833,704
basic_appreq,4821524,16065182221682,704
basic_appreq,4657993,16065186917344,704
basic_appreq,4859319,16065191813584,704
basic_appreq,5412957,16065197263027,704
basic_appreq,5872694,16065203208673,704
basic_appreq,5127311,16065208372041,704
basic_appreq,5019819,16065213437334,704
basic_appreq,4964181,16065218439894,704
basic_appreq,4910037,16065223388270,704
basic_appreq,4335419,16065227767182,704
basic_appreq,4468948,16065232273299,704
basic_appreq,4993043,16065237305675,704
basic_appreq,4521474,16065241873724,704
basic_appreq,4203511,16065246147041,704
basic_appreq,5299825,16065251522955,704
basic_appreq,5115309,16065256670679,704
basic_appreq,5116320,16065261823213,704
basic_appreq,4397538,16065266257662,704
basic_appreq,5324113,16065271642059,704
basic_appreq,5006694,16065276694278,704
basic_appreq,4659705,16065281390602,704
basic_appreq,5599014,16065287046095,704
basic_appreq,5583220,16065292669945,704
basic_appreq,4786775,16065297495607,704
basic_appreq,5797744,16065303362144,704
basic_appreq,5632062,16065309030832,704
basic_appreq,4845390,16065313925902,704
basic_appreq,5688331,16065319680504,704
basic_appreq,5683961,16065325400901,704
basic_appreq,4978742,16065330425478,704
basic_appreq,5653260,16065336118268,704
basic_appreq,5377520,16065341546634,704
basic_appreq,4961040,16065346552700,704
basic_appreq,6066232,16065352700893,704
basic_appreq,5641539,16065358381216,704
basic_appreq,5037198,16065363472188,704
basic_appreq,5622115,16065369161686,704
basic_appreq,4789354,16065373990846,704
basic_appreq,5821277,16065379899180,704
basic_appreq,5325808,16065385260977,704
basic_appreq,5579913,16065390903123,704
basic_appreq,4782226,16065395723400,704
basic_appreq,5433980,16065401242523,704
basic_appreq,5851941,16065407161789,704
basic_appreq,5480807,16065412683659,704
basic_appreq,4816116,16065417540704,704
basic_appreq,5375550,16065422970969,704
basic_appreq,6099786,16065429112681,704
basic_appreq,5426566,16065434586354,704
basic_appreq,5423408,16065440048574,704
basic_appreq,4611425,16065444697684,704
basic_appreq,5858157,16065450618984,704
basic_appreq,5750284,16065456406200,704
basic_appreq,5485075,16065461930917,704
basic_appreq,5358418,16065467327330,704
basic_appreq,5432917,16065472798130,704
basic_appreq,5031155,16065477868630,704
basic_appreq,5405838,16065483335807,704
basic_appreq,5042903,16065488428741,704
basic_appreq,5608827,16065494106711,704
basic_appreq,5711057,16065499865133,704
basic_appreq,5627455,16065505543848,704
basic_appreq,4770205,16065510353512,704
basic_appreq,5970778,16065516397359,704
basic_appreq,5068172,16065521502510,704
basic_appreq,5199158,16065526739092,704
basic_appreq,5817812,16065532603870,704
basic_appreq,5488355,16065538132807,704
basic_appreq,4933443,16065543112808,704
basic_appreq,5813859,16065548991367,704
basic_appreq,5652466,16065554681250,704
basic_appreq,4945085,16065559668468,704
basic_appreq,5829834,16065565542672,704
basic_appreq,5574059,16065571189814,704
basic_appreq,4868323,16065576098875,704
basic_appreq,6026394,16065582195626,704
basic_appreq,5358054,16065587600121,704
basic_appreq,5459791,16065593099132,704
basic_appreq,4964827,16065598100525,704
basic_appreq,5512764,16065603678986,704
basic_appreq,5446146,16065609165640,704
basic_appreq,4880896,16065614085982,704
basic_appreq,5601751,16065619752869,704
basic_appreq,5521917,16065625347073,704
basic_appreq,5712478,16065631098337,704
basic_appreq,5069154,16065636205286,704
basic_appreq,4963887,16065641209167,704
basic_appreq,5652722,16065646905879,704
basic_appreq,5525806,16065652480316,704
basic_appreq,5284703,16065657819994,704
basic_appreq,4539537,16065662394273,704
basic_appreq,5908146,16065668361600,704
basic_appreq,5105322,16065673515272,704
basic_appreq,4871604,16065678433726,704
basic_appreq,5166554,16065683675361,704
basic_appreq,5318943,16065689033153,704
basic_appreq,5380032,16065694462209,704
basic_appreq,5033672,16065699536747,704
basic_appreq,5536171,16065705112610,704
basic_appreq,5427451,16065710578862,704
basic_appreq,5238321,16065715858669,704
basic_appreq,5339302,16065721237623,704
basic_appreq,4825119,16065726106587,704
basic_appreq,5315961,16065731492528,704
basic_appreq,5236228,16065736768840,704
basic_appreq,5724653,16065742540731,704
basic_appreq,5276309,16065747863629,704
basic_appreq,4716649,16065752620435,704
basic_appreq,5717936,16065758404423,704
basic_appreq,5296336,16065763736554,704
basic_appreq,5022352,16065768797728,704
basic_appreq,5303315,16065774140472,704
basic_appreq,5326099,16065779508849,704
basic_appreq,5487118,16065785036259,704
basic_appreq,4766680,16065789842478,704
basic_appreq,5605047,16065795516733,704
basic_appreq,5342616,16065800905397,704
basic_appreq,5217604,16065806164632,704
basic_appreq,5084620,16065811297126,704
basic_appreq,4853908,16065816215355,704
basic_appreq,5629592,16065821895960,704
basic_appreq,5366361,16065827298683,704
basic_appreq,4894916,16065832239912,704
basic_appreq,5273476,16065837557107,704
basic_appreq,5417067,16065843022090,704
basic_appreq,5326339,16065848387872,704
basic_appreq,5318259,16065853739412,704
basic_appreq,4583447,16065858362214,704
basic_appreq,5273622,16065863717755,704
basic_appreq,6018213,16065869782804,704
basic_appreq,5244796,16065875073624,704
basic_appreq,5173357,16065880282642,704
basic_appreq,5048422,16065885373495,704
basic_appreq,5476907,16065890899749,704
basic_appreq,4696831,16065895635363,704
basic_appreq,5654209,16065901355179,704
basic_appreq,5341193,16065906743729,704
basic_appreq,4784497,16065911581562,704
basic_appreq,5488312,16065917106088,704
basic_appreq,5308162,16065922455584,704
basic_appreq,4808367,16065927333840,704
basic_appreq,5478231,16065932880583,704
basic_appreq,5335662,16065938263392,704
basic_appreq,5382706,16065943716669,704
basic_appreq,4979351,16065948733074,704
basic_appreq,5249809,16065954028682,704
basic_appreq,5185802,16065959250889,704
basic_appreq,5273469,16065964568480,704
basic_appreq,5196200,16065969801132,704
basic_appreq,5336385,16065975181710,704
basic_appreq,5153301,16065980373712,704
basic_appreq,5642956,16065986079163,704
basic_appreq,5299040,16065991424593,704
basic_appreq,5108934,16065996578917,704
basic_appreq,5458667,16066002096669,704
basic_appreq,5258208,16066007425195,704
basic_appreq,5151741,16066012624323,704
basic_appreq,5554550,16066018240653,704
basic_appreq,5231019,16066023508824,704
basic_appreq,5514984,16066029088684,704
basic_appreq,4659347,16066033787991,704
basic_appreq,5610183,16066039481869,704
basic_appreq,5429108,16066044979764,704
basic_appreq,4568574,16066049601330,704
basic_appreq,5661237,16066055332135,704
basic_appreq,5229169,16066060600746,704
basic_appreq,5370570,16066066011493,704
basic_appreq,4750635,16066070800607,704
basic_appreq,5343267,16066076187807,704
basic_appreq,5824355,16066082058146,704
basic_appreq,5374393,16066087471327,704
basic_appreq,4980193,16066092496241,704
basic_appreq,5115215,16066097658515,704
basic_appreq,5293334,16066103022943,704
basic_appreq,4812855,16066107879781,704
basic_appreq,5979403,16066113940761,704
basic_appreq,5268004,16066119249128,704
basic_appreq,4545605,16066123833326,704
basic_appreq,5526203,16066129421657,704
basic_appreq,5161511,16066134619270,704
basic_appreq,5318158,16066139978899,704
basic_appreq,4732905,16066144787163,704
basic_appreq,5789299,16066150631185,704
basic_appreq,5245318,16066155935404,704
basic_appreq,5044843,16066161026440,704
basic_appreq,5334021,16066166406991,704
basic_appreq,4772473,16066171222629,704
basic_appreq,5441348,16066176714983,704
basic_appreq,5654357,16066182416334,704
basic_appreq,5462595,16066187917500,704
basic_appreq,4763492,16066192721313,704
basic_appreq,5213059,16066197975849,704
basic_appreq,5712705,16066203738859,704
basic_appreq,5367286,16066209152768,704
basic_appreq,4802640,16066213995324,704
basic_appreq,5866500,16066219926731,704
basic_appreq,5206253,16066225173344,704
basic_appreq,5267367,16066230486997,704
basic_appreq,5339010,16066235860311,704
basic_appreq,5420568,16066241320645,704
basic_appreq,5162648,16066246523416,704
basic_appreq,5249617,16066251811152,704
basic_appreq,5426078,16066257281256,704
basic_appreq,4702635,16066262022071,704
basic_appreq,5473936,16066267542079,704
basic_appreq,5593560,16066273202564,704
basic_appreq,4579687,16066277824380,704
basic_appreq,5737655,16066283624298,704
basic_appreq,5514018,16066289177948,704
basic_appreq,4975275,16066294187043,704
basic_appreq,5707058,16066299931096,704
basic_appreq,5277250,16066305269721,704
basic_appreq,4676375,16066309987008,704
basic_appreq,5672006,16066315713673,704
basic_appreq,5096364,16066320855815,704
basic_appreq,5549339,16066326443362,704
basic_appreq,5148159,16066331630416,704
basic_appreq,5652943,16066337321511,704
basic_appreq,5532478,16066342892393,704
basic_appreq,4961528,16066347892834,704
basic_appreq,5545270,16066353502242,704
basic_appreq,5167633,16066358715262,704
basic_appreq,5492736,16066364254400,704
basic_appreq,4724367,16066369018510,704
basic_appreq,5701894,16066374766486,704
basic_appreq,5474658,16066380287315,704
basic_appreq,4738647,16066385061357,704
basic_appreq,5303440,16066390425360,704
basic_appreq,5343149,16066395817974,704
basic_appreq,5246805,16066401099795,704
basic_appreq,5423781,16066406562038,704
basic_appreq,5279899,16066411877872,704
basic_appreq,4893123,16066416805122,704
basic_appreq,5607779,16066422472015,704
basic_appreq,5358230,16066427864396,704
basic_appreq,4846978,16066432757385,704
basic_appreq,6008596,16066438808725,704
basic_appreq,5413200,16066444260067,704
basic_appreq,4722012,16066449020419,704
basic_appreq,5289721,16066454348880,704
basic_appreq,5662209,16066460074523,704
basic_appreq,4628323,16066464744743,704
basic_appreq,5760881,16066470560720,704
basic_appreq,5508541,16066476117006,704
basic_appreq,5086576,16066481242923,704
basic_appreq,5484755,16066486764367,704
basic_appreq,4802349,16066491605747,704
basic_appreq,5711892,16066497382931,704
basic_appreq,5532533,16066502963529,704
basic_appreq,4716194,16066507726925,704
basic_appreq,6047775,16066513860780,704
basic_appreq,5301968,16066519201910,704
basic_appreq,4988644,16066524230179,704
basic_appreq,5395311,16066529705064,704
basic_appreq,5385056,16066535127666,704
basic_appreq,5300226,16066540464680,704
basic_appreq,4974245,16066545485892,704
basic_appreq,4914146,16066550445809,704
basic_appreq,5774647,16066556288688,704
basic_appreq,5402979,16066561740850,704
basic_appreq,4686052,16066566462064,704
basic_appreq,5864507,16066572406040,704
basic_appreq,5325595,16066577767104,704
basic_appreq,4797508,16066582599898,704
basic_appreq,5700108,16066588397226,704
basic_appreq,5482030,16066593932768,704
basic_appreq,4912885,16066598883978,704
basic_appreq,5660081,16066604583696,704
basic_appreq,5460151,16066610082720,704
basic_appreq,4656429,16066614776177,704
basic_appreq,5627117,16066620475059,704
basic_appreq,5260174,16066625787536,704
basic_appreq,4776504,16066630603589,704
basic_appreq,5716353,16066636365007,704
basic_appreq,5220319,16066641634927,704
basic_appreq,4875390,16066646547785,704
basic_appreq,5709041,16066652303168,704
basic_appreq,5253638,16066657611578,704
basic_appreq,4725744,16066662383919,704
basic_appreq,5998215,16066668444541,704
basic_appreq,5048792,16066673540380,704
basic_appreq,4840919,16066678436289,704
basic_appreq,5716737,16066684214800,704
basic_appreq,5456819,16066689718007,704
basic_appreq,4907811,16066694665722,704
basic_appreq,5584581,16066700290149,704
basic_appreq,4778793,16066705107412,704
basic_appreq,5216919,16066710390604,704
basic_appreq,5477616,16066715930881,704
basic_appreq,5275420,16066721247612,704
basic_appreq,5524529,16066726817942,704
basic_appreq,5313796,16066732172185,704
basic_appreq,4838738,16066737050285,704
basic_appreq,5675345,16066742794382,704
basic_appreq,5275727,16066748115279,704
basic_appreq,4881795,16066753045778,704
basic_appreq,5600915,16066758720961,704
basic_appreq,5548102,16066764303745,704
basic_appreq,4565731,16066768916002,704
basic_appreq,5604182,16066774591900,704
basic_appreq,5198427,16066779829680,704
basic_appreq,5307661,16066785175714,704
basic_appreq,4786294,16066790010986,704
basic_appreq,5583686,16066795658991,704
basic_appreq,5403360,16066801107697,704
basic_appreq,4796376,16066805951092,704
basic_appreq,5480420,16066811494628,704
basic_appreq,5511042,16066817053410,704
basic_appreq,5228256,16066822344016,704
basic_appreq,4816671,16066827202826,704
basic_appreq,5855754,16066833124302,704
basic_appreq,5134423,16066838299013,704
basic_appreq,4886038,16066843220236,704
basic_appreq,6076963,16066849358910,704
basic_appreq,5279035,16066854676308,704
basic_appreq,5330870,16066860046592,704
basic_appreq,5128445,16066865215451,704
basic_appreq,5250083,16066870512987,704
basic_appreq,4929504,16066875481262,704
basic_appreq,5312814,16066880845430,704
basic_appreq,4882143,16066885767379,704
basic_appreq,5539409,16066891367692,704
basic_appreq,5278685,16066896685160,704
basic_appreq,5161999,16066901905273,704
basic_appreq,5352363,16066907296530,704
basic_appreq,5098056,16066912433379,704
basic_appreq,5652283,16066918158650,704
basic_appreq,5544828,16066923739773,704
basic_appreq,4792673,16066928573829,704
basic_appreq,5707766,16066934351795,704
basic_appreq,5702016,16066940094341,704
basic_appreq,5049300,16066945183624,704
basic_appreq,4639025,16066949868753,704
basic_appreq,5724096,16066955653663,704
basic_appreq,5387631,16066961091860,704
basic_appreq,4756823,16066965894390,704
basic_appreq,5361813,16066971318569,704
basic_appreq,5378281,16066976732682,704
basic_appreq,5488841,16066982257148,704
basic_appreq,5297098,16066987614566,704
basic_appreq,5031996,16066992681653,704
basic_appreq,5703275,16066998485391,704
basic_appreq,5331753,16067003879608,704
basic_appreq,4773253,16067008692624,704
basic_appreq,5740384,16067014492779,704
basic_appreq,5290323,16067019829133,704
basic_appreq,5006493,16067024876712,704
basic_appreq,5752483,16067030695161,704
basic_appreq,5481270,16067036223841,704
basic_appreq,4793305,16067041053915,704
basic_appreq,5820846,16067046921955,704
basic_appreq,5562022,16067052524103,704
basic_appreq,5033652,16067057594978,704
basic_appreq,5422992,16067063054121,704
basic_appreq,4886027,16067067995729,704
basic_appreq,5248613,16067073324270,704
basic_appreq,5615934,16067078984081,704
basic_appreq,5291475,16067084315015,704
basic_appreq,4841304,16067089196399,704
basic_appreq,5299699,16067094587413,704
basic_appreq,5339800,16067099994929,704
basic_appreq,5619191,16067105682288,704
basic_appreq,5559772,16067111287789,704
basic_appreq,4793615,16067116116717,704
basic_appreq,5872291,16067122038657,704
basic_appreq,5436252,16067127510332,704
basic_appreq,5233711,16067132781964,704
basic_appreq,5530203,16067138351622,704
basic_appreq,5093246,16067143483074,704
basic_appreq,5262793,16067148785212,704
basic_appreq,5127439,16067153959862,704
basic_appreq,5354775,16067159361168,704
basic_appreq,4876423,16067164281056,704
basic_appreq,5850847,16067170199117,704
basic_appreq,5457607,16067175700285,704
basic_appreq,5074443,16067180810436,704
basic_appreq,4765919,16067185614173,704
basic_appreq,5567612,16067191249511,704
basic_appreq,5245578,16067196541117,704
basic_appreq,5445819,16067202027046,704
basic_appreq,5086052,16067207157900,704
basic_appreq,5571221,16067212769122,704
basic_appreq,4721868,16067217543147,704
basic_appreq,5570755,16067223174569,704
basic_appreq,5681065,16067228904631,704
basic_appreq,4575925,16067233518719,704
basic_appreq,5990566,16067239579241,704
basic_appreq,5301730,16067244919090,704
basic_appreq,5045181,16067250002463,704
basic_appreq,5075677,16067255116546,704
basic_appreq,5546961,16067260702518,704
basic_appreq,4801498,16067265550163,704
basic_appreq,5833315,16067271443665,704
basic_appreq,5419610,16067276908573,704
basic_appreq,5021705,16067281967226,704
basic_appreq,5491825,16067287520643,704
basic_appreq,4738989,16067292303366,704
basic_appreq,5859540,16067298224459,704
basic_appreq,5308523,16067303577169,704
basic_appreq,4783059,16067308400209,704
basic_appreq,6028956,16067314492477,704
basic_appreq,5367322,16067319899586,704
basic_appreq,4972278,16067324910838,704
basic_appreq,5288019,16067330233060,704
basic_appreq,5326337,16067335601517,704
basic_appreq,5256003,16067340912483,704
basic_appreq,4833368,16067345792841,704
basic_appreq,5664751,16067351542738,704
basic_appreq,5495212,16067357090310,704
basic_appreq,4763862,16067361903218,704
basic_appreq,5910747,16067367882136,704
basic_appreq,5521470,16067373441614,704
basic_appreq,5229885,16067378705999,704
basic_appreq,5171841,16067383911946,704
basic_appreq,5537109,16067389487689,704
basic_appreq,4790190,16067394316696,704
basic_appreq,5251462,16067399613023,704
basic_appreq,4995433,16067404656389,704
basic_appreq,5891197,16067410611667,704
basic_appreq,5562247,16067416213971,704
basic_appreq,4972863,16067421225413,704
basic_appreq,5450854,16067426723981,704
basic_appreq,4924810,16067431694008,704
basic_appreq,5457592,16067437188446,704
basic_appreq,5447412,16067442680484,704
basic_appreq,5240020,16067447957295,704
basic_appreq,5202888,16067453199261,704
basic_appreq,5411673,16067458672807,704
basic_appreq,5407085,16067464125706,704
basic_appreq,4902332,16067469075736,704
basic_appreq,5467344,16067474607611,704
basic_appreq,5417907,16067480061091,704
basic_appreq,5678978,16067485780195,704
basic_appreq,5218590,16067491039368,704
basic_appreq,4659039,16067495739508,704
basic_appreq,5547572,16067501349386,704
basic_appreq,5214086,16067506611930,704
basic_appreq,5436296,16067512087721,704
basic_appreq,5094926,16067517226217,704
basic_appreq,5307114,16067522572127,704
basic_appreq,4900290,16067527511548,704
basic_appreq,5518510,16067533068907,704
basic_appreq,5983675,16067539114454,704
basic_appreq,5438740,16067544587968,704
basic_appreq,5038945,16067549683317,704
basic_appreq,5372941,16067555090716,704
basic_appreq,4774679,16067559913989,704
basic_appreq,5659983,16067565625751,704
basic_appreq,5711334,16067571376441,704
basic_appreq,5394511,16067576809790,704
basic_appreq,5237271,16067582085133,704
basic_appreq,5253796,16067587378307,704
basic_appreq,4832404,16067592260884,704
basic_appreq,5304595,16067597607894,704
basic_appreq,5459976,16067603103563,704
basic_appreq,5345759,16067608488150,704
basic_appreq,4767060,16067613302539,704
basic_appreq,5499823,16067618894107,704
basic_appreq,5357512,16067624291750,704
basic_appreq,5336438,16067629676852,704
basic_appreq,5280022,16067634999195,704
basic_appreq,5133233,16067640199898,704
basic_appreq,5180153,16067645422554,704
basic_appreq,5519744,16067650993723,704
basic_appreq,5331568,16067656365617,704
basic_appreq,5386079,16067661797304,704
basic_appreq,5305543,16067667149491,704
basic_appreq,5399962,16067672589418,704
basic_appreq,4966367,16067677603894,704
basic_appreq,5600861,16067683295247,704
basic_appreq,5294025,16067688629860,704
basic_appreq,5299543,16067693965857,704
basic_appreq,5308795,16067699311275,704
basic_appreq,5310364,16067704655396,704
basic_appreq,5191752,16067709883566,704
basic_appreq,5352596,16067715271229,704
basic_appreq,5454585,16067720760925,704
basic_appreq,5329504,16067726130787,704
basic_appreq,5032869,16067731211454,704
basic_appreq,5543436,16067736817790,704
basic_appreq,5352336,16067742213764,704
basic_appreq,5366605,16067747625092,704
basic_appreq,5515010,16067753174857,704
basic_appreq,4895662,16067758116307,704
basic_appreq,5360553,16067763563045,704
basic_appreq,5454871,16067769058671,704
basic_appreq,5323623,16067774428971,704
basic_appreq,5331094,16067779804874,704
basic_appreq,4944242,16067784788331,704
basic_appreq,5458588,16067790315547,704
basic_appreq,5380240,16067795738401,704
basic_appreq,5375619,16067801149716,704
basic_appreq,5327920,16067806512872,704
basic_appreq,5173591,16067811731194,704
basic_appreq,5324275,16067817094651,704
basic_appreq,5107002,16067822241212,704
basic_appreq,5492419,16067827789402,704
basic_appreq,5282010,16067833109814,704
basic_appreq,5351708,16067838511343,704
basic_appreq,5344313,16067843895183,704
basic_appreq,5345928,16067849278488,704
basic_appreq,5257650,16067854580551,704
basic_appreq,5374088,16067859991412,704
basic_appreq,5307862,16067865369026,704
basic_appreq,5270700,16067870686395,704
basic_appreq,5434715,16067876161765,704
basic_appreq,5082143,16067881284289,704
basic_appreq,5504838,16067886853683,704
basic_appreq,5372709,16067892275404,704
basic_appreq,4957611,16067897274656,704
basic_appreq,5559457,16067902893346,704
basic_appreq,5298446,16067908236247,704
basic_appreq,5129291,16067913412374,704
basic_appreq,5300905,16067918752500,704
basic_appreq,5373668,16067924172203,704
basic_appreq,5060259,16067929280007,704
basic_appreq,5524038,16067934869854,704
basic_appreq,5382639,16067940300827,704
basic_appreq,4970827,16067945312299,704
basic_appreq,5650394,16067951021856,704
basic_appreq,5350952,16067956429006,704
basic_appreq,4883567,16067961348260,704
basic_appreq,5787865,16067967196236,704
basic_appreq,5596757,16067972832616,704
basic_appreq,4891836,16067977778172,704
basic_appreq,5269659,16067983087076,704
basic_appreq,5337252,16067988463915,704
basic_appreq,5356701,16067993861487,704
basic_appreq,5400980,16067999310927,704
basic_appreq,5131833,16068004483399,704
basic_appreq,5482741,16068010007951,704
basic_appreq,5396179,16068015444224,704
basic_appreq,4953616,16068020445784,704
basic_appreq,5554861,16068026083247,704
basic_appreq,5298792,16068031419227,704
basic_appreq,5353888,16068036817426,704
basic_appreq,5233757,16068042088307,704
basic_appreq,5331594,16068047463438,704
basic_appreq,5498690,16068053008267,704
basic_appreq,4923676,16068057972027,704
basic_appreq,5558141,16068063589524,704
basic_appreq,5209711,16068068834515,704
basic_appreq,5315910,16068074190617,704
basic_appreq,4802012,16068079033310,704
basic_appreq,5402932,16068084474865,704
basic_appreq,5463695,16068089986280,704
basic_appreq,5240646,16068095268062,704
basic_appreq,5149543,16068100482137,704
basic_appreq,5311287,16068105839606,704
basic_appreq,5336868,16068111230024,704
basic_appreq,5345603,16068116615250,704
basic_appreq,4975863,16068121629442,704
basic_appreq,5487162,16068127154913,704
basic_appreq,5268266,16068132469768,704
basic_appreq,5370384,16068137878939,704
basic_appreq,5135793,16068143059985,704
basic_appreq,5451147,16068148549882,704
basic_appreq,5236123,16068153828730,704
basic_appreq,5352602,16068159222326,704
basic_appreq,5463128,16068164730384,704
basic_appreq,5225339,16068170001707,704
basic_appreq,5473466,16068175522264,704
basic_appreq,5289581,16068180858295,704
basic_appreq,5260304,16068186163724,704
basic_appreq,5357261,16068191559735,704
basic_appreq,5235540,16068196835660,704
basic_appreq,5253015,16068202134714,704
basic_appreq,5404533,16068207578154,704
basic_appreq,5180150,16068212798027,704
basic_appreq,5343957,16068218181953,704
basic_appreq,5414329,16068223642220,704
basic_appreq,5181059,16068228860786,704
basic_appreq,5358495,16068234259945,704
basic_appreq,5223876,16068239530013,704
basic_appreq,5357377,16068244934524,704
basic_appreq,5441534,16068250410758,704
basic_appreq,5369336,16068255814889,704
basic_appreq,5165633,16068261014667,704
basic_appreq,5447362,16068266506767,704
basic_appreq,5383758,16068271936203,704
basic_appreq,5362046,16068277342576,704
basic_appreq,5111845,16068282493800,704
basic_appreq,5458482,16068287987136,704
basic_appreq,5418573,16068293464228,704
basic_appreq,5274424,16068298778619,704
basic_appreq,5365692,16068304190707,704
basic_appreq,5354060,16068309583805,704
basic_appreq,5346765,16068314969875,704
basic_appreq,5220447,16068320230791,704
basic_appreq,5237754,16068325516068,704
basic_appreq,5342729,16068330893273,704
basic_appreq,5386124,16068336314107,704
basic_appreq,5167476,16068341520263,704
basic_appreq,5283835,16068346850636,704
basic_appreq,5355415,16068352251885,704
basic_appreq,5267748,16068357565126,704
basic_appreq,5094389,16068362712430,704
basic_appreq,5623188,16068368381010,704
basic_appreq,5089324,16068373515960,704
basic_appreq,5371575,16068378921780,704
basic_appreq,5346238,16068384303551,704
basic_appreq,5284020,16068389624848,704
basic_appreq,5478574,16068395142121,704
basic_appreq,5366077,16068400543441,704
basic_appreq,5330675,16068405919522,704
basic_appreq,5141971,16068411107985,704
basic_appreq,5487566,16068416633306,704
basic_appreq,5361232,16068422042139,704
basic_appreq,5291885,16068427375572,704
basic_appreq,5428081,16068432843466,704
basic_appreq,5394218,16068438273395,704
basic_appreq,5390051,16068443709761,704
basic_appreq,5224681,16068448980898,704
basic_appreq,5205264,16068454233997,704
basic_appreq,5182884,16068459462490,704
basic_appreq,5416653,16068464911959,704
basic_appreq,5478429,16068470425224,704
basic_appreq,5349499,16068475819061,704
basic_appreq,5359132,16068481223567,704
basic_appreq,5041053,16068486306237,704
basic_appreq,5580795,16068491932620,704
basic_appreq,5278180,16068497255160,704
basic_appreq,5149657,16068502450967,704
basic_appreq,5290699,16068507776279,704
basic_appreq,5025005,16068512834313,704
basic_appreq,5509109,16068518378076,704
basic_appreq,5232717,16068523656236,704
basic_appreq,5277235,16068528971509,704
basic_appreq,5399231,16068534407084,704
basic_appreq,5263627,16068539713704,704
basic_appreq,5222681,16068544979227,704
basic_appreq,5458961,16068550481875,704
basic_appreq,5301334,16068555826736,704
basic_appreq,5447854,16068561318076,704
basic_appreq,5266542,16068566623803,704
basic_appreq,5295552,16068571965089,704
basic_appreq,5313406,16068577336310,704
basic_appreq,5348978,16068582730908,704
basic_appreq,5135449,16068587918186,704
basic_appreq,5290978,16068593247393,704
basic_appreq,5392450,16068598684942,704
basic_appreq,5362297,16068604094223,704
basic_appreq,5406059,16068609547115,704
basic_appreq,5514659,16068615108189,704
basic_appreq,5301207,16068620456322,704
basic_appreq,5324930,16068625826869,704
basic_appreq,5450568,16068631327654,704
basic_appreq,5192797,16068636566540,704
basic_appreq,5339601,16068641952113,704
basic_appreq,5190638,16068647205343,704
basic_appreq,5244686,16068652495575,704
basic_appreq,5374300,16068657915327,704
basic_appreq,5223537,16068663185311,704
basic_appreq,5208358,16068668429401,704
basic_appreq,5338426,16068673803427,704
basic_appreq,5186610,16068679033354,704
basic_appreq,5336515,16068684415113,704
basic_appreq,4960638,16068689418137,704
basic_appreq,5498067,16068694960043,704
basic_appreq,5415200,16068700419026,704
basic_appreq,5024147,16068705490279,704
basic_appreq,5233278,16068710770149,704
basic_appreq,5148838,16068715964781,704
basic_appreq,5393432,16068721418158,704
basic_appreq,5278011,16068726742544,704
basic_appreq,5328653,16068732117331,704
basic_appreq,5156807,16068737320557,704
basic_appreq,5438945,16068742806389,704
basic_appreq,5162948,16068748019976,704
basic_appreq,5462626,16068753529058,704
basic_appreq,5304859,16068758881168,704
basic_appreq,5129484,16068764057037,704
basic_appreq,5217763,16068769320058,704
basic_appreq,5169718,16068774535620,704
basic_appreq,5292153,16068779874363,704
basic_appreq,5471187,16068785382983,704
basic_appreq,5268497,16068790697618,704
basic_appreq,5068627,16068795812247,704
basic_appreq,5399850,16068801252151,704
basic_appreq,5177342,16068806496089,704
basic_appreq,4991290,16068811552156,704
basic_appreq,5181692,16068816785744,704
basic_appreq,5357445,16068822207238,704
basic_appreq,5078845,16068827348343,704
basic_appreq,4889947,16068832287777,704
basic_appreq,5048669,16068837400057,704
basic_appreq,5216327,16068842686716,704
basic_appreq,5160218,16068847906086,704
basic_appreq,5250347,16068853229608,704
basic_appreq,5280108,16068858569979,704
basic_appreq,5559003,16068864174357,704
basic_appreq,5245641,16068869474955,704
basic_appreq,5225742,16068874753657,704
basic_appreq,5345847,16068880173205,704
basic_appreq,5163839,16068885412901,704
basic_appreq,5289419,16068890761841,704
basic_appreq,5263845,16068896110103,704
basic_appreq,5362535,16068901553955,704
basic_appreq,5205447,16068906829640,704
basic_appreq,5479969,16068912371842,704
basic_appreq,5184173,16068917619972,704
basic_appreq,5254920,16068922938800,704
basic_appreq,5289536,16068928285002,704
basic_appreq,5424946,16068933784652,704
basic_appreq,5041454,16068938900105,704
basic_appreq,5438019,16068944390845,704
basic_appreq,5282285,16068949727577,704
basic_appreq,5334776,16068955148326,704
basic_appreq,5238885,16068960457768,704
basic_appreq,5244141,16068965774695,704
basic_appreq,5277483,16068971119222,704
basic_appreq,5201525,16068976394336,704
basic_appreq,5685913,16068982139581,704
basic_appreq,5097027,16068987282756,704
basic_appreq,5474478,16068992802010,704
basic_appreq,5173988,16068998021703,704
basic_appreq,5281794,16069003351181,704
basic_appreq,5217026,16069008613707,704
basic_appreq,5339683,16069013997076,704
basic_appreq,5354274,16069019391781,704
basic_appreq,5303441,16069024741554,704
basic_appreq,5252060,16069030039445,704
basic_appreq,5325297,16069035411380,704
basic_appreq,5373877,16069040827921,704
basic_appreq,5329264,16069046191524,704
basic_appreq,5431868,16069051658301,704
basic_appreq,5248813,16069056950849,704
basic_appreq,5273419,16069062276901,704
basic_appreq,5302395,16069067618638,704
basic_appreq,5356894,16069073021781,704
basic_appreq,4655517,16069077723621,704
basic_appreq,4987981,16069082758432,704
basic_appreq,5388815,16069088193626,704
basic_appreq,5093590,16069093334634,704
basic_appreq,5095768,16069098476999,704
basic_appreq,4992966,16069103514869,704
basic_appreq,5049133,16069108607618,704
basic_appreq,5014748,16069113666592,704
basic_appreq,4895362,16069118606052,704
basic_appreq,4914339,16069123565395,704
basic_appreq,5326207,16069128933238,704
basic_appreq,5276927,16069134253685,704
basic_appreq,5171894,16069139469183,704
basic_appreq,5286565,16069144792508,704
basic_appreq,4964072,16069149800221,704
basic_appreq,5048234,16069154884549,704
basic_appreq,5016114,16069159946256,704
basic_appreq,4760932,16069164751889,704
basic_appreq,5183184,16069169970884,704
basic_appreq,4672634,16069174678896,704
basic_appreq,4965141,16069179678431,704
basic_appreq,4982268,16069184704820,704
basic_appreq,4778078,16069189545669,704
basic_appreq,4966065,16069194553482,704
basic_appreq,5085591,16069199686823,704
basic_appreq,4938311,16069204670778,704
basic_appreq,5007578,16069209717460,704
basic_appreq,5029578,16069214779756,704
basic_appreq,5251235,16069220062290,704
basic_appreq,5346037,16069225441319,704
basic_appreq,4928852,16069230413324,704
basic_appreq,5182962,16069235631957,704
basic_appreq,4995660,16069240672329,704
basic_appreq,5242277,16069245961534,704
basic_appreq,5252533,16069251257837,704
basic_appreq,4999612,16069256302020,704
basic_appreq,4928215,16069261278091,704
basic_appreq,4855913,16069266179524,704
basic_appreq,4934678,16069271148449,704
basic_appreq,4870967,16069276053891,704
basic_appreq,4993946,16069281082508,704
basic_appreq,4979518,16069286107750,704
basic_appreq,4510361,16069290661164,704
basic_appreq,5229048,16069295924201,704
basic_appreq,4897104,16069300854360,704
basic_appreq,4901891,16069305791522,704
basic_appreq,5012698,16069310838423,704
basic_appreq,4993202,16069315878063,704
basic_appreq,4958491,16069320881371,704
basic_appreq,5067877,16069325985532,704
basic_appreq,4793370,16069330815196,704
basic_appreq,4917158,16069335775516,704
basic_appreq,4719821,16069340542005,704
basic_appreq,4632389,16069345219599,704
basic_appreq,4747105,16069350011378,704
basic_appreq,4870061,16069354935411,704
basic_appreq,5177693,16069360164089,704
basic_appreq,5211602,16069365457678,704
basic_appreq,5039604,16069370550654,704
basic_appreq,4864891,16069375463989,704
basic_appreq,4844523,16069380349564,704
basic_appreq,4919914,16069385305819,704
basic_appreq,5107907,16069390464885,704
basic_appreq,4970001,16069395476934,704
basic_appreq,4946317,16069400468725,704
basic_appreq,4690154,16069405201168,704
basic_appreq,5365845,16069410657108,704
basic_appreq,5065049,16069415770153,704
basic_appreq,4792373,16069420625768,704
basic_appreq,4968371,16069425636107,704
basic_appreq,4666000,16069430358694,704
basic_appreq,4825068,16069435236605,704
basic_appreq,5058635,16069440349611,704
basic_appreq,4999546,16069445401013,704
basic_appreq,4934833,16069450394905,704
basic_appreq,4830225,16069455267635,704
basic_appreq,5015267,16069460321108,704
basic_appreq,4855498,16069465231157,704
basic_appreq,5057621,16069470343720,704
basic_appreq,5227380,16069475633760,704
basic_appreq,5026820,16069480701341,704
basic_appreq,4969440,16069485712006,704
basic_appreq,4724693,16069490481104,704
basic_appreq,5060935,16069495584617,704
basic_appreq,5050890,16069500668672,704
basic_appreq,4894776,16069505602366,704
basic_appreq,4961125,16069510609547,704
basic_appreq,4905394,16069515550122,704
basic_appreq,4859486,16069520449960,704
basic_appreq,5051378,16069525560415,704
basic_appreq,4812972,16069530438768,704
basic_appreq,5122697,16069535620676,704
basic_appreq,4961494,16069540627837,704
basic_appreq,4890260,16069545574722,704
basic_appreq,4822951,16069550456958,704
basic_appreq,4887147,16069555400974,704
basic_appreq,5173559,16069560611346,704
basic_appreq,4816463,16069565504747,704
basic_appreq,4924488,16069570476824,704
basic_appreq,5114758,16069575638890,704
basic_appreq,4868143,16069580561666,704
basic_appreq,5058553,16069585699094,704
basic_appreq,5095541,16069590841903,704
basic_appreq,5284390,16069596178398,704
basic_appreq,5069826,16069601295148,704
basic_appreq,4913030,16069606261518,704
basic_appreq,3140198,16069609448694,704
basic_appreq,3213463,16069612699385,704
basic_appreq,4600195,16069617333638,704
basic_appreq,5001274,16069622394052,704
basic_appreq,5102540,16069627531253,704
basic_appreq,5311538,16069632878194,704
basic_appreq,5069301,16069638008193,704
basic_appreq,5058706,16069643101837,704
basic_appreq,4830868,16069647979649,704
basic_appreq,4832524,16069652873739,704
basic_appreq,4688484,16069657596677,704
basic_appreq,5018022,16069662649996,704
basic_appreq,4902184,16069667593369,704
basic_appreq,5009758,16069672640177,704
basic_appreq,4987537,16069677664464,704
basic_appreq,4990387,16069682693015,704
basic_appreq,5051267,16069687781976,704
basic_appreq,5209073,16069693027874,704
basic_appreq,5325264,16069698405888,704
basic_appreq,5051088,16069703492756,704
basic_appreq,5276886,16069708816914,704
basic_appreq,4922992,16069713785780,704
basic_appreq,5015534,16069718857724,704
basic_appreq,5078605,16069723982784,704
basic_appreq,4993195,16069729039432,704
basic_appreq,4915941,16069733994839,704
basic_appreq,5199878,16069739243869,704
basic_appreq,5140122,16069744420488,704
basic_appreq,4579939,16069749036691,704
basic_appreq,5134779,16069754246107,704
basic_appreq,5110505,16069759401132,704
basic_appreq,5063028,16069764502217,704
basic_appreq,5250376,16069769787773,704
basic_appreq,5049858,16069774874389,704
basic_appreq,5008250,16069779922743,704
basic_appreq,4957162,16069784919733,704
basic_appreq,4898307,16069789855065,704
basic_appreq,5257871,16069795156784,704
basic_appreq,4826956,16069800027871,704
basic_appreq,5036165,16069805104397,704
basic_appreq,4845009,16069809994529,704
basic_appreq,4248557,16069814313743,704
basic_appreq,4935063,16069819282744,704
basic_appreq,5324500,16069824641469,704
basic_appreq,5053282,16069829729178,704
basic_appreq,4938492,16069834714878,704
basic_appreq,4967910,16069839728211,704
basic_appreq,5083859,16069844846483,704
basic_appreq,5032954,16069849914880,704
basic_appreq,5285332,16069855234999,704
basic_appreq,4937360,16069860211025,704
basic_appreq,4822045,16069865078841,704
basic_appreq,4951186,16069870062617,704
basic_appreq,5134977,16069875230266,704
basic_appreq,5013123,16069880276008,704
basic_appreq,5095485,16069885408243,704
basic_appreq,5083185,16069890535187,704
basic_appreq,4991664,16069895572659,704
basic_appreq,4833555,16069900449669,704
basic_appreq,4909331,16069905398353,704
basic_appreq,4948340,16069910393331,704
basic_appreq,5073102,16069915512779,704
basic_appreq,5155540,16069920709640,704
basic_appreq,4882737,16069925634994,704
basic_appreq,5034342,16069930705099,704
basic_appreq,5010290,16069935762328,704
basic_appreq,5038149,16069940837542,704
basic_appreq,5069850,16069945943665,704
basic_appreq,5009116,16069950996067,704
basic_appreq,5024735,16069956056618,704
basic_appreq,5201312,16069961302658,704
basic_appreq,4974486,16069966324075,704
basic_appreq,4933332,16069971302758,704
basic_appreq,4994067,16069976341002,704
basic_appreq,4922880,16069981310678,704
basic_appreq,4814665,16069986177651,704
basic_appreq,4953201,16069991184669,704
basic_appreq,5031340,16069996268994,704
basic_appreq,5055785,16070001379304,704
basic_appreq,4774569,16070006210637,704
basic_appreq,5067651,16070011325907,704
basic_appreq,4973869,16070016350619,704
basic_appreq,4864179,16070021274926,704
basic_appreq,4949403,16070026283912,704
basic_appreq,4726593,16070031075967,704
basic_appreq,5453550,16070036571650,704
basic_appreq,5158908,16070041779970,704
basic_appreq,5004034,16070046830285,704
basic_appreq,4950766,16070051841017,704
basic_appreq,4971113,16070056866292,704
basic_appreq,5124672,16070062040697,704
basic_appreq,4903417,16070066984930,704
basic_appreq,5316429,16070072342192,704
basic_appreq,5021186,16070077410965,704
basic_appreq,5273038,16070082730819,704
basic_appreq,5180849,16070087959103,704
basic_appreq,4841517,16070093228281,704
basic_appreq,5011120,16070098278982,704
basic_appreq,4953691,16070103278134,704
basic_appreq,5062516,16070108375202,704
basic_appreq,5009726,16070113419056,704
basic_appreq,5085009,16070118545415,704
basic_appreq,4926059,16070123511173,704
basic_appreq,5110118,16070128660811,704
basic_appreq,5168366,16070133870226,704
basic_appreq,5013709,16070138918736,704
basic_appreq,5407449,16070144371682,704
basic_appreq,5169400,16070149587961,704
basic_appreq,4980547,16070154613708,704
basic_appreq,4898856,16070159550526,704
basic_appreq,5138259,16070164726483,704
basic_appreq,4721671,16070169487893,704
basic_appreq,5135762,16070174669410,704
basic_appreq,4783234,16070179486688,704
basic_appreq,4832700,16070184351830,704
basic_appreq,5240543,16070189649521,704
basic_appreq,4940959,16070194636942,704
basic_appreq,4883186,16070199566468,704
basic_appreq,5039401,16070204647469,704
basic_appreq,4979319,16070209670338,704
basic_appreq,4792818,16070214511891,704
basic_appreq,5056135,16070219649460,704
basic_appreq,5052242,16070224736270,704
basic_appreq,4704579,16070229482648,704
basic_appreq,5028015,16070234550162,704
basic_appreq,4700425,16070239289460,704
basic_appreq,5047635,16070244370101,704
basic_appreq,4876340,16070249286887,704
basic_appreq,5092988,16070254412356,704
basic_appreq,5100968,16070259556935,704
basic_appreq,4982446,16070264583243,704
basic_appreq,4921161,16070269547167,704
basic_appreq,5131165,16070274714643,704
basic_appreq,5282344,16070280041989,704
basic_appreq,4678390,16070284765658,704
basic_appreq,5045027,16070289855698,704
basic_appreq,5139660,16070295046169,704
basic_appreq,4976336,16070300056962,704
basic_appreq,4885727,16070304976939,704
basic_appreq,5136244,16070310158904,704
basic_appreq,4830525,16070315035584,704
basic_appreq,4837128,16070319916010,704
basic_appreq,4999083,16070324956026,704
basic_appreq,4971411,16070329971601,704
basic_appreq,4807182,16070334824640,704
basic_appreq,4860802,16070339734002,704
basic_appreq,4828511,16070344593176,704
basic_appreq,4978344,16070349603233,704
basic_appreq,4837227,16070354484101,704
basic_appreq,4970549,16070359498309,704
basic_appreq,4521335,16070364062974,704
basic_appreq,4789920,16070368898146,704
basic_appreq,4928468,16070373872407,704
basic_appreq,4829901,16070378749156,704
basic_appreq,4774086,16070383555902,704
basic_appreq,4786695,16070388374104,704
basic_appreq,5089743,16070393498561,704
basic_appreq,4944825,16070398487188,704
basic_appreq,5174609,16070403699926,704
basic_appreq,4995359,16070408736681,704
basic_appreq,4991803,16070413772273,704
basic_appreq,4976971,16070418792341,704
basic_appreq,4948196,16070423783747,704
basic_appreq,4955767,16070428781447,704
basic_appreq,5078205,16070433897636,704
basic_appreq,4999362,16070438947355,704
basic_appreq,5057818,16070444039795,704
basic_appreq,9020501,16070453096175,704
basic_appreq,5240766,16070458371821,704
basic_appreq,5128645,16070463546321,704
basic_appreq,4950010,16070468541678,704
basic_appreq,5123252,16070473709992,704
basic_appreq,4869488,16070478621278,704
basic_appreq,5148947,16070483816063,704
basic_appreq,5223475,16070489082866,704
basic_appreq,4972187,16070494097733,704
basic_appreq,4903184,16070499042249,704
basic_appreq,5048967,16070504126126,704
basic_appreq,5333679,16070509494920,704
basic_appreq,4932240,16070514472656,704
basic_appreq,5204107,16070519723592,704
basic_appreq,5068497,16070524828192,704
basic_appreq,5208953,16070530080265,704
basic_appreq,4854783,16070534981220,704
basic_appreq,4970790,16070539997826,704
basic_appreq,4876691,16070544942814,704
basic_appreq,4944969,16070549930424,704
basic_appreq,4899820,16070554863753,704
basic_appreq,4883859,16070559782917,704
basic_appreq,5064323,16070564879673,704
basic_appreq,5209257,16070570134907,704
basic_appreq,4848320,16070575029304,704
basic_appreq,4766045,16070579838940,704
basic_appreq,5247652,16070585121255,704
basic_appreq,4994531,16070590159858,704
basic_appreq,5072778,16070595268781,704
basic_appreq,5325556,16070600628822,704
basic_appreq,5124289,16070605785863,704
basic_appreq,4940920,16070610769850,704
basic_appreq,5107903,16070615920724,704
basic_appreq,4936260,16070620899724,704
basic_appreq,4806713,16070625750529,704
basic_appreq,4613984,16070630406559,704
basic_appreq,2979865,16070633424232,704
basic_appreq,3957610,16070637420760,704
basic_appreq,4090658,16070641549283,704
basic_appreq,1999107,16070643595867,704
basic_appreq,2169132,16070645793622,704
basic_appreq,2698012,16070648524902,704
basic_appreq,3204561,16070651760399,704
basic_appreq,1643278,16070653432963,704
basic_appreq,1285902,16070654752372,704
basic_appreq,1093774,16070655873946,704
basic_appreq,2006110,16070657908710,704
basic_appreq,2735548,16070660685138,704
basic_appreq,1466216,16070662192637,704
basic_appreq,1632131,16070663861249,704
basic_appreq,1860359,16070665752951,704
basic_appreq,1628392,16070667411724,704
basic_appreq,1699119,16070669139047,704
basic_appreq,1091840,16070670262266,704
basic_appreq,1217144,16070671504828,704
basic_appreq,1304125,16070672833226,704
basic_appreq,960281,16070673830034,704
basic_appreq,1010551,16070674864916,704
basic_appreq,1149819,16070676039157,704
basic_appreq,1488854,16070677554873,704
basic_appreq,1440227,16070679021019,704
basic_appreq,1534485,16070680579062,704
basic_appreq,1188796,16070681793172,704
basic_appreq,898090,16070682717971,704
basic_appreq,1146267,16070683887740,704
basic_appreq,1371356,16070685283043,704
basic_appreq,1243623,16070686552228,704
basic_appreq,1044620,16070687624209,704
basic_appreq,1286027,16070688934105,704
basic_appreq,1312877,16070690272338,704
basic_appreq,680320,16070690981015,704
basic_appreq,910896,16070691913569,704
basic_appreq,1065202,16070693000882,704
basic_appreq,821796,16070693848054,704
basic_appreq,1135480,16070695006330,704
#end,11,1424,704
