20260216-145538-6593 12715 * main            (benchmark.cc:402): Starting benchmark.
20260216-145543-3545 12715 * main            (benchmark.cc:621): Creating a default paritioner!
20260216-145543-3547 12715 * Client          (client.cc:75):     Initializing StrongStore client with id [57]
20260216-145543-3548 12715 * BenchmarkClient (bench_client.cc:81): starting benchclient, issueConcurrent: 0; fanout: 1
Session created: 0
last_service: , current_state: 0
Session continued: 0
last_service: , current_state: 0
Session destroyed: 18446744073709551615
last_service: , current_state: 0
20260216-145548-7685 12715 * WarmupDone      (bench_client.cc:726): Completed warmup period of 5 seconds with 998 requests
20260216-145559-7692 12715 * Finish          (bench_client.cc:920): Completed 2143 requests in 11.005553 seconds
20260216-145559-7692 12715 * Finish          (bench_client.cc:921): 1 outstanding transactions.
Session continued: 0
last_service: , current_state: 0
Session destroyed: 18446744073709551615
last_service: , current_state: 0
Session continued: 0
last_service: , current_state: 0
Session destroyed: 18446744073709551615
last_service: , current_state: 0
Session destroyed: 0
last_service: , current_state: 0
20260216-145602-7686 12715 * FlushStats      (benchmark.cc:890): Flushing stats to /mnt/extra/experiments/2026-03-16-14-55-14/out/client-0-0-57-stats-0.json.
20260216-145602-7688 12715 * FlushStats      (benchmark.cc:902): All done!
20260216-145604-7695 12715 * Cleanup         (bench_client.cc:748): Aborting 0 outstanding transactions.
20260216-145604-7695 12715 * CooldownDone    (bench_client.cc:778): Finished cooldown period.
20260216-145604-7707 12715 * CooldownDone    (bench_client.cc:785): Median latency is 5055712 ns (5055 us)
20260216-145604-7708 12715 * CooldownDone    (bench_client.cc:794): Average latency is 5088058 ns (5088 us)
20260216-145604-7708 12715 * CooldownDone    (bench_client.cc:798): 90th percentile latency is 5494627 ns (5494 us)
20260216-145604-7709 12715 * CooldownDone    (bench_client.cc:802): 95th percentile latency is 5660438 ns (5660 us)
20260216-145604-7709 12715 * CooldownDone    (bench_client.cc:806): 99th percentile latency is 5917523 ns (5917 us)
20260216-145604-7709 12715 * LATENCY total: 3049 us 5088 us/4194 us 34 ms (2144 samples, 10 s total)
20260216-145604-7710 12715 *    2097 us |         26 | 
20260216-145604-7710 12715 *    4194 us |       2115 | ==================================================
20260216-145604-7710 12715 *    8388 us |          2 | 
20260216-145604-7710 12715 *      16 ms |          0 |
20260216-145604-7711 12715 *      33 ms |          1 | 
20260216-145604-8056 12715 * Stop            (tcptransport.cc:581): [TCP SUMMARY] outgoingCreated=1 outgoingClosed=0 incomingCreated=0 incomingClosed=0 outgoingPeak=1 incomingPeak=0
Inserted events:
  0x5564b36d5f60 [fd  7] Read Persist Internal
  0x5564b36ec510 [fd  9] Read Persist
Active events:
20260216-145604-8057 12715 * main            (benchmark.cc:849): Cleaning up after experiment.
20260216-145604-8057 12715 * FlushStats      (benchmark.cc:890): Flushing stats to /mnt/extra/experiments/2026-03-16-14-55-14/out/client-0-0-57-stats-0.json.
20260216-145604-8059 12715 * FlushStats      (benchmark.cc:902): All done!
