20260216-145538-6697 12792 * main            (benchmark.cc:402): Starting benchmark.
20260216-145543-3850 12792 * main            (benchmark.cc:621): Creating a default paritioner!
20260216-145543-3852 12792 * Client          (client.cc:75):     Initializing StrongStore client with id [94]
20260216-145543-3853 12792 * BenchmarkClient (bench_client.cc:81): starting benchclient, issueConcurrent: 0; fanout: 1
Session created: 0
last_service: , current_state: 0
Session continued: 0
last_service: , current_state: 0
Session destroyed: 18446744073709551615
last_service: , current_state: 0
20260216-145548-7738 12792 * WarmupDone      (bench_client.cc:726): Completed warmup period of 5 seconds with 1001 requests
20260216-145559-7738 12792 * Finish          (bench_client.cc:920): Completed 2143 requests in 11.004352 seconds
20260216-145559-7738 12792 * Finish          (bench_client.cc:921): 1 outstanding transactions.
Session continued: 0
last_service: , current_state: 0
Session destroyed: 18446744073709551615
last_service: , current_state: 0
Session continued: 0
last_service: , current_state: 0
Session destroyed: 18446744073709551615
last_service: , current_state: 0
Session destroyed: 0
last_service: , current_state: 0
20260216-145602-7739 12792 * FlushStats      (benchmark.cc:890): Flushing stats to /mnt/extra/experiments/2026-03-16-14-55-14/out/client-0-0-94-stats-0.json.
20260216-145602-7741 12792 * FlushStats      (benchmark.cc:902): All done!
20260216-145604-7758 12792 * Cleanup         (bench_client.cc:748): Aborting 0 outstanding transactions.
20260216-145604-7758 12792 * CooldownDone    (bench_client.cc:778): Finished cooldown period.
20260216-145604-7764 12792 * CooldownDone    (bench_client.cc:785): Median latency is 5026637 ns (5026 us)
20260216-145604-7764 12792 * CooldownDone    (bench_client.cc:794): Average latency is 5088433 ns (5088 us)
20260216-145604-7765 12792 * CooldownDone    (bench_client.cc:798): 90th percentile latency is 5577257 ns (5577 us)
20260216-145604-7765 12792 * CooldownDone    (bench_client.cc:802): 95th percentile latency is 5736279 ns (5736 us)
20260216-145604-7765 12792 * CooldownDone    (bench_client.cc:806): 99th percentile latency is 6021327 ns (6021 us)
20260216-145604-7765 12792 * LATENCY total: 3274 us 5088 us/4194 us 33 ms (2144 samples, 10 s total)
20260216-145604-7765 12792 *    2097 us |         19 | 
20260216-145604-7765 12792 *    4194 us |       2122 | ==================================================
20260216-145604-7766 12792 *    8388 us |          2 | 
20260216-145604-7766 12792 *      16 ms |          0 |
20260216-145604-7766 12792 *      33 ms |          1 | 
20260216-145604-7776 12792 * Stop            (tcptransport.cc:581): [TCP SUMMARY] outgoingCreated=1 outgoingClosed=0 incomingCreated=0 incomingClosed=0 outgoingPeak=1 incomingPeak=0
Inserted events:
  0x5612e14bdf60 [fd  7] Read Persist Internal
  0x5612e14d4510 [fd  9] Read Persist
Active events:
20260216-145604-7838 12792 * main            (benchmark.cc:849): Cleaning up after experiment.
20260216-145604-7839 12792 * FlushStats      (benchmark.cc:890): Flushing stats to /mnt/extra/experiments/2026-03-16-14-55-14/out/client-0-0-94-stats-0.json.
20260216-145604-7840 12792 * FlushStats      (benchmark.cc:902): All done!
