20260216-145538-6904 12785 * main            (benchmark.cc:402): Starting benchmark.
20260216-145543-4210 12785 * main            (benchmark.cc:621): Creating a default paritioner!
20260216-145543-4212 12785 * Client          (client.cc:75):     Initializing StrongStore client with id [92]
20260216-145543-4213 12785 * BenchmarkClient (bench_client.cc:81): starting benchclient, issueConcurrent: 0; fanout: 1
Session created: 0
last_service: , current_state: 0
Session continued: 0
last_service: , current_state: 0
Session destroyed: 18446744073709551615
last_service: , current_state: 0
20260216-145548-8358 12785 * WarmupDone      (bench_client.cc:726): Completed warmup period of 5 seconds with 999 requests
20260216-145559-8358 12785 * Finish          (bench_client.cc:920): Completed 2170 requests in 11.001550 seconds
20260216-145559-8359 12785 * Finish          (bench_client.cc:921): 1 outstanding transactions.
Session continued: 0
last_service: , current_state: 0
Session destroyed: 18446744073709551615
last_service: , current_state: 0
Session continued: 0
last_service: , current_state: 0
Session destroyed: 18446744073709551615
last_service: , current_state: 0
Session destroyed: 0
last_service: , current_state: 0
20260216-145602-8359 12785 * FlushStats      (benchmark.cc:890): Flushing stats to /mnt/extra/experiments/2026-03-16-14-55-14/out/client-0-0-92-stats-0.json.
20260216-145602-8360 12785 * FlushStats      (benchmark.cc:902): All done!
20260216-145604-8387 12785 * Cleanup         (bench_client.cc:748): Aborting 0 outstanding transactions.
20260216-145604-8388 12785 * CooldownDone    (bench_client.cc:778): Finished cooldown period.
20260216-145604-8394 12785 * CooldownDone    (bench_client.cc:785): Median latency is 5052280 ns (5052 us)
20260216-145604-8394 12785 * CooldownDone    (bench_client.cc:794): Average latency is 5021326 ns (5021 us)
20260216-145604-8394 12785 * CooldownDone    (bench_client.cc:798): 90th percentile latency is 5436939 ns (5436 us)
20260216-145604-8394 12785 * CooldownDone    (bench_client.cc:802): 95th percentile latency is 5577417 ns (5577 us)
20260216-145604-8395 12785 * CooldownDone    (bench_client.cc:806): 99th percentile latency is 5868852 ns (5868 us)
20260216-145604-8395 12785 * LATENCY total: 611 us 5021 us/4194 us 33 ms (2171 samples, 10 s total)
20260216-145604-8395 12785 *     524 us |         11 | 
20260216-145604-8395 12785 *    1048 us |         23 | 
20260216-145604-8395 12785 *    2097 us |         16 | 
20260216-145604-8395 12785 *    4194 us |       2118 | ==================================================
20260216-145604-8396 12785 *    8388 us |          2 | 
20260216-145604-8396 12785 *      16 ms |          0 |
20260216-145604-8396 12785 *      33 ms |          1 | 
20260216-145604-9126 12785 * Stop            (tcptransport.cc:581): [TCP SUMMARY] outgoingCreated=1 outgoingClosed=0 incomingCreated=0 incomingClosed=0 outgoingPeak=1 incomingPeak=0
Inserted events:
  0x55fd3f9caf60 [fd  7] Read Persist Internal
  0x55fd3f9e1510 [fd  9] Read Persist
Active events:
20260216-145604-9126 12785 * main            (benchmark.cc:849): Cleaning up after experiment.
20260216-145604-9127 12785 * FlushStats      (benchmark.cc:890): Flushing stats to /mnt/extra/experiments/2026-03-16-14-55-14/out/client-0-0-92-stats-0.json.
20260216-145604-9128 12785 * FlushStats      (benchmark.cc:902): All done!
