20260313-144250-6697 19398 * main            (benchmark.cc:405): Starting benchmark.
20260313-144251-5238 19398 * main            (benchmark.cc:624): Creating a default paritioner!
20260313-144251-5251 19398 * Client          (client.cc:76):     Initializing StrongStore client with id [6]
20260313-144251-5269 19398 * ShardClient     (shardclient.cc:62): success in sending register client: for client id 6 1
20260313-144251-5270 19398 * ShardClient     (shardclient.cc:62): success in sending register client: for client id 6 1
20260313-144251-5271 19398 * ShardClient     (shardclient.cc:62): success in sending register client: for client id 6 1
20260313-144251-5279 19398 * ShardClient     (shardclient.cc:62): success in sending register client: for client id 6 1
20260313-144251-5279 19398 * ShardClient     (shardclient.cc:62): success in sending register client: for client id 6 1
20260313-144251-5280 19398 * ShardClient     (shardclient.cc:62): success in sending register client: for client id 6 1
20260313-144251-5288 19398 * ShardClient     (shardclient.cc:62): success in sending register client: for client id 6 1
20260313-144251-5289 19398 * ShardClient     (shardclient.cc:62): success in sending register client: for client id 6 1
20260313-144251-5289 19398 * ShardClient     (shardclient.cc:62): success in sending register client: for client id 6 1
20260313-144251-5297 19398 * ShardClient     (shardclient.cc:62): success in sending register client: for client id 6 1
20260313-144251-5298 19398 * ShardClient     (shardclient.cc:62): success in sending register client: for client id 6 1
20260313-144251-5299 19398 * ShardClient     (shardclient.cc:62): success in sending register client: for client id 6 1
20260313-144251-5306 19398 * ShardClient     (shardclient.cc:62): success in sending register client: for client id 6 1
20260313-144251-5307 19398 * ShardClient     (shardclient.cc:62): success in sending register client: for client id 6 1
20260313-144251-5308 19398 * ShardClient     (shardclient.cc:62): success in sending register client: for client id 6 1
20260313-144251-5315 19398 * ShardClient     (shardclient.cc:62): success in sending register client: for client id 6 1
20260313-144251-5316 19398 * ShardClient     (shardclient.cc:62): success in sending register client: for client id 6 1
20260313-144251-5317 19398 * ShardClient     (shardclient.cc:62): success in sending register client: for client id 6 1
20260313-144251-5324 19398 * ShardClient     (shardclient.cc:62): success in sending register client: for client id 6 1
20260313-144251-5325 19398 * ShardClient     (shardclient.cc:62): success in sending register client: for client id 6 1
20260313-144251-5326 19398 * ShardClient     (shardclient.cc:62): success in sending register client: for client id 6 1
20260313-144251-5334 19398 * ShardClient     (shardclient.cc:62): success in sending register client: for client id 6 1
20260313-144251-5334 19398 * ShardClient     (shardclient.cc:62): success in sending register client: for client id 6 1
20260313-144251-5335 19398 * ShardClient     (shardclient.cc:62): success in sending register client: for client id 6 1
20260313-144251-5342 19398 * ShardClient     (shardclient.cc:62): success in sending register client: for client id 6 1
20260313-144251-5343 19398 * ShardClient     (shardclient.cc:62): success in sending register client: for client id 6 1
20260313-144251-5344 19398 * ShardClient     (shardclient.cc:62): success in sending register client: for client id 6 1
20260313-144251-5352 19398 * ShardClient     (shardclient.cc:62): success in sending register client: for client id 6 1
20260313-144251-5352 19398 * ShardClient     (shardclient.cc:62): success in sending register client: for client id 6 1
20260313-144251-5353 19398 * ShardClient     (shardclient.cc:62): success in sending register client: for client id 6 1
20260313-144251-5354 19398 * BenchmarkClient (bench_client.cc:90): starting benchclient, issueConcurrent: 0; fanout: 4
Session created: 0
last_service: , current_state: 0
Session continued: 0
last_service: , current_state: 0
Session destroyed: 18446744073709551615
last_service: , current_state: 0
20260313-144251-5952 19398 * ExecuteNextAppRequestOperation (bench_client.cc:414): Sending op with proto 4 and index 1
20260313-144251-9335 19398 * ReceiveOperationResponse (bench_client.cc:547): AppRequest reply timeline: pos=0 status=0 issue_to_reply_ms=338 batch_age_ms=338
20260313-144251-9337 19398 * ExecuteNextAppRequestOperation (bench_client.cc:414): Sending op with proto 4 and index 0
20260313-144252-3418 19398 * ReceiveOperationResponse (bench_client.cc:547): AppRequest reply timeline: pos=1 status=0 issue_to_reply_ms=408 batch_age_ms=746
20260313-144252-3419 19398 * ExecuteNextAppRequestOperation (bench_client.cc:414): Sending op with proto 4 and index 1
20260313-144252-7435 19398 * ReceiveOperationResponse (bench_client.cc:547): AppRequest reply timeline: pos=2 status=0 issue_to_reply_ms=402 batch_age_ms=1148
20260313-144252-7436 19398 * GetNextOperation (app_request.cc:76): AppRequest batch composition: fanout=4 reads=2 writes=2
20260313-144252-7437 19398 * ExecuteNextAppRequestOperation (bench_client.cc:414): Sending op with proto 4 and index 0
20260313-144253-1515 19398 * ReceiveOperationResponse (bench_client.cc:547): AppRequest reply timeline: pos=3 status=0 issue_to_reply_ms=408 batch_age_ms=1556
20260313-144253-1516 19398 * ReceiveOperationResponse (bench_client.cc:562): AppRequest batch done: fanout=4 total_reply_ms=1556
20260313-144253-1518 19398 * ExecuteNextAppRequestOperation (bench_client.cc:414): Sending op with proto 4 and index 1
20260313-144253-3527 19398 * ReceiveOperationResponse (bench_client.cc:547): AppRequest reply timeline: pos=0 status=0 issue_to_reply_ms=201 batch_age_ms=201
20260313-144253-3528 19398 * ExecuteNextAppRequestOperation (bench_client.cc:414): Sending op with proto 4 and index 1
20260313-144253-5538 19398 * ReceiveOperationResponse (bench_client.cc:547): AppRequest reply timeline: pos=1 status=0 issue_to_reply_ms=201 batch_age_ms=402
20260313-144253-5539 19398 * ExecuteNextAppRequestOperation (bench_client.cc:414): Sending op with proto 4 and index 1
20260313-144253-7550 19398 * ReceiveOperationResponse (bench_client.cc:547): AppRequest reply timeline: pos=2 status=0 issue_to_reply_ms=201 batch_age_ms=603
20260313-144253-7551 19398 * GetNextOperation (app_request.cc:76): AppRequest batch composition: fanout=4 reads=3 writes=1
20260313-144253-7552 19398 * ExecuteNextAppRequestOperation (bench_client.cc:414): Sending op with proto 4 and index 0
20260313-144254-1572 19398 * ReceiveOperationResponse (bench_client.cc:547): AppRequest reply timeline: pos=3 status=0 issue_to_reply_ms=402 batch_age_ms=1006
20260313-144254-1572 19398 * ReceiveOperationResponse (bench_client.cc:562): AppRequest batch done: fanout=4 total_reply_ms=1006
20260313-144254-1578 19398 * ExecuteNextAppRequestOperation (bench_client.cc:414): Sending op with proto 4 and index 1
20260313-144254-3589 19398 * ReceiveOperationResponse (bench_client.cc:547): AppRequest reply timeline: pos=0 status=0 issue_to_reply_ms=201 batch_age_ms=201
20260313-144254-3591 19398 * ExecuteNextAppRequestOperation (bench_client.cc:414): Sending op with proto 4 and index 1
20260313-144254-5601 19398 * ReceiveOperationResponse (bench_client.cc:547): AppRequest reply timeline: pos=1 status=0 issue_to_reply_ms=201 batch_age_ms=402
20260313-144254-5602 19398 * ExecuteNextAppRequestOperation (bench_client.cc:414): Sending op with proto 4 and index 1
20260313-144254-7613 19398 * ReceiveOperationResponse (bench_client.cc:547): AppRequest reply timeline: pos=2 status=0 issue_to_reply_ms=201 batch_age_ms=604
20260313-144254-7615 19398 * GetNextOperation (app_request.cc:76): AppRequest batch composition: fanout=4 reads=3 writes=1
20260313-144254-7615 19398 * ExecuteNextAppRequestOperation (bench_client.cc:414): Sending op with proto 4 and index 0
20260313-144255-1634 19398 * ReceiveOperationResponse (bench_client.cc:547): AppRequest reply timeline: pos=3 status=0 issue_to_reply_ms=402 batch_age_ms=1006
20260313-144255-1635 19398 * ReceiveOperationResponse (bench_client.cc:562): AppRequest batch done: fanout=4 total_reply_ms=1006
20260313-144255-1640 19398 * ExecuteNextAppRequestOperation (bench_client.cc:414): Sending op with proto 4 and index 0
20260313-144255-5659 19398 * ReceiveOperationResponse (bench_client.cc:547): AppRequest reply timeline: pos=0 status=0 issue_to_reply_ms=402 batch_age_ms=402
20260313-144255-5661 19398 * ExecuteNextAppRequestOperation (bench_client.cc:414): Sending op with proto 4 and index 1
20260313-144255-5952 19398 * WarmupDone      (bench_client.cc:744): Completed warmup period of 4 seconds with 3 requests
20260313-144255-7671 19398 * ReceiveOperationResponse (bench_client.cc:547): AppRequest reply timeline: pos=1 status=0 issue_to_reply_ms=201 batch_age_ms=604
20260313-144255-7673 19398 * ExecuteNextAppRequestOperation (bench_client.cc:414): Sending op with proto 4 and index 1
20260313-144255-9683 19398 * ReceiveOperationResponse (bench_client.cc:547): AppRequest reply timeline: pos=2 status=0 issue_to_reply_ms=201 batch_age_ms=805
20260313-144255-9684 19398 * GetNextOperation (app_request.cc:76): AppRequest batch composition: fanout=4 reads=2 writes=2
20260313-144255-9685 19398 * ExecuteNextAppRequestOperation (bench_client.cc:414): Sending op with proto 4 and index 0
20260313-144256-3704 19398 * ReceiveOperationResponse (bench_client.cc:547): AppRequest reply timeline: pos=3 status=0 issue_to_reply_ms=402 batch_age_ms=1207
20260313-144256-3705 19398 * ReceiveOperationResponse (bench_client.cc:562): AppRequest batch done: fanout=4 total_reply_ms=1207
20260313-144256-3714 19398 * ExecuteNextAppRequestOperation (bench_client.cc:414): Sending op with proto 4 and index 1
20260313-144256-5724 19398 * ReceiveOperationResponse (bench_client.cc:547): AppRequest reply timeline: pos=0 status=0 issue_to_reply_ms=201 batch_age_ms=201
20260313-144256-5726 19398 * ExecuteNextAppRequestOperation (bench_client.cc:414): Sending op with proto 4 and index 0
20260313-144256-9744 19398 * ReceiveOperationResponse (bench_client.cc:547): AppRequest reply timeline: pos=1 status=0 issue_to_reply_ms=402 batch_age_ms=603
20260313-144256-9746 19398 * ExecuteNextAppRequestOperation (bench_client.cc:414): Sending op with proto 4 and index 1
20260313-144257-1755 19398 * ReceiveOperationResponse (bench_client.cc:547): AppRequest reply timeline: pos=2 status=0 issue_to_reply_ms=201 batch_age_ms=804
20260313-144257-1757 19398 * GetNextOperation (app_request.cc:76): AppRequest batch composition: fanout=4 reads=2 writes=2
20260313-144257-1757 19398 * ExecuteNextAppRequestOperation (bench_client.cc:414): Sending op with proto 4 and index 0
20260313-144257-5775 19398 * ReceiveOperationResponse (bench_client.cc:547): AppRequest reply timeline: pos=3 status=0 issue_to_reply_ms=402 batch_age_ms=1206
20260313-144257-5776 19398 * ReceiveOperationResponse (bench_client.cc:562): AppRequest batch done: fanout=4 total_reply_ms=1206
20260313-144257-5779 19398 * ExecuteNextAppRequestOperation (bench_client.cc:414): Sending op with proto 4 and index 1
20260313-144257-7790 19398 * ReceiveOperationResponse (bench_client.cc:547): AppRequest reply timeline: pos=0 status=0 issue_to_reply_ms=201 batch_age_ms=201
20260313-144257-7792 19398 * ExecuteNextAppRequestOperation (bench_client.cc:414): Sending op with proto 4 and index 1
20260313-144258-1808 19398 * ReceiveOperationResponse (bench_client.cc:547): AppRequest reply timeline: pos=1 status=0 issue_to_reply_ms=401 batch_age_ms=603
20260313-144258-1810 19398 * ExecuteNextAppRequestOperation (bench_client.cc:414): Sending op with proto 4 and index 1
20260313-144258-3820 19398 * ReceiveOperationResponse (bench_client.cc:547): AppRequest reply timeline: pos=2 status=0 issue_to_reply_ms=201 batch_age_ms=804
20260313-144258-3821 19398 * GetNextOperation (app_request.cc:76): AppRequest batch composition: fanout=4 reads=4 writes=0
20260313-144258-3822 19398 * ExecuteNextAppRequestOperation (bench_client.cc:414): Sending op with proto 4 and index 1
20260313-144258-5831 19398 * ReceiveOperationResponse (bench_client.cc:547): AppRequest reply timeline: pos=3 status=0 issue_to_reply_ms=201 batch_age_ms=1006
20260313-144258-5832 19398 * ReceiveOperationResponse (bench_client.cc:562): AppRequest batch done: fanout=4 total_reply_ms=1006
20260313-144258-5854 19398 * ExecuteNextAppRequestOperation (bench_client.cc:414): Sending op with proto 4 and index 0
20260313-144258-9873 19398 * ReceiveOperationResponse (bench_client.cc:547): AppRequest reply timeline: pos=0 status=0 issue_to_reply_ms=402 batch_age_ms=402
20260313-144258-9874 19398 * ExecuteNextAppRequestOperation (bench_client.cc:414): Sending op with proto 4 and index 1
20260313-144259-1884 19398 * ReceiveOperationResponse (bench_client.cc:547): AppRequest reply timeline: pos=1 status=0 issue_to_reply_ms=201 batch_age_ms=603
20260313-144259-1886 19398 * ExecuteNextAppRequestOperation (bench_client.cc:414): Sending op with proto 4 and index 1
20260313-144259-3897 19398 * ReceiveOperationResponse (bench_client.cc:547): AppRequest reply timeline: pos=2 status=0 issue_to_reply_ms=201 batch_age_ms=804
20260313-144259-3898 19398 * GetNextOperation (app_request.cc:76): AppRequest batch composition: fanout=4 reads=2 writes=2
20260313-144259-3899 19398 * ExecuteNextAppRequestOperation (bench_client.cc:414): Sending op with proto 4 and index 0
20260313-144259-7920 19398 * ReceiveOperationResponse (bench_client.cc:547): AppRequest reply timeline: pos=3 status=0 issue_to_reply_ms=402 batch_age_ms=1206
20260313-144259-7921 19398 * ReceiveOperationResponse (bench_client.cc:562): AppRequest batch done: fanout=4 total_reply_ms=1206
20260313-144259-7931 19398 * ExecuteNextAppRequestOperation (bench_client.cc:414): Sending op with proto 4 and index 1
20260313-144259-9942 19398 * ReceiveOperationResponse (bench_client.cc:547): AppRequest reply timeline: pos=0 status=0 issue_to_reply_ms=201 batch_age_ms=201
20260313-144259-9944 19398 * ExecuteNextAppRequestOperation (bench_client.cc:414): Sending op with proto 4 and index 0
20260313-144300-3963 19398 * ReceiveOperationResponse (bench_client.cc:547): AppRequest reply timeline: pos=1 status=0 issue_to_reply_ms=402 batch_age_ms=603
20260313-144300-3964 19398 * ExecuteNextAppRequestOperation (bench_client.cc:414): Sending op with proto 4 and index 1
20260313-144300-5974 19398 * ReceiveOperationResponse (bench_client.cc:547): AppRequest reply timeline: pos=2 status=0 issue_to_reply_ms=201 batch_age_ms=804
20260313-144300-5976 19398 * GetNextOperation (app_request.cc:76): AppRequest batch composition: fanout=4 reads=2 writes=2
20260313-144300-5976 19398 * ExecuteNextAppRequestOperation (bench_client.cc:414): Sending op with proto 4 and index 0
20260313-144300-9995 19398 * ReceiveOperationResponse (bench_client.cc:547): AppRequest reply timeline: pos=3 status=0 issue_to_reply_ms=402 batch_age_ms=1206
20260313-144300-9996 19398 * ReceiveOperationResponse (bench_client.cc:562): AppRequest batch done: fanout=4 total_reply_ms=1206
20260313-144301-0012 19398 * ExecuteNextAppRequestOperation (bench_client.cc:414): Sending op with proto 4 and index 0
20260313-144301-4032 19398 * ReceiveOperationResponse (bench_client.cc:547): AppRequest reply timeline: pos=0 status=0 issue_to_reply_ms=402 batch_age_ms=402
20260313-144301-4033 19398 * ExecuteNextAppRequestOperation (bench_client.cc:414): Sending op with proto 4 and index 1
20260313-144301-6044 19398 * ReceiveOperationResponse (bench_client.cc:547): AppRequest reply timeline: pos=1 status=0 issue_to_reply_ms=201 batch_age_ms=603
20260313-144301-6045 19398 * ExecuteNextAppRequestOperation (bench_client.cc:414): Sending op with proto 4 and index 1
20260313-144301-8056 19398 * ReceiveOperationResponse (bench_client.cc:547): AppRequest reply timeline: pos=2 status=0 issue_to_reply_ms=201 batch_age_ms=804
20260313-144301-8057 19398 * GetNextOperation (app_request.cc:76): AppRequest batch composition: fanout=4 reads=2 writes=2
20260313-144301-8058 19398 * ExecuteNextAppRequestOperation (bench_client.cc:414): Sending op with proto 4 and index 0
20260313-144302-2077 19398 * ReceiveOperationResponse (bench_client.cc:547): AppRequest reply timeline: pos=3 status=0 issue_to_reply_ms=402 batch_age_ms=1206
20260313-144302-2078 19398 * ReceiveOperationResponse (bench_client.cc:562): AppRequest batch done: fanout=4 total_reply_ms=1206
20260313-144302-2094 19398 * ExecuteNextAppRequestOperation (bench_client.cc:414): Sending op with proto 4 and index 0
20260313-144302-6113 19398 * ReceiveOperationResponse (bench_client.cc:547): AppRequest reply timeline: pos=0 status=0 issue_to_reply_ms=402 batch_age_ms=402
20260313-144302-6114 19398 * ExecuteNextAppRequestOperation (bench_client.cc:414): Sending op with proto 4 and index 1
20260313-144302-8125 19398 * ReceiveOperationResponse (bench_client.cc:547): AppRequest reply timeline: pos=1 status=0 issue_to_reply_ms=201 batch_age_ms=603
20260313-144302-8127 19398 * ExecuteNextAppRequestOperation (bench_client.cc:414): Sending op with proto 4 and index 1
20260313-144303-0137 19398 * ReceiveOperationResponse (bench_client.cc:547): AppRequest reply timeline: pos=2 status=0 issue_to_reply_ms=201 batch_age_ms=804
20260313-144303-0139 19398 * GetNextOperation (app_request.cc:76): AppRequest batch composition: fanout=4 reads=3 writes=1
20260313-144303-0139 19398 * ExecuteNextAppRequestOperation (bench_client.cc:414): Sending op with proto 4 and index 1
20260313-144303-2150 19398 * ReceiveOperationResponse (bench_client.cc:547): AppRequest reply timeline: pos=3 status=0 issue_to_reply_ms=201 batch_age_ms=1005
20260313-144303-2151 19398 * ReceiveOperationResponse (bench_client.cc:562): AppRequest batch done: fanout=4 total_reply_ms=1005
20260313-144303-2166 19398 * ExecuteNextAppRequestOperation (bench_client.cc:414): Sending op with proto 4 and index 0
20260313-144303-6187 19398 * ReceiveOperationResponse (bench_client.cc:547): AppRequest reply timeline: pos=0 status=0 issue_to_reply_ms=402 batch_age_ms=402
20260313-144303-6188 19398 * ExecuteNextAppRequestOperation (bench_client.cc:414): Sending op with proto 4 and index 1
20260313-144303-8199 19398 * ReceiveOperationResponse (bench_client.cc:547): AppRequest reply timeline: pos=1 status=0 issue_to_reply_ms=201 batch_age_ms=603
20260313-144303-8201 19398 * ExecuteNextAppRequestOperation (bench_client.cc:414): Sending op with proto 4 and index 0
20260313-144304-2222 19398 * ReceiveOperationResponse (bench_client.cc:547): AppRequest reply timeline: pos=2 status=0 issue_to_reply_ms=402 batch_age_ms=1006
20260313-144304-2224 19398 * GetNextOperation (app_request.cc:76): AppRequest batch composition: fanout=4 reads=2 writes=2
20260313-144304-2224 19398 * ExecuteNextAppRequestOperation (bench_client.cc:414): Sending op with proto 4 and index 1
20260313-144304-4235 19398 * ReceiveOperationResponse (bench_client.cc:547): AppRequest reply timeline: pos=3 status=0 issue_to_reply_ms=201 batch_age_ms=1207
20260313-144304-4236 19398 * ReceiveOperationResponse (bench_client.cc:562): AppRequest batch done: fanout=4 total_reply_ms=1207
20260313-144304-4257 19398 * ExecuteNextAppRequestOperation (bench_client.cc:414): Sending op with proto 4 and index 1
20260313-144304-6267 19398 * ReceiveOperationResponse (bench_client.cc:547): AppRequest reply timeline: pos=0 status=0 issue_to_reply_ms=201 batch_age_ms=201
20260313-144304-6269 19398 * ExecuteNextAppRequestOperation (bench_client.cc:414): Sending op with proto 4 and index 1
20260313-144304-8280 19398 * ReceiveOperationResponse (bench_client.cc:547): AppRequest reply timeline: pos=1 status=0 issue_to_reply_ms=201 batch_age_ms=402
20260313-144304-8281 19398 * ExecuteNextAppRequestOperation (bench_client.cc:414): Sending op with proto 4 and index 1
20260313-144305-0292 19398 * ReceiveOperationResponse (bench_client.cc:547): AppRequest reply timeline: pos=2 status=0 issue_to_reply_ms=201 batch_age_ms=604
20260313-144305-0294 19398 * GetNextOperation (app_request.cc:76): AppRequest batch composition: fanout=4 reads=3 writes=1
20260313-144305-0294 19398 * ExecuteNextAppRequestOperation (bench_client.cc:414): Sending op with proto 4 and index 0
20260313-144305-4314 19398 * ReceiveOperationResponse (bench_client.cc:547): AppRequest reply timeline: pos=3 status=0 issue_to_reply_ms=402 batch_age_ms=1006
20260313-144305-4315 19398 * ReceiveOperationResponse (bench_client.cc:562): AppRequest batch done: fanout=4 total_reply_ms=1006
20260313-144305-4325 19398 * ExecuteNextAppRequestOperation (bench_client.cc:414): Sending op with proto 4 and index 0
20260313-144305-8345 19398 * ReceiveOperationResponse (bench_client.cc:547): AppRequest reply timeline: pos=0 status=0 issue_to_reply_ms=402 batch_age_ms=402
20260313-144305-8346 19398 * ExecuteNextAppRequestOperation (bench_client.cc:414): Sending op with proto 4 and index 1
20260313-144306-2363 19398 * ReceiveOperationResponse (bench_client.cc:547): AppRequest reply timeline: pos=1 status=0 issue_to_reply_ms=402 batch_age_ms=804
20260313-144306-2364 19398 * ExecuteNextAppRequestOperation (bench_client.cc:414): Sending op with proto 4 and index 1
20260313-144306-4375 19398 * ReceiveOperationResponse (bench_client.cc:547): AppRequest reply timeline: pos=2 status=0 issue_to_reply_ms=201 batch_age_ms=1005
20260313-144306-4376 19398 * GetNextOperation (app_request.cc:76): AppRequest batch composition: fanout=4 reads=2 writes=2
20260313-144306-4377 19398 * ExecuteNextAppRequestOperation (bench_client.cc:414): Sending op with proto 4 and index 0
20260313-144306-8399 19398 * ReceiveOperationResponse (bench_client.cc:547): AppRequest reply timeline: pos=3 status=0 issue_to_reply_ms=402 batch_age_ms=1407
20260313-144306-8400 19398 * ReceiveOperationResponse (bench_client.cc:562): AppRequest batch done: fanout=4 total_reply_ms=1407
20260313-144306-8413 19398 * ExecuteNextAppRequestOperation (bench_client.cc:414): Sending op with proto 4 and index 0
20260313-144307-2433 19398 * ReceiveOperationResponse (bench_client.cc:547): AppRequest reply timeline: pos=0 status=0 issue_to_reply_ms=402 batch_age_ms=402
20260313-144307-2434 19398 * ExecuteNextAppRequestOperation (bench_client.cc:414): Sending op with proto 4 and index 1
20260313-144307-4444 19398 * ReceiveOperationResponse (bench_client.cc:547): AppRequest reply timeline: pos=1 status=0 issue_to_reply_ms=201 batch_age_ms=603
20260313-144307-4446 19398 * ExecuteNextAppRequestOperation (bench_client.cc:414): Sending op with proto 4 and index 0
20260313-144307-8463 19398 * ReceiveOperationResponse (bench_client.cc:547): AppRequest reply timeline: pos=2 status=0 issue_to_reply_ms=402 batch_age_ms=1005
20260313-144307-8465 19398 * GetNextOperation (app_request.cc:76): AppRequest batch composition: fanout=4 reads=2 writes=2
20260313-144307-8465 19398 * ExecuteNextAppRequestOperation (bench_client.cc:414): Sending op with proto 4 and index 1
20260313-144308-0476 19398 * ReceiveOperationResponse (bench_client.cc:547): AppRequest reply timeline: pos=3 status=0 issue_to_reply_ms=201 batch_age_ms=1206
20260313-144308-0476 19398 * ReceiveOperationResponse (bench_client.cc:562): AppRequest batch done: fanout=4 total_reply_ms=1206
20260313-144308-0488 19398 * ExecuteNextAppRequestOperation (bench_client.cc:414): Sending op with proto 4 and index 1
20260313-144308-2498 19398 * ReceiveOperationResponse (bench_client.cc:547): AppRequest reply timeline: pos=0 status=0 issue_to_reply_ms=201 batch_age_ms=201
20260313-144308-2500 19398 * ExecuteNextAppRequestOperation (bench_client.cc:414): Sending op with proto 4 and index 1
20260313-144308-4510 19398 * ReceiveOperationResponse (bench_client.cc:547): AppRequest reply timeline: pos=1 status=0 issue_to_reply_ms=201 batch_age_ms=402
20260313-144308-4511 19398 * ExecuteNextAppRequestOperation (bench_client.cc:414): Sending op with proto 4 and index 0
20260313-144308-8530 19398 * ReceiveOperationResponse (bench_client.cc:547): AppRequest reply timeline: pos=2 status=0 issue_to_reply_ms=401 batch_age_ms=804
20260313-144308-8532 19398 * GetNextOperation (app_request.cc:76): AppRequest batch composition: fanout=4 reads=3 writes=1
20260313-144308-8532 19398 * ExecuteNextAppRequestOperation (bench_client.cc:414): Sending op with proto 4 and index 1
20260313-144309-0543 19398 * ReceiveOperationResponse (bench_client.cc:547): AppRequest reply timeline: pos=3 status=0 issue_to_reply_ms=201 batch_age_ms=1006
20260313-144309-0544 19398 * ReceiveOperationResponse (bench_client.cc:562): AppRequest batch done: fanout=4 total_reply_ms=1006
20260313-144309-0557 19398 * ExecuteNextAppRequestOperation (bench_client.cc:414): Sending op with proto 4 and index 0
20260313-144309-4576 19398 * ReceiveOperationResponse (bench_client.cc:547): AppRequest reply timeline: pos=0 status=0 issue_to_reply_ms=402 batch_age_ms=402
20260313-144309-4577 19398 * ExecuteNextAppRequestOperation (bench_client.cc:414): Sending op with proto 4 and index 1
20260313-144309-6587 19398 * ReceiveOperationResponse (bench_client.cc:547): AppRequest reply timeline: pos=1 status=0 issue_to_reply_ms=201 batch_age_ms=603
20260313-144309-6589 19398 * ExecuteNextAppRequestOperation (bench_client.cc:414): Sending op with proto 4 and index 1
20260313-144309-8598 19398 * ReceiveOperationResponse (bench_client.cc:547): AppRequest reply timeline: pos=2 status=0 issue_to_reply_ms=201 batch_age_ms=804
20260313-144309-8599 19398 * GetNextOperation (app_request.cc:76): AppRequest batch composition: fanout=4 reads=3 writes=1
20260313-144309-8600 19398 * ExecuteNextAppRequestOperation (bench_client.cc:414): Sending op with proto 4 and index 1
20260313-144310-0611 19398 * ReceiveOperationResponse (bench_client.cc:547): AppRequest reply timeline: pos=3 status=0 issue_to_reply_ms=201 batch_age_ms=1005
20260313-144310-0612 19398 * ReceiveOperationResponse (bench_client.cc:562): AppRequest batch done: fanout=4 total_reply_ms=1005
20260313-144310-0630 19398 * ExecuteNextAppRequestOperation (bench_client.cc:414): Sending op with proto 4 and index 0
20260313-144310-4649 19398 * ReceiveOperationResponse (bench_client.cc:547): AppRequest reply timeline: pos=0 status=0 issue_to_reply_ms=402 batch_age_ms=402
20260313-144310-4650 19398 * ExecuteNextAppRequestOperation (bench_client.cc:414): Sending op with proto 4 and index 0
20260313-144310-8670 19398 * ReceiveOperationResponse (bench_client.cc:547): AppRequest reply timeline: pos=1 status=0 issue_to_reply_ms=402 batch_age_ms=804
20260313-144310-8671 19398 * ExecuteNextAppRequestOperation (bench_client.cc:414): Sending op with proto 4 and index 1
20260313-144311-0682 19398 * ReceiveOperationResponse (bench_client.cc:547): AppRequest reply timeline: pos=2 status=0 issue_to_reply_ms=201 batch_age_ms=1006
20260313-144311-0684 19398 * GetNextOperation (app_request.cc:76): AppRequest batch composition: fanout=4 reads=1 writes=3
20260313-144311-0684 19398 * ExecuteNextAppRequestOperation (bench_client.cc:414): Sending op with proto 4 and index 0
20260313-144311-4703 19398 * ReceiveOperationResponse (bench_client.cc:547): AppRequest reply timeline: pos=3 status=0 issue_to_reply_ms=402 batch_age_ms=1408
20260313-144311-4704 19398 * ReceiveOperationResponse (bench_client.cc:562): AppRequest batch done: fanout=4 total_reply_ms=1408
20260313-144311-4710 19398 * ExecuteNextAppRequestOperation (bench_client.cc:414): Sending op with proto 4 and index 0
20260313-144311-8728 19398 * ReceiveOperationResponse (bench_client.cc:547): AppRequest reply timeline: pos=0 status=0 issue_to_reply_ms=402 batch_age_ms=402
20260313-144311-8730 19398 * ExecuteNextAppRequestOperation (bench_client.cc:414): Sending op with proto 4 and index 0
20260313-144312-2750 19398 * ReceiveOperationResponse (bench_client.cc:547): AppRequest reply timeline: pos=1 status=0 issue_to_reply_ms=402 batch_age_ms=804
20260313-144312-2751 19398 * ExecuteNextAppRequestOperation (bench_client.cc:414): Sending op with proto 4 and index 0
20260313-144312-6772 19398 * ReceiveOperationResponse (bench_client.cc:547): AppRequest reply timeline: pos=2 status=0 issue_to_reply_ms=402 batch_age_ms=1207
20260313-144312-6773 19398 * GetNextOperation (app_request.cc:76): AppRequest batch composition: fanout=4 reads=0 writes=4
20260313-144312-6774 19398 * ExecuteNextAppRequestOperation (bench_client.cc:414): Sending op with proto 4 and index 0
20260313-144313-0793 19398 * ReceiveOperationResponse (bench_client.cc:547): AppRequest reply timeline: pos=3 status=0 issue_to_reply_ms=402 batch_age_ms=1609
20260313-144313-0794 19398 * ReceiveOperationResponse (bench_client.cc:562): AppRequest batch done: fanout=4 total_reply_ms=1609
20260313-144313-0815 19398 * ExecuteNextAppRequestOperation (bench_client.cc:414): Sending op with proto 4 and index 1
20260313-144313-2826 19398 * ReceiveOperationResponse (bench_client.cc:547): AppRequest reply timeline: pos=0 status=0 issue_to_reply_ms=201 batch_age_ms=201
20260313-144313-2828 19398 * ExecuteNextAppRequestOperation (bench_client.cc:414): Sending op with proto 4 and index 1
20260313-144313-4837 19398 * ReceiveOperationResponse (bench_client.cc:547): AppRequest reply timeline: pos=1 status=0 issue_to_reply_ms=201 batch_age_ms=402
20260313-144313-4839 19398 * ExecuteNextAppRequestOperation (bench_client.cc:414): Sending op with proto 4 and index 0
20260313-144313-8857 19398 * ReceiveOperationResponse (bench_client.cc:547): AppRequest reply timeline: pos=2 status=0 issue_to_reply_ms=402 batch_age_ms=804
20260313-144313-8858 19398 * GetNextOperation (app_request.cc:76): AppRequest batch composition: fanout=4 reads=2 writes=2
20260313-144313-8859 19398 * ExecuteNextAppRequestOperation (bench_client.cc:414): Sending op with proto 4 and index 0
20260313-144314-2879 19398 * ReceiveOperationResponse (bench_client.cc:547): AppRequest reply timeline: pos=3 status=0 issue_to_reply_ms=402 batch_age_ms=1206
20260313-144314-2880 19398 * ReceiveOperationResponse (bench_client.cc:562): AppRequest batch done: fanout=4 total_reply_ms=1206
20260313-144314-2893 19398 * ExecuteNextAppRequestOperation (bench_client.cc:414): Sending op with proto 4 and index 0
20260313-144314-6913 19398 * ReceiveOperationResponse (bench_client.cc:547): AppRequest reply timeline: pos=0 status=0 issue_to_reply_ms=402 batch_age_ms=402
20260313-144314-6914 19398 * ExecuteNextAppRequestOperation (bench_client.cc:414): Sending op with proto 4 and index 0
20260313-144315-0934 19398 * ReceiveOperationResponse (bench_client.cc:547): AppRequest reply timeline: pos=1 status=0 issue_to_reply_ms=402 batch_age_ms=804
20260313-144315-0936 19398 * ExecuteNextAppRequestOperation (bench_client.cc:414): Sending op with proto 4 and index 1
20260313-144315-2946 19398 * ReceiveOperationResponse (bench_client.cc:547): AppRequest reply timeline: pos=2 status=0 issue_to_reply_ms=201 batch_age_ms=1005
20260313-144315-2948 19398 * GetNextOperation (app_request.cc:76): AppRequest batch composition: fanout=4 reads=1 writes=3
20260313-144315-2948 19398 * ExecuteNextAppRequestOperation (bench_client.cc:414): Sending op with proto 4 and index 0
20260313-144315-6967 19398 * ReceiveOperationResponse (bench_client.cc:547): AppRequest reply timeline: pos=3 status=0 issue_to_reply_ms=402 batch_age_ms=1407
20260313-144315-6968 19398 * ReceiveOperationResponse (bench_client.cc:562): AppRequest batch done: fanout=4 total_reply_ms=1407
20260313-144315-6982 19398 * ExecuteNextAppRequestOperation (bench_client.cc:414): Sending op with proto 4 and index 0
20260313-144316-1002 19398 * ReceiveOperationResponse (bench_client.cc:547): AppRequest reply timeline: pos=0 status=0 issue_to_reply_ms=402 batch_age_ms=402
20260313-144316-1003 19398 * ExecuteNextAppRequestOperation (bench_client.cc:414): Sending op with proto 4 and index 1
20260313-144316-3013 19398 * ReceiveOperationResponse (bench_client.cc:547): AppRequest reply timeline: pos=1 status=0 issue_to_reply_ms=201 batch_age_ms=603
20260313-144316-3015 19398 * ExecuteNextAppRequestOperation (bench_client.cc:414): Sending op with proto 4 and index 1
20260313-144316-5024 19398 * ReceiveOperationResponse (bench_client.cc:547): AppRequest reply timeline: pos=2 status=0 issue_to_reply_ms=201 batch_age_ms=804
20260313-144316-5026 19398 * GetNextOperation (app_request.cc:76): AppRequest batch composition: fanout=4 reads=3 writes=1
20260313-144316-5027 19398 * ExecuteNextAppRequestOperation (bench_client.cc:414): Sending op with proto 4 and index 1
20260313-144316-9042 19398 * ReceiveOperationResponse (bench_client.cc:547): AppRequest reply timeline: pos=3 status=0 issue_to_reply_ms=402 batch_age_ms=1206
20260313-144316-9043 19398 * ReceiveOperationResponse (bench_client.cc:562): AppRequest batch done: fanout=4 total_reply_ms=1206
20260313-144316-9064 19398 * ExecuteNextAppRequestOperation (bench_client.cc:414): Sending op with proto 4 and index 0
20260313-144317-3084 19398 * ReceiveOperationResponse (bench_client.cc:547): AppRequest reply timeline: pos=0 status=0 issue_to_reply_ms=402 batch_age_ms=402
20260313-144317-3085 19398 * ExecuteNextAppRequestOperation (bench_client.cc:414): Sending op with proto 4 and index 0
20260313-144317-7104 19398 * ReceiveOperationResponse (bench_client.cc:547): AppRequest reply timeline: pos=1 status=0 issue_to_reply_ms=402 batch_age_ms=804
20260313-144317-7106 19398 * ExecuteNextAppRequestOperation (bench_client.cc:414): Sending op with proto 4 and index 0
20260313-144318-1125 19398 * ReceiveOperationResponse (bench_client.cc:547): AppRequest reply timeline: pos=2 status=0 issue_to_reply_ms=402 batch_age_ms=1206
20260313-144318-1126 19398 * GetNextOperation (app_request.cc:76): AppRequest batch composition: fanout=4 reads=1 writes=3
20260313-144318-1127 19398 * ExecuteNextAppRequestOperation (bench_client.cc:414): Sending op with proto 4 and index 1
20260313-144318-3138 19398 * ReceiveOperationResponse (bench_client.cc:547): AppRequest reply timeline: pos=3 status=0 issue_to_reply_ms=201 batch_age_ms=1407
20260313-144318-3139 19398 * ReceiveOperationResponse (bench_client.cc:562): AppRequest batch done: fanout=4 total_reply_ms=1407
20260313-144318-3155 19398 * ExecuteNextAppRequestOperation (bench_client.cc:414): Sending op with proto 4 and index 1
20260313-144318-5165 19398 * ReceiveOperationResponse (bench_client.cc:547): AppRequest reply timeline: pos=0 status=0 issue_to_reply_ms=201 batch_age_ms=201
20260313-144318-5167 19398 * ExecuteNextAppRequestOperation (bench_client.cc:414): Sending op with proto 4 and index 1
20260313-144318-9184 19398 * ReceiveOperationResponse (bench_client.cc:547): AppRequest reply timeline: pos=1 status=0 issue_to_reply_ms=402 batch_age_ms=603
20260313-144318-9185 19398 * ExecuteNextAppRequestOperation (bench_client.cc:414): Sending op with proto 4 and index 0
20260313-144319-3203 19398 * ReceiveOperationResponse (bench_client.cc:547): AppRequest reply timeline: pos=2 status=0 issue_to_reply_ms=402 batch_age_ms=1005
20260313-144319-3205 19398 * GetNextOperation (app_request.cc:76): AppRequest batch composition: fanout=4 reads=2 writes=2
20260313-144319-3205 19398 * ExecuteNextAppRequestOperation (bench_client.cc:414): Sending op with proto 4 and index 0
20260313-144319-7224 19398 * ReceiveOperationResponse (bench_client.cc:547): AppRequest reply timeline: pos=3 status=0 issue_to_reply_ms=402 batch_age_ms=1407
20260313-144319-7225 19398 * ReceiveOperationResponse (bench_client.cc:562): AppRequest batch done: fanout=4 total_reply_ms=1407
20260313-144319-7226 19398 * Finish          (bench_client.cc:938): Completed 19 requests in 24.558678 seconds
20260313-144319-7226 19398 * Finish          (bench_client.cc:939): 1 outstanding transactions.
20260313-144319-7238 19398 * ExecuteNextAppRequestOperation (bench_client.cc:414): Sending op with proto 4 and index 1
20260313-144320-1253 19398 * ReceiveOperationResponse (bench_client.cc:547): AppRequest reply timeline: pos=0 status=0 issue_to_reply_ms=402 batch_age_ms=402
20260313-144320-1255 19398 * ExecuteNextAppRequestOperation (bench_client.cc:414): Sending op with proto 4 and index 1
20260313-144320-3266 19398 * ReceiveOperationResponse (bench_client.cc:547): AppRequest reply timeline: pos=1 status=0 issue_to_reply_ms=201 batch_age_ms=603
20260313-144320-3267 19398 * ExecuteNextAppRequestOperation (bench_client.cc:414): Sending op with proto 4 and index 0
20260313-144320-5952 19398 * FlushStats      (benchmark.cc:916): Flushing stats to /mnt/extra/experiments/2026-04-13-14-42-21/out/client-3-0-0-stats-0.json.
20260313-144320-5955 19398 * FlushStats      (benchmark.cc:928): All done!
20260313-144320-7286 19398 * ReceiveOperationResponse (bench_client.cc:547): AppRequest reply timeline: pos=2 status=0 issue_to_reply_ms=402 batch_age_ms=1005
20260313-144320-7288 19398 * GetNextOperation (app_request.cc:76): AppRequest batch composition: fanout=4 reads=2 writes=2
20260313-144320-7288 19398 * ExecuteNextAppRequestOperation (bench_client.cc:414): Sending op with proto 4 and index 0
20260313-144321-1307 19398 * ReceiveOperationResponse (bench_client.cc:547): AppRequest reply timeline: pos=3 status=0 issue_to_reply_ms=402 batch_age_ms=1407
20260313-144321-1308 19398 * ReceiveOperationResponse (bench_client.cc:562): AppRequest batch done: fanout=4 total_reply_ms=1407
Session continued: 0
last_service: , current_state: 0
Session destroyed: 18446744073709551615
last_service: , current_state: 0
Session continued: 0
last_service: , current_state: 0
Session destroyed: 18446744073709551615
last_service: , current_state: 0
Session destroyed: 0
last_service: , current_state: 0
20260313-144323-7229 19398 * Cleanup         (bench_client.cc:766): Aborting 0 outstanding transactions.
20260313-144323-7230 19398 * CooldownDone    (bench_client.cc:796): Finished cooldown period.
20260313-144323-7230 19398 * CooldownDone    (bench_client.cc:803): Median latency is 1206677923 ns (1206 ms)
20260313-144323-7231 19398 * CooldownDone    (bench_client.cc:812): Average latency is 1226737869 ns (1226 ms)
20260313-144323-7231 19398 * CooldownDone    (bench_client.cc:816): 90th percentile latency is 1407651374 ns (1407 ms)
20260313-144323-7232 19398 * CooldownDone    (bench_client.cc:820): 95th percentile latency is 1608602983 ns (1608 ms)
20260313-144323-7232 19398 * CooldownDone    (bench_client.cc:824): 99th percentile latency is 1608602983 ns (1608 ms)
20260313-144323-7233 19398 * LATENCY total: 1005 ms 1226 ms/1073 ms 1608 ms (20 samples, 24 s total)
20260313-144323-7234 19398 *     536 ms |          5 | =====
20260313-144323-7234 19398 *    1073 ms |         15 | ===============
20260313-144323-7235 19398 * Stop            (tcptransport.cc:601): [TCP SUMMARY] outgoingCreated=30 outgoingClosed=0 incomingCreated=0 incomingClosed=0 outgoingPeak=30 incomingPeak=0
Inserted events:
  0x55f0c0581390 [fd  7] Read Persist Internal
  0x55f0c05a0860 [fd  9] Read Persist
  0x55f0c05a5060 [fd  10] Read Persist
  0x55f0c05a12c0 [fd  11] Read Persist
  0x55f0c059f890 [fd  12] Read Persist
  0x55f0c05a2890 [fd  13] Read Persist
  0x55f0c05a0120 [fd  14] Read Persist
  0x55f0c05a5450 [fd  15] Read Persist
  0x55f0c05a42c0 [fd  16] Read Persist
  0x55f0c05a4b40 [fd  17] Read Persist
  0x55f0c05bd450 [fd  18] Read Persist
  0x55f0c05bda80 [fd  19] Read Persist
  0x55f0c05be180 [fd  20] Read Persist
  0x55f0c05bf020 [fd  21] Read Persist
  0x55f0c05bf840 [fd  22] Read Persist
  0x55f0c05c0060 [fd  23] Read Persist
  0x55f0c05c0f90 [fd  24] Read Persist
  0x55f0c05c17b0 [fd  25] Read Persist
  0x55f0c05c2230 [fd  26] Read Persist
  0x55f0c05c3160 [fd  27] Read Persist
  0x55f0c05c39d0 [fd  28] Read Persist
  0x55f0c05c4320 [fd  29] Read Persist
  0x55f0c05c54e0 [fd  30] Read Persist
  0x55f0c05c5e20 [fd  31] Read Persist
  0x55f0c05c6790 [fd  32] Read Persist
  0x55f0c05c7b40 [fd  33] Read Persist
  0x55f0c05c8460 [fd  34] Read Persist
  0x55f0c05c8dd0 [fd  35] Read Persist
  0x55f0c05ca010 [fd  36] Read Persist
  0x55f0c05ca8f0 [fd  37] Read Persist
  0x55f0c05cb260 [fd  38] Read Persist
Active events:
20260313-144323-7241 19398 * main            (benchmark.cc:875): Cleaning up after experiment.
20260313-144323-7242 19398 * FlushStats      (benchmark.cc:916): Flushing stats to /mnt/extra/experiments/2026-04-13-14-42-21/out/client-3-0-0-stats-0.json.
20260313-144323-7244 19398 * FlushStats      (benchmark.cc:928): All done!
