20260313-151346-1228 13707 * main            (server.cc:217):    Starting server.
20260313-151346-1236 13707 * main            (server.cc:335):    Creating a default paritioner!
20260313-151348-0199 13707 * main            (server.cc:513):    Done loading server.
20260313-151439-5121 13707 ! TCPIncomingEventCallback (tcptransport.cc:938): [TCP INCOMING 119] EOF, lifetime=31404.51 ms
20260313-151439-5134 13707 ! TCPIncomingEventCallback (tcptransport.cc:938): [TCP INCOMING 118] EOF, lifetime=31405.94 ms
20260313-151439-5167 13707 ! TCPIncomingEventCallback (tcptransport.cc:938): [TCP INCOMING 117] EOF, lifetime=31410.75 ms
20260313-151439-5193 13707 ! TCPIncomingEventCallback (tcptransport.cc:938): [TCP INCOMING 120] EOF, lifetime=31407.95 ms
20260313-151439-5293 13707 ! TCPIncomingEventCallback (tcptransport.cc:938): [TCP INCOMING 121] EOF, lifetime=31410.54 ms
20260313-151439-5440 13707 ! TCPIncomingEventCallback (tcptransport.cc:938): [TCP INCOMING 122] EOF, lifetime=31415.23 ms
20260313-151439-6030 13707 ! TCPIncomingEventCallback (tcptransport.cc:938): [TCP INCOMING 123] EOF, lifetime=31400.73 ms
20260313-151439-6104 13707 ! TCPIncomingEventCallback (tcptransport.cc:938): [TCP INCOMING 124] EOF, lifetime=31406.04 ms
20260313-151446-0948 13707 * Cleanup         (server.cc:589):    Gracefully exiting after signal 15.
20260313-151446-0949 13707 * Stop            (tcptransport.cc:601): [TCP SUMMARY] outgoingCreated=58 outgoingClosed=0 incomingCreated=66 incomingClosed=8 outgoingPeak=106 incomingPeak=37
Inserted events:
  0x55b7b1c35d00 [fd  9] Read Persist Internal
  0x55b7b1c3da60 [fd  10] Read Persist
  0x55b7b1c48e70 [fd  11] Read Persist
  0x55b7be2f4730 [fd  12] Read Persist
  0x55b7be2f4950 [fd  13] Read Persist
  0x55b7be2f4b70 [fd  14] Read Persist
  0x55b7be2f4d90 [fd  15] Read Persist
  0x55b7be2f4fb0 [fd  16] Read Persist
  0x55b7be2f51d0 [fd  17] Read Persist
  0x55b7be2f53f0 [fd  18] Read Persist
  0x55b7be2f5610 [fd  19] Read Persist
  0x55b7be2f5830 [fd  20] Read Persist
  0x55b7be2f5a50 [fd  21] Read Persist
  0x55b7be2f5c70 [fd  22] Read Persist
  0x55b7be2f5fb0 [fd  23] Read Persist
  0x55b7be2f62f0 [fd  24] Read Persist
  0x55b7be2f6630 [fd  25] Read Persist
  0x55b7be2f6970 [fd  26] Read Persist
  0x55b7be2f6cb0 [fd  27] Read Persist
  0x55b7be2f7030 [fd  28] Read Persist
  0x55b7be2f7500 [fd  29] Read Persist
  0x55b7be2f78a0 [fd  30] Read Persist
  0x55b7be2f7c40 [fd  31] Read Persist
  0x55b7be2f7fe0 [fd  32] Read Persist
  0x55b7be2f8590 [fd  33] Read Persist
  0x55b7be2f1970 [fd  34] Read Persist
  0x55b7be2efdb0 [fd  35] Read Persist
  0x55b7be2e7390 [fd  36] Read Persist
  0x55b7be2e7750 [fd  37] Read Persist
  0x55b7be2ed650 [fd  38] Read Persist
  0x55b7be2f0260 [fd  39] Read Persist
  0x55b7be2f0f50 [fd  40] Read Persist
  0x55b7be2eddd0 [fd  41] Read Persist
  0x55b7be2ee3b0 [fd  42] Read Persist
  0x55b7be2ee7d0 [fd  43] Read Persist
  0x55b7be2eec10 [fd  44] Read Persist
  0x55b7be2ef050 [fd  45] Read Persist
  0x55b7be2f8a90 [fd  46] Read Persist
  0x55b7be2f8ea0 [fd  47] Read Persist
  0x55b7be2f92b0 [fd  48] Read Persist
  0x55b7be2f9940 [fd  49] Read Persist
  0x55b7be2f9d50 [fd  50] Read Persist
  0x55b7be2fa240 [fd  51] Read Persist
  0x55b7be2fa7d0 [fd  52] Read Persist
  0x55b7be2fad60 [fd  53] Read Persist
  0x55b7be2fb2f0 [fd  54] Read Persist
  0x55b7be2fb880 [fd  55] Read Persist
  0x55b7be2fbe10 [fd  56] Read Persist
  0x55b7be2fc3a0 [fd  57] Read Persist
  0x55b7be2fc930 [fd  58] Read Persist
  0x55b7be2fcec0 [fd  59] Read Persist
  0x55b7be2fd450 [fd  60] Read Persist
  0x55b7be2fd9e0 [fd  61] Read Persist
  0x55b7be2fdf70 [fd  62] Read Persist
  0x55b7be2fe390 [fd  63] Read Persist
  0x55b7be2fe5b0 [fd  64] Read Persist
  0x55b7b1c455b0 [fd  65] Read Persist
  0x55b7b1c43b10 [fd  66] Read Persist
  0x55b7b1c443c0 [fd  67] Read Persist
  0x55b7b1c44790 [fd  68] Read Persist
  0x55b7b1c44b60 [fd  69] Read Persist
  0x55b7be2fe860 [fd  70] Read Persist
  0x55b7be2fea80 [fd  71] Read Persist
  0x55b7be2fedc0 [fd  72] Read Persist
  0x55b7be2ff1f0 [fd  73] Read Persist
  0x55b7be2ff690 [fd  74] Read Persist
  0x55b7be2ffb30 [fd  75] Read Persist
  0x55b7be2fffd0 [fd  76] Read Persist
  0x55b7be300470 [fd  77] Read Persist
  0x55b7be300910 [fd  78] Read Persist
  0x55b7be300db0 [fd  79] Read Persist
  0x55b7be301250 [fd  80] Read Persist
  0x55b7be3016f0 [fd  81] Read Persist
  0x55b7be301b90 [fd  82] Read Persist
  0x55b7be302030 [fd  83] Read Persist
  0x55b7be3024d0 [fd  84] Read Persist
  0x55b7be302970 [fd  85] Read Persist
  0x55b7be302e10 [fd  86] Read Persist
  0x55b7be3032b0 [fd  87] Read Persist
  0x55b7be303750 [fd  88] Read Persist
  0x55b7be303ca0 [fd  89] Read Persist
  0x55b7be304160 [fd  90] Read Persist
  0x55b7be3050a0 [fd  91] Read Persist
  0x55b7be305560 [fd  92] Read Persist
  0x55b7be305a20 [fd  93] Read Persist
  0x55b7be305ee0 [fd  94] Read Persist
  0x55b7be3063a0 [fd  95] Read Persist
  0x55b7be306930 [fd  96] Read Persist
  0x55b7be306ec0 [fd  97] Read Persist
  0x55b7be307450 [fd  98] Read Persist
  0x55b7be3079e0 [fd  99] Read Persist
  0x55b7be307f70 [fd  100] Read Persist
  0x55b7be308500 [fd  101] Read Persist
  0x55b7be308a90 [fd  102] Read Persist
  0x55b7be309020 [fd  103] Read Persist
  0x55b7be3095b0 [fd  104] Read Persist
  0x55b7be309b40 [fd  105] Read Persist
  0x55b7be30a0d0 [fd  106] Read Persist
  0x55b7be30a660 [fd  107] Read Persist
  0x55b7be30abf0 [fd  108] Read Persist
  0x55b7be30b180 [fd  109] Read Persist
  0x55b7be30b710 [fd  110] Read Persist
  0x55b7be30bca0 [fd  111] Read Persist
  0x55b7be30c230 [fd  112] Read Persist
  0x55b7be30c7c0 [fd  113] Read Persist
  0x55b7be30cd50 [fd  114] Read Persist
  0x55b7be30d2e0 [fd  115] Read Persist
  0x55b7be30d870 [fd  116] Read Persist
  0x55b7be30de00 [fd  117] Read Persist
  0x55b7be30e220 [fd  118] Read Persist
  0x55b7be30e440 [fd  119] Read Persist
  0x55b7be30e6f0 [fd  120] Read Persist
  0x55b7be30ea90 [fd  121] Read Persist
  0x55b7be30ee30 [fd  122] Read Persist
  0x55b7be30f1d0 [fd  123] Read Persist
  0x55b7be30f570 [fd  124] Read Persist
  0x55b7be30f910 [fd  125] Read Persist
  0x55b7be30fcb0 [fd  126] Read Persist
  0x55b7be2f4390 [fd  127] Read Persist
Active events:
20260313-151446-0970 13707 * Cleanup         (server.cc:593):    Exporting stats to /mnt/extra/experiments/2026-04-13-15-13-37/out/server-0-9-2-stats-0.json.
