#start,0,0
app,1378162944,30913975477,26
user_create,1378162944,30913975477,26
app,1439587584,32353621482,26
user_create,1439587584,32353621482,26
app,1120137728,33473816394,26
user_create,1120137728,33473816394,26
app,959440896,34433309316,26
user_create,959440896,34433309316,26
app,1295436544,35728797912,26
user_create,1295436544,35728797912,26
app,1031982592,36760833501,26
user_create,1031982592,36760833501,26
app,931143936,37692029714,26
user_create,931143936,37692029714,26
app,1152790528,38844872713,26
user_create,1152790528,38844872713,26
app,1093987840,39938912630,26
user_create,1093987840,39938912630,26
app,1440626688,41379591703,26
user_create,1440626688,41379591703,26
app,949626368,42329271316,26
user_create,949626368,42329271316,26
app,1449435648,43778759241,26
user_create,1449435648,43778759241,26
app,1031644672,44810454845,26
user_create,1031644672,44810454845,26
app,933920768,45744427919,26
user_create,933920768,45744427919,26
app,1073775360,46818254947,26
user_create,1073775360,46818254947,26
app,1093633792,47911940813,26
user_create,1093633792,47911940813,26
app,1262942208,49174935340,26
user_create,1262942208,49174935340,26
app,1150752768,50325739860,26
user_create,1150752768,50325739860,26
app,960442880,51286234378,26
user_create,960442880,51286234378,26
app,917757696,52204044342,26
user_create,917757696,52204044342,26
app,1300026112,53504122257,26
user_create,1300026112,53504122257,26
app,1315913216,54820087432,26
user_create,1315913216,54820087432,26
app,1093385728,55913524627,26
user_create,1093385728,55913524627,26
app,933874176,56847450733,26
user_create,933874176,56847450733,26
app,1027578880,57875082492,26
user_create,1027578880,57875082492,26
app,1234980096,59110116958,26
user_create,1234980096,59110116958,26
app,1037801728,60147976636,26
user_create,1037801728,60147976636,26
app,1237776128,61385807514,26
user_create,1237776128,61385807514,26
app,1450219776,62836079120,26
user_create,1450219776,62836079120,26
app,959225344,63795357227,26
user_create,959225344,63795357227,26
app,851612160,64647045612,26
user_create,851612160,64647045612,26
app,1015573248,65662671327,26
user_create,1015573248,65662671327,26
app,1398117888,67060842037,26
user_create,1398117888,67060842037,26
app,1450248448,68511144161,26
user_create,1450248448,68511144161,26
app,1175185920,69686395645,26
user_create,1175185920,69686395645,26
app,995960064,70682409048,26
user_create,995960064,70682409048,26
app,1175622400,71858084440,26
user_create,1175622400,71858084440,26
app,1461080320,73319217443,26
user_create,1461080320,73319217443,26
app,929504000,74248773813,26
user_create,929504000,74248773813,26
app,1460302080,75709128856,26
user_create,1460302080,75709128856,26
app,782077184,76491304159,26
user_create,782077184,76491304159,26
app,916569344,77407926559,26
user_create,916569344,77407926559,26
app,948714240,78356693029,26
user_create,948714240,78356693029,26
app,1109670656,79466415882,26
user_create,1109670656,79466415882,26
app,1315937536,80782405376,26
user_create,1315937536,80782405376,26
app,1027604224,81810061693,26
user_create,1027604224,81810061693,26
app,1253941504,83064054727,26
user_create,1253941504,83064054727,26
app,1440163584,84504270076,26
user_create,1440163584,84504270076,26
app,1388798976,85893120765,26
user_create,1388798976,85893120765,26
app,1093608704,86986782073,26
user_create,1093608704,86986782073,26
app,1397702656,88384537458,26
user_create,1397702656,88384537458,26
app,1449978624,89834568023,26
user_create,1449978624,89834568023,26
app,694697472,90529317617,26
user_create,694697472,90529317617,26
app,852009728,91381379842,26
user_create,852009728,91381379842,26
app,1305968896,92687400817,26
user_create,1305968896,92687400817,26
app,1103750656,93791203737,26
user_create,1103750656,93791203737,26
app,961088256,94752343893,26
user_create,961088256,94752343893,26
app,1031674624,95784070491,26
user_create,1031674624,95784070491,26
app,773241344,96557363986,26
user_create,773241344,96557363986,26
app,1093925632,97651341676,26
user_create,1093925632,97651341676,26
app,1100265984,98751684427,26
user_create,1100265984,98751684427,26
app,1018598144,99770335435,26
user_create,1018598144,99770335435,26
app,1110022144,100880410432,26
user_create,1110022144,100880410432,26
app,1027608064,101908071994,26
user_create,1027608064,101908071994,26
app,856355072,102764480352,26
user_create,856355072,102764480352,26
app,1176107264,103940640687,26
user_create,1176107264,103940640687,26
app,1295928064,105236622810,26
user_create,1295928064,105236622810,26
app,1151997696,106388672590,26
user_create,1151997696,106388672590,26
app,1016022784,107404748439,26
user_create,1016022784,107404748439,26
app,1306553088,108711354970,26
user_create,1306553088,108711354970,26
app,695751680,109407192468,26
user_create,695751680,109407192468,26
app,1449918208,110857163667,26
user_create,1449918208,110857163667,26
app,851816704,111709032773,26
user_create,851816704,111709032773,26
app,1299705088,113008790254,26
user_create,1299705088,113008790254,26
app,933518848,113942360877,26
user_create,933518848,113942360877,26
app,1090487296,115032900094,26
user_create,1090487296,115032900094,26
app,1176504832,116209470510,26
user_create,1176504832,116209470510,26
app,1316165120,117525687932,26
user_create,1316165120,117525687932,26
app,917407232,118443148136,26
user_create,917407232,118443148136,26
app,1036940288,119480140924,26
user_create,1036940288,119480140924,26
app,1017953536,120498146533,26
user_create,1017953536,120498146533,26
app,1238514432,121736713171,26
user_create,1238514432,121736713171,26
app,1326266880,123063033103,26
user_create,1326266880,123063033103,26
app,1316470784,124379557609,26
user_create,1316470784,124379557609,26
app,1459664128,125839286804,26
user_create,1459664128,125839286804,26
app,940405248,126779745101,26
user_create,940405248,126779745101,26
app,1297027584,128076826095,26
user_create,1297027584,128076826095,26
app,1038186496,129115065574,26
user_create,1038186496,129115065574,26
app,1177032960,130292150974,26
user_create,1177032960,130292150974,26
app,1016401664,131308605432,26
user_create,1016401664,131308605432,26
app,1316139264,132624797105,26
user_create,1316139264,132624797105,26
app,1037707520,133662556886,26
user_create,1037707520,133662556886,26
app,1387375104,135049983739,26
user_create,1387375104,135049983739,26
app,1090395648,136140431404,26
user_create,1090395648,136140431404,26
app,1181910528,137322394609,26
user_create,1181910528,137322394609,26
app,1110658304,138433105230,26
user_create,1110658304,138433105230,26
app,1361927168,139795084238,26
user_create,1361927168,139795084238,26
app,1460973056,141256109714,26
user_create,1460973056,141256109714,26
app,944041216,142200205802,26
user_create,944041216,142200205802,26
app,1012935936,143213194847,26
user_create,1012935936,143213194847,26
app,1139129344,144352376937,26
user_create,1139129344,144352376937,26
app,1315915776,145668345689,26
user_create,1315915776,145668345689,26
app,1007881984,146676279783,26
user_create,1007881984,146676279783,26
app,1295910400,147972242355,26
user_create,1295910400,147972242355,26
app,1151103232,149123397588,26
user_create,1151103232,149123397588,26
app,1077318912,150200768947,26
user_create,1077318912,150200768947,26
app,1110021888,151310843706,26
user_create,1110021888,151310843706,26
app,1093329920,152404225587,26
user_create,1093329920,152404225587,26
app,1182038784,153586316347,26
user_create,1182038784,153586316347,26
app,1361739776,154948107719,26
user_create,1361739776,154948107719,26
app,855201792,155803395986,26
user_create,855201792,155803395986,26
app,1104371200,156907820940,26
user_create,1104371200,156907820940,26
app,1255088896,158162961721,26
user_create,1255088896,158162961721,26
app,1110068224,159273083209,26
user_create,1110068224,159273083209,26
app,784572416,160057708024,26
user_create,784572416,160057708024,26
app,1093984256,161151745080,26
user_create,1093984256,161151745080,26
app,1305998080,162457795619,26
user_create,1305998080,162457795619,26
app,862155008,163320003032,26
user_create,862155008,163320003032,26
app,1078190080,164398258686,26
user_create,1078190080,164398258686,26
app,1362288640,165760598897,26
user_create,1362288640,165760598897,26
app,960145152,166720796823,26
user_create,960145152,166720796823,26
app,1299961600,168020811080,26
user_create,1299961600,168020811080,26
app,1109726208,169130589485,26
user_create,1109726208,169130589485,26
app,783718144,169914359569,26
user_create,783718144,169914359569,26
app,855884800,170770296573,26
user_create,855884800,170770296573,26
app,950318080,171720666646,26
user_create,950318080,171720666646,26
app,1093738240,172814456701,26
user_create,1093738240,172814456701,26
app,1460502016,174275010108,26
user_create,1460502016,174275010108,26
app,1016281344,175291343688,26
user_create,1016281344,175291343688,26
app,950132992,176241565704,26
user_create,950132992,176241565704,26
app,940556800,177182174682,26
user_create,940556800,177182174682,26
app,852820224,178035047531,26
user_create,852820224,178035047531,26
app,1006214912,179041315317,26
user_create,1006214912,179041315317,26
app,1104238592,180145607709,26
user_create,1104238592,180145607709,26
app,962258432,181107919454,26
user_create,962258432,181107919454,26
app,1090244608,182198233366,26
user_create,1090244608,182198233366,26
app,1398385152,183596672058,26
user_create,1398385152,183596672058,26
app,871990528,184468714952,26
user_create,871990528,184468714952,26
app,1016228096,185484995365,26
user_create,1016228096,185484995365,26
app,1217905920,186702954769,26
user_create,1217905920,186702954769,26
app,940514048,187643521070,26
user_create,940514048,187643521070,26
app,943773440,188587347745,26
user_create,943773440,188587347745,26
app,1019124736,189606559753,26
user_create,1019124736,189606559753,26
app,1182059776,190788671255,26
user_create,1182059776,190788671255,26
app,1253643008,192042366266,26
user_create,1253643008,192042366266,26
app,1459981056,193502399444,26
user_create,1459981056,193502399444,26
app,1102941696,194605393648,26
user_create,1102941696,194605393648,26
app,942606080,195548052310,26
user_create,942606080,195548052310,26
app,1047171328,196595275640,26
user_create,1047171328,196595275640,26
app,1317188864,197912516832,26
user_create,1317188864,197912516832,26
app,871835392,198784405469,26
user_create,871835392,198784405469,26
app,1119931392,199904389858,26
user_create,1119931392,199904389858,26
app,862277120,200766721487,26
user_create,862277120,200766721487,26
app,1016189440,201782963037,26
user_create,1016189440,201782963037,26
app,1316116736,203099132299,26
user_create,1316116736,203099132299,26
app,1009231616,204108417034,26
user_create,1009231616,204108417034,26
app,852079616,204960549592,26
user_create,852079616,204960549592,26
app,1140955392,206101561307,26
user_create,1140955392,206101561307,26
app,1173237760,207274853706,26
user_create,1173237760,207274853706,26
app,1141828096,208416734457,26
user_create,1141828096,208416734457,26
app,998625024,209415424585,26
user_create,998625024,209415424585,26
app,951311872,210366788864,26
user_create,951311872,210366788864,26
app,1378998784,211745839834,26
user_create,1378998784,211745839834,26
app,1522373632,213268266201,26
user_create,1522373632,213268266201,26
app,949581568,214217899560,26
user_create,949581568,214217899560,26
app,1094520576,215312472343,26
user_create,1094520576,215312472343,26
app,1450034432,216762559413,26
user_create,1450034432,216762559413,26
app,1296490752,218059103012,26
user_create,1296490752,218059103012,26
app,1094422016,219153577566,26
user_create,1094422016,219153577566,26
app,1090568960,220244199275,26
user_create,1090568960,220244199275,26
app,855979008,221100229978,26
user_create,855979008,221100229978,26
app,862339584,221962623596,26
user_create,862339584,221962623596,26
app,1316209408,223278885126,26
user_create,1316209408,223278885126,26
app,1336090112,224615026950,26
user_create,1336090112,224615026950,26
app,934414592,225549493551,26
user_create,934414592,225549493551,26
app,862664448,226412209749,26
user_create,862664448,226412209749,26
app,1182736128,227594998598,26
user_create,1182736128,227594998598,26
app,1265479424,228860530614,26
user_create,1265479424,228860530614,26
app,1459913472,230320496559,26
user_create,1459913472,230320496559,26
app,1027503104,231348052263,26
user_create,1027503104,231348052263,26
app,933890304,232281994581,26
user_create,933890304,232281994581,26
app,948649728,233230696678,26
user_create,948649728,233230696678,26
app,1172159744,234402909517,26
user_create,1172159744,234402909517,26
app,1296353792,235699316024,26
user_create,1296353792,235699316024,26
app,1227249152,236926661491,26
user_create,1227249152,236926661491,26
app,1300161536,238226876020,26
user_create,1300161536,238226876020,26
app,1161481472,239388410091,26
user_create,1161481472,239388410091,26
app,1029335296,240417799234,26
user_create,1029335296,240417799234,26
app,950696704,241368549108,26
user_create,950696704,241368549108,26
app,1238556672,242607159137,26
user_create,1238556672,242607159137,26
app,1379612672,243986824750,26
user_create,1379612672,243986824750,26
app,1104131072,245091008901,26
user_create,1104131072,245091008901,26
app,696491264,245787552356,26
user_create,696491264,245787552356,26
app,944607488,246732212066,26
user_create,944607488,246732212066,26
app,1238768640,247971035718,26
user_create,1238768640,247971035718,26
#end,247,971045,26
