20260223-220837-2207 05501 * main            (server.cc:213):    Starting server.
20260223-220837-2211 05501 * main            (server.cc:331):    Creating a default paritioner!
20260223-220848-1738 05501 * main            (server.cc:490):    Done loading server.
20260223-220943-3257 05501 ! TCPIncomingEventCallback (tcptransport.cc:936): [TCP INCOMING 16] EOF, lifetime=41018.29 ms
20260223-220943-3289 05501 ! TCPIncomingEventCallback (tcptransport.cc:936): [TCP INCOMING 6] EOF, lifetime=41027.55 ms
20260223-220943-3315 05501 ! TCPIncomingEventCallback (tcptransport.cc:936): [TCP INCOMING 22] EOF, lifetime=41020.03 ms
20260223-220943-3354 05501 ! TCPIncomingEventCallback (tcptransport.cc:936): [TCP INCOMING 14] EOF, lifetime=41028.48 ms
20260223-220943-3488 05501 ! TCPIncomingEventCallback (tcptransport.cc:936): [TCP INCOMING 3] EOF, lifetime=41048.72 ms
20260223-220943-3526 05501 ! TCPIncomingEventCallback (tcptransport.cc:936): [TCP INCOMING 49] EOF, lifetime=41028.14 ms
20260223-220943-3598 05501 ! TCPIncomingEventCallback (tcptransport.cc:936): [TCP INCOMING 12] EOF, lifetime=41053.99 ms
20260223-220943-3601 05501 ! TCPIncomingEventCallback (tcptransport.cc:936): [TCP INCOMING 36] EOF, lifetime=41041.86 ms
20260223-220943-3604 05501 ! TCPIncomingEventCallback (tcptransport.cc:936): [TCP INCOMING 44] EOF, lifetime=41039.08 ms
20260223-220943-3607 05501 ! TCPIncomingEventCallback (tcptransport.cc:936): [TCP INCOMING 34] EOF, lifetime=41042.92 ms
20260223-220943-3608 05501 ! TCPIncomingEventCallback (tcptransport.cc:936): [TCP INCOMING 61] EOF, lifetime=41032.03 ms
20260223-220943-3609 05501 ! TCPIncomingEventCallback (tcptransport.cc:936): [TCP INCOMING 47] EOF, lifetime=41037.25 ms
20260223-220943-3625 05501 ! TCPIncomingEventCallback (tcptransport.cc:936): [TCP INCOMING 64] EOF, lifetime=41031.82 ms
20260223-220943-3769 05501 ! TCPIncomingEventCallback (tcptransport.cc:936): [TCP INCOMING 26] EOF, lifetime=41063.38 ms
20260223-220943-3770 05501 ! TCPIncomingEventCallback (tcptransport.cc:936): [TCP INCOMING 20] EOF, lifetime=41065.78 ms
20260223-220943-3778 05501 ! TCPIncomingEventCallback (tcptransport.cc:936): [TCP INCOMING 8] EOF, lifetime=41075.81 ms
20260223-220943-3786 05501 ! TCPIncomingEventCallback (tcptransport.cc:936): [TCP INCOMING 32] EOF, lifetime=41061.29 ms
20260223-220943-3886 05501 ! TCPIncomingEventCallback (tcptransport.cc:936): [TCP INCOMING 11] EOF, lifetime=41085.33 ms
20260223-220943-3887 05501 ! TCPIncomingEventCallback (tcptransport.cc:936): [TCP INCOMING 25] EOF, lifetime=41076.60 ms
20260223-220943-3937 05501 ! TCPIncomingEventCallback (tcptransport.cc:936): [TCP INCOMING 17] EOF, lifetime=41086.10 ms
20260223-220943-3961 05501 ! TCPIncomingEventCallback (tcptransport.cc:936): [TCP INCOMING 10] EOF, lifetime=41094.05 ms
20260223-220943-4042 05501 ! TCPIncomingEventCallback (tcptransport.cc:936): [TCP INCOMING 19] EOF, lifetime=41095.00 ms
20260223-220943-4043 05501 ! TCPIncomingEventCallback (tcptransport.cc:936): [TCP INCOMING 66] EOF, lifetime=41009.78 ms
20260223-220943-4051 05501 ! TCPIncomingEventCallback (tcptransport.cc:936): [TCP INCOMING 13] EOF, lifetime=41099.07 ms
20260223-220943-4052 05501 ! TCPIncomingEventCallback (tcptransport.cc:936): [TCP INCOMING 18] EOF, lifetime=41096.72 ms
20260223-220943-4059 05501 ! TCPIncomingEventCallback (tcptransport.cc:936): [TCP INCOMING 33] EOF, lifetime=41088.15 ms
20260223-220943-4059 05501 ! TCPIncomingEventCallback (tcptransport.cc:936): [TCP INCOMING 23] EOF, lifetime=41094.28 ms
20260223-220943-4073 05501 ! TCPIncomingEventCallback (tcptransport.cc:936): [TCP INCOMING 51] EOF, lifetime=41082.54 ms
20260223-220943-4076 05501 ! TCPIncomingEventCallback (tcptransport.cc:936): [TCP INCOMING 27] EOF, lifetime=41091.75 ms
20260223-220943-4078 05501 ! TCPIncomingEventCallback (tcptransport.cc:936): [TCP INCOMING 30] EOF, lifetime=41091.74 ms
20260223-220943-4127 05501 ! TCPIncomingEventCallback (tcptransport.cc:936): [TCP INCOMING 42] EOF, lifetime=41091.99 ms
20260223-220943-4207 05501 ! TCPIncomingEventCallback (tcptransport.cc:936): [TCP INCOMING 21] EOF, lifetime=41109.44 ms
20260223-220943-4209 05501 ! TCPIncomingEventCallback (tcptransport.cc:936): [TCP INCOMING 52] EOF, lifetime=41095.85 ms
20260223-220943-4210 05501 ! TCPIncomingEventCallback (tcptransport.cc:936): [TCP INCOMING 54] EOF, lifetime=41094.87 ms
20260223-220943-4210 05501 ! TCPIncomingEventCallback (tcptransport.cc:936): [TCP INCOMING 28] EOF, lifetime=41105.17 ms
20260223-220943-4280 05501 ! TCPIncomingEventCallback (tcptransport.cc:936): [TCP INCOMING 58] EOF, lifetime=41100.04 ms
20260223-220943-4281 05501 ! TCPIncomingEventCallback (tcptransport.cc:936): [TCP INCOMING 57] EOF, lifetime=41100.33 ms
20260223-220943-4281 05501 ! TCPIncomingEventCallback (tcptransport.cc:936): [TCP INCOMING 41] EOF, lifetime=41107.56 ms
20260223-220943-4286 05501 ! TCPIncomingEventCallback (tcptransport.cc:936): [TCP INCOMING 46] EOF, lifetime=41105.03 ms
20260223-220943-4287 05501 ! TCPIncomingEventCallback (tcptransport.cc:936): [TCP INCOMING 59] EOF, lifetime=41100.41 ms
20260223-220943-4308 05501 ! TCPIncomingEventCallback (tcptransport.cc:936): [TCP INCOMING 15] EOF, lifetime=41123.67 ms
20260223-220943-4309 05501 ! TCPIncomingEventCallback (tcptransport.cc:936): [TCP INCOMING 31] EOF, lifetime=41113.96 ms
20260223-220943-4344 05501 ! TCPIncomingEventCallback (tcptransport.cc:936): [TCP INCOMING 29] EOF, lifetime=41118.45 ms
20260223-220943-4349 05501 ! TCPIncomingEventCallback (tcptransport.cc:936): [TCP INCOMING 38] EOF, lifetime=41115.40 ms
20260223-220943-4350 05501 ! TCPIncomingEventCallback (tcptransport.cc:936): [TCP INCOMING 35] EOF, lifetime=41117.06 ms
20260223-220943-4368 05501 ! TCPIncomingEventCallback (tcptransport.cc:936): [TCP INCOMING 65] EOF, lifetime=41102.68 ms
20260223-220943-4368 05501 ! TCPIncomingEventCallback (tcptransport.cc:936): [TCP INCOMING 24] EOF, lifetime=41125.09 ms
20260223-220943-4369 05501 ! TCPIncomingEventCallback (tcptransport.cc:936): [TCP INCOMING 53] EOF, lifetime=41111.45 ms
20260223-220943-4380 05501 ! TCPIncomingEventCallback (tcptransport.cc:936): [TCP INCOMING 39] EOF, lifetime=41118.52 ms
20260223-220943-4381 05501 ! TCPIncomingEventCallback (tcptransport.cc:936): [TCP INCOMING 45] EOF, lifetime=41115.54 ms
20260223-220943-4392 05501 ! TCPIncomingEventCallback (tcptransport.cc:936): [TCP INCOMING 37] EOF, lifetime=41120.21 ms
20260223-220943-4393 05501 ! TCPIncomingEventCallback (tcptransport.cc:936): [TCP INCOMING 50] EOF, lifetime=41114.79 ms
20260223-220943-4533 05501 ! TCPIncomingEventCallback (tcptransport.cc:936): [TCP INCOMING 68] EOF, lifetime=41022.75 ms
20260223-220943-4535 05501 ! TCPIncomingEventCallback (tcptransport.cc:936): [TCP INCOMING 40] EOF, lifetime=41133.34 ms
20260223-220943-4535 05501 ! TCPIncomingEventCallback (tcptransport.cc:936): [TCP INCOMING 60] EOF, lifetime=41125.04 ms
20260223-220943-4611 05501 ! TCPIncomingEventCallback (tcptransport.cc:936): [TCP INCOMING 43] EOF, lifetime=41139.85 ms
20260223-220943-4612 05501 ! TCPIncomingEventCallback (tcptransport.cc:936): [TCP INCOMING 48] EOF, lifetime=41137.28 ms
20260223-220943-4612 05501 ! TCPIncomingEventCallback (tcptransport.cc:936): [TCP INCOMING 56] EOF, lifetime=41133.69 ms
20260223-220943-4689 05501 ! TCPIncomingEventCallback (tcptransport.cc:936): [TCP INCOMING 62] EOF, lifetime=41139.92 ms
20260223-220943-4689 05501 ! TCPIncomingEventCallback (tcptransport.cc:936): [TCP INCOMING 55] EOF, lifetime=41142.25 ms
20260223-220943-4690 05501 ! TCPIncomingEventCallback (tcptransport.cc:936): [TCP INCOMING 63] EOF, lifetime=41139.93 ms
20260223-220943-4691 05501 ! TCPIncomingEventCallback (tcptransport.cc:936): [TCP INCOMING 69] EOF, lifetime=41037.87 ms
20260223-220943-4813 05501 ! TCPIncomingEventCallback (tcptransport.cc:936): [TCP INCOMING 70] EOF, lifetime=41048.91 ms
20260223-220943-4884 05501 ! TCPIncomingEventCallback (tcptransport.cc:936): [TCP INCOMING 67] EOF, lifetime=41080.61 ms
20260223-220950-1657 05501 * Cleanup         (server.cc:548):    Gracefully exiting after signal 15.
20260223-220950-1658 05501 * Stop            (tcptransport.cc:581): [TCP SUMMARY] outgoingCreated=3 outgoingClosed=0 incomingCreated=67 incomingClosed=64 outgoingPeak=4 incomingPeak=64
Inserted events:
  0x558911b13a70 [fd  9] Read Persist Internal
  0x558911b12420 [fd  10] Read Persist
  0x558911b14a20 [fd  11] Read Persist
  0x558967891b80 [fd  12] Read Persist
  0x5589678923c0 [fd  13] Read Persist
  0x558967893c20 [fd  15] Read Persist
  0x558967893080 [fd  16] Read Persist
  0x5589678bfe00 [fd  18] Read Persist
  0x5589678c0240 [fd  20] Read Persist
  0x5589678c4c10 [fd  -1] Timeout=1774321790.433612
Active events:
20260223-220950-1659 05501 * Cleanup         (server.cc:552):    Exporting stats to /mnt/extra/experiments/2026-03-23-22-08-34/out/server-0-0-0-stats-0.json.
