20260216-213725-7550 06386 * main            (benchmark.cc:402): Starting benchmark.
20260216-213730-5064 06386 * main            (benchmark.cc:621): Creating a default paritioner!
20260216-213730-5066 06386 * Client          (client.cc:75):     Initializing StrongStore client with id [70]
20260216-213730-5066 06386 * BenchmarkClient (bench_client.cc:81): starting benchclient, issueConcurrent: 0; fanout: 1
Session created: 0
last_service: , current_state: 0
Session continued: 0
last_service: , current_state: 0
Session destroyed: 18446744073709551615
last_service: , current_state: 0
20260216-213736-1105 06386 * WarmupDone      (bench_client.cc:739): Completed warmup period of 5 seconds with 1032 requests
20260216-213807-1142 06386 * Finish          (bench_client.cc:933): Completed 6306 requests in 31.003903 seconds
20260216-213807-1143 06386 * Finish          (bench_client.cc:934): 1 outstanding transactions.
Session continued: 0
last_service: , current_state: 0
Session destroyed: 18446744073709551615
last_service: , current_state: 0
Session continued: 0
last_service: , current_state: 0
Session destroyed: 18446744073709551615
last_service: , current_state: 0
Session destroyed: 0
last_service: , current_state: 0
20260216-213810-1107 06386 * FlushStats      (benchmark.cc:890): Flushing stats to /mnt/extra/experiments/2026-03-16-21-37-01/out/client-0-0-70-stats-0.json.
20260216-213810-1109 06386 * FlushStats      (benchmark.cc:902): All done!
20260216-213812-1143 06386 * Cleanup         (bench_client.cc:761): Aborting 0 outstanding transactions.
20260216-213812-1144 06386 * CooldownDone    (bench_client.cc:791): Finished cooldown period.
20260216-213812-1173 06386 * CooldownDone    (bench_client.cc:798): Median latency is 4854797 ns (4854 us)
20260216-213812-1174 06386 * CooldownDone    (bench_client.cc:807): Average latency is 4872315 ns (4872 us)
20260216-213812-1174 06386 * CooldownDone    (bench_client.cc:811): 90th percentile latency is 5189660 ns (5189 us)
20260216-213812-1174 06386 * CooldownDone    (bench_client.cc:815): 95th percentile latency is 5308330 ns (5308 us)
20260216-213812-1174 06386 * CooldownDone    (bench_client.cc:819): 99th percentile latency is 5619887 ns (5619 us)
20260216-213812-1174 06386 * LATENCY total: 2315 us 4872 us/4194 us 13 ms (6307 samples, 30 s total)
20260216-213812-1174 06386 *    2097 us |        159 | =
20260216-213812-1174 06386 *    4194 us |       6138 | ==================================================
20260216-213812-1175 06386 *    8388 us |         10 | 
20260216-213812-1919 06386 * Stop            (tcptransport.cc:581): [TCP SUMMARY] outgoingCreated=1 outgoingClosed=0 incomingCreated=0 incomingClosed=0 outgoingPeak=1 incomingPeak=0
Inserted events:
  0x55ea9f7f9f60 [fd  7] Read Persist Internal
  0x55ea9f810510 [fd  9] Read Persist
Active events:
20260216-213812-1921 06386 * main            (benchmark.cc:849): Cleaning up after experiment.
20260216-213812-1921 06386 * FlushStats      (benchmark.cc:890): Flushing stats to /mnt/extra/experiments/2026-03-16-21-37-01/out/client-0-0-70-stats-0.json.
20260216-213812-1922 06386 * FlushStats      (benchmark.cc:902): All done!
