20260216-213725-7509 06469 * main            (benchmark.cc:402): Starting benchmark.
20260216-213730-5111 06469 * main            (benchmark.cc:621): Creating a default paritioner!
20260216-213730-5113 06469 * Client          (client.cc:75):     Initializing StrongStore client with id [112]
20260216-213730-5114 06469 * BenchmarkClient (bench_client.cc:81): starting benchclient, issueConcurrent: 0; fanout: 1
Session created: 0
last_service: , current_state: 0
Session continued: 0
last_service: , current_state: 0
Session destroyed: 18446744073709551615
last_service: , current_state: 0
20260216-213736-1192 06469 * WarmupDone      (bench_client.cc:739): Completed warmup period of 5 seconds with 1029 requests
20260216-213807-1193 06469 * Finish          (bench_client.cc:933): Completed 6304 requests in 31.004169 seconds
20260216-213807-1193 06469 * Finish          (bench_client.cc:934): 1 outstanding transactions.
Session continued: 0
last_service: , current_state: 0
Session destroyed: 18446744073709551615
last_service: , current_state: 0
Session continued: 0
last_service: , current_state: 0
Session destroyed: 18446744073709551615
last_service: , current_state: 0
Session destroyed: 0
last_service: , current_state: 0
20260216-213810-1193 06469 * FlushStats      (benchmark.cc:890): Flushing stats to /mnt/extra/experiments/2026-03-16-21-37-01/out/client-0-0-112-stats-0.json.
20260216-213810-1195 06469 * FlushStats      (benchmark.cc:902): All done!
20260216-213812-1205 06469 * Cleanup         (bench_client.cc:761): Aborting 0 outstanding transactions.
20260216-213812-1205 06469 * CooldownDone    (bench_client.cc:791): Finished cooldown period.
20260216-213812-1244 06469 * CooldownDone    (bench_client.cc:798): Median latency is 4849601 ns (4849 us)
20260216-213812-1245 06469 * CooldownDone    (bench_client.cc:807): Average latency is 4873924 ns (4873 us)
20260216-213812-1245 06469 * CooldownDone    (bench_client.cc:811): 90th percentile latency is 5216615 ns (5216 us)
20260216-213812-1245 06469 * CooldownDone    (bench_client.cc:815): 95th percentile latency is 5375960 ns (5375 us)
20260216-213812-1245 06469 * CooldownDone    (bench_client.cc:819): 99th percentile latency is 5742001 ns (5742 us)
20260216-213812-1245 06469 * LATENCY total: 3067 us 4873 us/4194 us 13 ms (6305 samples, 30 s total)
20260216-213812-1245 06469 *    2097 us |        175 | =
20260216-213812-1246 06469 *    4194 us |       6119 | ==================================================
20260216-213812-1246 06469 *    8388 us |         11 | 
20260216-213812-2092 06469 * Stop            (tcptransport.cc:581): [TCP SUMMARY] outgoingCreated=1 outgoingClosed=0 incomingCreated=0 incomingClosed=0 outgoingPeak=1 incomingPeak=0
Inserted events:
  0x5570698a7f60 [fd  7] Read Persist Internal
  0x5570698be510 [fd  9] Read Persist
Active events:
20260216-213812-2093 06469 * main            (benchmark.cc:849): Cleaning up after experiment.
20260216-213812-2093 06469 * FlushStats      (benchmark.cc:890): Flushing stats to /mnt/extra/experiments/2026-03-16-21-37-01/out/client-0-0-112-stats-0.json.
20260216-213812-2094 06469 * FlushStats      (benchmark.cc:902): All done!
