20260223-215338-7245 04408 * main            (server.cc:213):    Starting server.
20260223-215338-7249 04408 * main            (server.cc:331):    Creating a default paritioner!
20260223-215349-7529 04408 * main            (server.cc:490):    Done loading server.
20260223-215443-2503 04408 ! TCPIncomingEventCallback (tcptransport.cc:936): [TCP INCOMING 37] EOF, lifetime=41008.60 ms
20260223-215443-2625 04408 ! TCPIncomingEventCallback (tcptransport.cc:936): [TCP INCOMING 40] EOF, lifetime=41018.59 ms
20260223-215443-2628 04408 ! TCPIncomingEventCallback (tcptransport.cc:936): [TCP INCOMING 39] EOF, lifetime=41020.49 ms
20260223-215443-2662 04408 ! TCPIncomingEventCallback (tcptransport.cc:936): [TCP INCOMING 24] EOF, lifetime=41027.94 ms
20260223-215443-2663 04408 ! TCPIncomingEventCallback (tcptransport.cc:936): [TCP INCOMING 18] EOF, lifetime=41029.91 ms
20260223-215443-2664 04408 ! TCPIncomingEventCallback (tcptransport.cc:936): [TCP INCOMING 45] EOF, lifetime=41020.01 ms
20260223-215443-2671 04408 ! TCPIncomingEventCallback (tcptransport.cc:936): [TCP INCOMING 17] EOF, lifetime=41031.14 ms
20260223-215443-2675 04408 ! TCPIncomingEventCallback (tcptransport.cc:936): [TCP INCOMING 38] EOF, lifetime=41025.39 ms
20260223-215443-2677 04408 ! TCPIncomingEventCallback (tcptransport.cc:936): [TCP INCOMING 34] EOF, lifetime=41027.02 ms
20260223-215443-2764 04408 ! TCPIncomingEventCallback (tcptransport.cc:936): [TCP INCOMING 44] EOF, lifetime=41030.06 ms
20260223-215443-2784 04408 ! TCPIncomingEventCallback (tcptransport.cc:936): [TCP INCOMING 20] EOF, lifetime=41041.60 ms
20260223-215443-2787 04408 ! TCPIncomingEventCallback (tcptransport.cc:936): [TCP INCOMING 25] EOF, lifetime=41040.40 ms
20260223-215443-2788 04408 ! TCPIncomingEventCallback (tcptransport.cc:936): [TCP INCOMING 28] EOF, lifetime=41040.11 ms
20260223-215443-2820 04408 ! TCPIncomingEventCallback (tcptransport.cc:936): [TCP INCOMING 43] EOF, lifetime=41036.26 ms
20260223-215443-2821 04408 ! TCPIncomingEventCallback (tcptransport.cc:936): [TCP INCOMING 30] EOF, lifetime=41042.83 ms
20260223-215443-2822 04408 ! TCPIncomingEventCallback (tcptransport.cc:936): [TCP INCOMING 49] EOF, lifetime=41031.02 ms
20260223-215443-2829 04408 ! TCPIncomingEventCallback (tcptransport.cc:936): [TCP INCOMING 51] EOF, lifetime=41029.31 ms
20260223-215443-2889 04408 ! TCPIncomingEventCallback (tcptransport.cc:936): [TCP INCOMING 53] EOF, lifetime=41033.28 ms
20260223-215443-2956 04408 ! TCPIncomingEventCallback (tcptransport.cc:936): [TCP INCOMING 48] EOF, lifetime=41047.26 ms
20260223-215443-2970 04408 ! TCPIncomingEventCallback (tcptransport.cc:936): [TCP INCOMING 3] EOF, lifetime=41066.83 ms
20260223-215443-2971 04408 ! TCPIncomingEventCallback (tcptransport.cc:936): [TCP INCOMING 31] EOF, lifetime=41057.47 ms
20260223-215443-2977 04408 ! TCPIncomingEventCallback (tcptransport.cc:936): [TCP INCOMING 33] EOF, lifetime=41057.27 ms
20260223-215443-2978 04408 ! TCPIncomingEventCallback (tcptransport.cc:936): [TCP INCOMING 46] EOF, lifetime=41050.95 ms
20260223-215443-2989 04408 ! TCPIncomingEventCallback (tcptransport.cc:936): [TCP INCOMING 27] EOF, lifetime=41060.32 ms
20260223-215443-2990 04408 ! TCPIncomingEventCallback (tcptransport.cc:936): [TCP INCOMING 19] EOF, lifetime=41062.44 ms
20260223-215443-2995 04408 ! TCPIncomingEventCallback (tcptransport.cc:936): [TCP INCOMING 9] EOF, lifetime=41067.43 ms
20260223-215443-3053 04408 ! TCPIncomingEventCallback (tcptransport.cc:936): [TCP INCOMING 26] EOF, lifetime=41066.83 ms
20260223-215443-3054 04408 ! TCPIncomingEventCallback (tcptransport.cc:936): [TCP INCOMING 10] EOF, lifetime=41072.64 ms
20260223-215443-3055 04408 ! TCPIncomingEventCallback (tcptransport.cc:936): [TCP INCOMING 21] EOF, lifetime=41068.45 ms
20260223-215443-3060 04408 ! TCPIncomingEventCallback (tcptransport.cc:936): [TCP INCOMING 23] EOF, lifetime=41068.45 ms
20260223-215443-3061 04408 ! TCPIncomingEventCallback (tcptransport.cc:936): [TCP INCOMING 47] EOF, lifetime=41058.80 ms
20260223-215443-3070 04408 ! TCPIncomingEventCallback (tcptransport.cc:936): [TCP INCOMING 6] EOF, lifetime=41075.66 ms
20260223-215443-3071 04408 ! TCPIncomingEventCallback (tcptransport.cc:936): [TCP INCOMING 11] EOF, lifetime=41073.70 ms
20260223-215443-3084 04408 ! TCPIncomingEventCallback (tcptransport.cc:936): [TCP INCOMING 12] EOF, lifetime=41074.92 ms
20260223-215443-3092 04408 ! TCPIncomingEventCallback (tcptransport.cc:936): [TCP INCOMING 41] EOF, lifetime=41064.64 ms
20260223-215443-3173 04408 ! TCPIncomingEventCallback (tcptransport.cc:936): [TCP INCOMING 14] EOF, lifetime=41082.99 ms
20260223-215443-3201 04408 ! TCPIncomingEventCallback (tcptransport.cc:936): [TCP INCOMING 22] EOF, lifetime=41082.51 ms
20260223-215443-3201 04408 ! TCPIncomingEventCallback (tcptransport.cc:936): [TCP INCOMING 36] EOF, lifetime=41078.69 ms
20260223-215443-3205 04408 ! TCPIncomingEventCallback (tcptransport.cc:936): [TCP INCOMING 15] EOF, lifetime=41085.54 ms
20260223-215443-3209 04408 ! TCPIncomingEventCallback (tcptransport.cc:936): [TCP INCOMING 13] EOF, lifetime=41086.70 ms
20260223-215443-3209 04408 ! TCPIncomingEventCallback (tcptransport.cc:936): [TCP INCOMING 16] EOF, lifetime=41085.17 ms
20260223-215443-3210 04408 ! TCPIncomingEventCallback (tcptransport.cc:936): [TCP INCOMING 52] EOF, lifetime=41065.52 ms
20260223-215443-3226 04408 ! TCPIncomingEventCallback (tcptransport.cc:936): [TCP INCOMING 29] EOF, lifetime=41083.68 ms
20260223-215443-3228 04408 ! TCPIncomingEventCallback (tcptransport.cc:936): [TCP INCOMING 35] EOF, lifetime=41081.75 ms
20260223-215443-3332 04408 ! TCPIncomingEventCallback (tcptransport.cc:936): [TCP INCOMING 50] EOF, lifetime=41079.66 ms
20260223-215443-3332 04408 ! TCPIncomingEventCallback (tcptransport.cc:936): [TCP INCOMING 54] EOF, lifetime=41072.24 ms
20260223-215443-3333 04408 ! TCPIncomingEventCallback (tcptransport.cc:936): [TCP INCOMING 32] EOF, lifetime=41092.95 ms
20260223-215443-3333 04408 ! TCPIncomingEventCallback (tcptransport.cc:936): [TCP INCOMING 42] EOF, lifetime=41088.16 ms
20260223-215449-8542 04408 * Cleanup         (server.cc:548):    Gracefully exiting after signal 15.
20260223-215449-8543 04408 * Stop            (tcptransport.cc:581): [TCP SUMMARY] outgoingCreated=3 outgoingClosed=0 incomingCreated=51 incomingClosed=48 outgoingPeak=4 incomingPeak=48
Inserted events:
  0x56053aceea70 [fd  9] Read Persist Internal
  0x56053aced420 [fd  10] Read Persist
  0x56053acefa20 [fd  11] Read Persist
  0x5605917f8620 [fd  12] Read Persist
  0x5605917fbc40 [fd  13] Read Persist
  0x56059182cb70 [fd  15] Read Persist
  0x56059182d1a0 [fd  16] Read Persist
  0x56059182d9f0 [fd  18] Read Persist
  0x56059182dc10 [fd  19] Read Persist
  0x56059182eca0 [fd  -1] Timeout=1774320890.262964
Active events:
20260223-215449-8545 04408 * Cleanup         (server.cc:552):    Exporting stats to /mnt/extra/experiments/2026-03-23-21-53-36/out/server-0-0-0-stats-0.json.
==== IOCL Per-Key Queue Length Dump ====
==== End of Dump ====
