20260313-150516-9948 00620 * main            (benchmark.cc:405): Starting benchmark.
20260313-150517-6492 00620 * main            (benchmark.cc:624): Creating a default paritioner!
20260313-150517-6499 00620 * Client          (client.cc:76):     Initializing StrongStore client with id [1]
20260313-150517-6512 00620 * ShardClient     (shardclient.cc:62): success in sending register client: for client id 1 1
20260313-150517-6512 00620 * ShardClient     (shardclient.cc:62): success in sending register client: for client id 1 1
20260313-150517-6513 00620 * ShardClient     (shardclient.cc:62): success in sending register client: for client id 1 1
20260313-150517-6518 00620 * ShardClient     (shardclient.cc:62): success in sending register client: for client id 1 1
20260313-150517-6518 00620 * ShardClient     (shardclient.cc:62): success in sending register client: for client id 1 1
20260313-150517-6519 00620 * ShardClient     (shardclient.cc:62): success in sending register client: for client id 1 1
20260313-150517-6524 00620 * ShardClient     (shardclient.cc:62): success in sending register client: for client id 1 1
20260313-150517-6524 00620 * ShardClient     (shardclient.cc:62): success in sending register client: for client id 1 1
20260313-150517-6525 00620 * ShardClient     (shardclient.cc:62): success in sending register client: for client id 1 1
20260313-150517-6530 00620 * ShardClient     (shardclient.cc:62): success in sending register client: for client id 1 1
20260313-150517-6530 00620 * ShardClient     (shardclient.cc:62): success in sending register client: for client id 1 1
20260313-150517-6531 00620 * ShardClient     (shardclient.cc:62): success in sending register client: for client id 1 1
20260313-150517-6535 00620 * ShardClient     (shardclient.cc:62): success in sending register client: for client id 1 1
20260313-150517-6536 00620 * ShardClient     (shardclient.cc:62): success in sending register client: for client id 1 1
20260313-150517-6536 00620 * ShardClient     (shardclient.cc:62): success in sending register client: for client id 1 1
20260313-150517-6541 00620 * ShardClient     (shardclient.cc:62): success in sending register client: for client id 1 1
20260313-150517-6542 00620 * ShardClient     (shardclient.cc:62): success in sending register client: for client id 1 1
20260313-150517-6542 00620 * ShardClient     (shardclient.cc:62): success in sending register client: for client id 1 1
20260313-150517-6548 00620 * ShardClient     (shardclient.cc:62): success in sending register client: for client id 1 1
20260313-150517-6548 00620 * ShardClient     (shardclient.cc:62): success in sending register client: for client id 1 1
20260313-150517-6548 00620 * ShardClient     (shardclient.cc:62): success in sending register client: for client id 1 1
20260313-150517-6553 00620 * ShardClient     (shardclient.cc:62): success in sending register client: for client id 1 1
20260313-150517-6554 00620 * ShardClient     (shardclient.cc:62): success in sending register client: for client id 1 1
20260313-150517-6554 00620 * ShardClient     (shardclient.cc:62): success in sending register client: for client id 1 1
20260313-150517-6559 00620 * ShardClient     (shardclient.cc:62): success in sending register client: for client id 1 1
20260313-150517-6560 00620 * ShardClient     (shardclient.cc:62): success in sending register client: for client id 1 1
20260313-150517-6560 00620 * ShardClient     (shardclient.cc:62): success in sending register client: for client id 1 1
20260313-150517-6565 00620 * ShardClient     (shardclient.cc:62): success in sending register client: for client id 1 1
20260313-150517-6565 00620 * ShardClient     (shardclient.cc:62): success in sending register client: for client id 1 1
20260313-150517-6566 00620 * ShardClient     (shardclient.cc:62): success in sending register client: for client id 1 1
20260313-150517-6566 00620 * BenchmarkClient (bench_client.cc:90): starting benchclient, issueConcurrent: 0; fanout: 16
Session created: 0
last_service: , current_state: 0
Session continued: 0
last_service: , current_state: 0
Session destroyed: 18446744073709551615
last_service: , current_state: 0
20260313-150517-7741 00620 * ExecuteNextAppRequestOperation (bench_client.cc:414): Sending op with proto 2 and index 0
20260313-150518-2619 00620 * ReceiveOperationResponse (bench_client.cc:547): AppRequest reply timeline: pos=0 status=0 issue_to_reply_ms=488 batch_age_ms=488
20260313-150518-2621 00620 * ExecuteNextAppRequestOperation (bench_client.cc:414): Sending op with proto 2 and index 0
20260313-150518-6640 00620 * ReceiveOperationResponse (bench_client.cc:547): AppRequest reply timeline: pos=1 status=0 issue_to_reply_ms=402 batch_age_ms=890
20260313-150518-6641 00620 * ExecuteNextAppRequestOperation (bench_client.cc:414): Sending op with proto 2 and index 0
20260313-150519-0660 00620 * ReceiveOperationResponse (bench_client.cc:547): AppRequest reply timeline: pos=2 status=0 issue_to_reply_ms=402 batch_age_ms=1292
20260313-150519-0661 00620 * ExecuteNextAppRequestOperation (bench_client.cc:414): Sending op with proto 2 and index 0
20260313-150519-4680 00620 * ReceiveOperationResponse (bench_client.cc:547): AppRequest reply timeline: pos=3 status=0 issue_to_reply_ms=402 batch_age_ms=1694
20260313-150519-4681 00620 * ExecuteNextAppRequestOperation (bench_client.cc:414): Sending op with proto 2 and index 0
20260313-150519-8699 00620 * ReceiveOperationResponse (bench_client.cc:547): AppRequest reply timeline: pos=4 status=0 issue_to_reply_ms=402 batch_age_ms=2096
20260313-150519-8701 00620 * ExecuteNextAppRequestOperation (bench_client.cc:414): Sending op with proto 2 and index 0
20260313-150520-2719 00620 * ReceiveOperationResponse (bench_client.cc:547): AppRequest reply timeline: pos=5 status=0 issue_to_reply_ms=402 batch_age_ms=2498
20260313-150520-2721 00620 * ExecuteNextAppRequestOperation (bench_client.cc:414): Sending op with proto 2 and index 0
20260313-150520-6740 00620 * ReceiveOperationResponse (bench_client.cc:547): AppRequest reply timeline: pos=6 status=0 issue_to_reply_ms=402 batch_age_ms=2900
20260313-150520-6742 00620 * ExecuteNextAppRequestOperation (bench_client.cc:414): Sending op with proto 2 and index 0
20260313-150521-0761 00620 * ReceiveOperationResponse (bench_client.cc:547): AppRequest reply timeline: pos=7 status=0 issue_to_reply_ms=402 batch_age_ms=3302
20260313-150521-0763 00620 * ExecuteNextAppRequestOperation (bench_client.cc:414): Sending op with proto 2 and index 0
20260313-150521-4780 00620 * ReceiveOperationResponse (bench_client.cc:547): AppRequest reply timeline: pos=8 status=0 issue_to_reply_ms=401 batch_age_ms=3704
20260313-150521-4782 00620 * ExecuteNextAppRequestOperation (bench_client.cc:414): Sending op with proto 2 and index 0
20260313-150521-7741 00620 * WarmupDone      (bench_client.cc:744): Completed warmup period of 4 seconds with 0 requests
20260313-150521-8801 00620 * ReceiveOperationResponse (bench_client.cc:547): AppRequest reply timeline: pos=9 status=0 issue_to_reply_ms=402 batch_age_ms=4106
20260313-150521-8802 00620 * ExecuteNextAppRequestOperation (bench_client.cc:414): Sending op with proto 2 and index 0
20260313-150522-2821 00620 * ReceiveOperationResponse (bench_client.cc:547): AppRequest reply timeline: pos=10 status=0 issue_to_reply_ms=401 batch_age_ms=4508
20260313-150522-2823 00620 * ExecuteNextAppRequestOperation (bench_client.cc:414): Sending op with proto 2 and index 0
20260313-150522-6841 00620 * ReceiveOperationResponse (bench_client.cc:547): AppRequest reply timeline: pos=11 status=0 issue_to_reply_ms=401 batch_age_ms=4910
20260313-150522-6843 00620 * ExecuteNextAppRequestOperation (bench_client.cc:414): Sending op with proto 2 and index 0
20260313-150523-0861 00620 * ReceiveOperationResponse (bench_client.cc:547): AppRequest reply timeline: pos=12 status=0 issue_to_reply_ms=401 batch_age_ms=5312
20260313-150523-0863 00620 * ExecuteNextAppRequestOperation (bench_client.cc:414): Sending op with proto 2 and index 0
20260313-150523-4881 00620 * ReceiveOperationResponse (bench_client.cc:547): AppRequest reply timeline: pos=13 status=0 issue_to_reply_ms=401 batch_age_ms=5714
20260313-150523-4882 00620 * ExecuteNextAppRequestOperation (bench_client.cc:414): Sending op with proto 2 and index 0
20260313-150523-8899 00620 * ReceiveOperationResponse (bench_client.cc:547): AppRequest reply timeline: pos=14 status=0 issue_to_reply_ms=401 batch_age_ms=6116
20260313-150523-8901 00620 * GetNextOperation (app_request.cc:76): AppRequest batch composition: fanout=16 reads=12 writes=4
20260313-150523-8902 00620 * ExecuteNextAppRequestOperation (bench_client.cc:414): Sending op with proto 2 and index 0
20260313-150524-2921 00620 * ReceiveOperationResponse (bench_client.cc:547): AppRequest reply timeline: pos=15 status=0 issue_to_reply_ms=402 batch_age_ms=6518
20260313-150524-2922 00620 * ReceiveOperationResponse (bench_client.cc:562): AppRequest batch done: fanout=16 total_reply_ms=6518
20260313-150524-2932 00620 * ExecuteNextAppRequestOperation (bench_client.cc:414): Sending op with proto 2 and index 0
20260313-150524-6953 00620 * ReceiveOperationResponse (bench_client.cc:547): AppRequest reply timeline: pos=0 status=0 issue_to_reply_ms=402 batch_age_ms=402
20260313-150524-6954 00620 * ExecuteNextAppRequestOperation (bench_client.cc:414): Sending op with proto 2 and index 0
20260313-150525-0973 00620 * ReceiveOperationResponse (bench_client.cc:547): AppRequest reply timeline: pos=1 status=0 issue_to_reply_ms=402 batch_age_ms=804
20260313-150525-0974 00620 * ExecuteNextAppRequestOperation (bench_client.cc:414): Sending op with proto 2 and index 0
20260313-150525-4992 00620 * ReceiveOperationResponse (bench_client.cc:547): AppRequest reply timeline: pos=2 status=0 issue_to_reply_ms=401 batch_age_ms=1205
20260313-150525-4994 00620 * ExecuteNextAppRequestOperation (bench_client.cc:414): Sending op with proto 2 and index 0
20260313-150525-9013 00620 * ReceiveOperationResponse (bench_client.cc:547): AppRequest reply timeline: pos=3 status=0 issue_to_reply_ms=402 batch_age_ms=1608
20260313-150525-9014 00620 * ExecuteNextAppRequestOperation (bench_client.cc:414): Sending op with proto 2 and index 0
20260313-150526-3033 00620 * ReceiveOperationResponse (bench_client.cc:547): AppRequest reply timeline: pos=4 status=0 issue_to_reply_ms=402 batch_age_ms=2010
20260313-150526-3035 00620 * ExecuteNextAppRequestOperation (bench_client.cc:414): Sending op with proto 2 and index 0
20260313-150526-7053 00620 * ReceiveOperationResponse (bench_client.cc:547): AppRequest reply timeline: pos=5 status=0 issue_to_reply_ms=402 batch_age_ms=2412
20260313-150526-7054 00620 * ExecuteNextAppRequestOperation (bench_client.cc:414): Sending op with proto 2 and index 0
20260313-150527-1072 00620 * ReceiveOperationResponse (bench_client.cc:547): AppRequest reply timeline: pos=6 status=0 issue_to_reply_ms=401 batch_age_ms=2813
20260313-150527-1073 00620 * ExecuteNextAppRequestOperation (bench_client.cc:414): Sending op with proto 2 and index 0
20260313-150527-5091 00620 * ReceiveOperationResponse (bench_client.cc:547): AppRequest reply timeline: pos=7 status=0 issue_to_reply_ms=401 batch_age_ms=3215
20260313-150527-5093 00620 * ExecuteNextAppRequestOperation (bench_client.cc:414): Sending op with proto 2 and index 0
20260313-150527-9112 00620 * ReceiveOperationResponse (bench_client.cc:547): AppRequest reply timeline: pos=8 status=0 issue_to_reply_ms=401 batch_age_ms=3617
20260313-150527-9114 00620 * ExecuteNextAppRequestOperation (bench_client.cc:414): Sending op with proto 2 and index 0
20260313-150528-3129 00620 * ReceiveOperationResponse (bench_client.cc:547): AppRequest reply timeline: pos=9 status=0 issue_to_reply_ms=401 batch_age_ms=4019
20260313-150528-3131 00620 * ExecuteNextAppRequestOperation (bench_client.cc:414): Sending op with proto 2 and index 0
20260313-150528-7150 00620 * ReceiveOperationResponse (bench_client.cc:547): AppRequest reply timeline: pos=10 status=0 issue_to_reply_ms=402 batch_age_ms=4421
20260313-150528-7151 00620 * ExecuteNextAppRequestOperation (bench_client.cc:414): Sending op with proto 2 and index 0
20260313-150529-1170 00620 * ReceiveOperationResponse (bench_client.cc:547): AppRequest reply timeline: pos=11 status=0 issue_to_reply_ms=402 batch_age_ms=4823
20260313-150529-1172 00620 * ExecuteNextAppRequestOperation (bench_client.cc:414): Sending op with proto 2 and index 0
20260313-150529-5190 00620 * ReceiveOperationResponse (bench_client.cc:547): AppRequest reply timeline: pos=12 status=0 issue_to_reply_ms=402 batch_age_ms=5225
20260313-150529-5192 00620 * ExecuteNextAppRequestOperation (bench_client.cc:414): Sending op with proto 2 and index 0
20260313-150529-9216 00620 * ReceiveOperationResponse (bench_client.cc:547): AppRequest reply timeline: pos=13 status=0 issue_to_reply_ms=403 batch_age_ms=5628
20260313-150529-9217 00620 * ExecuteNextAppRequestOperation (bench_client.cc:414): Sending op with proto 2 and index 0
20260313-150530-3236 00620 * ReceiveOperationResponse (bench_client.cc:547): AppRequest reply timeline: pos=14 status=0 issue_to_reply_ms=402 batch_age_ms=6030
20260313-150530-3238 00620 * GetNextOperation (app_request.cc:76): AppRequest batch composition: fanout=16 reads=14 writes=2
20260313-150530-3238 00620 * ExecuteNextAppRequestOperation (bench_client.cc:414): Sending op with proto 2 and index 0
20260313-150530-7258 00620 * ReceiveOperationResponse (bench_client.cc:547): AppRequest reply timeline: pos=15 status=0 issue_to_reply_ms=402 batch_age_ms=6432
20260313-150530-7259 00620 * ReceiveOperationResponse (bench_client.cc:562): AppRequest batch done: fanout=16 total_reply_ms=6432
20260313-150530-7265 00620 * ExecuteNextAppRequestOperation (bench_client.cc:414): Sending op with proto 2 and index 0
20260313-150531-1282 00620 * ReceiveOperationResponse (bench_client.cc:547): AppRequest reply timeline: pos=0 status=0 issue_to_reply_ms=401 batch_age_ms=401
20260313-150531-1284 00620 * ExecuteNextAppRequestOperation (bench_client.cc:414): Sending op with proto 2 and index 0
20260313-150531-5301 00620 * ReceiveOperationResponse (bench_client.cc:547): AppRequest reply timeline: pos=1 status=0 issue_to_reply_ms=401 batch_age_ms=803
20260313-150531-5303 00620 * ExecuteNextAppRequestOperation (bench_client.cc:414): Sending op with proto 2 and index 0
20260313-150531-9320 00620 * ReceiveOperationResponse (bench_client.cc:547): AppRequest reply timeline: pos=2 status=0 issue_to_reply_ms=401 batch_age_ms=1205
20260313-150531-9322 00620 * ExecuteNextAppRequestOperation (bench_client.cc:414): Sending op with proto 2 and index 0
20260313-150532-3339 00620 * ReceiveOperationResponse (bench_client.cc:547): AppRequest reply timeline: pos=3 status=0 issue_to_reply_ms=402 batch_age_ms=1607
20260313-150532-3341 00620 * ExecuteNextAppRequestOperation (bench_client.cc:414): Sending op with proto 2 and index 0
20260313-150532-7360 00620 * ReceiveOperationResponse (bench_client.cc:547): AppRequest reply timeline: pos=4 status=0 issue_to_reply_ms=402 batch_age_ms=2009
20260313-150532-7361 00620 * ExecuteNextAppRequestOperation (bench_client.cc:414): Sending op with proto 2 and index 0
20260313-150533-1379 00620 * ReceiveOperationResponse (bench_client.cc:547): AppRequest reply timeline: pos=5 status=0 issue_to_reply_ms=402 batch_age_ms=2411
20260313-150533-1381 00620 * ExecuteNextAppRequestOperation (bench_client.cc:414): Sending op with proto 2 and index 0
20260313-150533-5400 00620 * ReceiveOperationResponse (bench_client.cc:547): AppRequest reply timeline: pos=6 status=0 issue_to_reply_ms=402 batch_age_ms=2813
20260313-150533-5401 00620 * ExecuteNextAppRequestOperation (bench_client.cc:414): Sending op with proto 2 and index 0
20260313-150533-9420 00620 * ReceiveOperationResponse (bench_client.cc:547): AppRequest reply timeline: pos=7 status=0 issue_to_reply_ms=402 batch_age_ms=3215
20260313-150533-9421 00620 * ExecuteNextAppRequestOperation (bench_client.cc:414): Sending op with proto 2 and index 0
20260313-150534-3439 00620 * ReceiveOperationResponse (bench_client.cc:547): AppRequest reply timeline: pos=8 status=0 issue_to_reply_ms=402 batch_age_ms=3617
20260313-150534-3440 00620 * ExecuteNextAppRequestOperation (bench_client.cc:414): Sending op with proto 2 and index 0
20260313-150534-7458 00620 * ReceiveOperationResponse (bench_client.cc:547): AppRequest reply timeline: pos=9 status=0 issue_to_reply_ms=402 batch_age_ms=4019
20260313-150534-7459 00620 * ExecuteNextAppRequestOperation (bench_client.cc:414): Sending op with proto 2 and index 0
20260313-150535-1475 00620 * ReceiveOperationResponse (bench_client.cc:547): AppRequest reply timeline: pos=10 status=0 issue_to_reply_ms=402 batch_age_ms=4421
20260313-150535-1476 00620 * ExecuteNextAppRequestOperation (bench_client.cc:414): Sending op with proto 2 and index 0
20260313-150535-5496 00620 * ReceiveOperationResponse (bench_client.cc:547): AppRequest reply timeline: pos=11 status=0 issue_to_reply_ms=402 batch_age_ms=4823
20260313-150535-5497 00620 * ExecuteNextAppRequestOperation (bench_client.cc:414): Sending op with proto 2 and index 0
20260313-150535-9516 00620 * ReceiveOperationResponse (bench_client.cc:547): AppRequest reply timeline: pos=12 status=0 issue_to_reply_ms=402 batch_age_ms=5225
20260313-150535-9518 00620 * ExecuteNextAppRequestOperation (bench_client.cc:414): Sending op with proto 2 and index 0
20260313-150536-3537 00620 * ReceiveOperationResponse (bench_client.cc:547): AppRequest reply timeline: pos=13 status=0 issue_to_reply_ms=402 batch_age_ms=5627
20260313-150536-3538 00620 * ExecuteNextAppRequestOperation (bench_client.cc:414): Sending op with proto 2 and index 0
20260313-150536-7558 00620 * ReceiveOperationResponse (bench_client.cc:547): AppRequest reply timeline: pos=14 status=0 issue_to_reply_ms=402 batch_age_ms=6029
20260313-150536-7559 00620 * GetNextOperation (app_request.cc:76): AppRequest batch composition: fanout=16 reads=14 writes=2
20260313-150536-7560 00620 * ExecuteNextAppRequestOperation (bench_client.cc:414): Sending op with proto 2 and index 0
20260313-150537-1578 00620 * ReceiveOperationResponse (bench_client.cc:547): AppRequest reply timeline: pos=15 status=0 issue_to_reply_ms=402 batch_age_ms=6431
20260313-150537-1579 00620 * ReceiveOperationResponse (bench_client.cc:562): AppRequest batch done: fanout=16 total_reply_ms=6431
20260313-150537-1600 00620 * ExecuteNextAppRequestOperation (bench_client.cc:414): Sending op with proto 2 and index 0
20260313-150537-5618 00620 * ReceiveOperationResponse (bench_client.cc:547): AppRequest reply timeline: pos=0 status=0 issue_to_reply_ms=402 batch_age_ms=402
20260313-150537-5620 00620 * ExecuteNextAppRequestOperation (bench_client.cc:414): Sending op with proto 2 and index 0
20260313-150537-9639 00620 * ReceiveOperationResponse (bench_client.cc:547): AppRequest reply timeline: pos=1 status=0 issue_to_reply_ms=402 batch_age_ms=804
20260313-150537-9640 00620 * ExecuteNextAppRequestOperation (bench_client.cc:414): Sending op with proto 2 and index 0
20260313-150538-3657 00620 * ReceiveOperationResponse (bench_client.cc:547): AppRequest reply timeline: pos=2 status=0 issue_to_reply_ms=402 batch_age_ms=1206
20260313-150538-3659 00620 * ExecuteNextAppRequestOperation (bench_client.cc:414): Sending op with proto 2 and index 0
20260313-150538-7676 00620 * ReceiveOperationResponse (bench_client.cc:547): AppRequest reply timeline: pos=3 status=0 issue_to_reply_ms=402 batch_age_ms=1608
20260313-150538-7677 00620 * ExecuteNextAppRequestOperation (bench_client.cc:414): Sending op with proto 2 and index 0
20260313-150539-1695 00620 * ReceiveOperationResponse (bench_client.cc:547): AppRequest reply timeline: pos=4 status=0 issue_to_reply_ms=402 batch_age_ms=2010
20260313-150539-1697 00620 * ExecuteNextAppRequestOperation (bench_client.cc:414): Sending op with proto 2 and index 0
20260313-150539-5716 00620 * ReceiveOperationResponse (bench_client.cc:547): AppRequest reply timeline: pos=5 status=0 issue_to_reply_ms=402 batch_age_ms=2412
20260313-150539-5717 00620 * ExecuteNextAppRequestOperation (bench_client.cc:414): Sending op with proto 2 and index 0
20260313-150539-9735 00620 * ReceiveOperationResponse (bench_client.cc:547): AppRequest reply timeline: pos=6 status=0 issue_to_reply_ms=402 batch_age_ms=2814
20260313-150539-9737 00620 * ExecuteNextAppRequestOperation (bench_client.cc:414): Sending op with proto 2 and index 0
20260313-150540-3756 00620 * ReceiveOperationResponse (bench_client.cc:547): AppRequest reply timeline: pos=7 status=0 issue_to_reply_ms=402 batch_age_ms=3216
20260313-150540-3758 00620 * ExecuteNextAppRequestOperation (bench_client.cc:414): Sending op with proto 2 and index 0
20260313-150540-7777 00620 * ReceiveOperationResponse (bench_client.cc:547): AppRequest reply timeline: pos=8 status=0 issue_to_reply_ms=402 batch_age_ms=3618
20260313-150540-7778 00620 * ExecuteNextAppRequestOperation (bench_client.cc:414): Sending op with proto 2 and index 0
20260313-150541-1797 00620 * ReceiveOperationResponse (bench_client.cc:547): AppRequest reply timeline: pos=9 status=0 issue_to_reply_ms=402 batch_age_ms=4020
20260313-150541-1798 00620 * ExecuteNextAppRequestOperation (bench_client.cc:414): Sending op with proto 2 and index 0
20260313-150541-5817 00620 * ReceiveOperationResponse (bench_client.cc:547): AppRequest reply timeline: pos=10 status=0 issue_to_reply_ms=402 batch_age_ms=4422
20260313-150541-5818 00620 * ExecuteNextAppRequestOperation (bench_client.cc:414): Sending op with proto 2 and index 0
20260313-150541-9835 00620 * ReceiveOperationResponse (bench_client.cc:547): AppRequest reply timeline: pos=11 status=0 issue_to_reply_ms=402 batch_age_ms=4824
20260313-150541-9837 00620 * ExecuteNextAppRequestOperation (bench_client.cc:414): Sending op with proto 2 and index 0
20260313-150542-3853 00620 * ReceiveOperationResponse (bench_client.cc:547): AppRequest reply timeline: pos=12 status=0 issue_to_reply_ms=402 batch_age_ms=5226
20260313-150542-3855 00620 * ExecuteNextAppRequestOperation (bench_client.cc:414): Sending op with proto 2 and index 0
20260313-150542-7873 00620 * ReceiveOperationResponse (bench_client.cc:547): AppRequest reply timeline: pos=13 status=0 issue_to_reply_ms=401 batch_age_ms=5627
20260313-150542-7874 00620 * ExecuteNextAppRequestOperation (bench_client.cc:414): Sending op with proto 2 and index 0
20260313-150543-1892 00620 * ReceiveOperationResponse (bench_client.cc:547): AppRequest reply timeline: pos=14 status=0 issue_to_reply_ms=401 batch_age_ms=6029
20260313-150543-1894 00620 * GetNextOperation (app_request.cc:76): AppRequest batch composition: fanout=16 reads=15 writes=1
20260313-150543-1895 00620 * ExecuteNextAppRequestOperation (bench_client.cc:414): Sending op with proto 2 and index 0
20260313-150543-5914 00620 * ReceiveOperationResponse (bench_client.cc:547): AppRequest reply timeline: pos=15 status=0 issue_to_reply_ms=402 batch_age_ms=6432
20260313-150543-5915 00620 * ReceiveOperationResponse (bench_client.cc:562): AppRequest batch done: fanout=16 total_reply_ms=6432
20260313-150543-5928 00620 * ExecuteNextAppRequestOperation (bench_client.cc:414): Sending op with proto 2 and index 0
20260313-150543-9947 00620 * ReceiveOperationResponse (bench_client.cc:547): AppRequest reply timeline: pos=0 status=0 issue_to_reply_ms=402 batch_age_ms=402
20260313-150543-9949 00620 * ExecuteNextAppRequestOperation (bench_client.cc:414): Sending op with proto 2 and index 0
20260313-150544-3968 00620 * ReceiveOperationResponse (bench_client.cc:547): AppRequest reply timeline: pos=1 status=0 issue_to_reply_ms=402 batch_age_ms=804
20260313-150544-3970 00620 * ExecuteNextAppRequestOperation (bench_client.cc:414): Sending op with proto 2 and index 0
20260313-150544-7988 00620 * ReceiveOperationResponse (bench_client.cc:547): AppRequest reply timeline: pos=2 status=0 issue_to_reply_ms=402 batch_age_ms=1206
20260313-150544-7989 00620 * ExecuteNextAppRequestOperation (bench_client.cc:414): Sending op with proto 2 and index 0
20260313-150545-2008 00620 * ReceiveOperationResponse (bench_client.cc:547): AppRequest reply timeline: pos=3 status=0 issue_to_reply_ms=402 batch_age_ms=1608
20260313-150545-2010 00620 * ExecuteNextAppRequestOperation (bench_client.cc:414): Sending op with proto 2 and index 0
20260313-150545-6025 00620 * ReceiveOperationResponse (bench_client.cc:547): AppRequest reply timeline: pos=4 status=0 issue_to_reply_ms=402 batch_age_ms=2010
20260313-150545-6026 00620 * ExecuteNextAppRequestOperation (bench_client.cc:414): Sending op with proto 2 and index 0
20260313-150546-0045 00620 * ReceiveOperationResponse (bench_client.cc:547): AppRequest reply timeline: pos=5 status=0 issue_to_reply_ms=402 batch_age_ms=2412
20260313-150546-0046 00620 * ExecuteNextAppRequestOperation (bench_client.cc:414): Sending op with proto 2 and index 0
20260313-150546-4064 00620 * ReceiveOperationResponse (bench_client.cc:547): AppRequest reply timeline: pos=6 status=0 issue_to_reply_ms=402 batch_age_ms=2814
20260313-150546-4065 00620 * ExecuteNextAppRequestOperation (bench_client.cc:414): Sending op with proto 2 and index 0
20260313-150546-7741 00620 * FlushStats      (benchmark.cc:916): Flushing stats to /mnt/extra/experiments/2026-04-13-15-04-47/out/client-0-1-0-stats-0.json.
20260313-150546-7744 00620 * FlushStats      (benchmark.cc:928): All done!
20260313-150546-8083 00620 * ReceiveOperationResponse (bench_client.cc:547): AppRequest reply timeline: pos=7 status=0 issue_to_reply_ms=402 batch_age_ms=3216
20260313-150546-8085 00620 * ExecuteNextAppRequestOperation (bench_client.cc:414): Sending op with proto 2 and index 0
20260313-150547-2103 00620 * ReceiveOperationResponse (bench_client.cc:547): AppRequest reply timeline: pos=8 status=0 issue_to_reply_ms=402 batch_age_ms=3618
20260313-150547-2105 00620 * ExecuteNextAppRequestOperation (bench_client.cc:414): Sending op with proto 2 and index 0
20260313-150547-6122 00620 * ReceiveOperationResponse (bench_client.cc:547): AppRequest reply timeline: pos=9 status=0 issue_to_reply_ms=401 batch_age_ms=4019
20260313-150547-6124 00620 * ExecuteNextAppRequestOperation (bench_client.cc:414): Sending op with proto 2 and index 0
20260313-150548-0142 00620 * ReceiveOperationResponse (bench_client.cc:547): AppRequest reply timeline: pos=10 status=0 issue_to_reply_ms=401 batch_age_ms=4421
20260313-150548-0144 00620 * ExecuteNextAppRequestOperation (bench_client.cc:414): Sending op with proto 2 and index 0
20260313-150548-4161 00620 * ReceiveOperationResponse (bench_client.cc:547): AppRequest reply timeline: pos=11 status=0 issue_to_reply_ms=401 batch_age_ms=4823
20260313-150548-4162 00620 * ExecuteNextAppRequestOperation (bench_client.cc:414): Sending op with proto 2 and index 0
20260313-150548-8181 00620 * ReceiveOperationResponse (bench_client.cc:547): AppRequest reply timeline: pos=12 status=0 issue_to_reply_ms=401 batch_age_ms=5225
20260313-150548-8182 00620 * ExecuteNextAppRequestOperation (bench_client.cc:414): Sending op with proto 2 and index 0
20260313-150549-2201 00620 * ReceiveOperationResponse (bench_client.cc:547): AppRequest reply timeline: pos=13 status=0 issue_to_reply_ms=401 batch_age_ms=5627
20260313-150549-2203 00620 * ExecuteNextAppRequestOperation (bench_client.cc:414): Sending op with proto 2 and index 0
20260313-150549-6220 00620 * ReceiveOperationResponse (bench_client.cc:547): AppRequest reply timeline: pos=14 status=0 issue_to_reply_ms=401 batch_age_ms=6029
20260313-150549-6221 00620 * GetNextOperation (app_request.cc:76): AppRequest batch composition: fanout=16 reads=14 writes=2
20260313-150549-6222 00620 * ExecuteNextAppRequestOperation (bench_client.cc:414): Sending op with proto 2 and index 0
20260313-150550-0240 00620 * ReceiveOperationResponse (bench_client.cc:547): AppRequest reply timeline: pos=15 status=0 issue_to_reply_ms=402 batch_age_ms=6431
20260313-150550-0241 00620 * ReceiveOperationResponse (bench_client.cc:562): AppRequest batch done: fanout=16 total_reply_ms=6431
20260313-150550-0242 00620 * Finish          (bench_client.cc:938): Completed 4 requests in 32.250103 seconds
20260313-150550-0242 00620 * Finish          (bench_client.cc:939): 1 outstanding transactions.
20260313-150550-0251 00620 * ExecuteNextAppRequestOperation (bench_client.cc:414): Sending op with proto 2 and index 0
20260313-150550-4269 00620 * ReceiveOperationResponse (bench_client.cc:547): AppRequest reply timeline: pos=0 status=0 issue_to_reply_ms=402 batch_age_ms=402
20260313-150550-4271 00620 * ExecuteNextAppRequestOperation (bench_client.cc:414): Sending op with proto 2 and index 0
20260313-150550-8289 00620 * ReceiveOperationResponse (bench_client.cc:547): AppRequest reply timeline: pos=1 status=0 issue_to_reply_ms=402 batch_age_ms=804
20260313-150550-8291 00620 * ExecuteNextAppRequestOperation (bench_client.cc:414): Sending op with proto 2 and index 0
20260313-150551-2311 00620 * ReceiveOperationResponse (bench_client.cc:547): AppRequest reply timeline: pos=2 status=0 issue_to_reply_ms=402 batch_age_ms=1206
20260313-150551-2312 00620 * ExecuteNextAppRequestOperation (bench_client.cc:414): Sending op with proto 2 and index 0
20260313-150551-6329 00620 * ReceiveOperationResponse (bench_client.cc:547): AppRequest reply timeline: pos=3 status=0 issue_to_reply_ms=401 batch_age_ms=1608
20260313-150551-6331 00620 * ExecuteNextAppRequestOperation (bench_client.cc:414): Sending op with proto 2 and index 0
20260313-150552-0349 00620 * ReceiveOperationResponse (bench_client.cc:547): AppRequest reply timeline: pos=4 status=0 issue_to_reply_ms=402 batch_age_ms=2010
20260313-150552-0351 00620 * ExecuteNextAppRequestOperation (bench_client.cc:414): Sending op with proto 2 and index 0
20260313-150552-4370 00620 * ReceiveOperationResponse (bench_client.cc:547): AppRequest reply timeline: pos=5 status=0 issue_to_reply_ms=402 batch_age_ms=2412
20260313-150552-4371 00620 * ExecuteNextAppRequestOperation (bench_client.cc:414): Sending op with proto 2 and index 0
20260313-150552-8390 00620 * ReceiveOperationResponse (bench_client.cc:547): AppRequest reply timeline: pos=6 status=0 issue_to_reply_ms=402 batch_age_ms=2814
20260313-150552-8391 00620 * ExecuteNextAppRequestOperation (bench_client.cc:414): Sending op with proto 2 and index 0
20260313-150553-2414 00620 * ReceiveOperationResponse (bench_client.cc:547): AppRequest reply timeline: pos=7 status=0 issue_to_reply_ms=403 batch_age_ms=3217
20260313-150553-2415 00620 * ExecuteNextAppRequestOperation (bench_client.cc:414): Sending op with proto 2 and index 0
20260313-150553-6434 00620 * ReceiveOperationResponse (bench_client.cc:547): AppRequest reply timeline: pos=8 status=0 issue_to_reply_ms=402 batch_age_ms=3619
20260313-150553-6436 00620 * ExecuteNextAppRequestOperation (bench_client.cc:414): Sending op with proto 2 and index 0
20260313-150554-0240 00620 * Cleanup         (bench_client.cc:766): Aborting 1 outstanding transactions.
20260313-150554-0454 00620 * ReceiveOperationResponse (bench_client.cc:547): AppRequest reply timeline: pos=9 status=0 issue_to_reply_ms=402 batch_age_ms=4021
20260313-150554-0456 00620 * ExecuteNextAppRequestOperation (bench_client.cc:414): Sending op with proto 2 and index 0
20260313-150554-4474 00620 * ReceiveOperationResponse (bench_client.cc:547): AppRequest reply timeline: pos=10 status=0 issue_to_reply_ms=402 batch_age_ms=4423
20260313-150554-4475 00620 * ExecuteNextAppRequestOperation (bench_client.cc:414): Sending op with proto 2 and index 0
20260313-150554-8493 00620 * ReceiveOperationResponse (bench_client.cc:547): AppRequest reply timeline: pos=11 status=0 issue_to_reply_ms=402 batch_age_ms=4825
20260313-150554-8495 00620 * ExecuteNextAppRequestOperation (bench_client.cc:414): Sending op with proto 2 and index 0
20260313-150555-0242 00620 * CleanupContinue (bench_client.cc:751): Waiting for 1 outstanding transactions.
20260313-150555-2513 00620 * ReceiveOperationResponse (bench_client.cc:547): AppRequest reply timeline: pos=12 status=0 issue_to_reply_ms=402 batch_age_ms=5227
20260313-150555-2515 00620 * ExecuteNextAppRequestOperation (bench_client.cc:414): Sending op with proto 2 and index 0
20260313-150555-6534 00620 * ReceiveOperationResponse (bench_client.cc:547): AppRequest reply timeline: pos=13 status=0 issue_to_reply_ms=402 batch_age_ms=5629
20260313-150555-6535 00620 * ExecuteNextAppRequestOperation (bench_client.cc:414): Sending op with proto 2 and index 0
20260313-150556-0243 00620 * CleanupContinue (bench_client.cc:751): Waiting for 1 outstanding transactions.
20260313-150556-0553 00620 * ReceiveOperationResponse (bench_client.cc:547): AppRequest reply timeline: pos=14 status=0 issue_to_reply_ms=402 batch_age_ms=6031
20260313-150556-0555 00620 * GetNextOperation (app_request.cc:76): AppRequest batch composition: fanout=16 reads=15 writes=1
20260313-150556-0556 00620 * ExecuteNextAppRequestOperation (bench_client.cc:414): Sending op with proto 2 and index 0
20260313-150556-4575 00620 * ReceiveOperationResponse (bench_client.cc:547): AppRequest reply timeline: pos=15 status=0 issue_to_reply_ms=402 batch_age_ms=6433
20260313-150556-4576 00620 * ReceiveOperationResponse (bench_client.cc:562): AppRequest batch done: fanout=16 total_reply_ms=6433
Session continued: 0
last_service: , current_state: 0
Session destroyed: 18446744073709551615
last_service: , current_state: 0
Session continued: 0
last_service: , current_state: 0
Session destroyed: 18446744073709551615
last_service: , current_state: 0
Session destroyed: 0
last_service: , current_state: 0
20260313-150557-0249 00620 * CleanupContinue (bench_client.cc:751): Waiting for 0 outstanding transactions.
20260313-150557-0250 00620 * CooldownDone    (bench_client.cc:796): Finished cooldown period.
20260313-150557-0250 00620 * CooldownDone    (bench_client.cc:803): Median latency is 6431612372 ns (6431 ms)
20260313-150557-0250 00620 * CooldownDone    (bench_client.cc:812): Average latency is 6449102526 ns (6449 ms)
20260313-150557-0251 00620 * CooldownDone    (bench_client.cc:816): 90th percentile latency is 6518207106 ns (6518 ms)
20260313-150557-0251 00620 * CooldownDone    (bench_client.cc:820): 95th percentile latency is 6518207106 ns (6518 ms)
20260313-150557-0252 00620 * CooldownDone    (bench_client.cc:824): 99th percentile latency is 6518207106 ns (6518 ms)
20260313-150557-0252 00620 * LATENCY total: 6431 ms 6449 ms/4294 ms 6518 ms (5 samples, 32 s total)
20260313-150557-0253 00620 *    4294 ms |          5 | =====
20260313-150557-0254 00620 * Stop            (tcptransport.cc:601): [TCP SUMMARY] outgoingCreated=30 outgoingClosed=0 incomingCreated=0 incomingClosed=0 outgoingPeak=30 incomingPeak=0
Inserted events:
  0x55cc1618b390 [fd  7] Read Persist Internal
  0x55cc161aa860 [fd  9] Read Persist
  0x55cc161af060 [fd  10] Read Persist
  0x55cc161ab2c0 [fd  11] Read Persist
  0x55cc161a9890 [fd  12] Read Persist
  0x55cc161ac890 [fd  13] Read Persist
  0x55cc161aa120 [fd  14] Read Persist
  0x55cc161af450 [fd  15] Read Persist
  0x55cc161ae2c0 [fd  16] Read Persist
  0x55cc161aeb40 [fd  17] Read Persist
  0x55cc161c7450 [fd  18] Read Persist
  0x55cc161c7a80 [fd  19] Read Persist
  0x55cc161c8180 [fd  20] Read Persist
  0x55cc161c9020 [fd  21] Read Persist
  0x55cc161c9840 [fd  22] Read Persist
  0x55cc161ca060 [fd  23] Read Persist
  0x55cc161caf90 [fd  24] Read Persist
  0x55cc161cb7b0 [fd  25] Read Persist
  0x55cc161cc230 [fd  26] Read Persist
  0x55cc161cd160 [fd  27] Read Persist
  0x55cc161cd9d0 [fd  28] Read Persist
  0x55cc161ce320 [fd  29] Read Persist
  0x55cc161cf4e0 [fd  30] Read Persist
  0x55cc161cfe20 [fd  31] Read Persist
  0x55cc161d0790 [fd  32] Read Persist
  0x55cc161d1b40 [fd  33] Read Persist
  0x55cc161d2460 [fd  34] Read Persist
  0x55cc161d2dd0 [fd  35] Read Persist
  0x55cc161d4010 [fd  36] Read Persist
  0x55cc161d48f0 [fd  37] Read Persist
  0x55cc161d5260 [fd  38] Read Persist
Active events:
20260313-150557-0259 00620 * main            (benchmark.cc:875): Cleaning up after experiment.
20260313-150557-0259 00620 * FlushStats      (benchmark.cc:916): Flushing stats to /mnt/extra/experiments/2026-04-13-15-04-47/out/client-0-1-0-stats-0.json.
20260313-150557-0261 00620 * FlushStats      (benchmark.cc:928): All done!
