#start,0,0
app,1510222336,30722894430,71
user_create,1510222336,30722894430,71
app,1141860352,31864807844,71
user_create,1141860352,31864807844,71
app,1347785472,33212646245,71
user_create,1347785472,33212646245,71
app,994105600,34206805706,71
user_create,994105600,34206805706,71
app,1329819648,35536678791,71
user_create,1329819648,35536678791,71
app,1482258688,37018990755,71
user_create,1482258688,37018990755,71
app,1329127936,38348171710,71
user_create,1329127936,38348171710,71
app,1445144320,39793369293,71
user_create,1445144320,39793369293,71
app,1301763072,41095191001,71
user_create,1301763072,41095191001,71
app,1548066560,42643311500,71
user_create,1548066560,42643311500,71
app,1113936640,43757300615,71
user_create,1113936640,43757300615,71
app,1613309696,45370663404,71
user_create,1613309696,45370663404,71
app,1483468288,46854184150,71
user_create,1483468288,46854184150,71
app,1481288448,48335525751,71
user_create,1481288448,48335525751,71
app,1446349824,49781932592,71
user_create,1446349824,49781932592,71
app,1662137600,51444125413,71
user_create,1662137600,51444125413,71
app,995750144,52439928770,71
user_create,995750144,52439928770,71
app,1282177024,53722158670,71
user_create,1282177024,53722158670,71
app,1176948224,54899160385,71
user_create,1176948224,54899160385,71
app,1239618560,56138832569,71
user_create,1239618560,56138832569,71
app,995958016,57134843587,71
user_create,995958016,57134843587,71
app,1121998592,58256896257,71
user_create,1121998592,58256896257,71
app,1433559808,59690509557,71
user_create,1433559808,59690509557,71
app,1434750464,61125313282,71
user_create,1434750464,61125313282,71
app,1841242112,62966609001,71
user_create,1841242112,62966609001,71
app,1496996608,64463662147,71
user_create,1496996608,64463662147,71
app,1460680704,65924398422,71
user_create,1460680704,65924398422,71
app,1122916864,67047368764,71
user_create,1122916864,67047368764,71
app,1173565184,68220986843,71
user_create,1173565184,68220986843,71
app,1141517056,69362556934,71
user_create,1141517056,69362556934,71
app,1370575360,70733185529,71
user_create,1370575360,70733185529,71
app,1234024192,71967263221,71
user_create,1234024192,71967263221,71
app,1347897088,73315214395,71
user_create,1347897088,73315214395,71
app,1022716672,74337985277,71
user_create,1022716672,74337985277,71
app,1237303808,75575343370,71
user_create,1237303808,75575343370,71
app,1271300864,76846713066,71
user_create,1271300864,76846713066,71
app,1088025088,77934793472,71
user_create,1088025088,77934793472,71
app,1367041792,79301891565,71
user_create,1367041792,79301891565,71
app,1330693888,80632639169,71
user_create,1330693888,80632639169,71
app,1446310400,82079002857,71
user_create,1446310400,82079002857,71
app,1149362944,83228419542,71
user_create,1149362944,83228419542,71
app,1368306176,84596779108,71
user_create,1368306176,84596779108,71
app,1149399552,85746232509,71
user_create,1149399552,85746232509,71
app,960220672,86706506729,71
user_create,960220672,86706506729,71
app,1353348352,88059907913,71
user_create,1353348352,88059907913,71
app,1150523136,89210485458,71
user_create,1150523136,89210485458,71
app,1206225408,90416764020,71
user_create,1206225408,90416764020,71
app,1113643520,91530460357,71
user_create,1113643520,91530460357,71
app,1509815296,93040328502,71
user_create,1509815296,93040328502,71
app,994782464,94035164356,71
user_create,994782464,94035164356,71
app,1597875712,95633093357,71
user_create,1597875712,95633093357,71
app,1728372736,97361519098,71
user_create,1728372736,97361519098,71
app,1348129280,98709701776,71
user_create,1348129280,98709701776,71
app,1180299008,99890053510,71
user_create,1180299008,99890053510,71
app,1087595520,100977702856,71
user_create,1087595520,100977702856,71
app,1841582592,102819338321,71
user_create,1841582592,102819338321,71
app,1244006912,104063399076,71
user_create,1244006912,104063399076,71
app,1368776192,105432228803,71
user_create,1368776192,105432228803,71
app,1206521088,106638802289,71
user_create,1206521088,106638802289,71
app,1237127424,107875982522,71
user_create,1237127424,107875982522,71
app,1841476608,109717513084,71
user_create,1841476608,109717513084,71
app,1614072832,111331639528,71
user_create,1614072832,111331639528,71
app,1124297472,112455991268,71
user_create,1124297472,112455991268,71
app,1445438208,113901482820,71
user_create,1445438208,113901482820,71
app,1433206016,115334743976,71
user_create,1433206016,115334743976,71
app,1484593920,116819397211,71
user_create,1484593920,116819397211,71
app,1124818944,117944306850,71
user_create,1124818944,117944306850,71
app,1482027008,119426387310,71
user_create,1482027008,119426387310,71
app,1841801728,121268243074,71
user_create,1841801728,121268243074,71
app,1188372736,122456669092,71
user_create,1188372736,122456669092,71
app,1141744128,123598465919,71
user_create,1141744128,123598465919,71
app,1367713280,124966232538,71
user_create,1367713280,124966232538,71
app,1500374272,126466659784,71
user_create,1500374272,126466659784,71
app,930084352,127396797657,71
user_create,930084352,127396797657,71
app,1728254464,129125104427,71
user_create,1728254464,129125104427,71
app,929757952,130054916858,71
user_create,929757952,130054916858,71
app,1598642432,131653612136,71
user_create,1598642432,131653612136,71
app,1240540928,132894220113,71
user_create,1240540928,132894220113,71
app,1201795328,134096069335,71
user_create,1201795328,134096069335,71
app,1189755136,135285877227,71
user_create,1189755136,135285877227,71
app,1216349952,136502280235,71
user_create,1216349952,136502280235,71
app,1237053696,137739387035,71
user_create,1237053696,137739387035,71
app,1424092416,139163532733,71
user_create,1424092416,139163532733,71
app,1049480704,140213066577,71
user_create,1049480704,140213066577,71
app,1087266560,141300400257,71
user_create,1087266560,141300400257,71
app,1418222848,142718678236,71
user_create,1418222848,142718678236,71
app,1536972800,144255705833,71
user_create,1536972800,144255705833,71
app,1123041536,145378801584,71
user_create,1123041536,145378801584,71
app,1418404864,146797259569,71
user_create,1418404864,146797259569,71
app,1354123264,148151436567,71
user_create,1354123264,148151436567,71
app,1348136192,149499655008,71
user_create,1348136192,149499655008,71
app,1353705984,150853414773,71
user_create,1353705984,150853414773,71
app,1446278912,152299746990,71
user_create,1446278912,152299746990,71
app,1294098944,153593899726,71
user_create,1294098944,153593899726,71
app,1218162176,154812120199,71
user_create,1218162176,154812120199,71
app,1369793536,156181967973,71
user_create,1369793536,156181967973,71
app,957935360,157139957189,71
user_create,957935360,157139957189,71
app,1294343936,158434354066,71
user_create,1294343936,158434354066,71
app,1842393344,160276800394,71
user_create,1842393344,160276800394,71
app,1186905856,161463760137,71
user_create,1186905856,161463760137,71
app,1149734400,162613548278,71
user_create,1149734400,162613548278,71
app,1691128320,164304729938,71
user_create,1691128320,164304729938,71
app,1022209024,165326992511,71
user_create,1022209024,165326992511,71
app,1433413376,166760459423,71
user_create,1433413376,166760459423,71
app,1319789056,168080301761,71
user_create,1319789056,168080301761,71
app,1597293824,169677649021,71
user_create,1597293824,169677649021,71
app,1320125440,170997827768,71
user_create,1320125440,170997827768,71
app,1189548544,172187429428,71
user_create,1189548544,172187429428,71
app,1088360704,173275899410,71
user_create,1088360704,173275899410,71
app,1385482240,174661434888,71
user_create,1385482240,174661434888,71
app,1142225152,175803713083,71
user_create,1142225152,175803713083,71
app,1121725696,176925491809,71
user_create,1121725696,176925491809,71
app,1547950592,178473496198,71
user_create,1547950592,178473496198,71
app,1293622272,179767171859,71
user_create,1293622272,179767171859,71
app,1418109696,181185335159,71
user_create,1418109696,181185335159,71
app,1236922624,182422311305,71
user_create,1236922624,182422311305,71
app,1087477248,183509842395,71
user_create,1087477248,183509842395,71
app,1200847104,184710744380,71
user_create,1200847104,184710744380,71
app,1423879424,186134677648,71
user_create,1423879424,186134677648,71
app,1022856704,187157600879,71
user_create,1022856704,187157600879,71
app,1353837312,188511491775,71
user_create,1353837312,188511491775,71
app,995990016,189507534980,71
user_create,995990016,189507534980,71
app,1538299904,191045892477,71
user_create,1538299904,191045892477,71
app,1254269440,192300218820,71
user_create,1254269440,192300218820,71
app,1272123648,193572396278,71
user_create,1272123648,193572396278,71
app,1354013184,194926463127,71
user_create,1354013184,194926463127,71
app,1086082560,196012599229,71
user_create,1086082560,196012599229,71
app,1662189312,197674841880,71
user_create,1662189312,197674841880,71
app,1253779712,198928674936,71
user_create,1253779712,198928674936,71
app,996222464,199924950599,71
user_create,996222464,199924950599,71
app,1320315648,201245320320,71
user_create,1320315648,201245320320,71
app,1059901440,202305282115,71
user_create,1059901440,202305282115,71
app,1088220928,203393557310,71
user_create,1088220928,203393557310,71
app,1253413888,204647026062,71
user_create,1253413888,204647026062,71
app,1727553024,206374632120,71
user_create,1727553024,206374632120,71
app,1842028032,208216713428,71
user_create,1842028032,208216713428,71
app,1484057344,209700824499,71
user_create,1484057344,209700824499,71
app,1149894656,210850791692,71
user_create,1149894656,210850791692,71
app,1433968896,212284813404,71
user_create,1433968896,212284813404,71
app,1174616064,213459485292,71
user_create,1174616064,213459485292,71
app,1370960384,214830499887,71
user_create,1370960384,214830499887,71
app,865954304,215696507215,71
user_create,865954304,215696507215,71
app,1088048640,216784609079,71
user_create,1088048640,216784609079,71
app,1206257664,217990919589,71
user_create,1206257664,217990919589,71
app,1386381824,219377354860,71
user_create,1386381824,219377354860,71
app,1217830656,220595241069,71
user_create,1217830656,220595241069,71
app,1348229888,221943526983,71
user_create,1348229888,221943526983,71
app,1446250496,223389831304,71
user_create,1446250496,223389831304,71
app,1188071936,224577956438,71
user_create,1188071936,224577956438,71
app,1547131904,226125141620,71
user_create,1547131904,226125141620,71
app,1433826048,227559021472,71
user_create,1433826048,227559021472,71
app,1021928960,228581007719,71
user_create,1021928960,228581007719,71
app,1178550528,229759612798,71
user_create,1178550528,229759612798,71
app,992503808,230752176284,71
user_create,992503808,230752176284,71
app,994521600,231746752262,71
user_create,994521600,231746752262,71
app,1461740032,233208545923,71
user_create,1461740032,233208545923,71
app,1206166016,234414765119,71
user_create,1206166016,234414765119,71
app,996548352,235411367177,71
user_create,996548352,235411367177,71
app,1485728000,236897150039,71
user_create,1485728000,236897150039,71
#end,236,897159,71
