20260313-152157-8368 16879 * main            (server.cc:217):    Starting server.
20260313-152157-8373 16879 * main            (server.cc:335):    Creating a default paritioner!
20260313-152159-4510 16879 * main            (server.cc:513):    Done loading server.
20260313-152259-6205 16879 ! TCPIncomingEventCallback (tcptransport.cc:938): [TCP INCOMING 117] EOF, lifetime=39177.25 ms
20260313-152259-6225 16879 ! TCPIncomingEventCallback (tcptransport.cc:938): [TCP INCOMING 118] EOF, lifetime=39178.50 ms
20260313-152259-6268 16879 ! TCPIncomingEventCallback (tcptransport.cc:938): [TCP INCOMING 120] EOF, lifetime=39173.51 ms
20260313-152259-6269 16879 ! TCPIncomingEventCallback (tcptransport.cc:938): [TCP INCOMING 121] EOF, lifetime=39171.24 ms
20260313-152259-6313 16879 ! TCPIncomingEventCallback (tcptransport.cc:938): [TCP INCOMING 122] EOF, lifetime=39175.46 ms
20260313-152259-6324 16879 ! TCPIncomingEventCallback (tcptransport.cc:938): [TCP INCOMING 119] EOF, lifetime=39179.96 ms
20260313-152259-6354 16879 ! TCPIncomingEventCallback (tcptransport.cc:938): [TCP INCOMING 123] EOF, lifetime=39175.19 ms
20260313-152259-6482 16879 ! TCPIncomingEventCallback (tcptransport.cc:938): [TCP INCOMING 124] EOF, lifetime=39171.76 ms
20260313-152306-2040 16879 * Cleanup         (server.cc:589):    Gracefully exiting after signal 15.
20260313-152306-2042 16879 * Stop            (tcptransport.cc:601): [TCP SUMMARY] outgoingCreated=59 outgoingClosed=0 incomingCreated=67 incomingClosed=8 outgoingPeak=125 incomingPeak=37
Inserted events:
  0x558e9a7cad00 [fd  9] Read Persist Internal
  0x558e9a7d2a60 [fd  10] Read Persist
  0x558e9a7ddcd0 [fd  11] Read Persist
  0x558ea3123140 [fd  12] Read Persist
  0x558ea311ff70 [fd  13] Read Persist
  0x558ea3124010 [fd  14] Read Persist
  0x558ea31194d0 [fd  15] Read Persist
  0x558ea3119830 [fd  16] Read Persist
  0x558ea3118300 [fd  17] Read Persist
  0x558ea3118740 [fd  18] Read Persist
  0x558ea3118b80 [fd  19] Read Persist
  0x558ea3132780 [fd  20] Read Persist
  0x558ea31329a0 [fd  21] Read Persist
  0x558ea3132db0 [fd  22] Read Persist
  0x558ea31331c0 [fd  23] Read Persist
  0x558ea31335d0 [fd  24] Read Persist
  0x558ea31339e0 [fd  25] Read Persist
  0x558ea3133df0 [fd  26] Read Persist
  0x558ea3134200 [fd  27] Read Persist
  0x558ea3134610 [fd  28] Read Persist
  0x558ea3134cb0 [fd  29] Read Persist
  0x558ea3135240 [fd  30] Read Persist
  0x558ea31357d0 [fd  31] Read Persist
  0x558ea3135d60 [fd  32] Read Persist
  0x558ea3136500 [fd  33] Read Persist
  0x558ea3136a90 [fd  34] Read Persist
  0x558ea3137020 [fd  35] Read Persist
  0x558ea31375b0 [fd  36] Read Persist
  0x558ea3137b40 [fd  37] Read Persist
  0x558ea31380d0 [fd  38] Read Persist
  0x558ea3138660 [fd  39] Read Persist
  0x558ea3138bf0 [fd  40] Read Persist
  0x558ea3139180 [fd  41] Read Persist
  0x558ea3139710 [fd  42] Read Persist
  0x558ea3139ca0 [fd  43] Read Persist
  0x558ea313a230 [fd  44] Read Persist
  0x558ea313a7c0 [fd  45] Read Persist
  0x558ea313abe0 [fd  46] Read Persist
  0x558ea313ae00 [fd  47] Read Persist
  0x558ea313b0b0 [fd  48] Read Persist
  0x558ea313b6d0 [fd  49] Read Persist
  0x558ea313ba70 [fd  50] Read Persist
  0x558ea313be10 [fd  51] Read Persist
  0x558ea313c1b0 [fd  52] Read Persist
  0x558ea313c550 [fd  53] Read Persist
  0x558ea313c8f0 [fd  54] Read Persist
  0x558ea313cc90 [fd  55] Read Persist
  0x558ea313d030 [fd  56] Read Persist
  0x558ea313d3d0 [fd  57] Read Persist
  0x558ea313d770 [fd  58] Read Persist
  0x558ea313db10 [fd  59] Read Persist
  0x558ea313dee0 [fd  60] Read Persist
  0x558ea313e2b0 [fd  61] Read Persist
  0x558ea313e680 [fd  62] Read Persist
  0x558ea313ea50 [fd  63] Read Persist
  0x558ea313ee20 [fd  64] Read Persist
  0x558e9a7da620 [fd  65] Read Persist
  0x558ea313f5a0 [fd  66] Read Persist
  0x558ea313f7c0 [fd  67] Read Persist
  0x558ea313fb00 [fd  68] Read Persist
  0x558ea313fe40 [fd  69] Read Persist
  0x558ea3140180 [fd  70] Read Persist
  0x558ea31405d0 [fd  71] Read Persist
  0x558ea3140a70 [fd  72] Read Persist
  0x558ea3141040 [fd  73] Read Persist
  0x558ea3141500 [fd  74] Read Persist
  0x558ea31419c0 [fd  75] Read Persist
  0x558ea3141ee0 [fd  76] Read Persist
  0x558ea31423a0 [fd  77] Read Persist
  0x558ea3142860 [fd  78] Read Persist
  0x558ea3142d20 [fd  79] Read Persist
  0x558ea31432b0 [fd  80] Read Persist
  0x558ea3143840 [fd  81] Read Persist
  0x558ea3143dd0 [fd  82] Read Persist
  0x558ea3144360 [fd  83] Read Persist
  0x558ea31448f0 [fd  84] Read Persist
  0x558ea3144e80 [fd  85] Read Persist
  0x558ea3145410 [fd  86] Read Persist
  0x558ea31459a0 [fd  87] Read Persist
  0x558ea3145f30 [fd  88] Read Persist
  0x558ea31464c0 [fd  89] Read Persist
  0x558ea3146a50 [fd  90] Read Persist
  0x558ea3147a60 [fd  91] Read Persist
  0x558ea3147ff0 [fd  92] Read Persist
  0x558ea3148580 [fd  93] Read Persist
  0x558ea3148b10 [fd  94] Read Persist
  0x558ea31490a0 [fd  95] Read Persist
  0x558ea3149630 [fd  96] Read Persist
  0x558ea3149bc0 [fd  97] Read Persist
  0x558ea314a150 [fd  98] Read Persist
  0x558ea314a6e0 [fd  99] Read Persist
  0x558ea314ab00 [fd  100] Read Persist
  0x558ea314ad20 [fd  101] Read Persist
  0x558ea314af40 [fd  102] Read Persist
  0x558ea314b2e0 [fd  103] Read Persist
  0x558ea314b680 [fd  104] Read Persist
  0x558ea314ba20 [fd  105] Read Persist
  0x558ea314bdc0 [fd  106] Read Persist
  0x558ea314c160 [fd  107] Read Persist
  0x558ea314c500 [fd  108] Read Persist
  0x558ea314c8a0 [fd  109] Read Persist
  0x558ea314cc40 [fd  110] Read Persist
  0x558ea314cfe0 [fd  111] Read Persist
  0x558ea314d380 [fd  112] Read Persist
  0x558ea314d720 [fd  113] Read Persist
  0x558ea314dac0 [fd  114] Read Persist
  0x558ea3127270 [fd  115] Read Persist
  0x558ea31262f0 [fd  116] Read Persist
  0x558ea314de90 [fd  117] Read Persist
  0x558ea314e0b0 [fd  118] Read Persist
  0x558ea314e3f0 [fd  119] Read Persist
  0x558ea314e730 [fd  120] Read Persist
  0x558ea314ea70 [fd  121] Read Persist
  0x558ea314edb0 [fd  122] Read Persist
  0x558ea314f170 [fd  123] Read Persist
  0x558ea314f5e0 [fd  124] Read Persist
  0x558ea314fab0 [fd  125] Read Persist
  0x558ea314ff20 [fd  126] Read Persist
  0x558ea31503c0 [fd  127] Read Persist
  0x558ea316df40 [fd  136] Read Persist
  0x558ea316e380 [fd  137] Read Persist
  0x558ea3150b30 [fd  -1] Timeout=1776115386.852407
Active events:
20260313-152306-2063 16879 * Cleanup         (server.cc:593):    Exporting stats to /mnt/extra/experiments/2026-04-13-15-21-49/out/server-0-1-0-stats-0.json.
