20260313-143200-6892 24296 * main            (server.cc:217):    Starting server.
20260313-143200-6904 24296 * main            (server.cc:335):    Creating a default paritioner!
20260313-143202-5624 24296 * main            (server.cc:513):    Done loading server.
20260313-143302-1897 24296 ! TCPIncomingEventCallback (tcptransport.cc:938): [TCP INCOMING 117] EOF, lifetime=39193.40 ms
20260313-143302-3588 24296 ! TCPIncomingEventCallback (tcptransport.cc:938): [TCP INCOMING 118] EOF, lifetime=39188.04 ms
20260313-143302-3673 24296 ! TCPIncomingEventCallback (tcptransport.cc:938): [TCP INCOMING 119] EOF, lifetime=39196.08 ms
20260313-143302-3676 24296 ! TCPIncomingEventCallback (tcptransport.cc:938): [TCP INCOMING 121] EOF, lifetime=39178.18 ms
20260313-143302-3781 24296 ! TCPIncomingEventCallback (tcptransport.cc:938): [TCP INCOMING 120] EOF, lifetime=39196.05 ms
20260313-143302-4241 24296 ! TCPIncomingEventCallback (tcptransport.cc:938): [TCP INCOMING 122] EOF, lifetime=39185.50 ms
20260313-143302-4633 24296 ! TCPIncomingEventCallback (tcptransport.cc:938): [TCP INCOMING 123] EOF, lifetime=39193.12 ms
20260313-143302-4719 24296 ! TCPIncomingEventCallback (tcptransport.cc:938): [TCP INCOMING 124] EOF, lifetime=39183.02 ms
20260313-143309-0016 24296 * Cleanup         (server.cc:589):    Gracefully exiting after signal 15.
20260313-143309-0017 24296 * Stop            (tcptransport.cc:601): [TCP SUMMARY] outgoingCreated=58 outgoingClosed=0 incomingCreated=66 incomingClosed=8 outgoingPeak=91 incomingPeak=37
Inserted events:
  0x55bedcee2d00 [fd  9] Read Persist Internal
  0x55bedceeaa60 [fd  10] Read Persist
  0x55bedcef5e70 [fd  11] Read Persist
  0x55bee953cda0 [fd  12] Read Persist
  0x55bee953cfc0 [fd  13] Read Persist
  0x55bee953d1e0 [fd  14] Read Persist
  0x55bee953d400 [fd  15] Read Persist
  0x55bee953d620 [fd  16] Read Persist
  0x55bee953d840 [fd  17] Read Persist
  0x55bee953da60 [fd  18] Read Persist
  0x55bee952e560 [fd  19] Read Persist
  0x55bee9539fe0 [fd  20] Read Persist
  0x55bee95383b0 [fd  21] Read Persist
  0x55bee952fdc0 [fd  22] Read Persist
  0x55bee95388d0 [fd  23] Read Persist
  0x55bee95395c0 [fd  24] Read Persist
  0x55bee952ece0 [fd  25] Read Persist
  0x55bee952f100 [fd  26] Read Persist
  0x55bee952f570 [fd  27] Read Persist
  0x55bee952f960 [fd  28] Read Persist
  0x55bee9535b00 [fd  29] Read Persist
  0x55bee95360e0 [fd  30] Read Persist
  0x55bee9536670 [fd  31] Read Persist
  0x55bee9536a90 [fd  32] Read Persist
  0x55bee9537090 [fd  33] Read Persist
  0x55bee9537490 [fd  34] Read Persist
  0x55bee953dc80 [fd  35] Read Persist
  0x55bee953e0f0 [fd  36] Read Persist
  0x55bee953e680 [fd  37] Read Persist
  0x55bee953ec10 [fd  38] Read Persist
  0x55bee953f1a0 [fd  39] Read Persist
  0x55bee953f730 [fd  40] Read Persist
  0x55bee953fcc0 [fd  41] Read Persist
  0x55bee9540250 [fd  42] Read Persist
  0x55bee95407e0 [fd  43] Read Persist
  0x55bee9540d70 [fd  44] Read Persist
  0x55bee9541300 [fd  45] Read Persist
  0x55bee9541890 [fd  46] Read Persist
  0x55bee9541e20 [fd  47] Read Persist
  0x55bee9542240 [fd  48] Read Persist
  0x55bee95426e0 [fd  49] Read Persist
  0x55bee9542990 [fd  50] Read Persist
  0x55bee9542d30 [fd  51] Read Persist
  0x55bee95430d0 [fd  52] Read Persist
  0x55bee9543470 [fd  53] Read Persist
  0x55bee9543810 [fd  54] Read Persist
  0x55bee9543bb0 [fd  55] Read Persist
  0x55bee9543f50 [fd  56] Read Persist
  0x55bee95442f0 [fd  57] Read Persist
  0x55bee9544690 [fd  58] Read Persist
  0x55bee9544a30 [fd  59] Read Persist
  0x55bee9544dd0 [fd  60] Read Persist
  0x55bee9545170 [fd  61] Read Persist
  0x55bee9545510 [fd  62] Read Persist
  0x55bee95458b0 [fd  63] Read Persist
  0x55bee9545c80 [fd  64] Read Persist
  0x55bedcef25b0 [fd  65] Read Persist
  0x55bedcef17b0 [fd  66] Read Persist
  0x55bee9546490 [fd  67] Read Persist
  0x55bee95467d0 [fd  68] Read Persist
  0x55bee9546b10 [fd  69] Read Persist
  0x55bee9546e50 [fd  70] Read Persist
  0x55bee9547190 [fd  71] Read Persist
  0x55bee95474d0 [fd  72] Read Persist
  0x55bee9547920 [fd  73] Read Persist
  0x55bee9547e70 [fd  74] Read Persist
  0x55bee9548330 [fd  75] Read Persist
  0x55bee95487f0 [fd  76] Read Persist
  0x55bee9548cb0 [fd  77] Read Persist
  0x55bee9549170 [fd  78] Read Persist
  0x55bee9549630 [fd  79] Read Persist
  0x55bee9549af0 [fd  80] Read Persist
  0x55bee954a080 [fd  81] Read Persist
  0x55bee954a610 [fd  82] Read Persist
  0x55bee954aba0 [fd  83] Read Persist
  0x55bee954b130 [fd  84] Read Persist
  0x55bee954b6c0 [fd  85] Read Persist
  0x55bee954bc50 [fd  86] Read Persist
  0x55bee954c1e0 [fd  87] Read Persist
  0x55bee954c770 [fd  88] Read Persist
  0x55bee954cd00 [fd  89] Read Persist
  0x55bee954d290 [fd  90] Read Persist
  0x55bee954e2a0 [fd  91] Read Persist
  0x55bee954e830 [fd  92] Read Persist
  0x55bee954edc0 [fd  93] Read Persist
  0x55bee954f350 [fd  94] Read Persist
  0x55bee954f8e0 [fd  95] Read Persist
  0x55bee954fe70 [fd  96] Read Persist
  0x55bee9550400 [fd  97] Read Persist
  0x55bee9550990 [fd  98] Read Persist
  0x55bee9550f20 [fd  99] Read Persist
  0x55bee95514b0 [fd  100] Read Persist
  0x55bee9551a40 [fd  101] Read Persist
  0x55bee9551fd0 [fd  102] Read Persist
  0x55bee95523f0 [fd  103] Read Persist
  0x55bee9552610 [fd  104] Read Persist
  0x55bee95528c0 [fd  105] Read Persist
  0x55bee9552c60 [fd  106] Read Persist
  0x55bee9553000 [fd  107] Read Persist
  0x55bee95533a0 [fd  108] Read Persist
  0x55bee9553740 [fd  109] Read Persist
  0x55bee9553ae0 [fd  110] Read Persist
  0x55bee9553e80 [fd  111] Read Persist
  0x55bee9554220 [fd  112] Read Persist
  0x55bee95545c0 [fd  113] Read Persist
  0x55bee9554960 [fd  114] Read Persist
  0x55bee9554d00 [fd  115] Read Persist
  0x55bee95550a0 [fd  116] Read Persist
  0x55bee9555470 [fd  117] Read Persist
  0x55bee9555840 [fd  118] Read Persist
  0x55bee9555c10 [fd  119] Read Persist
  0x55bee9555fe0 [fd  120] Read Persist
  0x55bee95563b0 [fd  121] Read Persist
  0x55bee95567b0 [fd  122] Read Persist
  0x55bee9556bb0 [fd  123] Read Persist
  0x55bee9556fb0 [fd  124] Read Persist
  0x55bee95573b0 [fd  125] Read Persist
  0x55bee95577b0 [fd  126] Read Persist
  0x55bee9557bb0 [fd  127] Read Persist
Active events:
20260313-143309-0038 24296 * Cleanup         (server.cc:593):    Exporting stats to /mnt/extra/experiments/2026-04-13-14-31-52/out/server-0-1-1-stats-0.json.
