20250304-124356-1700 29408 * main            (benchmark.cc:397): Starting benchmark.
Session created: 0
last_service: , current_state: 0
Session continued: 0
last_service: , current_state: 0
Session destroyed: 18446744073709551615
last_service: , current_state: 0
20250304-124407-5351 29408 * WarmupDone      (bench_client.cc:719): Completed warmup period of 10 seconds with 765 requests
20250304-124428-5413 29408 * Finish          (bench_client.cc:917): Completed 4323 requests in 21.008922 seconds
20250304-124428-5414 29408 * Finish          (bench_client.cc:918): 1 outstanding transactions.
Session continued: 0
last_service: spanner-10-1804289383, current_state: 2
Session destroyed: 18446744073709551615
last_service: , current_state: 0
Session continued: 0
last_service: spanner-10-1804289383, current_state: 2
Session destroyed: 18446744073709551615
last_service: , current_state: 0
Session destroyed: 0
last_service: spanner-10-1804289383, current_state: 2
20250304-124436-5355 29408 * FlushStats      (benchmark.cc:843): Flushing stats to /mnt/extra/experiments/2025-04-04-12-43-46/out/client-0-0-10-stats-0.json.
20250304-124438-5440 29408 * Cleanup         (bench_client.cc:741): Aborting 0 outstanding transactions.
20250304-124438-5442 29408 * CooldownDone    (bench_client.cc:771): Finished cooldown period.
20250304-124438-5497 29408 * CooldownDone    (bench_client.cc:778): Median latency is 4348135 ns (4348 us)
20250304-124438-5499 29408 * CooldownDone    (bench_client.cc:787): Average latency is 4772153 ns (4772 us)
20250304-124438-5499 29408 * CooldownDone    (bench_client.cc:791): 90th percentile latency is 6240810 ns (6240 us)
20250304-124438-5499 29408 * CooldownDone    (bench_client.cc:795): 95th percentile latency is 6922134 ns (6922 us)
20250304-124438-5500 29408 * CooldownDone    (bench_client.cc:799): 99th percentile latency is 8245781 ns (8245 us)
20250304-124438-5500 29408 * LATENCY total: 2062 us 4772 us/4194 us 115 ms (4324 samples, 20 s total)
20250304-124438-5500 29408 *    1048 us |          2 | 
20250304-124438-5501 29408 *    2097 us |       1719 | =================================
20250304-124438-5501 29408 *    4194 us |       2568 | ==================================================
20250304-124438-5501 29408 *    8388 us |         28 | 
20250304-124438-5501 29408 *      16 ms |          2 | 
20250304-124438-5502 29408 *      33 ms |          3 | 
20250304-124438-5502 29408 *      67 ms |          2 | 
Inserted events:
  0x562d9bf3a390 [fd  7] Read Persist Internal
  0x562d9bf4c360 [fd  9] Read Persist
Active events:
20250304-124438-5505 29408 * main            (benchmark.cc:803): Cleaning up after experiment.
20250304-124438-5505 29408 * FlushStats      (benchmark.cc:843): Flushing stats to /mnt/extra/experiments/2025-04-04-12-43-46/out/client-0-0-10-stats-0.json.
