20260313-152017-2540 01143 * main            (server.cc:217):    Starting server.
20260313-152017-2553 01143 * main            (server.cc:335):    Creating a default paritioner!
20260313-152019-1565 01143 * main            (server.cc:513):    Done loading server.
20260313-152112-5816 01143 ! TCPIncomingEventCallback (tcptransport.cc:938): [TCP INCOMING 117] EOF, lifetime=32990.18 ms
20260313-152112-5924 01143 ! TCPIncomingEventCallback (tcptransport.cc:938): [TCP INCOMING 118] EOF, lifetime=32988.09 ms
20260313-152112-7061 01143 ! TCPIncomingEventCallback (tcptransport.cc:938): [TCP INCOMING 119] EOF, lifetime=32986.22 ms
20260313-152112-7143 01143 ! TCPIncomingEventCallback (tcptransport.cc:938): [TCP INCOMING 120] EOF, lifetime=32987.54 ms
20260313-152112-7258 01143 ! TCPIncomingEventCallback (tcptransport.cc:938): [TCP INCOMING 121] EOF, lifetime=32993.23 ms
20260313-152112-7328 01143 ! TCPIncomingEventCallback (tcptransport.cc:938): [TCP INCOMING 122] EOF, lifetime=32986.18 ms
20260313-152112-7603 01143 ! TCPIncomingEventCallback (tcptransport.cc:938): [TCP INCOMING 124] EOF, lifetime=32983.28 ms
20260313-152112-7612 01143 ! TCPIncomingEventCallback (tcptransport.cc:938): [TCP INCOMING 123] EOF, lifetime=32992.14 ms
20260313-152119-2660 01143 * Cleanup         (server.cc:589):    Gracefully exiting after signal 15.
20260313-152119-2661 01143 * Stop            (tcptransport.cc:601): [TCP SUMMARY] outgoingCreated=58 outgoingClosed=0 incomingCreated=66 incomingClosed=8 outgoingPeak=92 incomingPeak=37
Inserted events:
  0x55ee21c1dd00 [fd  9] Read Persist Internal
  0x55ee21c25a60 [fd  10] Read Persist
  0x55ee21c30e70 [fd  11] Read Persist
  0x55ee2e2a28f0 [fd  12] Read Persist
  0x55ee2e2a2b10 [fd  13] Read Persist
  0x55ee2e2a2d30 [fd  14] Read Persist
  0x55ee2e2a2f50 [fd  15] Read Persist
  0x55ee2e2a3170 [fd  16] Read Persist
  0x55ee2e2a3390 [fd  17] Read Persist
  0x55ee2e29fb30 [fd  18] Read Persist
  0x55ee2e29df00 [fd  19] Read Persist
  0x55ee2e293680 [fd  20] Read Persist
  0x55ee2e293fc0 [fd  21] Read Persist
  0x55ee2e295910 [fd  22] Read Persist
  0x55ee2e29e420 [fd  23] Read Persist
  0x55ee2e29f110 [fd  24] Read Persist
  0x55ee2e294830 [fd  25] Read Persist
  0x55ee2e294ca0 [fd  26] Read Persist
  0x55ee2e295110 [fd  27] Read Persist
  0x55ee2e295500 [fd  28] Read Persist
  0x55ee2e29b650 [fd  29] Read Persist
  0x55ee2e29bbc0 [fd  30] Read Persist
  0x55ee2e29c150 [fd  31] Read Persist
  0x55ee2e29c570 [fd  32] Read Persist
  0x55ee2e29cba0 [fd  33] Read Persist
  0x55ee2e29cfc0 [fd  34] Read Persist
  0x55ee2e2a35b0 [fd  35] Read Persist
  0x55ee2e2a3b40 [fd  36] Read Persist
  0x55ee2e2a40d0 [fd  37] Read Persist
  0x55ee2e2a4660 [fd  38] Read Persist
  0x55ee2e2a4bf0 [fd  39] Read Persist
  0x55ee2e2a5180 [fd  40] Read Persist
  0x55ee2e2a5710 [fd  41] Read Persist
  0x55ee2e2a5ca0 [fd  42] Read Persist
  0x55ee2e2a6230 [fd  43] Read Persist
  0x55ee2e2a67c0 [fd  44] Read Persist
  0x55ee2e2a6d50 [fd  45] Read Persist
  0x55ee2e2a72e0 [fd  46] Read Persist
  0x55ee2e2a7700 [fd  47] Read Persist
  0x55ee2e2a7920 [fd  48] Read Persist
  0x55ee2e2a7e50 [fd  49] Read Persist
  0x55ee2e2a81f0 [fd  50] Read Persist
  0x55ee2e2a8590 [fd  51] Read Persist
  0x55ee2e2a8930 [fd  52] Read Persist
  0x55ee2e2a8cd0 [fd  53] Read Persist
  0x55ee2e2a9070 [fd  54] Read Persist
  0x55ee2e2a9410 [fd  55] Read Persist
  0x55ee2e2a97b0 [fd  56] Read Persist
  0x55ee2e2a9b50 [fd  57] Read Persist
  0x55ee2e2a9ef0 [fd  58] Read Persist
  0x55ee2e2aa290 [fd  59] Read Persist
  0x55ee2e2aa630 [fd  60] Read Persist
  0x55ee2e2aa9d0 [fd  61] Read Persist
  0x55ee2e2aad70 [fd  62] Read Persist
  0x55ee2e2ab140 [fd  63] Read Persist
  0x55ee2e2ab510 [fd  64] Read Persist
  0x55ee21c2d5b0 [fd  65] Read Persist
  0x55ee21c2c7b0 [fd  66] Read Persist
  0x55ee2e2abd20 [fd  67] Read Persist
  0x55ee2e2ac060 [fd  68] Read Persist
  0x55ee2e2ac3a0 [fd  69] Read Persist
  0x55ee2e2ac6e0 [fd  70] Read Persist
  0x55ee2e2aca20 [fd  71] Read Persist
  0x55ee2e2ace00 [fd  72] Read Persist
  0x55ee2e2ad2a0 [fd  73] Read Persist
  0x55ee2e2ad740 [fd  74] Read Persist
  0x55ee2e2adc90 [fd  75] Read Persist
  0x55ee2e2ae150 [fd  76] Read Persist
  0x55ee2e2ae610 [fd  77] Read Persist
  0x55ee2e2aead0 [fd  78] Read Persist
  0x55ee2e2aef90 [fd  79] Read Persist
  0x55ee2e2af450 [fd  80] Read Persist
  0x55ee2e2af910 [fd  81] Read Persist
  0x55ee2e2afea0 [fd  82] Read Persist
  0x55ee2e2b0430 [fd  83] Read Persist
  0x55ee2e2b09c0 [fd  84] Read Persist
  0x55ee2e2b0f50 [fd  85] Read Persist
  0x55ee2e2b14e0 [fd  86] Read Persist
  0x55ee2e2b1a70 [fd  87] Read Persist
  0x55ee2e2b2000 [fd  88] Read Persist
  0x55ee2e2b2590 [fd  89] Read Persist
  0x55ee2e2b2b20 [fd  90] Read Persist
  0x55ee2e2b3b30 [fd  91] Read Persist
  0x55ee2e2b40c0 [fd  92] Read Persist
  0x55ee2e2b4650 [fd  93] Read Persist
  0x55ee2e2b4be0 [fd  94] Read Persist
  0x55ee2e2b5170 [fd  95] Read Persist
  0x55ee2e2b5700 [fd  96] Read Persist
  0x55ee2e2b5c90 [fd  97] Read Persist
  0x55ee2e2b6220 [fd  98] Read Persist
  0x55ee2e2b67b0 [fd  99] Read Persist
  0x55ee2e2b6d40 [fd  100] Read Persist
  0x55ee2e2b72d0 [fd  101] Read Persist
  0x55ee2e2b7860 [fd  102] Read Persist
  0x55ee2e2b7df0 [fd  103] Read Persist
  0x55ee2e2b8210 [fd  104] Read Persist
  0x55ee2e2b8430 [fd  105] Read Persist
  0x55ee2e2b86e0 [fd  106] Read Persist
  0x55ee2e2b8a80 [fd  107] Read Persist
  0x55ee2e2b8e20 [fd  108] Read Persist
  0x55ee2e2b91c0 [fd  109] Read Persist
  0x55ee2e2b9560 [fd  110] Read Persist
  0x55ee2e2b9900 [fd  111] Read Persist
  0x55ee2e2b9ca0 [fd  112] Read Persist
  0x55ee2e2ba040 [fd  113] Read Persist
  0x55ee2e2ba3e0 [fd  114] Read Persist
  0x55ee2e2ba780 [fd  115] Read Persist
  0x55ee2e2bab20 [fd  116] Read Persist
  0x55ee2e2baec0 [fd  117] Read Persist
  0x55ee2e2bb290 [fd  118] Read Persist
  0x55ee2e2bb660 [fd  119] Read Persist
  0x55ee2e2bba30 [fd  120] Read Persist
  0x55ee2e2bbe00 [fd  121] Read Persist
  0x55ee2e2bc1d0 [fd  122] Read Persist
  0x55ee2e2bc5d0 [fd  123] Read Persist
  0x55ee2e2bc9d0 [fd  124] Read Persist
  0x55ee2e2bcdd0 [fd  125] Read Persist
  0x55ee2e2bd1d0 [fd  126] Read Persist
  0x55ee2e2bd5d0 [fd  127] Read Persist
Active events:
20260313-152119-2682 01143 * Cleanup         (server.cc:593):    Exporting stats to /mnt/extra/experiments/2026-04-13-15-20-09/out/server-0-7-2-stats-0.json.
