basic_appreq,402361892,270428266810566,64
basic_appreq,402054801,270428670973936,64
basic_appreq,402473652,270429073711519,64
basic_appreq,402218265,270429477351577,64
basic_appreq,402081466,270429880108187,64
basic_appreq,402058929,270430284063682,64
basic_appreq,402091055,270430686547186,64
basic_appreq,402117612,270431088867285,64
basic_appreq,402074471,270431491250445,64
basic_appreq,402513304,270431895117544,64
basic_appreq,401899951,270432298453843,64
basic_appreq,402090562,270432701984938,64
basic_appreq,402240653,270433106145350,64
basic_appreq,402260987,270433509733366,64
basic_appreq,402253314,270433912954326,64
basic_appreq,402272753,270434315998225,64
basic_appreq,402106179,270434718249463,64
basic_appreq,402175226,270435122123121,64
basic_appreq,402253429,270435525134192,64
basic_appreq,402068208,270435928336814,64
basic_appreq,402124332,270436331103247,64
basic_appreq,402237811,270436734921858,64
basic_appreq,402133388,270437138817267,64
basic_appreq,402074177,270437541469712,64
basic_appreq,402282152,270437945773842,64
basic_appreq,402068325,270438349984670,64
basic_appreq,402165431,270438754284409,64
basic_appreq,402183088,270439157652700,64
basic_appreq,402230919,270439561391758,64
basic_appreq,402116473,270439964861421,64
basic_appreq,402206870,270440368332236,64
basic_appreq,402229690,270440771945009,64
basic_appreq,402207596,270441175107796,64
basic_appreq,402160352,270441578298556,64
basic_appreq,402157328,270441981169261,64
basic_appreq,401985073,270442385206541,64
basic_appreq,402197509,270442787905012,64
basic_appreq,402068454,270443190675447,64
basic_appreq,402077855,270443593892898,64
basic_appreq,402166287,270443997530534,64
basic_appreq,402131406,270444400358013,64
basic_appreq,402202663,270444804580789,64
basic_appreq,402213792,270445208840294,64
basic_appreq,402222826,270445611163354,64
basic_appreq,402074600,270446014365197,64
basic_appreq,402174692,270446418033840,64
basic_appreq,402055125,270446821102162,64
basic_appreq,402168495,270447224061284,64
basic_appreq,402086819,270447626554901,64
basic_appreq,402427165,270448029874016,64
basic_appreq,402071614,270448433668676,64
basic_appreq,402079449,270448835883195,64
basic_appreq,402141648,270449238937439,64
basic_appreq,402091631,270449641248321,64
basic_appreq,401947035,270450043718395,64
basic_appreq,402123210,270450447444867,64
basic_appreq,401935659,270450850098895,64
basic_appreq,402051135,270451252882102,64
#end,23,388450,64
