20260313-061839-7242 10943 * main            (server.cc:217):    Starting server.
20260313-061839-7254 10943 * main            (server.cc:335):    Creating a default paritioner!
20260313-061841-6599 10943 * main            (server.cc:513):    Done loading server.
20260313-061933-5959 10943 ! TCPIncomingEventCallback (tcptransport.cc:942): [TCP INCOMING 121] EOF, lifetime=31774.24 ms
20260313-061934-4772 10943 ! TCPIncomingEventCallback (tcptransport.cc:942): [TCP INCOMING 117] EOF, lifetime=32788.06 ms
20260313-061935-1732 10943 ! TCPIncomingEventCallback (tcptransport.cc:942): [TCP INCOMING 119] EOF, lifetime=33376.42 ms
20260313-061935-1953 10943 ! TCPIncomingEventCallback (tcptransport.cc:942): [TCP INCOMING 122] EOF, lifetime=33372.72 ms
20260313-061935-5591 10943 ! TCPIncomingEventCallback (tcptransport.cc:942): [TCP INCOMING 118] EOF, lifetime=33776.60 ms
20260313-061935-8168 10943 ! TCPIncomingEventCallback (tcptransport.cc:942): [TCP INCOMING 124] EOF, lifetime=33979.91 ms
20260313-061936-0027 10943 ! TCPIncomingEventCallback (tcptransport.cc:942): [TCP INCOMING 120] EOF, lifetime=34185.38 ms
20260313-061936-6135 10943 ! TCPIncomingEventCallback (tcptransport.cc:942): [TCP INCOMING 123] EOF, lifetime=34783.92 ms
20260313-061943-0389 10943 * Cleanup         (server.cc:589):    Gracefully exiting after signal 15.
20260313-061943-0390 10943 * Stop            (tcptransport.cc:605): [TCP SUMMARY] outgoingCreated=59 outgoingClosed=0 incomingCreated=67 incomingClosed=8 outgoingPeak=125 incomingPeak=37
Inserted events:
  0x55a5302bfd00 [fd  9] Read Persist Internal
  0x55a5302c7a60 [fd  10] Read Persist
  0x55a5302d2e70 [fd  11] Read Persist
  0x55a53c97e730 [fd  12] Read Persist
  0x55a53c97e950 [fd  13] Read Persist
  0x55a53c97eb70 [fd  14] Read Persist
  0x55a53c97ed90 [fd  15] Read Persist
  0x55a53c97efb0 [fd  16] Read Persist
  0x55a53c97f1d0 [fd  17] Read Persist
  0x55a53c97f3f0 [fd  18] Read Persist
  0x55a53c97f610 [fd  19] Read Persist
  0x55a53c97f830 [fd  20] Read Persist
  0x55a53c97fa50 [fd  21] Read Persist
  0x55a53c97fc70 [fd  22] Read Persist
  0x55a53c97ffb0 [fd  23] Read Persist
  0x55a53c9802f0 [fd  24] Read Persist
  0x55a53c980630 [fd  25] Read Persist
  0x55a53c980970 [fd  26] Read Persist
  0x55a53c980cb0 [fd  27] Read Persist
  0x55a53c981030 [fd  28] Read Persist
  0x55a53c981500 [fd  29] Read Persist
  0x55a53c97b970 [fd  30] Read Persist
  0x55a53c979db0 [fd  31] Read Persist
  0x55a53c970a60 [fd  32] Read Persist
  0x55a53c971750 [fd  33] Read Persist
  0x55a53c97a260 [fd  34] Read Persist
  0x55a53c97af50 [fd  35] Read Persist
  0x55a53c977560 [fd  36] Read Persist
  0x55a53c977930 [fd  37] Read Persist
  0x55a53c977dd0 [fd  38] Read Persist
  0x55a53c978380 [fd  39] Read Persist
  0x55a53c9787a0 [fd  40] Read Persist
  0x55a53c978be0 [fd  41] Read Persist
  0x55a53c979020 [fd  42] Read Persist
  0x55a53c981a90 [fd  43] Read Persist
  0x55a53c981ea0 [fd  44] Read Persist
  0x55a53c9822b0 [fd  45] Read Persist
  0x55a53c982780 [fd  46] Read Persist
  0x55a53c982d10 [fd  47] Read Persist
  0x55a53c9832a0 [fd  48] Read Persist
  0x55a53c983ab0 [fd  49] Read Persist
  0x55a53c984040 [fd  50] Read Persist
  0x55a53c9845d0 [fd  51] Read Persist
  0x55a53c984b60 [fd  52] Read Persist
  0x55a53c9850f0 [fd  53] Read Persist
  0x55a53c985680 [fd  54] Read Persist
  0x55a53c985c10 [fd  55] Read Persist
  0x55a53c9861a0 [fd  56] Read Persist
  0x55a53c986730 [fd  57] Read Persist
  0x55a53c986cc0 [fd  58] Read Persist
  0x55a53c9870e0 [fd  59] Read Persist
  0x55a53c987300 [fd  60] Read Persist
  0x55a53c9875b0 [fd  61] Read Persist
  0x55a53c987950 [fd  62] Read Persist
  0x55a53c987cf0 [fd  63] Read Persist
  0x55a53c988090 [fd  64] Read Persist
  0x55a5302cdee0 [fd  65] Read Persist
  0x55a5302cdb50 [fd  66] Read Persist
  0x55a5302ce7d0 [fd  67] Read Persist
  0x55a5302cec60 [fd  68] Read Persist
  0x55a53c9883d0 [fd  69] Read Persist
  0x55a53c988710 [fd  70] Read Persist
  0x55a53c988a50 [fd  71] Read Persist
  0x55a53c988d90 [fd  72] Read Persist
  0x55a53c9891f0 [fd  73] Read Persist
  0x55a53c989690 [fd  74] Read Persist
  0x55a53c989b30 [fd  75] Read Persist
  0x55a53c989fd0 [fd  76] Read Persist
  0x55a53c98a470 [fd  77] Read Persist
  0x55a53c98a910 [fd  78] Read Persist
  0x55a53c98adb0 [fd  79] Read Persist
  0x55a53c98b250 [fd  80] Read Persist
  0x55a53c98b6f0 [fd  81] Read Persist
  0x55a53c98bb90 [fd  82] Read Persist
  0x55a53c98c030 [fd  83] Read Persist
  0x55a53c98c4d0 [fd  84] Read Persist
  0x55a53c98c970 [fd  85] Read Persist
  0x55a53c98ce10 [fd  86] Read Persist
  0x55a53c98d2b0 [fd  87] Read Persist
  0x55a53c98d800 [fd  88] Read Persist
  0x55a53c98dcc0 [fd  89] Read Persist
  0x55a53c98e180 [fd  90] Read Persist
  0x55a53c98f0c0 [fd  91] Read Persist
  0x55a53c98f580 [fd  92] Read Persist
  0x55a53c98fa40 [fd  93] Read Persist
  0x55a53c98ff00 [fd  94] Read Persist
  0x55a53c990490 [fd  95] Read Persist
  0x55a53c990a20 [fd  96] Read Persist
  0x55a53c990fb0 [fd  97] Read Persist
  0x55a53c991540 [fd  98] Read Persist
  0x55a53c991ad0 [fd  99] Read Persist
  0x55a53c992060 [fd  100] Read Persist
  0x55a53c9925f0 [fd  101] Read Persist
  0x55a53c992b80 [fd  102] Read Persist
  0x55a53c993110 [fd  103] Read Persist
  0x55a53c9936a0 [fd  104] Read Persist
  0x55a53c993c30 [fd  105] Read Persist
  0x55a53c9941c0 [fd  106] Read Persist
  0x55a53c994750 [fd  107] Read Persist
  0x55a53c994ce0 [fd  108] Read Persist
  0x55a53c995270 [fd  109] Read Persist
  0x55a53c995800 [fd  110] Read Persist
  0x55a53c995d90 [fd  111] Read Persist
  0x55a53c996320 [fd  112] Read Persist
  0x55a53c9968b0 [fd  113] Read Persist
  0x55a53c996e40 [fd  114] Read Persist
  0x55a53c9973d0 [fd  115] Read Persist
  0x55a53c997960 [fd  116] Read Persist
  0x55a53c997d80 [fd  117] Read Persist
  0x55a53c997fa0 [fd  118] Read Persist
  0x55a53c998250 [fd  119] Read Persist
  0x55a53c9985f0 [fd  120] Read Persist
  0x55a53c998990 [fd  121] Read Persist
  0x55a53c998d30 [fd  122] Read Persist
  0x55a53c9990d0 [fd  123] Read Persist
  0x55a53c999470 [fd  124] Read Persist
  0x55a53c999810 [fd  125] Read Persist
  0x55a53c999bb0 [fd  126] Read Persist
  0x55a53c97e390 [fd  127] Read Persist
  0x55a53c9b9000 [fd  136] Read Persist
  0x55a53c9b9400 [fd  137] Read Persist
Active events:
20260313-061943-0411 10943 * Cleanup         (server.cc:593):    Exporting stats to /mnt/extra/experiments/2026-04-13-06-18-31/out/server-0-9-0-stats-0.json.
