20260110-073640-0177 12815 * Client          (client.cc:73):     Initializing StrongStore client with id [35]
20260110-073640-0182 12815 * BenchmarkClient (bench_client.cc:89): starting benchclient, issueConcurrent: 0; fanout: 1
Session created: 0
last_service: , current_state: 0
Session continued: 0
last_service: , current_state: 0
Session destroyed: 18446744073709551615
last_service: , current_state: 0
20260110-074133-9142 12815 * Stop            (tcptransport.cc:606): [TCP SUMMARY] outgoingCreated=10 outgoingClosed=0 incomingCreated=0 incomingClosed=0 outgoingPeak=10 incomingPeak=0
Inserted events:
  0x29fc5d0 [fd  7] Read Persist Internal
  0x29fc6e0 [fd  8] Read Persist
  0x2a03500 [fd  9] Read Persist
  0x29f5ed0 [fd  10] Read Persist
  0x2a21cf0 [fd  11] Read Persist
  0x2a22f20 [fd  12] Read Persist
  0x2a23870 [fd  13] Read Persist
  0x2a24e20 [fd  14] Read Persist
  0x2a24340 [fd  15] Read Persist
  0x2a23f10 [fd  16] Read Persist
  0x2a263a0 [fd  17] Read Persist
  0x7f1fa4000b20 [fd  -1] Persist Timeout=1770734493.918443
Active events:
20260110-074133-9144 12815 * ~BenchmarkClient (bench_client.cc:114): Stopped event loop and Joined the thread it ran on
