20260216-143258-9433 09273 * main            (benchmark.cc:402): Starting benchmark.
20260216-143301-2886 09273 * main            (benchmark.cc:621): Creating a default paritioner!
20260216-143301-2888 09273 * Client          (client.cc:75):     Initializing StrongStore client with id [27]
20260216-143301-2888 09273 * BenchmarkClient (bench_client.cc:81): starting benchclient, issueConcurrent: 0; fanout: 1
Session created: 0
last_service: , current_state: 0
Session continued: 0
last_service: , current_state: 0
Session destroyed: 18446744073709551615
last_service: , current_state: 0
20260216-143306-4838 09273 * WarmupDone      (bench_client.cc:726): Completed warmup period of 5 seconds with 1938 requests
20260216-143317-4849 09273 * Finish          (bench_client.cc:920): Completed 4375 requests in 11.002188 seconds
20260216-143317-4850 09273 * Finish          (bench_client.cc:921): 1 outstanding transactions.
Session continued: 0
last_service: , current_state: 0
Session destroyed: 18446744073709551615
last_service: , current_state: 0
Session continued: 0
last_service: , current_state: 0
Session destroyed: 18446744073709551615
last_service: , current_state: 0
Session destroyed: 0
last_service: , current_state: 0
20260216-143320-4839 09273 * FlushStats      (benchmark.cc:890): Flushing stats to /mnt/extra/experiments/2026-03-16-14-32-35/out/client-0-0-27-stats-0.json.
20260216-143320-4841 09273 * FlushStats      (benchmark.cc:902): All done!
20260216-143322-4852 09273 * Cleanup         (bench_client.cc:748): Aborting 0 outstanding transactions.
20260216-143322-4852 09273 * CooldownDone    (bench_client.cc:778): Finished cooldown period.
20260216-143322-4880 09273 * CooldownDone    (bench_client.cc:785): Median latency is 2466615 ns (2466 us)
20260216-143322-4882 09273 * CooldownDone    (bench_client.cc:794): Average latency is 2470265 ns (2470 us)
20260216-143322-4882 09273 * CooldownDone    (bench_client.cc:798): 90th percentile latency is 2914982 ns (2914 us)
20260216-143322-4883 09273 * CooldownDone    (bench_client.cc:802): 95th percentile latency is 3046955 ns (3046 us)
20260216-143322-4883 09273 * CooldownDone    (bench_client.cc:806): 99th percentile latency is 3308366 ns (3308 us)
20260216-143322-4884 09273 * LATENCY total: 1325 us 2470 us/2097 us 31 ms (4376 samples, 10 s total)
20260216-143322-4884 09273 *    1048 us |        660 | ========
20260216-143322-4884 09273 *    2097 us |       3710 | ==================================================
20260216-143322-4884 09273 *    4194 us |          5 | 
20260216-143322-4885 09273 *    8388 us |          0 |
20260216-143322-4885 09273 *      16 ms |          1 | 
20260216-143322-4890 09273 * Stop            (tcptransport.cc:581): [TCP SUMMARY] outgoingCreated=1 outgoingClosed=0 incomingCreated=0 incomingClosed=0 outgoingPeak=1 incomingPeak=0
Inserted events:
  0x555fae7aef60 [fd  7] Read Persist Internal
  0x555fae7c5510 [fd  9] Read Persist
Active events:
20260216-143322-4891 09273 * main            (benchmark.cc:849): Cleaning up after experiment.
20260216-143322-4891 09273 * FlushStats      (benchmark.cc:890): Flushing stats to /mnt/extra/experiments/2026-03-16-14-32-35/out/client-0-0-27-stats-0.json.
20260216-143322-4892 09273 * FlushStats      (benchmark.cc:902): All done!
