20260216-143258-9433 09258 * main            (benchmark.cc:402): Starting benchmark.
20260216-143301-3043 09258 * main            (benchmark.cc:621): Creating a default paritioner!
20260216-143301-3045 09258 * Client          (client.cc:75):     Initializing StrongStore client with id [18]
20260216-143301-3046 09258 * BenchmarkClient (bench_client.cc:81): starting benchclient, issueConcurrent: 0; fanout: 1
Session created: 0
last_service: , current_state: 0
Session continued: 0
last_service: , current_state: 0
Session destroyed: 18446744073709551615
last_service: , current_state: 0
20260216-143306-4834 09258 * WarmupDone      (bench_client.cc:726): Completed warmup period of 5 seconds with 2018 requests
20260216-143317-4845 09258 * Finish          (bench_client.cc:920): Completed 4434 requests in 11.001783 seconds
20260216-143317-4846 09258 * Finish          (bench_client.cc:921): 1 outstanding transactions.
Session continued: 0
last_service: , current_state: 0
Session destroyed: 18446744073709551615
last_service: , current_state: 0
Session continued: 0
last_service: , current_state: 0
Session destroyed: 18446744073709551615
last_service: , current_state: 0
Session destroyed: 0
last_service: , current_state: 0
20260216-143320-4838 09258 * FlushStats      (benchmark.cc:890): Flushing stats to /mnt/extra/experiments/2026-03-16-14-32-35/out/client-0-0-18-stats-0.json.
20260216-143320-4840 09258 * FlushStats      (benchmark.cc:902): All done!
20260216-143322-4848 09258 * Cleanup         (bench_client.cc:748): Aborting 0 outstanding transactions.
20260216-143322-4848 09258 * CooldownDone    (bench_client.cc:778): Finished cooldown period.
20260216-143322-4876 09258 * CooldownDone    (bench_client.cc:785): Median latency is 2449617 ns (2449 us)
20260216-143322-4877 09258 * CooldownDone    (bench_client.cc:794): Average latency is 2436878 ns (2436 us)
20260216-143322-4878 09258 * CooldownDone    (bench_client.cc:798): 90th percentile latency is 2872602 ns (2872 us)
20260216-143322-4878 09258 * CooldownDone    (bench_client.cc:802): 95th percentile latency is 2979799 ns (2979 us)
20260216-143322-4879 09258 * CooldownDone    (bench_client.cc:806): 99th percentile latency is 3225340 ns (3225 us)
20260216-143322-4879 09258 * LATENCY total: 1291 us 2436 us/2097 us 32 ms (4435 samples, 10 s total)
20260216-143322-4880 09258 *    1048 us |        776 | ==========
20260216-143322-4880 09258 *    2097 us |       3653 | ==================================================
20260216-143322-4880 09258 *    4194 us |          5 | 
20260216-143322-4880 09258 *    8388 us |          0 |
20260216-143322-4881 09258 *      16 ms |          1 | 
20260216-143322-4883 09258 * Stop            (tcptransport.cc:581): [TCP SUMMARY] outgoingCreated=1 outgoingClosed=0 incomingCreated=0 incomingClosed=0 outgoingPeak=1 incomingPeak=0
Inserted events:
  0x56479f652f60 [fd  7] Read Persist Internal
  0x56479f669510 [fd  9] Read Persist
Active events:
20260216-143322-4885 09258 * main            (benchmark.cc:849): Cleaning up after experiment.
20260216-143322-4885 09258 * FlushStats      (benchmark.cc:890): Flushing stats to /mnt/extra/experiments/2026-03-16-14-32-35/out/client-0-0-18-stats-0.json.
20260216-143322-4888 09258 * FlushStats      (benchmark.cc:902): All done!
