20260216-143258-9536 09317 * main            (benchmark.cc:402): Starting benchmark.
20260216-143301-2920 09317 * main            (benchmark.cc:621): Creating a default paritioner!
20260216-143301-2922 09317 * Client          (client.cc:75):     Initializing StrongStore client with id [47]
20260216-143301-2923 09317 * BenchmarkClient (bench_client.cc:81): starting benchclient, issueConcurrent: 0; fanout: 1
Session created: 0
last_service: , current_state: 0
Session continued: 0
last_service: , current_state: 0
Session destroyed: 18446744073709551615
last_service: , current_state: 0
20260216-143306-4870 09317 * WarmupDone      (bench_client.cc:726): Completed warmup period of 5 seconds with 2036 requests
20260216-143317-4875 09317 * Finish          (bench_client.cc:920): Completed 4444 requests in 11.002249 seconds
20260216-143317-4876 09317 * Finish          (bench_client.cc:921): 1 outstanding transactions.
Session continued: 0
last_service: , current_state: 0
Session destroyed: 18446744073709551615
last_service: , current_state: 0
Session continued: 0
last_service: , current_state: 0
Session destroyed: 18446744073709551615
last_service: , current_state: 0
Session destroyed: 0
last_service: , current_state: 0
20260216-143320-4873 09317 * FlushStats      (benchmark.cc:890): Flushing stats to /mnt/extra/experiments/2026-03-16-14-32-35/out/client-0-0-47-stats-0.json.
20260216-143320-4875 09317 * FlushStats      (benchmark.cc:902): All done!
20260216-143322-4878 09317 * Cleanup         (bench_client.cc:748): Aborting 0 outstanding transactions.
20260216-143322-4879 09317 * CooldownDone    (bench_client.cc:778): Finished cooldown period.
20260216-143322-4907 09317 * CooldownDone    (bench_client.cc:785): Median latency is 2450711 ns (2450 us)
20260216-143322-4908 09317 * CooldownDone    (bench_client.cc:794): Average latency is 2431823 ns (2431 us)
20260216-143322-4909 09317 * CooldownDone    (bench_client.cc:798): 90th percentile latency is 2874519 ns (2874 us)
20260216-143322-4909 09317 * CooldownDone    (bench_client.cc:802): 95th percentile latency is 2980047 ns (2980 us)
20260216-143322-4909 09317 * CooldownDone    (bench_client.cc:806): 99th percentile latency is 3201314 ns (3201 us)
20260216-143322-4910 09317 * LATENCY total: 1244 us 2431 us/2097 us 32 ms (4445 samples, 10 s total)
20260216-143322-4910 09317 *    1048 us |        802 | ===========
20260216-143322-4910 09317 *    2097 us |       3639 | ==================================================
20260216-143322-4911 09317 *    4194 us |          3 | 
20260216-143322-4911 09317 *    8388 us |          0 |
20260216-143322-4911 09317 *      16 ms |          1 | 
20260216-143322-4914 09317 * Stop            (tcptransport.cc:581): [TCP SUMMARY] outgoingCreated=1 outgoingClosed=0 incomingCreated=0 incomingClosed=0 outgoingPeak=1 incomingPeak=0
Inserted events:
  0x563701681f60 [fd  7] Read Persist Internal
  0x563701698510 [fd  9] Read Persist
Active events:
20260216-143322-4916 09317 * main            (benchmark.cc:849): Cleaning up after experiment.
20260216-143322-4916 09317 * FlushStats      (benchmark.cc:890): Flushing stats to /mnt/extra/experiments/2026-03-16-14-32-35/out/client-0-0-47-stats-0.json.
20260216-143322-4919 09317 * FlushStats      (benchmark.cc:902): All done!
