20260216-143258-9402 09346 * main            (benchmark.cc:402): Starting benchmark.
20260216-143301-2669 09346 * main            (benchmark.cc:621): Creating a default paritioner!
20260216-143301-2671 09346 * Client          (client.cc:75):     Initializing StrongStore client with id [61]
20260216-143301-2672 09346 * BenchmarkClient (bench_client.cc:81): starting benchclient, issueConcurrent: 0; fanout: 1
Session created: 0
last_service: , current_state: 0
Session continued: 0
last_service: , current_state: 0
Session destroyed: 18446744073709551615
last_service: , current_state: 0
20260216-143306-4860 09346 * WarmupDone      (bench_client.cc:726): Completed warmup period of 5 seconds with 2109 requests
20260216-143317-4879 09346 * Finish          (bench_client.cc:920): Completed 4475 requests in 11.002877 seconds
20260216-143317-4880 09346 * Finish          (bench_client.cc:921): 1 outstanding transactions.
Session continued: 0
last_service: , current_state: 0
Session destroyed: 18446744073709551615
last_service: , current_state: 0
Session continued: 0
last_service: , current_state: 0
Session destroyed: 18446744073709551615
last_service: , current_state: 0
Session destroyed: 0
last_service: , current_state: 0
20260216-143320-4862 09346 * FlushStats      (benchmark.cc:890): Flushing stats to /mnt/extra/experiments/2026-03-16-14-32-35/out/client-0-0-61-stats-0.json.
20260216-143320-4864 09346 * FlushStats      (benchmark.cc:902): All done!
20260216-143322-4947 09346 * Cleanup         (bench_client.cc:748): Aborting 0 outstanding transactions.
20260216-143322-4948 09346 * CooldownDone    (bench_client.cc:778): Finished cooldown period.
20260216-143322-4976 09346 * CooldownDone    (bench_client.cc:785): Median latency is 2426377 ns (2426 us)
20260216-143322-4978 09346 * CooldownDone    (bench_client.cc:794): Average latency is 2414008 ns (2414 us)
20260216-143322-4978 09346 * CooldownDone    (bench_client.cc:798): 90th percentile latency is 2882319 ns (2882 us)
20260216-143322-4978 09346 * CooldownDone    (bench_client.cc:802): 95th percentile latency is 2978383 ns (2978 us)
20260216-143322-4979 09346 * CooldownDone    (bench_client.cc:806): 99th percentile latency is 3193636 ns (3193 us)
20260216-143322-4979 09346 * LATENCY total: 1369 us 2414 us/2097 us 32 ms (4476 samples, 10 s total)
20260216-143322-4979 09346 *    1048 us |        890 | ============
20260216-143322-4980 09346 *    2097 us |       3581 | ==================================================
20260216-143322-4980 09346 *    4194 us |          4 | 
20260216-143322-4980 09346 *    8388 us |          0 |
20260216-143322-4980 09346 *      16 ms |          1 | 
20260216-143322-5746 09346 * Stop            (tcptransport.cc:581): [TCP SUMMARY] outgoingCreated=1 outgoingClosed=0 incomingCreated=0 incomingClosed=0 outgoingPeak=1 incomingPeak=0
Inserted events:
  0x561265701f60 [fd  7] Read Persist Internal
  0x561265718510 [fd  9] Read Persist
Active events:
20260216-143322-5746 09346 * main            (benchmark.cc:849): Cleaning up after experiment.
20260216-143322-5747 09346 * FlushStats      (benchmark.cc:890): Flushing stats to /mnt/extra/experiments/2026-03-16-14-32-35/out/client-0-0-61-stats-0.json.
20260216-143322-5748 09346 * FlushStats      (benchmark.cc:902): All done!
