20260216-205340-4533 39560 * main            (benchmark.cc:402): Starting benchmark.
20260216-205341-0396 39560 * main            (benchmark.cc:621): Creating a default paritioner!
20260216-205341-0399 39560 * Client          (client.cc:75):     Initializing StrongStore client with id [2]
20260216-205341-0400 39560 * BenchmarkClient (bench_client.cc:81): starting benchclient, issueConcurrent: 0; fanout: 1
Session created: 0
last_service: , current_state: 0
Session continued: 0
last_service: , current_state: 0
Session destroyed: 18446744073709551615
last_service: , current_state: 0
20260216-205346-1357 39560 * WarmupDone      (bench_client.cc:739): Completed warmup period of 5 seconds with 13169 requests
20260216-205417-1358 39560 * Finish          (bench_client.cc:933): Completed 80958 requests in 31.000151 seconds
20260216-205417-1359 39560 * Finish          (bench_client.cc:934): 1 outstanding transactions.
Session continued: 0
last_service: , current_state: 0
Session destroyed: 18446744073709551615
last_service: , current_state: 0
Session continued: 0
last_service: , current_state: 0
Session destroyed: 18446744073709551615
last_service: , current_state: 0
Session destroyed: 0
last_service: , current_state: 0
20260216-205420-1360 39560 * FlushStats      (benchmark.cc:890): Flushing stats to /mnt/extra/experiments/2026-03-16-20-53-11/out/client-0-0-2-stats-0.json.
20260216-205420-1362 39560 * FlushStats      (benchmark.cc:902): All done!
20260216-205422-1361 39560 * Cleanup         (bench_client.cc:761): Aborting 0 outstanding transactions.
20260216-205422-1362 39560 * CooldownDone    (bench_client.cc:791): Finished cooldown period.
20260216-205422-1719 39560 * CooldownDone    (bench_client.cc:798): Median latency is 358858 ns (358 us)
20260216-205422-1729 39560 * CooldownDone    (bench_client.cc:807): Average latency is 355810 ns (355 us)
20260216-205422-1729 39560 * CooldownDone    (bench_client.cc:811): 90th percentile latency is 388542 ns (388 us)
20260216-205422-1729 39560 * CooldownDone    (bench_client.cc:815): 95th percentile latency is 396845 ns (396 us)
20260216-205422-1729 39560 * CooldownDone    (bench_client.cc:819): 99th percentile latency is 413323 ns (413 us)
20260216-205422-1729 39560 * LATENCY total: 253 us 355 us/262 us 6060 us (80959 samples, 28 s total)
20260216-205422-1730 39560 *     131 us |         20 | 
20260216-205422-1730 39560 *     262 us |      80920 | ==================================================
20260216-205422-1730 39560 *     524 us |         13 | 
20260216-205422-1730 39560 *    1048 us |          0 |
20260216-205422-1730 39560 *    2097 us |          4 | 
20260216-205422-1730 39560 *    4194 us |          2 | 
20260216-205422-1736 39560 * Stop            (tcptransport.cc:581): [TCP SUMMARY] outgoingCreated=1 outgoingClosed=0 incomingCreated=0 incomingClosed=0 outgoingPeak=1 incomingPeak=0
Inserted events:
  0x56517745ff60 [fd  7] Read Persist Internal
  0x565177476510 [fd  9] Read Persist
Active events:
20260216-205422-1736 39560 * main            (benchmark.cc:849): Cleaning up after experiment.
20260216-205422-1737 39560 * FlushStats      (benchmark.cc:890): Flushing stats to /mnt/extra/experiments/2026-03-16-20-53-11/out/client-0-0-2-stats-0.json.
20260216-205422-1738 39560 * FlushStats      (benchmark.cc:902): All done!
