20250304-125507-2537 08518 * main            (server.cc:208):    Starting server.
20250304-125521-1217 08518 * main            (server.cc:466):    Done loading server.
20250304-125521-4268 08518 * RequestStateTransfer (replica.cc:248):   [1] Requesting state transfer: <0,0>
20250304-125521-4275 08518 ! TCPOutgoingEventCallback (tcptransport.cc:851): Error on outgoing TCP connection to server: Connection refused
20250304-125521-4657 08518 * HandleRequestStateTransfer (replica.cc:832):   [1] Sending state transfer from <0,0> to <0,78>
20250304-125521-4660 08518 * HandleRequestStateTransfer (replica.cc:832):   [1] Sending state transfer from <0,0> to <0,78>
20250304-125521-4663 08518 * HandleRequestStateTransfer (replica.cc:832):   [1] Sending state transfer from <0,0> to <0,78>
20250304-125521-4665 08518 * HandleRequestStateTransfer (replica.cc:832):   [1] Sending state transfer from <0,0> to <0,78>
20250304-125521-4668 08518 * HandleRequestStateTransfer (replica.cc:832):   [1] Sending state transfer from <0,0> to <0,78>
20250304-125521-4670 08518 * HandleRequestStateTransfer (replica.cc:832):   [1] Sending state transfer from <0,0> to <0,78>
20250304-125521-4672 08518 * HandleRequestStateTransfer (replica.cc:832):   [1] Sending state transfer from <0,0> to <0,78>
20250304-125521-4675 08518 * HandleRequestStateTransfer (replica.cc:832):   [1] Sending state transfer from <0,0> to <0,78>
20250304-125521-4677 08518 * HandleRequestStateTransfer (replica.cc:832):   [1] Sending state transfer from <0,0> to <0,78>
20250304-125521-4679 08518 * HandleRequestStateTransfer (replica.cc:832):   [1] Sending state transfer from <0,0> to <0,78>
20250304-125521-4682 08518 * HandleRequestStateTransfer (replica.cc:832):   [1] Sending state transfer from <0,0> to <0,78>
20250304-125521-4684 08518 * HandleRequestStateTransfer (replica.cc:832):   [1] Sending state transfer from <0,0> to <0,78>
20250304-125602-0210 08518 * Cleanup         (server.cc:525):    Gracefully exiting after signal 15.
Inserted events:
  0x55730bd06f20 [fd  9] Read Persist Internal
  0x55730bd04420 [fd  10] Read Persist
  0x55730bd06a20 [fd  11] Read Persist
  0x557387cbe500 [fd  12] Read Persist
  0x557387cbecc0 [fd  13] Read Persist
  0x557387cc1150 [fd  14] Read Persist
  0x557387d23990 [fd  15] Read Persist
  0x55739043a960 [fd  -1] Timeout=1743792966.760089
Active events:
20250304-125602-0213 08518 * Cleanup         (server.cc:529):    Exporting stats to /mnt/extra/experiments/2025-04-04-12-55-04/out/server-0-0-1-stats-0.json.
