20250304-123701-6828 26357 * main            (benchmark.cc:397): Starting benchmark.
Session created: 0
last_service: , current_state: 0
Session continued: 0
last_service: , current_state: 0
Session destroyed: 18446744073709551615
last_service: , current_state: 0
20250304-123712-5635 26357 * WarmupDone      (bench_client.cc:719): Completed warmup period of 10 seconds with 1485 requests
20250304-123733-5636 26357 * Finish          (bench_client.cc:917): Completed 9047 requests in 21.002025 seconds
20250304-123733-5637 26357 * Finish          (bench_client.cc:918): 1 outstanding transactions.
Session continued: 0
last_service: spanner-7-1804289383, current_state: 2
Session destroyed: 18446744073709551615
last_service: , current_state: 0
Session continued: 0
last_service: spanner-7-1804289383, current_state: 2
Session destroyed: 18446744073709551615
last_service: , current_state: 0
Session destroyed: 0
last_service: spanner-7-1804289383, current_state: 2
20250304-123741-5638 26357 * FlushStats      (benchmark.cc:843): Flushing stats to /mnt/extra/experiments/2025-04-04-12-36-52/out/client-0-0-7-stats-0.json.
20250304-123743-5686 26357 * Cleanup         (bench_client.cc:741): Aborting 0 outstanding transactions.
20250304-123743-5687 26357 * CooldownDone    (bench_client.cc:771): Finished cooldown period.
20250304-123743-5778 26357 * CooldownDone    (bench_client.cc:778): Median latency is 2219975 ns (2219 us)
20250304-123743-5781 26357 * CooldownDone    (bench_client.cc:787): Average latency is 2260971 ns (2260 us)
20250304-123743-5782 26357 * CooldownDone    (bench_client.cc:791): 90th percentile latency is 2542326 ns (2542 us)
20250304-123743-5782 26357 * CooldownDone    (bench_client.cc:795): 95th percentile latency is 2722606 ns (2722 us)
20250304-123743-5783 26357 * CooldownDone    (bench_client.cc:799): 99th percentile latency is 3236287 ns (3236 us)
20250304-123743-5784 26357 * LATENCY total: 851 us 2260 us/2097 us 106 ms (9048 samples, 20 s total)
20250304-123743-5784 26357 *     524 us |         15 | 
20250304-123743-5785 26357 *    1048 us |       1937 | =============
20250304-123743-5785 26357 *    2097 us |       7085 | ==================================================
20250304-123743-5785 26357 *    4194 us |          5 | 
20250304-123743-5786 26357 *    8388 us |          3 | 
20250304-123743-5786 26357 *      16 ms |          1 | 
20250304-123743-5787 26357 *      33 ms |          1 | 
20250304-123743-5787 26357 *      67 ms |          1 | 
Inserted events:
  0x562991d42390 [fd  7] Read Persist Internal
  0x562991d53c30 [fd  9] Read Persist
Active events:
20250304-123743-5792 26357 * main            (benchmark.cc:803): Cleaning up after experiment.
20250304-123743-5792 26357 * FlushStats      (benchmark.cc:843): Flushing stats to /mnt/extra/experiments/2025-04-04-12-36-52/out/client-0-0-7-stats-0.json.
