20250304-123701-6848 26354 * main            (benchmark.cc:397): Starting benchmark.
Session created: 0
last_service: , current_state: 0
Session continued: 0
last_service: , current_state: 0
Session destroyed: 18446744073709551615
last_service: , current_state: 0
20250304-123712-5606 26354 * WarmupDone      (bench_client.cc:719): Completed warmup period of 10 seconds with 1438 requests
20250304-123733-5605 26354 * Finish          (bench_client.cc:917): Completed 8932 requests in 21.001099 seconds
20250304-123733-5606 26354 * Finish          (bench_client.cc:918): 1 outstanding transactions.
Session continued: 0
last_service: spanner-1-1804289383, current_state: 2
Session destroyed: 18446744073709551615
last_service: , current_state: 0
Session continued: 0
last_service: spanner-1-1804289383, current_state: 2
Session destroyed: 18446744073709551615
last_service: , current_state: 0
Session destroyed: 0
last_service: spanner-1-1804289383, current_state: 2
20250304-123741-5609 26354 * FlushStats      (benchmark.cc:843): Flushing stats to /mnt/extra/experiments/2025-04-04-12-36-52/out/client-0-0-1-stats-0.json.
20250304-123743-5655 26354 * Cleanup         (bench_client.cc:741): Aborting 0 outstanding transactions.
20250304-123743-5656 26354 * CooldownDone    (bench_client.cc:771): Finished cooldown period.
20250304-123743-5749 26354 * CooldownDone    (bench_client.cc:778): Median latency is 2231928 ns (2231 us)
20250304-123743-5753 26354 * CooldownDone    (bench_client.cc:787): Average latency is 2290760 ns (2290 us)
20250304-123743-5753 26354 * CooldownDone    (bench_client.cc:791): 90th percentile latency is 2558283 ns (2558 us)
20250304-123743-5754 26354 * CooldownDone    (bench_client.cc:795): 95th percentile latency is 2727647 ns (2727 us)
20250304-123743-5754 26354 * CooldownDone    (bench_client.cc:799): 99th percentile latency is 3249167 ns (3249 us)
20250304-123743-5755 26354 * LATENCY total: 994 us 2290 us/2097 us 106 ms (8933 samples, 20 s total)
20250304-123743-5756 26354 *     524 us |          1 | 
20250304-123743-5756 26354 *    1048 us |       1643 | ===========
20250304-123743-5756 26354 *    2097 us |       7280 | ==================================================
20250304-123743-5757 26354 *    4194 us |          3 | 
20250304-123743-5757 26354 *    8388 us |          3 | 
20250304-123743-5758 26354 *      16 ms |          1 | 
20250304-123743-5758 26354 *      33 ms |          1 | 
20250304-123743-5758 26354 *      67 ms |          1 | 
Inserted events:
  0x55e6c10fb390 [fd  7] Read Persist Internal
  0x55e6c110cc30 [fd  9] Read Persist
Active events:
20250304-123743-5763 26354 * main            (benchmark.cc:803): Cleaning up after experiment.
20250304-123743-5764 26354 * FlushStats      (benchmark.cc:843): Flushing stats to /mnt/extra/experiments/2025-04-04-12-36-52/out/client-0-0-1-stats-0.json.
