20260313-060106-3294 12138 * main            (server.cc:217):    Starting server.
20260313-060106-3307 12138 * main            (server.cc:335):    Creating a default paritioner!
20260313-060108-2684 12138 * main            (server.cc:513):    Done loading server.
20260313-060128-6416 12138 * SendRequest     (client.cc:198):    Sending client request with id 1 (shardtag=34359738369 predlist_size=1)
20260313-060128-7000 12138 * SendRequest     (client.cc:198):    Sending client request with id 2 (shardtag=51539607553 predlist_size=0)
20260313-060128-7327 12138 * SendRequest     (client.cc:198):    Sending client request with id 3 (shardtag=68719476737 predlist_size=1)
20260313-060128-7329 12138 * SendRequest     (client.cc:198):    Sending client request with id 4 (shardtag=68719476738 predlist_size=1)
20260313-060128-7330 12138 * SendRequest     (client.cc:198):    Sending client request with id 5 (shardtag=68719476739 predlist_size=1)
20260313-060128-7430 12138 * SendRequest     (client.cc:198):    Sending client request with id 6 (shardtag=85899345921 predlist_size=1)
20260313-060128-7448 12138 * SendRequest     (client.cc:198):    Sending client request with id 7 (shardtag=137438953473 predlist_size=1)
20260313-060128-7483 12138 * SendRequest     (client.cc:198):    Sending client request with id 8 (shardtag=120259084289 predlist_size=1)
20260313-060128-7485 12138 * SendRequest     (client.cc:198):    Sending client request with id 9 (shardtag=120259084290 predlist_size=1)
20260313-060128-7486 12138 * SendRequest     (client.cc:198):    Sending client request with id 10 (shardtag=120259084291 predlist_size=1)
20260313-060128-8303 12138 * SendRequest     (client.cc:198):    Sending client request with id 11 (shardtag=103079215105 predlist_size=1)
20260313-060128-8305 12138 * SendRequest     (client.cc:198):    Sending client request with id 12 (shardtag=103079215106 predlist_size=1)
20260313-060128-8306 12138 * SendRequest     (client.cc:198):    Sending client request with id 13 (shardtag=103079215107 predlist_size=1)
20260313-060128-8516 12138 * SendRequest     (client.cc:198):    Sending client request with id 14 (shardtag=154618822657 predlist_size=1)
20260313-060129-0018 12138 ! ReceiveMessage  (replica.cc:680):   [0] Ignoring stray ReplyMessage delivered to replica listener
20260313-060129-1446 12138 ! ReceiveMessage  (replica.cc:680):   [0] Ignoring stray ReplyMessage delivered to replica listener
20260313-060129-3309 12138 ! ReceiveMessage  (replica.cc:680):   [0] Ignoring stray ReplyMessage delivered to replica listener
20260313-060129-4422 12138 ! ReceiveMessage  (replica.cc:680):   [0] Ignoring stray ReplyMessage delivered to replica listener
20260313-060129-5318 12138 ! ReceiveMessage  (replica.cc:680):   [0] Ignoring stray ReplyMessage delivered to replica listener
20260313-060129-5339 12138 ! ReceiveMessage  (replica.cc:680):   [0] Ignoring stray ReplyMessage delivered to replica listener
20260313-060129-5485 12138 ! ReceiveMessage  (replica.cc:680):   [0] Ignoring stray ReplyMessage delivered to replica listener
20260313-060129-7349 12138 ! ReceiveMessage  (replica.cc:680):   [0] Ignoring stray ReplyMessage delivered to replica listener
20260313-060129-7534 12138 ! ReceiveMessage  (replica.cc:680):   [0] Ignoring stray ReplyMessage delivered to replica listener
20260313-060129-9363 12138 ! ReceiveMessage  (replica.cc:680):   [0] Ignoring stray ReplyMessage delivered to replica listener
20260313-060130-0434 12138 ! ReceiveMessage  (replica.cc:680):   [0] Ignoring stray ReplyMessage delivered to replica listener
20260313-060130-0549 12138 ! ReceiveMessage  (replica.cc:680):   [0] Ignoring stray ReplyMessage delivered to replica listener
20260313-060130-3558 12138 * SendRequest     (client.cc:198):    Sending client request with id 15 (shardtag=137438953474 predlist_size=1)
20260313-060130-4363 12138 ! ReceiveMessage  (replica.cc:680):   [0] Ignoring stray ReplyMessage delivered to replica listener
20260313-060130-4567 12138 ! ReceiveMessage  (replica.cc:680):   [0] Ignoring stray ReplyMessage delivered to replica listener
20260313-060130-5439 12138 * SendRequest     (client.cc:198):    Sending client request with id 16 (shardtag=103079215108 predlist_size=1)
20260313-060130-5477 12138 * SendRequest     (client.cc:198):    Sending client request with id 17 (shardtag=85899345922 predlist_size=0)
20260313-060130-5479 12138 * SendRequest     (client.cc:198):    Sending client request with id 18 (shardtag=85899345923 predlist_size=1)
20260313-060130-5481 12138 * SendRequest     (client.cc:198):    Sending client request with id 19 (shardtag=85899345924 predlist_size=1)
20260313-060130-5520 12138 * SendRequest     (client.cc:198):    Sending client request with id 20 (shardtag=34359738370 predlist_size=1)
20260313-060130-5522 12138 * SendRequest     (client.cc:198):    Sending client request with id 21 (shardtag=34359738371 predlist_size=1)
20260313-060130-5523 12138 * SendRequest     (client.cc:198):    Sending client request with id 22 (shardtag=34359738372 predlist_size=1)
20260313-060130-5591 12138 * SendRequest     (client.cc:198):    Sending client request with id 23 (shardtag=120259084292 predlist_size=1)
20260313-060130-6587 12138 * SendRequest     (client.cc:198):    Sending client request with id 24 (shardtag=154618822658 predlist_size=1)
20260313-060130-8505 12138 ! ReceiveMessage  (replica.cc:680):   [0] Ignoring stray ReplyMessage delivered to replica listener
20260313-060131-0516 12138 ! ReceiveMessage  (replica.cc:680):   [0] Ignoring stray ReplyMessage delivered to replica listener
20260313-060131-1555 12138 ! ReceiveMessage  (replica.cc:680):   [0] Ignoring stray ReplyMessage delivered to replica listener
20260313-060131-1598 12138 ! ReceiveMessage  (replica.cc:680):   [0] Ignoring stray ReplyMessage delivered to replica listener
20260313-060131-7670 12138 ! ReceiveMessage  (replica.cc:680):   [0] Ignoring stray ReplyMessage delivered to replica listener
20260313-060131-8551 12138 ! ReceiveMessage  (replica.cc:680):   [0] Ignoring stray ReplyMessage delivered to replica listener
20260313-060131-8662 12138 ! ReceiveMessage  (replica.cc:680):   [0] Ignoring stray ReplyMessage delivered to replica listener
20260313-060131-9596 12138 ! ReceiveMessage  (replica.cc:680):   [0] Ignoring stray ReplyMessage delivered to replica listener
20260313-060132-1542 12138 ! ReceiveMessage  (replica.cc:680):   [0] Ignoring stray ReplyMessage delivered to replica listener
20260313-060132-1717 12138 * SendRequest     (client.cc:198):    Sending client request with id 25 (shardtag=154618822659 predlist_size=1)
20260313-060132-1719 12138 * SendRequest     (client.cc:198):    Sending client request with id 26 (shardtag=154618822660 predlist_size=1)
20260313-060132-1721 12138 * SendRequest     (client.cc:198):    Sending client request with id 27 (shardtag=154618822661 predlist_size=1)
20260313-060132-2311 12138 * SendRequest     (client.cc:198):    Sending client request with id 28 (shardtag=51539607554 predlist_size=1)
20260313-060132-2586 12138 * SendRequest     (client.cc:198):    Sending client request with id 29 (shardtag=103079215109 predlist_size=1)
20260313-060132-2588 12138 * SendRequest     (client.cc:198):    Sending client request with id 30 (shardtag=103079215110 predlist_size=1)
20260313-060132-2689 12138 * SendRequest     (client.cc:198):    Sending client request with id 31 (shardtag=137438953475 predlist_size=1)
20260313-060132-2691 12138 * SendRequest     (client.cc:198):    Sending client request with id 32 (shardtag=137438953476 predlist_size=1)
20260313-060132-2692 12138 * SendRequest     (client.cc:198):    Sending client request with id 33 (shardtag=137438953477 predlist_size=1)
20260313-060132-2693 12138 * SendRequest     (client.cc:198):    Sending client request with id 34 (shardtag=137438953478 predlist_size=1)
20260313-060132-2695 12138 * SendRequest     (client.cc:198):    Sending client request with id 35 (shardtag=137438953479 predlist_size=1)
20260313-060132-2749 12138 * SendRequest     (client.cc:198):    Sending client request with id 36 (shardtag=120259084293 predlist_size=1)
20260313-060132-3617 12138 ! ReceiveMessage  (replica.cc:680):   [0] Ignoring stray ReplyMessage delivered to replica listener
20260313-060132-4568 12138 * SendRequest     (client.cc:198):    Sending client request with id 37 (shardtag=68719476740 predlist_size=0)
20260313-060132-4569 12138 * SendRequest     (client.cc:198):    Sending client request with id 38 (shardtag=68719476741 predlist_size=1)
20260313-060132-4571 12138 * SendRequest     (client.cc:198):    Sending client request with id 39 (shardtag=68719476742 predlist_size=1)
20260313-060132-4572 12138 * SendRequest     (client.cc:198):    Sending client request with id 40 (shardtag=68719476743 predlist_size=1)
20260313-060132-4629 12138 * SendRequest     (client.cc:198):    Sending client request with id 41 (shardtag=85899345925 predlist_size=0)
20260313-060132-4631 12138 * SendRequest     (client.cc:198):    Sending client request with id 42 (shardtag=85899345926 predlist_size=1)
20260313-060132-4667 12138 * SendRequest     (client.cc:198):    Sending client request with id 43 (shardtag=34359738373 predlist_size=1)
20260313-060132-4669 12138 * SendRequest     (client.cc:198):    Sending client request with id 44 (shardtag=34359738374 predlist_size=1)
20260313-060132-4670 12138 * SendRequest     (client.cc:198):    Sending client request with id 45 (shardtag=34359738375 predlist_size=1)
20260313-060132-4671 12138 * SendRequest     (client.cc:198):    Sending client request with id 46 (shardtag=34359738376 predlist_size=1)
20260313-060132-7340 12138 ! ReceiveMessage  (replica.cc:680):   [0] Ignoring stray ReplyMessage delivered to replica listener
20260313-060132-7596 12138 ! ReceiveMessage  (replica.cc:680):   [0] Ignoring stray ReplyMessage delivered to replica listener
20260313-060132-7629 12138 ! ReceiveMessage  (replica.cc:680):   [0] Ignoring stray ReplyMessage delivered to replica listener
20260313-060132-7650 12138 ! ReceiveMessage  (replica.cc:680):   [0] Ignoring stray ReplyMessage delivered to replica listener
20260313-060132-8687 12138 ! ReceiveMessage  (replica.cc:680):   [0] Ignoring stray ReplyMessage delivered to replica listener
20260313-060133-0729 12138 ! ReceiveMessage  (replica.cc:680):   [0] Ignoring stray ReplyMessage delivered to replica listener
20260313-060133-1804 12138 ! ReceiveMessage  (replica.cc:680):   [0] Ignoring stray ReplyMessage delivered to replica listener
20260313-060133-3687 12138 ! ReceiveMessage  (replica.cc:680):   [0] Ignoring stray ReplyMessage delivered to replica listener
20260313-060133-3744 12138 ! ReceiveMessage  (replica.cc:680):   [0] Ignoring stray ReplyMessage delivered to replica listener
20260313-060133-3787 12138 ! ReceiveMessage  (replica.cc:680):   [0] Ignoring stray ReplyMessage delivered to replica listener
20260313-060133-3790 12138 ! ReceiveMessage  (replica.cc:680):   [0] Ignoring stray ReplyMessage delivered to replica listener
20260313-060133-3792 12138 ! ReceiveMessage  (replica.cc:680):   [0] Ignoring stray ReplyMessage delivered to replica listener
20260313-060133-4715 12138 ! ReceiveMessage  (replica.cc:680):   [0] Ignoring stray ReplyMessage delivered to replica listener
20260313-060133-5667 12138 ! ReceiveMessage  (replica.cc:680):   [0] Ignoring stray ReplyMessage delivered to replica listener
20260313-060133-6649 12138 ! ReceiveMessage  (replica.cc:680):   [0] Ignoring stray ReplyMessage delivered to replica listener
20260313-060133-6726 12138 ! ReceiveMessage  (replica.cc:680):   [0] Ignoring stray ReplyMessage delivered to replica listener
20260313-060133-6760 12138 ! ReceiveMessage  (replica.cc:680):   [0] Ignoring stray ReplyMessage delivered to replica listener
20260313-060133-7851 12138 * SendRequest     (client.cc:198):    Sending client request with id 47 (shardtag=154618822662 predlist_size=1)
20260313-060133-7853 12138 * SendRequest     (client.cc:198):    Sending client request with id 48 (shardtag=154618822663 predlist_size=1)
20260313-060133-7854 12138 * SendRequest     (client.cc:198):    Sending client request with id 49 (shardtag=154618822664 predlist_size=1)
20260313-060133-8735 12138 ! ReceiveMessage  (replica.cc:680):   [0] Ignoring stray ReplyMessage delivered to replica listener
20260313-060133-8770 12138 ! ReceiveMessage  (replica.cc:680):   [0] Ignoring stray ReplyMessage delivered to replica listener
20260313-060133-8771 12138 ! ReceiveMessage  (replica.cc:680):   [0] Ignoring stray ReplyMessage delivered to replica listener
20260313-060133-9663 12138 ! ReceiveMessage  (replica.cc:680):   [0] Ignoring stray ReplyMessage delivered to replica listener
20260313-060133-9665 12138 ! ReceiveMessage  (replica.cc:680):   [0] Ignoring stray ReplyMessage delivered to replica listener
20260313-060133-9904 12138 * SendRequest     (client.cc:198):    Sending client request with id 50 (shardtag=120259084294 predlist_size=1)
20260313-060134-0727 12138 * SendRequest     (client.cc:198):    Sending client request with id 51 (shardtag=68719476744 predlist_size=1)
20260313-060134-0821 12138 * SendRequest     (client.cc:198):    Sending client request with id 52 (shardtag=137438953480 predlist_size=1)
20260313-060134-1742 12138 * SendRequest     (client.cc:198):    Sending client request with id 53 (shardtag=103079215111 predlist_size=1)
20260313-060134-1744 12138 * SendRequest     (client.cc:198):    Sending client request with id 54 (shardtag=103079215112 predlist_size=1)
20260313-060134-1745 12138 * SendRequest     (client.cc:198):    Sending client request with id 55 (shardtag=103079215113 predlist_size=1)
20260313-060134-1746 12138 * SendRequest     (client.cc:198):    Sending client request with id 56 (shardtag=103079215114 predlist_size=1)
20260313-060134-1766 12138 * SendRequest     (client.cc:198):    Sending client request with id 57 (shardtag=85899345927 predlist_size=1)
20260313-060134-4886 12138 ! ReceiveMessage  (replica.cc:680):   [0] Ignoring stray ReplyMessage delivered to replica listener
20260313-060134-5770 12138 ! ReceiveMessage  (replica.cc:680):   [0] Ignoring stray ReplyMessage delivered to replica listener
20260313-060134-6864 12138 ! ReceiveMessage  (replica.cc:680):   [0] Ignoring stray ReplyMessage delivered to replica listener
20260313-060134-7902 12138 ! ReceiveMessage  (replica.cc:680):   [0] Ignoring stray ReplyMessage delivered to replica listener
20260313-060134-7956 12138 ! ReceiveMessage  (replica.cc:680):   [0] Ignoring stray ReplyMessage delivered to replica listener
20260313-060135-0822 12138 ! ReceiveMessage  (replica.cc:680):   [0] Ignoring stray ReplyMessage delivered to replica listener
20260313-060135-0918 12138 ! ReceiveMessage  (replica.cc:680):   [0] Ignoring stray ReplyMessage delivered to replica listener
20260313-060135-2803 12138 ! ReceiveMessage  (replica.cc:680):   [0] Ignoring stray ReplyMessage delivered to replica listener
20260313-060135-2804 12138 ! ReceiveMessage  (replica.cc:680):   [0] Ignoring stray ReplyMessage delivered to replica listener
20260313-060135-4814 12138 ! ReceiveMessage  (replica.cc:680):   [0] Ignoring stray ReplyMessage delivered to replica listener
20260313-060135-6815 12138 ! ReceiveMessage  (replica.cc:680):   [0] Ignoring stray ReplyMessage delivered to replica listener
20260313-060135-6957 12138 * SendRequest     (client.cc:198):    Sending client request with id 58 (shardtag=137438953481 predlist_size=1)
20260313-060135-6959 12138 * SendRequest     (client.cc:198):    Sending client request with id 59 (shardtag=137438953482 predlist_size=1)
20260313-060135-6992 12138 * SendRequest     (client.cc:198):    Sending client request with id 60 (shardtag=154618822665 predlist_size=1)
20260313-060135-6994 12138 * SendRequest     (client.cc:198):    Sending client request with id 61 (shardtag=154618822666 predlist_size=1)
20260313-060135-7883 12138 * SendRequest     (client.cc:198):    Sending client request with id 62 (shardtag=103079215115 predlist_size=1)
20260313-060135-7885 12138 * SendRequest     (client.cc:198):    Sending client request with id 63 (shardtag=103079215116 predlist_size=1)
20260313-060135-7886 12138 * SendRequest     (client.cc:198):    Sending client request with id 64 (shardtag=103079215117 predlist_size=1)
20260313-060135-7951 12138 * SendRequest     (client.cc:198):    Sending client request with id 65 (shardtag=34359738377 predlist_size=1)
20260313-060135-7953 12138 * SendRequest     (client.cc:198):    Sending client request with id 66 (shardtag=34359738378 predlist_size=1)
20260313-060135-8055 12138 * SendRequest     (client.cc:198):    Sending client request with id 67 (shardtag=120259084295 predlist_size=0)
20260313-060135-8057 12138 * SendRequest     (client.cc:198):    Sending client request with id 68 (shardtag=120259084296 predlist_size=1)
20260313-060135-8058 12138 * SendRequest     (client.cc:198):    Sending client request with id 69 (shardtag=120259084297 predlist_size=1)
20260313-060135-8059 12138 * SendRequest     (client.cc:198):    Sending client request with id 70 (shardtag=120259084298 predlist_size=1)
20260313-060135-8874 12138 * SendRequest     (client.cc:198):    Sending client request with id 71 (shardtag=68719476745 predlist_size=1)
20260313-060135-8876 12138 * SendRequest     (client.cc:198):    Sending client request with id 72 (shardtag=68719476746 predlist_size=1)
20260313-060135-9899 12138 * SendRequest     (client.cc:198):    Sending client request with id 73 (shardtag=85899345928 predlist_size=1)
20260313-060136-1019 12138 ! ReceiveMessage  (replica.cc:680):   [0] Ignoring stray ReplyMessage delivered to replica listener
20260313-060136-1084 12138 ! ReceiveMessage  (replica.cc:680):   [0] Ignoring stray ReplyMessage delivered to replica listener
20260313-060136-2907 12138 ! ReceiveMessage  (replica.cc:680):   [0] Ignoring stray ReplyMessage delivered to replica listener
20260313-060136-4918 12138 ! ReceiveMessage  (replica.cc:680):   [0] Ignoring stray ReplyMessage delivered to replica listener
20260313-060136-5921 12138 ! ReceiveMessage  (replica.cc:680):   [0] Ignoring stray ReplyMessage delivered to replica listener
20260313-060136-6110 12138 ! ReceiveMessage  (replica.cc:680):   [0] Ignoring stray ReplyMessage delivered to replica listener
20260313-060136-6943 12138 ! ReceiveMessage  (replica.cc:680):   [0] Ignoring stray ReplyMessage delivered to replica listener
20260313-060136-7930 12138 ! ReceiveMessage  (replica.cc:680):   [0] Ignoring stray ReplyMessage delivered to replica listener
20260313-060136-9025 12138 ! ReceiveMessage  (replica.cc:680):   [0] Ignoring stray ReplyMessage delivered to replica listener
20260313-060136-9033 12138 ! ReceiveMessage  (replica.cc:680):   [0] Ignoring stray ReplyMessage delivered to replica listener
20260313-060137-1136 12138 ! ReceiveMessage  (replica.cc:680):   [0] Ignoring stray ReplyMessage delivered to replica listener
20260313-060137-2051 12138 ! ReceiveMessage  (replica.cc:680):   [0] Ignoring stray ReplyMessage delivered to replica listener
20260313-060137-2083 12138 ! ReceiveMessage  (replica.cc:680):   [0] Ignoring stray ReplyMessage delivered to replica listener
20260313-060137-3136 12138 * SendRequest     (client.cc:198):    Sending client request with id 74 (shardtag=154618822667 predlist_size=1)
20260313-060137-3138 12138 * SendRequest     (client.cc:198):    Sending client request with id 75 (shardtag=154618822668 predlist_size=1)
20260313-060137-3139 12138 * SendRequest     (client.cc:198):    Sending client request with id 76 (shardtag=154618822669 predlist_size=1)
20260313-060137-3957 12138 ! ReceiveMessage  (replica.cc:680):   [0] Ignoring stray ReplyMessage delivered to replica listener
20260313-060137-4054 12138 ! ReceiveMessage  (replica.cc:680):   [0] Ignoring stray ReplyMessage delivered to replica listener
20260313-060137-5116 12138 * SendRequest     (client.cc:198):    Sending client request with id 77 (shardtag=137438953483 predlist_size=1)
20260313-060137-5156 12138 ! ReceiveMessage  (replica.cc:680):   [0] Ignoring stray ReplyMessage delivered to replica listener
20260313-060137-6018 12138 * SendRequest     (client.cc:198):    Sending client request with id 78 (shardtag=68719476747 predlist_size=1)
20260313-060137-7208 12138 * SendRequest     (client.cc:198):    Sending client request with id 79 (shardtag=120259084299 predlist_size=1)
20260313-060137-9057 12138 * SendRequest     (client.cc:198):    Sending client request with id 80 (shardtag=85899345929 predlist_size=1)
20260313-060137-9178 12138 ! ReceiveMessage  (replica.cc:680):   [0] Ignoring stray ReplyMessage delivered to replica listener
20260313-060138-5254 12138 ! ReceiveMessage  (replica.cc:680):   [0] Ignoring stray ReplyMessage delivered to replica listener
20260313-060138-7073 12138 ! ReceiveMessage  (replica.cc:680):   [0] Ignoring stray ReplyMessage delivered to replica listener
20260313-060139-0192 12138 ! ReceiveMessage  (replica.cc:680):   [0] Ignoring stray ReplyMessage delivered to replica listener
20260313-060139-0229 12138 ! ReceiveMessage  (replica.cc:680):   [0] Ignoring stray ReplyMessage delivered to replica listener
20260313-060139-0231 12138 ! ReceiveMessage  (replica.cc:680):   [0] Ignoring stray ReplyMessage delivered to replica listener
20260313-060139-1256 12138 * SendRequest     (client.cc:198):    Sending client request with id 81 (shardtag=34359738379 predlist_size=0)
20260313-060139-1257 12138 * SendRequest     (client.cc:198):    Sending client request with id 82 (shardtag=34359738380 predlist_size=1)
20260313-060139-1259 12138 * SendRequest     (client.cc:198):    Sending client request with id 83 (shardtag=34359738381 predlist_size=1)
20260313-060139-1260 12138 * SendRequest     (client.cc:198):    Sending client request with id 84 (shardtag=34359738382 predlist_size=1)
20260313-060139-1261 12138 * SendRequest     (client.cc:198):    Sending client request with id 85 (shardtag=34359738383 predlist_size=1)
20260313-060139-1286 12138 * SendRequest     (client.cc:198):    Sending client request with id 86 (shardtag=154618822670 predlist_size=1)
20260313-060139-1288 12138 * SendRequest     (client.cc:198):    Sending client request with id 87 (shardtag=154618822671 predlist_size=1)
20260313-060139-2248 12138 * SendRequest     (client.cc:198):    Sending client request with id 88 (shardtag=137438953484 predlist_size=1)
20260313-060139-2250 12138 * SendRequest     (client.cc:198):    Sending client request with id 89 (shardtag=137438953485 predlist_size=1)
20260313-060139-2251 12138 * SendRequest     (client.cc:198):    Sending client request with id 90 (shardtag=137438953486 predlist_size=1)
20260313-060139-2904 12138 * SendRequest     (client.cc:198):    Sending client request with id 91 (shardtag=51539607555 predlist_size=1)
20260313-060139-2906 12138 * SendRequest     (client.cc:198):    Sending client request with id 92 (shardtag=51539607556 predlist_size=1)
20260313-060139-4146 12138 ! ReceiveMessage  (replica.cc:680):   [0] Ignoring stray ReplyMessage delivered to replica listener
20260313-060139-4159 12138 * SendRequest     (client.cc:198):    Sending client request with id 93 (shardtag=68719476748 predlist_size=0)
20260313-060139-4161 12138 * SendRequest     (client.cc:198):    Sending client request with id 94 (shardtag=68719476749 predlist_size=1)
20260313-060139-4289 12138 ! ReceiveMessage  (replica.cc:680):   [0] Ignoring stray ReplyMessage delivered to replica listener
20260313-060139-6203 12138 * SendRequest     (client.cc:198):    Sending client request with id 95 (shardtag=85899345930 predlist_size=1)
20260313-060139-6299 12138 ! ReceiveMessage  (replica.cc:680):   [0] Ignoring stray ReplyMessage delivered to replica listener
20260313-060139-6346 12138 * SendRequest     (client.cc:198):    Sending client request with id 96 (shardtag=120259084300 predlist_size=1)
20260313-060139-6348 12138 * SendRequest     (client.cc:198):    Sending client request with id 97 (shardtag=120259084301 predlist_size=1)
20260313-060139-6349 12138 * SendRequest     (client.cc:198):    Sending client request with id 98 (shardtag=120259084302 predlist_size=1)
20260313-060139-7180 12138 ! ReceiveMessage  (replica.cc:680):   [0] Ignoring stray ReplyMessage delivered to replica listener
20260313-060139-7319 12138 ! ReceiveMessage  (replica.cc:680):   [0] Ignoring stray ReplyMessage delivered to replica listener
20260313-060139-8308 12138 ! ReceiveMessage  (replica.cc:680):   [0] Ignoring stray ReplyMessage delivered to replica listener
20260313-060139-9191 12138 ! ReceiveMessage  (replica.cc:680):   [0] Ignoring stray ReplyMessage delivered to replica listener
20260313-060140-0319 12138 ! ReceiveMessage  (replica.cc:680):   [0] Ignoring stray ReplyMessage delivered to replica listener
20260313-060140-0320 12138 ! ReceiveMessage  (replica.cc:680):   [0] Ignoring stray ReplyMessage delivered to replica listener
20260313-060140-1305 12138 ! ReceiveMessage  (replica.cc:680):   [0] Ignoring stray ReplyMessage delivered to replica listener
20260313-060140-3312 12138 ! ReceiveMessage  (replica.cc:680):   [0] Ignoring stray ReplyMessage delivered to replica listener
20260313-060140-4361 12138 ! ReceiveMessage  (replica.cc:680):   [0] Ignoring stray ReplyMessage delivered to replica listener
20260313-060140-4963 12138 ! ReceiveMessage  (replica.cc:680):   [0] Ignoring stray ReplyMessage delivered to replica listener
20260313-060140-5322 12138 ! ReceiveMessage  (replica.cc:680):   [0] Ignoring stray ReplyMessage delivered to replica listener
20260313-060140-6402 12138 * SendRequest     (client.cc:198):    Sending client request with id 99 (shardtag=34359738384 predlist_size=1)
20260313-060140-6404 12138 * SendRequest     (client.cc:198):    Sending client request with id 100 (shardtag=34359738385 predlist_size=1)
20260313-060140-8989 12138 ! ReceiveMessage  (replica.cc:680):   [0] Ignoring stray ReplyMessage delivered to replica listener
20260313-060140-9275 12138 ! ReceiveMessage  (replica.cc:680):   [0] Ignoring stray ReplyMessage delivered to replica listener
20260313-060140-9400 12138 * SendRequest     (client.cc:198):    Sending client request with id 101 (shardtag=137438953487 predlist_size=1)
20260313-060140-9402 12138 * SendRequest     (client.cc:198):    Sending client request with id 102 (shardtag=137438953488 predlist_size=1)
20260313-060140-9443 12138 * SendRequest     (client.cc:198):    Sending client request with id 103 (shardtag=154618822672 predlist_size=1)
20260313-060141-0035 12138 * SendRequest     (client.cc:198):    Sending client request with id 104 (shardtag=51539607557 predlist_size=0)
20260313-060141-0037 12138 * SendRequest     (client.cc:198):    Sending client request with id 105 (shardtag=51539607558 predlist_size=1)
20260313-060141-0038 12138 * SendRequest     (client.cc:198):    Sending client request with id 106 (shardtag=51539607559 predlist_size=1)
20260313-060141-0039 12138 * SendRequest     (client.cc:198):    Sending client request with id 107 (shardtag=51539607560 predlist_size=1)
20260313-060141-0303 12138 * SendRequest     (client.cc:198):    Sending client request with id 108 (shardtag=68719476750 predlist_size=1)
20260313-060141-0427 12138 ! ReceiveMessage  (replica.cc:680):   [0] Ignoring stray ReplyMessage delivered to replica listener
20260313-060141-2438 12138 ! ReceiveMessage  (replica.cc:680):   [0] Ignoring stray ReplyMessage delivered to replica listener
20260313-060141-2440 12138 ! ReceiveMessage  (replica.cc:680):   [0] Ignoring stray ReplyMessage delivered to replica listener
20260313-060141-3064 12138 ! ReceiveMessage  (replica.cc:680):   [0] Ignoring stray ReplyMessage delivered to replica listener
20260313-060141-3483 12138 * SendRequest     (client.cc:198):    Sending client request with id 109 (shardtag=120259084303 predlist_size=1)
20260313-060141-4328 12138 * SendRequest     (client.cc:198):    Sending client request with id 110 (shardtag=103079215118 predlist_size=1)
20260313-060141-4451 12138 ! ReceiveMessage  (replica.cc:680):   [0] Ignoring stray ReplyMessage delivered to replica listener
20260313-060141-5074 12138 ! ReceiveMessage  (replica.cc:680):   [0] Ignoring stray ReplyMessage delivered to replica listener
20260313-060141-5351 12138 * SendRequest     (client.cc:198):    Sending client request with id 111 (shardtag=85899345931 predlist_size=1)
20260313-060141-6460 12138 ! ReceiveMessage  (replica.cc:680):   [0] Ignoring stray ReplyMessage delivered to replica listener
20260313-060141-7083 12138 ! ReceiveMessage  (replica.cc:680):   [0] Ignoring stray ReplyMessage delivered to replica listener
20260313-060141-7465 12138 ! ReceiveMessage  (replica.cc:680):   [0] Ignoring stray ReplyMessage delivered to replica listener
20260313-060141-7513 12138 ! ReceiveMessage  (replica.cc:680):   [0] Ignoring stray ReplyMessage delivered to replica listener
20260313-060142-1375 12138 ! ReceiveMessage  (replica.cc:680):   [0] Ignoring stray ReplyMessage delivered to replica listener
20260313-060142-2493 12138 ! ReceiveMessage  (replica.cc:680):   [0] Ignoring stray ReplyMessage delivered to replica listener
20260313-060142-2542 12138 * SendRequest     (client.cc:198):    Sending client request with id 112 (shardtag=34359738386 predlist_size=1)
20260313-060142-4520 12138 ! ReceiveMessage  (replica.cc:680):   [0] Ignoring stray ReplyMessage delivered to replica listener
20260313-060142-4557 12138 * SendRequest     (client.cc:198):    Sending client request with id 113 (shardtag=137438953489 predlist_size=1)
20260313-060142-5413 12138 ! ReceiveMessage  (replica.cc:680):   [0] Ignoring stray ReplyMessage delivered to replica listener
20260313-060142-6123 12138 ! ReceiveMessage  (replica.cc:680):   [0] Ignoring stray ReplyMessage delivered to replica listener
20260313-060142-7388 12138 ! ReceiveMessage  (replica.cc:680):   [0] Ignoring stray ReplyMessage delivered to replica listener
20260313-060142-7588 12138 * SendRequest     (client.cc:198):    Sending client request with id 114 (shardtag=154618822673 predlist_size=1)
20260313-060142-7590 12138 * SendRequest     (client.cc:198):    Sending client request with id 115 (shardtag=154618822674 predlist_size=1)
20260313-060142-7591 12138 * SendRequest     (client.cc:198):    Sending client request with id 116 (shardtag=154618822675 predlist_size=1)
20260313-060142-8445 12138 * SendRequest     (client.cc:198):    Sending client request with id 117 (shardtag=68719476751 predlist_size=1)
20260313-060142-8447 12138 * SendRequest     (client.cc:198):    Sending client request with id 118 (shardtag=68719476752 predlist_size=1)
20260313-060142-8448 12138 * SendRequest     (client.cc:198):    Sending client request with id 119 (shardtag=68719476753 predlist_size=1)
20260313-060142-8580 12138 ! ReceiveMessage  (replica.cc:680):   [0] Ignoring stray ReplyMessage delivered to replica listener
20260313-060143-1473 12138 * SendRequest     (client.cc:198):    Sending client request with id 120 (shardtag=103079215119 predlist_size=0)
20260313-060143-1475 12138 * SendRequest     (client.cc:198):    Sending client request with id 121 (shardtag=103079215120 predlist_size=1)
20260313-060143-1476 12138 * SendRequest     (client.cc:198):    Sending client request with id 122 (shardtag=103079215121 predlist_size=1)
20260313-060143-2626 12138 ! ReceiveMessage  (replica.cc:680):   [0] Ignoring stray ReplyMessage delivered to replica listener
20260313-060143-2641 12138 * SendRequest     (client.cc:198):    Sending client request with id 123 (shardtag=120259084304 predlist_size=1)
20260313-060143-2643 12138 * SendRequest     (client.cc:198):    Sending client request with id 124 (shardtag=120259084305 predlist_size=1)
20260313-060143-4498 12138 ! ReceiveMessage  (replica.cc:680):   [0] Ignoring stray ReplyMessage delivered to replica listener
20260313-060143-4605 12138 ! ReceiveMessage  (replica.cc:680):   [0] Ignoring stray ReplyMessage delivered to replica listener
20260313-060143-6502 12138 ! ReceiveMessage  (replica.cc:680):   [0] Ignoring stray ReplyMessage delivered to replica listener
20260313-060143-6647 12138 ! ReceiveMessage  (replica.cc:680):   [0] Ignoring stray ReplyMessage delivered to replica listener
20260313-060143-6667 12138 ! ReceiveMessage  (replica.cc:680):   [0] Ignoring stray ReplyMessage delivered to replica listener
20260313-060143-6668 12138 ! ReceiveMessage  (replica.cc:680):   [0] Ignoring stray ReplyMessage delivered to replica listener
20260313-060144-0684 12138 * SendRequest     (client.cc:198):    Sending client request with id 125 (shardtag=34359738387 predlist_size=1)
20260313-060144-2685 12138 * SendRequest     (client.cc:198):    Sending client request with id 126 (shardtag=137438953490 predlist_size=1)
20260313-060144-2687 12138 * SendRequest     (client.cc:198):    Sending client request with id 127 (shardtag=137438953491 predlist_size=1)
20260313-060144-3535 12138 ! ReceiveMessage  (replica.cc:680):   [0] Ignoring stray ReplyMessage delivered to replica listener
20260313-060144-3537 12138 ! ReceiveMessage  (replica.cc:680):   [0] Ignoring stray ReplyMessage delivered to replica listener
20260313-060144-3544 12138 ! ReceiveMessage  (replica.cc:680):   [0] Ignoring stray ReplyMessage delivered to replica listener
20260313-060144-3545 12138 ! ReceiveMessage  (replica.cc:680):   [0] Ignoring stray ReplyMessage delivered to replica listener
20260313-060144-3685 12138 ! ReceiveMessage  (replica.cc:680):   [0] Ignoring stray ReplyMessage delivered to replica listener
20260313-060144-4737 12138 * SendRequest     (client.cc:198):    Sending client request with id 128 (shardtag=154618822676 predlist_size=1)
20260313-060144-4739 12138 * SendRequest     (client.cc:198):    Sending client request with id 129 (shardtag=154618822677 predlist_size=1)
20260313-060144-6602 12138 * SendRequest     (client.cc:198):    Sending client request with id 130 (shardtag=68719476754 predlist_size=1)
20260313-060144-7607 12138 * SendRequest     (client.cc:198):    Sending client request with id 131 (shardtag=103079215122 predlist_size=1)
20260313-060144-8732 12138 ! ReceiveMessage  (replica.cc:680):   [0] Ignoring stray ReplyMessage delivered to replica listener
20260313-060144-8785 12138 * SendRequest     (client.cc:198):    Sending client request with id 132 (shardtag=120259084306 predlist_size=1)
20260313-060144-9618 12138 * SendRequest     (client.cc:198):    Sending client request with id 133 (shardtag=85899345932 predlist_size=1)
20260313-060145-2791 12138 ! ReceiveMessage  (replica.cc:680):   [0] Ignoring stray ReplyMessage delivered to replica listener
20260313-060145-4651 12138 ! ReceiveMessage  (replica.cc:680):   [0] Ignoring stray ReplyMessage delivered to replica listener
20260313-060145-4751 12138 ! ReceiveMessage  (replica.cc:680):   [0] Ignoring stray ReplyMessage delivered to replica listener
20260313-060145-5821 12138 ! ReceiveMessage  (replica.cc:680):   [0] Ignoring stray ReplyMessage delivered to replica listener
20260313-060145-8771 12138 ! ReceiveMessage  (replica.cc:680):   [0] Ignoring stray ReplyMessage delivered to replica listener
20260313-060145-9679 12138 ! ReceiveMessage  (replica.cc:680):   [0] Ignoring stray ReplyMessage delivered to replica listener
20260313-060145-9688 12138 ! ReceiveMessage  (replica.cc:680):   [0] Ignoring stray ReplyMessage delivered to replica listener
20260313-060145-9817 12138 * SendRequest     (client.cc:198):    Sending client request with id 134 (shardtag=34359738388 predlist_size=1)
20260313-060145-9819 12138 * SendRequest     (client.cc:198):    Sending client request with id 135 (shardtag=34359738389 predlist_size=1)
20260313-060145-9820 12138 * SendRequest     (client.cc:198):    Sending client request with id 136 (shardtag=34359738390 predlist_size=1)
20260313-060145-9832 12138 ! ReceiveMessage  (replica.cc:680):   [0] Ignoring stray ReplyMessage delivered to replica listener
20260313-060146-1836 12138 * SendRequest     (client.cc:198):    Sending client request with id 137 (shardtag=137438953492 predlist_size=1)
20260313-060146-1886 12138 * SendRequest     (client.cc:198):    Sending client request with id 138 (shardtag=154618822678 predlist_size=1)
20260313-060146-3453 12138 * SendRequest     (client.cc:198):    Sending client request with id 139 (shardtag=51539607561 predlist_size=1)
20260313-060146-3454 12138 * SendRequest     (client.cc:198):    Sending client request with id 140 (shardtag=51539607562 predlist_size=1)
20260313-060146-3756 12138 * SendRequest     (client.cc:198):    Sending client request with id 141 (shardtag=68719476755 predlist_size=1)
20260313-060146-3758 12138 * SendRequest     (client.cc:198):    Sending client request with id 142 (shardtag=68719476756 predlist_size=1)
20260313-060146-3840 12138 ! ReceiveMessage  (replica.cc:680):   [0] Ignoring stray ReplyMessage delivered to replica listener
20260313-060146-3842 12138 ! ReceiveMessage  (replica.cc:680):   [0] Ignoring stray ReplyMessage delivered to replica listener
20260313-060146-5757 12138 * SendRequest     (client.cc:198):    Sending client request with id 143 (shardtag=103079215123 predlist_size=1)
20260313-060146-5916 12138 * SendRequest     (client.cc:198):    Sending client request with id 144 (shardtag=120259084307 predlist_size=1)
20260313-060146-5917 12138 * SendRequest     (client.cc:198):    Sending client request with id 145 (shardtag=120259084308 predlist_size=1)
20260313-060146-5919 12138 * SendRequest     (client.cc:198):    Sending client request with id 146 (shardtag=120259084309 predlist_size=1)
20260313-060146-5920 12138 * SendRequest     (client.cc:198):    Sending client request with id 147 (shardtag=120259084310 predlist_size=1)
20260313-060146-5921 12138 ! ReceiveMessage  (replica.cc:680):   [0] Ignoring stray ReplyMessage delivered to replica listener
20260313-060146-7482 12138 ! ReceiveMessage  (replica.cc:680):   [0] Ignoring stray ReplyMessage delivered to replica listener
20260313-060146-7483 12138 ! ReceiveMessage  (replica.cc:680):   [0] Ignoring stray ReplyMessage delivered to replica listener
20260313-060146-7870 12138 ! ReceiveMessage  (replica.cc:680):   [0] Ignoring stray ReplyMessage delivered to replica listener
20260313-060146-9945 12138 ! ReceiveMessage  (replica.cc:680):   [0] Ignoring stray ReplyMessage delivered to replica listener
20260313-060147-0802 12138 ! ReceiveMessage  (replica.cc:680):   [0] Ignoring stray ReplyMessage delivered to replica listener
20260313-060147-2812 12138 ! ReceiveMessage  (replica.cc:680):   [0] Ignoring stray ReplyMessage delivered to replica listener
20260313-060147-3897 12138 ! ReceiveMessage  (replica.cc:680):   [0] Ignoring stray ReplyMessage delivered to replica listener
20260313-060147-4970 12138 ! ReceiveMessage  (replica.cc:680):   [0] Ignoring stray ReplyMessage delivered to replica listener
20260313-060147-6980 12138 ! ReceiveMessage  (replica.cc:680):   [0] Ignoring stray ReplyMessage delivered to replica listener
20260313-060147-7825 12138 ! ReceiveMessage  (replica.cc:680):   [0] Ignoring stray ReplyMessage delivered to replica listener
20260313-060147-7965 12138 * SendRequest     (client.cc:198):    Sending client request with id 148 (shardtag=34359738391 predlist_size=1)
20260313-060147-7967 12138 * SendRequest     (client.cc:198):    Sending client request with id 149 (shardtag=34359738392 predlist_size=1)
20260313-060147-8970 12138 * SendRequest     (client.cc:198):    Sending client request with id 150 (shardtag=137438953493 predlist_size=1)
20260313-060147-8972 12138 * SendRequest     (client.cc:198):    Sending client request with id 151 (shardtag=137438953494 predlist_size=1)
20260313-060147-8973 12138 * SendRequest     (client.cc:198):    Sending client request with id 152 (shardtag=137438953495 predlist_size=1)
20260313-060147-9026 12138 * SendRequest     (client.cc:198):    Sending client request with id 153 (shardtag=154618822679 predlist_size=1)
20260313-060147-9028 12138 * SendRequest     (client.cc:198):    Sending client request with id 154 (shardtag=154618822680 predlist_size=1)
20260313-060147-9029 12138 * SendRequest     (client.cc:198):    Sending client request with id 155 (shardtag=154618822681 predlist_size=1)
20260313-060147-9999 12138 ! ReceiveMessage  (replica.cc:680):   [0] Ignoring stray ReplyMessage delivered to replica listener
20260313-060148-0605 12138 * SendRequest     (client.cc:198):    Sending client request with id 156 (shardtag=51539607563 predlist_size=0)
20260313-060148-3003 12138 ! ReceiveMessage  (replica.cc:680):   [0] Ignoring stray ReplyMessage delivered to replica listener
20260313-060148-3621 12138 ! ReceiveMessage  (replica.cc:680):   [0] Ignoring stray ReplyMessage delivered to replica listener
20260313-060148-4057 12138 * SendRequest     (client.cc:198):    Sending client request with id 157 (shardtag=120259084311 predlist_size=1)
20260313-060148-4064 12138 ! ReceiveMessage  (replica.cc:680):   [0] Ignoring stray ReplyMessage delivered to replica listener
20260313-060148-4915 12138 * SendRequest     (client.cc:198):    Sending client request with id 158 (shardtag=103079215124 predlist_size=1)
20260313-060148-4917 12138 * SendRequest     (client.cc:198):    Sending client request with id 159 (shardtag=103079215125 predlist_size=1)
20260313-060148-4918 12138 * SendRequest     (client.cc:198):    Sending client request with id 160 (shardtag=103079215126 predlist_size=1)
20260313-060148-4921 12138 * SendRequest     (client.cc:198):    Sending client request with id 161 (shardtag=85899345933 predlist_size=1)
20260313-060148-6013 12138 ! ReceiveMessage  (replica.cc:680):   [0] Ignoring stray ReplyMessage delivered to replica listener
20260313-060148-8087 12138 ! ReceiveMessage  (replica.cc:680):   [0] Ignoring stray ReplyMessage delivered to replica listener
20260313-060149-0035 12138 ! ReceiveMessage  (replica.cc:680):   [0] Ignoring stray ReplyMessage delivered to replica listener
20260313-060149-1103 12138 ! ReceiveMessage  (replica.cc:680):   [0] Ignoring stray ReplyMessage delivered to replica listener
20260313-060149-1964 12138 ! ReceiveMessage  (replica.cc:680):   [0] Ignoring stray ReplyMessage delivered to replica listener
20260313-060149-2985 12138 ! ReceiveMessage  (replica.cc:680):   [0] Ignoring stray ReplyMessage delivered to replica listener
20260313-060149-5055 12138 ! ReceiveMessage  (replica.cc:680):   [0] Ignoring stray ReplyMessage delivered to replica listener
20260313-060149-5058 12138 ! ReceiveMessage  (replica.cc:680):   [0] Ignoring stray ReplyMessage delivered to replica listener
20260313-060149-5153 12138 * SendRequest     (client.cc:198):    Sending client request with id 162 (shardtag=154618822682 predlist_size=1)
20260313-060149-6000 12138 ! ReceiveMessage  (replica.cc:680):   [0] Ignoring stray ReplyMessage delivered to replica listener
20260313-060149-6048 12138 * SendRequest     (client.cc:198):    Sending client request with id 163 (shardtag=68719476757 predlist_size=0)
20260313-060149-6050 12138 * SendRequest     (client.cc:198):    Sending client request with id 164 (shardtag=68719476758 predlist_size=1)
20260313-060149-6102 12138 * SendRequest     (client.cc:198):    Sending client request with id 165 (shardtag=34359738393 predlist_size=1)
20260313-060149-6104 12138 * SendRequest     (client.cc:198):    Sending client request with id 166 (shardtag=34359738394 predlist_size=1)
20260313-060149-6107 12138 * SendRequest     (client.cc:198):    Sending client request with id 167 (shardtag=34359738395 predlist_size=1)
20260313-060149-7115 12138 * SendRequest     (client.cc:198):    Sending client request with id 168 (shardtag=137438953496 predlist_size=1)
20260313-060149-7117 12138 * SendRequest     (client.cc:198):    Sending client request with id 169 (shardtag=137438953497 predlist_size=1)
20260313-060149-7118 12138 * SendRequest     (client.cc:198):    Sending client request with id 170 (shardtag=137438953498 predlist_size=1)
20260313-060149-9068 12138 ! ReceiveMessage  (replica.cc:680):   [0] Ignoring stray ReplyMessage delivered to replica listener
20260313-060149-9135 12138 ! ReceiveMessage  (replica.cc:680):   [0] Ignoring stray ReplyMessage delivered to replica listener
20260313-060149-9737 12138 * SendRequest     (client.cc:198):    Sending client request with id 171 (shardtag=51539607564 predlist_size=1)
20260313-060150-2037 12138 ! ReceiveMessage  (replica.cc:680):   [0] Ignoring stray ReplyMessage delivered to replica listener
20260313-060150-2079 12138 * SendRequest     (client.cc:198):    Sending client request with id 172 (shardtag=85899345934 predlist_size=1)
20260313-060150-2081 12138 * SendRequest     (client.cc:198):    Sending client request with id 173 (shardtag=85899345935 predlist_size=1)
20260313-060150-2138 12138 ! ReceiveMessage  (replica.cc:680):   [0] Ignoring stray ReplyMessage delivered to replica listener
20260313-060150-2140 12138 ! ReceiveMessage  (replica.cc:680):   [0] Ignoring stray ReplyMessage delivered to replica listener
20260313-060150-2143 12138 ! ReceiveMessage  (replica.cc:680):   [0] Ignoring stray ReplyMessage delivered to replica listener
20260313-060150-3086 12138 * SendRequest     (client.cc:198):    Sending client request with id 174 (shardtag=103079215127 predlist_size=1)
20260313-060150-3204 12138 * SendRequest     (client.cc:198):    Sending client request with id 175 (shardtag=120259084312 predlist_size=1)
20260313-060150-3206 12138 * SendRequest     (client.cc:198):    Sending client request with id 176 (shardtag=120259084313 predlist_size=1)
20260313-060150-3207 12138 * SendRequest     (client.cc:198):    Sending client request with id 177 (shardtag=120259084314 predlist_size=1)
20260313-060150-4147 12138 ! ReceiveMessage  (replica.cc:680):   [0] Ignoring stray ReplyMessage delivered to replica listener
20260313-060150-8238 12138 ! ReceiveMessage  (replica.cc:680):   [0] Ignoring stray ReplyMessage delivered to replica listener
20260313-060150-8240 12138 ! ReceiveMessage  (replica.cc:680):   [0] Ignoring stray ReplyMessage delivered to replica listener
20260313-060151-0130 12138 ! ReceiveMessage  (replica.cc:680):   [0] Ignoring stray ReplyMessage delivered to replica listener
20260313-060151-1255 12138 ! ReceiveMessage  (replica.cc:680):   [0] Ignoring stray ReplyMessage delivered to replica listener
20260313-060151-2141 12138 ! ReceiveMessage  (replica.cc:680):   [0] Ignoring stray ReplyMessage delivered to replica listener
20260313-060151-3193 12138 ! ReceiveMessage  (replica.cc:680):   [0] Ignoring stray ReplyMessage delivered to replica listener
20260313-060151-3268 12138 ! ReceiveMessage  (replica.cc:680):   [0] Ignoring stray ReplyMessage delivered to replica listener
20260313-060151-3806 12138 ! ReceiveMessage  (replica.cc:680):   [0] Ignoring stray ReplyMessage delivered to replica listener
20260313-060151-4200 12138 ! ReceiveMessage  (replica.cc:680):   [0] Ignoring stray ReplyMessage delivered to replica listener
20260313-060151-4203 12138 * SendRequest     (client.cc:198):    Sending client request with id 178 (shardtag=68719476759 predlist_size=1)
20260313-060151-4204 12138 * SendRequest     (client.cc:198):    Sending client request with id 179 (shardtag=68719476760 predlist_size=1)
20260313-060151-4205 12138 * SendRequest     (client.cc:198):    Sending client request with id 180 (shardtag=68719476761 predlist_size=1)
20260313-060151-5157 12138 ! ReceiveMessage  (replica.cc:680):   [0] Ignoring stray ReplyMessage delivered to replica listener
20260313-060151-5258 12138 * SendRequest     (client.cc:198):    Sending client request with id 181 (shardtag=137438953499 predlist_size=1)
20260313-060151-7165 12138 ! ReceiveMessage  (replica.cc:680):   [0] Ignoring stray ReplyMessage delivered to replica listener
20260313-060151-8881 12138 * SendRequest     (client.cc:198):    Sending client request with id 182 (shardtag=51539607565 predlist_size=1)
20260313-060151-9228 12138 ! ReceiveMessage  (replica.cc:680):   [0] Ignoring stray ReplyMessage delivered to replica listener
20260313-060151-9349 12138 * SendRequest     (client.cc:198):    Sending client request with id 183 (shardtag=120259084315 predlist_size=0)
20260313-060151-9351 12138 * SendRequest     (client.cc:198):    Sending client request with id 184 (shardtag=120259084316 predlist_size=1)
20260313-060151-9352 12138 * SendRequest     (client.cc:198):    Sending client request with id 185 (shardtag=120259084317 predlist_size=1)
20260313-060152-0221 12138 * SendRequest     (client.cc:198):    Sending client request with id 186 (shardtag=103079215128 predlist_size=1)
20260313-060152-0223 12138 * SendRequest     (client.cc:198):    Sending client request with id 187 (shardtag=103079215129 predlist_size=1)
20260313-060152-0229 12138 * SendRequest     (client.cc:198):    Sending client request with id 188 (shardtag=85899345936 predlist_size=1)
20260313-060152-0231 12138 * SendRequest     (client.cc:198):    Sending client request with id 189 (shardtag=85899345937 predlist_size=1)
20260313-060152-0232 12138 * SendRequest     (client.cc:198):    Sending client request with id 190 (shardtag=85899345938 predlist_size=1)
20260313-060152-0234 12138 * SendRequest     (client.cc:198):    Sending client request with id 191 (shardtag=85899345939 predlist_size=1)
20260313-060152-2374 12138 ! ReceiveMessage  (replica.cc:680):   [0] Ignoring stray ReplyMessage delivered to replica listener
20260313-060152-4249 12138 ! ReceiveMessage  (replica.cc:680):   [0] Ignoring stray ReplyMessage delivered to replica listener
20260313-060152-6266 12138 ! ReceiveMessage  (replica.cc:680):   [0] Ignoring stray ReplyMessage delivered to replica listener
20260313-060152-6267 12138 ! ReceiveMessage  (replica.cc:680):   [0] Ignoring stray ReplyMessage delivered to replica listener
20260313-060152-6923 12138 ! ReceiveMessage  (replica.cc:680):   [0] Ignoring stray ReplyMessage delivered to replica listener
20260313-060152-8268 12138 ! ReceiveMessage  (replica.cc:680):   [0] Ignoring stray ReplyMessage delivered to replica listener
20260313-060152-8278 12138 ! ReceiveMessage  (replica.cc:680):   [0] Ignoring stray ReplyMessage delivered to replica listener
20260313-060152-9387 12138 * SendRequest     (client.cc:198):    Sending client request with id 192 (shardtag=34359738396 predlist_size=1)
20260313-060152-9389 12138 * SendRequest     (client.cc:198):    Sending client request with id 193 (shardtag=34359738397 predlist_size=1)
20260313-060152-9390 12138 * SendRequest     (client.cc:198):    Sending client request with id 194 (shardtag=34359738398 predlist_size=1)
20260313-060153-0278 12138 ! ReceiveMessage  (replica.cc:680):   [0] Ignoring stray ReplyMessage delivered to replica listener
20260313-060153-0290 12138 ! ReceiveMessage  (replica.cc:680):   [0] Ignoring stray ReplyMessage delivered to replica listener
20260313-060153-0333 12138 ! ReceiveMessage  (replica.cc:680):   [0] Ignoring stray ReplyMessage delivered to replica listener
20260313-060153-0411 12138 ! ReceiveMessage  (replica.cc:680):   [0] Ignoring stray ReplyMessage delivered to replica listener
20260313-060153-0444 12138 * SendRequest     (client.cc:198):    Sending client request with id 195 (shardtag=154618822683 predlist_size=1)
20260313-060153-0446 12138 * SendRequest     (client.cc:198):    Sending client request with id 196 (shardtag=154618822684 predlist_size=1)
20260313-060153-0447 12138 * SendRequest     (client.cc:198):    Sending client request with id 197 (shardtag=154618822685 predlist_size=1)
20260313-060153-0449 12138 * SendRequest     (client.cc:198):    Sending client request with id 198 (shardtag=154618822686 predlist_size=1)
20260313-060153-0450 12138 * SendRequest     (client.cc:198):    Sending client request with id 199 (shardtag=154618822687 predlist_size=1)
20260313-060153-1343 12138 * SendRequest     (client.cc:198):    Sending client request with id 200 (shardtag=68719476762 predlist_size=1)
20260313-060153-1344 12138 * SendRequest     (client.cc:198):    Sending client request with id 201 (shardtag=68719476763 predlist_size=1)
20260313-060153-2422 12138 ! ReceiveMessage  (replica.cc:680):   [0] Ignoring stray ReplyMessage delivered to replica listener
20260313-060153-5014 12138 * SendRequest     (client.cc:198):    Sending client request with id 202 (shardtag=51539607566 predlist_size=1)
20260313-060153-5016 12138 * SendRequest     (client.cc:198):    Sending client request with id 203 (shardtag=51539607567 predlist_size=1)
20260313-060153-5477 12138 ! ReceiveMessage  (replica.cc:680):   [0] Ignoring stray ReplyMessage delivered to replica listener
20260313-060153-7371 12138 ! ReceiveMessage  (replica.cc:680):   [0] Ignoring stray ReplyMessage delivered to replica listener
20260313-060153-7373 12138 * SendRequest     (client.cc:198):    Sending client request with id 204 (shardtag=103079215130 predlist_size=1)
20260313-060153-7434 12138 ! ReceiveMessage  (replica.cc:680):   [0] Ignoring stray ReplyMessage delivered to replica listener
20260313-060153-7487 12138 ! ReceiveMessage  (replica.cc:680):   [0] Ignoring stray ReplyMessage delivered to replica listener
20260313-060153-7489 12138 ! ReceiveMessage  (replica.cc:680):   [0] Ignoring stray ReplyMessage delivered to replica listener
20260313-060153-7496 12138 * SendRequest     (client.cc:198):    Sending client request with id 205 (shardtag=120259084318 predlist_size=1)
20260313-060153-8315 12138 ! ReceiveMessage  (replica.cc:680):   [0] Ignoring stray ReplyMessage delivered to replica listener
20260313-060153-9367 12138 * SendRequest     (client.cc:198):    Sending client request with id 206 (shardtag=85899345940 predlist_size=0)
20260313-060153-9369 12138 * SendRequest     (client.cc:198):    Sending client request with id 207 (shardtag=85899345941 predlist_size=1)
20260313-060154-0052 12138 ! ReceiveMessage  (replica.cc:680):   [0] Ignoring stray ReplyMessage delivered to replica listener
20260313-060154-0450 12138 ! ReceiveMessage  (replica.cc:680):   [0] Ignoring stray ReplyMessage delivered to replica listener
20260313-060154-0507 12138 ! ReceiveMessage  (replica.cc:680):   [0] Ignoring stray ReplyMessage delivered to replica listener
20260313-060154-2387 12138 ! ReceiveMessage  (replica.cc:680):   [0] Ignoring stray ReplyMessage delivered to replica listener
20260313-060154-3407 12138 ! ReceiveMessage  (replica.cc:680):   [0] Ignoring stray ReplyMessage delivered to replica listener
20260313-060154-4397 12138 ! ReceiveMessage  (replica.cc:680):   [0] Ignoring stray ReplyMessage delivered to replica listener
20260313-060154-6481 12138 ! ReceiveMessage  (replica.cc:680):   [0] Ignoring stray ReplyMessage delivered to replica listener
20260313-060154-7084 12138 ! ReceiveMessage  (replica.cc:680):   [0] Ignoring stray ReplyMessage delivered to replica listener
20260313-060154-7420 12138 ! ReceiveMessage  (replica.cc:680):   [0] Ignoring stray ReplyMessage delivered to replica listener
20260313-060154-7539 12138 ! ReceiveMessage  (replica.cc:680):   [0] Ignoring stray ReplyMessage delivered to replica listener
20260313-060154-7541 12138 * SendRequest     (client.cc:198):    Sending client request with id 208 (shardtag=34359738399 predlist_size=1)
20260313-060154-7543 12138 * SendRequest     (client.cc:198):    Sending client request with id 209 (shardtag=34359738400 predlist_size=1)
20260313-060155-2543 12138 * SendRequest     (client.cc:198):    Sending client request with id 210 (shardtag=137438953500 predlist_size=1)
20260313-060155-3589 12138 ! ReceiveMessage  (replica.cc:680):   [0] Ignoring stray ReplyMessage delivered to replica listener
20260313-060155-3590 12138 ! ReceiveMessage  (replica.cc:680):   [0] Ignoring stray ReplyMessage delivered to replica listener
20260313-060155-4172 12138 * SendRequest     (client.cc:198):    Sending client request with id 211 (shardtag=51539607568 predlist_size=1)
20260313-060155-4648 12138 * SendRequest     (client.cc:198):    Sending client request with id 212 (shardtag=120259084319 predlist_size=1)
20260313-060155-4650 12138 * SendRequest     (client.cc:198):    Sending client request with id 213 (shardtag=120259084320 predlist_size=1)
20260313-060155-4651 12138 * SendRequest     (client.cc:198):    Sending client request with id 214 (shardtag=120259084321 predlist_size=1)
20260313-060155-7510 12138 * SendRequest     (client.cc:198):    Sending client request with id 215 (shardtag=85899345942 predlist_size=0)
20260313-060155-7512 12138 * SendRequest     (client.cc:198):    Sending client request with id 216 (shardtag=85899345943 predlist_size=1)
20260313-060156-0533 12138 ! ReceiveMessage  (replica.cc:680):   [0] Ignoring stray ReplyMessage delivered to replica listener
20260313-060156-1583 12138 ! ReceiveMessage  (replica.cc:680):   [0] Ignoring stray ReplyMessage delivered to replica listener
20260313-060156-2636 12138 ! ReceiveMessage  (replica.cc:680):   [0] Ignoring stray ReplyMessage delivered to replica listener
20260313-060156-3694 12138 ! ReceiveMessage  (replica.cc:680):   [0] Ignoring stray ReplyMessage delivered to replica listener
20260313-060156-4593 12138 * SendRequest     (client.cc:198):    Sending client request with id 217 (shardtag=68719476764 predlist_size=0)
20260313-060156-4595 12138 * SendRequest     (client.cc:198):    Sending client request with id 218 (shardtag=68719476765 predlist_size=1)
20260313-060156-4677 12138 * SendRequest     (client.cc:198):    Sending client request with id 219 (shardtag=34359738401 predlist_size=1)
20260313-060156-5704 12138 ! ReceiveMessage  (replica.cc:680):   [0] Ignoring stray ReplyMessage delivered to replica listener
20260313-060156-6718 12138 * SendRequest     (client.cc:198):    Sending client request with id 220 (shardtag=154618822688 predlist_size=0)
20260313-060156-7246 12138 ! ReceiveMessage  (replica.cc:680):   [0] Ignoring stray ReplyMessage delivered to replica listener
20260313-060156-7613 12138 ! ReceiveMessage  (replica.cc:680):   [0] Ignoring stray ReplyMessage delivered to replica listener
20260313-060156-7616 12138 ! ReceiveMessage  (replica.cc:680):   [0] Ignoring stray ReplyMessage delivered to replica listener
20260313-060156-9733 12138 ! ReceiveMessage  (replica.cc:680):   [0] Ignoring stray ReplyMessage delivered to replica listener
20260313-060157-0586 12138 ! ReceiveMessage  (replica.cc:680):   [0] Ignoring stray ReplyMessage delivered to replica listener
20260313-060157-0681 12138 * SendRequest     (client.cc:198):    Sending client request with id 221 (shardtag=137438953501 predlist_size=1)
20260313-060157-0683 12138 * SendRequest     (client.cc:198):    Sending client request with id 222 (shardtag=137438953502 predlist_size=1)
20260313-060157-0684 12138 * SendRequest     (client.cc:198):    Sending client request with id 223 (shardtag=137438953503 predlist_size=1)
20260313-060157-2737 12138 ! ReceiveMessage  (replica.cc:680):   [0] Ignoring stray ReplyMessage delivered to replica listener
20260313-060157-3791 12138 * SendRequest     (client.cc:198):    Sending client request with id 224 (shardtag=120259084322 predlist_size=1)
20260313-060157-4648 12138 * SendRequest     (client.cc:198):    Sending client request with id 225 (shardtag=103079215131 predlist_size=1)
20260313-060157-4753 12138 ! ReceiveMessage  (replica.cc:680):   [0] Ignoring stray ReplyMessage delivered to replica listener
20260313-060157-7820 12138 ! ReceiveMessage  (replica.cc:680):   [0] Ignoring stray ReplyMessage delivered to replica listener
20260313-060157-8675 12138 ! ReceiveMessage  (replica.cc:680):   [0] Ignoring stray ReplyMessage delivered to replica listener
20260313-060157-8728 12138 ! ReceiveMessage  (replica.cc:680):   [0] Ignoring stray ReplyMessage delivered to replica listener
20260313-060157-8730 12138 ! ReceiveMessage  (replica.cc:680):   [0] Ignoring stray ReplyMessage delivered to replica listener
20260313-060158-5768 12138 ! ReceiveMessage  (replica.cc:680):   [0] Ignoring stray ReplyMessage delivered to replica listener
20260313-060159-7498 12138 ! TCPIncomingEventCallback (tcptransport.cc:942): [TCP INCOMING 122] EOF, lifetime=31006.96 ms
20260313-060200-4585 12138 ! TCPIncomingEventCallback (tcptransport.cc:942): [TCP INCOMING 121] EOF, lifetime=31725.93 ms
20260313-060200-4684 12138 ! TCPIncomingEventCallback (tcptransport.cc:942): [TCP INCOMING 117] EOF, lifetime=31828.17 ms
20260313-060200-6717 12138 ! TCPIncomingEventCallback (tcptransport.cc:942): [TCP INCOMING 126] EOF, lifetime=31820.29 ms
20260313-060201-0660 12138 ! TCPIncomingEventCallback (tcptransport.cc:942): [TCP INCOMING 123] EOF, lifetime=32321.29 ms
20260313-060201-2296 12138 ! TCPIncomingEventCallback (tcptransport.cc:942): [TCP INCOMING 120] EOF, lifetime=32529.76 ms
20260313-060201-3776 12138 ! TCPIncomingEventCallback (tcptransport.cc:942): [TCP INCOMING 124] EOF, lifetime=32629.42 ms
20260313-060201-4636 12138 ! TCPIncomingEventCallback (tcptransport.cc:942): [TCP INCOMING 125] EOF, lifetime=32633.49 ms
20260313-060207-9521 12138 * Cleanup         (server.cc:589):    Gracefully exiting after signal 15.
20260313-060207-9521 12138 * Stop            (tcptransport.cc:605): [TCP SUMMARY] outgoingCreated=59 outgoingClosed=0 incomingCreated=67 incomingClosed=8 outgoingPeak=118 incomingPeak=37
Inserted events:
  0x55f3c08cd0d0 [fd  9] Read Persist Internal
  0x55f3c08d4e30 [fd  10] Read Persist
  0x55f3c08e02e0 [fd  11] Read Persist
  0x55f3ccf8a0d0 [fd  12] Read Persist
  0x55f3ccf8a2f0 [fd  13] Read Persist
  0x55f3ccf8a510 [fd  14] Read Persist
  0x55f3ccf8a730 [fd  15] Read Persist
  0x55f3ccf8a950 [fd  16] Read Persist
  0x55f3ccf8ab70 [fd  17] Read Persist
  0x55f3ccf8ad90 [fd  18] Read Persist
  0x55f3ccf8afb0 [fd  19] Read Persist
  0x55f3ccf8b1d0 [fd  20] Read Persist
  0x55f3ccf7b6f0 [fd  21] Read Persist
  0x55f3ccf87310 [fd  22] Read Persist
  0x55f3ccf85750 [fd  23] Read Persist
  0x55f3ccf7cb90 [fd  24] Read Persist
  0x55f3ccf7cf50 [fd  25] Read Persist
  0x55f3ccf7c410 [fd  26] Read Persist
  0x55f3ccf85c00 [fd  27] Read Persist
  0x55f3ccf868f0 [fd  28] Read Persist
  0x55f3ccf7be70 [fd  29] Read Persist
  0x55f3ccf82e70 [fd  30] Read Persist
  0x55f3ccf83420 [fd  31] Read Persist
  0x55f3ccf839b0 [fd  32] Read Persist
  0x55f3ccf83fe0 [fd  33] Read Persist
  0x55f3ccf84420 [fd  34] Read Persist
  0x55f3ccf84890 [fd  35] Read Persist
  0x55f3ccf8b3f0 [fd  36] Read Persist
  0x55f3ccf8b8c0 [fd  37] Read Persist
  0x55f3ccf8be50 [fd  38] Read Persist
  0x55f3ccf8c3e0 [fd  39] Read Persist
  0x55f3ccf8c970 [fd  40] Read Persist
  0x55f3ccf8cf00 [fd  41] Read Persist
  0x55f3ccf8d490 [fd  42] Read Persist
  0x55f3ccf8da20 [fd  43] Read Persist
  0x55f3ccf8dfb0 [fd  44] Read Persist
  0x55f3ccf8e540 [fd  45] Read Persist
  0x55f3ccf8ead0 [fd  46] Read Persist
  0x55f3ccf8f060 [fd  47] Read Persist
  0x55f3ccf8f5f0 [fd  48] Read Persist
  0x55f3ccf8fe00 [fd  49] Read Persist
  0x55f3ccf90220 [fd  50] Read Persist
  0x55f3ccf90440 [fd  51] Read Persist
  0x55f3ccf906f0 [fd  52] Read Persist
  0x55f3ccf90a90 [fd  53] Read Persist
  0x55f3ccf90e30 [fd  54] Read Persist
  0x55f3ccf911d0 [fd  55] Read Persist
  0x55f3ccf91570 [fd  56] Read Persist
  0x55f3ccf91910 [fd  57] Read Persist
  0x55f3ccf91cb0 [fd  58] Read Persist
  0x55f3ccf92050 [fd  59] Read Persist
  0x55f3ccf923f0 [fd  60] Read Persist
  0x55f3ccf92790 [fd  61] Read Persist
  0x55f3ccf92b30 [fd  62] Read Persist
  0x55f3ccf92ed0 [fd  63] Read Persist
  0x55f3ccf93270 [fd  64] Read Persist
  0x55f3c08dc980 [fd  65] Read Persist
  0x55f3ccf935e0 [fd  66] Read Persist
  0x55f3ccf93800 [fd  67] Read Persist
  0x55f3ccf93b40 [fd  68] Read Persist
  0x55f3ccf93e80 [fd  69] Read Persist
  0x55f3ccf941c0 [fd  70] Read Persist
  0x55f3ccf94500 [fd  71] Read Persist
  0x55f3ccf94950 [fd  72] Read Persist
  0x55f3ccf94df0 [fd  73] Read Persist
  0x55f3ccf95290 [fd  74] Read Persist
  0x55f3ccf95730 [fd  75] Read Persist
  0x55f3ccf95bd0 [fd  76] Read Persist
  0x55f3ccf96070 [fd  77] Read Persist
  0x55f3ccf96510 [fd  78] Read Persist
  0x55f3ccf969b0 [fd  79] Read Persist
  0x55f3ccf96e50 [fd  80] Read Persist
  0x55f3ccf973a0 [fd  81] Read Persist
  0x55f3ccf97860 [fd  82] Read Persist
  0x55f3ccf97d20 [fd  83] Read Persist
  0x55f3ccf981e0 [fd  84] Read Persist
  0x55f3ccf986a0 [fd  85] Read Persist
  0x55f3ccf98b60 [fd  86] Read Persist
  0x55f3ccf99020 [fd  87] Read Persist
  0x55f3ccf995b0 [fd  88] Read Persist
  0x55f3ccf99b40 [fd  89] Read Persist
  0x55f3ccf9a0d0 [fd  90] Read Persist
  0x55f3ccf9b0e0 [fd  91] Read Persist
  0x55f3ccf9b670 [fd  92] Read Persist
  0x55f3ccf9bc00 [fd  93] Read Persist
  0x55f3ccf9c190 [fd  94] Read Persist
  0x55f3ccf9c720 [fd  95] Read Persist
  0x55f3ccf9ccb0 [fd  96] Read Persist
  0x55f3ccf9d240 [fd  97] Read Persist
  0x55f3ccf9d7d0 [fd  98] Read Persist
  0x55f3ccf9dd60 [fd  99] Read Persist
  0x55f3ccf9e2f0 [fd  100] Read Persist
  0x55f3ccf9e880 [fd  101] Read Persist
  0x55f3ccf9ee10 [fd  102] Read Persist
  0x55f3ccf9f3a0 [fd  103] Read Persist
  0x55f3ccf9f930 [fd  104] Read Persist
  0x55f3ccf9fec0 [fd  105] Read Persist
  0x55f3ccfa0450 [fd  106] Read Persist
  0x55f3ccfa09e0 [fd  107] Read Persist
  0x55f3ccfa0f70 [fd  108] Read Persist
  0x55f3ccfa1500 [fd  109] Read Persist
  0x55f3ccfa2a60 [fd  110] Read Persist
  0x55f3ccf89200 [fd  111] Read Persist
  0x55f3ccfb0c20 [fd  112] Read Persist
  0x55f3ccfb0e40 [fd  113] Read Persist
  0x55f3ccfb1060 [fd  114] Read Persist
  0x55f3ccfb1280 [fd  115] Read Persist
  0x55f3ccfa21e0 [fd  116] Read Persist
  0x55f3ccfadf70 [fd  117] Read Persist
  0x55f3ccfae3b0 [fd  118] Read Persist
  0x55f3ccfae7f0 [fd  119] Read Persist
  0x55f3ccfaefb0 [fd  120] Read Persist
  0x55f3ccfaf420 [fd  121] Read Persist
  0x55f3ccfaf890 [fd  122] Read Persist
  0x55f3ccfafd00 [fd  123] Read Persist
  0x55f3ccfb0170 [fd  124] Read Persist
  0x55f3ccfb0610 [fd  125] Read Persist
  0x55f3ccfb15c0 [fd  126] Read Persist
  0x55f3ccfb17e0 [fd  127] Read Persist
  0x55f3ccfbea50 [fd  129] Read Persist
  0x55f3ccfce230 [fd  130] Read Persist
Active events:
20260313-060207-9540 12138 * Cleanup         (server.cc:593):    Exporting stats to /mnt/extra/experiments/2026-04-13-06-00-57/out/server-0-8-0-stats-0.json.
