20250304-125611-1621 02218 * main            (benchmark.cc:397): Starting benchmark.
Session created: 0
last_service: , current_state: 0
Session continued: 0
last_service: , current_state: 0
Session destroyed: 18446744073709551615
last_service: , current_state: 0
20250304-125622-5860 02218 * WarmupDone      (bench_client.cc:719): Completed warmup period of 10 seconds with 700 requests
20250304-125643-5863 02218 * Finish          (bench_client.cc:917): Completed 3945 requests in 21.000801 seconds
20250304-125643-5864 02218 * Finish          (bench_client.cc:918): 1 outstanding transactions.
Session continued: 0
last_service: spanner-5-1804289383, current_state: 2
Session destroyed: 18446744073709551615
last_service: , current_state: 0
Session continued: 0
last_service: spanner-5-1804289383, current_state: 2
Session destroyed: 18446744073709551615
last_service: , current_state: 0
Session destroyed: 0
last_service: spanner-5-1804289383, current_state: 2
20250304-125651-5865 02218 * FlushStats      (benchmark.cc:843): Flushing stats to /mnt/extra/experiments/2025-04-04-12-56-02/out/client-0-0-5-stats-0.json.
20250304-125653-5887 02218 * Cleanup         (bench_client.cc:741): Aborting 0 outstanding transactions.
20250304-125653-5888 02218 * CooldownDone    (bench_client.cc:771): Finished cooldown period.
20250304-125653-5911 02218 * CooldownDone    (bench_client.cc:778): Median latency is 4721258 ns (4721 us)
20250304-125653-5913 02218 * CooldownDone    (bench_client.cc:787): Average latency is 5235928 ns (5235 us)
20250304-125653-5913 02218 * CooldownDone    (bench_client.cc:791): 90th percentile latency is 7702771 ns (7702 us)
20250304-125653-5914 02218 * CooldownDone    (bench_client.cc:795): 95th percentile latency is 8091887 ns (8091 us)
20250304-125653-5914 02218 * CooldownDone    (bench_client.cc:799): 99th percentile latency is 9381876 ns (9381 us)
20250304-125653-5914 02218 * LATENCY total: 1656 us 5235 us/4194 us 165 ms (3946 samples, 20 s total)
20250304-125653-5915 02218 *    1048 us |          5 | 
20250304-125653-5915 02218 *    2097 us |       1079 | ===================
20250304-125653-5915 02218 *    4194 us |       2772 | ==================================================
20250304-125653-5915 02218 *    8388 us |         83 | =
20250304-125653-5916 02218 *      16 ms |          3 | 
20250304-125653-5916 02218 *      33 ms |          3 | 
20250304-125653-5916 02218 *      67 ms |          0 |
20250304-125653-5916 02218 *     134 ms |          1 | 
Inserted events:
  0x556388f63390 [fd  7] Read Persist Internal
  0x556388f74ee0 [fd  9] Read Persist
Active events:
20250304-125653-5920 02218 * main            (benchmark.cc:803): Cleaning up after experiment.
20250304-125653-5920 02218 * FlushStats      (benchmark.cc:843): Flushing stats to /mnt/extra/experiments/2025-04-04-12-56-02/out/client-0-0-5-stats-0.json.
