20260313-062810-2664 07701 * main            (server.cc:217):    Starting server.
20260313-062810-2677 07701 * main            (server.cc:335):    Creating a default paritioner!
20260313-062812-1809 07701 * main            (server.cc:513):    Done loading server.
[libprotobuf ERROR google/protobuf/message_lite.cc:121] Can't parse message of type "replication.iocl_craq.proto.SuccessorRequestMessage" because it is missing required fields: s, succ_groupidx, succ_replicaidx
[libprotobuf ERROR google/protobuf/message_lite.cc:121] Can't parse message of type "replication.iocl_craq.proto.SuccessorRequestMessage" because it is missing required fields: s, succ_groupidx, succ_replicaidx
[libprotobuf ERROR google/protobuf/message_lite.cc:121] Can't parse message of type "replication.iocl_craq.proto.SuccessorRequestMessage" because it is missing required fields: s, succ_groupidx, succ_replicaidx
[libprotobuf ERROR google/protobuf/message_lite.cc:121] Can't parse message of type "replication.iocl_craq.proto.SuccessorRequestMessage" because it is missing required fields: s, succ_groupidx, succ_replicaidx
[libprotobuf ERROR google/protobuf/message_lite.cc:121] Can't parse message of type "replication.iocl_craq.proto.SuccessorRequestMessage" because it is missing required fields: s, succ_groupidx, succ_replicaidx
[libprotobuf ERROR google/protobuf/message_lite.cc:121] Can't parse message of type "replication.iocl_craq.proto.SuccessorRequestMessage" because it is missing required fields: s, succ_groupidx, succ_replicaidx
[libprotobuf ERROR google/protobuf/message_lite.cc:121] Can't parse message of type "replication.iocl_craq.proto.SuccessorRequestMessage" because it is missing required fields: s, succ_groupidx, succ_replicaidx
[libprotobuf ERROR google/protobuf/message_lite.cc:121] Can't parse message of type "replication.iocl_craq.proto.SuccessorRequestMessage" because it is missing required fields: s, succ_groupidx, succ_replicaidx
[libprotobuf ERROR google/protobuf/message_lite.cc:121] Can't parse message of type "replication.iocl_craq.proto.SuccessorRequestMessage" because it is missing required fields: s, succ_groupidx, succ_replicaidx
[libprotobuf ERROR google/protobuf/message_lite.cc:121] Can't parse message of type "replication.iocl_craq.proto.SuccessorRequestMessage" because it is missing required fields: s, succ_groupidx, succ_replicaidx
[libprotobuf ERROR google/protobuf/message_lite.cc:121] Can't parse message of type "replication.iocl_craq.proto.SuccessorRequestMessage" because it is missing required fields: s, succ_groupidx, succ_replicaidx
[libprotobuf ERROR google/protobuf/message_lite.cc:121] Can't parse message of type "replication.iocl_craq.proto.SuccessorRequestMessage" because it is missing required fields: s, succ_groupidx, succ_replicaidx
[libprotobuf ERROR google/protobuf/message_lite.cc:121] Can't parse message of type "replication.iocl_craq.proto.SuccessorRequestMessage" because it is missing required fields: s, succ_groupidx, succ_replicaidx
[libprotobuf ERROR google/protobuf/message_lite.cc:121] Can't parse message of type "replication.iocl_craq.proto.SuccessorRequestMessage" because it is missing required fields: s, succ_groupidx, succ_replicaidx
[libprotobuf ERROR google/protobuf/message_lite.cc:121] Can't parse message of type "replication.iocl_craq.proto.SuccessorRequestMessage" because it is missing required fields: s, succ_groupidx, succ_replicaidx
[libprotobuf ERROR google/protobuf/message_lite.cc:121] Can't parse message of type "replication.iocl_craq.proto.SuccessorRequestMessage" because it is missing required fields: s, succ_groupidx, succ_replicaidx
[libprotobuf ERROR google/protobuf/message_lite.cc:121] Can't parse message of type "replication.iocl_craq.proto.SuccessorRequestMessage" because it is missing required fields: s, succ_groupidx, succ_replicaidx
[libprotobuf ERROR google/protobuf/message_lite.cc:121] Can't parse message of type "replication.iocl_craq.proto.SuccessorRequestMessage" because it is missing required fields: s, succ_groupidx, succ_replicaidx
[libprotobuf ERROR google/protobuf/message_lite.cc:121] Can't parse message of type "replication.iocl_craq.proto.SuccessorRequestMessage" because it is missing required fields: s, succ_groupidx, succ_replicaidx
[libprotobuf ERROR google/protobuf/message_lite.cc:121] Can't parse message of type "replication.iocl_craq.proto.SuccessorRequestMessage" because it is missing required fields: s, succ_groupidx, succ_replicaidx
[libprotobuf ERROR google/protobuf/message_lite.cc:121] Can't parse message of type "replication.iocl_craq.proto.SuccessorRequestMessage" because it is missing required fields: s, succ_groupidx, succ_replicaidx
[libprotobuf ERROR google/protobuf/message_lite.cc:121] Can't parse message of type "replication.iocl_craq.proto.SuccessorRequestMessage" because it is missing required fields: s, succ_groupidx, succ_replicaidx
[libprotobuf ERROR google/protobuf/message_lite.cc:121] Can't parse message of type "replication.iocl_craq.proto.SuccessorRequestMessage" because it is missing required fields: s, succ_groupidx, succ_replicaidx
[libprotobuf ERROR google/protobuf/message_lite.cc:121] Can't parse message of type "replication.iocl_craq.proto.SuccessorRequestMessage" because it is missing required fields: s, succ_groupidx, succ_replicaidx
[libprotobuf ERROR google/protobuf/message_lite.cc:121] Can't parse message of type "replication.iocl_craq.proto.SuccessorRequestMessage" because it is missing required fields: s, succ_groupidx, succ_replicaidx
[libprotobuf ERROR google/protobuf/message_lite.cc:121] Can't parse message of type "replication.iocl_craq.proto.SuccessorRequestMessage" because it is missing required fields: s, succ_groupidx, succ_replicaidx
[libprotobuf ERROR google/protobuf/message_lite.cc:121] Can't parse message of type "replication.iocl_craq.proto.SuccessorRequestMessage" because it is missing required fields: s, succ_groupidx, succ_replicaidx
[libprotobuf ERROR google/protobuf/message_lite.cc:121] Can't parse message of type "replication.iocl_craq.proto.SuccessorRequestMessage" because it is missing required fields: s, succ_groupidx, succ_replicaidx
[libprotobuf ERROR google/protobuf/message_lite.cc:121] Can't parse message of type "replication.iocl_craq.proto.SuccessorRequestMessage" because it is missing required fields: s, succ_groupidx, succ_replicaidx
[libprotobuf ERROR google/protobuf/message_lite.cc:121] Can't parse message of type "replication.iocl_craq.proto.SuccessorRequestMessage" because it is missing required fields: s, succ_groupidx, succ_replicaidx
[libprotobuf ERROR google/protobuf/message_lite.cc:121] Can't parse message of type "replication.iocl_craq.proto.SuccessorRequestMessage" because it is missing required fields: s, succ_groupidx, succ_replicaidx
[libprotobuf ERROR google/protobuf/message_lite.cc:121] Can't parse message of type "replication.iocl_craq.proto.SuccessorRequestMessage" because it is missing required fields: s, succ_groupidx, succ_replicaidx
[libprotobuf ERROR google/protobuf/message_lite.cc:121] Can't parse message of type "replication.iocl_craq.proto.SuccessorRequestMessage" because it is missing required fields: s, succ_groupidx, succ_replicaidx
[libprotobuf ERROR google/protobuf/message_lite.cc:121] Can't parse message of type "replication.iocl_craq.proto.SuccessorRequestMessage" because it is missing required fields: s, succ_groupidx, succ_replicaidx
[libprotobuf ERROR google/protobuf/message_lite.cc:121] Can't parse message of type "replication.iocl_craq.proto.SuccessorRequestMessage" because it is missing required fields: s, succ_groupidx, succ_replicaidx
[libprotobuf ERROR google/protobuf/message_lite.cc:121] Can't parse message of type "replication.iocl_craq.proto.SuccessorRequestMessage" because it is missing required fields: s, succ_groupidx, succ_replicaidx
[libprotobuf ERROR google/protobuf/message_lite.cc:121] Can't parse message of type "replication.iocl_craq.proto.SuccessorRequestMessage" because it is missing required fields: s, succ_groupidx, succ_replicaidx
[libprotobuf ERROR google/protobuf/message_lite.cc:121] Can't parse message of type "replication.iocl_craq.proto.SuccessorRequestMessage" because it is missing required fields: s, succ_groupidx, succ_replicaidx
[libprotobuf ERROR google/protobuf/message_lite.cc:121] Can't parse message of type "replication.iocl_craq.proto.SuccessorRequestMessage" because it is missing required fields: s, succ_groupidx, succ_replicaidx
[libprotobuf ERROR google/protobuf/message_lite.cc:121] Can't parse message of type "replication.iocl_craq.proto.SuccessorRequestMessage" because it is missing required fields: s, succ_groupidx, succ_replicaidx
[libprotobuf ERROR google/protobuf/message_lite.cc:121] Can't parse message of type "replication.iocl_craq.proto.SuccessorRequestMessage" because it is missing required fields: s, succ_groupidx, succ_replicaidx
[libprotobuf ERROR google/protobuf/message_lite.cc:121] Can't parse message of type "replication.iocl_craq.proto.SuccessorRequestMessage" because it is missing required fields: s, succ_groupidx, succ_replicaidx
[libprotobuf ERROR google/protobuf/message_lite.cc:121] Can't parse message of type "replication.iocl_craq.proto.SuccessorRequestMessage" because it is missing required fields: s, succ_groupidx, succ_replicaidx
[libprotobuf ERROR google/protobuf/message_lite.cc:121] Can't parse message of type "replication.iocl_craq.proto.SuccessorRequestMessage" because it is missing required fields: s, succ_groupidx, succ_replicaidx
[libprotobuf ERROR google/protobuf/message_lite.cc:121] Can't parse message of type "replication.iocl_craq.proto.SuccessorRequestMessage" because it is missing required fields: s, succ_groupidx, succ_replicaidx
[libprotobuf ERROR google/protobuf/message_lite.cc:121] Can't parse message of type "replication.iocl_craq.proto.SuccessorRequestMessage" because it is missing required fields: s, succ_groupidx, succ_replicaidx
[libprotobuf ERROR google/protobuf/message_lite.cc:121] Can't parse message of type "replication.iocl_craq.proto.SuccessorRequestMessage" because it is missing required fields: s, succ_groupidx, succ_replicaidx
20260313-062832-2949 07701 * SendRequest     (client.cc:198):    Sending client request with id 1 (shardtag=128849018881 predlist_size=1)
[libprotobuf ERROR google/protobuf/message_lite.cc:121] Can't parse message of type "replication.iocl_craq.proto.SuccessorRequestMessage" because it is missing required fields: s, succ_groupidx, succ_replicaidx
[libprotobuf ERROR google/protobuf/message_lite.cc:121] Can't parse message of type "replication.iocl_craq.proto.SuccessorRequestMessage" because it is missing required fields: s, succ_groupidx, succ_replicaidx
[libprotobuf ERROR google/protobuf/message_lite.cc:121] Can't parse message of type "replication.iocl_craq.proto.SuccessorRequestMessage" because it is missing required fields: s, succ_groupidx, succ_replicaidx
[libprotobuf ERROR google/protobuf/message_lite.cc:121] Can't parse message of type "replication.iocl_craq.proto.SuccessorRequestMessage" because it is missing required fields: s, succ_groupidx, succ_replicaidx
[libprotobuf ERROR google/protobuf/message_lite.cc:121] Can't parse message of type "replication.iocl_craq.proto.SuccessorRequestMessage" because it is missing required fields: s, succ_groupidx, succ_replicaidx
[libprotobuf ERROR google/protobuf/message_lite.cc:121] Can't parse message of type "replication.iocl_craq.proto.SuccessorRequestMessage" because it is missing required fields: s, succ_groupidx, succ_replicaidx
[libprotobuf ERROR google/protobuf/message_lite.cc:121] Can't parse message of type "replication.iocl_craq.proto.SuccessorRequestMessage" because it is missing required fields: s, succ_groupidx, succ_replicaidx
[libprotobuf ERROR google/protobuf/message_lite.cc:121] Can't parse message of type "replication.iocl_craq.proto.SuccessorRequestMessage" because it is missing required fields: s, succ_groupidx, succ_replicaidx
[libprotobuf ERROR google/protobuf/message_lite.cc:121] Can't parse message of type "replication.iocl_craq.proto.SuccessorRequestMessage" because it is missing required fields: s, succ_groupidx, succ_replicaidx
[libprotobuf ERROR google/protobuf/message_lite.cc:121] Can't parse message of type "replication.iocl_craq.proto.SuccessorRequestMessage" because it is missing required fields: s, succ_groupidx, succ_replicaidx
[libprotobuf ERROR google/protobuf/message_lite.cc:121] Can't parse message of type "replication.iocl_craq.proto.SuccessorRequestMessage" because it is missing required fields: s, succ_groupidx, succ_replicaidx
[libprotobuf ERROR google/protobuf/message_lite.cc:121] Can't parse message of type "replication.iocl_craq.proto.SuccessorRequestMessage" because it is missing required fields: s, succ_groupidx, succ_replicaidx
[libprotobuf ERROR google/protobuf/message_lite.cc:121] Can't parse message of type "replication.iocl_craq.proto.SuccessorRequestMessage" because it is missing required fields: s, succ_groupidx, succ_replicaidx
[libprotobuf ERROR google/protobuf/message_lite.cc:121] Can't parse message of type "replication.iocl_craq.proto.SuccessorRequestMessage" because it is missing required fields: s, succ_groupidx, succ_replicaidx
[libprotobuf ERROR google/protobuf/message_lite.cc:121] Can't parse message of type "replication.iocl_craq.proto.SuccessorRequestMessage" because it is missing required fields: s, succ_groupidx, succ_replicaidx
[libprotobuf ERROR google/protobuf/message_lite.cc:121] Can't parse message of type "replication.iocl_craq.proto.SuccessorRequestMessage" because it is missing required fields: s, succ_groupidx, succ_replicaidx
[libprotobuf ERROR google/protobuf/message_lite.cc:121] Can't parse message of type "replication.iocl_craq.proto.SuccessorRequestMessage" because it is missing required fields: s, succ_groupidx, succ_replicaidx
[libprotobuf ERROR google/protobuf/message_lite.cc:121] Can't parse message of type "replication.iocl_craq.proto.SuccessorRequestMessage" because it is missing required fields: s, succ_groupidx, succ_replicaidx
[libprotobuf ERROR google/protobuf/message_lite.cc:121] Can't parse message of type "replication.iocl_craq.proto.SuccessorRequestMessage" because it is missing required fields: s, succ_groupidx, succ_replicaidx
[libprotobuf ERROR google/protobuf/message_lite.cc:121] Can't parse message of type "replication.iocl_craq.proto.SuccessorRequestMessage" because it is missing required fields: s, succ_groupidx, succ_replicaidx
[libprotobuf ERROR google/protobuf/message_lite.cc:121] Can't parse message of type "replication.iocl_craq.proto.SuccessorRequestMessage" because it is missing required fields: s, succ_groupidx, succ_replicaidx
[libprotobuf ERROR google/protobuf/message_lite.cc:121] Can't parse message of type "replication.iocl_craq.proto.SuccessorRequestMessage" because it is missing required fields: s, succ_groupidx, succ_replicaidx
[libprotobuf ERROR google/protobuf/message_lite.cc:121] Can't parse message of type "replication.iocl_craq.proto.SuccessorRequestMessage" because it is missing required fields: s, succ_groupidx, succ_replicaidx
[libprotobuf ERROR google/protobuf/message_lite.cc:121] Can't parse message of type "replication.iocl_craq.proto.SuccessorRequestMessage" because it is missing required fields: s, succ_groupidx, succ_replicaidx
[libprotobuf ERROR google/protobuf/message_lite.cc:121] Can't parse message of type "replication.iocl_craq.proto.SuccessorRequestMessage" because it is missing required fields: s, succ_groupidx, succ_replicaidx
[libprotobuf ERROR google/protobuf/message_lite.cc:121] Can't parse message of type "replication.iocl_craq.proto.SuccessorRequestMessage" because it is missing required fields: s, succ_groupidx, succ_replicaidx
[libprotobuf ERROR google/protobuf/message_lite.cc:121] Can't parse message of type "replication.iocl_craq.proto.SuccessorRequestMessage" because it is missing required fields: s, succ_groupidx, succ_replicaidx
[libprotobuf ERROR google/protobuf/message_lite.cc:121] Can't parse message of type "replication.iocl_craq.proto.SuccessorRequestMessage" because it is missing required fields: s, succ_groupidx, succ_replicaidx
[libprotobuf ERROR google/protobuf/message_lite.cc:121] Can't parse message of type "replication.iocl_craq.proto.SuccessorRequestMessage" because it is missing required fields: s, succ_groupidx, succ_replicaidx
[libprotobuf ERROR google/protobuf/message_lite.cc:121] Can't parse message of type "replication.iocl_craq.proto.SuccessorRequestMessage" because it is missing required fields: s, succ_groupidx, succ_replicaidx
[libprotobuf ERROR google/protobuf/message_lite.cc:121] Can't parse message of type "replication.iocl_craq.proto.SuccessorRequestMessage" because it is missing required fields: s, succ_groupidx, succ_replicaidx
[libprotobuf ERROR google/protobuf/message_lite.cc:121] Can't parse message of type "replication.iocl_craq.proto.SuccessorRequestMessage" because it is missing required fields: s, succ_groupidx, succ_replicaidx
[libprotobuf ERROR google/protobuf/message_lite.cc:121] Can't parse message of type "replication.iocl_craq.proto.SuccessorRequestMessage" because it is missing required fields: s, succ_groupidx, succ_replicaidx
[libprotobuf ERROR google/protobuf/message_lite.cc:121] Can't parse message of type "replication.iocl_craq.proto.SuccessorRequestMessage" because it is missing required fields: s, succ_groupidx, succ_replicaidx
[libprotobuf ERROR google/protobuf/message_lite.cc:121] Can't parse message of type "replication.iocl_craq.proto.SuccessorRequestMessage" because it is missing required fields: s, succ_groupidx, succ_replicaidx
[libprotobuf ERROR google/protobuf/message_lite.cc:121] Can't parse message of type "replication.iocl_craq.proto.SuccessorRequestMessage" because it is missing required fields: s, succ_groupidx, succ_replicaidx
[libprotobuf ERROR google/protobuf/message_lite.cc:121] Can't parse message of type "replication.iocl_craq.proto.SuccessorRequestMessage" because it is missing required fields: s, succ_groupidx, succ_replicaidx
[libprotobuf ERROR google/protobuf/message_lite.cc:121] Can't parse message of type "replication.iocl_craq.proto.SuccessorRequestMessage" because it is missing required fields: s, succ_groupidx, succ_replicaidx
[libprotobuf ERROR google/protobuf/message_lite.cc:121] Can't parse message of type "replication.iocl_craq.proto.SuccessorRequestMessage" because it is missing required fields: s, succ_groupidx, succ_replicaidx
[libprotobuf ERROR google/protobuf/message_lite.cc:121] Can't parse message of type "replication.iocl_craq.proto.SuccessorRequestMessage" because it is missing required fields: s, succ_groupidx, succ_replicaidx
[libprotobuf ERROR google/protobuf/message_lite.cc:121] Can't parse message of type "replication.iocl_craq.proto.SuccessorRequestMessage" because it is missing required fields: s, succ_groupidx, succ_replicaidx
[libprotobuf ERROR google/protobuf/message_lite.cc:121] Can't parse message of type "replication.iocl_craq.proto.SuccessorRequestMessage" because it is missing required fields: s, succ_groupidx, succ_replicaidx
[libprotobuf ERROR google/protobuf/message_lite.cc:121] Can't parse message of type "replication.iocl_craq.proto.SuccessorRequestMessage" because it is missing required fields: s, succ_groupidx, succ_replicaidx
[libprotobuf ERROR google/protobuf/message_lite.cc:121] Can't parse message of type "replication.iocl_craq.proto.SuccessorRequestMessage" because it is missing required fields: s, succ_groupidx, succ_replicaidx
[libprotobuf ERROR google/protobuf/message_lite.cc:121] Can't parse message of type "replication.iocl_craq.proto.SuccessorRequestMessage" because it is missing required fields: s, succ_groupidx, succ_replicaidx
[libprotobuf ERROR google/protobuf/message_lite.cc:121] Can't parse message of type "replication.iocl_craq.proto.SuccessorRequestMessage" because it is missing required fields: s, succ_groupidx, succ_replicaidx
[libprotobuf ERROR google/protobuf/message_lite.cc:121] Can't parse message of type "replication.iocl_craq.proto.SuccessorRequestMessage" because it is missing required fields: s, succ_groupidx, succ_replicaidx
[libprotobuf ERROR google/protobuf/message_lite.cc:121] Can't parse message of type "replication.iocl_craq.proto.SuccessorRequestMessage" because it is missing required fields: s, succ_groupidx, succ_replicaidx
[libprotobuf ERROR google/protobuf/message_lite.cc:121] Can't parse message of type "replication.iocl_craq.proto.SuccessorRequestMessage" because it is missing required fields: s, succ_groupidx, succ_replicaidx
[libprotobuf ERROR google/protobuf/message_lite.cc:121] Can't parse message of type "replication.iocl_craq.proto.SuccessorRequestMessage" because it is missing required fields: s, succ_groupidx, succ_replicaidx
[libprotobuf ERROR google/protobuf/message_lite.cc:121] Can't parse message of type "replication.iocl_craq.proto.SuccessorRequestMessage" because it is missing required fields: s, succ_groupidx, succ_replicaidx
[libprotobuf ERROR google/protobuf/message_lite.cc:121] Can't parse message of type "replication.iocl_craq.proto.SuccessorRequestMessage" because it is missing required fields: s, succ_groupidx, succ_replicaidx
[libprotobuf ERROR google/protobuf/message_lite.cc:121] Can't parse message of type "replication.iocl_craq.proto.SuccessorRequestMessage" because it is missing required fields: s, succ_groupidx, succ_replicaidx
[libprotobuf ERROR google/protobuf/message_lite.cc:121] Can't parse message of type "replication.iocl_craq.proto.SuccessorRequestMessage" because it is missing required fields: s, succ_groupidx, succ_replicaidx
[libprotobuf ERROR google/protobuf/message_lite.cc:121] Can't parse message of type "replication.iocl_craq.proto.SuccessorRequestMessage" because it is missing required fields: s, succ_groupidx, succ_replicaidx
[libprotobuf ERROR google/protobuf/message_lite.cc:121] Can't parse message of type "replication.iocl_craq.proto.SuccessorRequestMessage" because it is missing required fields: s, succ_groupidx, succ_replicaidx
[libprotobuf ERROR google/protobuf/message_lite.cc:121] Can't parse message of type "replication.iocl_craq.proto.SuccessorRequestMessage" because it is missing required fields: s, succ_groupidx, succ_replicaidx
[libprotobuf ERROR google/protobuf/message_lite.cc:121] Can't parse message of type "replication.iocl_craq.proto.SuccessorRequestMessage" because it is missing required fields: s, succ_groupidx, succ_replicaidx
[libprotobuf ERROR google/protobuf/message_lite.cc:121] Can't parse message of type "replication.iocl_craq.proto.SuccessorRequestMessage" because it is missing required fields: s, succ_groupidx, succ_replicaidx
[libprotobuf ERROR google/protobuf/message_lite.cc:121] Can't parse message of type "replication.iocl_craq.proto.SuccessorRequestMessage" because it is missing required fields: s, succ_groupidx, succ_replicaidx
20260313-062832-4733 07701 * SendRequest     (client.cc:198):    Sending client request with id 2 (shardtag=111669149697 predlist_size=1)
20260313-062833-1531 07701 * SendRequest     (client.cc:198):    Sending client request with id 3 (shardtag=25769803777 predlist_size=1)
20260313-062833-1743 07701 * SendRequest     (client.cc:198):    Sending client request with id 4 (shardtag=77309411329 predlist_size=1)
20260313-062833-1745 07701 * SendRequest     (client.cc:198):    Sending client request with id 5 (shardtag=94489280514 predlist_size=0)
20260313-062833-8147 07701 * SendRequest     (client.cc:198):    Sending client request with id 6 (shardtag=60129542145 predlist_size=0)
20260313-062833-8149 07701 * SendRequest     (client.cc:198):    Sending client request with id 7 (shardtag=60129542146 predlist_size=1)
20260313-062835-2158 07701 * SendRequest     (client.cc:198):    Sending client request with id 8 (shardtag=128849018884 predlist_size=0)
20260313-062835-4907 07701 * SendRequest     (client.cc:198):    Sending client request with id 9 (shardtag=94489280515 predlist_size=1)
20260313-062836-3964 07701 * SendRequest     (client.cc:198):    Sending client request with id 10 (shardtag=94489280516 predlist_size=1)
20260313-062836-6561 07701 * SendRequest     (client.cc:198):    Sending client request with id 11 (shardtag=8589934596 predlist_size=0)
20260313-062837-0649 07701 * SendRequest     (client.cc:198):    Sending client request with id 12 (shardtag=42949672963 predlist_size=0)
20260313-062837-2010 07701 * SendRequest     (client.cc:198):    Sending client request with id 13 (shardtag=94489280518 predlist_size=1)
20260313-062837-2619 07701 * SendRequest     (client.cc:198):    Sending client request with id 14 (shardtag=8589934597 predlist_size=0)
20260313-062838-3757 07701 * SendRequest     (client.cc:198):    Sending client request with id 15 (shardtag=42949672964 predlist_size=1)
20260313-062838-7553 07701 * SendRequest     (client.cc:198):    Sending client request with id 16 (shardtag=60129542147 predlist_size=1)
20260313-062838-8989 07701 * SendRequest     (client.cc:198):    Sending client request with id 17 (shardtag=25769803782 predlist_size=1)
20260313-062840-6324 07701 * SendRequest     (client.cc:198):    Sending client request with id 18 (shardtag=77309411331 predlist_size=0)
20260313-062840-6942 07701 * SendRequest     (client.cc:198):    Sending client request with id 19 (shardtag=42949672965 predlist_size=1)
20260313-062840-9409 07701 * SendRequest     (client.cc:198):    Sending client request with id 20 (shardtag=111669149698 predlist_size=0)
20260313-062841-7412 07701 * SendRequest     (client.cc:198):    Sending client request with id 21 (shardtag=77309411332 predlist_size=1)
20260313-062842-3063 07701 * SendRequest     (client.cc:198):    Sending client request with id 22 (shardtag=8589934601 predlist_size=1)
20260313-062842-4060 07701 * SendRequest     (client.cc:198):    Sending client request with id 23 (shardtag=42949672966 predlist_size=1)
20260313-062842-8780 07701 * SendRequest     (client.cc:198):    Sending client request with id 24 (shardtag=128849018890 predlist_size=1)
20260313-062843-5963 07701 * SendRequest     (client.cc:198):    Sending client request with id 25 (shardtag=60129542148 predlist_size=1)
20260313-062844-5712 07701 * SendRequest     (client.cc:198):    Sending client request with id 26 (shardtag=111669149700 predlist_size=0)
20260313-062844-9286 07701 * SendRequest     (client.cc:198):    Sending client request with id 27 (shardtag=8589934602 predlist_size=1)
20260313-062845-4343 07701 * SendRequest     (client.cc:198):    Sending client request with id 28 (shardtag=8589934604 predlist_size=1)
20260313-062845-8820 07701 * SendRequest     (client.cc:198):    Sending client request with id 29 (shardtag=111669149701 predlist_size=1)
20260313-062846-3407 07701 * SendRequest     (client.cc:198):    Sending client request with id 30 (shardtag=8589934605 predlist_size=0)
20260313-062846-3770 07701 * SendRequest     (client.cc:198):    Sending client request with id 31 (shardtag=77309411333 predlist_size=1)
20260313-062846-4406 07701 * SendRequest     (client.cc:198):    Sending client request with id 32 (shardtag=42949672968 predlist_size=0)
20260313-062847-2828 07701 * SendRequest     (client.cc:198):    Sending client request with id 33 (shardtag=94489280522 predlist_size=1)
20260313-062847-9980 07701 * SendRequest     (client.cc:198):    Sending client request with id 34 (shardtag=111669149703 predlist_size=1)
20260313-062848-1907 07701 * SendRequest     (client.cc:198):    Sending client request with id 35 (shardtag=77309411334 predlist_size=1)
20260313-062849-2022 07701 * SendRequest     (client.cc:198):    Sending client request with id 36 (shardtag=77309411335 predlist_size=1)
20260313-062849-2096 07701 * SendRequest     (client.cc:198):    Sending client request with id 37 (shardtag=111669149704 predlist_size=1)
20260313-062849-7656 07701 * SendRequest     (client.cc:198):    Sending client request with id 38 (shardtag=42949672969 predlist_size=1)
20260313-062850-6498 07701 * SendRequest     (client.cc:198):    Sending client request with id 39 (shardtag=60129542150 predlist_size=1)
20260313-062851-3448 07701 * SendRequest     (client.cc:198):    Sending client request with id 40 (shardtag=128849018892 predlist_size=0)
20260313-062851-3450 07701 * SendRequest     (client.cc:198):    Sending client request with id 41 (shardtag=128849018893 predlist_size=1)
20260313-062852-0614 07701 * SendRequest     (client.cc:198):    Sending client request with id 42 (shardtag=60129542152 predlist_size=1)
20260313-062852-4878 07701 * SendRequest     (client.cc:198):    Sending client request with id 43 (shardtag=42949672972 predlist_size=1)
20260313-062852-7077 07701 * SendRequest     (client.cc:198):    Sending client request with id 44 (shardtag=25769803784 predlist_size=1)
20260313-062852-7676 07701 * SendRequest     (client.cc:198):    Sending client request with id 45 (shardtag=60129542153 predlist_size=1)
20260313-062853-5466 07701 * SendRequest     (client.cc:198):    Sending client request with id 46 (shardtag=111669149707 predlist_size=0)
20260313-062853-6017 07701 * SendRequest     (client.cc:198):    Sending client request with id 47 (shardtag=8589934610 predlist_size=1)
20260313-062853-6330 07701 * SendRequest     (client.cc:198):    Sending client request with id 48 (shardtag=94489280525 predlist_size=0)
20260313-062853-6622 07701 * SendRequest     (client.cc:198):    Sending client request with id 49 (shardtag=128849018894 predlist_size=1)
20260313-062854-1667 07701 * SendRequest     (client.cc:198):    Sending client request with id 50 (shardtag=128849018895 predlist_size=1)
20260313-062854-9120 07701 * SendRequest     (client.cc:198):    Sending client request with id 51 (shardtag=8589934612 predlist_size=1)
20260313-062854-9121 07701 * SendRequest     (client.cc:198):    Sending client request with id 52 (shardtag=8589934613 predlist_size=1)
20260313-062855-0052 07701 * SendRequest     (client.cc:198):    Sending client request with id 53 (shardtag=42949672973 predlist_size=1)
20260313-062855-0850 07701 * SendRequest     (client.cc:198):    Sending client request with id 54 (shardtag=60129542154 predlist_size=1)
20260313-062855-8694 07701 * SendRequest     (client.cc:198):    Sending client request with id 55 (shardtag=111669149708 predlist_size=1)
20260313-062856-3155 07701 * SendRequest     (client.cc:198):    Sending client request with id 56 (shardtag=42949672975 predlist_size=0)
20260313-062856-3560 07701 * SendRequest     (client.cc:198):    Sending client request with id 57 (shardtag=94489280528 predlist_size=1)
20260313-062856-4362 07701 * SendRequest     (client.cc:198):    Sending client request with id 58 (shardtag=25769803785 predlist_size=1)
20260313-062857-1804 07701 * SendRequest     (client.cc:198):    Sending client request with id 59 (shardtag=111669149710 predlist_size=0)
20260313-062857-1806 07701 * SendRequest     (client.cc:198):    Sending client request with id 60 (shardtag=111669149712 predlist_size=1)
20260313-062857-2660 07701 * SendRequest     (client.cc:198):    Sending client request with id 61 (shardtag=77309411338 predlist_size=1)
20260313-062857-2898 07701 * SendRequest     (client.cc:198):    Sending client request with id 62 (shardtag=128849018896 predlist_size=1)
20260313-062857-2899 07701 * SendRequest     (client.cc:198):    Sending client request with id 63 (shardtag=128849018897 predlist_size=1)
20260313-062857-3305 07701 * SendRequest     (client.cc:198):    Sending client request with id 64 (shardtag=8589934615 predlist_size=1)
20260313-062859-3804 07701 * SendRequest     (client.cc:198):    Sending client request with id 65 (shardtag=94489280529 predlist_size=1)
20260313-062859-4215 07701 * SendRequest     (client.cc:198):    Sending client request with id 66 (shardtag=60129542156 predlist_size=1)
20260313-062859-4444 07701 * SendRequest     (client.cc:198):    Sending client request with id 67 (shardtag=42949672978 predlist_size=1)
20260313-062859-5490 07701 * SendRequest     (client.cc:198):    Sending client request with id 68 (shardtag=8589934616 predlist_size=1)
20260313-062859-5492 07701 * SendRequest     (client.cc:198):    Sending client request with id 69 (shardtag=8589934617 predlist_size=1)
20260313-062903-3805 07701 ! TCPIncomingEventCallback (tcptransport.cc:942): [TCP INCOMING 131] EOF, lifetime=30914.78 ms
20260313-062903-3807 07701 ! TCPIncomingEventCallback (tcptransport.cc:942): [TCP INCOMING 132] EOF, lifetime=30912.11 ms
20260313-062903-3812 07701 ! TCPIncomingEventCallback (tcptransport.cc:942): [TCP INCOMING 129] EOF, lifetime=30921.73 ms
20260313-062903-3813 07701 ! TCPIncomingEventCallback (tcptransport.cc:942): [TCP INCOMING 130] EOF, lifetime=30918.96 ms
20260313-062903-3978 07701 ! TCPIncomingEventCallback (tcptransport.cc:942): [TCP INCOMING 133] EOF, lifetime=30927.19 ms
20260313-062903-3980 07701 ! TCPIncomingEventCallback (tcptransport.cc:942): [TCP INCOMING 134] EOF, lifetime=30924.81 ms
20260313-062903-4200 07701 ! TCPIncomingEventCallback (tcptransport.cc:942): [TCP INCOMING 121] EOF, lifetime=31124.70 ms
20260313-062903-4201 07701 ! TCPIncomingEventCallback (tcptransport.cc:942): [TCP INCOMING 118] EOF, lifetime=31127.77 ms
20260313-062903-4452 07701 ! TCPIncomingEventCallback (tcptransport.cc:942): [TCP INCOMING 125] EOF, lifetime=31020.97 ms
20260313-062903-4454 07701 ! TCPIncomingEventCallback (tcptransport.cc:942): [TCP INCOMING 126] EOF, lifetime=31018.53 ms
20260313-062903-5491 07701 ! TCPIncomingEventCallback (tcptransport.cc:942): [TCP INCOMING 123] EOF, lifetime=31131.19 ms
20260313-062903-5493 07701 ! TCPIncomingEventCallback (tcptransport.cc:942): [TCP INCOMING 124] EOF, lifetime=31128.53 ms
20260313-062903-6086 07701 ! TCPIncomingEventCallback (tcptransport.cc:942): [TCP INCOMING 117] EOF, lifetime=31317.58 ms
20260313-062903-6088 07701 ! TCPIncomingEventCallback (tcptransport.cc:942): [TCP INCOMING 119] EOF, lifetime=31314.94 ms
20260313-062903-6633 07701 ! TCPIncomingEventCallback (tcptransport.cc:942): [TCP INCOMING 127] EOF, lifetime=31220.83 ms
20260313-062903-6635 07701 ! TCPIncomingEventCallback (tcptransport.cc:942): [TCP INCOMING 128] EOF, lifetime=31218.42 ms
20260313-062910-1414 07701 * Cleanup         (server.cc:589):    Gracefully exiting after signal 15.
20260313-062910-1415 07701 * Stop            (tcptransport.cc:605): [TCP SUMMARY] outgoingCreated=59 outgoingClosed=0 incomingCreated=75 incomingClosed=16 outgoingPeak=120 incomingPeak=38
Inserted events:
  0x5556493740d0 [fd  9] Read Persist Internal
  0x55564937be30 [fd  10] Read Persist
  0x5556493872e0 [fd  11] Read Persist
  0x5556559b8b30 [fd  12] Read Persist
  0x5556559b8d50 [fd  13] Read Persist
  0x5556559b8f70 [fd  14] Read Persist
  0x5556559b9190 [fd  15] Read Persist
  0x5556559b93b0 [fd  16] Read Persist
  0x5556559b95d0 [fd  17] Read Persist
  0x5556559b97f0 [fd  18] Read Persist
  0x5556559b9a10 [fd  19] Read Persist
  0x5556559b9c30 [fd  20] Read Persist
  0x5556559b9e50 [fd  21] Read Persist
  0x5556559ba100 [fd  22] Read Persist
  0x5556559ba440 [fd  23] Read Persist
  0x5556559ba780 [fd  24] Read Persist
  0x5556559baac0 [fd  25] Read Persist
  0x5556559bae20 [fd  26] Read Persist
  0x5556559b5d70 [fd  27] Read Persist
  0x5556559b41b0 [fd  28] Read Persist
  0x5556559ab5f0 [fd  29] Read Persist
  0x5556559ab9b0 [fd  30] Read Persist
  0x5556559aaa20 [fd  31] Read Persist
  0x5556559b4660 [fd  32] Read Persist
  0x5556559b55a0 [fd  33] Read Persist
  0x5556559b18d0 [fd  34] Read Persist
  0x5556559b1d10 [fd  35] Read Persist
  0x5556559b21d0 [fd  36] Read Persist
  0x5556559b2780 [fd  37] Read Persist
  0x5556559b2ba0 [fd  38] Read Persist
  0x5556559b30d0 [fd  39] Read Persist
  0x5556559bb1c0 [fd  40] Read Persist
  0x5556559bb540 [fd  41] Read Persist
  0x5556559bb950 [fd  42] Read Persist
  0x5556559bbe90 [fd  43] Read Persist
  0x5556559bc420 [fd  44] Read Persist
  0x5556559bc9b0 [fd  45] Read Persist
  0x5556559bcf40 [fd  46] Read Persist
  0x5556559bd4d0 [fd  47] Read Persist
  0x5556559bda60 [fd  48] Read Persist
  0x5556559be270 [fd  49] Read Persist
  0x5556559be800 [fd  50] Read Persist
  0x5556559bed90 [fd  51] Read Persist
  0x5556559bf320 [fd  52] Read Persist
  0x5556559bf8b0 [fd  53] Read Persist
  0x5556559bfe40 [fd  54] Read Persist
  0x5556559c03d0 [fd  55] Read Persist
  0x5556559c07f0 [fd  56] Read Persist
  0x5556559c0a10 [fd  57] Read Persist
  0x5556559c0cc0 [fd  58] Read Persist
  0x5556559c1060 [fd  59] Read Persist
  0x5556559c1400 [fd  60] Read Persist
  0x5556559c17a0 [fd  61] Read Persist
  0x5556559c1b40 [fd  62] Read Persist
  0x5556559c1ee0 [fd  63] Read Persist
  0x5556559c2280 [fd  64] Read Persist
  0x555649383980 [fd  65] Read Persist
  0x555649382ba0 [fd  66] Read Persist
  0x5556559c25c0 [fd  67] Read Persist
  0x5556559c27e0 [fd  68] Read Persist
  0x5556559c2a00 [fd  69] Read Persist
  0x5556559c2c20 [fd  70] Read Persist
  0x5556559d39d0 [fd  71] Read Persist
  0x5556559d3bf0 [fd  72] Read Persist
  0x5556559d3e10 [fd  73] Read Persist
  0x5556559d4240 [fd  74] Read Persist
  0x5556559d4620 [fd  75] Read Persist
  0x5556559d4a20 [fd  76] Read Persist
  0x5556559d4e60 [fd  77] Read Persist
  0x5556559d52a0 [fd  78] Read Persist
  0x5556559d56e0 [fd  79] Read Persist
  0x5556559c3990 [fd  80] Read Persist
  0x5556559c3660 [fd  81] Read Persist
  0x5556559d5ad0 [fd  82] Read Persist
  0x5556559d5cf0 [fd  83] Read Persist
  0x5556559d5f10 [fd  84] Read Persist
  0x5556559d6130 [fd  85] Read Persist
  0x5556559d6470 [fd  86] Read Persist
  0x5556559d67b0 [fd  87] Read Persist
  0x5556559d6af0 [fd  88] Read Persist
  0x5556559d6e30 [fd  89] Read Persist
  0x5556559d7170 [fd  90] Read Persist
  0x5556559d7f30 [fd  91] Read Persist
  0x5556559d8270 [fd  92] Read Persist
  0x5556559d8680 [fd  93] Read Persist
  0x5556559d8ae0 [fd  94] Read Persist
  0x5556559d9070 [fd  95] Read Persist
  0x5556559d9600 [fd  96] Read Persist
  0x5556559d9b90 [fd  97] Read Persist
  0x5556559da120 [fd  98] Read Persist
  0x5556559da6b0 [fd  99] Read Persist
  0x5556559dac40 [fd  100] Read Persist
  0x5556559db1d0 [fd  101] Read Persist
  0x5556559db760 [fd  102] Read Persist
  0x5556559dbcf0 [fd  103] Read Persist
  0x5556559dc280 [fd  104] Read Persist
  0x5556559dc810 [fd  105] Read Persist
  0x5556559dcda0 [fd  106] Read Persist
  0x5556559dd330 [fd  107] Read Persist
  0x5556559dd8c0 [fd  108] Read Persist
  0x5556559dde50 [fd  109] Read Persist
  0x5556559de3e0 [fd  110] Read Persist
  0x5556559de970 [fd  111] Read Persist
  0x5556559def00 [fd  112] Read Persist
  0x5556559df490 [fd  113] Read Persist
  0x5556559dfa20 [fd  114] Read Persist
  0x5556559b7f80 [fd  115] Read Persist
  0x5556559e48e0 [fd  116] Read Persist
  0x5556559e4d20 [fd  117] Read Persist
  0x5556559e5190 [fd  118] Read Persist
  0x5556559e3720 [fd  119] Read Persist
  0x5556559e3b40 [fd  120] Read Persist
  0x5556559e0b60 [fd  121] Read Persist
  0x5556559e0fd0 [fd  122] Read Persist
  0x5556559e13f0 [fd  123] Read Persist
  0x5556559e1910 [fd  124] Read Persist
  0x5556559e1db0 [fd  125] Read Persist
  0x5556559e21d0 [fd  126] Read Persist
  0x5556559e26f0 [fd  127] Read Persist
  0x555655a02b30 [fd  131] Read Persist
  0x555655a02f70 [fd  133] Read Persist
Active events:
20260313-062910-1434 07701 * Cleanup         (server.cc:593):    Exporting stats to /mnt/extra/experiments/2026-04-13-06-28-00/out/server-0-2-1-stats-0.json.
20260313-062910-1436 07701 * Close           (replica.cc:1228):  [1] ReadStatsSummary clean=50 dirty=19 total=69
20260313-062910-1437 07701 * Close           (replica.cc:1230):  [1] ReadStatsDepth depth=1 count=12
20260313-062910-1437 07701 * Close           (replica.cc:1230):  [1] ReadStatsDepth depth=2 count=6
20260313-062910-1438 07701 * Close           (replica.cc:1230):  [1] ReadStatsDepth depth=3 count=1
20260313-062910-1438 07701 * Close           (replica.cc:1233):  [1] ReadStatsClient client=15 clean=50 dirty=19
