20250303-085843-6832 22226 * main            (benchmark.cc:397): Starting benchmark.
Session created: 0
last_service: , current_state: 0
Session continued: 0
last_service: , current_state: 0
Session destroyed: 18446744073709551615
last_service: , current_state: 0
20250303-085854-5545 22226 * WarmupDone      (bench_client.cc:675): Completed warmup period of 10 seconds with 969 requests
20250303-085915-5549 22226 * Finish          (bench_client.cc:873): Completed 6059 requests in 21.001681 seconds
20250303-085915-5550 22226 * Finish          (bench_client.cc:874): 1 outstanding transactions.
Session continued: 0
last_service: spanner-6-1804289383, current_state: 2
Session destroyed: 18446744073709551615
last_service: , current_state: 0
Session continued: 0
last_service: spanner-6-1804289383, current_state: 2
Session destroyed: 18446744073709551615
last_service: , current_state: 0
Session destroyed: 0
last_service: spanner-6-1804289383, current_state: 2
20250303-085923-5548 22226 * FlushStats      (benchmark.cc:842): Flushing stats to /mnt/extra/experiments/2025-04-03-08-58-34/out/client-0-0-6-stats-0.json.
20250303-085925-5585 22226 * Cleanup         (bench_client.cc:697): Aborting 0 outstanding transactions.
20250303-085925-5586 22226 * CooldownDone    (bench_client.cc:727): Finished cooldown period.
20250303-085925-5643 22226 * CooldownDone    (bench_client.cc:734): Median latency is 3051020 ns (3051 us)
20250303-085925-5645 22226 * CooldownDone    (bench_client.cc:743): Average latency is 3399477 ns (3399 us)
20250303-085925-5646 22226 * CooldownDone    (bench_client.cc:747): 90th percentile latency is 4776113 ns (4776 us)
20250303-085925-5646 22226 * CooldownDone    (bench_client.cc:751): 95th percentile latency is 5258743 ns (5258 us)
20250303-085925-5647 22226 * CooldownDone    (bench_client.cc:755): 99th percentile latency is 5832243 ns (5832 us)
20250303-085925-5647 22226 * LATENCY total: 2167 us 3399 us/2097 us 81 ms (6060 samples, 20 s total)
20250303-085925-5648 22226 *    2097 us |       5073 | ==================================================
20250303-085925-5648 22226 *    4194 us |        978 | =========
20250303-085925-5649 22226 *    8388 us |          3 | 
20250303-085925-5649 22226 *      16 ms |          3 | 
20250303-085925-5649 22226 *      33 ms |          2 | 
20250303-085925-5650 22226 *      67 ms |          1 | 
Inserted events:
  0x555832b43390 [fd  7] Read Persist Internal
  0x555832b55350 [fd  9] Read Persist
Active events:
20250303-085925-5654 22226 * main            (benchmark.cc:802): Cleaning up after experiment.
20250303-085925-5655 22226 * FlushStats      (benchmark.cc:842): Flushing stats to /mnt/extra/experiments/2025-04-03-08-58-34/out/client-0-0-6-stats-0.json.
