basic_appreq,704784306,269602039436431,0
basic_appreq,704566061,269602744892346,0
basic_appreq,604120578,269603351102229,0
basic_appreq,704529416,269604056718804,0
basic_appreq,704516626,269604762079051,0
basic_appreq,504463719,269605267804985,0
basic_appreq,604198811,269605872928958,0
basic_appreq,604905500,269606478056991,0
basic_appreq,704997783,269607184365577,0
basic_appreq,505361988,269607691192973,0
basic_appreq,704781360,269608396737754,0
basic_appreq,604511135,269609003199621,0
basic_appreq,704241079,269609709275722,0
basic_appreq,503507719,269610213036379,0
basic_appreq,704238313,269610918461137,0
basic_appreq,503411814,269611422807224,0
basic_appreq,604674667,269612029043694,0
basic_appreq,503532336,269612533643267,0
basic_appreq,604053271,269613138270824,0
basic_appreq,704412596,269613844707878,0
basic_appreq,605192667,269614451681031,0
basic_appreq,704456166,269615156792961,0
basic_appreq,604327759,269615762098304,0
basic_appreq,403849161,269616166999613,0
basic_appreq,704993957,269616872900994,0
basic_appreq,605309100,269617480136038,0
basic_appreq,704422628,269618186125516,0
basic_appreq,603823045,269618790149343,0
basic_appreq,503609187,269619295280865,0
basic_appreq,704530541,269620001834106,0
basic_appreq,705163546,269620707871871,0
basic_appreq,604161968,269621313396833,0
basic_appreq,403533491,269621718854751,0
basic_appreq,604162542,269622324241690,0
basic_appreq,503647936,269622829551586,0
basic_appreq,604355760,269623434266572,0
basic_appreq,704624450,269624139892295,0
basic_appreq,604155786,269624745210174,0
basic_appreq,504018134,269625251329179,0
#end,23,916694,0
