20260313-152017-2539 01142 * main            (server.cc:217):    Starting server.
20260313-152017-2549 01142 * main            (server.cc:335):    Creating a default paritioner!
20260313-152019-1637 01142 * main            (server.cc:513):    Done loading server.
20260313-152112-5815 01142 ! TCPIncomingEventCallback (tcptransport.cc:938): [TCP INCOMING 117] EOF, lifetime=32991.77 ms
20260313-152112-5922 01142 ! TCPIncomingEventCallback (tcptransport.cc:938): [TCP INCOMING 118] EOF, lifetime=32989.80 ms
20260313-152112-7060 01142 ! TCPIncomingEventCallback (tcptransport.cc:938): [TCP INCOMING 119] EOF, lifetime=32987.74 ms
20260313-152112-7142 01142 ! TCPIncomingEventCallback (tcptransport.cc:938): [TCP INCOMING 120] EOF, lifetime=32989.31 ms
20260313-152112-7257 01142 ! TCPIncomingEventCallback (tcptransport.cc:938): [TCP INCOMING 121] EOF, lifetime=32994.81 ms
20260313-152112-7327 01142 ! TCPIncomingEventCallback (tcptransport.cc:938): [TCP INCOMING 122] EOF, lifetime=32987.86 ms
20260313-152112-7601 01142 ! TCPIncomingEventCallback (tcptransport.cc:938): [TCP INCOMING 124] EOF, lifetime=32984.74 ms
20260313-152112-7611 01142 ! TCPIncomingEventCallback (tcptransport.cc:938): [TCP INCOMING 123] EOF, lifetime=32993.86 ms
20260313-152119-2661 01142 * Cleanup         (server.cc:589):    Gracefully exiting after signal 15.
20260313-152119-2662 01142 * Stop            (tcptransport.cc:601): [TCP SUMMARY] outgoingCreated=58 outgoingClosed=0 incomingCreated=66 incomingClosed=8 outgoingPeak=94 incomingPeak=37
Inserted events:
  0x55d5cebd4d00 [fd  9] Read Persist Internal
  0x55d5cebdca60 [fd  10] Read Persist
  0x55d5cebe7e70 [fd  11] Read Persist
  0x55d5db267ee0 [fd  12] Read Persist
  0x55d5db268100 [fd  13] Read Persist
  0x55d5db268320 [fd  14] Read Persist
  0x55d5db268540 [fd  15] Read Persist
  0x55d5db268760 [fd  16] Read Persist
  0x55d5db268980 [fd  17] Read Persist
  0x55d5db265120 [fd  18] Read Persist
  0x55d5db2634f0 [fd  19] Read Persist
  0x55d5db258c70 [fd  20] Read Persist
  0x55d5db2595b0 [fd  21] Read Persist
  0x55d5db25af00 [fd  22] Read Persist
  0x55d5db263a10 [fd  23] Read Persist
  0x55d5db264700 [fd  24] Read Persist
  0x55d5db259e20 [fd  25] Read Persist
  0x55d5db25a290 [fd  26] Read Persist
  0x55d5db25a700 [fd  27] Read Persist
  0x55d5db25aaf0 [fd  28] Read Persist
  0x55d5db260c40 [fd  29] Read Persist
  0x55d5db2611b0 [fd  30] Read Persist
  0x55d5db261740 [fd  31] Read Persist
  0x55d5db261b60 [fd  32] Read Persist
  0x55d5db262190 [fd  33] Read Persist
  0x55d5db2625b0 [fd  34] Read Persist
  0x55d5db268ba0 [fd  35] Read Persist
  0x55d5db269130 [fd  36] Read Persist
  0x55d5db2696c0 [fd  37] Read Persist
  0x55d5db269c50 [fd  38] Read Persist
  0x55d5db26a1e0 [fd  39] Read Persist
  0x55d5db26a770 [fd  40] Read Persist
  0x55d5db26ad00 [fd  41] Read Persist
  0x55d5db26b290 [fd  42] Read Persist
  0x55d5db26b820 [fd  43] Read Persist
  0x55d5db26bdb0 [fd  44] Read Persist
  0x55d5db26c340 [fd  45] Read Persist
  0x55d5db26c8d0 [fd  46] Read Persist
  0x55d5db26ccf0 [fd  47] Read Persist
  0x55d5db26cf10 [fd  48] Read Persist
  0x55d5db26d440 [fd  49] Read Persist
  0x55d5db26d7e0 [fd  50] Read Persist
  0x55d5db26db80 [fd  51] Read Persist
  0x55d5db26df20 [fd  52] Read Persist
  0x55d5db26e2c0 [fd  53] Read Persist
  0x55d5db26e660 [fd  54] Read Persist
  0x55d5db26ea00 [fd  55] Read Persist
  0x55d5db26eda0 [fd  56] Read Persist
  0x55d5db26f140 [fd  57] Read Persist
  0x55d5db26f4e0 [fd  58] Read Persist
  0x55d5db26f880 [fd  59] Read Persist
  0x55d5db26fc20 [fd  60] Read Persist
  0x55d5db26ffc0 [fd  61] Read Persist
  0x55d5db270360 [fd  62] Read Persist
  0x55d5db270730 [fd  63] Read Persist
  0x55d5db270b00 [fd  64] Read Persist
  0x55d5cebe45b0 [fd  65] Read Persist
  0x55d5cebe37b0 [fd  66] Read Persist
  0x55d5db271310 [fd  67] Read Persist
  0x55d5db271650 [fd  68] Read Persist
  0x55d5db271990 [fd  69] Read Persist
  0x55d5db271cd0 [fd  70] Read Persist
  0x55d5db272010 [fd  71] Read Persist
  0x55d5db2723f0 [fd  72] Read Persist
  0x55d5db272890 [fd  73] Read Persist
  0x55d5db272d30 [fd  74] Read Persist
  0x55d5db2731d0 [fd  75] Read Persist
  0x55d5db273670 [fd  76] Read Persist
  0x55d5db273bc0 [fd  77] Read Persist
  0x55d5db274080 [fd  78] Read Persist
  0x55d5db274540 [fd  79] Read Persist
  0x55d5db274a00 [fd  80] Read Persist
  0x55d5db274ec0 [fd  81] Read Persist
  0x55d5db275380 [fd  82] Read Persist
  0x55d5db275840 [fd  83] Read Persist
  0x55d5db275dd0 [fd  84] Read Persist
  0x55d5db276360 [fd  85] Read Persist
  0x55d5db2768f0 [fd  86] Read Persist
  0x55d5db276e80 [fd  87] Read Persist
  0x55d5db277410 [fd  88] Read Persist
  0x55d5db2779a0 [fd  89] Read Persist
  0x55d5db277f30 [fd  90] Read Persist
  0x55d5db278f40 [fd  91] Read Persist
  0x55d5db2794d0 [fd  92] Read Persist
  0x55d5db279a60 [fd  93] Read Persist
  0x55d5db279ff0 [fd  94] Read Persist
  0x55d5db27a580 [fd  95] Read Persist
  0x55d5db27ab10 [fd  96] Read Persist
  0x55d5db27b0a0 [fd  97] Read Persist
  0x55d5db27b630 [fd  98] Read Persist
  0x55d5db27bbc0 [fd  99] Read Persist
  0x55d5db27c150 [fd  100] Read Persist
  0x55d5db27c6e0 [fd  101] Read Persist
  0x55d5db27cc70 [fd  102] Read Persist
  0x55d5db27d200 [fd  103] Read Persist
  0x55d5db27d790 [fd  104] Read Persist
  0x55d5db27dd20 [fd  105] Read Persist
  0x55d5db27e140 [fd  106] Read Persist
  0x55d5db27e360 [fd  107] Read Persist
  0x55d5db27e610 [fd  108] Read Persist
  0x55d5db27e9b0 [fd  109] Read Persist
  0x55d5db27ed50 [fd  110] Read Persist
  0x55d5db27f0f0 [fd  111] Read Persist
  0x55d5db27f490 [fd  112] Read Persist
  0x55d5db27f830 [fd  113] Read Persist
  0x55d5db27fbd0 [fd  114] Read Persist
  0x55d5db27ff70 [fd  115] Read Persist
  0x55d5db280310 [fd  116] Read Persist
  0x55d5db2806b0 [fd  117] Read Persist
  0x55d5db280a50 [fd  118] Read Persist
  0x55d5db280df0 [fd  119] Read Persist
  0x55d5db2811c0 [fd  120] Read Persist
  0x55d5db281590 [fd  121] Read Persist
  0x55d5db281960 [fd  122] Read Persist
  0x55d5db281d30 [fd  123] Read Persist
  0x55d5db282100 [fd  124] Read Persist
  0x55d5db282500 [fd  125] Read Persist
  0x55d5db282900 [fd  126] Read Persist
  0x55d5db282d00 [fd  127] Read Persist
Active events:
20260313-152119-2682 01142 * Cleanup         (server.cc:593):    Exporting stats to /mnt/extra/experiments/2026-04-13-15-20-09/out/server-0-4-0-stats-0.json.
