20260110-073640-0679 00450 * Client          (client.cc:73):     Initializing StrongStore client with id [94]
20260110-073640-0684 00450 * BenchmarkClient (bench_client.cc:89): starting benchclient, issueConcurrent: 0; fanout: 1
Session created: 0
last_service: , current_state: 0
Session continued: 0
last_service: , current_state: 0
Session destroyed: 18446744073709551615
last_service: , current_state: 0
20260110-074133-9264 00450 * Stop            (tcptransport.cc:606): [TCP SUMMARY] outgoingCreated=10 outgoingClosed=0 incomingCreated=0 incomingClosed=0 outgoingPeak=10 incomingPeak=0
Inserted events:
  0x21f4110 [fd  7] Read Persist Internal
  0x2201210 [fd  8] Read Persist
  0x21f4840 [fd  9] Read Persist
  0x2216ba0 [fd  10] Read Persist
  0x2220400 [fd  11] Read Persist
  0x22213f0 [fd  12] Read Persist
  0x2221cf0 [fd  13] Read Persist
  0x22232a0 [fd  14] Read Persist
  0x2222050 [fd  15] Read Persist
  0x2223770 [fd  16] Read Persist
  0x2225230 [fd  17] Read Persist
  0x7f24a8000b20 [fd  -1] Persist Timeout=1770734493.968693
Active events:
20260110-074133-9268 00450 * ~BenchmarkClient (bench_client.cc:114): Stopped event loop and Joined the thread it ran on
