#start,0,0
app,837897216,30492229938,91
user_create,837897216,30492229938,91
app,883831552,31376114606,91
user_create,883831552,31376114606,91
app,1005724160,32381891965,91
user_create,1005724160,32381891965,91
app,838295552,33220240831,91
user_create,838295552,33220240831,91
app,1306410496,34526703596,91
user_create,1306410496,34526703596,91
app,790402304,35317159891,91
user_create,790402304,35317159891,91
app,1002415616,36319628477,91
user_create,1002415616,36319628477,91
app,908395776,37228076934,91
user_create,908395776,37228076934,91
app,1285707776,38513838052,91
user_create,1285707776,38513838052,91
app,985901312,39499791860,91
user_create,985901312,39499791860,91
app,884427520,40384274721,91
user_create,884427520,40384274721,91
app,1156278016,41540627956,91
user_create,1156278016,41540627956,91
app,948171264,42488852262,91
user_create,948171264,42488852262,91
app,875351552,43364256143,91
user_create,875351552,43364256143,91
app,945038336,44309348583,91
user_create,945038336,44309348583,91
app,1501136896,45810541868,91
user_create,1501136896,45810541868,91
app,1182087680,46992682933,91
user_create,1182087680,46992682933,91
app,1007041792,47999777793,91
user_create,1007041792,47999777793,91
app,1034094848,49033924579,91
user_create,1034094848,49033924579,91
app,782375168,49816351890,91
user_create,782375168,49816351890,91
app,1239500544,51055904865,91
user_create,1239500544,51055904865,91
app,1132543488,52188500642,91
user_create,1132543488,52188500642,91
app,924745472,53113298416,91
user_create,924745472,53113298416,91
app,1042351616,54155704498,91
user_create,1042351616,54155704498,91
app,948463872,55104222774,91
user_create,948463872,55104222774,91
app,880864000,55985139369,91
user_create,880864000,55985139369,91
app,1282824448,57268017530,91
user_create,1282824448,57268017530,91
app,1046684416,58314760684,91
user_create,1046684416,58314760684,91
app,1262298112,59577112436,91
user_create,1262298112,59577112436,91
app,1193102336,60770268440,91
user_create,1193102336,60770268440,91
app,866608640,61636929750,91
user_create,866608640,61636929750,91
app,972139776,62609122514,91
user_create,972139776,62609122514,91
app,859794944,63468970775,91
user_create,859794944,63468970775,91
app,1083086336,64552110195,91
user_create,1083086336,64552110195,91
app,1191890944,65744054317,91
user_create,1191890944,65744054317,91
app,1013032448,66757141351,91
user_create,1013032448,66757141351,91
app,805624320,67562818765,91
user_create,805624320,67562818765,91
app,1123408128,68686280488,91
user_create,1123408128,68686280488,91
app,994266624,69680602073,91
user_create,994266624,69680602073,91
app,812703232,70493371963,91
user_create,812703232,70493371963,91
app,1635538176,72128964900,91
user_create,1635538176,72128964900,91
app,864269056,72993287324,91
user_create,864269056,72993287324,91
app,1006973696,74000319719,91
user_create,1006973696,74000319719,91
app,918446336,74918818950,91
user_create,918446336,74918818950,91
app,953989376,75872860670,91
user_create,953989376,75872860670,91
app,1089664000,76962577104,91
user_create,1089664000,76962577104,91
app,947716096,77910345792,91
user_create,947716096,77910345792,91
app,926195200,78836592912,91
user_create,926195200,78836592912,91
app,825541632,79662187576,91
user_create,825541632,79662187576,91
app,1003492352,80665732622,91
user_create,1003492352,80665732622,91
app,1105349888,81771134853,91
user_create,1105349888,81771134853,91
app,923798784,82694987297,91
user_create,923798784,82694987297,91
app,886695168,83581735610,91
user_create,886695168,83581735610,91
app,1114127360,84695914983,91
user_create,1114127360,84695914983,91
app,882477824,85578449010,91
user_create,882477824,85578449010,91
app,1176423424,86754933357,91
user_create,1176423424,86754933357,91
app,1005035520,87760022878,91
user_create,1005035520,87760022878,91
app,1138150400,88898226737,91
user_create,1138150400,88898226737,91
app,1296803840,90195085287,91
user_create,1296803840,90195085287,91
app,857722368,91052861452,91
user_create,857722368,91052861452,91
app,840625408,91893539190,91
user_create,840625408,91893539190,91
app,861988096,92755579948,91
user_create,861988096,92755579948,91
app,864545792,93620178461,91
user_create,864545792,93620178461,91
app,1103363072,94723593950,91
user_create,1103363072,94723593950,91
app,972253440,95695899248,91
user_create,972253440,95695899248,91
app,1356298752,97052250623,91
user_create,1356298752,97052250623,91
app,868585472,97920889139,91
user_create,868585472,97920889139,91
app,789169920,98710111856,91
user_create,789169920,98710111856,91
app,1138150144,99848314523,91
user_create,1138150144,99848314523,91
app,832749824,100681117534,91
user_create,832749824,100681117534,91
app,787454464,101468625783,91
user_create,787454464,101468625783,91
app,985981696,102454660654,91
user_create,985981696,102454660654,91
app,957147392,103411861181,91
user_create,957147392,103411861181,91
app,980049920,104391964435,91
user_create,980049920,104391964435,91
app,952889600,105344906806,91
user_create,952889600,105344906806,91
app,983283456,106328242063,91
user_create,983283456,106328242063,91
app,877866240,107206161260,91
user_create,877866240,107206161260,91
app,1063047936,108269261598,91
user_create,1063047936,108269261598,91
app,896131584,109165447473,91
user_create,896131584,109165447473,91
app,864804352,110030303955,91
user_create,864804352,110030303955,91
app,1035836672,111066194057,91
user_create,1035836672,111066194057,91
app,1028884736,112095132350,91
user_create,1028884736,112095132350,91
app,1020788224,113115973234,91
user_create,1020788224,113115973234,91
app,764148736,113880176782,91
user_create,764148736,113880176782,91
app,818426624,114698662042,91
user_create,818426624,114698662042,91
app,919451648,115618168830,91
user_create,919451648,115618168830,91
app,1002463488,116620685577,91
user_create,1002463488,116620685577,91
app,908805376,117529544353,91
user_create,908805376,117529544353,91
app,1628817664,119158416271,91
user_create,1628817664,119158416271,91
app,1099212288,120257696151,91
user_create,1099212288,120257696151,91
app,1068962304,121326712608,91
user_create,1068962304,121326712608,91
app,920500736,122247267246,91
user_create,920500736,122247267246,91
app,953809408,123201129436,91
user_create,953809408,123201129436,91
app,1429284864,124630466938,91
user_create,1429284864,124630466938,91
app,891333632,125521853685,91
user_create,891333632,125521853685,91
app,1085780992,126607687950,91
user_create,1085780992,126607687950,91
app,1007051776,127614791631,91
user_create,1007051776,127614791631,91
app,867128064,128481972455,91
user_create,867128064,128481972455,91
app,1211673856,129693700075,91
user_create,1211673856,129693700075,91
app,829744128,130523500919,91
user_create,829744128,130523500919,91
app,863944192,131387498617,91
user_create,863944192,131387498617,91
app,886205696,132273759603,91
user_create,886205696,132273759603,91
app,1732910848,134006726264,91
user_create,1732910848,134006726264,91
app,1010963200,135017742872,91
user_create,1010963200,135017742872,91
app,917129984,135934926986,91
user_create,917129984,135934926986,91
app,1035498240,136970478773,91
user_create,1035498240,136970478773,91
app,1252040448,138222572565,91
user_create,1252040448,138222572565,91
app,1003169792,139225795030,91
user_create,1003169792,139225795030,91
app,969259776,140195107698,91
user_create,969259776,140195107698,91
app,1078557440,141273717403,91
user_create,1078557440,141273717403,91
app,948609280,142222380161,91
user_create,948609280,142222380161,91
app,1052025856,143274459838,91
user_create,1052025856,143274459838,91
app,797441792,144071958303,91
user_create,797441792,144071958303,91
app,950453760,145022469758,91
user_create,950453760,145022469758,91
app,856751616,145879274368,91
user_create,856751616,145879274368,91
app,1246283008,147125611305,91
user_create,1246283008,147125611305,91
app,1045874688,148171538352,91
user_create,1045874688,148171538352,91
app,1347939072,149519527912,91
user_create,1347939072,149519527912,91
app,1107355392,150626937389,91
user_create,1107355392,150626937389,91
app,978572800,151605563879,91
user_create,978572800,151605563879,91
app,905215232,152510833024,91
user_create,905215232,152510833024,91
app,945535744,153456422328,91
user_create,945535744,153456422328,91
app,1030738688,154487244129,91
user_create,1030738688,154487244129,91
app,885264640,155372563600,91
user_create,885264640,155372563600,91
app,951852800,156324469804,91
user_create,951852800,156324469804,91
app,933101568,157257623910,91
user_create,933101568,157257623910,91
app,782795520,158040472030,91
user_create,782795520,158040472030,91
app,1348029696,159388554096,91
user_create,1348029696,159388554096,91
app,683486464,160072093725,91
user_create,683486464,160072093725,91
app,1038416128,161110562324,91
user_create,1038416128,161110562324,91
app,899926784,162010541677,91
user_create,899926784,162010541677,91
app,882128128,162892723560,91
user_create,882128128,162892723560,91
app,859961344,163752737998,91
user_create,859961344,163752737998,91
app,790939136,164543729782,91
user_create,790939136,164543729782,91
app,940185088,165483968496,91
user_create,940185088,165483968496,91
app,801123328,166285145044,91
user_create,801123328,166285145044,91
app,1272144128,167557343244,91
user_create,1272144128,167557343244,91
app,1006993152,168564389467,91
user_create,1006993152,168564389467,91
app,1035026432,169599470138,91
user_create,1035026432,169599470138,91
app,1137636864,170737173795,91
user_create,1137636864,170737173795,91
app,1013232384,171750459909,91
user_create,1013232384,171750459909,91
app,1305185024,173055699825,91
user_create,1305185024,173055699825,91
app,927000576,173982762098,91
user_create,927000576,173982762098,91
app,792273664,174775092601,91
user_create,792273664,174775092601,91
app,1003373312,175778519868,91
user_create,1003373312,175778519868,91
app,1515587328,177294160366,91
user_create,1515587328,177294160366,91
app,883503104,178177718877,91
user_create,883503104,178177718877,91
app,1034455040,179212226867,91
user_create,1034455040,179212226867,91
app,680278528,179892558336,91
user_create,680278528,179892558336,91
app,896858112,180789469718,91
user_create,896858112,180789469718,91
app,1161102592,181950625181,91
user_create,1161102592,181950625181,91
app,816019968,182766698598,91
user_create,816019968,182766698598,91
app,1086657280,183853409528,91
user_create,1086657280,183853409528,91
app,949014272,184802477836,91
user_create,949014272,184802477836,91
app,1070401536,185872933626,91
user_create,1070401536,185872933626,91
app,964156672,186837146759,91
user_create,964156672,186837146759,91
app,832965120,187670167922,91
user_create,832965120,187670167922,91
app,1254442752,188924670457,91
user_create,1254442752,188924670457,91
app,1013046528,189937785387,91
user_create,1013046528,189937785387,91
app,789100032,190726940631,91
user_create,789100032,190726940631,91
app,987454720,191714454889,91
user_create,987454720,191714454889,91
app,876424960,192590934991,91
user_create,876424960,192590934991,91
app,991488768,193582477569,91
user_create,991488768,193582477569,91
app,833832448,194416364669,91
user_create,833832448,194416364669,91
app,873749504,195290179491,91
user_create,873749504,195290179491,91
app,1169013248,196459251403,91
user_create,1169013248,196459251403,91
app,1039081472,197498387813,91
user_create,1039081472,197498387813,91
app,1158087424,198656527757,91
user_create,1158087424,198656527757,91
app,887134976,199543717861,91
user_create,887134976,199543717861,91
app,1339736576,200883508205,91
user_create,1339736576,200883508205,91
app,1021992704,201905555486,91
user_create,1021992704,201905555486,91
app,1172606208,203078218698,91
user_create,1172606208,203078218698,91
app,1247448320,204325723171,91
user_create,1247448320,204325723171,91
app,858559488,205184338808,91
user_create,858559488,205184338808,91
app,910943488,206095335006,91
user_create,910943488,206095335006,91
app,931425536,207026812553,91
user_create,931425536,207026812553,91
app,1458066688,208484931945,91
user_create,1458066688,208484931945,91
app,1130820352,209615806102,91
user_create,1130820352,209615806102,91
app,916609280,210532468080,91
user_create,916609280,210532468080,91
app,864898560,211397419929,91
user_create,864898560,211397419929,91
app,746722304,212144195556,91
user_create,746722304,212144195556,91
app,799040256,212943288803,91
user_create,799040256,212943288803,91
app,1729335040,214672677516,91
user_create,1729335040,214672677516,91
app,1063240704,215735972166,91
user_create,1063240704,215735972166,91
app,928908800,216664934396,91
user_create,928908800,216664934396,91
app,1154703104,217819690227,91
user_create,1154703104,217819690227,91
app,1020712960,218840457201,91
user_create,1020712960,218840457201,91
app,1719439872,220559951066,91
user_create,1719439872,220559951066,91
app,781990656,221341998815,91
user_create,781990656,221341998815,91
app,979476480,222321542263,91
user_create,979476480,222321542263,91
app,1147311360,223468912363,91
user_create,1147311360,223468912363,91
app,922392576,224391361236,91
user_create,922392576,224391361236,91
app,791845120,225183260917,91
user_create,791845120,225183260917,91
app,1098830080,226282144784,91
user_create,1098830080,226282144784,91
app,953875456,227236073017,91
user_create,953875456,227236073017,91
app,1076963328,228313088893,91
user_create,1076963328,228313088893,91
app,1118875392,229432016611,91
user_create,1118875392,229432016611,91
app,1174283776,230606353759,91
user_create,1174283776,230606353759,91
app,691729408,231298137187,91
user_create,691729408,231298137187,91
app,831186176,232129378080,91
user_create,831186176,232129378080,91
app,1089083904,233218522071,91
user_create,1089083904,233218522071,91
app,977547008,234196123600,91
user_create,977547008,234196123600,91
app,985151488,235181329727,91
user_create,985151488,235181329727,91
app,788602880,235969985961,91
user_create,788602880,235969985961,91
app,931808768,236901848554,91
user_create,931808768,236901848554,91
app,785189632,237687091350,91
user_create,785189632,237687091350,91
app,820598528,238507743597,91
user_create,820598528,238507743597,91
app,1241296384,239749094724,91
user_create,1241296384,239749094724,91
app,956587520,240705735445,91
user_create,956587520,240705735445,91
app,959303424,241665092229,91
user_create,959303424,241665092229,91
app,967230720,242632375955,91
user_create,967230720,242632375955,91
app,838784256,243471249341,91
user_create,838784256,243471249341,91
app,950430464,244421734809,91
user_create,950430464,244421734809,91
app,1016977920,245438768148,91
user_create,1016977920,245438768148,91
#end,245,438777,91
