20260301-175736-1038 24703 * main            (server.cc:213):    Starting server.
20260301-175736-1043 24703 * main            (server.cc:331):    Creating a default paritioner!
20260301-175747-1496 24703 * main            (server.cc:490):    Done loading server.
20260301-175839-1030 24703 ! TCPIncomingEventCallback (tcptransport.cc:1015): [TCP INCOMING 3] EOF, lifetime=41025.74 ms
20260301-175845-3705 24703 * Cleanup         (server.cc:551):    Gracefully exiting after signal 15.
20260301-175845-3705 24703 * Stop            (tcptransport.cc:666): [TCP SUMMARY] outgoingCreated=2 outgoingClosed=0 incomingCreated=3 incomingClosed=1 outgoingPeak=2 incomingPeak=2
Inserted events:
  0x55e4d4a555a0 [fd  9] Read Persist Internal
  0x55e4d4a4e420 [fd  10] Read Persist
  0x55e4d4a50a20 [fd  11] Read Persist
  0x55e52a890650 [fd  12] Read Persist
  0x55e52a890fd0 [fd  13] Read Persist
  0x55e52a8921a0 [fd  15] Read Persist
  0x55e52a8925c0 [fd  16] Read Persist
  0x55e52a7ccee0 [fd  -1] Timeout=1775084326.078637
  0x55e4d4a52cc0 [fd  -1] Timeout=1775084344.077058
Active events:
20260301-175845-3707 24703 * Cleanup         (server.cc:555):    Exporting stats to /mnt/extra/experiments/2026-04-01-17-57-33/out/server-0-0-0-stats-0.json.
==== IOCL Per-Key Queue Length Dump ====
==== End of Dump ====
