20260313-061323-7475 18012 * main            (server.cc:217):    Starting server.
20260313-061323-7480 18012 * main            (server.cc:335):    Creating a default paritioner!
20260313-061325-6357 18012 * main            (server.cc:513):    Done loading server.
20260313-061416-6946 18012 ! TCPIncomingEventCallback (tcptransport.cc:942): [TCP INCOMING 120] EOF, lifetime=30991.96 ms
20260313-061416-7284 18012 ! TCPIncomingEventCallback (tcptransport.cc:942): [TCP INCOMING 122] EOF, lifetime=30986.94 ms
20260313-061416-7421 18012 ! TCPIncomingEventCallback (tcptransport.cc:942): [TCP INCOMING 117] EOF, lifetime=31193.53 ms
20260313-061416-7811 18012 ! TCPIncomingEventCallback (tcptransport.cc:942): [TCP INCOMING 118] EOF, lifetime=31211.79 ms
20260313-061417-2857 18012 ! TCPIncomingEventCallback (tcptransport.cc:942): [TCP INCOMING 119] EOF, lifetime=31594.58 ms
20260313-061417-3318 18012 ! TCPIncomingEventCallback (tcptransport.cc:942): [TCP INCOMING 123] EOF, lifetime=31587.33 ms
20260313-061417-5029 18012 ! TCPIncomingEventCallback (tcptransport.cc:942): [TCP INCOMING 121] EOF, lifetime=31788.89 ms
20260313-061417-6197 18012 ! TCPIncomingEventCallback (tcptransport.cc:942): [TCP INCOMING 124] EOF, lifetime=31789.34 ms
20260313-061424-0631 18012 * Cleanup         (server.cc:589):    Gracefully exiting after signal 15.
20260313-061424-0632 18012 * Stop            (tcptransport.cc:605): [TCP SUMMARY] outgoingCreated=59 outgoingClosed=0 incomingCreated=67 incomingClosed=8 outgoingPeak=125 incomingPeak=37
Inserted events:
  0x5611d772ad00 [fd  9] Read Persist Internal
  0x5611d7732a60 [fd  10] Read Persist
  0x5611d773de70 [fd  11] Read Persist
  0x5611e3de6dc0 [fd  12] Read Persist
  0x5611e3de6fe0 [fd  13] Read Persist
  0x5611e3de7200 [fd  14] Read Persist
  0x5611e3de7420 [fd  15] Read Persist
  0x5611e3de7640 [fd  16] Read Persist
  0x5611e3de7860 [fd  17] Read Persist
  0x5611e3de7a80 [fd  18] Read Persist
  0x5611e3de7ca0 [fd  19] Read Persist
  0x5611e3de7ec0 [fd  20] Read Persist
  0x5611e3de80e0 [fd  21] Read Persist
  0x5611e3de8300 [fd  22] Read Persist
  0x5611e3de8640 [fd  23] Read Persist
  0x5611e3de8980 [fd  24] Read Persist
  0x5611e3de8cc0 [fd  25] Read Persist
  0x5611e3de9000 [fd  26] Read Persist
  0x5611e3de9340 [fd  27] Read Persist
  0x5611e3de96c0 [fd  28] Read Persist
  0x5611e3de9b90 [fd  29] Read Persist
  0x5611e3de9f30 [fd  30] Read Persist
  0x5611e3dea2d0 [fd  31] Read Persist
  0x5611e3dea670 [fd  32] Read Persist
  0x5611e3de4000 [fd  33] Read Persist
  0x5611e3de2440 [fd  34] Read Persist
  0x5611e3dd9a20 [fd  35] Read Persist
  0x5611e3dd9de0 [fd  36] Read Persist
  0x5611e3ddfce0 [fd  37] Read Persist
  0x5611e3de28f0 [fd  38] Read Persist
  0x5611e3de35e0 [fd  39] Read Persist
  0x5611e3de0460 [fd  40] Read Persist
  0x5611e3de0a40 [fd  41] Read Persist
  0x5611e3de0e60 [fd  42] Read Persist
  0x5611e3de12a0 [fd  43] Read Persist
  0x5611e3de16e0 [fd  44] Read Persist
  0x5611e3deacf0 [fd  45] Read Persist
  0x5611e3deb100 [fd  46] Read Persist
  0x5611e3deb510 [fd  47] Read Persist
  0x5611e3deb920 [fd  48] Read Persist
  0x5611e3debfb0 [fd  49] Read Persist
  0x5611e3dec410 [fd  50] Read Persist
  0x5611e3dec970 [fd  51] Read Persist
  0x5611e3decf00 [fd  52] Read Persist
  0x5611e3ded490 [fd  53] Read Persist
  0x5611e3deda20 [fd  54] Read Persist
  0x5611e3dedfb0 [fd  55] Read Persist
  0x5611e3dee540 [fd  56] Read Persist
  0x5611e3deead0 [fd  57] Read Persist
  0x5611e3def060 [fd  58] Read Persist
  0x5611e3def5f0 [fd  59] Read Persist
  0x5611e3defb80 [fd  60] Read Persist
  0x5611e3df0110 [fd  61] Read Persist
  0x5611e3df0530 [fd  62] Read Persist
  0x5611e3df0750 [fd  63] Read Persist
  0x5611e3df0a00 [fd  64] Read Persist
  0x5611d7738ee0 [fd  65] Read Persist
  0x5611d773a5b0 [fd  66] Read Persist
  0x5611d77394b0 [fd  67] Read Persist
  0x5611d7739880 [fd  68] Read Persist
  0x5611d7739c50 [fd  69] Read Persist
  0x5611e3df0d40 [fd  70] Read Persist
  0x5611e3df0ff0 [fd  71] Read Persist
  0x5611e3df1380 [fd  72] Read Persist
  0x5611e3df1820 [fd  73] Read Persist
  0x5611e3df1cc0 [fd  74] Read Persist
  0x5611e3df2160 [fd  75] Read Persist
  0x5611e3df2600 [fd  76] Read Persist
  0x5611e3df2aa0 [fd  77] Read Persist
  0x5611e3df2f40 [fd  78] Read Persist
  0x5611e3df33e0 [fd  79] Read Persist
  0x5611e3df3880 [fd  80] Read Persist
  0x5611e3df3d20 [fd  81] Read Persist
  0x5611e3df41c0 [fd  82] Read Persist
  0x5611e3df4660 [fd  83] Read Persist
  0x5611e3df4b00 [fd  84] Read Persist
  0x5611e3df4fa0 [fd  85] Read Persist
  0x5611e3df5440 [fd  86] Read Persist
  0x5611e3df58e0 [fd  87] Read Persist
  0x5611e3df5e30 [fd  88] Read Persist
  0x5611e3df62f0 [fd  89] Read Persist
  0x5611e3df67b0 [fd  90] Read Persist
  0x5611e3df76f0 [fd  91] Read Persist
  0x5611e3df7bb0 [fd  92] Read Persist
  0x5611e3df8070 [fd  93] Read Persist
  0x5611e3df8530 [fd  94] Read Persist
  0x5611e3df8ac0 [fd  95] Read Persist
  0x5611e3df9050 [fd  96] Read Persist
  0x5611e3df95e0 [fd  97] Read Persist
  0x5611e3df9b70 [fd  98] Read Persist
  0x5611e3dfa100 [fd  99] Read Persist
  0x5611e3dfa690 [fd  100] Read Persist
  0x5611e3dfac20 [fd  101] Read Persist
  0x5611e3dfb1b0 [fd  102] Read Persist
  0x5611e3dfb740 [fd  103] Read Persist
  0x5611e3dfbcd0 [fd  104] Read Persist
  0x5611e3dfc260 [fd  105] Read Persist
  0x5611e3dfc7f0 [fd  106] Read Persist
  0x5611e3dfcd80 [fd  107] Read Persist
  0x5611e3dfd310 [fd  108] Read Persist
  0x5611e3dfd8a0 [fd  109] Read Persist
  0x5611e3dfde30 [fd  110] Read Persist
  0x5611e3dfe3c0 [fd  111] Read Persist
  0x5611e3dfe950 [fd  112] Read Persist
  0x5611e3dfeee0 [fd  113] Read Persist
  0x5611e3dff470 [fd  114] Read Persist
  0x5611e3dffa00 [fd  115] Read Persist
  0x5611e3dfff90 [fd  116] Read Persist
  0x5611e3e003b0 [fd  117] Read Persist
  0x5611e3e005d0 [fd  118] Read Persist
  0x5611e3e00880 [fd  119] Read Persist
  0x5611e3e00c20 [fd  120] Read Persist
  0x5611e3e00fc0 [fd  121] Read Persist
  0x5611e3e01360 [fd  122] Read Persist
  0x5611e3e01700 [fd  123] Read Persist
  0x5611e3e01aa0 [fd  124] Read Persist
  0x5611e3e01e40 [fd  125] Read Persist
  0x5611e3e021e0 [fd  126] Read Persist
  0x5611e3e02580 [fd  127] Read Persist
  0x5611e3e215c0 [fd  136] Read Persist
  0x5611e3e219e0 [fd  137] Read Persist
Active events:
20260313-061424-0652 18012 * Cleanup         (server.cc:593):    Exporting stats to /mnt/extra/experiments/2026-04-13-06-13-15/out/server-0-6-0-stats-0.json.
