#start,0,0
app,796406016,30469886302,25
user_create,796406016,30469886302,25
app,944316160,31414257526,25
user_create,944316160,31414257526,25
app,761525760,32175836801,25
user_create,761525760,32175836801,25
app,1006216192,33182105779,25
user_create,1006216192,33182105779,25
app,923817472,34105976343,25
user_create,923817472,34105976343,25
app,853464320,34959493160,25
user_create,853464320,34959493160,25
app,738599936,35698145627,25
user_create,738599936,35698145627,25
app,943847168,36642045497,25
user_create,943847168,36642045497,25
app,763875840,37405973672,25
user_create,763875840,37405973672,25
app,1028623104,38434649944,25
user_create,1028623104,38434649944,25
app,907810560,39342513799,25
user_create,907810560,39342513799,25
app,916183040,40258751869,25
user_create,916183040,40258751869,25
app,1053466112,41312271833,25
user_create,1053466112,41312271833,25
app,732909824,42045234918,25
user_create,732909824,42045234918,25
app,879714816,42925002574,25
user_create,879714816,42925002574,25
app,990125568,43915180683,25
user_create,990125568,43915180683,25
app,650884096,44566117525,25
user_create,650884096,44566117525,25
app,913010176,45479180812,25
user_create,913010176,45479180812,25
app,823456256,46302689790,25
user_create,823456256,46302689790,25
app,973806080,47276590108,25
user_create,973806080,47276590108,25
app,957236480,48233879804,25
user_create,957236480,48233879804,25
app,960847616,49194780588,25
user_create,960847616,49194780588,25
app,656716288,49851552963,25
user_create,656716288,49851552963,25
app,976677376,50828283548,25
user_create,976677376,50828283548,25
app,836966912,51665304183,25
user_create,836966912,51665304183,25
app,785534208,52450892210,25
user_create,785534208,52450892210,25
app,952486400,53403432130,25
user_create,952486400,53403432130,25
app,871374336,54274859666,25
user_create,871374336,54274859666,25
app,774752000,55049664974,25
user_create,774752000,55049664974,25
app,866222592,55915940284,25
user_create,866222592,55915940284,25
app,1025684992,56941677808,25
user_create,1025684992,56941677808,25
app,1043944192,57985675096,25
user_create,1043944192,57985675096,25
app,938197248,58923926115,25
user_create,938197248,58923926115,25
app,718920704,59642906427,25
user_create,718920704,59642906427,25
app,1125957120,60768923521,25
user_create,1125957120,60768923521,25
app,764405248,61533383131,25
user_create,764405248,61533383131,25
app,877423616,62410860300,25
user_create,877423616,62410860300,25
app,836779520,63247693061,25
user_create,836779520,63247693061,25
app,960058112,64207804203,25
user_create,960058112,64207804203,25
app,875370496,65083241939,25
user_create,875370496,65083241939,25
app,754677760,65837973833,25
user_create,754677760,65837973833,25
app,951208192,66789235591,25
user_create,951208192,66789235591,25
app,1069706752,67858995199,25
user_create,1069706752,67858995199,25
app,862499328,68721547842,25
user_create,862499328,68721547842,25
app,1107766528,69829367876,25
user_create,1107766528,69829367876,25
app,1079312640,70908733367,25
user_create,1079312640,70908733367,25
app,886829568,71795616865,25
user_create,886829568,71795616865,25
app,988824832,72784494400,25
user_create,988824832,72784494400,25
app,1401805824,74186353921,25
user_create,1401805824,74186353921,25
app,1053572352,75239979505,25
user_create,1053572352,75239979505,25
app,889295872,76129328012,25
user_create,889295872,76129328012,25
app,859972608,76989353895,25
user_create,859972608,76989353895,25
app,874383616,77863790035,25
user_create,874383616,77863790035,25
app,838552064,78702396392,25
user_create,838552064,78702396392,25
app,1006950912,79709400415,25
user_create,1006950912,79709400415,25
app,776154880,80485608339,25
user_create,776154880,80485608339,25
app,913244672,81398906230,25
user_create,913244672,81398906230,25
app,791500032,82190459728,25
user_create,791500032,82190459728,25
app,1111573248,83302086353,25
user_create,1111573248,83302086353,25
app,915688704,84217829704,25
user_create,915688704,84217829704,25
app,960185856,85178067922,25
user_create,960185856,85178067922,25
app,911047936,86089168548,25
user_create,911047936,86089168548,25
app,1128732160,87217953681,25
user_create,1128732160,87217953681,25
app,813409536,88031419038,25
user_create,813409536,88031419038,25
app,910558208,88942031860,25
user_create,910558208,88942031860,25
app,1088667904,90030753612,25
user_create,1088667904,90030753612,25
app,982148608,91012954950,25
user_create,982148608,91012954950,25
app,1304169216,92317177772,25
user_create,1304169216,92317177772,25
app,850402048,93167632579,25
user_create,850402048,93167632579,25
app,1093149952,94260836362,25
user_create,1093149952,94260836362,25
app,756545792,95017437934,25
user_create,756545792,95017437934,25
app,861173760,95878666639,25
user_create,861173760,95878666639,25
app,959430400,96838186264,25
user_create,959430400,96838186264,25
app,918472960,97756711959,25
user_create,918472960,97756711959,25
app,1151156736,98907921791,25
user_create,1151156736,98907921791,25
app,837659648,99745634317,25
user_create,837659648,99745634317,25
app,1005200896,100750888347,25
user_create,1005200896,100750888347,25
app,753238528,101504180908,25
user_create,753238528,101504180908,25
app,808605184,102312838077,25
user_create,808605184,102312838077,25
app,835312896,103148203134,25
user_create,835312896,103148203134,25
app,737107712,103885364532,25
user_create,737107712,103885364532,25
app,850301696,104735719203,25
user_create,850301696,104735719203,25
app,790543872,105526315689,25
user_create,790543872,105526315689,25
app,781574400,106307943105,25
user_create,781574400,106307943105,25
app,1300237056,107608233213,25
user_create,1300237056,107608233213,25
app,953141760,108561429023,25
user_create,953141760,108561429023,25
app,1166996736,109728479146,25
user_create,1166996736,109728479146,25
app,885391360,110613924741,25
user_create,885391360,110613924741,25
app,972544256,111586522817,25
user_create,972544256,111586522817,25
app,955212544,112541801214,25
user_create,955212544,112541801214,25
app,1297734400,113839589118,25
user_create,1297734400,113839589118,25
app,967576576,114807219505,25
user_create,967576576,114807219505,25
app,1384844544,116192117929,25
user_create,1384844544,116192117929,25
app,954242048,117146418809,25
user_create,954242048,117146418809,25
app,1019942912,118166415691,25
user_create,1019942912,118166415691,25
app,767427328,118933895349,25
user_create,767427328,118933895349,25
app,957886208,119891834497,25
user_create,957886208,119891834497,25
app,1233222656,121125109434,25
user_create,1233222656,121125109434,25
app,764391168,121889555454,25
user_create,764391168,121889555454,25
app,610627072,122500237226,25
user_create,610627072,122500237226,25
app,941656576,123441947698,25
user_create,941656576,123441947698,25
app,825987840,124267988681,25
user_create,825987840,124267988681,25
app,1004902400,125272945404,25
user_create,1004902400,125272945404,25
app,1472239616,126745238304,25
user_create,1472239616,126745238304,25
app,870757120,127616049528,25
user_create,870757120,127616049528,25
app,1106425344,128722528219,25
user_create,1106425344,128722528219,25
app,853758720,129576339483,25
user_create,853758720,129576339483,25
app,916278016,130492670774,25
user_create,916278016,130492670774,25
app,907354880,131400079250,25
user_create,907354880,131400079250,25
app,805107712,132205239772,25
user_create,805107712,132205239772,25
app,1297209856,133502502918,25
user_create,1297209856,133502502918,25
app,1341112064,134843667984,25
user_create,1341112064,134843667984,25
app,863265280,135706985950,25
user_create,863265280,135706985950,25
app,686767104,136393806219,25
user_create,686767104,136393806219,25
app,1031552768,137425412416,25
user_create,1031552768,137425412416,25
app,1129421056,138554890155,25
user_create,1129421056,138554890155,25
app,855732224,139410678148,25
user_create,855732224,139410678148,25
app,926646784,140337412834,25
user_create,926646784,140337412834,25
app,1022495744,141359962463,25
user_create,1022495744,141359962463,25
app,949788672,142309805154,25
user_create,949788672,142309805154,25
app,789130752,143098989248,25
user_create,789130752,143098989248,25
app,896559104,143995602846,25
user_create,896559104,143995602846,25
app,1065819392,145061475515,25
user_create,1065819392,145061475515,25
app,763488768,145825017929,25
user_create,763488768,145825017929,25
app,923433984,146748509407,25
user_create,923433984,146748509407,25
app,814344192,147562908411,25
user_create,814344192,147562908411,25
app,1070224640,148633186101,25
user_create,1070224640,148633186101,25
app,963172864,149596411943,25
user_create,963172864,149596411943,25
app,885436416,150481901884,25
user_create,885436416,150481901884,25
app,897447936,151379402160,25
user_create,897447936,151379402160,25
app,853227008,152232682228,25
user_create,853227008,152232682228,25
app,1033634048,153266369581,25
user_create,1033634048,153266369581,25
app,881142016,154147563934,25
user_create,881142016,154147563934,25
app,1118521856,155266139984,25
user_create,1118521856,155266139984,25
app,864675840,156130873441,25
user_create,864675840,156130873441,25
app,882182400,157013109207,25
user_create,882182400,157013109207,25
app,670932992,157684096574,25
user_create,670932992,157684096574,25
app,755269888,158439419984,25
user_create,755269888,158439419984,25
app,1146841088,159586314201,25
user_create,1146841088,159586314201,25
app,910850304,160497232198,25
user_create,910850304,160497232198,25
app,1057309440,161554596185,25
user_create,1057309440,161554596185,25
app,836264960,162390914678,25
user_create,836264960,162390914678,25
app,1038687488,163429655790,25
user_create,1038687488,163429655790,25
app,963020544,164392725944,25
user_create,963020544,164392725944,25
app,954206720,165346985816,25
user_create,954206720,165346985816,25
app,1479095552,166826134681,25
user_create,1479095552,166826134681,25
app,772788992,167598977088,25
user_create,772788992,167598977088,25
app,669675264,168268704175,25
user_create,669675264,168268704175,25
app,656292352,168925049781,25
user_create,656292352,168925049781,25
app,847284736,169772387504,25
user_create,847284736,169772387504,25
app,907069440,170679510354,25
user_create,907069440,170679510354,25
app,767692032,171447255611,25
user_create,767692032,171447255611,25
app,805402368,172252710342,25
user_create,805402368,172252710342,25
app,955199232,173207962751,25
user_create,955199232,173207962751,25
app,1042916864,174250932693,25
user_create,1042916864,174250932693,25
app,919798272,175170786142,25
user_create,919798272,175170786142,25
app,732052224,175902893066,25
user_create,732052224,175902893066,25
app,793034240,176695980787,25
user_create,793034240,176695980787,25
app,743418112,177439451932,25
user_create,743418112,177439451932,25
app,965609984,178405113935,25
user_create,965609984,178405113935,25
app,763242240,179168409824,25
user_create,763242240,179168409824,25
app,799079424,179967542648,25
user_create,799079424,179967542648,25
app,889015808,180856611967,25
user_create,889015808,180856611967,25
app,798582528,181655247926,25
user_create,798582528,181655247926,25
app,937319680,182592625379,25
user_create,937319680,182592625379,25
app,898538496,183491226911,25
user_create,898538496,183491226911,25
app,698145536,184189426183,25
user_create,698145536,184189426183,25
app,691659008,184881140232,25
user_create,691659008,184881140232,25
app,925206528,185806399822,25
user_create,925206528,185806399822,25
app,986321152,186792774200,25
user_create,986321152,186792774200,25
app,1054810368,187847637891,25
user_create,1054810368,187847637891,25
app,926385920,188774077177,25
user_create,926385920,188774077177,25
app,653944064,189428074359,25
user_create,653944064,189428074359,25
app,773584384,190201711654,25
user_create,773584384,190201711654,25
app,1850826496,192052591085,25
user_create,1850826496,192052591085,25
app,791375872,192844020366,25
user_create,791375872,192844020366,25
app,983037952,193827110528,25
user_create,983037952,193827110528,25
app,863629056,194690792322,25
user_create,863629056,194690792322,25
app,919532032,195610377311,25
user_create,919532032,195610377311,25
app,920706560,196531136274,25
user_create,920706560,196531136274,25
app,873794560,197404983043,25
user_create,873794560,197404983043,25
app,1006466048,198411501884,25
user_create,1006466048,198411501884,25
app,854906368,199266460895,25
user_create,854906368,199266460895,25
app,1268679424,200535191297,25
user_create,1268679424,200535191297,25
app,1123183360,201658427953,25
user_create,1123183360,201658427953,25
app,751003904,202409484863,25
user_create,751003904,202409484863,25
app,1595921664,204005459547,25
user_create,1595921664,204005459547,25
app,686664448,204692178964,25
user_create,686664448,204692178964,25
app,953945344,205646187305,25
user_create,953945344,205646187305,25
app,815376384,206461666822,25
user_create,815376384,206461666822,25
app,1428871424,207890641927,25
user_create,1428871424,207890641927,25
app,866669312,208757376670,25
user_create,866669312,208757376670,25
app,958779648,209716210842,25
user_create,958779648,209716210842,25
app,883752448,210600016593,25
user_create,883752448,210600016593,25
app,1158697216,211758767127,25
user_create,1158697216,211758767127,25
app,880405504,212639225721,25
user_create,880405504,212639225721,25
app,985156864,213624434947,25
user_create,985156864,213624434947,25
app,1015144960,214639632940,25
user_create,1015144960,214639632940,25
app,1012010240,215651696920,25
user_create,1012010240,215651696920,25
app,1030770176,216682521104,25
user_create,1030770176,216682521104,25
app,652559872,217335134029,25
user_create,652559872,217335134029,25
app,1285818624,218621004819,25
user_create,1285818624,218621004819,25
app,918981376,219540039777,25
user_create,918981376,219540039777,25
app,651965696,220192059516,25
user_create,651965696,220192059516,25
app,763433984,220955546855,25
user_create,763433984,220955546855,25
app,1639188224,222594788074,25
user_create,1639188224,222594788074,25
app,811831552,223406672954,25
user_create,811831552,223406672954,25
app,862888960,224269672393,25
user_create,862888960,224269672393,25
app,1169105664,225438830614,25
user_create,1169105664,225438830614,25
app,806876160,226245759487,25
user_create,806876160,226245759487,25
app,838066688,227083878040,25
user_create,838066688,227083878040,25
app,1170902272,228254834413,25
user_create,1170902272,228254834413,25
app,979807744,229234697341,25
user_create,979807744,229234697341,25
app,928667136,230163445711,25
user_create,928667136,230163445711,25
app,709436672,230872936248,25
user_create,709436672,230872936248,25
app,919519232,231792509317,25
user_create,919519232,231792509317,25
app,838759680,232631322383,25
user_create,838759680,232631322383,25
app,1048406272,233679781913,25
user_create,1048406272,233679781913,25
app,865410304,234545246362,25
user_create,865410304,234545246362,25
app,788193024,235333496570,25
user_create,788193024,235333496570,25
app,977602560,236311153411,25
user_create,977602560,236311153411,25
app,915798016,237227004289,25
user_create,915798016,237227004289,25
app,857807104,238084864854,25
user_create,857807104,238084864854,25
app,1083751936,239168669223,25
user_create,1083751936,239168669223,25
app,1219428352,240388149976,25
user_create,1219428352,240388149976,25
app,1068082688,241456285715,25
user_create,1068082688,241456285715,25
app,870668544,242327007293,25
user_create,870668544,242327007293,25
app,1062142464,243389202117,25
user_create,1062142464,243389202117,25
app,1143805184,244533060550,25
user_create,1143805184,244533060550,25
app,996575744,245529692649,25
user_create,996575744,245529692649,25
app,806438656,246336186170,25
user_create,806438656,246336186170,25
app,1114124288,247450363636,25
user_create,1114124288,247450363636,25
#end,247,450370,25
