20260313-055152-2382 07923 * main            (benchmark.cc:405): Starting benchmark.
20260313-055152-8892 07923 * main            (benchmark.cc:624): Creating a default paritioner!
20260313-055152-8899 07923 * Client          (client.cc:76):     Initializing StrongStore client with id [3]
20260313-055152-8911 07923 * ShardClient     (shardclient.cc:62): success in sending register client: for client id 3 1
20260313-055152-8912 07923 * ShardClient     (shardclient.cc:62): success in sending register client: for client id 3 1
20260313-055152-8912 07923 * ShardClient     (shardclient.cc:62): success in sending register client: for client id 3 1
20260313-055152-8917 07923 * ShardClient     (shardclient.cc:62): success in sending register client: for client id 3 1
20260313-055152-8918 07923 * ShardClient     (shardclient.cc:62): success in sending register client: for client id 3 1
20260313-055152-8918 07923 * ShardClient     (shardclient.cc:62): success in sending register client: for client id 3 1
20260313-055152-8923 07923 * ShardClient     (shardclient.cc:62): success in sending register client: for client id 3 1
20260313-055152-8923 07923 * ShardClient     (shardclient.cc:62): success in sending register client: for client id 3 1
20260313-055152-8924 07923 * ShardClient     (shardclient.cc:62): success in sending register client: for client id 3 1
20260313-055152-8929 07923 * ShardClient     (shardclient.cc:62): success in sending register client: for client id 3 1
20260313-055152-8929 07923 * ShardClient     (shardclient.cc:62): success in sending register client: for client id 3 1
20260313-055152-8930 07923 * ShardClient     (shardclient.cc:62): success in sending register client: for client id 3 1
20260313-055152-8935 07923 * ShardClient     (shardclient.cc:62): success in sending register client: for client id 3 1
20260313-055152-8935 07923 * ShardClient     (shardclient.cc:62): success in sending register client: for client id 3 1
20260313-055152-8936 07923 * ShardClient     (shardclient.cc:62): success in sending register client: for client id 3 1
20260313-055152-8941 07923 * ShardClient     (shardclient.cc:62): success in sending register client: for client id 3 1
20260313-055152-8941 07923 * ShardClient     (shardclient.cc:62): success in sending register client: for client id 3 1
20260313-055152-8942 07923 * ShardClient     (shardclient.cc:62): success in sending register client: for client id 3 1
20260313-055152-8946 07923 * ShardClient     (shardclient.cc:62): success in sending register client: for client id 3 1
20260313-055152-8947 07923 * ShardClient     (shardclient.cc:62): success in sending register client: for client id 3 1
20260313-055152-8947 07923 * ShardClient     (shardclient.cc:62): success in sending register client: for client id 3 1
20260313-055152-8952 07923 * ShardClient     (shardclient.cc:62): success in sending register client: for client id 3 1
20260313-055152-8952 07923 * ShardClient     (shardclient.cc:62): success in sending register client: for client id 3 1
20260313-055152-8953 07923 * ShardClient     (shardclient.cc:62): success in sending register client: for client id 3 1
20260313-055152-8957 07923 * ShardClient     (shardclient.cc:62): success in sending register client: for client id 3 1
20260313-055152-8958 07923 * ShardClient     (shardclient.cc:62): success in sending register client: for client id 3 1
20260313-055152-8958 07923 * ShardClient     (shardclient.cc:62): success in sending register client: for client id 3 1
20260313-055152-8963 07923 * ShardClient     (shardclient.cc:62): success in sending register client: for client id 3 1
20260313-055152-8964 07923 * ShardClient     (shardclient.cc:62): success in sending register client: for client id 3 1
20260313-055152-8964 07923 * ShardClient     (shardclient.cc:62): success in sending register client: for client id 3 1
20260313-055152-8964 07923 * BenchmarkClient (bench_client.cc:83): starting benchclient, issueConcurrent: 0; fanout: 1
Session created: 0
last_service: , current_state: 0
Session continued: 0
last_service: , current_state: 0
Session destroyed: 18446744073709551615
last_service: , current_state: 0
20260313-055152-9172 07923 * GetNextOperation (app_request.cc:76): AppRequest batch composition: fanout=1 reads=0 writes=1
20260313-055152-9172 07923 * ExecuteNextAppRequestOperation (bench_client.cc:407): Sending op with proto 4 and index 0
20260313-055153-5048 07923 * GetNextOperation (app_request.cc:76): AppRequest batch composition: fanout=1 reads=0 writes=1
20260313-055153-5048 07923 * ExecuteNextAppRequestOperation (bench_client.cc:407): Sending op with proto 4 and index 0
20260313-055153-9170 07923 * GetNextOperation (app_request.cc:76): AppRequest batch composition: fanout=1 reads=0 writes=1
20260313-055153-9171 07923 * ExecuteNextAppRequestOperation (bench_client.cc:407): Sending op with proto 4 and index 0
20260313-055154-3201 07923 * GetNextOperation (app_request.cc:76): AppRequest batch composition: fanout=1 reads=0 writes=1
20260313-055154-3201 07923 * ExecuteNextAppRequestOperation (bench_client.cc:407): Sending op with proto 4 and index 0
20260313-055154-7222 07923 * GetNextOperation (app_request.cc:76): AppRequest batch composition: fanout=1 reads=0 writes=1
20260313-055154-7222 07923 * ExecuteNextAppRequestOperation (bench_client.cc:407): Sending op with proto 4 and index 0
20260313-055155-1259 07923 * GetNextOperation (app_request.cc:76): AppRequest batch composition: fanout=1 reads=0 writes=1
20260313-055155-1259 07923 * ExecuteNextAppRequestOperation (bench_client.cc:407): Sending op with proto 4 and index 0
20260313-055155-5293 07923 * GetNextOperation (app_request.cc:76): AppRequest batch composition: fanout=1 reads=0 writes=1
20260313-055155-5294 07923 * ExecuteNextAppRequestOperation (bench_client.cc:407): Sending op with proto 4 and index 0
20260313-055155-9325 07923 * GetNextOperation (app_request.cc:76): AppRequest batch composition: fanout=1 reads=0 writes=1
20260313-055155-9326 07923 * ExecuteNextAppRequestOperation (bench_client.cc:407): Sending op with proto 4 and index 0
20260313-055156-3359 07923 * GetNextOperation (app_request.cc:76): AppRequest batch composition: fanout=1 reads=0 writes=1
20260313-055156-3360 07923 * ExecuteNextAppRequestOperation (bench_client.cc:407): Sending op with proto 4 and index 0
20260313-055156-7397 07923 * GetNextOperation (app_request.cc:76): AppRequest batch composition: fanout=1 reads=0 writes=1
20260313-055156-7398 07923 * ExecuteNextAppRequestOperation (bench_client.cc:407): Sending op with proto 4 and index 0
20260313-055156-9172 07923 * WarmupDone      (bench_client.cc:727): Completed warmup period of 4 seconds with 9 requests
20260313-055157-1437 07923 * GetNextOperation (app_request.cc:76): AppRequest batch composition: fanout=1 reads=0 writes=1
20260313-055157-1438 07923 * ExecuteNextAppRequestOperation (bench_client.cc:407): Sending op with proto 4 and index 0
20260313-055157-5471 07923 * GetNextOperation (app_request.cc:76): AppRequest batch composition: fanout=1 reads=0 writes=1
20260313-055157-5472 07923 * ExecuteNextAppRequestOperation (bench_client.cc:407): Sending op with proto 4 and index 0
20260313-055157-9505 07923 * GetNextOperation (app_request.cc:76): AppRequest batch composition: fanout=1 reads=0 writes=1
20260313-055157-9506 07923 * ExecuteNextAppRequestOperation (bench_client.cc:407): Sending op with proto 4 and index 0
20260313-055158-3536 07923 * GetNextOperation (app_request.cc:76): AppRequest batch composition: fanout=1 reads=0 writes=1
20260313-055158-3537 07923 * ExecuteNextAppRequestOperation (bench_client.cc:407): Sending op with proto 4 and index 0
20260313-055158-7568 07923 * GetNextOperation (app_request.cc:76): AppRequest batch composition: fanout=1 reads=0 writes=1
20260313-055158-7569 07923 * ExecuteNextAppRequestOperation (bench_client.cc:407): Sending op with proto 4 and index 0
20260313-055159-1594 07923 * GetNextOperation (app_request.cc:76): AppRequest batch composition: fanout=1 reads=0 writes=1
20260313-055159-1595 07923 * ExecuteNextAppRequestOperation (bench_client.cc:407): Sending op with proto 4 and index 0
20260313-055159-5626 07923 * GetNextOperation (app_request.cc:76): AppRequest batch composition: fanout=1 reads=0 writes=1
20260313-055159-5627 07923 * ExecuteNextAppRequestOperation (bench_client.cc:407): Sending op with proto 4 and index 0
20260313-055159-9663 07923 * GetNextOperation (app_request.cc:76): AppRequest batch composition: fanout=1 reads=0 writes=1
20260313-055159-9664 07923 * ExecuteNextAppRequestOperation (bench_client.cc:407): Sending op with proto 4 and index 0
20260313-055200-3694 07923 * GetNextOperation (app_request.cc:76): AppRequest batch composition: fanout=1 reads=0 writes=1
20260313-055200-3695 07923 * ExecuteNextAppRequestOperation (bench_client.cc:407): Sending op with proto 4 and index 0
20260313-055200-7734 07923 * GetNextOperation (app_request.cc:76): AppRequest batch composition: fanout=1 reads=0 writes=1
20260313-055200-7735 07923 * ExecuteNextAppRequestOperation (bench_client.cc:407): Sending op with proto 4 and index 0
20260313-055201-1771 07923 * GetNextOperation (app_request.cc:76): AppRequest batch composition: fanout=1 reads=0 writes=1
20260313-055201-1771 07923 * ExecuteNextAppRequestOperation (bench_client.cc:407): Sending op with proto 4 and index 0
20260313-055201-5794 07923 * GetNextOperation (app_request.cc:76): AppRequest batch composition: fanout=1 reads=0 writes=1
20260313-055201-5795 07923 * ExecuteNextAppRequestOperation (bench_client.cc:407): Sending op with proto 4 and index 0
20260313-055201-9826 07923 * GetNextOperation (app_request.cc:76): AppRequest batch composition: fanout=1 reads=0 writes=1
20260313-055201-9826 07923 * ExecuteNextAppRequestOperation (bench_client.cc:407): Sending op with proto 4 and index 0
20260313-055202-3858 07923 * GetNextOperation (app_request.cc:76): AppRequest batch composition: fanout=1 reads=0 writes=1
20260313-055202-3858 07923 * ExecuteNextAppRequestOperation (bench_client.cc:407): Sending op with proto 4 and index 0
20260313-055202-7888 07923 * GetNextOperation (app_request.cc:76): AppRequest batch composition: fanout=1 reads=0 writes=1
20260313-055202-7889 07923 * ExecuteNextAppRequestOperation (bench_client.cc:407): Sending op with proto 4 and index 0
20260313-055203-1919 07923 * GetNextOperation (app_request.cc:76): AppRequest batch composition: fanout=1 reads=0 writes=1
20260313-055203-1920 07923 * ExecuteNextAppRequestOperation (bench_client.cc:407): Sending op with proto 4 and index 0
20260313-055203-5959 07923 * GetNextOperation (app_request.cc:76): AppRequest batch composition: fanout=1 reads=0 writes=1
20260313-055203-5960 07923 * ExecuteNextAppRequestOperation (bench_client.cc:407): Sending op with proto 4 and index 0
20260313-055204-0000 07923 * GetNextOperation (app_request.cc:76): AppRequest batch composition: fanout=1 reads=0 writes=1
20260313-055204-0001 07923 * ExecuteNextAppRequestOperation (bench_client.cc:407): Sending op with proto 4 and index 0
20260313-055204-4032 07923 * GetNextOperation (app_request.cc:76): AppRequest batch composition: fanout=1 reads=0 writes=1
20260313-055204-4033 07923 * ExecuteNextAppRequestOperation (bench_client.cc:407): Sending op with proto 4 and index 0
20260313-055204-8073 07923 * GetNextOperation (app_request.cc:76): AppRequest batch composition: fanout=1 reads=0 writes=1
20260313-055204-8074 07923 * ExecuteNextAppRequestOperation (bench_client.cc:407): Sending op with proto 4 and index 0
20260313-055205-2106 07923 * GetNextOperation (app_request.cc:76): AppRequest batch composition: fanout=1 reads=0 writes=1
20260313-055205-2107 07923 * ExecuteNextAppRequestOperation (bench_client.cc:407): Sending op with proto 4 and index 0
20260313-055205-6128 07923 * GetNextOperation (app_request.cc:76): AppRequest batch composition: fanout=1 reads=0 writes=1
20260313-055205-6129 07923 * ExecuteNextAppRequestOperation (bench_client.cc:407): Sending op with proto 4 and index 0
20260313-055206-0168 07923 * GetNextOperation (app_request.cc:76): AppRequest batch composition: fanout=1 reads=0 writes=1
20260313-055206-0169 07923 * ExecuteNextAppRequestOperation (bench_client.cc:407): Sending op with proto 4 and index 0
20260313-055206-4208 07923 * GetNextOperation (app_request.cc:76): AppRequest batch composition: fanout=1 reads=0 writes=1
20260313-055206-4209 07923 * ExecuteNextAppRequestOperation (bench_client.cc:407): Sending op with proto 4 and index 0
20260313-055206-8246 07923 * GetNextOperation (app_request.cc:76): AppRequest batch composition: fanout=1 reads=0 writes=1
20260313-055206-8247 07923 * ExecuteNextAppRequestOperation (bench_client.cc:407): Sending op with proto 4 and index 0
20260313-055207-2286 07923 * GetNextOperation (app_request.cc:76): AppRequest batch composition: fanout=1 reads=0 writes=1
20260313-055207-2287 07923 * ExecuteNextAppRequestOperation (bench_client.cc:407): Sending op with proto 4 and index 0
20260313-055207-6320 07923 * GetNextOperation (app_request.cc:76): AppRequest batch composition: fanout=1 reads=0 writes=1
20260313-055207-6321 07923 * ExecuteNextAppRequestOperation (bench_client.cc:407): Sending op with proto 4 and index 0
20260313-055208-0348 07923 * GetNextOperation (app_request.cc:76): AppRequest batch composition: fanout=1 reads=0 writes=1
20260313-055208-0349 07923 * ExecuteNextAppRequestOperation (bench_client.cc:407): Sending op with proto 4 and index 0
20260313-055208-4388 07923 * GetNextOperation (app_request.cc:76): AppRequest batch composition: fanout=1 reads=0 writes=1
20260313-055208-4389 07923 * ExecuteNextAppRequestOperation (bench_client.cc:407): Sending op with proto 4 and index 0
20260313-055208-8431 07923 * GetNextOperation (app_request.cc:76): AppRequest batch composition: fanout=1 reads=0 writes=1
20260313-055208-8432 07923 * ExecuteNextAppRequestOperation (bench_client.cc:407): Sending op with proto 4 and index 0
20260313-055209-2463 07923 * GetNextOperation (app_request.cc:76): AppRequest batch composition: fanout=1 reads=0 writes=1
20260313-055209-2464 07923 * ExecuteNextAppRequestOperation (bench_client.cc:407): Sending op with proto 4 and index 0
20260313-055209-6487 07923 * GetNextOperation (app_request.cc:76): AppRequest batch composition: fanout=1 reads=0 writes=1
20260313-055209-6487 07923 * ExecuteNextAppRequestOperation (bench_client.cc:407): Sending op with proto 4 and index 0
20260313-055210-0528 07923 * GetNextOperation (app_request.cc:76): AppRequest batch composition: fanout=1 reads=0 writes=1
20260313-055210-0528 07923 * ExecuteNextAppRequestOperation (bench_client.cc:407): Sending op with proto 4 and index 0
20260313-055210-4568 07923 * GetNextOperation (app_request.cc:76): AppRequest batch composition: fanout=1 reads=0 writes=1
20260313-055210-4568 07923 * ExecuteNextAppRequestOperation (bench_client.cc:407): Sending op with proto 4 and index 0
20260313-055210-8598 07923 * GetNextOperation (app_request.cc:76): AppRequest batch composition: fanout=1 reads=0 writes=1
20260313-055210-8598 07923 * ExecuteNextAppRequestOperation (bench_client.cc:407): Sending op with proto 4 and index 0
20260313-055211-2632 07923 * GetNextOperation (app_request.cc:76): AppRequest batch composition: fanout=1 reads=0 writes=1
20260313-055211-2633 07923 * ExecuteNextAppRequestOperation (bench_client.cc:407): Sending op with proto 4 and index 0
20260313-055211-6657 07923 * GetNextOperation (app_request.cc:76): AppRequest batch composition: fanout=1 reads=0 writes=1
20260313-055211-6658 07923 * ExecuteNextAppRequestOperation (bench_client.cc:407): Sending op with proto 4 and index 0
20260313-055212-0685 07923 * GetNextOperation (app_request.cc:76): AppRequest batch composition: fanout=1 reads=0 writes=1
20260313-055212-0686 07923 * ExecuteNextAppRequestOperation (bench_client.cc:407): Sending op with proto 4 and index 0
20260313-055212-4712 07923 * GetNextOperation (app_request.cc:76): AppRequest batch composition: fanout=1 reads=0 writes=1
20260313-055212-4713 07923 * ExecuteNextAppRequestOperation (bench_client.cc:407): Sending op with proto 4 and index 0
20260313-055212-8754 07923 * GetNextOperation (app_request.cc:76): AppRequest batch composition: fanout=1 reads=0 writes=1
20260313-055212-8754 07923 * ExecuteNextAppRequestOperation (bench_client.cc:407): Sending op with proto 4 and index 0
20260313-055213-2792 07923 * GetNextOperation (app_request.cc:76): AppRequest batch composition: fanout=1 reads=0 writes=1
20260313-055213-2793 07923 * ExecuteNextAppRequestOperation (bench_client.cc:407): Sending op with proto 4 and index 0
20260313-055213-6821 07923 * GetNextOperation (app_request.cc:76): AppRequest batch composition: fanout=1 reads=0 writes=1
20260313-055213-6822 07923 * ExecuteNextAppRequestOperation (bench_client.cc:407): Sending op with proto 4 and index 0
20260313-055214-0862 07923 * GetNextOperation (app_request.cc:76): AppRequest batch composition: fanout=1 reads=0 writes=1
20260313-055214-0863 07923 * ExecuteNextAppRequestOperation (bench_client.cc:407): Sending op with proto 4 and index 0
20260313-055214-4884 07923 * GetNextOperation (app_request.cc:76): AppRequest batch composition: fanout=1 reads=0 writes=1
20260313-055214-4885 07923 * ExecuteNextAppRequestOperation (bench_client.cc:407): Sending op with proto 4 and index 0
20260313-055214-8913 07923 * GetNextOperation (app_request.cc:76): AppRequest batch composition: fanout=1 reads=0 writes=1
20260313-055214-8914 07923 * ExecuteNextAppRequestOperation (bench_client.cc:407): Sending op with proto 4 and index 0
20260313-055215-2941 07923 * GetNextOperation (app_request.cc:76): AppRequest batch composition: fanout=1 reads=0 writes=1
20260313-055215-2942 07923 * ExecuteNextAppRequestOperation (bench_client.cc:407): Sending op with proto 4 and index 0
20260313-055215-6974 07923 * GetNextOperation (app_request.cc:76): AppRequest batch composition: fanout=1 reads=0 writes=1
20260313-055215-6975 07923 * ExecuteNextAppRequestOperation (bench_client.cc:407): Sending op with proto 4 and index 0
20260313-055216-1010 07923 * GetNextOperation (app_request.cc:76): AppRequest batch composition: fanout=1 reads=0 writes=1
20260313-055216-1011 07923 * ExecuteNextAppRequestOperation (bench_client.cc:407): Sending op with proto 4 and index 0
20260313-055216-5053 07923 * GetNextOperation (app_request.cc:76): AppRequest batch composition: fanout=1 reads=0 writes=1
20260313-055216-5054 07923 * ExecuteNextAppRequestOperation (bench_client.cc:407): Sending op with proto 4 and index 0
20260313-055216-9082 07923 * GetNextOperation (app_request.cc:76): AppRequest batch composition: fanout=1 reads=0 writes=1
20260313-055216-9083 07923 * ExecuteNextAppRequestOperation (bench_client.cc:407): Sending op with proto 4 and index 0
20260313-055217-3118 07923 * GetNextOperation (app_request.cc:76): AppRequest batch composition: fanout=1 reads=0 writes=1
20260313-055217-3118 07923 * ExecuteNextAppRequestOperation (bench_client.cc:407): Sending op with proto 4 and index 0
20260313-055217-7143 07923 * GetNextOperation (app_request.cc:76): AppRequest batch composition: fanout=1 reads=0 writes=1
20260313-055217-7144 07923 * ExecuteNextAppRequestOperation (bench_client.cc:407): Sending op with proto 4 and index 0
20260313-055218-1184 07923 * GetNextOperation (app_request.cc:76): AppRequest batch composition: fanout=1 reads=0 writes=1
20260313-055218-1185 07923 * ExecuteNextAppRequestOperation (bench_client.cc:407): Sending op with proto 4 and index 0
20260313-055218-5222 07923 * GetNextOperation (app_request.cc:76): AppRequest batch composition: fanout=1 reads=0 writes=1
20260313-055218-5223 07923 * ExecuteNextAppRequestOperation (bench_client.cc:407): Sending op with proto 4 and index 0
20260313-055218-9250 07923 * GetNextOperation (app_request.cc:76): AppRequest batch composition: fanout=1 reads=0 writes=1
20260313-055218-9251 07923 * ExecuteNextAppRequestOperation (bench_client.cc:407): Sending op with proto 4 and index 0
20260313-055219-3284 07923 * GetNextOperation (app_request.cc:76): AppRequest batch composition: fanout=1 reads=0 writes=1
20260313-055219-3285 07923 * ExecuteNextAppRequestOperation (bench_client.cc:407): Sending op with proto 4 and index 0
20260313-055219-7322 07923 * GetNextOperation (app_request.cc:76): AppRequest batch composition: fanout=1 reads=0 writes=1
20260313-055219-7323 07923 * ExecuteNextAppRequestOperation (bench_client.cc:407): Sending op with proto 4 and index 0
20260313-055220-1343 07923 * Finish          (bench_client.cc:921): Completed 57 requests in 23.394615 seconds
20260313-055220-1344 07923 * Finish          (bench_client.cc:922): 1 outstanding transactions.
20260313-055220-1364 07923 * GetNextOperation (app_request.cc:76): AppRequest batch composition: fanout=1 reads=0 writes=1
20260313-055220-1365 07923 * ExecuteNextAppRequestOperation (bench_client.cc:407): Sending op with proto 4 and index 0
Session continued: 0
last_service: , current_state: 0
Session destroyed: 18446744073709551615
last_service: , current_state: 0
Session continued: 0
last_service: , current_state: 0
Session destroyed: 18446744073709551615
last_service: , current_state: 0
Session destroyed: 0
last_service: , current_state: 0
20260313-055221-9175 07923 * FlushStats      (benchmark.cc:916): Flushing stats to /mnt/extra/experiments/2026-04-13-05-51-22/out/client-1-1-0-stats-0.json.
20260313-055221-9177 07923 * FlushStats      (benchmark.cc:928): All done!
20260313-055224-1346 07923 * Cleanup         (bench_client.cc:749): Aborting 0 outstanding transactions.
20260313-055224-1347 07923 * CooldownDone    (bench_client.cc:779): Finished cooldown period.
20260313-055224-1348 07923 * CooldownDone    (bench_client.cc:786): Median latency is 402095146 ns (402 ms)
20260313-055224-1348 07923 * CooldownDone    (bench_client.cc:795): Average latency is 402102969 ns (402 ms)
20260313-055224-1349 07923 * CooldownDone    (bench_client.cc:799): 90th percentile latency is 402228202 ns (402 ms)
20260313-055224-1349 07923 * CooldownDone    (bench_client.cc:803): 95th percentile latency is 402389174 ns (402 ms)
20260313-055224-1350 07923 * CooldownDone    (bench_client.cc:807): 99th percentile latency is 402514508 ns (402 ms)
20260313-055224-1350 07923 * LATENCY total: 401 ms 402 ms/268 ms 402 ms (58 samples, 23 s total)
20260313-055224-1351 07923 *     268 ms |         58 | ==================================================
20260313-055224-1352 07923 * Stop            (tcptransport.cc:605): [TCP SUMMARY] outgoingCreated=30 outgoingClosed=0 incomingCreated=0 incomingClosed=0 outgoingPeak=30 incomingPeak=0
Inserted events:
  0x558337ea1390 [fd  7] Read Persist Internal
  0x558337ec0860 [fd  9] Read Persist
  0x558337ec5060 [fd  10] Read Persist
  0x558337ec12c0 [fd  11] Read Persist
  0x558337ebf890 [fd  12] Read Persist
  0x558337ec2890 [fd  13] Read Persist
  0x558337ec0120 [fd  14] Read Persist
  0x558337ec5450 [fd  15] Read Persist
  0x558337ec42c0 [fd  16] Read Persist
  0x558337ec4b40 [fd  17] Read Persist
  0x558337edd450 [fd  18] Read Persist
  0x558337edda80 [fd  19] Read Persist
  0x558337ede180 [fd  20] Read Persist
  0x558337edf020 [fd  21] Read Persist
  0x558337edf840 [fd  22] Read Persist
  0x558337ee0060 [fd  23] Read Persist
  0x558337ee0f90 [fd  24] Read Persist
  0x558337ee17b0 [fd  25] Read Persist
  0x558337ee2230 [fd  26] Read Persist
  0x558337ee3160 [fd  27] Read Persist
  0x558337ee39d0 [fd  28] Read Persist
  0x558337ee4320 [fd  29] Read Persist
  0x558337ee54e0 [fd  30] Read Persist
  0x558337ee5e20 [fd  31] Read Persist
  0x558337ee6790 [fd  32] Read Persist
  0x558337ee7b40 [fd  33] Read Persist
  0x558337ee8460 [fd  34] Read Persist
  0x558337ee8dd0 [fd  35] Read Persist
  0x558337eea010 [fd  36] Read Persist
  0x558337eea8f0 [fd  37] Read Persist
  0x558337eeb260 [fd  38] Read Persist
Active events:
20260313-055224-1358 07923 * main            (benchmark.cc:875): Cleaning up after experiment.
20260313-055224-1358 07923 * FlushStats      (benchmark.cc:916): Flushing stats to /mnt/extra/experiments/2026-04-13-05-51-22/out/client-1-1-0-stats-0.json.
20260313-055224-1361 07923 * FlushStats      (benchmark.cc:928): All done!
