20260110-080423-6132 17297 * Client          (client.cc:73):     Initializing StrongStore client with id [1]
20260110-080423-6137 17297 * BenchmarkClient (bench_client.cc:89): starting benchclient, issueConcurrent: 0; fanout: 1
Session created: 0
last_service: , current_state: 0
Session continued: 0
last_service: , current_state: 0
Session destroyed: 18446744073709551615
last_service: , current_state: 0
20260110-080918-0363 17297 * Stop            (tcptransport.cc:606): [TCP SUMMARY] outgoingCreated=10 outgoingClosed=0 incomingCreated=0 incomingClosed=0 outgoingPeak=10 incomingPeak=0
Inserted events:
  0x16b7ef0 [fd  7] Read Persist Internal
  0x16c05a0 [fd  8] Read Persist
  0x16c0ef0 [fd  9] Read Persist
  0x16d67d0 [fd  10] Read Persist
  0x16e0f40 [fd  11] Read Persist
  0x16e12e0 [fd  12] Read Persist
  0x16e1a70 [fd  13] Read Persist
  0x16e2550 [fd  14] Read Persist
  0x16e2f20 [fd  15] Read Persist
  0x16e3980 [fd  16] Read Persist
  0x16e4730 [fd  17] Read Persist
  0x7fc620000b20 [fd  -1] Persist Timeout=1770736158.064035
Active events:
20260110-080918-0367 17297 * ~BenchmarkClient (bench_client.cc:114): Stopped event loop and Joined the thread it ran on
