20260217-154948-7498 28433 * main            (benchmark.cc:402): Starting benchmark.
20260217-154957-9035 28433 * main            (benchmark.cc:621): Creating a default paritioner!
20260217-154957-9040 28433 * Client          (client.cc:77):     Initializing StrongStore client with id [13]
20260217-154957-9041 28433 * BenchmarkClient (bench_client.cc:81): starting benchclient, issueConcurrent: 0; fanout: 1
Session created: 0
last_service: , current_state: 0
Session continued: 0
last_service: , current_state: 0
Session destroyed: 18446744073709551615
last_service: , current_state: 0
20260217-155004-1354 28433 * WarmupDone      (bench_client.cc:739): Completed warmup period of 5 seconds with 882 requests
20260217-155035-1405 28433 * Finish          (bench_client.cc:933): Completed 5244 requests in 31.006480 seconds
20260217-155035-1405 28433 * Finish          (bench_client.cc:934): 1 outstanding transactions.
Session continued: 0
last_service: , current_state: 0
Session destroyed: 18446744073709551615
last_service: , current_state: 0
Session continued: 0
last_service: , current_state: 0
Session destroyed: 18446744073709551615
last_service: , current_state: 0
Session destroyed: 0
last_service: , current_state: 0
20260217-155038-1356 28433 * FlushStats      (benchmark.cc:890): Flushing stats to /mnt/extra/experiments/2026-03-17-15-49-24/out/client-0-0-13-stats-0.json.
20260217-155038-1359 28433 * FlushStats      (benchmark.cc:902): All done!
20260217-155040-1409 28433 * Cleanup         (bench_client.cc:761): Aborting 0 outstanding transactions.
20260217-155040-1410 28433 * CooldownDone    (bench_client.cc:791): Finished cooldown period.
20260217-155040-1460 28433 * CooldownDone    (bench_client.cc:798): Median latency is 5834709 ns (5834 us)
20260217-155040-1463 28433 * CooldownDone    (bench_client.cc:807): Average latency is 5853814 ns (5853 us)
20260217-155040-1463 28433 * CooldownDone    (bench_client.cc:811): 90th percentile latency is 6972756 ns (6972 us)
20260217-155040-1464 28433 * CooldownDone    (bench_client.cc:815): 95th percentile latency is 7239086 ns (7239 us)
20260217-155040-1464 28433 * CooldownDone    (bench_client.cc:819): 99th percentile latency is 7677181 ns (7677 us)
20260217-155040-1465 28433 * LATENCY total: 2978 us 5853 us/4194 us 8469 us (5245 samples, 30 s total)
20260217-155040-1465 28433 *    2097 us |        148 | =
20260217-155040-1466 28433 *    4194 us |       5096 | ==================================================
20260217-155040-1466 28433 *    8388 us |          1 | 
20260217-155040-1527 28433 * Stop            (tcptransport.cc:581): [TCP SUMMARY] outgoingCreated=1 outgoingClosed=0 incomingCreated=0 incomingClosed=0 outgoingPeak=1 incomingPeak=0
Inserted events:
  0x55732244bef0 [fd  7] Read Persist Internal
  0x557322458500 [fd  9] Read Persist
Active events:
20260217-155040-1528 28433 * main            (benchmark.cc:849): Cleaning up after experiment.
20260217-155040-1528 28433 * FlushStats      (benchmark.cc:890): Flushing stats to /mnt/extra/experiments/2026-03-17-15-49-24/out/client-0-0-13-stats-0.json.
20260217-155040-1529 28433 * FlushStats      (benchmark.cc:902): All done!
