20260217-154948-8015 28529 * main            (benchmark.cc:402): Starting benchmark.
20260217-154957-9955 28529 * main            (benchmark.cc:621): Creating a default paritioner!
20260217-154957-9958 28529 * Client          (client.cc:77):     Initializing StrongStore client with id [68]
20260217-154957-9960 28529 * BenchmarkClient (bench_client.cc:81): starting benchclient, issueConcurrent: 0; fanout: 1
Session created: 0
last_service: , current_state: 0
Session continued: 0
last_service: , current_state: 0
Session destroyed: 18446744073709551615
last_service: , current_state: 0
20260217-155004-2039 28529 * WarmupDone      (bench_client.cc:739): Completed warmup period of 5 seconds with 856 requests
20260217-155035-2084 28529 * Finish          (bench_client.cc:933): Completed 5266 requests in 31.006345 seconds
20260217-155035-2085 28529 * Finish          (bench_client.cc:934): 1 outstanding transactions.
Session continued: 0
last_service: , current_state: 0
Session destroyed: 18446744073709551615
last_service: , current_state: 0
Session continued: 0
last_service: , current_state: 0
Session destroyed: 18446744073709551615
last_service: , current_state: 0
Session destroyed: 0
last_service: , current_state: 0
20260217-155038-2043 28529 * FlushStats      (benchmark.cc:890): Flushing stats to /mnt/extra/experiments/2026-03-17-15-49-24/out/client-0-0-68-stats-0.json.
20260217-155038-2046 28529 * FlushStats      (benchmark.cc:902): All done!
20260217-155040-2088 28529 * Cleanup         (bench_client.cc:761): Aborting 0 outstanding transactions.
20260217-155040-2089 28529 * CooldownDone    (bench_client.cc:791): Finished cooldown period.
20260217-155040-2121 28529 * CooldownDone    (bench_client.cc:798): Median latency is 5858227 ns (5858 us)
20260217-155040-2123 28529 * CooldownDone    (bench_client.cc:807): Average latency is 5832178 ns (5832 us)
20260217-155040-2124 28529 * CooldownDone    (bench_client.cc:811): 90th percentile latency is 6952440 ns (6952 us)
20260217-155040-2124 28529 * CooldownDone    (bench_client.cc:815): 95th percentile latency is 7226720 ns (7226 us)
20260217-155040-2124 28529 * CooldownDone    (bench_client.cc:819): 99th percentile latency is 7648753 ns (7648 us)
20260217-155040-2125 28529 * LATENCY total: 2868 us 5832 us/4194 us 8255 us (5267 samples, 30 s total)
20260217-155040-2125 28529 *    2097 us |        266 | ==
20260217-155040-2125 28529 *    4194 us |       5001 | ==================================================
20260217-155040-2128 28529 * Stop            (tcptransport.cc:581): [TCP SUMMARY] outgoingCreated=1 outgoingClosed=0 incomingCreated=0 incomingClosed=0 outgoingPeak=1 incomingPeak=0
Inserted events:
  0x55ae60185ef0 [fd  7] Read Persist Internal
  0x55ae60192500 [fd  9] Read Persist
Active events:
20260217-155040-2129 28529 * main            (benchmark.cc:849): Cleaning up after experiment.
20260217-155040-2131 28529 * FlushStats      (benchmark.cc:890): Flushing stats to /mnt/extra/experiments/2026-03-17-15-49-24/out/client-0-0-68-stats-0.json.
20260217-155040-2134 28529 * FlushStats      (benchmark.cc:902): All done!
