20260217-154948-7658 28420 * main            (benchmark.cc:402): Starting benchmark.
20260217-154957-9708 28420 * main            (benchmark.cc:621): Creating a default paritioner!
20260217-154957-9713 28420 * Client          (client.cc:77):     Initializing StrongStore client with id [5]
20260217-154957-9714 28420 * BenchmarkClient (bench_client.cc:81): starting benchclient, issueConcurrent: 0; fanout: 1
Session created: 0
last_service: , current_state: 0
Session continued: 0
last_service: , current_state: 0
Session destroyed: 18446744073709551615
last_service: , current_state: 0
20260217-155004-1856 28420 * WarmupDone      (bench_client.cc:739): Completed warmup period of 5 seconds with 867 requests
20260217-155035-1879 28420 * Finish          (bench_client.cc:933): Completed 5250 requests in 31.007336 seconds
20260217-155035-1880 28420 * Finish          (bench_client.cc:934): 1 outstanding transactions.
Session continued: 0
last_service: , current_state: 0
Session destroyed: 18446744073709551615
last_service: , current_state: 0
Session continued: 0
last_service: , current_state: 0
Session destroyed: 18446744073709551615
last_service: , current_state: 0
Session destroyed: 0
last_service: , current_state: 0
20260217-155038-1860 28420 * FlushStats      (benchmark.cc:890): Flushing stats to /mnt/extra/experiments/2026-03-17-15-49-24/out/client-0-0-5-stats-0.json.
20260217-155038-1862 28420 * FlushStats      (benchmark.cc:902): All done!
20260217-155040-1882 28420 * Cleanup         (bench_client.cc:761): Aborting 0 outstanding transactions.
20260217-155040-1882 28420 * CooldownDone    (bench_client.cc:791): Finished cooldown period.
20260217-155040-1944 28420 * CooldownDone    (bench_client.cc:798): Median latency is 5828683 ns (5828 us)
20260217-155040-1948 28420 * CooldownDone    (bench_client.cc:807): Average latency is 5845348 ns (5845 us)
20260217-155040-1949 28420 * CooldownDone    (bench_client.cc:811): 90th percentile latency is 6969025 ns (6969 us)
20260217-155040-1950 28420 * CooldownDone    (bench_client.cc:815): 95th percentile latency is 7225594 ns (7225 us)
20260217-155040-1950 28420 * CooldownDone    (bench_client.cc:819): 99th percentile latency is 7658455 ns (7658 us)
20260217-155040-1951 28420 * LATENCY total: 2885 us 5845 us/4194 us 8489 us (5251 samples, 30 s total)
20260217-155040-1952 28420 *    2097 us |        160 | =
20260217-155040-1953 28420 *    4194 us |       5089 | ==================================================
20260217-155040-1953 28420 *    8388 us |          2 | 
20260217-155040-1957 28420 * Stop            (tcptransport.cc:581): [TCP SUMMARY] outgoingCreated=1 outgoingClosed=0 incomingCreated=0 incomingClosed=0 outgoingPeak=1 incomingPeak=0
Inserted events:
  0x55fb9e172ef0 [fd  7] Read Persist Internal
  0x55fb9e17f500 [fd  9] Read Persist
Active events:
20260217-155040-1959 28420 * main            (benchmark.cc:849): Cleaning up after experiment.
20260217-155040-1960 28420 * FlushStats      (benchmark.cc:890): Flushing stats to /mnt/extra/experiments/2026-03-17-15-49-24/out/client-0-0-5-stats-0.json.
20260217-155040-2085 28420 * FlushStats      (benchmark.cc:902): All done!
