20260217-154948-9124 28645 * main            (benchmark.cc:402): Starting benchmark.
20260217-154958-0382 28645 * main            (benchmark.cc:621): Creating a default paritioner!
20260217-154958-0385 28645 * Client          (client.cc:77):     Initializing StrongStore client with id [119]
20260217-154958-0387 28645 * BenchmarkClient (bench_client.cc:81): starting benchclient, issueConcurrent: 0; fanout: 1
Session created: 0
last_service: , current_state: 0
Session continued: 0
last_service: , current_state: 0
Session destroyed: 18446744073709551615
last_service: , current_state: 0
20260217-155004-2148 28645 * WarmupDone      (bench_client.cc:739): Completed warmup period of 5 seconds with 852 requests
20260217-155035-2162 28645 * Finish          (bench_client.cc:933): Completed 5241 requests in 31.001164 seconds
20260217-155035-2163 28645 * Finish          (bench_client.cc:934): 1 outstanding transactions.
Session continued: 0
last_service: , current_state: 0
Session destroyed: 18446744073709551615
last_service: , current_state: 0
Session continued: 0
last_service: , current_state: 0
Session destroyed: 18446744073709551615
last_service: , current_state: 0
Session destroyed: 0
last_service: , current_state: 0
20260217-155038-2148 28645 * FlushStats      (benchmark.cc:890): Flushing stats to /mnt/extra/experiments/2026-03-17-15-49-24/out/client-0-0-119-stats-0.json.
20260217-155038-2151 28645 * FlushStats      (benchmark.cc:902): All done!
20260217-155040-2165 28645 * Cleanup         (bench_client.cc:761): Aborting 0 outstanding transactions.
20260217-155040-2166 28645 * CooldownDone    (bench_client.cc:791): Finished cooldown period.
20260217-155040-2246 28645 * CooldownDone    (bench_client.cc:798): Median latency is 5816555 ns (5816 us)
20260217-155040-2719 28645 * CooldownDone    (bench_client.cc:807): Average latency is 5851445 ns (5851 us)
20260217-155040-2720 28645 * CooldownDone    (bench_client.cc:811): 90th percentile latency is 6975609 ns (6975 us)
20260217-155040-2721 28645 * CooldownDone    (bench_client.cc:815): 95th percentile latency is 7287980 ns (7287 us)
20260217-155040-2721 28645 * CooldownDone    (bench_client.cc:819): 99th percentile latency is 7717419 ns (7717 us)
20260217-155040-2723 28645 * LATENCY total: 2523 us 5851 us/4194 us 8846 us (5242 samples, 30 s total)
20260217-155040-2724 28645 *    2097 us |        125 | =
20260217-155040-2724 28645 *    4194 us |       5110 | ==================================================
20260217-155040-2725 28645 *    8388 us |          7 | 
20260217-155040-2729 28645 * Stop            (tcptransport.cc:581): [TCP SUMMARY] outgoingCreated=1 outgoingClosed=0 incomingCreated=0 incomingClosed=0 outgoingPeak=1 incomingPeak=0
Inserted events:
  0x55b85f727ef0 [fd  7] Read Persist Internal
  0x55b85f734500 [fd  9] Read Persist
Active events:
20260217-155040-2732 28645 * main            (benchmark.cc:849): Cleaning up after experiment.
20260217-155040-2733 28645 * FlushStats      (benchmark.cc:890): Flushing stats to /mnt/extra/experiments/2026-03-17-15-49-24/out/client-0-0-119-stats-0.json.
20260217-155040-2736 28645 * FlushStats      (benchmark.cc:902): All done!
