20260313-061344-5810 04858 * main            (benchmark.cc:405): Starting benchmark.
20260313-061345-3841 04858 * main            (benchmark.cc:624): Creating a default paritioner!
20260313-061345-3850 04858 * Client          (client.cc:76):     Initializing StrongStore client with id [2]
20260313-061345-3862 04858 * ShardClient     (shardclient.cc:62): success in sending register client: for client id 2 1
20260313-061345-3863 04858 * ShardClient     (shardclient.cc:62): success in sending register client: for client id 2 1
20260313-061345-3863 04858 * ShardClient     (shardclient.cc:62): success in sending register client: for client id 2 1
20260313-061345-3868 04858 * ShardClient     (shardclient.cc:62): success in sending register client: for client id 2 1
20260313-061345-3869 04858 * ShardClient     (shardclient.cc:62): success in sending register client: for client id 2 1
20260313-061345-3869 04858 * ShardClient     (shardclient.cc:62): success in sending register client: for client id 2 1
20260313-061345-3874 04858 * ShardClient     (shardclient.cc:62): success in sending register client: for client id 2 1
20260313-061345-3875 04858 * ShardClient     (shardclient.cc:62): success in sending register client: for client id 2 1
20260313-061345-3875 04858 * ShardClient     (shardclient.cc:62): success in sending register client: for client id 2 1
20260313-061345-3880 04858 * ShardClient     (shardclient.cc:62): success in sending register client: for client id 2 1
20260313-061345-3881 04858 * ShardClient     (shardclient.cc:62): success in sending register client: for client id 2 1
20260313-061345-3881 04858 * ShardClient     (shardclient.cc:62): success in sending register client: for client id 2 1
20260313-061345-3886 04858 * ShardClient     (shardclient.cc:62): success in sending register client: for client id 2 1
20260313-061345-3887 04858 * ShardClient     (shardclient.cc:62): success in sending register client: for client id 2 1
20260313-061345-3887 04858 * ShardClient     (shardclient.cc:62): success in sending register client: for client id 2 1
20260313-061345-3892 04858 * ShardClient     (shardclient.cc:62): success in sending register client: for client id 2 1
20260313-061345-3893 04858 * ShardClient     (shardclient.cc:62): success in sending register client: for client id 2 1
20260313-061345-3893 04858 * ShardClient     (shardclient.cc:62): success in sending register client: for client id 2 1
20260313-061345-3898 04858 * ShardClient     (shardclient.cc:62): success in sending register client: for client id 2 1
20260313-061345-3899 04858 * ShardClient     (shardclient.cc:62): success in sending register client: for client id 2 1
20260313-061345-3899 04858 * ShardClient     (shardclient.cc:62): success in sending register client: for client id 2 1
20260313-061345-3904 04858 * ShardClient     (shardclient.cc:62): success in sending register client: for client id 2 1
20260313-061345-3904 04858 * ShardClient     (shardclient.cc:62): success in sending register client: for client id 2 1
20260313-061345-3905 04858 * ShardClient     (shardclient.cc:62): success in sending register client: for client id 2 1
20260313-061345-3909 04858 * ShardClient     (shardclient.cc:62): success in sending register client: for client id 2 1
20260313-061345-3910 04858 * ShardClient     (shardclient.cc:62): success in sending register client: for client id 2 1
20260313-061345-3910 04858 * ShardClient     (shardclient.cc:62): success in sending register client: for client id 2 1
20260313-061345-3915 04858 * ShardClient     (shardclient.cc:62): success in sending register client: for client id 2 1
20260313-061345-3916 04858 * ShardClient     (shardclient.cc:62): success in sending register client: for client id 2 1
20260313-061345-3916 04858 * ShardClient     (shardclient.cc:62): success in sending register client: for client id 2 1
20260313-061345-3917 04858 * BenchmarkClient (bench_client.cc:83): starting benchclient, issueConcurrent: 0; fanout: 4
Session created: 0
last_service: , current_state: 0
Session continued: 0
last_service: , current_state: 0
Session destroyed: 18446744073709551615
last_service: , current_state: 0
20260313-061345-4326 04858 * ExecuteNextAppRequestOperation (bench_client.cc:407): Sending op with proto 4 and index 1
20260313-061345-7956 04858 * ExecuteNextAppRequestOperation (bench_client.cc:407): Sending op with proto 4 and index 1
20260313-061345-9967 04858 * ExecuteNextAppRequestOperation (bench_client.cc:407): Sending op with proto 4 and index 1
20260313-061346-1979 04858 * GetNextOperation (app_request.cc:76): AppRequest batch composition: fanout=4 reads=4 writes=0
20260313-061346-1980 04858 * ExecuteNextAppRequestOperation (bench_client.cc:407): Sending op with proto 4 and index 1
20260313-061346-4010 04858 * ExecuteNextAppRequestOperation (bench_client.cc:407): Sending op with proto 4 and index 1
20260313-061346-6020 04858 * ExecuteNextAppRequestOperation (bench_client.cc:407): Sending op with proto 4 and index 1
20260313-061346-8031 04858 * ExecuteNextAppRequestOperation (bench_client.cc:407): Sending op with proto 4 and index 1
20260313-061347-0075 04858 * GetNextOperation (app_request.cc:76): AppRequest batch composition: fanout=4 reads=4 writes=0
20260313-061347-0075 04858 * ExecuteNextAppRequestOperation (bench_client.cc:407): Sending op with proto 4 and index 1
20260313-061347-2101 04858 * ExecuteNextAppRequestOperation (bench_client.cc:407): Sending op with proto 4 and index 1
20260313-061347-4112 04858 * ExecuteNextAppRequestOperation (bench_client.cc:407): Sending op with proto 4 and index 1
20260313-061347-6124 04858 * ExecuteNextAppRequestOperation (bench_client.cc:407): Sending op with proto 4 and index 1
20260313-061347-8135 04858 * GetNextOperation (app_request.cc:76): AppRequest batch composition: fanout=4 reads=4 writes=0
20260313-061347-8135 04858 * ExecuteNextAppRequestOperation (bench_client.cc:407): Sending op with proto 4 and index 1
20260313-061348-0155 04858 * ExecuteNextAppRequestOperation (bench_client.cc:407): Sending op with proto 4 and index 1
20260313-061348-2167 04858 * ExecuteNextAppRequestOperation (bench_client.cc:407): Sending op with proto 4 and index 1
20260313-061348-4178 04858 * ExecuteNextAppRequestOperation (bench_client.cc:407): Sending op with proto 4 and index 1
20260313-061348-6190 04858 * GetNextOperation (app_request.cc:76): AppRequest batch composition: fanout=4 reads=4 writes=0
20260313-061348-6191 04858 * ExecuteNextAppRequestOperation (bench_client.cc:407): Sending op with proto 4 and index 1
20260313-061348-8208 04858 * ExecuteNextAppRequestOperation (bench_client.cc:407): Sending op with proto 4 and index 1
20260313-061349-0220 04858 * ExecuteNextAppRequestOperation (bench_client.cc:407): Sending op with proto 4 and index 1
20260313-061349-2230 04858 * ExecuteNextAppRequestOperation (bench_client.cc:407): Sending op with proto 4 and index 1
20260313-061349-4241 04858 * GetNextOperation (app_request.cc:76): AppRequest batch composition: fanout=4 reads=4 writes=0
20260313-061349-4242 04858 * ExecuteNextAppRequestOperation (bench_client.cc:407): Sending op with proto 4 and index 1
20260313-061349-4326 04858 * WarmupDone      (bench_client.cc:727): Completed warmup period of 4 seconds with 4 requests
20260313-061349-8263 04858 * ExecuteNextAppRequestOperation (bench_client.cc:407): Sending op with proto 4 and index 1
20260313-061350-0274 04858 * ExecuteNextAppRequestOperation (bench_client.cc:407): Sending op with proto 4 and index 1
20260313-061350-2286 04858 * ExecuteNextAppRequestOperation (bench_client.cc:407): Sending op with proto 4 and index 1
20260313-061350-6304 04858 * GetNextOperation (app_request.cc:76): AppRequest batch composition: fanout=4 reads=4 writes=0
20260313-061350-6305 04858 * ExecuteNextAppRequestOperation (bench_client.cc:407): Sending op with proto 4 and index 1
20260313-061350-8318 04858 * ExecuteNextAppRequestOperation (bench_client.cc:407): Sending op with proto 4 and index 1
20260313-061351-0330 04858 * ExecuteNextAppRequestOperation (bench_client.cc:407): Sending op with proto 4 and index 1
20260313-061351-2340 04858 * ExecuteNextAppRequestOperation (bench_client.cc:407): Sending op with proto 4 and index 1
20260313-061351-4351 04858 * GetNextOperation (app_request.cc:76): AppRequest batch composition: fanout=4 reads=4 writes=0
20260313-061351-4351 04858 * ExecuteNextAppRequestOperation (bench_client.cc:407): Sending op with proto 4 and index 1
20260313-061351-6373 04858 * ExecuteNextAppRequestOperation (bench_client.cc:407): Sending op with proto 4 and index 1
20260313-061351-8385 04858 * ExecuteNextAppRequestOperation (bench_client.cc:407): Sending op with proto 4 and index 1
20260313-061352-0395 04858 * ExecuteNextAppRequestOperation (bench_client.cc:407): Sending op with proto 4 and index 1
20260313-061352-2406 04858 * GetNextOperation (app_request.cc:76): AppRequest batch composition: fanout=4 reads=4 writes=0
20260313-061352-2407 04858 * ExecuteNextAppRequestOperation (bench_client.cc:407): Sending op with proto 4 and index 1
20260313-061352-4422 04858 * ExecuteNextAppRequestOperation (bench_client.cc:407): Sending op with proto 4 and index 1
20260313-061352-6432 04858 * ExecuteNextAppRequestOperation (bench_client.cc:407): Sending op with proto 4 and index 1
20260313-061352-8444 04858 * ExecuteNextAppRequestOperation (bench_client.cc:407): Sending op with proto 4 and index 1
20260313-061353-0455 04858 * GetNextOperation (app_request.cc:76): AppRequest batch composition: fanout=4 reads=4 writes=0
20260313-061353-0456 04858 * ExecuteNextAppRequestOperation (bench_client.cc:407): Sending op with proto 4 and index 1
20260313-061353-2470 04858 * ExecuteNextAppRequestOperation (bench_client.cc:407): Sending op with proto 4 and index 1
20260313-061353-4481 04858 * ExecuteNextAppRequestOperation (bench_client.cc:407): Sending op with proto 4 and index 1
20260313-061353-6493 04858 * ExecuteNextAppRequestOperation (bench_client.cc:407): Sending op with proto 4 and index 1
20260313-061353-8504 04858 * GetNextOperation (app_request.cc:76): AppRequest batch composition: fanout=4 reads=4 writes=0
20260313-061353-8505 04858 * ExecuteNextAppRequestOperation (bench_client.cc:407): Sending op with proto 4 and index 1
20260313-061354-0536 04858 * ExecuteNextAppRequestOperation (bench_client.cc:407): Sending op with proto 4 and index 1
20260313-061354-2548 04858 * ExecuteNextAppRequestOperation (bench_client.cc:407): Sending op with proto 4 and index 1
20260313-061354-4561 04858 * ExecuteNextAppRequestOperation (bench_client.cc:407): Sending op with proto 4 and index 1
20260313-061354-6573 04858 * GetNextOperation (app_request.cc:76): AppRequest batch composition: fanout=4 reads=4 writes=0
20260313-061354-6574 04858 * ExecuteNextAppRequestOperation (bench_client.cc:407): Sending op with proto 4 and index 1
20260313-061354-8603 04858 * ExecuteNextAppRequestOperation (bench_client.cc:407): Sending op with proto 4 and index 1
20260313-061355-2620 04858 * ExecuteNextAppRequestOperation (bench_client.cc:407): Sending op with proto 4 and index 1
20260313-061355-4631 04858 * ExecuteNextAppRequestOperation (bench_client.cc:407): Sending op with proto 4 and index 0
20260313-061355-8652 04858 * GetNextOperation (app_request.cc:76): AppRequest batch composition: fanout=4 reads=3 writes=1
20260313-061355-8653 04858 * ExecuteNextAppRequestOperation (bench_client.cc:407): Sending op with proto 4 and index 1
20260313-061356-0673 04858 * ExecuteNextAppRequestOperation (bench_client.cc:407): Sending op with proto 4 and index 1
20260313-061356-2683 04858 * ExecuteNextAppRequestOperation (bench_client.cc:407): Sending op with proto 4 and index 1
20260313-061356-4695 04858 * ExecuteNextAppRequestOperation (bench_client.cc:407): Sending op with proto 4 and index 0
20260313-061356-8715 04858 * GetNextOperation (app_request.cc:76): AppRequest batch composition: fanout=4 reads=3 writes=1
20260313-061356-8716 04858 * ExecuteNextAppRequestOperation (bench_client.cc:407): Sending op with proto 4 and index 1
20260313-061357-0734 04858 * ExecuteNextAppRequestOperation (bench_client.cc:407): Sending op with proto 4 and index 1
20260313-061357-2744 04858 * ExecuteNextAppRequestOperation (bench_client.cc:407): Sending op with proto 4 and index 1
20260313-061357-4755 04858 * ExecuteNextAppRequestOperation (bench_client.cc:407): Sending op with proto 4 and index 0
20260313-061357-8775 04858 * GetNextOperation (app_request.cc:76): AppRequest batch composition: fanout=4 reads=3 writes=1
20260313-061357-8776 04858 * ExecuteNextAppRequestOperation (bench_client.cc:407): Sending op with proto 4 and index 1
20260313-061358-0789 04858 * ExecuteNextAppRequestOperation (bench_client.cc:407): Sending op with proto 4 and index 1
20260313-061358-2800 04858 * ExecuteNextAppRequestOperation (bench_client.cc:407): Sending op with proto 4 and index 1
20260313-061358-4811 04858 * ExecuteNextAppRequestOperation (bench_client.cc:407): Sending op with proto 4 and index 1
20260313-061358-6822 04858 * GetNextOperation (app_request.cc:76): AppRequest batch composition: fanout=4 reads=4 writes=0
20260313-061358-6823 04858 * ExecuteNextAppRequestOperation (bench_client.cc:407): Sending op with proto 4 and index 1
20260313-061358-8848 04858 * ExecuteNextAppRequestOperation (bench_client.cc:407): Sending op with proto 4 and index 1
20260313-061359-0858 04858 * ExecuteNextAppRequestOperation (bench_client.cc:407): Sending op with proto 4 and index 0
20260313-061359-4878 04858 * ExecuteNextAppRequestOperation (bench_client.cc:407): Sending op with proto 4 and index 1
20260313-061359-6890 04858 * GetNextOperation (app_request.cc:76): AppRequest batch composition: fanout=4 reads=3 writes=1
20260313-061359-6891 04858 * ExecuteNextAppRequestOperation (bench_client.cc:407): Sending op with proto 4 and index 1
20260313-061359-8908 04858 * ExecuteNextAppRequestOperation (bench_client.cc:407): Sending op with proto 4 and index 1
20260313-061400-0920 04858 * ExecuteNextAppRequestOperation (bench_client.cc:407): Sending op with proto 4 and index 1
20260313-061400-2931 04858 * ExecuteNextAppRequestOperation (bench_client.cc:407): Sending op with proto 4 and index 1
20260313-061400-4943 04858 * GetNextOperation (app_request.cc:76): AppRequest batch composition: fanout=4 reads=3 writes=1
20260313-061400-4944 04858 * ExecuteNextAppRequestOperation (bench_client.cc:407): Sending op with proto 4 and index 0
20260313-061400-8982 04858 * ExecuteNextAppRequestOperation (bench_client.cc:407): Sending op with proto 4 and index 1
20260313-061401-0993 04858 * ExecuteNextAppRequestOperation (bench_client.cc:407): Sending op with proto 4 and index 1
20260313-061401-3004 04858 * ExecuteNextAppRequestOperation (bench_client.cc:407): Sending op with proto 4 and index 1
20260313-061401-5016 04858 * GetNextOperation (app_request.cc:76): AppRequest batch composition: fanout=4 reads=4 writes=0
20260313-061401-5017 04858 * ExecuteNextAppRequestOperation (bench_client.cc:407): Sending op with proto 4 and index 1
20260313-061401-7043 04858 * ExecuteNextAppRequestOperation (bench_client.cc:407): Sending op with proto 4 and index 1
20260313-061401-9055 04858 * ExecuteNextAppRequestOperation (bench_client.cc:407): Sending op with proto 4 and index 1
20260313-061402-1067 04858 * ExecuteNextAppRequestOperation (bench_client.cc:407): Sending op with proto 4 and index 1
20260313-061402-3079 04858 * GetNextOperation (app_request.cc:76): AppRequest batch composition: fanout=4 reads=4 writes=0
20260313-061402-3080 04858 * ExecuteNextAppRequestOperation (bench_client.cc:407): Sending op with proto 4 and index 1
20260313-061402-5103 04858 * ExecuteNextAppRequestOperation (bench_client.cc:407): Sending op with proto 4 and index 1
20260313-061402-7114 04858 * ExecuteNextAppRequestOperation (bench_client.cc:407): Sending op with proto 4 and index 1
20260313-061402-9126 04858 * ExecuteNextAppRequestOperation (bench_client.cc:407): Sending op with proto 4 and index 1
20260313-061403-1137 04858 * GetNextOperation (app_request.cc:76): AppRequest batch composition: fanout=4 reads=4 writes=0
20260313-061403-1138 04858 * ExecuteNextAppRequestOperation (bench_client.cc:407): Sending op with proto 4 and index 1
20260313-061403-3160 04858 * ExecuteNextAppRequestOperation (bench_client.cc:407): Sending op with proto 4 and index 0
20260313-061403-7180 04858 * ExecuteNextAppRequestOperation (bench_client.cc:407): Sending op with proto 4 and index 1
20260313-061403-9191 04858 * ExecuteNextAppRequestOperation (bench_client.cc:407): Sending op with proto 4 and index 1
20260313-061404-1202 04858 * GetNextOperation (app_request.cc:76): AppRequest batch composition: fanout=4 reads=3 writes=1
20260313-061404-1203 04858 * ExecuteNextAppRequestOperation (bench_client.cc:407): Sending op with proto 4 and index 1
20260313-061404-3217 04858 * ExecuteNextAppRequestOperation (bench_client.cc:407): Sending op with proto 4 and index 0
20260313-061404-7237 04858 * ExecuteNextAppRequestOperation (bench_client.cc:407): Sending op with proto 4 and index 0
20260313-061405-1257 04858 * ExecuteNextAppRequestOperation (bench_client.cc:407): Sending op with proto 4 and index 1
20260313-061405-3269 04858 * GetNextOperation (app_request.cc:76): AppRequest batch composition: fanout=4 reads=2 writes=2
20260313-061405-3270 04858 * ExecuteNextAppRequestOperation (bench_client.cc:407): Sending op with proto 4 and index 1
20260313-061405-5285 04858 * ExecuteNextAppRequestOperation (bench_client.cc:407): Sending op with proto 4 and index 1
20260313-061405-7296 04858 * ExecuteNextAppRequestOperation (bench_client.cc:407): Sending op with proto 4 and index 1
20260313-061405-9307 04858 * ExecuteNextAppRequestOperation (bench_client.cc:407): Sending op with proto 4 and index 1
20260313-061406-1319 04858 * GetNextOperation (app_request.cc:76): AppRequest batch composition: fanout=4 reads=4 writes=0
20260313-061406-1320 04858 * ExecuteNextAppRequestOperation (bench_client.cc:407): Sending op with proto 4 and index 1
20260313-061406-3347 04858 * ExecuteNextAppRequestOperation (bench_client.cc:407): Sending op with proto 4 and index 1
20260313-061406-5358 04858 * ExecuteNextAppRequestOperation (bench_client.cc:407): Sending op with proto 4 and index 1
20260313-061406-7369 04858 * ExecuteNextAppRequestOperation (bench_client.cc:407): Sending op with proto 4 and index 1
20260313-061406-9380 04858 * GetNextOperation (app_request.cc:76): AppRequest batch composition: fanout=4 reads=4 writes=0
20260313-061406-9381 04858 * ExecuteNextAppRequestOperation (bench_client.cc:407): Sending op with proto 4 and index 1
20260313-061407-1402 04858 * ExecuteNextAppRequestOperation (bench_client.cc:407): Sending op with proto 4 and index 1
20260313-061407-3414 04858 * ExecuteNextAppRequestOperation (bench_client.cc:407): Sending op with proto 4 and index 1
20260313-061407-5424 04858 * ExecuteNextAppRequestOperation (bench_client.cc:407): Sending op with proto 4 and index 1
20260313-061407-7436 04858 * GetNextOperation (app_request.cc:76): AppRequest batch composition: fanout=4 reads=4 writes=0
20260313-061407-7437 04858 * ExecuteNextAppRequestOperation (bench_client.cc:407): Sending op with proto 4 and index 1
20260313-061407-9464 04858 * ExecuteNextAppRequestOperation (bench_client.cc:407): Sending op with proto 4 and index 1
20260313-061408-1475 04858 * ExecuteNextAppRequestOperation (bench_client.cc:407): Sending op with proto 4 and index 1
20260313-061408-3487 04858 * ExecuteNextAppRequestOperation (bench_client.cc:407): Sending op with proto 4 and index 0
20260313-061408-7509 04858 * GetNextOperation (app_request.cc:76): AppRequest batch composition: fanout=4 reads=3 writes=1
20260313-061408-7510 04858 * ExecuteNextAppRequestOperation (bench_client.cc:407): Sending op with proto 4 and index 1
20260313-061408-9539 04858 * ExecuteNextAppRequestOperation (bench_client.cc:407): Sending op with proto 4 and index 1
20260313-061409-1549 04858 * ExecuteNextAppRequestOperation (bench_client.cc:407): Sending op with proto 4 and index 1
20260313-061409-3560 04858 * ExecuteNextAppRequestOperation (bench_client.cc:407): Sending op with proto 4 and index 1
20260313-061409-5572 04858 * GetNextOperation (app_request.cc:76): AppRequest batch composition: fanout=4 reads=4 writes=0
20260313-061409-5573 04858 * ExecuteNextAppRequestOperation (bench_client.cc:407): Sending op with proto 4 and index 1
20260313-061409-7596 04858 * ExecuteNextAppRequestOperation (bench_client.cc:407): Sending op with proto 4 and index 1
20260313-061409-9607 04858 * ExecuteNextAppRequestOperation (bench_client.cc:407): Sending op with proto 4 and index 1
20260313-061410-1618 04858 * ExecuteNextAppRequestOperation (bench_client.cc:407): Sending op with proto 4 and index 1
20260313-061410-3630 04858 * GetNextOperation (app_request.cc:76): AppRequest batch composition: fanout=4 reads=4 writes=0
20260313-061410-3630 04858 * ExecuteNextAppRequestOperation (bench_client.cc:407): Sending op with proto 4 and index 1
20260313-061410-5659 04858 * ExecuteNextAppRequestOperation (bench_client.cc:407): Sending op with proto 4 and index 1
20260313-061410-7670 04858 * ExecuteNextAppRequestOperation (bench_client.cc:407): Sending op with proto 4 and index 1
20260313-061410-9681 04858 * ExecuteNextAppRequestOperation (bench_client.cc:407): Sending op with proto 4 and index 1
20260313-061411-1691 04858 * GetNextOperation (app_request.cc:76): AppRequest batch composition: fanout=4 reads=4 writes=0
20260313-061411-1692 04858 * ExecuteNextAppRequestOperation (bench_client.cc:407): Sending op with proto 4 and index 1
20260313-061411-3721 04858 * ExecuteNextAppRequestOperation (bench_client.cc:407): Sending op with proto 4 and index 1
20260313-061411-5732 04858 * ExecuteNextAppRequestOperation (bench_client.cc:407): Sending op with proto 4 and index 1
20260313-061411-7744 04858 * ExecuteNextAppRequestOperation (bench_client.cc:407): Sending op with proto 4 and index 1
20260313-061411-9756 04858 * GetNextOperation (app_request.cc:76): AppRequest batch composition: fanout=4 reads=4 writes=0
20260313-061411-9757 04858 * ExecuteNextAppRequestOperation (bench_client.cc:407): Sending op with proto 4 and index 1
20260313-061412-1770 04858 * ExecuteNextAppRequestOperation (bench_client.cc:407): Sending op with proto 4 and index 1
20260313-061412-3782 04858 * ExecuteNextAppRequestOperation (bench_client.cc:407): Sending op with proto 4 and index 1
20260313-061412-5794 04858 * ExecuteNextAppRequestOperation (bench_client.cc:407): Sending op with proto 4 and index 1
20260313-061412-9812 04858 * GetNextOperation (app_request.cc:76): AppRequest batch composition: fanout=4 reads=4 writes=0
20260313-061412-9813 04858 * ExecuteNextAppRequestOperation (bench_client.cc:407): Sending op with proto 4 and index 1
20260313-061413-1824 04858 * Finish          (bench_client.cc:921): Completed 26 requests in 24.361695 seconds
20260313-061413-1825 04858 * Finish          (bench_client.cc:922): 1 outstanding transactions.
20260313-061413-1832 04858 * ExecuteNextAppRequestOperation (bench_client.cc:407): Sending op with proto 4 and index 1
20260313-061413-3844 04858 * ExecuteNextAppRequestOperation (bench_client.cc:407): Sending op with proto 4 and index 1
20260313-061413-7861 04858 * ExecuteNextAppRequestOperation (bench_client.cc:407): Sending op with proto 4 and index 1
20260313-061413-9871 04858 * GetNextOperation (app_request.cc:76): AppRequest batch composition: fanout=4 reads=4 writes=0
20260313-061413-9872 04858 * ExecuteNextAppRequestOperation (bench_client.cc:407): Sending op with proto 4 and index 1
Session continued: 0
last_service: , current_state: 0
Session destroyed: 18446744073709551615
last_service: , current_state: 0
Session continued: 0
last_service: , current_state: 0
Session destroyed: 18446744073709551615
last_service: , current_state: 0
Session destroyed: 0
last_service: , current_state: 0
20260313-061414-4329 04858 * FlushStats      (benchmark.cc:916): Flushing stats to /mnt/extra/experiments/2026-04-13-06-13-15/out/client-1-0-0-stats-0.json.
20260313-061414-4332 04858 * FlushStats      (benchmark.cc:928): All done!
20260313-061417-1827 04858 * Cleanup         (bench_client.cc:749): Aborting 0 outstanding transactions.
20260313-061417-1828 04858 * CooldownDone    (bench_client.cc:779): Finished cooldown period.
20260313-061417-1829 04858 * CooldownDone    (bench_client.cc:786): Median latency is 804783528 ns (804 ms)
20260313-061417-1829 04858 * CooldownDone    (bench_client.cc:795): Average latency is 901312348 ns (901 ms)
20260313-061417-1830 04858 * CooldownDone    (bench_client.cc:799): 90th percentile latency is 1005699639 ns (1005 ms)
20260313-061417-1830 04858 * CooldownDone    (bench_client.cc:803): 95th percentile latency is 1206132394 ns (1206 ms)
20260313-061417-1830 04858 * CooldownDone    (bench_client.cc:807): 99th percentile latency is 1206365766 ns (1206 ms)
20260313-061417-1831 04858 * LATENCY total: 804 ms 901 ms/536 ms 1206 ms (27 samples, 24 s total)
20260313-061417-1831 04858 *     536 ms |         25 | =========================
20260313-061417-1832 04858 *    1073 ms |          2 | ==
20260313-061417-1833 04858 * Stop            (tcptransport.cc:605): [TCP SUMMARY] outgoingCreated=30 outgoingClosed=0 incomingCreated=0 incomingClosed=0 outgoingPeak=30 incomingPeak=0
Inserted events:
  0x55fcfb969390 [fd  7] Read Persist Internal
  0x55fcfb988860 [fd  9] Read Persist
  0x55fcfb98d060 [fd  10] Read Persist
  0x55fcfb9892c0 [fd  11] Read Persist
  0x55fcfb987890 [fd  12] Read Persist
  0x55fcfb98a890 [fd  13] Read Persist
  0x55fcfb988120 [fd  14] Read Persist
  0x55fcfb98d450 [fd  15] Read Persist
  0x55fcfb98c2c0 [fd  16] Read Persist
  0x55fcfb98cb40 [fd  17] Read Persist
  0x55fcfb9a5450 [fd  18] Read Persist
  0x55fcfb9a5a80 [fd  19] Read Persist
  0x55fcfb9a6180 [fd  20] Read Persist
  0x55fcfb9a7020 [fd  21] Read Persist
  0x55fcfb9a7840 [fd  22] Read Persist
  0x55fcfb9a8060 [fd  23] Read Persist
  0x55fcfb9a8f90 [fd  24] Read Persist
  0x55fcfb9a97b0 [fd  25] Read Persist
  0x55fcfb9aa230 [fd  26] Read Persist
  0x55fcfb9ab160 [fd  27] Read Persist
  0x55fcfb9ab9d0 [fd  28] Read Persist
  0x55fcfb9ac320 [fd  29] Read Persist
  0x55fcfb9ad4e0 [fd  30] Read Persist
  0x55fcfb9ade20 [fd  31] Read Persist
  0x55fcfb9ae790 [fd  32] Read Persist
  0x55fcfb9afb40 [fd  33] Read Persist
  0x55fcfb9b0460 [fd  34] Read Persist
  0x55fcfb9b0dd0 [fd  35] Read Persist
  0x55fcfb9b2010 [fd  36] Read Persist
  0x55fcfb9b28f0 [fd  37] Read Persist
  0x55fcfb9b3260 [fd  38] Read Persist
Active events:
20260313-061417-1838 04858 * main            (benchmark.cc:875): Cleaning up after experiment.
20260313-061417-1838 04858 * FlushStats      (benchmark.cc:916): Flushing stats to /mnt/extra/experiments/2026-04-13-06-13-15/out/client-1-0-0-stats-0.json.
20260313-061417-1841 04858 * FlushStats      (benchmark.cc:928): All done!
