20260313-060636-2367 16673 * main            (server.cc:217):    Starting server.
20260313-060636-2376 16673 * main            (server.cc:335):    Creating a default paritioner!
20260313-060638-0380 16673 * main            (server.cc:513):    Done loading server.
[libprotobuf ERROR google/protobuf/message_lite.cc:121] Can't parse message of type "replication.iocl_craq.proto.SuccessorRequestMessage" because it is missing required fields: s, succ_groupidx, succ_replicaidx
[libprotobuf ERROR google/protobuf/message_lite.cc:121] Can't parse message of type "replication.iocl_craq.proto.SuccessorRequestMessage" because it is missing required fields: s, succ_groupidx, succ_replicaidx
[libprotobuf ERROR google/protobuf/message_lite.cc:121] Can't parse message of type "replication.iocl_craq.proto.SuccessorRequestMessage" because it is missing required fields: s, succ_groupidx, succ_replicaidx
[libprotobuf ERROR google/protobuf/message_lite.cc:121] Can't parse message of type "replication.iocl_craq.proto.SuccessorRequestMessage" because it is missing required fields: s, succ_groupidx, succ_replicaidx
[libprotobuf ERROR google/protobuf/message_lite.cc:121] Can't parse message of type "replication.iocl_craq.proto.SuccessorRequestMessage" because it is missing required fields: s, succ_groupidx, succ_replicaidx
[libprotobuf ERROR google/protobuf/message_lite.cc:121] Can't parse message of type "replication.iocl_craq.proto.SuccessorRequestMessage" because it is missing required fields: s, succ_groupidx, succ_replicaidx
[libprotobuf ERROR google/protobuf/message_lite.cc:121] Can't parse message of type "replication.iocl_craq.proto.SuccessorRequestMessage" because it is missing required fields: s, succ_groupidx, succ_replicaidx
[libprotobuf ERROR google/protobuf/message_lite.cc:121] Can't parse message of type "replication.iocl_craq.proto.SuccessorRequestMessage" because it is missing required fields: s, succ_groupidx, succ_replicaidx
[libprotobuf ERROR google/protobuf/message_lite.cc:121] Can't parse message of type "replication.iocl_craq.proto.SuccessorRequestMessage" because it is missing required fields: s, succ_groupidx, succ_replicaidx
[libprotobuf ERROR google/protobuf/message_lite.cc:121] Can't parse message of type "replication.iocl_craq.proto.SuccessorRequestMessage" because it is missing required fields: s, succ_groupidx, succ_replicaidx
[libprotobuf ERROR google/protobuf/message_lite.cc:121] Can't parse message of type "replication.iocl_craq.proto.SuccessorRequestMessage" because it is missing required fields: s, succ_groupidx, succ_replicaidx
[libprotobuf ERROR google/protobuf/message_lite.cc:121] Can't parse message of type "replication.iocl_craq.proto.SuccessorRequestMessage" because it is missing required fields: s, succ_groupidx, succ_replicaidx
[libprotobuf ERROR google/protobuf/message_lite.cc:121] Can't parse message of type "replication.iocl_craq.proto.SuccessorRequestMessage" because it is missing required fields: s, succ_groupidx, succ_replicaidx
[libprotobuf ERROR google/protobuf/message_lite.cc:121] Can't parse message of type "replication.iocl_craq.proto.SuccessorRequestMessage" because it is missing required fields: s, succ_groupidx, succ_replicaidx
[libprotobuf ERROR google/protobuf/message_lite.cc:121] Can't parse message of type "replication.iocl_craq.proto.SuccessorRequestMessage" because it is missing required fields: s, succ_groupidx, succ_replicaidx
[libprotobuf ERROR google/protobuf/message_lite.cc:121] Can't parse message of type "replication.iocl_craq.proto.SuccessorRequestMessage" because it is missing required fields: s, succ_groupidx, succ_replicaidx
[libprotobuf ERROR google/protobuf/message_lite.cc:121] Can't parse message of type "replication.iocl_craq.proto.SuccessorRequestMessage" because it is missing required fields: s, succ_groupidx, succ_replicaidx
[libprotobuf ERROR google/protobuf/message_lite.cc:121] Can't parse message of type "replication.iocl_craq.proto.SuccessorRequestMessage" because it is missing required fields: s, succ_groupidx, succ_replicaidx
[libprotobuf ERROR google/protobuf/message_lite.cc:121] Can't parse message of type "replication.iocl_craq.proto.SuccessorRequestMessage" because it is missing required fields: s, succ_groupidx, succ_replicaidx
[libprotobuf ERROR google/protobuf/message_lite.cc:121] Can't parse message of type "replication.iocl_craq.proto.SuccessorRequestMessage" because it is missing required fields: s, succ_groupidx, succ_replicaidx
[libprotobuf ERROR google/protobuf/message_lite.cc:121] Can't parse message of type "replication.iocl_craq.proto.SuccessorRequestMessage" because it is missing required fields: s, succ_groupidx, succ_replicaidx
[libprotobuf ERROR google/protobuf/message_lite.cc:121] Can't parse message of type "replication.iocl_craq.proto.SuccessorRequestMessage" because it is missing required fields: s, succ_groupidx, succ_replicaidx
[libprotobuf ERROR google/protobuf/message_lite.cc:121] Can't parse message of type "replication.iocl_craq.proto.SuccessorRequestMessage" because it is missing required fields: s, succ_groupidx, succ_replicaidx
[libprotobuf ERROR google/protobuf/message_lite.cc:121] Can't parse message of type "replication.iocl_craq.proto.SuccessorRequestMessage" because it is missing required fields: s, succ_groupidx, succ_replicaidx
[libprotobuf ERROR google/protobuf/message_lite.cc:121] Can't parse message of type "replication.iocl_craq.proto.SuccessorRequestMessage" because it is missing required fields: s, succ_groupidx, succ_replicaidx
[libprotobuf ERROR google/protobuf/message_lite.cc:121] Can't parse message of type "replication.iocl_craq.proto.SuccessorRequestMessage" because it is missing required fields: s, succ_groupidx, succ_replicaidx
[libprotobuf ERROR google/protobuf/message_lite.cc:121] Can't parse message of type "replication.iocl_craq.proto.SuccessorRequestMessage" because it is missing required fields: s, succ_groupidx, succ_replicaidx
[libprotobuf ERROR google/protobuf/message_lite.cc:121] Can't parse message of type "replication.iocl_craq.proto.SuccessorRequestMessage" because it is missing required fields: s, succ_groupidx, succ_replicaidx
[libprotobuf ERROR google/protobuf/message_lite.cc:121] Can't parse message of type "replication.iocl_craq.proto.SuccessorRequestMessage" because it is missing required fields: s, succ_groupidx, succ_replicaidx
[libprotobuf ERROR google/protobuf/message_lite.cc:121] Can't parse message of type "replication.iocl_craq.proto.SuccessorRequestMessage" because it is missing required fields: s, succ_groupidx, succ_replicaidx
[libprotobuf ERROR google/protobuf/message_lite.cc:121] Can't parse message of type "replication.iocl_craq.proto.SuccessorRequestMessage" because it is missing required fields: s, succ_groupidx, succ_replicaidx
[libprotobuf ERROR google/protobuf/message_lite.cc:121] Can't parse message of type "replication.iocl_craq.proto.SuccessorRequestMessage" because it is missing required fields: s, succ_groupidx, succ_replicaidx
[libprotobuf ERROR google/protobuf/message_lite.cc:121] Can't parse message of type "replication.iocl_craq.proto.SuccessorRequestMessage" because it is missing required fields: s, succ_groupidx, succ_replicaidx
[libprotobuf ERROR google/protobuf/message_lite.cc:121] Can't parse message of type "replication.iocl_craq.proto.SuccessorRequestMessage" because it is missing required fields: s, succ_groupidx, succ_replicaidx
[libprotobuf ERROR google/protobuf/message_lite.cc:121] Can't parse message of type "replication.iocl_craq.proto.SuccessorRequestMessage" because it is missing required fields: s, succ_groupidx, succ_replicaidx
[libprotobuf ERROR google/protobuf/message_lite.cc:121] Can't parse message of type "replication.iocl_craq.proto.SuccessorRequestMessage" because it is missing required fields: s, succ_groupidx, succ_replicaidx
[libprotobuf ERROR google/protobuf/message_lite.cc:121] Can't parse message of type "replication.iocl_craq.proto.SuccessorRequestMessage" because it is missing required fields: s, succ_groupidx, succ_replicaidx
20260313-060658-0824 16673 * SendRequest     (client.cc:198):    Sending client request with id 1 (shardtag=12884901889 predlist_size=0)
[libprotobuf ERROR google/protobuf/message_lite.cc:121] Can't parse message of type "replication.iocl_craq.proto.SuccessorRequestMessage" because it is missing required fields: s, succ_groupidx, succ_replicaidx
[libprotobuf ERROR google/protobuf/message_lite.cc:121] Can't parse message of type "replication.iocl_craq.proto.SuccessorRequestMessage" because it is missing required fields: s, succ_groupidx, succ_replicaidx
[libprotobuf ERROR google/protobuf/message_lite.cc:121] Can't parse message of type "replication.iocl_craq.proto.SuccessorRequestMessage" because it is missing required fields: s, succ_groupidx, succ_replicaidx
[libprotobuf ERROR google/protobuf/message_lite.cc:121] Can't parse message of type "replication.iocl_craq.proto.SuccessorRequestMessage" because it is missing required fields: s, succ_groupidx, succ_replicaidx
[libprotobuf ERROR google/protobuf/message_lite.cc:121] Can't parse message of type "replication.iocl_craq.proto.SuccessorRequestMessage" because it is missing required fields: s, succ_groupidx, succ_replicaidx
[libprotobuf ERROR google/protobuf/message_lite.cc:121] Can't parse message of type "replication.iocl_craq.proto.SuccessorRequestMessage" because it is missing required fields: s, succ_groupidx, succ_replicaidx
[libprotobuf ERROR google/protobuf/message_lite.cc:121] Can't parse message of type "replication.iocl_craq.proto.SuccessorRequestMessage" because it is missing required fields: s, succ_groupidx, succ_replicaidx
[libprotobuf ERROR google/protobuf/message_lite.cc:121] Can't parse message of type "replication.iocl_craq.proto.SuccessorRequestMessage" because it is missing required fields: s, succ_groupidx, succ_replicaidx
[libprotobuf ERROR google/protobuf/message_lite.cc:121] Can't parse message of type "replication.iocl_craq.proto.SuccessorRequestMessage" because it is missing required fields: s, succ_groupidx, succ_replicaidx
[libprotobuf ERROR google/protobuf/message_lite.cc:121] Can't parse message of type "replication.iocl_craq.proto.SuccessorRequestMessage" because it is missing required fields: s, succ_groupidx, succ_replicaidx
[libprotobuf ERROR google/protobuf/message_lite.cc:121] Can't parse message of type "replication.iocl_craq.proto.SuccessorRequestMessage" because it is missing required fields: s, succ_groupidx, succ_replicaidx
[libprotobuf ERROR google/protobuf/message_lite.cc:121] Can't parse message of type "replication.iocl_craq.proto.SuccessorRequestMessage" because it is missing required fields: s, succ_groupidx, succ_replicaidx
[libprotobuf ERROR google/protobuf/message_lite.cc:121] Can't parse message of type "replication.iocl_craq.proto.SuccessorRequestMessage" because it is missing required fields: s, succ_groupidx, succ_replicaidx
[libprotobuf ERROR google/protobuf/message_lite.cc:121] Can't parse message of type "replication.iocl_craq.proto.SuccessorRequestMessage" because it is missing required fields: s, succ_groupidx, succ_replicaidx
[libprotobuf ERROR google/protobuf/message_lite.cc:121] Can't parse message of type "replication.iocl_craq.proto.SuccessorRequestMessage" because it is missing required fields: s, succ_groupidx, succ_replicaidx
[libprotobuf ERROR google/protobuf/message_lite.cc:121] Can't parse message of type "replication.iocl_craq.proto.SuccessorRequestMessage" because it is missing required fields: s, succ_groupidx, succ_replicaidx
[libprotobuf ERROR google/protobuf/message_lite.cc:121] Can't parse message of type "replication.iocl_craq.proto.SuccessorRequestMessage" because it is missing required fields: s, succ_groupidx, succ_replicaidx
[libprotobuf ERROR google/protobuf/message_lite.cc:121] Can't parse message of type "replication.iocl_craq.proto.SuccessorRequestMessage" because it is missing required fields: s, succ_groupidx, succ_replicaidx
[libprotobuf ERROR google/protobuf/message_lite.cc:121] Can't parse message of type "replication.iocl_craq.proto.SuccessorRequestMessage" because it is missing required fields: s, succ_groupidx, succ_replicaidx
[libprotobuf ERROR google/protobuf/message_lite.cc:121] Can't parse message of type "replication.iocl_craq.proto.SuccessorRequestMessage" because it is missing required fields: s, succ_groupidx, succ_replicaidx
[libprotobuf ERROR google/protobuf/message_lite.cc:121] Can't parse message of type "replication.iocl_craq.proto.SuccessorRequestMessage" because it is missing required fields: s, succ_groupidx, succ_replicaidx
[libprotobuf ERROR google/protobuf/message_lite.cc:121] Can't parse message of type "replication.iocl_craq.proto.SuccessorRequestMessage" because it is missing required fields: s, succ_groupidx, succ_replicaidx
[libprotobuf ERROR google/protobuf/message_lite.cc:121] Can't parse message of type "replication.iocl_craq.proto.SuccessorRequestMessage" because it is missing required fields: s, succ_groupidx, succ_replicaidx
[libprotobuf ERROR google/protobuf/message_lite.cc:121] Can't parse message of type "replication.iocl_craq.proto.SuccessorRequestMessage" because it is missing required fields: s, succ_groupidx, succ_replicaidx
[libprotobuf ERROR google/protobuf/message_lite.cc:121] Can't parse message of type "replication.iocl_craq.proto.SuccessorRequestMessage" because it is missing required fields: s, succ_groupidx, succ_replicaidx
[libprotobuf ERROR google/protobuf/message_lite.cc:121] Can't parse message of type "replication.iocl_craq.proto.SuccessorRequestMessage" because it is missing required fields: s, succ_groupidx, succ_replicaidx
[libprotobuf ERROR google/protobuf/message_lite.cc:121] Can't parse message of type "replication.iocl_craq.proto.SuccessorRequestMessage" because it is missing required fields: s, succ_groupidx, succ_replicaidx
[libprotobuf ERROR google/protobuf/message_lite.cc:121] Can't parse message of type "replication.iocl_craq.proto.SuccessorRequestMessage" because it is missing required fields: s, succ_groupidx, succ_replicaidx
[libprotobuf ERROR google/protobuf/message_lite.cc:121] Can't parse message of type "replication.iocl_craq.proto.SuccessorRequestMessage" because it is missing required fields: s, succ_groupidx, succ_replicaidx
[libprotobuf ERROR google/protobuf/message_lite.cc:121] Can't parse message of type "replication.iocl_craq.proto.SuccessorRequestMessage" because it is missing required fields: s, succ_groupidx, succ_replicaidx
[libprotobuf ERROR google/protobuf/message_lite.cc:121] Can't parse message of type "replication.iocl_craq.proto.SuccessorRequestMessage" because it is missing required fields: s, succ_groupidx, succ_replicaidx
[libprotobuf ERROR google/protobuf/message_lite.cc:121] Can't parse message of type "replication.iocl_craq.proto.SuccessorRequestMessage" because it is missing required fields: s, succ_groupidx, succ_replicaidx
[libprotobuf ERROR google/protobuf/message_lite.cc:121] Can't parse message of type "replication.iocl_craq.proto.SuccessorRequestMessage" because it is missing required fields: s, succ_groupidx, succ_replicaidx
[libprotobuf ERROR google/protobuf/message_lite.cc:121] Can't parse message of type "replication.iocl_craq.proto.SuccessorRequestMessage" because it is missing required fields: s, succ_groupidx, succ_replicaidx
[libprotobuf ERROR google/protobuf/message_lite.cc:121] Can't parse message of type "replication.iocl_craq.proto.SuccessorRequestMessage" because it is missing required fields: s, succ_groupidx, succ_replicaidx
[libprotobuf ERROR google/protobuf/message_lite.cc:121] Can't parse message of type "replication.iocl_craq.proto.SuccessorRequestMessage" because it is missing required fields: s, succ_groupidx, succ_replicaidx
[libprotobuf ERROR google/protobuf/message_lite.cc:121] Can't parse message of type "replication.iocl_craq.proto.SuccessorRequestMessage" because it is missing required fields: s, succ_groupidx, succ_replicaidx
[libprotobuf ERROR google/protobuf/message_lite.cc:121] Can't parse message of type "replication.iocl_craq.proto.SuccessorRequestMessage" because it is missing required fields: s, succ_groupidx, succ_replicaidx
[libprotobuf ERROR google/protobuf/message_lite.cc:121] Can't parse message of type "replication.iocl_craq.proto.SuccessorRequestMessage" because it is missing required fields: s, succ_groupidx, succ_replicaidx
[libprotobuf ERROR google/protobuf/message_lite.cc:121] Can't parse message of type "replication.iocl_craq.proto.SuccessorRequestMessage" because it is missing required fields: s, succ_groupidx, succ_replicaidx
[libprotobuf ERROR google/protobuf/message_lite.cc:121] Can't parse message of type "replication.iocl_craq.proto.SuccessorRequestMessage" because it is missing required fields: s, succ_groupidx, succ_replicaidx
[libprotobuf ERROR google/protobuf/message_lite.cc:121] Can't parse message of type "replication.iocl_craq.proto.SuccessorRequestMessage" because it is missing required fields: s, succ_groupidx, succ_replicaidx
[libprotobuf ERROR google/protobuf/message_lite.cc:121] Can't parse message of type "replication.iocl_craq.proto.SuccessorRequestMessage" because it is missing required fields: s, succ_groupidx, succ_replicaidx
[libprotobuf ERROR google/protobuf/message_lite.cc:121] Can't parse message of type "replication.iocl_craq.proto.SuccessorRequestMessage" because it is missing required fields: s, succ_groupidx, succ_replicaidx
[libprotobuf ERROR google/protobuf/message_lite.cc:121] Can't parse message of type "replication.iocl_craq.proto.SuccessorRequestMessage" because it is missing required fields: s, succ_groupidx, succ_replicaidx
[libprotobuf ERROR google/protobuf/message_lite.cc:121] Can't parse message of type "replication.iocl_craq.proto.SuccessorRequestMessage" because it is missing required fields: s, succ_groupidx, succ_replicaidx
[libprotobuf ERROR google/protobuf/message_lite.cc:121] Can't parse message of type "replication.iocl_craq.proto.SuccessorRequestMessage" because it is missing required fields: s, succ_groupidx, succ_replicaidx
[libprotobuf ERROR google/protobuf/message_lite.cc:121] Can't parse message of type "replication.iocl_craq.proto.SuccessorRequestMessage" because it is missing required fields: s, succ_groupidx, succ_replicaidx
[libprotobuf ERROR google/protobuf/message_lite.cc:121] Can't parse message of type "replication.iocl_craq.proto.SuccessorRequestMessage" because it is missing required fields: s, succ_groupidx, succ_replicaidx
[libprotobuf ERROR google/protobuf/message_lite.cc:121] Can't parse message of type "replication.iocl_craq.proto.SuccessorRequestMessage" because it is missing required fields: s, succ_groupidx, succ_replicaidx
[libprotobuf ERROR google/protobuf/message_lite.cc:121] Can't parse message of type "replication.iocl_craq.proto.SuccessorRequestMessage" because it is missing required fields: s, succ_groupidx, succ_replicaidx
[libprotobuf ERROR google/protobuf/message_lite.cc:121] Can't parse message of type "replication.iocl_craq.proto.SuccessorRequestMessage" because it is missing required fields: s, succ_groupidx, succ_replicaidx
[libprotobuf ERROR google/protobuf/message_lite.cc:121] Can't parse message of type "replication.iocl_craq.proto.SuccessorRequestMessage" because it is missing required fields: s, succ_groupidx, succ_replicaidx
[libprotobuf ERROR google/protobuf/message_lite.cc:121] Can't parse message of type "replication.iocl_craq.proto.SuccessorRequestMessage" because it is missing required fields: s, succ_groupidx, succ_replicaidx
[libprotobuf ERROR google/protobuf/message_lite.cc:121] Can't parse message of type "replication.iocl_craq.proto.SuccessorRequestMessage" because it is missing required fields: s, succ_groupidx, succ_replicaidx
[libprotobuf ERROR google/protobuf/message_lite.cc:121] Can't parse message of type "replication.iocl_craq.proto.SuccessorRequestMessage" because it is missing required fields: s, succ_groupidx, succ_replicaidx
[libprotobuf ERROR google/protobuf/message_lite.cc:121] Can't parse message of type "replication.iocl_craq.proto.SuccessorRequestMessage" because it is missing required fields: s, succ_groupidx, succ_replicaidx
[libprotobuf ERROR google/protobuf/message_lite.cc:121] Can't parse message of type "replication.iocl_craq.proto.SuccessorRequestMessage" because it is missing required fields: s, succ_groupidx, succ_replicaidx
[libprotobuf ERROR google/protobuf/message_lite.cc:121] Can't parse message of type "replication.iocl_craq.proto.SuccessorRequestMessage" because it is missing required fields: s, succ_groupidx, succ_replicaidx
[libprotobuf ERROR google/protobuf/message_lite.cc:121] Can't parse message of type "replication.iocl_craq.proto.SuccessorRequestMessage" because it is missing required fields: s, succ_groupidx, succ_replicaidx
[libprotobuf ERROR google/protobuf/message_lite.cc:121] Can't parse message of type "replication.iocl_craq.proto.SuccessorRequestMessage" because it is missing required fields: s, succ_groupidx, succ_replicaidx
[libprotobuf ERROR google/protobuf/message_lite.cc:121] Can't parse message of type "replication.iocl_craq.proto.SuccessorRequestMessage" because it is missing required fields: s, succ_groupidx, succ_replicaidx
[libprotobuf ERROR google/protobuf/message_lite.cc:121] Can't parse message of type "replication.iocl_craq.proto.SuccessorRequestMessage" because it is missing required fields: s, succ_groupidx, succ_replicaidx
[libprotobuf ERROR google/protobuf/message_lite.cc:121] Can't parse message of type "replication.iocl_craq.proto.SuccessorRequestMessage" because it is missing required fields: s, succ_groupidx, succ_replicaidx
[libprotobuf ERROR google/protobuf/message_lite.cc:121] Can't parse message of type "replication.iocl_craq.proto.SuccessorRequestMessage" because it is missing required fields: s, succ_groupidx, succ_replicaidx
[libprotobuf ERROR google/protobuf/message_lite.cc:121] Can't parse message of type "replication.iocl_craq.proto.SuccessorRequestMessage" because it is missing required fields: s, succ_groupidx, succ_replicaidx
[libprotobuf ERROR google/protobuf/message_lite.cc:121] Can't parse message of type "replication.iocl_craq.proto.SuccessorRequestMessage" because it is missing required fields: s, succ_groupidx, succ_replicaidx
[libprotobuf ERROR google/protobuf/message_lite.cc:121] Can't parse message of type "replication.iocl_craq.proto.SuccessorRequestMessage" because it is missing required fields: s, succ_groupidx, succ_replicaidx
[libprotobuf ERROR google/protobuf/message_lite.cc:121] Can't parse message of type "replication.iocl_craq.proto.SuccessorRequestMessage" because it is missing required fields: s, succ_groupidx, succ_replicaidx
[libprotobuf ERROR google/protobuf/message_lite.cc:121] Can't parse message of type "replication.iocl_craq.proto.SuccessorRequestMessage" because it is missing required fields: s, succ_groupidx, succ_replicaidx
20260313-060658-8906 16673 * SendRequest     (client.cc:198):    Sending client request with id 2 (shardtag=12884901890 predlist_size=0)
20260313-060659-2374 16673 * SendRequest     (client.cc:198):    Sending client request with id 3 (shardtag=47244640257 predlist_size=0)
20260313-060659-4265 16673 * SendRequest     (client.cc:198):    Sending client request with id 4 (shardtag=81604378625 predlist_size=0)
20260313-060659-4506 16673 * SendRequest     (client.cc:198):    Sending client request with id 5 (shardtag=64424509441 predlist_size=0)
20260313-060659-6461 16673 * SendRequest     (client.cc:198):    Sending client request with id 6 (shardtag=133143986177 predlist_size=0)
20260313-060659-9055 16673 * SendRequest     (client.cc:198):    Sending client request with id 7 (shardtag=12884901891 predlist_size=0)
20260313-060700-2465 16673 * SendRequest     (client.cc:198):    Sending client request with id 8 (shardtag=47244640258 predlist_size=0)
20260313-060700-9196 16673 * SendRequest     (client.cc:198):    Sending client request with id 9 (shardtag=12884901892 predlist_size=0)
20260313-060701-0233 16673 * SendRequest     (client.cc:198):    Sending client request with id 10 (shardtag=30064771074 predlist_size=0)
20260313-060701-2700 16673 * SendRequest     (client.cc:198):    Sending client request with id 11 (shardtag=98784247809 predlist_size=0)
20260313-060701-4806 16673 * SendRequest     (client.cc:198):    Sending client request with id 12 (shardtag=115964116993 predlist_size=0)
20260313-060701-6707 16673 * SendRequest     (client.cc:198):    Sending client request with id 13 (shardtag=133143986178 predlist_size=0)
20260313-060702-8483 16673 * SendRequest     (client.cc:198):    Sending client request with id 14 (shardtag=30064771075 predlist_size=0)
20260313-060703-4779 16673 * SendRequest     (client.cc:198):    Sending client request with id 15 (shardtag=47244640259 predlist_size=0)
20260313-060703-6946 16673 * SendRequest     (client.cc:198):    Sending client request with id 16 (shardtag=98784247810 predlist_size=0)
20260313-060703-7503 16673 * SendRequest     (client.cc:198):    Sending client request with id 17 (shardtag=12884901893 predlist_size=0)
20260313-060704-0807 16673 * SendRequest     (client.cc:198):    Sending client request with id 18 (shardtag=81604378626 predlist_size=0)
20260313-060704-3019 16673 * SendRequest     (client.cc:198):    Sending client request with id 19 (shardtag=98784247811 predlist_size=0)
20260313-060704-7067 16673 * SendRequest     (client.cc:198):    Sending client request with id 20 (shardtag=98784247812 predlist_size=0)
20260313-060705-1216 16673 * SendRequest     (client.cc:198):    Sending client request with id 21 (shardtag=115964116994 predlist_size=0)
20260313-060705-2935 16673 * SendRequest     (client.cc:198):    Sending client request with id 22 (shardtag=81604378627 predlist_size=0)
20260313-060705-4967 16673 * SendRequest     (client.cc:198):    Sending client request with id 23 (shardtag=81604378628 predlist_size=0)
20260313-060705-9305 16673 * SendRequest     (client.cc:198):    Sending client request with id 24 (shardtag=115964116995 predlist_size=0)
20260313-060705-9765 16673 * SendRequest     (client.cc:198):    Sending client request with id 25 (shardtag=12884901894 predlist_size=0)
20260313-060706-0850 16673 * SendRequest     (client.cc:198):    Sending client request with id 26 (shardtag=30064771076 predlist_size=0)
20260313-060707-9250 16673 * SendRequest     (client.cc:198):    Sending client request with id 27 (shardtag=47244640260 predlist_size=0)
20260313-060708-3582 16673 * SendRequest     (client.cc:198):    Sending client request with id 28 (shardtag=115964116996 predlist_size=0)
20260313-060709-1431 16673 * SendRequest     (client.cc:198):    Sending client request with id 29 (shardtag=64424509442 predlist_size=0)
20260313-060709-1576 16673 * SendRequest     (client.cc:198):    Sending client request with id 30 (shardtag=133143986179 predlist_size=0)
20260313-060709-4148 16673 * SendRequest     (client.cc:198):    Sending client request with id 31 (shardtag=12884901895 predlist_size=0)
20260313-060709-5363 16673 * SendRequest     (client.cc:198):    Sending client request with id 32 (shardtag=81604378629 predlist_size=0)
20260313-060709-5621 16673 * SendRequest     (client.cc:198):    Sending client request with id 33 (shardtag=133143986180 predlist_size=0)
20260313-060709-7512 16673 * SendRequest     (client.cc:198):    Sending client request with id 34 (shardtag=64424509443 predlist_size=0)
20260313-060709-9673 16673 * SendRequest     (client.cc:198):    Sending client request with id 35 (shardtag=133143986181 predlist_size=0)
20260313-060710-7645 16673 * SendRequest     (client.cc:198):    Sending client request with id 36 (shardtag=64424509444 predlist_size=0)
20260313-060710-9918 16673 * SendRequest     (client.cc:198):    Sending client request with id 37 (shardtag=115964116997 predlist_size=0)
20260313-060711-3613 16673 * SendRequest     (client.cc:198):    Sending client request with id 38 (shardtag=81604378630 predlist_size=0)
20260313-060711-3966 16673 * SendRequest     (client.cc:198):    Sending client request with id 39 (shardtag=115964116998 predlist_size=0)
20260313-060711-8423 16673 * SendRequest     (client.cc:198):    Sending client request with id 40 (shardtag=12884901896 predlist_size=0)
20260313-060711-9679 16673 * SendRequest     (client.cc:198):    Sending client request with id 41 (shardtag=81604378631 predlist_size=0)
20260313-060711-9872 16673 * SendRequest     (client.cc:198):    Sending client request with id 42 (shardtag=98784247813 predlist_size=0)
20260313-060712-5759 16673 * SendRequest     (client.cc:198):    Sending client request with id 43 (shardtag=81604378632 predlist_size=0)
20260313-060712-6526 16673 * SendRequest     (client.cc:198):    Sending client request with id 44 (shardtag=12884901897 predlist_size=0)
20260313-060712-9660 16673 * SendRequest     (client.cc:198):    Sending client request with id 45 (shardtag=30064771077 predlist_size=0)
20260313-060713-0045 16673 * SendRequest     (client.cc:198):    Sending client request with id 46 (shardtag=133143986182 predlist_size=0)
20260313-060713-2061 16673 * SendRequest     (client.cc:198):    Sending client request with id 47 (shardtag=133143986183 predlist_size=0)
20260313-060713-3853 16673 * SendRequest     (client.cc:198):    Sending client request with id 48 (shardtag=81604378633 predlist_size=0)
20260313-060713-3909 16673 * SendRequest     (client.cc:198):    Sending client request with id 49 (shardtag=47244640261 predlist_size=0)
20260313-060714-0173 16673 * SendRequest     (client.cc:198):    Sending client request with id 50 (shardtag=133143986184 predlist_size=0)
20260313-060714-0683 16673 * SendRequest     (client.cc:198):    Sending client request with id 51 (shardtag=12884901898 predlist_size=0)
20260313-060714-2706 16673 * SendRequest     (client.cc:198):    Sending client request with id 52 (shardtag=12884901899 predlist_size=0)
20260313-060714-8370 16673 * SendRequest     (client.cc:198):    Sending client request with id 53 (shardtag=115964116999 predlist_size=0)
20260313-060714-8793 16673 * SendRequest     (client.cc:198):    Sending client request with id 54 (shardtag=12884901900 predlist_size=0)
20260313-060715-0078 16673 * SendRequest     (client.cc:198):    Sending client request with id 55 (shardtag=47244640263 predlist_size=0)
20260313-060715-0119 16673 * SendRequest     (client.cc:198):    Sending client request with id 56 (shardtag=64424509445 predlist_size=0)
20260313-060715-0245 16673 * SendRequest     (client.cc:198):    Sending client request with id 57 (shardtag=133143986185 predlist_size=0)
20260313-060715-2825 16673 * SendRequest     (client.cc:198):    Sending client request with id 58 (shardtag=12884901901 predlist_size=0)
20260313-060715-8337 16673 * SendRequest     (client.cc:198):    Sending client request with id 59 (shardtag=133143986186 predlist_size=0)
20260313-060716-0200 16673 * SendRequest     (client.cc:198):    Sending client request with id 60 (shardtag=47244640264 predlist_size=0)
20260313-060716-2512 16673 * SendRequest     (client.cc:198):    Sending client request with id 61 (shardtag=115964117000 predlist_size=0)
20260313-060717-0430 16673 * SendRequest     (client.cc:198):    Sending client request with id 62 (shardtag=98784247814 predlist_size=0)
20260313-060717-0502 16673 * SendRequest     (client.cc:198):    Sending client request with id 63 (shardtag=133143986187 predlist_size=0)
20260313-060717-2458 16673 * SendRequest     (client.cc:198):    Sending client request with id 64 (shardtag=98784247815 predlist_size=0)
20260313-060717-8344 16673 * SendRequest     (client.cc:198):    Sending client request with id 65 (shardtag=81604378634 predlist_size=0)
20260313-060717-8526 16673 * SendRequest     (client.cc:198):    Sending client request with id 66 (shardtag=98784247816 predlist_size=0)
20260313-060718-0246 16673 * SendRequest     (client.cc:198):    Sending client request with id 67 (shardtag=30064771078 predlist_size=0)
20260313-060718-8331 16673 * SendRequest     (client.cc:198):    Sending client request with id 68 (shardtag=30064771079 predlist_size=0)
20260313-060719-2467 16673 * SendRequest     (client.cc:198):    Sending client request with id 69 (shardtag=81604378635 predlist_size=0)
20260313-060719-6408 16673 * SendRequest     (client.cc:198):    Sending client request with id 70 (shardtag=30064771080 predlist_size=0)
20260313-060719-8611 16673 * SendRequest     (client.cc:198):    Sending client request with id 71 (shardtag=47244640265 predlist_size=0)
20260313-060719-8935 16673 * SendRequest     (client.cc:198):    Sending client request with id 72 (shardtag=115964117001 predlist_size=0)
20260313-060719-9364 16673 * SendRequest     (client.cc:198):    Sending client request with id 73 (shardtag=12884901902 predlist_size=0)
20260313-060720-2607 16673 * SendRequest     (client.cc:198):    Sending client request with id 74 (shardtag=81604378636 predlist_size=0)
20260313-060720-2662 16673 * SendRequest     (client.cc:198):    Sending client request with id 75 (shardtag=47244640266 predlist_size=0)
20260313-060720-4689 16673 * SendRequest     (client.cc:198):    Sending client request with id 76 (shardtag=64424509446 predlist_size=0)
20260313-060720-8735 16673 * SendRequest     (client.cc:198):    Sending client request with id 77 (shardtag=64424509447 predlist_size=0)
20260313-060721-0754 16673 * SendRequest     (client.cc:198):    Sending client request with id 78 (shardtag=64424509448 predlist_size=0)
20260313-060721-9024 16673 * SendRequest     (client.cc:198):    Sending client request with id 79 (shardtag=98784247817 predlist_size=0)
20260313-060721-9158 16673 * SendRequest     (client.cc:198):    Sending client request with id 80 (shardtag=115964117003 predlist_size=0)
20260313-060722-4859 16673 * SendRequest     (client.cc:198):    Sending client request with id 81 (shardtag=81604378637 predlist_size=0)
20260313-060723-1160 16673 * SendRequest     (client.cc:198):    Sending client request with id 82 (shardtag=98784247818 predlist_size=0)
20260313-060723-5003 16673 * SendRequest     (client.cc:198):    Sending client request with id 83 (shardtag=64424509449 predlist_size=0)
20260313-060724-7394 16673 * SendRequest     (client.cc:198):    Sending client request with id 84 (shardtag=98784247819 predlist_size=0)
20260313-060724-9332 16673 * SendRequest     (client.cc:198):    Sending client request with id 85 (shardtag=133143986188 predlist_size=0)
20260313-060728-9941 16673 ! TCPIncomingEventCallback (tcptransport.cc:942): [TCP INCOMING 117] EOF, lifetime=30917.46 ms
20260313-060728-9943 16673 ! TCPIncomingEventCallback (tcptransport.cc:942): [TCP INCOMING 118] EOF, lifetime=30913.03 ms
20260313-060729-1044 16673 ! TCPIncomingEventCallback (tcptransport.cc:942): [TCP INCOMING 121] EOF, lifetime=30913.00 ms
20260313-060729-1046 16673 ! TCPIncomingEventCallback (tcptransport.cc:942): [TCP INCOMING 122] EOF, lifetime=30909.59 ms
20260313-060729-1187 16673 ! TCPIncomingEventCallback (tcptransport.cc:942): [TCP INCOMING 123] EOF, lifetime=30913.08 ms
20260313-060729-1189 16673 ! TCPIncomingEventCallback (tcptransport.cc:942): [TCP INCOMING 124] EOF, lifetime=30909.47 ms
20260313-060729-1198 16673 ! TCPIncomingEventCallback (tcptransport.cc:942): [TCP INCOMING 127] EOF, lifetime=30890.05 ms
20260313-060729-1200 16673 ! TCPIncomingEventCallback (tcptransport.cc:942): [TCP INCOMING 129] EOF, lifetime=30886.57 ms
20260313-060729-1211 16673 ! TCPIncomingEventCallback (tcptransport.cc:942): [TCP INCOMING 125] EOF, lifetime=30899.91 ms
20260313-060729-1213 16673 ! TCPIncomingEventCallback (tcptransport.cc:942): [TCP INCOMING 126] EOF, lifetime=30896.26 ms
20260313-060729-1371 16673 ! TCPIncomingEventCallback (tcptransport.cc:942): [TCP INCOMING 130] EOF, lifetime=30903.65 ms
20260313-060729-1373 16673 ! TCPIncomingEventCallback (tcptransport.cc:942): [TCP INCOMING 132] EOF, lifetime=30900.10 ms
20260313-060729-1440 16673 ! TCPIncomingEventCallback (tcptransport.cc:942): [TCP INCOMING 128] EOF, lifetime=30910.58 ms
20260313-060729-1442 16673 ! TCPIncomingEventCallback (tcptransport.cc:942): [TCP INCOMING 131] EOF, lifetime=30906.99 ms
20260313-060729-1570 16673 ! TCPIncomingEventCallback (tcptransport.cc:942): [TCP INCOMING 133] EOF, lifetime=30916.90 ms
20260313-060729-1572 16673 ! TCPIncomingEventCallback (tcptransport.cc:942): [TCP INCOMING 134] EOF, lifetime=30913.09 ms
20260313-060735-6071 16673 * Cleanup         (server.cc:589):    Gracefully exiting after signal 15.
20260313-060735-6072 16673 * Stop            (tcptransport.cc:605): [TCP SUMMARY] outgoingCreated=59 outgoingClosed=0 incomingCreated=75 incomingClosed=16 outgoingPeak=119 incomingPeak=38
Inserted events:
  0x55eb6672d0d0 [fd  9] Read Persist Internal
  0x55eb66734e30 [fd  10] Read Persist
  0x55eb667402e0 [fd  11] Read Persist
  0x55eb72d89c50 [fd  12] Read Persist
  0x55eb72d89e70 [fd  13] Read Persist
  0x55eb72d8a090 [fd  14] Read Persist
  0x55eb72d8a2b0 [fd  15] Read Persist
  0x55eb72d8a4d0 [fd  16] Read Persist
  0x55eb72d8a6f0 [fd  17] Read Persist
  0x55eb72d8a910 [fd  18] Read Persist
  0x55eb72d8ab30 [fd  19] Read Persist
  0x55eb72d8ad50 [fd  20] Read Persist
  0x55eb72d8af70 [fd  21] Read Persist
  0x55eb72d8b220 [fd  22] Read Persist
  0x55eb72d8b560 [fd  23] Read Persist
  0x55eb72d8b8a0 [fd  24] Read Persist
  0x55eb72d8bbe0 [fd  25] Read Persist
  0x55eb72d8bf40 [fd  26] Read Persist
  0x55eb72d8c2e0 [fd  27] Read Persist
  0x55eb72d8c680 [fd  28] Read Persist
  0x55eb72d8cb50 [fd  29] Read Persist
  0x55eb72d8cef0 [fd  30] Read Persist
  0x55eb72d8d290 [fd  31] Read Persist
  0x55eb72d8d630 [fd  32] Read Persist
  0x55eb72d86e90 [fd  33] Read Persist
  0x55eb72d852d0 [fd  34] Read Persist
  0x55eb72d7c710 [fd  35] Read Persist
  0x55eb72d7cad0 [fd  36] Read Persist
  0x55eb72d85780 [fd  37] Read Persist
  0x55eb72d86470 [fd  38] Read Persist
  0x55eb72d82a80 [fd  39] Read Persist
  0x55eb72d832f0 [fd  40] Read Persist
  0x55eb72d838a0 [fd  41] Read Persist
  0x55eb72d83cc0 [fd  42] Read Persist
  0x55eb72d84100 [fd  43] Read Persist
  0x55eb72d84540 [fd  44] Read Persist
  0x55eb72d8dcb0 [fd  45] Read Persist
  0x55eb72d8e0c0 [fd  46] Read Persist
  0x55eb72d8e4d0 [fd  47] Read Persist
  0x55eb72d8e8e0 [fd  48] Read Persist
  0x55eb72d8ef70 [fd  49] Read Persist
  0x55eb72d8f410 [fd  50] Read Persist
  0x55eb72d8f9a0 [fd  51] Read Persist
  0x55eb72d8ff30 [fd  52] Read Persist
  0x55eb72d904c0 [fd  53] Read Persist
  0x55eb72d90a50 [fd  54] Read Persist
  0x55eb72d90fe0 [fd  55] Read Persist
  0x55eb72d91570 [fd  56] Read Persist
  0x55eb72d91b00 [fd  57] Read Persist
  0x55eb72d92090 [fd  58] Read Persist
  0x55eb72d92620 [fd  59] Read Persist
  0x55eb72d92bb0 [fd  60] Read Persist
  0x55eb72d93140 [fd  61] Read Persist
  0x55eb72d93560 [fd  62] Read Persist
  0x55eb72d93780 [fd  63] Read Persist
  0x55eb72d93a30 [fd  64] Read Persist
  0x55eb6673b2b0 [fd  65] Read Persist
  0x55eb6673c980 [fd  66] Read Persist
  0x55eb6673b880 [fd  67] Read Persist
  0x55eb6673bc50 [fd  68] Read Persist
  0x55eb6673c020 [fd  69] Read Persist
  0x55eb72d93d70 [fd  70] Read Persist
  0x55eb72da4bd0 [fd  71] Read Persist
  0x55eb72da4df0 [fd  72] Read Persist
  0x55eb72da5010 [fd  73] Read Persist
  0x55eb72da5440 [fd  74] Read Persist
  0x55eb72da57d0 [fd  75] Read Persist
  0x55eb72da5bf0 [fd  76] Read Persist
  0x55eb72da6080 [fd  77] Read Persist
  0x55eb72da64c0 [fd  78] Read Persist
  0x55eb72da6900 [fd  79] Read Persist
  0x55eb72da6d40 [fd  80] Read Persist
  0x55eb72da7180 [fd  81] Read Persist
  0x55eb72d94ab0 [fd  82] Read Persist
  0x55eb72d94840 [fd  83] Read Persist
  0x55eb72da7570 [fd  84] Read Persist
  0x55eb72da7790 [fd  85] Read Persist
  0x55eb72da79b0 [fd  86] Read Persist
  0x55eb72da7cf0 [fd  87] Read Persist
  0x55eb72da8030 [fd  88] Read Persist
  0x55eb72da8370 [fd  89] Read Persist
  0x55eb72da86b0 [fd  90] Read Persist
  0x55eb72da9470 [fd  91] Read Persist
  0x55eb72da97b0 [fd  92] Read Persist
  0x55eb72da9af0 [fd  93] Read Persist
  0x55eb72da9f00 [fd  94] Read Persist
  0x55eb72daa310 [fd  95] Read Persist
  0x55eb72daa720 [fd  96] Read Persist
  0x55eb72daac80 [fd  97] Read Persist
  0x55eb72dab210 [fd  98] Read Persist
  0x55eb72dab7a0 [fd  99] Read Persist
  0x55eb72dabd30 [fd  100] Read Persist
  0x55eb72dac2c0 [fd  101] Read Persist
  0x55eb72dac850 [fd  102] Read Persist
  0x55eb72dacde0 [fd  103] Read Persist
  0x55eb72dad370 [fd  104] Read Persist
  0x55eb72dad900 [fd  105] Read Persist
  0x55eb72dade90 [fd  106] Read Persist
  0x55eb72dae420 [fd  107] Read Persist
  0x55eb72dae9b0 [fd  108] Read Persist
  0x55eb72daef40 [fd  109] Read Persist
  0x55eb72daf4d0 [fd  110] Read Persist
  0x55eb72dafa60 [fd  111] Read Persist
  0x55eb72dafff0 [fd  112] Read Persist
  0x55eb72db0580 [fd  113] Read Persist
  0x55eb72db0b10 [fd  114] Read Persist
  0x55eb72db10a0 [fd  115] Read Persist
  0x55eb72d890a0 [fd  116] Read Persist
  0x55eb72db5750 [fd  117] Read Persist
  0x55eb72db63d0 [fd  118] Read Persist
  0x55eb72db6810 [fd  119] Read Persist
  0x55eb72db6ca0 [fd  120] Read Persist
  0x55eb72db7110 [fd  121] Read Persist
  0x55eb72db7580 [fd  122] Read Persist
  0x55eb72db79f0 [fd  123] Read Persist
  0x55eb72db7e90 [fd  124] Read Persist
  0x55eb72db20f0 [fd  125] Read Persist
  0x55eb72db2590 [fd  126] Read Persist
  0x55eb72db2a30 [fd  127] Read Persist
  0x55eb72dd37b0 [fd  130] Read Persist
  0x55eb72dd39d0 [fd  131] Read Persist
Active events:
20260313-060735-6090 16673 * Cleanup         (server.cc:593):    Exporting stats to /mnt/extra/experiments/2026-04-13-06-06-26/out/server-0-3-1-stats-0.json.
20260313-060735-6092 16673 * Close           (replica.cc:1228):  [1] ReadStatsSummary clean=82 dirty=3 total=85
20260313-060735-6093 16673 * Close           (replica.cc:1230):  [1] ReadStatsDepth depth=1 count=3
20260313-060735-6093 16673 * Close           (replica.cc:1233):  [1] ReadStatsClient client=18 clean=82 dirty=3
