20260313-062537-8365 17046 * main            (server.cc:217):    Starting server.
20260313-062537-8371 17046 * main            (server.cc:335):    Creating a default paritioner!
20260313-062539-4432 17046 * main            (server.cc:513):    Done loading server.
20260313-062631-1171 17046 ! TCPIncomingEventCallback (tcptransport.cc:942): [TCP INCOMING 117] EOF, lifetime=31005.74 ms
20260313-062631-1470 17046 ! TCPIncomingEventCallback (tcptransport.cc:942): [TCP INCOMING 118] EOF, lifetime=31021.77 ms
20260313-062631-1525 17046 ! TCPIncomingEventCallback (tcptransport.cc:942): [TCP INCOMING 120] EOF, lifetime=31017.29 ms
20260313-062631-1550 17046 ! TCPIncomingEventCallback (tcptransport.cc:942): [TCP INCOMING 119] EOF, lifetime=31022.76 ms
20260313-062631-1552 17046 ! TCPIncomingEventCallback (tcptransport.cc:942): [TCP INCOMING 122] EOF, lifetime=31012.11 ms
20260313-062631-1600 17046 ! TCPIncomingEventCallback (tcptransport.cc:942): [TCP INCOMING 121] EOF, lifetime=31024.33 ms
20260313-062631-1604 17046 ! TCPIncomingEventCallback (tcptransport.cc:942): [TCP INCOMING 123] EOF, lifetime=31009.01 ms
20260313-062631-2458 17046 ! TCPIncomingEventCallback (tcptransport.cc:942): [TCP INCOMING 124] EOF, lifetime=31015.03 ms
20260313-062637-6799 17046 * Cleanup         (server.cc:589):    Gracefully exiting after signal 15.
20260313-062637-6800 17046 * Stop            (tcptransport.cc:605): [TCP SUMMARY] outgoingCreated=58 outgoingClosed=0 incomingCreated=66 incomingClosed=8 outgoingPeak=94 incomingPeak=37
Inserted events:
  0x563a089b5d00 [fd  9] Read Persist Internal
  0x563a089bda60 [fd  10] Read Persist
  0x563a089c8cd0 [fd  11] Read Persist
  0x563a11358060 [fd  12] Read Persist
  0x563a113552a0 [fd  13] Read Persist
  0x563a11350310 [fd  14] Read Persist
  0x563a11349820 [fd  15] Read Persist
  0x563a1134b190 [fd  16] Read Persist
  0x563a11348c10 [fd  17] Read Persist
  0x563a11354a10 [fd  18] Read Persist
  0x563a11348f80 [fd  19] Read Persist
  0x563a113493c0 [fd  20] Read Persist
  0x563a11361900 [fd  21] Read Persist
  0x563a11361c40 [fd  22] Read Persist
  0x563a11361f80 [fd  23] Read Persist
  0x563a113622c0 [fd  24] Read Persist
  0x563a11362600 [fd  25] Read Persist
  0x563a11362940 [fd  26] Read Persist
  0x563a11362c80 [fd  27] Read Persist
  0x563a11362fc0 [fd  28] Read Persist
  0x563a11363430 [fd  29] Read Persist
  0x563a11363770 [fd  30] Read Persist
  0x563a11363b90 [fd  31] Read Persist
  0x563a11364120 [fd  32] Read Persist
  0x563a113648c0 [fd  33] Read Persist
  0x563a11364e50 [fd  34] Read Persist
  0x563a113653e0 [fd  35] Read Persist
  0x563a11365970 [fd  36] Read Persist
  0x563a11365f00 [fd  37] Read Persist
  0x563a11366490 [fd  38] Read Persist
  0x563a11366a20 [fd  39] Read Persist
  0x563a11366fb0 [fd  40] Read Persist
  0x563a11367540 [fd  41] Read Persist
  0x563a11367ad0 [fd  42] Read Persist
  0x563a11368060 [fd  43] Read Persist
  0x563a113685f0 [fd  44] Read Persist
  0x563a11368b80 [fd  45] Read Persist
  0x563a11369110 [fd  46] Read Persist
  0x563a113696a0 [fd  47] Read Persist
  0x563a11369c30 [fd  48] Read Persist
  0x563a1136a440 [fd  49] Read Persist
  0x563a1136a9d0 [fd  50] Read Persist
  0x563a1136af60 [fd  51] Read Persist
  0x563a1136b4f0 [fd  52] Read Persist
  0x563a1136ba80 [fd  53] Read Persist
  0x563a1136bea0 [fd  54] Read Persist
  0x563a1136c0c0 [fd  55] Read Persist
  0x563a1136c370 [fd  56] Read Persist
  0x563a1136c680 [fd  57] Read Persist
  0x563a1136ca20 [fd  58] Read Persist
  0x563a1136cdc0 [fd  59] Read Persist
  0x563a1136d160 [fd  60] Read Persist
  0x563a1136d500 [fd  61] Read Persist
  0x563a1136d8a0 [fd  62] Read Persist
  0x563a1136dc40 [fd  63] Read Persist
  0x563a1136dfe0 [fd  64] Read Persist
  0x563a089c5620 [fd  65] Read Persist
  0x563a089c4960 [fd  66] Read Persist
  0x563a1136e320 [fd  67] Read Persist
  0x563a1136e540 [fd  68] Read Persist
  0x563a1136e760 [fd  69] Read Persist
  0x563a1136eb40 [fd  70] Read Persist
  0x563a1136f010 [fd  71] Read Persist
  0x563a1136f4a0 [fd  72] Read Persist
  0x563a1136f910 [fd  73] Read Persist
  0x563a1136fdb0 [fd  74] Read Persist
  0x563a11370250 [fd  75] Read Persist
  0x563a113706f0 [fd  76] Read Persist
  0x563a11370c40 [fd  77] Read Persist
  0x563a11371100 [fd  78] Read Persist
  0x563a113715c0 [fd  79] Read Persist
  0x563a11371a80 [fd  80] Read Persist
  0x563a11371f40 [fd  81] Read Persist
  0x563a11372400 [fd  82] Read Persist
  0x563a113728c0 [fd  83] Read Persist
  0x563a11372e50 [fd  84] Read Persist
  0x563a113733e0 [fd  85] Read Persist
  0x563a11373970 [fd  86] Read Persist
  0x563a11373f00 [fd  87] Read Persist
  0x563a11374490 [fd  88] Read Persist
  0x563a11374a20 [fd  89] Read Persist
  0x563a11374fb0 [fd  90] Read Persist
  0x563a11375fc0 [fd  91] Read Persist
  0x563a11376550 [fd  92] Read Persist
  0x563a11376ae0 [fd  93] Read Persist
  0x563a11377070 [fd  94] Read Persist
  0x563a11377600 [fd  95] Read Persist
  0x563a11377b90 [fd  96] Read Persist
  0x563a11378120 [fd  97] Read Persist
  0x563a113786b0 [fd  98] Read Persist
  0x563a11378c40 [fd  99] Read Persist
  0x563a113791d0 [fd  100] Read Persist
  0x563a11379760 [fd  101] Read Persist
  0x563a11379cf0 [fd  102] Read Persist
  0x563a1137a280 [fd  103] Read Persist
  0x563a1137a810 [fd  104] Read Persist
  0x563a1137ada0 [fd  105] Read Persist
  0x563a1137b1c0 [fd  106] Read Persist
  0x563a1137b3e0 [fd  107] Read Persist
  0x563a1137b690 [fd  108] Read Persist
  0x563a1137ba30 [fd  109] Read Persist
  0x563a1137bdd0 [fd  110] Read Persist
  0x563a1137c170 [fd  111] Read Persist
  0x563a1137c510 [fd  112] Read Persist
  0x563a1137c8b0 [fd  113] Read Persist
  0x563a1137cc50 [fd  114] Read Persist
  0x563a1137cff0 [fd  115] Read Persist
  0x563a1137d390 [fd  116] Read Persist
  0x563a1137d730 [fd  117] Read Persist
  0x563a1137dad0 [fd  118] Read Persist
  0x563a1137de70 [fd  119] Read Persist
  0x563a1137e240 [fd  120] Read Persist
  0x563a1137e580 [fd  121] Read Persist
  0x563a1137e950 [fd  122] Read Persist
  0x563a1137ed20 [fd  123] Read Persist
  0x563a1137f0f0 [fd  124] Read Persist
  0x563a1137f4f0 [fd  125] Read Persist
  0x563a1137f8f0 [fd  126] Read Persist
  0x563a1137fcf0 [fd  127] Read Persist
  0x563a11380360 [fd  -1] Timeout=1776083797.456893
Active events:
20260313-062637-6820 17046 * Cleanup         (server.cc:593):    Exporting stats to /mnt/extra/experiments/2026-04-13-06-25-29/out/server-0-9-1-stats-0.json.
