#start,0,0
app,1137709824,30753201007,66
user_create,1137709824,30753201007,66
app,967801856,31721056461,66
user_create,967801856,31721056461,66
app,951186176,32672294616,66
user_create,951186176,32672294616,66
app,1225713664,33898059606,66
user_create,1225713664,33898059606,66
app,1225350912,35123463153,66
user_create,1225350912,35123463153,66
app,1283523328,36407038450,66
user_create,1283523328,36407038450,66
app,1432864512,37839955091,66
user_create,1432864512,37839955091,66
app,989237504,38829245328,66
user_create,989237504,38829245328,66
app,1175405056,40004702329,66
user_create,1175405056,40004702329,66
app,1492417024,41497171163,66
user_create,1492417024,41497171163,66
app,1215494656,42712718009,66
user_create,1215494656,42712718009,66
app,1263545856,43976317405,66
user_create,1263545856,43976317405,66
app,1491930880,45468300819,66
user_create,1491930880,45468300819,66
app,1324183040,46792536258,66
user_create,1324183040,46792536258,66
app,1538006016,48330594301,66
user_create,1538006016,48330594301,66
app,1335752192,49666398286,66
user_create,1335752192,49666398286,66
app,1214183424,50880635023,66
user_create,1214183424,50880635023,66
app,1027819264,51908511877,66
user_create,1027819264,51908511877,66
app,1113135616,53021699428,66
user_create,1113135616,53021699428,66
app,1372108544,54393859624,66
user_create,1372108544,54393859624,66
app,1343677696,55737589597,66
user_create,1343677696,55737589597,66
app,1295364096,57033005714,66
user_create,1295364096,57033005714,66
app,1336350976,58369410037,66
user_create,1336350976,58369410037,66
app,880010496,59249472618,66
user_create,880010496,59249472618,66
app,1480869376,60730394601,66
user_create,1480869376,60730394601,66
app,1188305152,61918752193,66
user_create,1188305152,61918752193,66
app,1382117888,63300922632,66
user_create,1382117888,63300922632,66
app,1155257344,64456232786,66
user_create,1155257344,64456232786,66
app,1147500800,65603785991,66
user_create,1147500800,65603785991,66
app,1248618240,66852456331,66
user_create,1248618240,66852456331,66
app,1113835008,67966343879,66
user_create,1113835008,67966343879,66
app,1037745152,69004140853,66
user_create,1037745152,69004140853,66
app,966907136,69971099853,66
user_create,966907136,69971099853,66
app,1099264512,71070416688,66
user_create,1099264512,71070416688,66
app,1233923584,72304392099,66
user_create,1233923584,72304392099,66
app,1335742976,73640189170,66
user_create,1335742976,73640189170,66
app,1478916352,75119175910,66
user_create,1478916352,75119175910,66
app,950960896,76070188760,66
user_create,950960896,76070188760,66
app,1381472256,77451713800,66
user_create,1381472256,77451713800,66
app,1321767168,78773533344,66
user_create,1321767168,78773533344,66
app,1175576320,79949161291,66
user_create,1175576320,79949161291,66
app,1227279616,81176492929,66
user_create,1227279616,81176492929,66
app,1175319296,82351865053,66
user_create,1175319296,82351865053,66
app,1165801472,83517718791,66
user_create,1165801472,83517718791,66
app,1335668480,84853439569,66
user_create,1335668480,84853439569,66
app,1428900608,86282393217,66
user_create,1428900608,86282393217,66
app,1028017408,87310463666,66
user_create,1028017408,87310463666,66
app,1055517184,88366035223,66
user_create,1055517184,88366035223,66
app,1187652096,89553740501,66
user_create,1187652096,89553740501,66
app,1213710336,90767503023,66
user_create,1213710336,90767503023,66
app,1028067584,91795622825,66
user_create,1028067584,91795622825,66
app,1075792640,92871468782,66
user_create,1075792640,92871468782,66
app,1176054272,94047575235,66
user_create,1176054272,94047575235,66
app,951419136,94999046802,66
user_create,951419136,94999046802,66
app,1105724672,96104823589,66
user_create,1105724672,96104823589,66
app,1382719488,97487595081,66
user_create,1382719488,97487595081,66
app,1385306112,98872953653,66
user_create,1385306112,98872953653,66
app,1087246848,99960252046,66
user_create,1087246848,99960252046,66
app,1213885696,101174190759,66
user_create,1213885696,101174190759,66
app,1155757312,102329999446,66
user_create,1155757312,102329999446,66
app,1027819776,103357871770,66
user_create,1027819776,103357871770,66
app,955359744,104313283205,66
user_create,955359744,104313283205,66
app,1107083776,105420420169,66
user_create,1107083776,105420420169,66
app,1396199168,106816672563,66
user_create,1396199168,106816672563,66
app,1176201984,107992925882,66
user_create,1176201984,107992925882,66
app,1039748352,109032727003,66
user_create,1039748352,109032727003,66
app,1492010240,110524789333,66
user_create,1492010240,110524789333,66
app,1275482624,111800324440,66
user_create,1275482624,111800324440,66
app,1195698176,112996075153,66
user_create,1195698176,112996075153,66
app,1333780992,114329908609,66
user_create,1333780992,114329908609,66
app,1087468800,115417429447,66
user_create,1087468800,115417429447,66
app,1067561472,116485043764,66
user_create,1067561472,116485043764,66
app,1099252480,117584347724,66
user_create,1099252480,117584347724,66
app,1540091136,119124490976,66
user_create,1540091136,119124490976,66
app,1224485376,120349028825,66
user_create,1224485376,120349028825,66
app,803641088,121152721881,66
user_create,803641088,121152721881,66
app,1028385280,122181159019,66
user_create,1028385280,122181159019,66
app,990162688,123171373844,66
user_create,990162688,123171373844,66
app,1322242048,124493681907,66
user_create,1322242048,124493681907,66
app,1116137984,125609872102,66
user_create,1116137984,125609872102,66
app,1263809536,126873733520,66
user_create,1263809536,126873733520,66
app,1176115968,128049902439,66
user_create,1176115968,128049902439,66
app,1114143488,129164100646,66
user_create,1114143488,129164100646,66
app,1233430016,130397583007,66
user_create,1233430016,130397583007,66
app,1481226752,131878875494,66
user_create,1481226752,131878875494,66
app,1039905792,132918834209,66
user_create,1039905792,132918834209,66
app,1017709056,133936595678,66
user_create,1017709056,133936595678,66
app,841841152,134778489351,66
user_create,841841152,134778489351,66
app,1431938304,136210479497,66
user_create,1431938304,136210479497,66
app,1540770560,137751302003,66
user_create,1540770560,137751302003,66
app,1384043520,139135398149,66
user_create,1384043520,139135398149,66
app,1444073472,140579523801,66
user_create,1444073472,140579523801,66
app,1444115968,142023691415,66
user_create,1444115968,142023691415,66
app,879127040,142902871847,66
user_create,879127040,142902871847,66
app,1100826624,144003749847,66
user_create,1100826624,144003749847,66
app,1215799808,145219601631,66
user_create,1215799808,145219601631,66
app,968077056,146187731504,66
user_create,968077056,146187731504,66
app,1136782848,147324566602,66
user_create,1136782848,147324566602,66
app,1064288256,148388907670,66
user_create,1064288256,148388907670,66
app,1382656256,149771615982,66
user_create,1382656256,149771615982,66
app,1075117312,150846785545,66
user_create,1075117312,150846785545,66
app,1480440320,152327277421,66
user_create,1480440320,152327277421,66
app,1086711552,153414041280,66
user_create,1086711552,153414041280,66
app,967455232,154381548643,66
user_create,967455232,154381548643,66
app,1043453696,155425054550,66
user_create,1043453696,155425054550,66
app,1087671808,156512778520,66
user_create,1087671808,156512778520,66
app,1164261632,157677092552,66
user_create,1164261632,157677092552,66
app,1195597568,158872741937,66
user_create,1195597568,158872741937,66
app,951885824,159824679851,66
user_create,951885824,159824679851,66
app,1066138112,160890870094,66
user_create,1066138112,160890870094,66
app,1234266112,162125188112,66
user_create,1234266112,162125188112,66
app,804139264,162929379701,66
user_create,804139264,162929379701,66
app,1017986816,163947418451,66
user_create,1017986816,163947418451,66
app,1195632896,165143105506,66
user_create,1195632896,165143105506,66
app,1089018624,166232177972,66
user_create,1089018624,166232177972,66
app,1382679296,167614909648,66
user_create,1382679296,167614909648,66
app,1284150528,168899112224,66
user_create,1284150528,168899112224,66
app,999593216,169898757219,66
user_create,999593216,169898757219,66
app,968557568,170867368459,66
user_create,968557568,170867368459,66
app,1343805952,172211226224,66
user_create,1343805952,172211226224,66
app,1006696704,173217988729,66
user_create,1006696704,173217988729,66
app,1479798272,174697839498,66
user_create,1479798272,174697839498,66
app,1396373760,176094265460,66
user_create,1396373760,176094265460,66
app,1322506496,177416823625,66
user_create,1322506496,177416823625,66
app,1113778944,178530654191,66
user_create,1113778944,178530654191,66
app,1433323008,179964029550,66
user_create,1433323008,179964029550,66
app,917882368,180881964206,66
user_create,917882368,180881964206,66
app,1391703296,182273719549,66
user_create,1391703296,182273719549,66
app,1540332032,183814103126,66
user_create,1540332032,183814103126,66
app,1271815424,185085970878,66
user_create,1271815424,185085970878,66
app,1539954176,186625977277,66
user_create,1539954176,186625977277,66
app,892167680,187518197298,66
user_create,892167680,187518197298,66
app,1216061184,188734310150,66
user_create,1216061184,188734310150,66
app,1089032704,189823395490,66
user_create,1089032704,189823395490,66
app,1216015616,191039464473,66
user_create,1216015616,191039464473,66
app,929402368,191968919515,66
user_create,929402368,191968919515,66
app,1127443200,193096427679,66
user_create,1127443200,193096427679,66
app,1492087296,194588567256,66
user_create,1492087296,194588567256,66
app,1116413952,195705034255,66
user_create,1116413952,195705034255,66
app,990456832,196695543766,66
user_create,990456832,196695543766,66
app,1216743936,197912339925,66
user_create,1216743936,197912339925,66
app,1088648960,199001040935,66
user_create,1088648960,199001040935,66
app,1176355328,200177448034,66
user_create,1176355328,200177448034,66
app,1274925568,201452427387,66
user_create,1274925568,201452427387,66
app,1272581632,202725061655,66
user_create,1272581632,202725061655,66
app,1588354304,204313469886,66
user_create,1588354304,204313469886,66
app,1234444032,205547966957,66
user_create,1234444032,205547966957,66
app,968738560,206516757965,66
user_create,968738560,206516757965,66
app,1088277248,207605086803,66
user_create,1088277248,207605086803,66
app,1226441216,208831580400,66
user_create,1226441216,208831580400,66
app,1187911680,210019543647,66
user_create,1187911680,210019543647,66
app,930071040,210949666500,66
user_create,930071040,210949666500,66
app,1076184832,212025902986,66
user_create,1076184832,212025902986,66
app,1224638464,213250593423,66
user_create,1224638464,213250593423,66
app,1006049024,214256694793,66
user_create,1006049024,214256694793,66
app,1116252928,215372999668,66
user_create,1116252928,215372999668,66
app,1248284160,216621335506,66
user_create,1248284160,216621335506,66
app,1166854144,217788241147,66
user_create,1166854144,217788241147,66
app,1038319360,218826613426,66
user_create,1038319360,218826613426,66
app,1040060160,219866737842,66
user_create,1040060160,219866737842,66
app,892473344,220759263277,66
user_create,892473344,220759263277,66
app,1100523520,221859838485,66
user_create,1100523520,221859838485,66
app,1324609024,223184513330,66
user_create,1324609024,223184513330,66
app,1588439808,224773005247,66
user_create,1588439808,224773005247,66
app,968659968,225741718292,66
user_create,968659968,225741718292,66
app,1138431744,226880203485,66
user_create,1138431744,226880203485,66
app,1005615872,227885871887,66
user_create,1005615872,227885871887,66
app,1335991296,229221914529,66
user_create,1335991296,229221914529,66
app,1186437632,230408404827,66
user_create,1186437632,230408404827,66
app,1195267840,231603724718,66
user_create,1195267840,231603724718,66
app,930373632,232534150123,66
user_create,930373632,232534150123,66
app,1215742976,233749945640,66
user_create,1215742976,233749945640,66
app,1100177152,234850175380,66
user_create,1100177152,234850175380,66
app,1381681920,236231909513,66
user_create,1381681920,236231909513,66
app,1055552768,237287538290,66
user_create,1055552768,237287538290,66
app,1163778304,238451368808,66
user_create,1163778304,238451368808,66
app,1177226496,239628649473,66
user_create,1177226496,239628649473,66
app,950650880,240579354047,66
user_create,950650880,240579354047,66
app,1113601536,241693007946,66
user_create,1113601536,241693007946,66
app,1176108800,242869169712,66
user_create,1176108800,242869169712,66
app,1333919744,244203141450,66
user_create,1333919744,244203141450,66
app,1227053312,245430247068,66
user_create,1227053312,245430247068,66
app,981720320,246412021875,66
user_create,981720320,246412021875,66
#end,246,412031,66
