20260313-151040-7803 30454 * main            (benchmark.cc:405): Starting benchmark.
20260313-151041-4568 30454 * main            (benchmark.cc:624): Creating a default paritioner!
20260313-151041-4576 30454 * Client          (client.cc:76):     Initializing StrongStore client with id [5]
20260313-151041-4588 30454 * ShardClient     (shardclient.cc:62): success in sending register client: for client id 5 1
20260313-151041-4589 30454 * ShardClient     (shardclient.cc:62): success in sending register client: for client id 5 1
20260313-151041-4589 30454 * ShardClient     (shardclient.cc:62): success in sending register client: for client id 5 1
20260313-151041-4594 30454 * ShardClient     (shardclient.cc:62): success in sending register client: for client id 5 1
20260313-151041-4595 30454 * ShardClient     (shardclient.cc:62): success in sending register client: for client id 5 1
20260313-151041-4595 30454 * ShardClient     (shardclient.cc:62): success in sending register client: for client id 5 1
20260313-151041-4601 30454 * ShardClient     (shardclient.cc:62): success in sending register client: for client id 5 1
20260313-151041-4601 30454 * ShardClient     (shardclient.cc:62): success in sending register client: for client id 5 1
20260313-151041-4602 30454 * ShardClient     (shardclient.cc:62): success in sending register client: for client id 5 1
20260313-151041-4607 30454 * ShardClient     (shardclient.cc:62): success in sending register client: for client id 5 1
20260313-151041-4608 30454 * ShardClient     (shardclient.cc:62): success in sending register client: for client id 5 1
20260313-151041-4608 30454 * ShardClient     (shardclient.cc:62): success in sending register client: for client id 5 1
20260313-151041-4613 30454 * ShardClient     (shardclient.cc:62): success in sending register client: for client id 5 1
20260313-151041-4613 30454 * ShardClient     (shardclient.cc:62): success in sending register client: for client id 5 1
20260313-151041-4614 30454 * ShardClient     (shardclient.cc:62): success in sending register client: for client id 5 1
20260313-151041-4619 30454 * ShardClient     (shardclient.cc:62): success in sending register client: for client id 5 1
20260313-151041-4619 30454 * ShardClient     (shardclient.cc:62): success in sending register client: for client id 5 1
20260313-151041-4620 30454 * ShardClient     (shardclient.cc:62): success in sending register client: for client id 5 1
20260313-151041-4624 30454 * ShardClient     (shardclient.cc:62): success in sending register client: for client id 5 1
20260313-151041-4625 30454 * ShardClient     (shardclient.cc:62): success in sending register client: for client id 5 1
20260313-151041-4625 30454 * ShardClient     (shardclient.cc:62): success in sending register client: for client id 5 1
20260313-151041-4630 30454 * ShardClient     (shardclient.cc:62): success in sending register client: for client id 5 1
20260313-151041-4631 30454 * ShardClient     (shardclient.cc:62): success in sending register client: for client id 5 1
20260313-151041-4631 30454 * ShardClient     (shardclient.cc:62): success in sending register client: for client id 5 1
20260313-151041-4636 30454 * ShardClient     (shardclient.cc:62): success in sending register client: for client id 5 1
20260313-151041-4637 30454 * ShardClient     (shardclient.cc:62): success in sending register client: for client id 5 1
20260313-151041-4637 30454 * ShardClient     (shardclient.cc:62): success in sending register client: for client id 5 1
20260313-151041-4643 30454 * ShardClient     (shardclient.cc:62): success in sending register client: for client id 5 1
20260313-151041-4643 30454 * ShardClient     (shardclient.cc:62): success in sending register client: for client id 5 1
20260313-151041-4644 30454 * ShardClient     (shardclient.cc:62): success in sending register client: for client id 5 1
20260313-151041-4644 30454 * BenchmarkClient (bench_client.cc:90): starting benchclient, issueConcurrent: 0; fanout: 1
Session created: 0
last_service: , current_state: 0
Session continued: 0
last_service: , current_state: 0
Session destroyed: 18446744073709551615
last_service: , current_state: 0
20260313-151041-4846 30454 * GetNextOperation (app_request.cc:76): AppRequest batch composition: fanout=1 reads=1 writes=0
20260313-151041-4846 30454 * ExecuteNextAppRequestOperation (bench_client.cc:414): Sending op with proto 2 and index 0
20260313-151042-0655 30454 * ReceiveOperationResponse (bench_client.cc:547): AppRequest reply timeline: pos=0 status=0 issue_to_reply_ms=580 batch_age_ms=580
20260313-151042-0656 30454 * ReceiveOperationResponse (bench_client.cc:562): AppRequest batch done: fanout=1 total_reply_ms=580
20260313-151042-0667 30454 * GetNextOperation (app_request.cc:76): AppRequest batch composition: fanout=1 reads=1 writes=0
20260313-151042-0667 30454 * ExecuteNextAppRequestOperation (bench_client.cc:414): Sending op with proto 2 and index 0
20260313-151042-4716 30454 * ReceiveOperationResponse (bench_client.cc:547): AppRequest reply timeline: pos=0 status=0 issue_to_reply_ms=405 batch_age_ms=405
20260313-151042-4717 30454 * ReceiveOperationResponse (bench_client.cc:562): AppRequest batch done: fanout=1 total_reply_ms=405
20260313-151042-4731 30454 * GetNextOperation (app_request.cc:76): AppRequest batch composition: fanout=1 reads=1 writes=0
20260313-151042-4732 30454 * ExecuteNextAppRequestOperation (bench_client.cc:414): Sending op with proto 2 and index 0
20260313-151042-8748 30454 * ReceiveOperationResponse (bench_client.cc:547): AppRequest reply timeline: pos=0 status=0 issue_to_reply_ms=402 batch_age_ms=402
20260313-151042-8749 30454 * ReceiveOperationResponse (bench_client.cc:562): AppRequest batch done: fanout=1 total_reply_ms=402
20260313-151042-8766 30454 * GetNextOperation (app_request.cc:76): AppRequest batch composition: fanout=1 reads=1 writes=0
20260313-151042-8767 30454 * ExecuteNextAppRequestOperation (bench_client.cc:414): Sending op with proto 2 and index 0
20260313-151043-2784 30454 * ReceiveOperationResponse (bench_client.cc:547): AppRequest reply timeline: pos=0 status=0 issue_to_reply_ms=401 batch_age_ms=401
20260313-151043-2785 30454 * ReceiveOperationResponse (bench_client.cc:562): AppRequest batch done: fanout=1 total_reply_ms=401
20260313-151043-2795 30454 * GetNextOperation (app_request.cc:76): AppRequest batch composition: fanout=1 reads=1 writes=0
20260313-151043-2796 30454 * ExecuteNextAppRequestOperation (bench_client.cc:414): Sending op with proto 2 and index 0
20260313-151043-6815 30454 * ReceiveOperationResponse (bench_client.cc:547): AppRequest reply timeline: pos=0 status=0 issue_to_reply_ms=401 batch_age_ms=401
20260313-151043-6816 30454 * ReceiveOperationResponse (bench_client.cc:562): AppRequest batch done: fanout=1 total_reply_ms=401
20260313-151043-6834 30454 * GetNextOperation (app_request.cc:76): AppRequest batch composition: fanout=1 reads=1 writes=0
20260313-151043-6835 30454 * ExecuteNextAppRequestOperation (bench_client.cc:414): Sending op with proto 2 and index 0
20260313-151044-0855 30454 * ReceiveOperationResponse (bench_client.cc:547): AppRequest reply timeline: pos=0 status=0 issue_to_reply_ms=401 batch_age_ms=401
20260313-151044-0856 30454 * ReceiveOperationResponse (bench_client.cc:562): AppRequest batch done: fanout=1 total_reply_ms=401
20260313-151044-0875 30454 * GetNextOperation (app_request.cc:76): AppRequest batch composition: fanout=1 reads=1 writes=0
20260313-151044-0876 30454 * ExecuteNextAppRequestOperation (bench_client.cc:414): Sending op with proto 2 and index 0
20260313-151044-4894 30454 * ReceiveOperationResponse (bench_client.cc:547): AppRequest reply timeline: pos=0 status=0 issue_to_reply_ms=401 batch_age_ms=401
20260313-151044-4895 30454 * ReceiveOperationResponse (bench_client.cc:562): AppRequest batch done: fanout=1 total_reply_ms=401
20260313-151044-4909 30454 * GetNextOperation (app_request.cc:76): AppRequest batch composition: fanout=1 reads=1 writes=0
20260313-151044-4910 30454 * ExecuteNextAppRequestOperation (bench_client.cc:414): Sending op with proto 2 and index 0
20260313-151044-8929 30454 * ReceiveOperationResponse (bench_client.cc:547): AppRequest reply timeline: pos=0 status=0 issue_to_reply_ms=402 batch_age_ms=402
20260313-151044-8930 30454 * ReceiveOperationResponse (bench_client.cc:562): AppRequest batch done: fanout=1 total_reply_ms=402
20260313-151044-8938 30454 * GetNextOperation (app_request.cc:76): AppRequest batch composition: fanout=1 reads=1 writes=0
20260313-151044-8939 30454 * ExecuteNextAppRequestOperation (bench_client.cc:414): Sending op with proto 2 and index 0
20260313-151045-2957 30454 * ReceiveOperationResponse (bench_client.cc:547): AppRequest reply timeline: pos=0 status=0 issue_to_reply_ms=402 batch_age_ms=402
20260313-151045-2958 30454 * ReceiveOperationResponse (bench_client.cc:562): AppRequest batch done: fanout=1 total_reply_ms=402
20260313-151045-2963 30454 * GetNextOperation (app_request.cc:76): AppRequest batch composition: fanout=1 reads=1 writes=0
20260313-151045-2964 30454 * ExecuteNextAppRequestOperation (bench_client.cc:414): Sending op with proto 2 and index 0
20260313-151045-4846 30454 * WarmupDone      (bench_client.cc:744): Completed warmup period of 4 seconds with 9 requests
20260313-151045-6983 30454 * ReceiveOperationResponse (bench_client.cc:547): AppRequest reply timeline: pos=0 status=0 issue_to_reply_ms=402 batch_age_ms=402
20260313-151045-6984 30454 * ReceiveOperationResponse (bench_client.cc:562): AppRequest batch done: fanout=1 total_reply_ms=402
20260313-151045-7007 30454 * GetNextOperation (app_request.cc:76): AppRequest batch composition: fanout=1 reads=1 writes=0
20260313-151045-7008 30454 * ExecuteNextAppRequestOperation (bench_client.cc:414): Sending op with proto 2 and index 0
20260313-151046-1028 30454 * ReceiveOperationResponse (bench_client.cc:547): AppRequest reply timeline: pos=0 status=0 issue_to_reply_ms=402 batch_age_ms=402
20260313-151046-1029 30454 * ReceiveOperationResponse (bench_client.cc:562): AppRequest batch done: fanout=1 total_reply_ms=402
20260313-151046-1032 30454 * GetNextOperation (app_request.cc:76): AppRequest batch composition: fanout=1 reads=1 writes=0
20260313-151046-1032 30454 * ExecuteNextAppRequestOperation (bench_client.cc:414): Sending op with proto 2 and index 0
20260313-151046-5049 30454 * ReceiveOperationResponse (bench_client.cc:547): AppRequest reply timeline: pos=0 status=0 issue_to_reply_ms=402 batch_age_ms=402
20260313-151046-5050 30454 * ReceiveOperationResponse (bench_client.cc:562): AppRequest batch done: fanout=1 total_reply_ms=402
20260313-151046-5071 30454 * GetNextOperation (app_request.cc:76): AppRequest batch composition: fanout=1 reads=1 writes=0
20260313-151046-5072 30454 * ExecuteNextAppRequestOperation (bench_client.cc:414): Sending op with proto 2 and index 0
20260313-151046-9091 30454 * ReceiveOperationResponse (bench_client.cc:547): AppRequest reply timeline: pos=0 status=0 issue_to_reply_ms=402 batch_age_ms=402
20260313-151046-9092 30454 * ReceiveOperationResponse (bench_client.cc:562): AppRequest batch done: fanout=1 total_reply_ms=402
20260313-151046-9097 30454 * GetNextOperation (app_request.cc:76): AppRequest batch composition: fanout=1 reads=1 writes=0
20260313-151046-9098 30454 * ExecuteNextAppRequestOperation (bench_client.cc:414): Sending op with proto 2 and index 0
20260313-151047-3117 30454 * ReceiveOperationResponse (bench_client.cc:547): AppRequest reply timeline: pos=0 status=0 issue_to_reply_ms=402 batch_age_ms=402
20260313-151047-3118 30454 * ReceiveOperationResponse (bench_client.cc:562): AppRequest batch done: fanout=1 total_reply_ms=402
20260313-151047-3123 30454 * GetNextOperation (app_request.cc:76): AppRequest batch composition: fanout=1 reads=1 writes=0
20260313-151047-3123 30454 * ExecuteNextAppRequestOperation (bench_client.cc:414): Sending op with proto 2 and index 0
20260313-151047-7142 30454 * ReceiveOperationResponse (bench_client.cc:547): AppRequest reply timeline: pos=0 status=0 issue_to_reply_ms=402 batch_age_ms=402
20260313-151047-7143 30454 * ReceiveOperationResponse (bench_client.cc:562): AppRequest batch done: fanout=1 total_reply_ms=402
20260313-151047-7157 30454 * GetNextOperation (app_request.cc:76): AppRequest batch composition: fanout=1 reads=1 writes=0
20260313-151047-7158 30454 * ExecuteNextAppRequestOperation (bench_client.cc:414): Sending op with proto 2 and index 0
20260313-151048-1178 30454 * ReceiveOperationResponse (bench_client.cc:547): AppRequest reply timeline: pos=0 status=0 issue_to_reply_ms=402 batch_age_ms=402
20260313-151048-1179 30454 * ReceiveOperationResponse (bench_client.cc:562): AppRequest batch done: fanout=1 total_reply_ms=402
20260313-151048-1191 30454 * GetNextOperation (app_request.cc:76): AppRequest batch composition: fanout=1 reads=1 writes=0
20260313-151048-1192 30454 * ExecuteNextAppRequestOperation (bench_client.cc:414): Sending op with proto 2 and index 0
20260313-151048-5211 30454 * ReceiveOperationResponse (bench_client.cc:547): AppRequest reply timeline: pos=0 status=0 issue_to_reply_ms=402 batch_age_ms=402
20260313-151048-5212 30454 * ReceiveOperationResponse (bench_client.cc:562): AppRequest batch done: fanout=1 total_reply_ms=402
20260313-151048-5228 30454 * GetNextOperation (app_request.cc:76): AppRequest batch composition: fanout=1 reads=1 writes=0
20260313-151048-5229 30454 * ExecuteNextAppRequestOperation (bench_client.cc:414): Sending op with proto 2 and index 0
20260313-151048-9249 30454 * ReceiveOperationResponse (bench_client.cc:547): AppRequest reply timeline: pos=0 status=0 issue_to_reply_ms=402 batch_age_ms=402
20260313-151048-9250 30454 * ReceiveOperationResponse (bench_client.cc:562): AppRequest batch done: fanout=1 total_reply_ms=402
20260313-151048-9262 30454 * GetNextOperation (app_request.cc:76): AppRequest batch composition: fanout=1 reads=1 writes=0
20260313-151048-9263 30454 * ExecuteNextAppRequestOperation (bench_client.cc:414): Sending op with proto 2 and index 0
20260313-151049-3282 30454 * ReceiveOperationResponse (bench_client.cc:547): AppRequest reply timeline: pos=0 status=0 issue_to_reply_ms=402 batch_age_ms=402
20260313-151049-3283 30454 * ReceiveOperationResponse (bench_client.cc:562): AppRequest batch done: fanout=1 total_reply_ms=402
20260313-151049-3302 30454 * GetNextOperation (app_request.cc:76): AppRequest batch composition: fanout=1 reads=1 writes=0
20260313-151049-3302 30454 * ExecuteNextAppRequestOperation (bench_client.cc:414): Sending op with proto 2 and index 0
20260313-151049-7321 30454 * ReceiveOperationResponse (bench_client.cc:547): AppRequest reply timeline: pos=0 status=0 issue_to_reply_ms=402 batch_age_ms=402
20260313-151049-7321 30454 * ReceiveOperationResponse (bench_client.cc:562): AppRequest batch done: fanout=1 total_reply_ms=402
20260313-151049-7340 30454 * GetNextOperation (app_request.cc:76): AppRequest batch composition: fanout=1 reads=1 writes=0
20260313-151049-7340 30454 * ExecuteNextAppRequestOperation (bench_client.cc:414): Sending op with proto 2 and index 0
20260313-151050-1359 30454 * ReceiveOperationResponse (bench_client.cc:547): AppRequest reply timeline: pos=0 status=0 issue_to_reply_ms=402 batch_age_ms=402
20260313-151050-1360 30454 * ReceiveOperationResponse (bench_client.cc:562): AppRequest batch done: fanout=1 total_reply_ms=402
20260313-151050-1374 30454 * GetNextOperation (app_request.cc:76): AppRequest batch composition: fanout=1 reads=1 writes=0
20260313-151050-1375 30454 * ExecuteNextAppRequestOperation (bench_client.cc:414): Sending op with proto 2 and index 0
20260313-151050-5394 30454 * ReceiveOperationResponse (bench_client.cc:547): AppRequest reply timeline: pos=0 status=0 issue_to_reply_ms=401 batch_age_ms=401
20260313-151050-5395 30454 * ReceiveOperationResponse (bench_client.cc:562): AppRequest batch done: fanout=1 total_reply_ms=401
20260313-151050-5414 30454 * GetNextOperation (app_request.cc:76): AppRequest batch composition: fanout=1 reads=1 writes=0
20260313-151050-5415 30454 * ExecuteNextAppRequestOperation (bench_client.cc:414): Sending op with proto 2 and index 0
20260313-151050-9436 30454 * ReceiveOperationResponse (bench_client.cc:547): AppRequest reply timeline: pos=0 status=0 issue_to_reply_ms=402 batch_age_ms=402
20260313-151050-9436 30454 * ReceiveOperationResponse (bench_client.cc:562): AppRequest batch done: fanout=1 total_reply_ms=402
20260313-151050-9446 30454 * GetNextOperation (app_request.cc:76): AppRequest batch composition: fanout=1 reads=1 writes=0
20260313-151050-9446 30454 * ExecuteNextAppRequestOperation (bench_client.cc:414): Sending op with proto 2 and index 0
20260313-151051-3465 30454 * ReceiveOperationResponse (bench_client.cc:547): AppRequest reply timeline: pos=0 status=0 issue_to_reply_ms=402 batch_age_ms=402
20260313-151051-3466 30454 * ReceiveOperationResponse (bench_client.cc:562): AppRequest batch done: fanout=1 total_reply_ms=402
20260313-151051-3486 30454 * GetNextOperation (app_request.cc:76): AppRequest batch composition: fanout=1 reads=1 writes=0
20260313-151051-3486 30454 * ExecuteNextAppRequestOperation (bench_client.cc:414): Sending op with proto 2 and index 0
20260313-151051-7506 30454 * ReceiveOperationResponse (bench_client.cc:547): AppRequest reply timeline: pos=0 status=0 issue_to_reply_ms=402 batch_age_ms=402
20260313-151051-7507 30454 * ReceiveOperationResponse (bench_client.cc:562): AppRequest batch done: fanout=1 total_reply_ms=402
20260313-151051-7516 30454 * GetNextOperation (app_request.cc:76): AppRequest batch composition: fanout=1 reads=1 writes=0
20260313-151051-7517 30454 * ExecuteNextAppRequestOperation (bench_client.cc:414): Sending op with proto 2 and index 0
20260313-151052-1535 30454 * ReceiveOperationResponse (bench_client.cc:547): AppRequest reply timeline: pos=0 status=0 issue_to_reply_ms=401 batch_age_ms=401
20260313-151052-1536 30454 * ReceiveOperationResponse (bench_client.cc:562): AppRequest batch done: fanout=1 total_reply_ms=401
20260313-151052-1555 30454 * GetNextOperation (app_request.cc:76): AppRequest batch composition: fanout=1 reads=1 writes=0
20260313-151052-1556 30454 * ExecuteNextAppRequestOperation (bench_client.cc:414): Sending op with proto 2 and index 0
20260313-151052-5573 30454 * ReceiveOperationResponse (bench_client.cc:547): AppRequest reply timeline: pos=0 status=0 issue_to_reply_ms=401 batch_age_ms=401
20260313-151052-5574 30454 * ReceiveOperationResponse (bench_client.cc:562): AppRequest batch done: fanout=1 total_reply_ms=401
20260313-151052-5587 30454 * GetNextOperation (app_request.cc:76): AppRequest batch composition: fanout=1 reads=1 writes=0
20260313-151052-5588 30454 * ExecuteNextAppRequestOperation (bench_client.cc:414): Sending op with proto 2 and index 0
20260313-151052-9607 30454 * ReceiveOperationResponse (bench_client.cc:547): AppRequest reply timeline: pos=0 status=0 issue_to_reply_ms=402 batch_age_ms=402
20260313-151052-9608 30454 * ReceiveOperationResponse (bench_client.cc:562): AppRequest batch done: fanout=1 total_reply_ms=402
20260313-151052-9620 30454 * GetNextOperation (app_request.cc:76): AppRequest batch composition: fanout=1 reads=1 writes=0
20260313-151052-9621 30454 * ExecuteNextAppRequestOperation (bench_client.cc:414): Sending op with proto 2 and index 0
20260313-151053-3639 30454 * ReceiveOperationResponse (bench_client.cc:547): AppRequest reply timeline: pos=0 status=0 issue_to_reply_ms=402 batch_age_ms=402
20260313-151053-3640 30454 * ReceiveOperationResponse (bench_client.cc:562): AppRequest batch done: fanout=1 total_reply_ms=402
20260313-151053-3651 30454 * GetNextOperation (app_request.cc:76): AppRequest batch composition: fanout=1 reads=1 writes=0
20260313-151053-3652 30454 * ExecuteNextAppRequestOperation (bench_client.cc:414): Sending op with proto 2 and index 0
20260313-151053-7670 30454 * ReceiveOperationResponse (bench_client.cc:547): AppRequest reply timeline: pos=0 status=0 issue_to_reply_ms=402 batch_age_ms=402
20260313-151053-7671 30454 * ReceiveOperationResponse (bench_client.cc:562): AppRequest batch done: fanout=1 total_reply_ms=402
20260313-151053-7691 30454 * GetNextOperation (app_request.cc:76): AppRequest batch composition: fanout=1 reads=1 writes=0
20260313-151053-7692 30454 * ExecuteNextAppRequestOperation (bench_client.cc:414): Sending op with proto 2 and index 0
20260313-151054-1712 30454 * ReceiveOperationResponse (bench_client.cc:547): AppRequest reply timeline: pos=0 status=0 issue_to_reply_ms=402 batch_age_ms=402
20260313-151054-1713 30454 * ReceiveOperationResponse (bench_client.cc:562): AppRequest batch done: fanout=1 total_reply_ms=402
20260313-151054-1733 30454 * GetNextOperation (app_request.cc:76): AppRequest batch composition: fanout=1 reads=1 writes=0
20260313-151054-1734 30454 * ExecuteNextAppRequestOperation (bench_client.cc:414): Sending op with proto 2 and index 0
20260313-151054-5753 30454 * ReceiveOperationResponse (bench_client.cc:547): AppRequest reply timeline: pos=0 status=0 issue_to_reply_ms=402 batch_age_ms=402
20260313-151054-5754 30454 * ReceiveOperationResponse (bench_client.cc:562): AppRequest batch done: fanout=1 total_reply_ms=402
20260313-151054-5757 30454 * GetNextOperation (app_request.cc:76): AppRequest batch composition: fanout=1 reads=1 writes=0
20260313-151054-5758 30454 * ExecuteNextAppRequestOperation (bench_client.cc:414): Sending op with proto 2 and index 0
20260313-151054-9775 30454 * ReceiveOperationResponse (bench_client.cc:547): AppRequest reply timeline: pos=0 status=0 issue_to_reply_ms=401 batch_age_ms=401
20260313-151054-9776 30454 * ReceiveOperationResponse (bench_client.cc:562): AppRequest batch done: fanout=1 total_reply_ms=401
20260313-151054-9789 30454 * GetNextOperation (app_request.cc:76): AppRequest batch composition: fanout=1 reads=1 writes=0
20260313-151054-9790 30454 * ExecuteNextAppRequestOperation (bench_client.cc:414): Sending op with proto 2 and index 0
20260313-151055-3808 30454 * ReceiveOperationResponse (bench_client.cc:547): AppRequest reply timeline: pos=0 status=0 issue_to_reply_ms=402 batch_age_ms=402
20260313-151055-3809 30454 * ReceiveOperationResponse (bench_client.cc:562): AppRequest batch done: fanout=1 total_reply_ms=402
20260313-151055-3823 30454 * GetNextOperation (app_request.cc:76): AppRequest batch composition: fanout=1 reads=1 writes=0
20260313-151055-3824 30454 * ExecuteNextAppRequestOperation (bench_client.cc:414): Sending op with proto 2 and index 0
20260313-151055-7841 30454 * ReceiveOperationResponse (bench_client.cc:547): AppRequest reply timeline: pos=0 status=0 issue_to_reply_ms=402 batch_age_ms=402
20260313-151055-7842 30454 * ReceiveOperationResponse (bench_client.cc:562): AppRequest batch done: fanout=1 total_reply_ms=402
20260313-151055-7848 30454 * GetNextOperation (app_request.cc:76): AppRequest batch composition: fanout=1 reads=1 writes=0
20260313-151055-7849 30454 * ExecuteNextAppRequestOperation (bench_client.cc:414): Sending op with proto 2 and index 0
20260313-151056-1867 30454 * ReceiveOperationResponse (bench_client.cc:547): AppRequest reply timeline: pos=0 status=0 issue_to_reply_ms=402 batch_age_ms=402
20260313-151056-1868 30454 * ReceiveOperationResponse (bench_client.cc:562): AppRequest batch done: fanout=1 total_reply_ms=402
20260313-151056-1871 30454 * GetNextOperation (app_request.cc:76): AppRequest batch composition: fanout=1 reads=1 writes=0
20260313-151056-1872 30454 * ExecuteNextAppRequestOperation (bench_client.cc:414): Sending op with proto 2 and index 0
20260313-151056-5890 30454 * ReceiveOperationResponse (bench_client.cc:547): AppRequest reply timeline: pos=0 status=0 issue_to_reply_ms=402 batch_age_ms=402
20260313-151056-5891 30454 * ReceiveOperationResponse (bench_client.cc:562): AppRequest batch done: fanout=1 total_reply_ms=402
20260313-151056-5905 30454 * GetNextOperation (app_request.cc:76): AppRequest batch composition: fanout=1 reads=1 writes=0
20260313-151056-5906 30454 * ExecuteNextAppRequestOperation (bench_client.cc:414): Sending op with proto 2 and index 0
20260313-151056-9926 30454 * ReceiveOperationResponse (bench_client.cc:547): AppRequest reply timeline: pos=0 status=0 issue_to_reply_ms=402 batch_age_ms=402
20260313-151056-9926 30454 * ReceiveOperationResponse (bench_client.cc:562): AppRequest batch done: fanout=1 total_reply_ms=402
20260313-151056-9945 30454 * GetNextOperation (app_request.cc:76): AppRequest batch composition: fanout=1 reads=1 writes=0
20260313-151056-9946 30454 * ExecuteNextAppRequestOperation (bench_client.cc:414): Sending op with proto 2 and index 0
20260313-151057-3966 30454 * ReceiveOperationResponse (bench_client.cc:547): AppRequest reply timeline: pos=0 status=0 issue_to_reply_ms=402 batch_age_ms=402
20260313-151057-3967 30454 * ReceiveOperationResponse (bench_client.cc:562): AppRequest batch done: fanout=1 total_reply_ms=402
20260313-151057-3976 30454 * GetNextOperation (app_request.cc:76): AppRequest batch composition: fanout=1 reads=1 writes=0
20260313-151057-3977 30454 * ExecuteNextAppRequestOperation (bench_client.cc:414): Sending op with proto 2 and index 0
20260313-151057-7996 30454 * ReceiveOperationResponse (bench_client.cc:547): AppRequest reply timeline: pos=0 status=0 issue_to_reply_ms=402 batch_age_ms=402
20260313-151057-7996 30454 * ReceiveOperationResponse (bench_client.cc:562): AppRequest batch done: fanout=1 total_reply_ms=402
20260313-151057-8009 30454 * GetNextOperation (app_request.cc:76): AppRequest batch composition: fanout=1 reads=1 writes=0
20260313-151057-8010 30454 * ExecuteNextAppRequestOperation (bench_client.cc:414): Sending op with proto 2 and index 0
20260313-151058-2029 30454 * ReceiveOperationResponse (bench_client.cc:547): AppRequest reply timeline: pos=0 status=0 issue_to_reply_ms=402 batch_age_ms=402
20260313-151058-2030 30454 * ReceiveOperationResponse (bench_client.cc:562): AppRequest batch done: fanout=1 total_reply_ms=402
20260313-151058-2049 30454 * GetNextOperation (app_request.cc:76): AppRequest batch composition: fanout=1 reads=1 writes=0
20260313-151058-2049 30454 * ExecuteNextAppRequestOperation (bench_client.cc:414): Sending op with proto 2 and index 0
20260313-151058-6068 30454 * ReceiveOperationResponse (bench_client.cc:547): AppRequest reply timeline: pos=0 status=0 issue_to_reply_ms=402 batch_age_ms=402
20260313-151058-6069 30454 * ReceiveOperationResponse (bench_client.cc:562): AppRequest batch done: fanout=1 total_reply_ms=402
20260313-151058-6076 30454 * GetNextOperation (app_request.cc:76): AppRequest batch composition: fanout=1 reads=1 writes=0
20260313-151058-6077 30454 * ExecuteNextAppRequestOperation (bench_client.cc:414): Sending op with proto 2 and index 0
20260313-151059-0095 30454 * ReceiveOperationResponse (bench_client.cc:547): AppRequest reply timeline: pos=0 status=0 issue_to_reply_ms=401 batch_age_ms=401
20260313-151059-0096 30454 * ReceiveOperationResponse (bench_client.cc:562): AppRequest batch done: fanout=1 total_reply_ms=401
20260313-151059-0113 30454 * GetNextOperation (app_request.cc:76): AppRequest batch composition: fanout=1 reads=1 writes=0
20260313-151059-0114 30454 * ExecuteNextAppRequestOperation (bench_client.cc:414): Sending op with proto 2 and index 0
20260313-151059-4134 30454 * ReceiveOperationResponse (bench_client.cc:547): AppRequest reply timeline: pos=0 status=0 issue_to_reply_ms=402 batch_age_ms=402
20260313-151059-4134 30454 * ReceiveOperationResponse (bench_client.cc:562): AppRequest batch done: fanout=1 total_reply_ms=402
20260313-151059-4155 30454 * GetNextOperation (app_request.cc:76): AppRequest batch composition: fanout=1 reads=1 writes=0
20260313-151059-4156 30454 * ExecuteNextAppRequestOperation (bench_client.cc:414): Sending op with proto 2 and index 0
20260313-151059-8175 30454 * ReceiveOperationResponse (bench_client.cc:547): AppRequest reply timeline: pos=0 status=0 issue_to_reply_ms=401 batch_age_ms=401
20260313-151059-8176 30454 * ReceiveOperationResponse (bench_client.cc:562): AppRequest batch done: fanout=1 total_reply_ms=401
20260313-151059-8196 30454 * GetNextOperation (app_request.cc:76): AppRequest batch composition: fanout=1 reads=1 writes=0
20260313-151059-8197 30454 * ExecuteNextAppRequestOperation (bench_client.cc:414): Sending op with proto 2 and index 0
20260313-151100-2217 30454 * ReceiveOperationResponse (bench_client.cc:547): AppRequest reply timeline: pos=0 status=0 issue_to_reply_ms=402 batch_age_ms=402
20260313-151100-2218 30454 * ReceiveOperationResponse (bench_client.cc:562): AppRequest batch done: fanout=1 total_reply_ms=402
20260313-151100-2231 30454 * GetNextOperation (app_request.cc:76): AppRequest batch composition: fanout=1 reads=1 writes=0
20260313-151100-2232 30454 * ExecuteNextAppRequestOperation (bench_client.cc:414): Sending op with proto 2 and index 0
20260313-151100-6251 30454 * ReceiveOperationResponse (bench_client.cc:547): AppRequest reply timeline: pos=0 status=0 issue_to_reply_ms=402 batch_age_ms=402
20260313-151100-6252 30454 * ReceiveOperationResponse (bench_client.cc:562): AppRequest batch done: fanout=1 total_reply_ms=402
20260313-151100-6260 30454 * GetNextOperation (app_request.cc:76): AppRequest batch composition: fanout=1 reads=1 writes=0
20260313-151100-6260 30454 * ExecuteNextAppRequestOperation (bench_client.cc:414): Sending op with proto 2 and index 0
20260313-151101-0278 30454 * ReceiveOperationResponse (bench_client.cc:547): AppRequest reply timeline: pos=0 status=0 issue_to_reply_ms=402 batch_age_ms=402
20260313-151101-0279 30454 * ReceiveOperationResponse (bench_client.cc:562): AppRequest batch done: fanout=1 total_reply_ms=402
20260313-151101-0293 30454 * GetNextOperation (app_request.cc:76): AppRequest batch composition: fanout=1 reads=1 writes=0
20260313-151101-0294 30454 * ExecuteNextAppRequestOperation (bench_client.cc:414): Sending op with proto 2 and index 0
20260313-151101-4313 30454 * ReceiveOperationResponse (bench_client.cc:547): AppRequest reply timeline: pos=0 status=0 issue_to_reply_ms=402 batch_age_ms=402
20260313-151101-4314 30454 * ReceiveOperationResponse (bench_client.cc:562): AppRequest batch done: fanout=1 total_reply_ms=402
20260313-151101-4324 30454 * GetNextOperation (app_request.cc:76): AppRequest batch composition: fanout=1 reads=1 writes=0
20260313-151101-4324 30454 * ExecuteNextAppRequestOperation (bench_client.cc:414): Sending op with proto 2 and index 0
20260313-151101-8343 30454 * ReceiveOperationResponse (bench_client.cc:547): AppRequest reply timeline: pos=0 status=0 issue_to_reply_ms=402 batch_age_ms=402
20260313-151101-8344 30454 * ReceiveOperationResponse (bench_client.cc:562): AppRequest batch done: fanout=1 total_reply_ms=402
20260313-151101-8347 30454 * GetNextOperation (app_request.cc:76): AppRequest batch composition: fanout=1 reads=1 writes=0
20260313-151101-8348 30454 * ExecuteNextAppRequestOperation (bench_client.cc:414): Sending op with proto 2 and index 0
20260313-151102-2365 30454 * ReceiveOperationResponse (bench_client.cc:547): AppRequest reply timeline: pos=0 status=0 issue_to_reply_ms=401 batch_age_ms=401
20260313-151102-2366 30454 * ReceiveOperationResponse (bench_client.cc:562): AppRequest batch done: fanout=1 total_reply_ms=401
20260313-151102-2380 30454 * GetNextOperation (app_request.cc:76): AppRequest batch composition: fanout=1 reads=1 writes=0
20260313-151102-2381 30454 * ExecuteNextAppRequestOperation (bench_client.cc:414): Sending op with proto 2 and index 0
20260313-151102-6401 30454 * ReceiveOperationResponse (bench_client.cc:547): AppRequest reply timeline: pos=0 status=0 issue_to_reply_ms=402 batch_age_ms=402
20260313-151102-6402 30454 * ReceiveOperationResponse (bench_client.cc:562): AppRequest batch done: fanout=1 total_reply_ms=402
20260313-151102-6420 30454 * GetNextOperation (app_request.cc:76): AppRequest batch composition: fanout=1 reads=1 writes=0
20260313-151102-6420 30454 * ExecuteNextAppRequestOperation (bench_client.cc:414): Sending op with proto 2 and index 0
20260313-151103-0439 30454 * ReceiveOperationResponse (bench_client.cc:547): AppRequest reply timeline: pos=0 status=0 issue_to_reply_ms=402 batch_age_ms=402
20260313-151103-0440 30454 * ReceiveOperationResponse (bench_client.cc:562): AppRequest batch done: fanout=1 total_reply_ms=402
20260313-151103-0449 30454 * GetNextOperation (app_request.cc:76): AppRequest batch composition: fanout=1 reads=1 writes=0
20260313-151103-0449 30454 * ExecuteNextAppRequestOperation (bench_client.cc:414): Sending op with proto 2 and index 0
20260313-151103-4469 30454 * ReceiveOperationResponse (bench_client.cc:547): AppRequest reply timeline: pos=0 status=0 issue_to_reply_ms=402 batch_age_ms=402
20260313-151103-4470 30454 * ReceiveOperationResponse (bench_client.cc:562): AppRequest batch done: fanout=1 total_reply_ms=402
20260313-151103-4491 30454 * GetNextOperation (app_request.cc:76): AppRequest batch composition: fanout=1 reads=1 writes=0
20260313-151103-4492 30454 * ExecuteNextAppRequestOperation (bench_client.cc:414): Sending op with proto 2 and index 0
20260313-151103-8510 30454 * ReceiveOperationResponse (bench_client.cc:547): AppRequest reply timeline: pos=0 status=0 issue_to_reply_ms=402 batch_age_ms=402
20260313-151103-8511 30454 * ReceiveOperationResponse (bench_client.cc:562): AppRequest batch done: fanout=1 total_reply_ms=402
20260313-151103-8529 30454 * GetNextOperation (app_request.cc:76): AppRequest batch composition: fanout=1 reads=1 writes=0
20260313-151103-8530 30454 * ExecuteNextAppRequestOperation (bench_client.cc:414): Sending op with proto 2 and index 0
20260313-151104-2549 30454 * ReceiveOperationResponse (bench_client.cc:547): AppRequest reply timeline: pos=0 status=0 issue_to_reply_ms=402 batch_age_ms=402
20260313-151104-2550 30454 * ReceiveOperationResponse (bench_client.cc:562): AppRequest batch done: fanout=1 total_reply_ms=402
20260313-151104-2558 30454 * GetNextOperation (app_request.cc:76): AppRequest batch composition: fanout=1 reads=1 writes=0
20260313-151104-2559 30454 * ExecuteNextAppRequestOperation (bench_client.cc:414): Sending op with proto 2 and index 0
20260313-151104-6578 30454 * ReceiveOperationResponse (bench_client.cc:547): AppRequest reply timeline: pos=0 status=0 issue_to_reply_ms=402 batch_age_ms=402
20260313-151104-6579 30454 * ReceiveOperationResponse (bench_client.cc:562): AppRequest batch done: fanout=1 total_reply_ms=402
20260313-151104-6582 30454 * GetNextOperation (app_request.cc:76): AppRequest batch composition: fanout=1 reads=1 writes=0
20260313-151104-6583 30454 * ExecuteNextAppRequestOperation (bench_client.cc:414): Sending op with proto 2 and index 0
20260313-151105-0600 30454 * ReceiveOperationResponse (bench_client.cc:547): AppRequest reply timeline: pos=0 status=0 issue_to_reply_ms=402 batch_age_ms=402
20260313-151105-0601 30454 * ReceiveOperationResponse (bench_client.cc:562): AppRequest batch done: fanout=1 total_reply_ms=402
20260313-151105-0620 30454 * GetNextOperation (app_request.cc:76): AppRequest batch composition: fanout=1 reads=1 writes=0
20260313-151105-0620 30454 * ExecuteNextAppRequestOperation (bench_client.cc:414): Sending op with proto 2 and index 0
20260313-151105-4639 30454 * ReceiveOperationResponse (bench_client.cc:547): AppRequest reply timeline: pos=0 status=0 issue_to_reply_ms=402 batch_age_ms=402
20260313-151105-4639 30454 * ReceiveOperationResponse (bench_client.cc:562): AppRequest batch done: fanout=1 total_reply_ms=402
20260313-151105-4645 30454 * GetNextOperation (app_request.cc:76): AppRequest batch composition: fanout=1 reads=1 writes=0
20260313-151105-4645 30454 * ExecuteNextAppRequestOperation (bench_client.cc:414): Sending op with proto 2 and index 0
20260313-151105-8663 30454 * ReceiveOperationResponse (bench_client.cc:547): AppRequest reply timeline: pos=0 status=0 issue_to_reply_ms=401 batch_age_ms=401
20260313-151105-8664 30454 * ReceiveOperationResponse (bench_client.cc:562): AppRequest batch done: fanout=1 total_reply_ms=401
20260313-151105-8673 30454 * GetNextOperation (app_request.cc:76): AppRequest batch composition: fanout=1 reads=1 writes=0
20260313-151105-8674 30454 * ExecuteNextAppRequestOperation (bench_client.cc:414): Sending op with proto 2 and index 0
20260313-151106-2694 30454 * ReceiveOperationResponse (bench_client.cc:547): AppRequest reply timeline: pos=0 status=0 issue_to_reply_ms=402 batch_age_ms=402
20260313-151106-2695 30454 * ReceiveOperationResponse (bench_client.cc:562): AppRequest batch done: fanout=1 total_reply_ms=402
20260313-151106-2715 30454 * GetNextOperation (app_request.cc:76): AppRequest batch composition: fanout=1 reads=1 writes=0
20260313-151106-2716 30454 * ExecuteNextAppRequestOperation (bench_client.cc:414): Sending op with proto 2 and index 0
20260313-151106-6735 30454 * ReceiveOperationResponse (bench_client.cc:547): AppRequest reply timeline: pos=0 status=0 issue_to_reply_ms=401 batch_age_ms=401
20260313-151106-6736 30454 * ReceiveOperationResponse (bench_client.cc:562): AppRequest batch done: fanout=1 total_reply_ms=401
20260313-151106-6746 30454 * GetNextOperation (app_request.cc:76): AppRequest batch composition: fanout=1 reads=1 writes=0
20260313-151106-6747 30454 * ExecuteNextAppRequestOperation (bench_client.cc:414): Sending op with proto 2 and index 0
20260313-151107-0764 30454 * ReceiveOperationResponse (bench_client.cc:547): AppRequest reply timeline: pos=0 status=0 issue_to_reply_ms=401 batch_age_ms=401
20260313-151107-0765 30454 * ReceiveOperationResponse (bench_client.cc:562): AppRequest batch done: fanout=1 total_reply_ms=401
20260313-151107-0784 30454 * GetNextOperation (app_request.cc:76): AppRequest batch composition: fanout=1 reads=1 writes=0
20260313-151107-0784 30454 * ExecuteNextAppRequestOperation (bench_client.cc:414): Sending op with proto 2 and index 0
20260313-151107-4803 30454 * ReceiveOperationResponse (bench_client.cc:547): AppRequest reply timeline: pos=0 status=0 issue_to_reply_ms=402 batch_age_ms=402
20260313-151107-4804 30454 * ReceiveOperationResponse (bench_client.cc:562): AppRequest batch done: fanout=1 total_reply_ms=402
20260313-151107-4811 30454 * GetNextOperation (app_request.cc:76): AppRequest batch composition: fanout=1 reads=1 writes=0
20260313-151107-4811 30454 * ExecuteNextAppRequestOperation (bench_client.cc:414): Sending op with proto 2 and index 0
20260313-151107-8831 30454 * ReceiveOperationResponse (bench_client.cc:547): AppRequest reply timeline: pos=0 status=0 issue_to_reply_ms=402 batch_age_ms=402
20260313-151107-8831 30454 * ReceiveOperationResponse (bench_client.cc:562): AppRequest batch done: fanout=1 total_reply_ms=402
20260313-151107-8841 30454 * GetNextOperation (app_request.cc:76): AppRequest batch composition: fanout=1 reads=1 writes=0
20260313-151107-8842 30454 * ExecuteNextAppRequestOperation (bench_client.cc:414): Sending op with proto 2 and index 0
20260313-151108-2860 30454 * ReceiveOperationResponse (bench_client.cc:547): AppRequest reply timeline: pos=0 status=0 issue_to_reply_ms=402 batch_age_ms=402
20260313-151108-2861 30454 * ReceiveOperationResponse (bench_client.cc:562): AppRequest batch done: fanout=1 total_reply_ms=402
20260313-151108-2868 30454 * GetNextOperation (app_request.cc:76): AppRequest batch composition: fanout=1 reads=1 writes=0
20260313-151108-2868 30454 * ExecuteNextAppRequestOperation (bench_client.cc:414): Sending op with proto 2 and index 0
20260313-151108-6888 30454 * ReceiveOperationResponse (bench_client.cc:547): AppRequest reply timeline: pos=0 status=0 issue_to_reply_ms=402 batch_age_ms=402
20260313-151108-6889 30454 * ReceiveOperationResponse (bench_client.cc:562): AppRequest batch done: fanout=1 total_reply_ms=402
20260313-151108-6890 30454 * Finish          (bench_client.cc:938): Completed 57 requests in 23.392710 seconds
20260313-151108-6890 30454 * Finish          (bench_client.cc:939): 1 outstanding transactions.
20260313-151108-6905 30454 * GetNextOperation (app_request.cc:76): AppRequest batch composition: fanout=1 reads=1 writes=0
20260313-151108-6906 30454 * ExecuteNextAppRequestOperation (bench_client.cc:414): Sending op with proto 2 and index 0
20260313-151109-0924 30454 * ReceiveOperationResponse (bench_client.cc:547): AppRequest reply timeline: pos=0 status=0 issue_to_reply_ms=401 batch_age_ms=401
20260313-151109-0925 30454 * ReceiveOperationResponse (bench_client.cc:562): AppRequest batch done: fanout=1 total_reply_ms=401
Session continued: 0
last_service: , current_state: 0
Session destroyed: 18446744073709551615
last_service: , current_state: 0
Session continued: 0
last_service: , current_state: 0
Session destroyed: 18446744073709551615
last_service: , current_state: 0
Session destroyed: 0
last_service: , current_state: 0
20260313-151110-4850 30454 * FlushStats      (benchmark.cc:916): Flushing stats to /mnt/extra/experiments/2026-04-13-15-10-11/out/client-2-1-0-stats-0.json.
20260313-151110-4853 30454 * FlushStats      (benchmark.cc:928): All done!
20260313-151112-6892 30454 * Cleanup         (bench_client.cc:766): Aborting 0 outstanding transactions.
20260313-151112-6893 30454 * CooldownDone    (bench_client.cc:796): Finished cooldown period.
20260313-151112-6894 30454 * CooldownDone    (bench_client.cc:803): Median latency is 402204477 ns (402 ms)
20260313-151112-6894 30454 * CooldownDone    (bench_client.cc:812): Average latency is 402187655 ns (402 ms)
20260313-151112-6895 30454 * CooldownDone    (bench_client.cc:816): 90th percentile latency is 402294153 ns (402 ms)
20260313-151112-6895 30454 * CooldownDone    (bench_client.cc:820): 95th percentile latency is 402323942 ns (402 ms)
20260313-151112-6895 30454 * CooldownDone    (bench_client.cc:824): 99th percentile latency is 402387369 ns (402 ms)
20260313-151112-6896 30454 * LATENCY total: 401 ms 402 ms/268 ms 402 ms (58 samples, 23 s total)
20260313-151112-6896 30454 *     268 ms |         58 | ==================================================
20260313-151112-6897 30454 * Stop            (tcptransport.cc:601): [TCP SUMMARY] outgoingCreated=30 outgoingClosed=0 incomingCreated=0 incomingClosed=0 outgoingPeak=30 incomingPeak=0
Inserted events:
  0x559e313f3390 [fd  7] Read Persist Internal
  0x559e31412860 [fd  9] Read Persist
  0x559e31417060 [fd  10] Read Persist
  0x559e314132c0 [fd  11] Read Persist
  0x559e31411890 [fd  12] Read Persist
  0x559e31414890 [fd  13] Read Persist
  0x559e31412120 [fd  14] Read Persist
  0x559e31417450 [fd  15] Read Persist
  0x559e314162c0 [fd  16] Read Persist
  0x559e31416b40 [fd  17] Read Persist
  0x559e3142f450 [fd  18] Read Persist
  0x559e3142fa80 [fd  19] Read Persist
  0x559e31430180 [fd  20] Read Persist
  0x559e31431020 [fd  21] Read Persist
  0x559e31431840 [fd  22] Read Persist
  0x559e31432060 [fd  23] Read Persist
  0x559e31432f90 [fd  24] Read Persist
  0x559e314337b0 [fd  25] Read Persist
  0x559e31434230 [fd  26] Read Persist
  0x559e31435160 [fd  27] Read Persist
  0x559e314359d0 [fd  28] Read Persist
  0x559e31436320 [fd  29] Read Persist
  0x559e314374e0 [fd  30] Read Persist
  0x559e31437e20 [fd  31] Read Persist
  0x559e31438790 [fd  32] Read Persist
  0x559e31439b40 [fd  33] Read Persist
  0x559e3143a460 [fd  34] Read Persist
  0x559e3143add0 [fd  35] Read Persist
  0x559e3143c010 [fd  36] Read Persist
  0x559e3143c8f0 [fd  37] Read Persist
  0x559e3143d260 [fd  38] Read Persist
Active events:
20260313-151112-6902 30454 * main            (benchmark.cc:875): Cleaning up after experiment.
20260313-151112-6903 30454 * FlushStats      (benchmark.cc:916): Flushing stats to /mnt/extra/experiments/2026-04-13-15-10-11/out/client-2-1-0-stats-0.json.
20260313-151112-6905 30454 * FlushStats      (benchmark.cc:928): All done!
