20260216-210322-6654 01373 * main            (benchmark.cc:402): Starting benchmark.
20260216-210327-4659 01373 * main            (benchmark.cc:621): Creating a default paritioner!
20260216-210327-4661 01373 * Client          (client.cc:75):     Initializing StrongStore client with id [109]
20260216-210327-4662 01373 * BenchmarkClient (bench_client.cc:81): starting benchclient, issueConcurrent: 0; fanout: 1
Session created: 0
last_service: , current_state: 0
Session continued: 0
last_service: , current_state: 0
Session destroyed: 18446744073709551615
last_service: , current_state: 0
20260216-210333-2621 01373 * WarmupDone      (bench_client.cc:739): Completed warmup period of 5 seconds with 1019 requests
20260216-210404-2630 01373 * Finish          (bench_client.cc:933): Completed 6243 requests in 31.001781 seconds
20260216-210404-2630 01373 * Finish          (bench_client.cc:934): 1 outstanding transactions.
Session continued: 0
last_service: , current_state: 0
Session destroyed: 18446744073709551615
last_service: , current_state: 0
Session continued: 0
last_service: , current_state: 0
Session destroyed: 18446744073709551615
last_service: , current_state: 0
Session destroyed: 0
last_service: , current_state: 0
20260216-210407-2622 01373 * FlushStats      (benchmark.cc:890): Flushing stats to /mnt/extra/experiments/2026-03-16-21-02-58/out/client-0-0-109-stats-0.json.
20260216-210407-2624 01373 * FlushStats      (benchmark.cc:902): All done!
20260216-210409-2714 01373 * Cleanup         (bench_client.cc:761): Aborting 0 outstanding transactions.
20260216-210409-2714 01373 * CooldownDone    (bench_client.cc:791): Finished cooldown period.
20260216-210409-2733 01373 * CooldownDone    (bench_client.cc:798): Median latency is 4898943 ns (4898 us)
20260216-210409-2734 01373 * CooldownDone    (bench_client.cc:807): Average latency is 4922349 ns (4922 us)
20260216-210409-2734 01373 * CooldownDone    (bench_client.cc:811): 90th percentile latency is 5247859 ns (5247 us)
20260216-210409-2734 01373 * CooldownDone    (bench_client.cc:815): 95th percentile latency is 5401765 ns (5401 us)
20260216-210409-2735 01373 * CooldownDone    (bench_client.cc:819): 99th percentile latency is 5818715 ns (5818 us)
20260216-210409-2735 01373 * LATENCY total: 1610 us 4922 us/4194 us 13 ms (6244 samples, 30 s total)
20260216-210409-2735 01373 *    1048 us |          1 | 
20260216-210409-2735 01373 *    2097 us |        110 | 
20260216-210409-2735 01373 *    4194 us |       6123 | ==================================================
20260216-210409-2735 01373 *    8388 us |         10 | 
20260216-210409-3720 01373 * Stop            (tcptransport.cc:581): [TCP SUMMARY] outgoingCreated=1 outgoingClosed=0 incomingCreated=0 incomingClosed=0 outgoingPeak=1 incomingPeak=0
Inserted events:
  0x55d208ee1f60 [fd  7] Read Persist Internal
  0x55d208ef8510 [fd  9] Read Persist
Active events:
20260216-210409-3721 01373 * main            (benchmark.cc:849): Cleaning up after experiment.
20260216-210409-3721 01373 * FlushStats      (benchmark.cc:890): Flushing stats to /mnt/extra/experiments/2026-03-16-21-02-58/out/client-0-0-109-stats-0.json.
20260216-210409-3723 01373 * FlushStats      (benchmark.cc:902): All done!
