20260216-210322-6553 01191 * main            (benchmark.cc:402): Starting benchmark.
20260216-210327-4115 01191 * main            (benchmark.cc:621): Creating a default paritioner!
20260216-210327-4117 01191 * Client          (client.cc:75):     Initializing StrongStore client with id [22]
20260216-210327-4398 01191 * BenchmarkClient (bench_client.cc:81): starting benchclient, issueConcurrent: 0; fanout: 1
Session created: 0
last_service: , current_state: 0
Session continued: 0
last_service: , current_state: 0
Session destroyed: 18446744073709551615
last_service: , current_state: 0
20260216-210333-2351 01191 * WarmupDone      (bench_client.cc:739): Completed warmup period of 5 seconds with 1027 requests
20260216-210404-2365 01191 * Finish          (bench_client.cc:933): Completed 6243 requests in 31.006269 seconds
20260216-210404-2365 01191 * Finish          (bench_client.cc:934): 1 outstanding transactions.
Session continued: 0
last_service: , current_state: 0
Session destroyed: 18446744073709551615
last_service: , current_state: 0
Session continued: 0
last_service: , current_state: 0
Session destroyed: 18446744073709551615
last_service: , current_state: 0
Session destroyed: 0
last_service: , current_state: 0
20260216-210407-2352 01191 * FlushStats      (benchmark.cc:890): Flushing stats to /mnt/extra/experiments/2026-03-16-21-02-58/out/client-0-0-22-stats-0.json.
20260216-210407-2354 01191 * FlushStats      (benchmark.cc:902): All done!
20260216-210409-2367 01191 * Cleanup         (bench_client.cc:761): Aborting 0 outstanding transactions.
20260216-210409-2367 01191 * CooldownDone    (bench_client.cc:791): Finished cooldown period.
20260216-210409-2393 01191 * CooldownDone    (bench_client.cc:798): Median latency is 4901746 ns (4901 us)
20260216-210409-2394 01191 * CooldownDone    (bench_client.cc:807): Average latency is 4923123 ns (4923 us)
20260216-210409-2394 01191 * CooldownDone    (bench_client.cc:811): 90th percentile latency is 5252455 ns (5252 us)
20260216-210409-2394 01191 * CooldownDone    (bench_client.cc:815): 95th percentile latency is 5394230 ns (5394 us)
20260216-210409-2394 01191 * CooldownDone    (bench_client.cc:819): 99th percentile latency is 5802280 ns (5802 us)
20260216-210409-2394 01191 * LATENCY total: 2563 us 4923 us/4194 us 13 ms (6244 samples, 30 s total)
20260216-210409-2395 01191 *    2097 us |        114 | 
20260216-210409-2395 01191 *    4194 us |       6121 | ==================================================
20260216-210409-2395 01191 *    8388 us |          9 | 
20260216-210409-2718 01191 * Stop            (tcptransport.cc:581): [TCP SUMMARY] outgoingCreated=1 outgoingClosed=0 incomingCreated=0 incomingClosed=0 outgoingPeak=1 incomingPeak=0
Inserted events:
  0x56329deeaf60 [fd  7] Read Persist Internal
  0x56329df01510 [fd  9] Read Persist
Active events:
20260216-210409-2719 01191 * main            (benchmark.cc:849): Cleaning up after experiment.
20260216-210409-2719 01191 * FlushStats      (benchmark.cc:890): Flushing stats to /mnt/extra/experiments/2026-03-16-21-02-58/out/client-0-0-22-stats-0.json.
20260216-210409-2720 01191 * FlushStats      (benchmark.cc:902): All done!
