20260216-210322-6434 01143 * main            (benchmark.cc:402): Starting benchmark.
20260216-210327-4516 01143 * main            (benchmark.cc:621): Creating a default paritioner!
20260216-210327-4799 01143 * Client          (client.cc:75):     Initializing StrongStore client with id [4]
20260216-210327-4799 01143 * BenchmarkClient (bench_client.cc:81): starting benchclient, issueConcurrent: 0; fanout: 1
Session created: 0
last_service: , current_state: 0
Session continued: 0
last_service: , current_state: 0
Session destroyed: 18446744073709551615
last_service: , current_state: 0
20260216-210333-2664 01143 * WarmupDone      (bench_client.cc:739): Completed warmup period of 5 seconds with 1019 requests
20260216-210404-2678 01143 * Finish          (bench_client.cc:933): Completed 6250 requests in 31.001687 seconds
20260216-210404-2679 01143 * Finish          (bench_client.cc:934): 1 outstanding transactions.
Session continued: 0
last_service: , current_state: 0
Session destroyed: 18446744073709551615
last_service: , current_state: 0
Session continued: 0
last_service: , current_state: 0
Session destroyed: 18446744073709551615
last_service: , current_state: 0
Session destroyed: 0
last_service: , current_state: 0
20260216-210407-2665 01143 * FlushStats      (benchmark.cc:890): Flushing stats to /mnt/extra/experiments/2026-03-16-21-02-58/out/client-0-0-4-stats-0.json.
20260216-210407-2666 01143 * FlushStats      (benchmark.cc:902): All done!
20260216-210409-2798 01143 * Cleanup         (bench_client.cc:761): Aborting 0 outstanding transactions.
20260216-210409-2799 01143 * CooldownDone    (bench_client.cc:791): Finished cooldown period.
20260216-210409-2818 01143 * CooldownDone    (bench_client.cc:798): Median latency is 4895700 ns (4895 us)
20260216-210409-2819 01143 * CooldownDone    (bench_client.cc:807): Average latency is 4914958 ns (4914 us)
20260216-210409-2820 01143 * CooldownDone    (bench_client.cc:811): 90th percentile latency is 5220537 ns (5220 us)
20260216-210409-2820 01143 * CooldownDone    (bench_client.cc:815): 95th percentile latency is 5375523 ns (5375 us)
20260216-210409-2820 01143 * CooldownDone    (bench_client.cc:819): 99th percentile latency is 5793821 ns (5793 us)
20260216-210409-2820 01143 * LATENCY total: 1132 us 4914 us/4194 us 12 ms (6251 samples, 30 s total)
20260216-210409-2820 01143 *    1048 us |          5 | 
20260216-210409-2820 01143 *    2097 us |        114 | 
20260216-210409-2821 01143 *    4194 us |       6123 | ==================================================
20260216-210409-2821 01143 *    8388 us |          9 | 
20260216-210409-3931 01143 * Stop            (tcptransport.cc:581): [TCP SUMMARY] outgoingCreated=1 outgoingClosed=0 incomingCreated=0 incomingClosed=0 outgoingPeak=1 incomingPeak=0
Inserted events:
  0x563c53e73f60 [fd  7] Read Persist Internal
  0x563c53e8a510 [fd  9] Read Persist
Active events:
20260216-210409-3932 01143 * main            (benchmark.cc:849): Cleaning up after experiment.
20260216-210409-3932 01143 * FlushStats      (benchmark.cc:890): Flushing stats to /mnt/extra/experiments/2026-03-16-21-02-58/out/client-0-0-4-stats-0.json.
20260216-210409-3934 01143 * FlushStats      (benchmark.cc:902): All done!
