20260216-210322-6712 01274 * main            (benchmark.cc:402): Starting benchmark.
20260216-210327-4579 01274 * main            (benchmark.cc:621): Creating a default paritioner!
20260216-210327-4581 01274 * Client          (client.cc:75):     Initializing StrongStore client with id [60]
20260216-210327-4582 01274 * BenchmarkClient (bench_client.cc:81): starting benchclient, issueConcurrent: 0; fanout: 1
Session created: 0
last_service: , current_state: 0
Session continued: 0
last_service: , current_state: 0
Session destroyed: 18446744073709551615
last_service: , current_state: 0
20260216-210333-2695 01274 * WarmupDone      (bench_client.cc:739): Completed warmup period of 5 seconds with 760 requests
20260216-210404-2699 01274 * Finish          (bench_client.cc:933): Completed 6246 requests in 31.004153 seconds
20260216-210404-2699 01274 * Finish          (bench_client.cc:934): 1 outstanding transactions.
Session continued: 0
last_service: , current_state: 0
Session destroyed: 18446744073709551615
last_service: , current_state: 0
Session continued: 0
last_service: , current_state: 0
Session destroyed: 18446744073709551615
last_service: , current_state: 0
Session destroyed: 0
last_service: , current_state: 0
20260216-210407-2697 01274 * FlushStats      (benchmark.cc:890): Flushing stats to /mnt/extra/experiments/2026-03-16-21-02-58/out/client-0-0-60-stats-0.json.
20260216-210407-2699 01274 * FlushStats      (benchmark.cc:902): All done!
20260216-210409-2740 01274 * Cleanup         (bench_client.cc:761): Aborting 0 outstanding transactions.
20260216-210409-2741 01274 * CooldownDone    (bench_client.cc:791): Finished cooldown period.
20260216-210409-2760 01274 * CooldownDone    (bench_client.cc:798): Median latency is 4898185 ns (4898 us)
20260216-210409-2761 01274 * CooldownDone    (bench_client.cc:807): Average latency is 4918625 ns (4918 us)
20260216-210409-2761 01274 * CooldownDone    (bench_client.cc:811): 90th percentile latency is 5216917 ns (5216 us)
20260216-210409-2761 01274 * CooldownDone    (bench_client.cc:815): 95th percentile latency is 5337229 ns (5337 us)
20260216-210409-2761 01274 * CooldownDone    (bench_client.cc:819): 99th percentile latency is 5814303 ns (5814 us)
20260216-210409-2761 01274 * LATENCY total: 1600 us 4918 us/4194 us 13 ms (6247 samples, 30 s total)
20260216-210409-2762 01274 *    1048 us |          4 | 
20260216-210409-2762 01274 *    2097 us |        108 | 
20260216-210409-2762 01274 *    4194 us |       6126 | ==================================================
20260216-210409-2762 01274 *    8388 us |          9 | 
20260216-210409-3801 01274 * Stop            (tcptransport.cc:581): [TCP SUMMARY] outgoingCreated=1 outgoingClosed=0 incomingCreated=0 incomingClosed=0 outgoingPeak=1 incomingPeak=0
Inserted events:
  0x563f77c3af60 [fd  7] Read Persist Internal
  0x563f77c51510 [fd  9] Read Persist
Active events:
20260216-210409-3801 01274 * main            (benchmark.cc:849): Cleaning up after experiment.
20260216-210409-3802 01274 * FlushStats      (benchmark.cc:890): Flushing stats to /mnt/extra/experiments/2026-03-16-21-02-58/out/client-0-0-60-stats-0.json.
20260216-210409-3803 01274 * FlushStats      (benchmark.cc:902): All done!
