20260216-210322-6401 01144 * main            (benchmark.cc:402): Starting benchmark.
20260216-210327-4134 01144 * main            (benchmark.cc:621): Creating a default paritioner!
20260216-210327-4136 01144 * Client          (client.cc:75):     Initializing StrongStore client with id [5]
20260216-210327-4137 01144 * BenchmarkClient (bench_client.cc:81): starting benchclient, issueConcurrent: 0; fanout: 1
Session created: 0
last_service: , current_state: 0
Session continued: 0
last_service: , current_state: 0
Session destroyed: 18446744073709551615
last_service: , current_state: 0
20260216-210333-2152 01144 * WarmupDone      (bench_client.cc:739): Completed warmup period of 5 seconds with 1017 requests
20260216-210404-2154 01144 * Finish          (bench_client.cc:933): Completed 6240 requests in 31.003806 seconds
20260216-210404-2155 01144 * Finish          (bench_client.cc:934): 1 outstanding transactions.
Session continued: 0
last_service: , current_state: 0
Session destroyed: 18446744073709551615
last_service: , current_state: 0
Session continued: 0
last_service: , current_state: 0
Session destroyed: 18446744073709551615
last_service: , current_state: 0
Session destroyed: 0
last_service: , current_state: 0
20260216-210407-2154 01144 * FlushStats      (benchmark.cc:890): Flushing stats to /mnt/extra/experiments/2026-03-16-21-02-58/out/client-0-0-5-stats-0.json.
20260216-210407-2157 01144 * FlushStats      (benchmark.cc:902): All done!
20260216-210409-2157 01144 * Cleanup         (bench_client.cc:761): Aborting 0 outstanding transactions.
20260216-210409-2158 01144 * CooldownDone    (bench_client.cc:791): Finished cooldown period.
20260216-210409-2200 01144 * CooldownDone    (bench_client.cc:798): Median latency is 4904316 ns (4904 us)
20260216-210409-2202 01144 * CooldownDone    (bench_client.cc:807): Average latency is 4926102 ns (4926 us)
20260216-210409-2202 01144 * CooldownDone    (bench_client.cc:811): 90th percentile latency is 5188377 ns (5188 us)
20260216-210409-2202 01144 * CooldownDone    (bench_client.cc:815): 95th percentile latency is 5295599 ns (5295 us)
20260216-210409-2203 01144 * CooldownDone    (bench_client.cc:819): 99th percentile latency is 5689571 ns (5689 us)
20260216-210409-2203 01144 * LATENCY total: 2862 us 4926 us/4194 us 13 ms (6241 samples, 30 s total)
20260216-210409-2203 01144 *    2097 us |         88 | 
20260216-210409-2204 01144 *    4194 us |       6144 | ==================================================
20260216-210409-2204 01144 *    8388 us |          9 | 
20260216-210409-2206 01144 * Stop            (tcptransport.cc:581): [TCP SUMMARY] outgoingCreated=1 outgoingClosed=0 incomingCreated=0 incomingClosed=0 outgoingPeak=1 incomingPeak=0
Inserted events:
  0x55ca78d72f60 [fd  7] Read Persist Internal
  0x55ca78d89510 [fd  9] Read Persist
Active events:
20260216-210409-2207 01144 * main            (benchmark.cc:849): Cleaning up after experiment.
20260216-210409-2207 01144 * FlushStats      (benchmark.cc:890): Flushing stats to /mnt/extra/experiments/2026-03-16-21-02-58/out/client-0-0-5-stats-0.json.
20260216-210409-2209 01144 * FlushStats      (benchmark.cc:902): All done!
