20250816-150118-2415 18693 * main            (benchmark.cc:390): Starting benchmark.
Session created: 0
last_service: , current_state: 0
Session continued: 0
last_service: , current_state: 0
Session destroyed: 18446744073709551615
last_service: , current_state: 0
20250816-150129-6521 18693 * WarmupDone      (bench_client.cc:545): Completed warmup period of 10 seconds with 3749 requests
20250816-150145-6527 18693 * Finish          (bench_client.cc:732): Completed 6012 requests in 16.000797 seconds
20250816-150145-6528 18693 * Finish          (bench_client.cc:733): 1 outstanding transactions.
Session continued: 0
last_service: spanner-15-1804289383, current_state: 2
Session destroyed: 18446744073709551615
last_service: , current_state: 0
Session continued: 0
last_service: spanner-15-1804289383, current_state: 2
Session destroyed: 18446744073709551615
last_service: , current_state: 0
Session destroyed: 0
last_service: spanner-15-1804289383, current_state: 2
20250816-150153-6525 18693 * FlushStats      (benchmark.cc:819): Flushing stats to /mnt/extra/experiments/2025-09-16-15-00-53/out/client-1-0-15-stats-0.json.
20250816-150155-6579 18693 * Cleanup         (bench_client.cc:567): Aborting 0 outstanding transactions.
20250816-150155-6580 18693 * CooldownDone    (bench_client.cc:597): Finished cooldown period.
20250816-150155-6639 18693 * CooldownDone    (bench_client.cc:604): Median latency is 1715510 ns (1715 us)
20250816-150155-6642 18693 * CooldownDone    (bench_client.cc:613): Average latency is 2609278 ns (2609 us)
20250816-150155-6642 18693 * CooldownDone    (bench_client.cc:617): 90th percentile latency is 5317782 ns (5317 us)
20250816-150155-6643 18693 * CooldownDone    (bench_client.cc:621): 95th percentile latency is 6019662 ns (6019 us)
20250816-150155-6643 18693 * CooldownDone    (bench_client.cc:625): 99th percentile latency is 7733614 ns (7733 us)
20250816-150155-6644 18693 * LATENCY total: 207 us 2609 us/1048 us 61 ms (6013 samples, 15 s total)
20250816-150155-6645 18693 *     131 us |          9 | 
20250816-150155-6645 18693 *     262 us |        492 | ============
20250816-150155-6645 18693 *     524 us |       2039 | ==================================================
20250816-150155-6646 18693 *    1048 us |        546 | =============
20250816-150155-6646 18693 *    2097 us |       1428 | ===================================
20250816-150155-6647 18693 *    4194 us |       1455 | ===================================
20250816-150155-6647 18693 *    8388 us |         33 | 
20250816-150155-6647 18693 *      16 ms |          8 | 
20250816-150155-6648 18693 *      33 ms |          3 | 
Inserted events:
  0x55b9ea2bf170 [fd  7] Read Persist Internal
  0x55b9ea2de7c0 [fd  9] Read Persist
  0x55b9ea2df190 [fd  10] Read Persist
  0x55b9ea2e3040 [fd  11] Read Persist
  0x55b9ea2e33c0 [fd  12] Read Persist
  0x55b9ea2e0290 [fd  13] Read Persist
  0x55b9ea2e1cb0 [fd  14] Read Persist
  0x55b9ea2f9200 [fd  15] Read Persist
  0x55b9ea2f99a0 [fd  16] Read Persist
Active events:
20250816-150155-6652 18693 * main            (benchmark.cc:779): Cleaning up after experiment.
20250816-150155-6653 18693 * FlushStats      (benchmark.cc:819): Flushing stats to /mnt/extra/experiments/2025-09-16-15-00-53/out/client-1-0-15-stats-0.json.
