20260216-145351-5494 11972 * main            (benchmark.cc:402): Starting benchmark.
20260216-145352-7359 11972 * main            (benchmark.cc:621): Creating a default paritioner!
20260216-145352-7361 11972 * Client          (client.cc:75):     Initializing StrongStore client with id [0]
20260216-145352-7361 11972 * BenchmarkClient (bench_client.cc:81): starting benchclient, issueConcurrent: 0; fanout: 1
Session created: 0
last_service: , current_state: 0
Session continued: 0
last_service: , current_state: 0
Session destroyed: 18446744073709551615
last_service: , current_state: 0
20260216-145357-8345 11972 * WarmupDone      (bench_client.cc:726): Completed warmup period of 5 seconds with 3474 requests
20260216-145408-8350 11972 * Finish          (bench_client.cc:920): Completed 7664 requests in 11.001617 seconds
20260216-145408-8350 11972 * Finish          (bench_client.cc:921): 1 outstanding transactions.
Session continued: 0
last_service: , current_state: 0
Session destroyed: 18446744073709551615
last_service: , current_state: 0
Session continued: 0
last_service: , current_state: 0
Session destroyed: 18446744073709551615
last_service: , current_state: 0
Session destroyed: 0
last_service: , current_state: 0
20260216-145411-8348 11972 * FlushStats      (benchmark.cc:890): Flushing stats to /mnt/extra/experiments/2026-03-16-14-53-27/out/client-0-0-0-stats-0.json.
20260216-145411-8350 11972 * FlushStats      (benchmark.cc:902): All done!
20260216-145413-8352 11972 * Cleanup         (bench_client.cc:748): Aborting 0 outstanding transactions.
20260216-145413-8352 11972 * CooldownDone    (bench_client.cc:778): Finished cooldown period.
20260216-145413-8378 11972 * CooldownDone    (bench_client.cc:785): Median latency is 1410454 ns (1410 us)
20260216-145413-8379 11972 * CooldownDone    (bench_client.cc:794): Average latency is 1393082 ns (1393 us)
20260216-145413-8379 11972 * CooldownDone    (bench_client.cc:798): 90th percentile latency is 1632665 ns (1632 us)
20260216-145413-8379 11972 * CooldownDone    (bench_client.cc:802): 95th percentile latency is 1702624 ns (1702 us)
20260216-145413-8379 11972 * CooldownDone    (bench_client.cc:806): 99th percentile latency is 1838690 ns (1838 us)
20260216-145413-8379 11972 * LATENCY total: 648 us 1393 us/1048 us 29 ms (7665 samples, 10 s total)
20260216-145413-8379 11972 *     524 us |        656 | ====
20260216-145413-8380 11972 *    1048 us |       6997 | ==================================================
20260216-145413-8380 11972 *    2097 us |          3 | 
20260216-145413-8380 11972 *    4194 us |          8 | 
20260216-145413-8380 11972 *    8388 us |          0 |
20260216-145413-8380 11972 *      16 ms |          1 | 
20260216-145413-8381 11972 * Stop            (tcptransport.cc:581): [TCP SUMMARY] outgoingCreated=1 outgoingClosed=0 incomingCreated=0 incomingClosed=0 outgoingPeak=1 incomingPeak=0
Inserted events:
  0x5637d751bf60 [fd  7] Read Persist Internal
  0x5637d7532510 [fd  9] Read Persist
Active events:
20260216-145413-8382 11972 * main            (benchmark.cc:849): Cleaning up after experiment.
20260216-145413-8382 11972 * FlushStats      (benchmark.cc:890): Flushing stats to /mnt/extra/experiments/2026-03-16-14-53-27/out/client-0-0-0-stats-0.json.
20260216-145413-8383 11972 * FlushStats      (benchmark.cc:902): All done!
