20260313-063128-8570 09102 * main            (server.cc:217):    Starting server.
20260313-063128-8578 09102 * main            (server.cc:335):    Creating a default paritioner!
20260313-063130-6479 09102 * main            (server.cc:513):    Done loading server.
20260313-063222-8607 09102 ! TCPIncomingEventCallback (tcptransport.cc:942): [TCP INCOMING 117] EOF, lifetime=31355.30 ms
20260313-063223-0078 09102 ! TCPIncomingEventCallback (tcptransport.cc:942): [TCP INCOMING 118] EOF, lifetime=31361.32 ms
20260313-063223-0232 09102 ! TCPIncomingEventCallback (tcptransport.cc:942): [TCP INCOMING 119] EOF, lifetime=31362.50 ms
20260313-063223-0469 09102 ! TCPIncomingEventCallback (tcptransport.cc:942): [TCP INCOMING 121] EOF, lifetime=31357.49 ms
20260313-063223-0496 09102 ! TCPIncomingEventCallback (tcptransport.cc:942): [TCP INCOMING 120] EOF, lifetime=31365.00 ms
20260313-063223-0599 09102 ! TCPIncomingEventCallback (tcptransport.cc:942): [TCP INCOMING 122] EOF, lifetime=31357.79 ms
20260313-063223-0643 09102 ! TCPIncomingEventCallback (tcptransport.cc:942): [TCP INCOMING 123] EOF, lifetime=31356.99 ms
20260313-063223-0645 09102 ! TCPIncomingEventCallback (tcptransport.cc:942): [TCP INCOMING 124] EOF, lifetime=31353.78 ms
20260313-063229-5615 09102 * Cleanup         (server.cc:589):    Gracefully exiting after signal 15.
20260313-063229-5616 09102 * Stop            (tcptransport.cc:605): [TCP SUMMARY] outgoingCreated=58 outgoingClosed=0 incomingCreated=66 incomingClosed=8 outgoingPeak=89 incomingPeak=37
Inserted events:
  0x5639b0ffad00 [fd  9] Read Persist Internal
  0x5639b1002a60 [fd  10] Read Persist
  0x5639b100dcd0 [fd  11] Read Persist
  0x5639b999b3b0 [fd  12] Read Persist
  0x5639b99985f0 [fd  13] Read Persist
  0x5639b9993660 [fd  14] Read Persist
  0x5639b99969e0 [fd  15] Read Persist
  0x5639b998e4e0 [fd  16] Read Persist
  0x5639b9997d10 [fd  17] Read Persist
  0x5639b998c0f0 [fd  18] Read Persist
  0x5639b99976d0 [fd  19] Read Persist
  0x5639b998c4e0 [fd  20] Read Persist
  0x5639b99a4b30 [fd  21] Read Persist
  0x5639b99a4f40 [fd  22] Read Persist
  0x5639b99a5350 [fd  23] Read Persist
  0x5639b99a5760 [fd  24] Read Persist
  0x5639b99a5b70 [fd  25] Read Persist
  0x5639b99a5f80 [fd  26] Read Persist
  0x5639b99a6390 [fd  27] Read Persist
  0x5639b99a67a0 [fd  28] Read Persist
  0x5639b99a6ce0 [fd  29] Read Persist
  0x5639b99a70f0 [fd  30] Read Persist
  0x5639b99a7630 [fd  31] Read Persist
  0x5639b99a7bc0 [fd  32] Read Persist
  0x5639b99a8360 [fd  33] Read Persist
  0x5639b99a88f0 [fd  34] Read Persist
  0x5639b99a8e80 [fd  35] Read Persist
  0x5639b99a9410 [fd  36] Read Persist
  0x5639b99a99a0 [fd  37] Read Persist
  0x5639b99a9f30 [fd  38] Read Persist
  0x5639b99aa4c0 [fd  39] Read Persist
  0x5639b99aaa50 [fd  40] Read Persist
  0x5639b99aafe0 [fd  41] Read Persist
  0x5639b99ab400 [fd  42] Read Persist
  0x5639b99ab620 [fd  43] Read Persist
  0x5639b99ab8f0 [fd  44] Read Persist
  0x5639b99abc90 [fd  45] Read Persist
  0x5639b99ac030 [fd  46] Read Persist
  0x5639b99ac3d0 [fd  47] Read Persist
  0x5639b99ac770 [fd  48] Read Persist
  0x5639b99acd90 [fd  49] Read Persist
  0x5639b99ad130 [fd  50] Read Persist
  0x5639b99ad4d0 [fd  51] Read Persist
  0x5639b99ad870 [fd  52] Read Persist
  0x5639b100a620 [fd  53] Read Persist
  0x5639b10097d0 [fd  54] Read Persist
  0x5639b99adc10 [fd  55] Read Persist
  0x5639b99ade30 [fd  56] Read Persist
  0x5639b99ae170 [fd  57] Read Persist
  0x5639b99ae4b0 [fd  58] Read Persist
  0x5639b99ae890 [fd  59] Read Persist
  0x5639b99aed30 [fd  60] Read Persist
  0x5639b99af1d0 [fd  61] Read Persist
  0x5639b99af670 [fd  62] Read Persist
  0x5639b99afb10 [fd  63] Read Persist
  0x5639b99affb0 [fd  64] Read Persist
  0x5639b99b0820 [fd  65] Read Persist
  0x5639b99b0cc0 [fd  66] Read Persist
  0x5639b99b1160 [fd  67] Read Persist
  0x5639b99b1600 [fd  68] Read Persist
  0x5639b99b1aa0 [fd  69] Read Persist
  0x5639b99b1f40 [fd  70] Read Persist
  0x5639b99b2440 [fd  71] Read Persist
  0x5639b99b28a0 [fd  72] Read Persist
  0x5639b99b2d60 [fd  73] Read Persist
  0x5639b99b3220 [fd  74] Read Persist
  0x5639b99b36e0 [fd  75] Read Persist
  0x5639b99b3ba0 [fd  76] Read Persist
  0x5639b99b4060 [fd  77] Read Persist
  0x5639b99b4520 [fd  78] Read Persist
  0x5639b99b4ab0 [fd  79] Read Persist
  0x5639b99b5040 [fd  80] Read Persist
  0x5639b99b55d0 [fd  81] Read Persist
  0x5639b99b5b60 [fd  82] Read Persist
  0x5639b99b60f0 [fd  83] Read Persist
  0x5639b99b6680 [fd  84] Read Persist
  0x5639b99b6c10 [fd  85] Read Persist
  0x5639b99b71a0 [fd  86] Read Persist
  0x5639b99b7730 [fd  87] Read Persist
  0x5639b99b7cc0 [fd  88] Read Persist
  0x5639b99b8250 [fd  89] Read Persist
  0x5639b99b87e0 [fd  90] Read Persist
  0x5639b99b97f0 [fd  91] Read Persist
  0x5639b99b9d80 [fd  92] Read Persist
  0x5639b99ba310 [fd  93] Read Persist
  0x5639b99ba8a0 [fd  94] Read Persist
  0x5639b99bae30 [fd  95] Read Persist
  0x5639b99bb3c0 [fd  96] Read Persist
  0x5639b99bb950 [fd  97] Read Persist
  0x5639b99bbee0 [fd  98] Read Persist
  0x5639b99bc470 [fd  99] Read Persist
  0x5639b99bca00 [fd  100] Read Persist
  0x5639b99bce20 [fd  101] Read Persist
  0x5639b99bd040 [fd  102] Read Persist
  0x5639b99bd2f0 [fd  103] Read Persist
  0x5639b99bd690 [fd  104] Read Persist
  0x5639b99bda30 [fd  105] Read Persist
  0x5639b99bddd0 [fd  106] Read Persist
  0x5639b99be170 [fd  107] Read Persist
  0x5639b99be510 [fd  108] Read Persist
  0x5639b99be8b0 [fd  109] Read Persist
  0x5639b99bec50 [fd  110] Read Persist
  0x5639b99beff0 [fd  111] Read Persist
  0x5639b99bf390 [fd  112] Read Persist
  0x5639b99bf730 [fd  113] Read Persist
  0x5639b99bfad0 [fd  114] Read Persist
  0x5639b999b010 [fd  115] Read Persist
  0x5639b999a090 [fd  116] Read Persist
  0x5639b99bfea0 [fd  117] Read Persist
  0x5639b99c00c0 [fd  118] Read Persist
  0x5639b99c0400 [fd  119] Read Persist
  0x5639b99c0740 [fd  120] Read Persist
  0x5639b99c0a80 [fd  121] Read Persist
  0x5639b99c0dc0 [fd  122] Read Persist
  0x5639b99c1100 [fd  123] Read Persist
  0x5639b99c14b0 [fd  124] Read Persist
  0x5639b99c1950 [fd  125] Read Persist
  0x5639b99c1df0 [fd  126] Read Persist
  0x5639b99c2290 [fd  127] Read Persist
  0x5639b99c2a30 [fd  -1] Timeout=1776084149.127836
Active events:
20260313-063229-5638 09102 * Cleanup         (server.cc:593):    Exporting stats to /mnt/extra/experiments/2026-04-13-06-31-21/out/server-0-6-2-stats-0.json.
