20260217-120704-0121 34488 * main            (benchmark.cc:402): Starting benchmark.
20260217-120708-6555 34488 * main            (benchmark.cc:621): Creating a default paritioner!
20260217-120708-6557 34488 * Client          (client.cc:77):     Initializing StrongStore client with id [31]
20260217-120708-6838 34488 * BenchmarkClient (bench_client.cc:81): starting benchclient, issueConcurrent: 0; fanout: 1
Session created: 0
last_service: , current_state: 0
Session continued: 0
last_service: , current_state: 0
Session destroyed: 18446744073709551615
last_service: , current_state: 0
20260217-120714-2637 34488 * WarmupDone      (bench_client.cc:739): Completed warmup period of 5 seconds with 987 requests
20260217-120745-2639 34488 * Finish          (bench_client.cc:933): Completed 6322 requests in 31.000908 seconds
20260217-120745-2640 34488 * Finish          (bench_client.cc:934): 1 outstanding transactions.
Session continued: 0
last_service: , current_state: 0
Session destroyed: 18446744073709551615
last_service: , current_state: 0
Session continued: 0
last_service: , current_state: 0
Session destroyed: 18446744073709551615
last_service: , current_state: 0
Session destroyed: 0
last_service: , current_state: 0
20260217-120748-2638 34488 * FlushStats      (benchmark.cc:890): Flushing stats to /mnt/extra/experiments/2026-03-17-12-06-40/out/client-0-0-31-stats-0.json.
20260217-120748-2640 34488 * FlushStats      (benchmark.cc:902): All done!
20260217-120750-2642 34488 * Cleanup         (bench_client.cc:761): Aborting 0 outstanding transactions.
20260217-120750-2642 34488 * CooldownDone    (bench_client.cc:791): Finished cooldown period.
20260217-120750-2684 34488 * CooldownDone    (bench_client.cc:798): Median latency is 4926534 ns (4926 us)
20260217-120750-2686 34488 * CooldownDone    (bench_client.cc:807): Average latency is 4860735 ns (4860 us)
20260217-120750-2686 34488 * CooldownDone    (bench_client.cc:811): 90th percentile latency is 5180697 ns (5180 us)
20260217-120750-2687 34488 * CooldownDone    (bench_client.cc:815): 95th percentile latency is 5279997 ns (5279 us)
20260217-120750-2687 34488 * CooldownDone    (bench_client.cc:819): 99th percentile latency is 5647546 ns (5647 us)
20260217-120750-2687 34488 * LATENCY total: 2718 us 4860 us/4194 us 12 ms (6323 samples, 30 s total)
20260217-120750-2688 34488 *    2097 us |        474 | ====
20260217-120750-2688 34488 *    4194 us |       5839 | ==================================================
20260217-120750-2688 34488 *    8388 us |         10 | 
20260217-120750-3196 34488 * Stop            (tcptransport.cc:581): [TCP SUMMARY] outgoingCreated=1 outgoingClosed=0 incomingCreated=0 incomingClosed=0 outgoingPeak=1 incomingPeak=0
Inserted events:
  0x559c571a5f60 [fd  7] Read Persist Internal
  0x559c571bc510 [fd  9] Read Persist
Active events:
20260217-120750-3197 34488 * main            (benchmark.cc:849): Cleaning up after experiment.
20260217-120750-3198 34488 * FlushStats      (benchmark.cc:890): Flushing stats to /mnt/extra/experiments/2026-03-17-12-06-40/out/client-0-0-31-stats-0.json.
20260217-120750-3199 34488 * FlushStats      (benchmark.cc:902): All done!
