20260217-120704-0519 34454 * main            (benchmark.cc:402): Starting benchmark.
20260217-120708-6928 34454 * main            (benchmark.cc:621): Creating a default paritioner!
20260217-120708-6930 34454 * Client          (client.cc:77):     Initializing StrongStore client with id [14]
20260217-120708-6931 34454 * BenchmarkClient (bench_client.cc:81): starting benchclient, issueConcurrent: 0; fanout: 1
Session created: 0
last_service: , current_state: 0
Session continued: 0
last_service: , current_state: 0
Session destroyed: 18446744073709551615
last_service: , current_state: 0
20260217-120714-2964 34454 * WarmupDone      (bench_client.cc:739): Completed warmup period of 5 seconds with 992 requests
20260217-120745-2971 34454 * Finish          (bench_client.cc:933): Completed 6327 requests in 31.004924 seconds
20260217-120745-2971 34454 * Finish          (bench_client.cc:934): 1 outstanding transactions.
Session continued: 0
last_service: , current_state: 0
Session destroyed: 18446744073709551615
last_service: , current_state: 0
Session continued: 0
last_service: , current_state: 0
Session destroyed: 18446744073709551615
last_service: , current_state: 0
Session destroyed: 0
last_service: , current_state: 0
20260217-120748-2966 34454 * FlushStats      (benchmark.cc:890): Flushing stats to /mnt/extra/experiments/2026-03-17-12-06-40/out/client-0-0-14-stats-0.json.
20260217-120748-2968 34454 * FlushStats      (benchmark.cc:902): All done!
20260217-120750-2988 34454 * Cleanup         (bench_client.cc:761): Aborting 0 outstanding transactions.
20260217-120750-2988 34454 * CooldownDone    (bench_client.cc:791): Finished cooldown period.
20260217-120750-3008 34454 * CooldownDone    (bench_client.cc:798): Median latency is 4910854 ns (4910 us)
20260217-120750-3009 34454 * CooldownDone    (bench_client.cc:807): Average latency is 4855551 ns (4855 us)
20260217-120750-3009 34454 * CooldownDone    (bench_client.cc:811): 90th percentile latency is 5217347 ns (5217 us)
20260217-120750-3009 34454 * CooldownDone    (bench_client.cc:815): 95th percentile latency is 5352132 ns (5352 us)
20260217-120750-3009 34454 * CooldownDone    (bench_client.cc:819): 99th percentile latency is 5746959 ns (5746 us)
20260217-120750-3009 34454 * LATENCY total: 1010 us 4855 us/4194 us 12 ms (6328 samples, 30 s total)
20260217-120750-3010 34454 *     524 us |          1 | 
20260217-120750-3010 34454 *    1048 us |          5 | 
20260217-120750-3010 34454 *    2097 us |        488 | ====
20260217-120750-3010 34454 *    4194 us |       5822 | ==================================================
20260217-120750-3010 34454 *    8388 us |         12 | 
20260217-120750-3880 34454 * Stop            (tcptransport.cc:581): [TCP SUMMARY] outgoingCreated=1 outgoingClosed=0 incomingCreated=0 incomingClosed=0 outgoingPeak=1 incomingPeak=0
Inserted events:
  0x55f44c98df60 [fd  7] Read Persist Internal
  0x55f44c9a4510 [fd  9] Read Persist
Active events:
20260217-120750-3881 34454 * main            (benchmark.cc:849): Cleaning up after experiment.
20260217-120750-3881 34454 * FlushStats      (benchmark.cc:890): Flushing stats to /mnt/extra/experiments/2026-03-17-12-06-40/out/client-0-0-14-stats-0.json.
20260217-120750-3883 34454 * FlushStats      (benchmark.cc:902): All done!
