20260217-120704-0240 34573 * main            (benchmark.cc:402): Starting benchmark.
20260217-120708-6974 34573 * main            (benchmark.cc:621): Creating a default paritioner!
20260217-120708-6976 34573 * Client          (client.cc:77):     Initializing StrongStore client with id [75]
20260217-120708-6977 34573 * BenchmarkClient (bench_client.cc:81): starting benchclient, issueConcurrent: 0; fanout: 1
Session created: 0
last_service: , current_state: 0
Session continued: 0
last_service: , current_state: 0
Session destroyed: 18446744073709551615
last_service: , current_state: 0
20260217-120714-3014 34573 * WarmupDone      (bench_client.cc:739): Completed warmup period of 5 seconds with 992 requests
20260217-120745-3016 34573 * Finish          (bench_client.cc:933): Completed 6325 requests in 31.000080 seconds
20260217-120745-3017 34573 * Finish          (bench_client.cc:934): 1 outstanding transactions.
Session continued: 0
last_service: , current_state: 0
Session destroyed: 18446744073709551615
last_service: , current_state: 0
Session continued: 0
last_service: , current_state: 0
Session destroyed: 18446744073709551615
last_service: , current_state: 0
Session destroyed: 0
last_service: , current_state: 0
20260217-120748-3015 34573 * FlushStats      (benchmark.cc:890): Flushing stats to /mnt/extra/experiments/2026-03-17-12-06-40/out/client-0-0-75-stats-0.json.
20260217-120748-3017 34573 * FlushStats      (benchmark.cc:902): All done!
20260217-120750-3075 34573 * Cleanup         (bench_client.cc:761): Aborting 0 outstanding transactions.
20260217-120750-3076 34573 * CooldownDone    (bench_client.cc:791): Finished cooldown period.
20260217-120750-3095 34573 * CooldownDone    (bench_client.cc:798): Median latency is 4903475 ns (4903 us)
20260217-120750-3096 34573 * CooldownDone    (bench_client.cc:807): Average latency is 4855985 ns (4855 us)
20260217-120750-3096 34573 * CooldownDone    (bench_client.cc:811): 90th percentile latency is 5209941 ns (5209 us)
20260217-120750-3097 34573 * CooldownDone    (bench_client.cc:815): 95th percentile latency is 5337145 ns (5337 us)
20260217-120750-3097 34573 * CooldownDone    (bench_client.cc:819): 99th percentile latency is 5778913 ns (5778 us)
20260217-120750-3097 34573 * LATENCY total: 921 us 4855 us/4194 us 12 ms (6326 samples, 30 s total)
20260217-120750-3097 34573 *     524 us |          1 | 
20260217-120750-3097 34573 *    1048 us |          5 | 
20260217-120750-3097 34573 *    2097 us |        486 | ====
20260217-120750-3098 34573 *    4194 us |       5821 | ==================================================
20260217-120750-3098 34573 *    8388 us |         13 | 
20260217-120750-3194 34573 * Stop            (tcptransport.cc:581): [TCP SUMMARY] outgoingCreated=1 outgoingClosed=0 incomingCreated=0 incomingClosed=0 outgoingPeak=1 incomingPeak=0
Inserted events:
  0x55f7f9885f60 [fd  7] Read Persist Internal
  0x55f7f989c510 [fd  9] Read Persist
Active events:
20260217-120750-3195 34573 * main            (benchmark.cc:849): Cleaning up after experiment.
20260217-120750-3195 34573 * FlushStats      (benchmark.cc:890): Flushing stats to /mnt/extra/experiments/2026-03-17-12-06-40/out/client-0-0-75-stats-0.json.
20260217-120750-3197 34573 * FlushStats      (benchmark.cc:902): All done!
