20260216-111421-1667 32656 * main            (benchmark.cc:402): Starting benchmark.
20260216-111423-5067 32656 * main            (benchmark.cc:621): Creating a default paritioner!
20260216-111423-5069 32656 * Client          (client.cc:75):     Initializing StrongStore client with id [55]
20260216-111423-5070 32656 * BenchmarkClient (bench_client.cc:81): starting benchclient, issueConcurrent: 1; fanout: 1
Session created: 0
last_service: , current_state: 0
Session continued: 0
last_service: , current_state: 0
Session destroyed: 18446744073709551615
last_service: , current_state: 0
20260216-111428-7018 32656 * WarmupDone      (bench_client.cc:726): Completed warmup period of 5 seconds with 1520 requests
20260216-111439-7018 32656 * Finish          (bench_client.cc:920): Completed 3305 requests in 11.001846 seconds
20260216-111439-7019 32656 * Finish          (bench_client.cc:921): 1 outstanding transactions.
Session continued: 0
last_service: , current_state: 0
Session destroyed: 18446744073709551615
last_service: , current_state: 0
Session continued: 0
last_service: , current_state: 0
Session destroyed: 18446744073709551615
last_service: , current_state: 0
Session destroyed: 0
last_service: , current_state: 0
20260216-111442-7020 32656 * FlushStats      (benchmark.cc:890): Flushing stats to /mnt/extra/experiments/2026-03-16-11-13-57/out/client-0-0-55-stats-0.json.
20260216-111442-7038 32656 * FlushStats      (benchmark.cc:902): All done!
20260216-111444-7037 32656 * Cleanup         (bench_client.cc:748): Aborting 0 outstanding transactions.
20260216-111444-7038 32656 * CooldownDone    (bench_client.cc:778): Finished cooldown period.
20260216-111444-7059 32656 * CooldownDone    (bench_client.cc:785): Median latency is 3340139 ns (3340 us)
20260216-111444-7060 32656 * CooldownDone    (bench_client.cc:794): Average latency is 3290543 ns (3290 us)
20260216-111444-7060 32656 * CooldownDone    (bench_client.cc:798): 90th percentile latency is 3899011 ns (3899 us)
20260216-111444-7061 32656 * CooldownDone    (bench_client.cc:802): 95th percentile latency is 4085513 ns (4085 us)
20260216-111444-7061 32656 * CooldownDone    (bench_client.cc:806): 99th percentile latency is 4428408 ns (4428 us)
20260216-111444-7062 32656 * LATENCY total: 919 us 3290 us/2097 us 50 ms (3306 samples, 10 s total)
20260216-111444-7062 32656 *     524 us |          2 | 
20260216-111444-7062 32656 *    1048 us |        142 | ==
20260216-111444-7063 32656 *    2097 us |       3057 | ==================================================
20260216-111444-7063 32656 *    4194 us |        102 | =
20260216-111444-7063 32656 *    8388 us |          1 | 
20260216-111444-7064 32656 *      16 ms |          1 | 
20260216-111444-7064 32656 *      33 ms |          1 | 
20260216-111444-7322 32656 * Stop            (tcptransport.cc:581): [TCP SUMMARY] outgoingCreated=1 outgoingClosed=0 incomingCreated=0 incomingClosed=0 outgoingPeak=1 incomingPeak=0
Inserted events:
  0x5608c2c1cf60 [fd  7] Read Persist Internal
  0x5608c2c33560 [fd  9] Read Persist
Active events:
20260216-111444-7323 32656 * main            (benchmark.cc:849): Cleaning up after experiment.
20260216-111444-7323 32656 * FlushStats      (benchmark.cc:890): Flushing stats to /mnt/extra/experiments/2026-03-16-11-13-57/out/client-0-0-55-stats-0.json.
20260216-111444-7332 32656 * FlushStats      (benchmark.cc:902): All done!
