#start,0,0
app,788152832,30288408994,50
user_create,788152832,30288408994,50
app,899963136,31188424825,50
user_create,899963136,31188424825,50
app,950582528,32139059543,50
user_create,950582528,32139059543,50
app,836357120,32975468158,50
user_create,836357120,32975468158,50
app,1042859264,34018379211,50
user_create,1042859264,34018379211,50
app,917789952,34936221837,50
user_create,917789952,34936221837,50
app,1120703232,36056977033,50
user_create,1120703232,36056977033,50
app,721649152,36778678178,50
user_create,721649152,36778678178,50
app,866985728,37645715475,50
user_create,866985728,37645715475,50
app,692813056,38338620901,50
user_create,692813056,38338620901,50
app,898391040,39237063884,50
user_create,898391040,39237063884,50
app,953798912,40190915107,50
user_create,953798912,40190915107,50
app,884516096,41075482845,50
user_create,884516096,41075482845,50
app,864653056,41940188407,50
user_create,864653056,41940188407,50
app,939794176,42880035638,50
user_create,939794176,42880035638,50
app,1017987840,43898076772,50
user_create,1017987840,43898076772,50
app,949815040,44847945451,50
user_create,949815040,44847945451,50
app,985534208,45833532333,50
user_create,985534208,45833532333,50
app,1142739712,46976324558,50
user_create,1142739712,46976324558,50
app,884032000,47860408306,50
user_create,884032000,47860408306,50
app,836100096,48696560859,50
user_create,836100096,48696560859,50
app,948480768,49645093679,50
user_create,948480768,49645093679,50
app,855781888,50500928878,50
user_create,855781888,50500928878,50
app,1137113856,51638101816,50
user_create,1137113856,51638101816,50
app,802993920,52441148757,50
user_create,802993920,52441148757,50
app,1009821696,53451022624,50
user_create,1009821696,53451022624,50
app,763811584,54214886665,50
user_create,763811584,54214886665,50
app,836213504,55051152229,50
user_create,836213504,55051152229,50
app,881625600,55932828903,50
user_create,881625600,55932828903,50
app,1185824768,57118706226,50
user_create,1185824768,57118706226,50
app,912337664,58031096458,50
user_create,912337664,58031096458,50
app,952003328,58983153104,50
user_create,952003328,58983153104,50
app,888656128,59871861934,50
user_create,888656128,59871861934,50
app,863223296,60735139369,50
user_create,863223296,60735139369,50
app,1172444416,61907637357,50
user_create,1172444416,61907637357,50
app,1103374336,63011065721,50
user_create,1103374336,63011065721,50
app,1030429184,64041546583,50
user_create,1030429184,64041546583,50
app,721515008,64763114452,50
user_create,721515008,64763114452,50
app,985394176,65748561620,50
user_create,985394176,65748561620,50
app,1354301440,67102935552,50
user_create,1354301440,67102935552,50
app,862520832,67965509653,50
user_create,862520832,67965509653,50
app,952852480,68918415784,50
user_create,952852480,68918415784,50
app,1229280256,70147748470,50
user_create,1229280256,70147748470,50
app,857289472,71005089521,50
user_create,857289472,71005089521,50
app,977730560,71982872486,50
user_create,977730560,71982872486,50
app,922000384,72904925584,50
user_create,922000384,72904925584,50
app,834365696,73739342927,50
user_create,834365696,73739342927,50
app,916765440,74656160354,50
user_create,916765440,74656160354,50
app,928470016,75584683418,50
user_create,928470016,75584683418,50
app,992950528,76577686071,50
user_create,992950528,76577686071,50
app,834690816,77412429571,50
user_create,834690816,77412429571,50
app,992461824,78404947757,50
user_create,992461824,78404947757,50
app,758196736,79163199186,50
user_create,758196736,79163199186,50
app,882075904,80045327186,50
user_create,882075904,80045327186,50
app,812972032,80858353137,50
user_create,812972032,80858353137,50
app,817590016,81675995111,50
user_create,817590016,81675995111,50
app,725980928,82402028560,50
user_create,725980928,82402028560,50
app,910305280,83312386274,50
user_create,910305280,83312386274,50
app,957648896,84270087480,50
user_create,957648896,84270087480,50
app,710769920,84980911016,50
user_create,710769920,84980911016,50
app,1004012032,85984974622,50
user_create,1004012032,85984974622,50
app,1003504128,86988530397,50
user_create,1003504128,86988530397,50
app,747331584,87735914230,50
user_create,747331584,87735914230,50
app,1019986176,88755951881,50
user_create,1019986176,88755951881,50
app,1002850816,89758854627,50
user_create,1002850816,89758854627,50
app,954477568,90713386058,50
user_create,954477568,90713386058,50
app,972989952,91686429023,50
user_create,972989952,91686429023,50
app,1003389696,92689871072,50
user_create,1003389696,92689871072,50
app,1065647872,93755572319,50
user_create,1065647872,93755572319,50
app,932542464,94688172101,50
user_create,932542464,94688172101,50
app,755261696,95443486213,50
user_create,755261696,95443486213,50
app,834913536,96278451919,50
user_create,834913536,96278451919,50
app,830159104,97108663797,50
user_create,830159104,97108663797,50
app,837938176,97946654796,50
user_create,837938176,97946654796,50
app,953208576,98899915933,50
user_create,953208576,98899915933,50
app,936121856,99836089849,50
user_create,936121856,99836089849,50
app,912965888,100749107837,50
user_create,912965888,100749107837,50
app,1250335232,101999495744,50
user_create,1250335232,101999495744,50
app,956943872,102956492662,50
user_create,956943872,102956492662,50
app,728890624,103685434579,50
user_create,728890624,103685434579,50
app,786731776,104472218513,50
user_create,786731776,104472218513,50
app,1196905984,105669176816,50
user_create,1196905984,105669176816,50
app,933918976,106603151082,50
user_create,933918976,106603151082,50
app,851741952,107454945564,50
user_create,851741952,107454945564,50
app,684909312,108139907121,50
user_create,684909312,108139907121,50
app,943631360,109083591222,50
user_create,943631360,109083591222,50
app,687774976,109771418571,50
user_create,687774976,109771418571,50
app,871873536,110643345117,50
user_create,871873536,110643345117,50
app,790444032,111433843612,50
user_create,790444032,111433843612,50
app,1399606016,112833517074,50
user_create,1399606016,112833517074,50
app,1241494272,114075064897,50
user_create,1241494272,114075064897,50
app,855739904,114930857419,50
user_create,855739904,114930857419,50
app,871756800,115802667140,50
user_create,871756800,115802667140,50
app,978503680,116781222581,50
user_create,978503680,116781222581,50
app,887525376,117668799638,50
user_create,887525376,117668799638,50
app,899077376,118567929506,50
user_create,899077376,118567929506,50
app,909154304,119477135181,50
user_create,909154304,119477135181,50
app,1088309760,120565497398,50
user_create,1088309760,120565497398,50
app,836644864,121402194499,50
user_create,836644864,121402194499,50
app,865947904,122268194675,50
user_create,865947904,122268194675,50
app,1208428288,123476674795,50
user_create,1208428288,123476674795,50
app,800170496,124276899814,50
user_create,800170496,124276899814,50
app,941773568,125218725919,50
user_create,941773568,125218725919,50
app,887145472,126105923414,50
user_create,887145472,126105923414,50
app,851462144,126957438945,50
user_create,851462144,126957438945,50
app,862419712,127819911003,50
user_create,862419712,127819911003,50
app,1139271424,128959235191,50
user_create,1139271424,128959235191,50
app,879573248,129838860273,50
user_create,879573248,129838860273,50
app,954752768,130793665170,50
user_create,954752768,130793665170,50
app,789846528,131583563804,50
user_create,789846528,131583563804,50
app,1033112320,132616727828,50
user_create,1033112320,132616727828,50
app,856296192,133473076581,50
user_create,856296192,133473076581,50
app,1027519232,134500652074,50
user_create,1027519232,134500652074,50
app,941981184,135442687749,50
user_create,941981184,135442687749,50
app,1414460416,136857200384,50
user_create,1414460416,136857200384,50
app,1026804736,137884057998,50
user_create,1026804736,137884057998,50
app,907690752,138791800975,50
user_create,907690752,138791800975,50
app,823829504,139615682601,50
user_create,823829504,139615682601,50
app,1076709632,140692444801,50
user_create,1076709632,140692444801,50
app,1014814976,141707312107,50
user_create,1014814976,141707312107,50
app,872701440,142580066204,50
user_create,872701440,142580066204,50
app,1003451648,143583570718,50
user_create,1003451648,143583570718,50
app,720262656,144303885936,50
user_create,720262656,144303885936,50
app,799634176,145103572368,50
user_create,799634176,145103572368,50
app,748963328,145852587223,50
user_create,748963328,145852587223,50
app,1003494400,146856132984,50
user_create,1003494400,146856132984,50
app,992327424,147848512411,50
user_create,992327424,147848512411,50
app,890767872,148739332675,50
user_create,890767872,148739332675,50
app,1056683008,149796067714,50
user_create,1056683008,149796067714,50
app,663221760,150459341287,50
user_create,663221760,150459341287,50
app,887227136,151346620798,50
user_create,887227136,151346620798,50
app,914801408,152261475086,50
user_create,914801408,152261475086,50
app,786069248,153047595739,50
user_create,786069248,153047595739,50
app,761741056,153809390306,50
user_create,761741056,153809390306,50
app,638684672,154448128938,50
user_create,638684672,154448128938,50
app,792690176,155240871429,50
user_create,792690176,155240871429,50
app,1068581888,156309506177,50
user_create,1068581888,156309506177,50
app,939614976,157249174118,50
user_create,939614976,157249174118,50
app,787374848,158036600828,50
user_create,787374848,158036600828,50
app,899220992,158935887098,50
user_create,899220992,158935887098,50
app,957458432,159893398761,50
user_create,957458432,159893398761,50
app,713123328,160606575012,50
user_create,713123328,160606575012,50
app,1202375680,161809003591,50
user_create,1202375680,161809003591,50
app,888925952,162697984695,50
user_create,888925952,162697984695,50
app,954881280,163652919530,50
user_create,954881280,163652919530,50
app,864431360,164517403125,50
user_create,864431360,164517403125,50
app,960608768,165478065013,50
user_create,960608768,165478065013,50
app,952904960,166431022882,50
user_create,952904960,166431022882,50
app,1203338496,167634412765,50
user_create,1203338496,167634412765,50
app,987439872,168621904611,50
user_create,987439872,168621904611,50
app,1240445184,169862402200,50
user_create,1240445184,169862402200,50
app,1550186496,171412641048,50
user_create,1550186496,171412641048,50
app,1057870592,172470563650,50
user_create,1057870592,172470563650,50
app,776916224,173247532844,50
user_create,776916224,173247532844,50
app,986364416,174233949184,50
user_create,986364416,174233949184,50
app,1102559744,175336561441,50
user_create,1102559744,175336561441,50
app,1266610688,176603224754,50
user_create,1266610688,176603224754,50
app,1090100736,177693377494,50
user_create,1090100736,177693377494,50
app,817695232,178511125802,50
user_create,817695232,178511125802,50
app,990976512,179502157688,50
user_create,990976512,179502157688,50
app,835103488,180337315559,50
user_create,835103488,180337315559,50
app,705487616,181042855262,50
user_create,705487616,181042855262,50
app,958801920,182001710176,50
user_create,958801920,182001710176,50
app,915387648,182917173862,50
user_create,915387648,182917173862,50
app,953527040,183870753049,50
user_create,953527040,183870753049,50
app,1662564864,185533370971,50
user_create,1662564864,185533370971,50
app,1001414912,186534837484,50
user_create,1001414912,186534837484,50
app,909084928,187443974733,50
user_create,909084928,187443974733,50
app,966360064,188410386800,50
user_create,966360064,188410386800,50
app,817345024,189227785110,50
user_create,817345024,189227785110,50
app,807747840,190035585403,50
user_create,807747840,190035585403,50
app,1001036544,191036676406,50
user_create,1001036544,191036676406,50
app,1006803456,192043535947,50
user_create,1006803456,192043535947,50
app,1067984640,193111572504,50
user_create,1067984640,193111572504,50
app,973139456,194084764242,50
user_create,973139456,194084764242,50
app,887415296,194972231149,50
user_create,887415296,194972231149,50
app,959299328,195931582689,50
user_create,959299328,195931582689,50
app,1303168512,197234803676,50
user_create,1303168512,197234803676,50
app,916135168,198150990962,50
user_create,916135168,198150990962,50
app,1183292928,199334335803,50
user_create,1183292928,199334335803,50
app,957771776,200292160272,50
user_create,957771776,200292160272,50
app,857569536,201149782180,50
user_create,857569536,201149782180,50
app,699753472,201849588394,50
user_create,699753472,201849588394,50
app,953587456,202803228378,50
user_create,953587456,202803228378,50
app,955554304,203758834838,50
user_create,955554304,203758834838,50
app,853221120,204612108469,50
user_create,853221120,204612108469,50
app,907410944,205519572257,50
user_create,907410944,205519572257,50
app,796788224,206316412448,50
user_create,796788224,206316412448,50
app,921592320,207238057136,50
user_create,921592320,207238057136,50
app,1218281984,208456406354,50
user_create,1218281984,208456406354,50
app,831604992,209288064718,50
user_create,831604992,209288064718,50
app,855434240,210143551588,50
user_create,855434240,210143551588,50
app,913003264,211056607961,50
user_create,913003264,211056607961,50
app,816052992,211872713804,50
user_create,816052992,211872713804,50
app,1123229696,212995996236,50
user_create,1123229696,212995996236,50
app,1282737408,214278787136,50
user_create,1282737408,214278787136,50
app,928409344,215207248449,50
user_create,928409344,215207248449,50
app,834787072,216042088031,50
user_create,834787072,216042088031,50
app,899399936,216941540241,50
user_create,899399936,216941540241,50
app,788228864,217729821205,50
user_create,788228864,217729821205,50
app,1424675584,219154552459,50
user_create,1424675584,219154552459,50
app,938570752,220093176841,50
user_create,938570752,220093176841,50
app,878802944,220972032070,50
user_create,878802944,220972032070,50
app,1024696320,221996781349,50
user_create,1024696320,221996781349,50
app,960894976,222957729339,50
user_create,960894976,222957729339,50
app,1154573824,224112381935,50
user_create,1154573824,224112381935,50
app,916200704,225028636217,50
user_create,916200704,225028636217,50
app,948281088,225976969957,50
user_create,948281088,225976969957,50
app,748446976,226725470542,50
user_create,748446976,226725470542,50
app,1025252608,227750775814,50
user_create,1025252608,227750775814,50
app,1101187328,228852016210,50
user_create,1101187328,228852016210,50
app,1002600704,229854669094,50
user_create,1002600704,229854669094,50
app,790893568,230645614862,50
user_create,790893568,230645614862,50
app,839441920,231485109329,50
user_create,839441920,231485109329,50
app,929948416,232415109872,50
user_create,929948416,232415109872,50
app,743350016,233158511638,50
user_create,743350016,233158511638,50
app,922328320,234080893039,50
user_create,922328320,234080893039,50
app,810660352,234891605615,50
user_create,810660352,234891605615,50
app,954049536,235845706701,50
user_create,954049536,235845706701,50
app,879279360,236725072860,50
user_create,879279360,236725072860,50
app,1084197376,237809323072,50
user_create,1084197376,237809323072,50
app,1040815616,238850190401,50
user_create,1040815616,238850190401,50
app,1121793792,239972036123,50
user_create,1121793792,239972036123,50
app,1254438400,241226526737,50
user_create,1254438400,241226526737,50
app,1072073216,242298652172,50
user_create,1072073216,242298652172,50
app,1081098240,243379803180,50
user_create,1081098240,243379803180,50
app,1021106432,244400962114,50
user_create,1021106432,244400962114,50
app,1141454848,245542469024,50
user_create,1141454848,245542469024,50
app,834123008,246376644372,50
user_create,834123008,246376644372,50
app,1005773312,247382474899,50
user_create,1005773312,247382474899,50
app,836267776,248218797445,50
user_create,836267776,248218797445,50
#end,248,218806,50
