20260216-110320-0351 03225 * main            (server.cc:213):    Starting server.
20260216-110320-0356 03225 * main            (server.cc:331):    Creating a default paritioner!
20260216-110330-9559 03225 * main            (server.cc:490):    Done loading server.
20260216-110403-0331 03225 ! TCPIncomingEventCallback (tcptransport.cc:928): [TCP INCOMING 8] EOF, lifetime=21005.27 ms
20260216-110403-0364 03225 ! TCPIncomingEventCallback (tcptransport.cc:928): [TCP INCOMING 3] EOF, lifetime=21011.61 ms
20260216-110403-0404 03225 ! TCPIncomingEventCallback (tcptransport.cc:928): [TCP INCOMING 9] EOF, lifetime=21012.06 ms
20260216-110403-0423 03225 ! TCPIncomingEventCallback (tcptransport.cc:928): [TCP INCOMING 10] EOF, lifetime=21011.46 ms
20260216-110409-2457 03225 * Cleanup         (server.cc:548):    Gracefully exiting after signal 15.
20260216-110409-2458 03225 * Stop            (tcptransport.cc:581): [TCP SUMMARY] outgoingCreated=3 outgoingClosed=0 incomingCreated=7 incomingClosed=4 outgoingPeak=4 incomingPeak=4
Inserted events:
  0x55e477cd82f0 [fd  9] Read Persist Internal
  0x55e477cd3420 [fd  10] Read Persist
  0x55e477cd5a20 [fd  11] Read Persist
  0x55e4cda35470 [fd  12] Read Persist
  0x55e4cda35e50 [fd  13] Read Persist
  0x55e4cda37640 [fd  15] Read Persist
  0x55e4cda48910 [fd  16] Read Persist
  0x55e4cda36aa0 [fd  17] Read Persist
  0x55e4cda62bf0 [fd  18] Read Persist
  0x55e4cda4aa80 [fd  -1] Timeout=1773677050.032558
Active events:
20260216-110409-2459 03225 * Cleanup         (server.cc:552):    Exporting stats to /mnt/extra/experiments/2026-03-16-11-03-17/out/server-0-0-0-stats-0.json.
