20260313-145803-9199 30784 * main            (server.cc:217):    Starting server.
20260313-145803-9208 30784 * main            (server.cc:335):    Creating a default paritioner!
20260313-145805-8647 30784 * main            (server.cc:513):    Done loading server.
20260313-145857-1001 30784 ! TCPIncomingEventCallback (tcptransport.cc:938): [TCP INCOMING 117] EOF, lifetime=31008.92 ms
20260313-145857-1162 30784 ! TCPIncomingEventCallback (tcptransport.cc:938): [TCP INCOMING 121] EOF, lifetime=31007.51 ms
20260313-145857-5113 30784 ! TCPIncomingEventCallback (tcptransport.cc:938): [TCP INCOMING 119] EOF, lifetime=31412.60 ms
20260313-145857-5125 30784 ! TCPIncomingEventCallback (tcptransport.cc:938): [TCP INCOMING 120] EOF, lifetime=31411.61 ms
20260313-145857-7351 30784 ! TCPIncomingEventCallback (tcptransport.cc:938): [TCP INCOMING 123] EOF, lifetime=31604.83 ms
20260313-145857-8102 30784 ! TCPIncomingEventCallback (tcptransport.cc:938): [TCP INCOMING 124] EOF, lifetime=31606.02 ms
20260313-145857-9086 30784 ! TCPIncomingEventCallback (tcptransport.cc:938): [TCP INCOMING 118] EOF, lifetime=31810.34 ms
20260313-145857-9305 30784 ! TCPIncomingEventCallback (tcptransport.cc:938): [TCP INCOMING 122] EOF, lifetime=31819.63 ms
20260313-145904-4602 30784 * Cleanup         (server.cc:589):    Gracefully exiting after signal 15.
20260313-145904-4603 30784 * Stop            (tcptransport.cc:601): [TCP SUMMARY] outgoingCreated=59 outgoingClosed=0 incomingCreated=67 incomingClosed=8 outgoingPeak=125 incomingPeak=37
Inserted events:
  0x5603d0c57d00 [fd  9] Read Persist Internal
  0x5603d0c5fa60 [fd  10] Read Persist
  0x5603d0c6ae70 [fd  11] Read Persist
  0x5603dd29c520 [fd  12] Read Persist
  0x5603dd29c740 [fd  13] Read Persist
  0x5603dd29c960 [fd  14] Read Persist
  0x5603dd29cb80 [fd  15] Read Persist
  0x5603dd29cda0 [fd  16] Read Persist
  0x5603dd29cfc0 [fd  17] Read Persist
  0x5603dd29d1e0 [fd  18] Read Persist
  0x5603dd29d400 [fd  19] Read Persist
  0x5603dd29d620 [fd  20] Read Persist
  0x5603dd29d840 [fd  21] Read Persist
  0x5603dd29da60 [fd  22] Read Persist
  0x5603dd29dda0 [fd  23] Read Persist
  0x5603dd29e0e0 [fd  24] Read Persist
  0x5603dd29e420 [fd  25] Read Persist
  0x5603dd29e760 [fd  26] Read Persist
  0x5603dd299760 [fd  27] Read Persist
  0x5603dd297b70 [fd  28] Read Persist
  0x5603dd28f180 [fd  29] Read Persist
  0x5603dd28f540 [fd  30] Read Persist
  0x5603dd298050 [fd  31] Read Persist
  0x5603dd298d40 [fd  32] Read Persist
  0x5603dd295510 [fd  33] Read Persist
  0x5603dd28e5b0 [fd  34] Read Persist
  0x5603dd28ea20 [fd  35] Read Persist
  0x5603dd295bc0 [fd  36] Read Persist
  0x5603dd296170 [fd  37] Read Persist
  0x5603dd296590 [fd  38] Read Persist
  0x5603dd296af0 [fd  39] Read Persist
  0x5603dd29eaa0 [fd  40] Read Persist
  0x5603dd29eeb0 [fd  41] Read Persist
  0x5603dd29f2c0 [fd  42] Read Persist
  0x5603dd29f760 [fd  43] Read Persist
  0x5603dd29fcf0 [fd  44] Read Persist
  0x5603dd2a0280 [fd  45] Read Persist
  0x5603dd2a0810 [fd  46] Read Persist
  0x5603dd2a0da0 [fd  47] Read Persist
  0x5603dd2a1330 [fd  48] Read Persist
  0x5603dd2a1b40 [fd  49] Read Persist
  0x5603dd2a20d0 [fd  50] Read Persist
  0x5603dd2a2660 [fd  51] Read Persist
  0x5603dd2a2bf0 [fd  52] Read Persist
  0x5603dd2a3180 [fd  53] Read Persist
  0x5603dd2a3710 [fd  54] Read Persist
  0x5603dd2a3ca0 [fd  55] Read Persist
  0x5603dd2a40c0 [fd  56] Read Persist
  0x5603dd2a42e0 [fd  57] Read Persist
  0x5603dd2a4590 [fd  58] Read Persist
  0x5603dd2a4930 [fd  59] Read Persist
  0x5603dd2a4cd0 [fd  60] Read Persist
  0x5603dd2a5070 [fd  61] Read Persist
  0x5603dd2a5410 [fd  62] Read Persist
  0x5603dd2a57b0 [fd  63] Read Persist
  0x5603dd2a5b50 [fd  64] Read Persist
  0x5603d0c65c40 [fd  65] Read Persist
  0x5603d0c675b0 [fd  66] Read Persist
  0x5603d0c667d0 [fd  67] Read Persist
  0x5603dd2a5e90 [fd  68] Read Persist
  0x5603dd2a60b0 [fd  69] Read Persist
  0x5603dd2a63f0 [fd  70] Read Persist
  0x5603dd2a6730 [fd  71] Read Persist
  0x5603dd2a6b40 [fd  72] Read Persist
  0x5603dd2a6fe0 [fd  73] Read Persist
  0x5603dd2a7480 [fd  74] Read Persist
  0x5603dd2a7920 [fd  75] Read Persist
  0x5603dd2a7dc0 [fd  76] Read Persist
  0x5603dd2a8260 [fd  77] Read Persist
  0x5603dd2a8700 [fd  78] Read Persist
  0x5603dd2a8ba0 [fd  79] Read Persist
  0x5603dd2a9040 [fd  80] Read Persist
  0x5603dd2a94e0 [fd  81] Read Persist
  0x5603dd2a9980 [fd  82] Read Persist
  0x5603dd2a9e20 [fd  83] Read Persist
  0x5603dd2aa2c0 [fd  84] Read Persist
  0x5603dd2aa810 [fd  85] Read Persist
  0x5603dd2aacd0 [fd  86] Read Persist
  0x5603dd2ab190 [fd  87] Read Persist
  0x5603dd2ab650 [fd  88] Read Persist
  0x5603dd2abb10 [fd  89] Read Persist
  0x5603dd2abfd0 [fd  90] Read Persist
  0x5603dd2acf10 [fd  91] Read Persist
  0x5603dd2ad4a0 [fd  92] Read Persist
  0x5603dd2ada30 [fd  93] Read Persist
  0x5603dd2adfc0 [fd  94] Read Persist
  0x5603dd2ae550 [fd  95] Read Persist
  0x5603dd2aeae0 [fd  96] Read Persist
  0x5603dd2af070 [fd  97] Read Persist
  0x5603dd2af600 [fd  98] Read Persist
  0x5603dd2afb90 [fd  99] Read Persist
  0x5603dd2b0120 [fd  100] Read Persist
  0x5603dd2b06b0 [fd  101] Read Persist
  0x5603dd2b0c40 [fd  102] Read Persist
  0x5603dd2b11d0 [fd  103] Read Persist
  0x5603dd2b1760 [fd  104] Read Persist
  0x5603dd2b1cf0 [fd  105] Read Persist
  0x5603dd2b2280 [fd  106] Read Persist
  0x5603dd2b2810 [fd  107] Read Persist
  0x5603dd2b2da0 [fd  108] Read Persist
  0x5603dd2b3330 [fd  109] Read Persist
  0x5603dd2b38c0 [fd  110] Read Persist
  0x5603dd2b3e50 [fd  111] Read Persist
  0x5603dd2b43e0 [fd  112] Read Persist
  0x5603dd2b4970 [fd  113] Read Persist
  0x5603dd2b4d90 [fd  114] Read Persist
  0x5603dd2b4fb0 [fd  115] Read Persist
  0x5603dd2b5260 [fd  116] Read Persist
  0x5603dd2b5600 [fd  117] Read Persist
  0x5603dd2b59a0 [fd  118] Read Persist
  0x5603dd2b5d40 [fd  119] Read Persist
  0x5603dd2b60e0 [fd  120] Read Persist
  0x5603dd2b6480 [fd  121] Read Persist
  0x5603dd2b6820 [fd  122] Read Persist
  0x5603dd2b6bc0 [fd  123] Read Persist
  0x5603dd2b6f60 [fd  124] Read Persist
  0x5603dd2b7300 [fd  125] Read Persist
  0x5603dd2b76a0 [fd  126] Read Persist
  0x5603dd2b7a40 [fd  127] Read Persist
  0x5603dd2d6ea0 [fd  136] Read Persist
  0x5603dd2d7280 [fd  137] Read Persist
Active events:
20260313-145904-4611 30784 * Cleanup         (server.cc:593):    Exporting stats to /mnt/extra/experiments/2026-04-13-14-57-55/out/server-0-2-1-stats-0.json.
20260313-145904-4612 30784 * Close           (replica.cc:815):   [1] ReadStatsSummary clean=85 dirty=4 total=89
20260313-145904-4612 30784 * Close           (replica.cc:817):   [1] ReadStatsDepth depth=1 count=4
20260313-145904-4612 30784 * Close           (replica.cc:820):   [1] ReadStatsClient client=15 clean=85 dirty=4
