20260313-152158-0492 11739 * main            (server.cc:217):    Starting server.
20260313-152158-0504 11739 * main            (server.cc:335):    Creating a default paritioner!
20260313-152159-8323 11739 * main            (server.cc:513):    Done loading server.
20260313-152259-6206 11739 ! TCPIncomingEventCallback (tcptransport.cc:938): [TCP INCOMING 117] EOF, lifetime=39173.69 ms
20260313-152259-6227 11739 ! TCPIncomingEventCallback (tcptransport.cc:938): [TCP INCOMING 118] EOF, lifetime=39174.46 ms
20260313-152259-6270 11739 ! TCPIncomingEventCallback (tcptransport.cc:938): [TCP INCOMING 121] EOF, lifetime=39169.74 ms
20260313-152259-6272 11739 ! TCPIncomingEventCallback (tcptransport.cc:938): [TCP INCOMING 123] EOF, lifetime=39167.29 ms
20260313-152259-6315 11739 ! TCPIncomingEventCallback (tcptransport.cc:938): [TCP INCOMING 124] EOF, lifetime=39171.26 ms
20260313-152259-6326 11739 ! TCPIncomingEventCallback (tcptransport.cc:938): [TCP INCOMING 119] EOF, lifetime=39175.89 ms
20260313-152259-6356 11739 ! TCPIncomingEventCallback (tcptransport.cc:938): [TCP INCOMING 125] EOF, lifetime=39171.36 ms
20260313-152259-6484 11739 ! TCPIncomingEventCallback (tcptransport.cc:938): [TCP INCOMING 126] EOF, lifetime=39167.79 ms
20260313-152306-1920 11739 * Cleanup         (server.cc:589):    Gracefully exiting after signal 15.
20260313-152306-1921 11739 * Stop            (tcptransport.cc:601): [TCP SUMMARY] outgoingCreated=59 outgoingClosed=0 incomingCreated=67 incomingClosed=8 outgoingPeak=120 incomingPeak=37
Inserted events:
  0x55d0b5120d00 [fd  9] Read Persist Internal
  0x55d0b5128a60 [fd  10] Read Persist
  0x55d0b5133cd0 [fd  11] Read Persist
  0x55d0bdabd7e0 [fd  12] Read Persist
  0x55d0bdaba610 [fd  13] Read Persist
  0x55d0bdabe6b0 [fd  14] Read Persist
  0x55d0bdab3b70 [fd  15] Read Persist
  0x55d0bdab3ed0 [fd  16] Read Persist
  0x55d0bdab29a0 [fd  17] Read Persist
  0x55d0bdab2de0 [fd  18] Read Persist
  0x55d0bdab3220 [fd  19] Read Persist
  0x55d0bdacce20 [fd  20] Read Persist
  0x55d0bdacd040 [fd  21] Read Persist
  0x55d0bdacd380 [fd  22] Read Persist
  0x55d0bdacd6c0 [fd  23] Read Persist
  0x55d0bdacda00 [fd  24] Read Persist
  0x55d0bdacdd40 [fd  25] Read Persist
  0x55d0bdace080 [fd  26] Read Persist
  0x55d0bdace3c0 [fd  27] Read Persist
  0x55d0bdace700 [fd  28] Read Persist
  0x55d0bdacec40 [fd  29] Read Persist
  0x55d0bdacf220 [fd  30] Read Persist
  0x55d0bdacf7b0 [fd  31] Read Persist
  0x55d0bdacfd40 [fd  32] Read Persist
  0x55d0bdad04e0 [fd  33] Read Persist
  0x55d0bdad0a70 [fd  34] Read Persist
  0x55d0bdad1000 [fd  35] Read Persist
  0x55d0bdad1590 [fd  36] Read Persist
  0x55d0bdad1b20 [fd  37] Read Persist
  0x55d0bdad20b0 [fd  38] Read Persist
  0x55d0bdad2640 [fd  39] Read Persist
  0x55d0bdad2bd0 [fd  40] Read Persist
  0x55d0bdad3160 [fd  41] Read Persist
  0x55d0bdad36f0 [fd  42] Read Persist
  0x55d0bdad3c80 [fd  43] Read Persist
  0x55d0bdad4210 [fd  44] Read Persist
  0x55d0bdad47a0 [fd  45] Read Persist
  0x55d0bdad4d30 [fd  46] Read Persist
  0x55d0bdad52c0 [fd  47] Read Persist
  0x55d0bdad5850 [fd  48] Read Persist
  0x55d0bdad6060 [fd  49] Read Persist
  0x55d0bdad65f0 [fd  50] Read Persist
  0x55d0bdad6b80 [fd  51] Read Persist
  0x55d0bdad7110 [fd  52] Read Persist
  0x55d0bdad7530 [fd  53] Read Persist
  0x55d0bdad7750 [fd  54] Read Persist
  0x55d0bdad7a00 [fd  55] Read Persist
  0x55d0bdad7da0 [fd  56] Read Persist
  0x55d0bdad8140 [fd  57] Read Persist
  0x55d0bdad84e0 [fd  58] Read Persist
  0x55d0bdad8880 [fd  59] Read Persist
  0x55d0bdad8c20 [fd  60] Read Persist
  0x55d0bdad8fc0 [fd  61] Read Persist
  0x55d0bdad9360 [fd  62] Read Persist
  0x55d0bdad9700 [fd  63] Read Persist
  0x55d0bdad9aa0 [fd  64] Read Persist
  0x55d0b5130620 [fd  65] Read Persist
  0x55d0b512f960 [fd  66] Read Persist
  0x55d0bdad9de0 [fd  67] Read Persist
  0x55d0bdada000 [fd  68] Read Persist
  0x55d0bdada3e0 [fd  69] Read Persist
  0x55d0bdada850 [fd  70] Read Persist
  0x55d0bdadacc0 [fd  71] Read Persist
  0x55d0bdadb160 [fd  72] Read Persist
  0x55d0bdadb600 [fd  73] Read Persist
  0x55d0bdadbaa0 [fd  74] Read Persist
  0x55d0bdadbf40 [fd  75] Read Persist
  0x55d0bdadc3e0 [fd  76] Read Persist
  0x55d0bdadc880 [fd  77] Read Persist
  0x55d0bdadcd20 [fd  78] Read Persist
  0x55d0bdadd1c0 [fd  79] Read Persist
  0x55d0bdadd660 [fd  80] Read Persist
  0x55d0bdaddb00 [fd  81] Read Persist
  0x55d0bdaddfa0 [fd  82] Read Persist
  0x55d0bdade440 [fd  83] Read Persist
  0x55d0bdade990 [fd  84] Read Persist
  0x55d0bdadee50 [fd  85] Read Persist
  0x55d0bdadf310 [fd  86] Read Persist
  0x55d0bdadf7d0 [fd  87] Read Persist
  0x55d0bdadfc90 [fd  88] Read Persist
  0x55d0bdae0150 [fd  89] Read Persist
  0x55d0bdae0610 [fd  90] Read Persist
  0x55d0bdae1620 [fd  91] Read Persist
  0x55d0bdae1bb0 [fd  92] Read Persist
  0x55d0bdae2140 [fd  93] Read Persist
  0x55d0bdae26d0 [fd  94] Read Persist
  0x55d0bdae2c60 [fd  95] Read Persist
  0x55d0bdae31f0 [fd  96] Read Persist
  0x55d0bdae3780 [fd  97] Read Persist
  0x55d0bdae3d10 [fd  98] Read Persist
  0x55d0bdae42a0 [fd  99] Read Persist
  0x55d0bdae4830 [fd  100] Read Persist
  0x55d0bdae4dc0 [fd  101] Read Persist
  0x55d0bdae5350 [fd  102] Read Persist
  0x55d0bdae58e0 [fd  103] Read Persist
  0x55d0bdae5e70 [fd  104] Read Persist
  0x55d0bdae6400 [fd  105] Read Persist
  0x55d0bdae6990 [fd  106] Read Persist
  0x55d0bdae6f20 [fd  107] Read Persist
  0x55d0bdae7510 [fd  108] Read Persist
  0x55d0bdae7aa0 [fd  109] Read Persist
  0x55d0bdae8030 [fd  110] Read Persist
  0x55d0bdae8450 [fd  111] Read Persist
  0x55d0bdae8670 [fd  112] Read Persist
  0x55d0bdae8890 [fd  113] Read Persist
  0x55d0bdae8c30 [fd  114] Read Persist
  0x55d0bdae8fd0 [fd  115] Read Persist
  0x55d0bdae9370 [fd  116] Read Persist
  0x55d0bdae9710 [fd  117] Read Persist
  0x55d0bdae9ab0 [fd  118] Read Persist
  0x55d0bdae9e50 [fd  119] Read Persist
  0x55d0bdaea1f0 [fd  120] Read Persist
  0x55d0bdaea590 [fd  121] Read Persist
  0x55d0bdaea930 [fd  122] Read Persist
  0x55d0bdaeacd0 [fd  123] Read Persist
  0x55d0bdaeb070 [fd  124] Read Persist
  0x55d0bdaeb410 [fd  125] Read Persist
  0x55d0bdaeb7e0 [fd  126] Read Persist
  0x55d0bdaebbb0 [fd  127] Read Persist
  0x55d0bdb06fb0 [fd  131] Read Persist
  0x55d0bdb073f0 [fd  133] Read Persist
  0x55d0bdaec190 [fd  -1] Timeout=1776115386.673533
Active events:
20260313-152306-1942 11739 * Cleanup         (server.cc:593):    Exporting stats to /mnt/extra/experiments/2026-04-13-15-21-49/out/server-0-8-0-stats-0.json.
