20260216-213610-9135 06082 * main            (benchmark.cc:402): Starting benchmark.
20260216-213613-3232 06082 * main            (benchmark.cc:621): Creating a default paritioner!
20260216-213613-3234 06082 * Client          (client.cc:75):     Initializing StrongStore client with id [54]
20260216-213613-3235 06082 * BenchmarkClient (bench_client.cc:81): starting benchclient, issueConcurrent: 0; fanout: 1
Session created: 0
last_service: , current_state: 0
Session continued: 0
last_service: , current_state: 0
Session destroyed: 18446744073709551615
last_service: , current_state: 0
20260216-213618-6064 06082 * WarmupDone      (bench_client.cc:739): Completed warmup period of 5 seconds with 2393 requests
20260216-213649-6076 06082 * Finish          (bench_client.cc:933): Completed 14612 requests in 31.001795 seconds
20260216-213649-6076 06082 * Finish          (bench_client.cc:934): 1 outstanding transactions.
Session continued: 0
last_service: , current_state: 0
Session destroyed: 18446744073709551615
last_service: , current_state: 0
Session continued: 0
last_service: , current_state: 0
Session destroyed: 18446744073709551615
last_service: , current_state: 0
Session destroyed: 0
last_service: , current_state: 0
20260216-213652-6066 06082 * FlushStats      (benchmark.cc:890): Flushing stats to /mnt/extra/experiments/2026-03-16-21-35-47/out/client-0-0-54-stats-0.json.
20260216-213652-6068 06082 * FlushStats      (benchmark.cc:902): All done!
20260216-213654-6078 06082 * Cleanup         (bench_client.cc:761): Aborting 0 outstanding transactions.
20260216-213654-6078 06082 * CooldownDone    (bench_client.cc:791): Finished cooldown period.
20260216-213654-6127 06082 * CooldownDone    (bench_client.cc:798): Median latency is 2084681 ns (2084 us)
20260216-213654-6129 06082 * CooldownDone    (bench_client.cc:807): Average latency is 2079340 ns (2079 us)
20260216-213654-6129 06082 * CooldownDone    (bench_client.cc:811): 90th percentile latency is 2530841 ns (2530 us)
20260216-213654-6129 06082 * CooldownDone    (bench_client.cc:815): 95th percentile latency is 2640388 ns (2640 us)
20260216-213654-6129 06082 * CooldownDone    (bench_client.cc:819): 99th percentile latency is 2863836 ns (2863 us)
20260216-213654-6130 06082 * LATENCY total: 671 us 2079 us/1048 us 8819 us (14613 samples, 30 s total)
20260216-213654-6130 06082 *     524 us |         20 | 
20260216-213654-6130 06082 *    1048 us |       7509 | ==================================================
20260216-213654-6130 06082 *    2097 us |       7067 | ===============================================
20260216-213654-6130 06082 *    4194 us |         16 | 
20260216-213654-6130 06082 *    8388 us |          1 | 
20260216-213654-6601 06082 * Stop            (tcptransport.cc:581): [TCP SUMMARY] outgoingCreated=1 outgoingClosed=0 incomingCreated=0 incomingClosed=0 outgoingPeak=1 incomingPeak=0
Inserted events:
  0x55f12d466f60 [fd  7] Read Persist Internal
  0x55f12d47d510 [fd  9] Read Persist
Active events:
20260216-213654-6602 06082 * main            (benchmark.cc:849): Cleaning up after experiment.
20260216-213654-6602 06082 * FlushStats      (benchmark.cc:890): Flushing stats to /mnt/extra/experiments/2026-03-16-21-35-47/out/client-0-0-54-stats-0.json.
20260216-213654-6603 06082 * FlushStats      (benchmark.cc:902): All done!
