20260216-182631-1742 33102 * main            (benchmark.cc:402): Starting benchmark.
20260216-182632-9683 33102 * main            (benchmark.cc:621): Creating a default paritioner!
20260216-182632-9685 33102 * Client          (client.cc:75):     Initializing StrongStore client with id [0]
20260216-182632-9686 33102 * BenchmarkClient (bench_client.cc:81): starting benchclient, issueConcurrent: 0; fanout: 1
Session created: 0
last_service: , current_state: 0
Session continued: 0
last_service: , current_state: 0
Session destroyed: 18446744073709551615
last_service: , current_state: 0
20260216-182638-1103 33102 * WarmupDone      (bench_client.cc:738): Completed warmup period of 5 seconds with 2954 requests
20260216-182709-1104 33102 * Finish          (bench_client.cc:932): Completed 18275 requests in 31.000164 seconds
20260216-182709-1104 33102 * Finish          (bench_client.cc:933): 1 outstanding transactions.
Session continued: 0
last_service: , current_state: 0
Session destroyed: 18446744073709551615
last_service: , current_state: 0
Session continued: 0
last_service: , current_state: 0
Session destroyed: 18446744073709551615
last_service: , current_state: 0
Session destroyed: 0
last_service: , current_state: 0
20260216-182712-1104 33102 * FlushStats      (benchmark.cc:890): Flushing stats to /mnt/extra/experiments/2026-03-16-18-26-07/out/client-0-0-0-stats-0.json.
20260216-182712-1106 33102 * FlushStats      (benchmark.cc:902): All done!
20260216-182714-1154 33102 * Cleanup         (bench_client.cc:760): Aborting 0 outstanding transactions.
20260216-182714-1154 33102 * CooldownDone    (bench_client.cc:790): Finished cooldown period.
20260216-182714-1216 33102 * CooldownDone    (bench_client.cc:797): Median latency is 1648386 ns (1648 us)
20260216-182714-1218 33102 * CooldownDone    (bench_client.cc:806): Average latency is 1653455 ns (1653 us)
20260216-182714-1218 33102 * CooldownDone    (bench_client.cc:810): 90th percentile latency is 1990872 ns (1990 us)
20260216-182714-1218 33102 * CooldownDone    (bench_client.cc:814): 95th percentile latency is 2093688 ns (2093 us)
20260216-182714-1218 33102 * CooldownDone    (bench_client.cc:818): 99th percentile latency is 2306796 ns (2306 us)
20260216-182714-1219 33102 * LATENCY total: 420 us 1653 us/1048 us 8500 us (18276 samples, 30 s total)
20260216-182714-1219 33102 *     262 us |          5 | 
20260216-182714-1219 33102 *     524 us |        128 | 
20260216-182714-1219 33102 *    1048 us |      17248 | ==================================================
20260216-182714-1219 33102 *    2097 us |        886 | ==
20260216-182714-1220 33102 *    4194 us |          8 | 
20260216-182714-1220 33102 *    8388 us |          1 | 
20260216-182714-1735 33102 * Stop            (tcptransport.cc:581): [TCP SUMMARY] outgoingCreated=1 outgoingClosed=0 incomingCreated=0 incomingClosed=0 outgoingPeak=1 incomingPeak=0
Inserted events:
  0x55fb73223f60 [fd  7] Read Persist Internal
  0x55fb7323a510 [fd  9] Read Persist
Active events:
20260216-182714-1819 33102 * main            (benchmark.cc:849): Cleaning up after experiment.
20260216-182714-1819 33102 * FlushStats      (benchmark.cc:890): Flushing stats to /mnt/extra/experiments/2026-03-16-18-26-07/out/client-0-0-0-stats-0.json.
20260216-182714-1821 33102 * FlushStats      (benchmark.cc:902): All done!
