20260313-151346-1175 13705 * main            (server.cc:217):    Starting server.
20260313-151346-1181 13705 * main            (server.cc:335):    Creating a default paritioner!
20260313-151348-0097 13705 * main            (server.cc:513):    Done loading server.
20260313-151439-5120 13705 ! TCPIncomingEventCallback (tcptransport.cc:938): [TCP INCOMING 119] EOF, lifetime=31407.89 ms
20260313-151439-5132 13705 ! TCPIncomingEventCallback (tcptransport.cc:938): [TCP INCOMING 118] EOF, lifetime=31409.13 ms
20260313-151439-5165 13705 ! TCPIncomingEventCallback (tcptransport.cc:938): [TCP INCOMING 117] EOF, lifetime=31413.99 ms
20260313-151439-5191 13705 ! TCPIncomingEventCallback (tcptransport.cc:938): [TCP INCOMING 122] EOF, lifetime=31411.27 ms
20260313-151439-5291 13705 ! TCPIncomingEventCallback (tcptransport.cc:938): [TCP INCOMING 123] EOF, lifetime=31413.86 ms
20260313-151439-5438 13705 ! TCPIncomingEventCallback (tcptransport.cc:938): [TCP INCOMING 124] EOF, lifetime=31418.48 ms
20260313-151439-6028 13705 ! TCPIncomingEventCallback (tcptransport.cc:938): [TCP INCOMING 125] EOF, lifetime=31404.76 ms
20260313-151439-6103 13705 ! TCPIncomingEventCallback (tcptransport.cc:938): [TCP INCOMING 126] EOF, lifetime=31410.36 ms
20260313-151446-0948 13705 * Cleanup         (server.cc:589):    Gracefully exiting after signal 15.
20260313-151446-0949 13705 * Stop            (tcptransport.cc:601): [TCP SUMMARY] outgoingCreated=59 outgoingClosed=0 incomingCreated=67 incomingClosed=8 outgoingPeak=120 incomingPeak=37
Inserted events:
  0x55fc044fcd00 [fd  9] Read Persist Internal
  0x55fc04504a60 [fd  10] Read Persist
  0x55fc0450fe70 [fd  11] Read Persist
  0x55fc10b59640 [fd  12] Read Persist
  0x55fc10b59860 [fd  13] Read Persist
  0x55fc10b59a80 [fd  14] Read Persist
  0x55fc10b59ca0 [fd  15] Read Persist
  0x55fc10b59ec0 [fd  16] Read Persist
  0x55fc10b5a0e0 [fd  17] Read Persist
  0x55fc10b5a300 [fd  18] Read Persist
  0x55fc10b5a520 [fd  19] Read Persist
  0x55fc10b5a740 [fd  20] Read Persist
  0x55fc10b5a960 [fd  21] Read Persist
  0x55fc10b5ab80 [fd  22] Read Persist
  0x55fc10b5aec0 [fd  23] Read Persist
  0x55fc10b5b200 [fd  24] Read Persist
  0x55fc10b5b540 [fd  25] Read Persist
  0x55fc10b5b880 [fd  26] Read Persist
  0x55fc10b5bbc0 [fd  27] Read Persist
  0x55fc10b5bf40 [fd  28] Read Persist
  0x55fc10b5c410 [fd  29] Read Persist
  0x55fc10b5c7b0 [fd  30] Read Persist
  0x55fc10b5cb50 [fd  31] Read Persist
  0x55fc10b5cef0 [fd  32] Read Persist
  0x55fc10b56880 [fd  33] Read Persist
  0x55fc10b54cc0 [fd  34] Read Persist
  0x55fc10b4c2a0 [fd  35] Read Persist
  0x55fc10b4c660 [fd  36] Read Persist
  0x55fc10b52560 [fd  37] Read Persist
  0x55fc10b55170 [fd  38] Read Persist
  0x55fc10b55e60 [fd  39] Read Persist
  0x55fc10b52ce0 [fd  40] Read Persist
  0x55fc10b532c0 [fd  41] Read Persist
  0x55fc10b536e0 [fd  42] Read Persist
  0x55fc10b53b20 [fd  43] Read Persist
  0x55fc10b53f60 [fd  44] Read Persist
  0x55fc10b5d570 [fd  45] Read Persist
  0x55fc10b5d980 [fd  46] Read Persist
  0x55fc10b5dd90 [fd  47] Read Persist
  0x55fc10b5e1a0 [fd  48] Read Persist
  0x55fc10b5e830 [fd  49] Read Persist
  0x55fc10b5ec90 [fd  50] Read Persist
  0x55fc10b5f1f0 [fd  51] Read Persist
  0x55fc10b5f780 [fd  52] Read Persist
  0x55fc10b5fd10 [fd  53] Read Persist
  0x55fc10b602a0 [fd  54] Read Persist
  0x55fc10b60830 [fd  55] Read Persist
  0x55fc10b60dc0 [fd  56] Read Persist
  0x55fc10b61350 [fd  57] Read Persist
  0x55fc10b618e0 [fd  58] Read Persist
  0x55fc10b61e70 [fd  59] Read Persist
  0x55fc10b62400 [fd  60] Read Persist
  0x55fc10b62990 [fd  61] Read Persist
  0x55fc10b62db0 [fd  62] Read Persist
  0x55fc10b62fd0 [fd  63] Read Persist
  0x55fc10b63280 [fd  64] Read Persist
  0x55fc0450aee0 [fd  65] Read Persist
  0x55fc0450c5b0 [fd  66] Read Persist
  0x55fc0450b4b0 [fd  67] Read Persist
  0x55fc0450b880 [fd  68] Read Persist
  0x55fc0450bc50 [fd  69] Read Persist
  0x55fc10b635c0 [fd  70] Read Persist
  0x55fc10b63870 [fd  71] Read Persist
  0x55fc10b63c00 [fd  72] Read Persist
  0x55fc10b640a0 [fd  73] Read Persist
  0x55fc10b64540 [fd  74] Read Persist
  0x55fc10b649e0 [fd  75] Read Persist
  0x55fc10b64e80 [fd  76] Read Persist
  0x55fc10b65320 [fd  77] Read Persist
  0x55fc10b657c0 [fd  78] Read Persist
  0x55fc10b65c60 [fd  79] Read Persist
  0x55fc10b66100 [fd  80] Read Persist
  0x55fc10b665a0 [fd  81] Read Persist
  0x55fc10b66a40 [fd  82] Read Persist
  0x55fc10b66ee0 [fd  83] Read Persist
  0x55fc10b67380 [fd  84] Read Persist
  0x55fc10b67820 [fd  85] Read Persist
  0x55fc10b67cc0 [fd  86] Read Persist
  0x55fc10b68160 [fd  87] Read Persist
  0x55fc10b686b0 [fd  88] Read Persist
  0x55fc10b68b70 [fd  89] Read Persist
  0x55fc10b69030 [fd  90] Read Persist
  0x55fc10b69f70 [fd  91] Read Persist
  0x55fc10b6a430 [fd  92] Read Persist
  0x55fc10b6a8f0 [fd  93] Read Persist
  0x55fc10b6adb0 [fd  94] Read Persist
  0x55fc10b6b340 [fd  95] Read Persist
  0x55fc10b6b8d0 [fd  96] Read Persist
  0x55fc10b6be60 [fd  97] Read Persist
  0x55fc10b6c3f0 [fd  98] Read Persist
  0x55fc10b6c980 [fd  99] Read Persist
  0x55fc10b6cf10 [fd  100] Read Persist
  0x55fc10b6d4a0 [fd  101] Read Persist
  0x55fc10b6da30 [fd  102] Read Persist
  0x55fc10b6dfc0 [fd  103] Read Persist
  0x55fc10b6e550 [fd  104] Read Persist
  0x55fc10b6eae0 [fd  105] Read Persist
  0x55fc10b6f070 [fd  106] Read Persist
  0x55fc10b6f600 [fd  107] Read Persist
  0x55fc10b6fb90 [fd  108] Read Persist
  0x55fc10b70120 [fd  109] Read Persist
  0x55fc10b706b0 [fd  110] Read Persist
  0x55fc10b70c40 [fd  111] Read Persist
  0x55fc10b711d0 [fd  112] Read Persist
  0x55fc10b71760 [fd  113] Read Persist
  0x55fc10b71cf0 [fd  114] Read Persist
  0x55fc10b72280 [fd  115] Read Persist
  0x55fc10b72810 [fd  116] Read Persist
  0x55fc10b72c30 [fd  117] Read Persist
  0x55fc10b72e50 [fd  118] Read Persist
  0x55fc10b73100 [fd  119] Read Persist
  0x55fc10b734a0 [fd  120] Read Persist
  0x55fc10b73840 [fd  121] Read Persist
  0x55fc10b73be0 [fd  122] Read Persist
  0x55fc10b57c00 [fd  123] Read Persist
  0x55fc10b592a0 [fd  124] Read Persist
  0x55fc10b580b0 [fd  125] Read Persist
  0x55fc10b58540 [fd  126] Read Persist
  0x55fc10b589b0 [fd  127] Read Persist
  0x55fc10b865e0 [fd  131] Read Persist
  0x55fc10b92e30 [fd  132] Read Persist
Active events:
20260313-151446-0970 13705 * Cleanup         (server.cc:593):    Exporting stats to /mnt/extra/experiments/2026-04-13-15-13-37/out/server-0-3-1-stats-0.json.
20260313-151446-0973 13705 * Close           (replica.cc:815):   [1] ReadStatsSummary clean=109 dirty=0 total=109
20260313-151446-0974 13705 * Close           (replica.cc:820):   [1] ReadStatsClient client=18 clean=109 dirty=0
