20260216-210053-8792 00383 * main            (benchmark.cc:402): Starting benchmark.
20260216-210055-6580 00383 * main            (benchmark.cc:621): Creating a default paritioner!
20260216-210055-6582 00383 * Client          (client.cc:75):     Initializing StrongStore client with id [39]
20260216-210055-6583 00383 * BenchmarkClient (bench_client.cc:81): starting benchclient, issueConcurrent: 0; fanout: 1
Session created: 0
last_service: , current_state: 0
Session continued: 0
last_service: , current_state: 0
Session destroyed: 18446744073709551615
last_service: , current_state: 0
20260216-210100-9519 00383 * WarmupDone      (bench_client.cc:739): Completed warmup period of 5 seconds with 3012 requests
20260216-210131-9528 00383 * Finish          (bench_client.cc:933): Completed 18503 requests in 31.001336 seconds
20260216-210131-9529 00383 * Finish          (bench_client.cc:934): 1 outstanding transactions.
Session continued: 0
last_service: , current_state: 0
Session destroyed: 18446744073709551615
last_service: , current_state: 0
Session continued: 0
last_service: , current_state: 0
Session destroyed: 18446744073709551615
last_service: , current_state: 0
Session destroyed: 0
last_service: , current_state: 0
20260216-210134-9519 00383 * FlushStats      (benchmark.cc:890): Flushing stats to /mnt/extra/experiments/2026-03-16-21-00-29/out/client-0-0-39-stats-0.json.
20260216-210134-9521 00383 * FlushStats      (benchmark.cc:902): All done!
20260216-210136-9531 00383 * Cleanup         (bench_client.cc:761): Aborting 0 outstanding transactions.
20260216-210136-9531 00383 * CooldownDone    (bench_client.cc:791): Finished cooldown period.
20260216-210136-9785 00383 * CooldownDone    (bench_client.cc:798): Median latency is 1630567 ns (1630 us)
20260216-210136-9787 00383 * CooldownDone    (bench_client.cc:807): Average latency is 1634342 ns (1634 us)
20260216-210136-9788 00383 * CooldownDone    (bench_client.cc:811): 90th percentile latency is 1985786 ns (1985 us)
20260216-210136-9788 00383 * CooldownDone    (bench_client.cc:815): 95th percentile latency is 2090338 ns (2090 us)
20260216-210136-9788 00383 * CooldownDone    (bench_client.cc:819): 99th percentile latency is 2302327 ns (2302 us)
20260216-210136-9789 00383 * LATENCY total: 514 us 1634 us/1048 us 7806 us (18504 samples, 30 s total)
20260216-210136-9789 00383 *     262 us |          1 | 
20260216-210136-9789 00383 *     524 us |        241 | 
20260216-210136-9789 00383 *    1048 us |      17389 | ==================================================
20260216-210136-9789 00383 *    2097 us |        856 | ==
20260216-210136-9789 00383 *    4194 us |         17 | 
20260216-210137-0122 00383 * Stop            (tcptransport.cc:581): [TCP SUMMARY] outgoingCreated=1 outgoingClosed=0 incomingCreated=0 incomingClosed=0 outgoingPeak=1 incomingPeak=0
Inserted events:
  0x563f74872f60 [fd  7] Read Persist Internal
  0x563f74889510 [fd  9] Read Persist
Active events:
20260216-210137-0122 00383 * main            (benchmark.cc:849): Cleaning up after experiment.
20260216-210137-0123 00383 * FlushStats      (benchmark.cc:890): Flushing stats to /mnt/extra/experiments/2026-03-16-21-00-29/out/client-0-0-39-stats-0.json.
20260216-210137-0124 00383 * FlushStats      (benchmark.cc:902): All done!
