20260216-210053-8747 00305 * main            (benchmark.cc:402): Starting benchmark.
20260216-210055-6724 00305 * main            (benchmark.cc:621): Creating a default paritioner!
20260216-210055-6726 00305 * Client          (client.cc:75):     Initializing StrongStore client with id [18]
20260216-210055-6726 00305 * BenchmarkClient (bench_client.cc:81): starting benchclient, issueConcurrent: 0; fanout: 1
Session created: 0
last_service: , current_state: 0
Session continued: 0
last_service: , current_state: 0
Session destroyed: 18446744073709551615
last_service: , current_state: 0
20260216-210100-9660 00305 * WarmupDone      (bench_client.cc:739): Completed warmup period of 5 seconds with 3164 requests
20260216-210131-9662 00305 * Finish          (bench_client.cc:933): Completed 19160 requests in 31.001157 seconds
20260216-210131-9663 00305 * Finish          (bench_client.cc:934): 1 outstanding transactions.
Session continued: 0
last_service: , current_state: 0
Session destroyed: 18446744073709551615
last_service: , current_state: 0
Session continued: 0
last_service: , current_state: 0
Session destroyed: 18446744073709551615
last_service: , current_state: 0
Session destroyed: 0
last_service: , current_state: 0
20260216-210134-9659 00305 * FlushStats      (benchmark.cc:890): Flushing stats to /mnt/extra/experiments/2026-03-16-21-00-29/out/client-0-0-18-stats-0.json.
20260216-210134-9661 00305 * FlushStats      (benchmark.cc:902): All done!
20260216-210136-9665 00305 * Cleanup         (bench_client.cc:761): Aborting 0 outstanding transactions.
20260216-210136-9665 00305 * CooldownDone    (bench_client.cc:791): Finished cooldown period.
20260216-210136-9942 00305 * CooldownDone    (bench_client.cc:798): Median latency is 1589991 ns (1589 us)
20260216-210136-9945 00305 * CooldownDone    (bench_client.cc:807): Average latency is 1580572 ns (1580 us)
20260216-210136-9945 00305 * CooldownDone    (bench_client.cc:811): 90th percentile latency is 1948405 ns (1948 us)
20260216-210136-9945 00305 * CooldownDone    (bench_client.cc:815): 95th percentile latency is 2048921 ns (2048 us)
20260216-210136-9945 00305 * CooldownDone    (bench_client.cc:819): 99th percentile latency is 2238833 ns (2238 us)
20260216-210136-9945 00305 * LATENCY total: 491 us 1580 us/1048 us 7695 us (19161 samples, 30 s total)
20260216-210136-9945 00305 *     262 us |          2 | 
20260216-210136-9946 00305 *     524 us |        760 | ==
20260216-210136-9946 00305 *    1048 us |      17746 | ==================================================
20260216-210136-9946 00305 *    2097 us |        645 | =
20260216-210136-9946 00305 *    4194 us |          8 | 
20260216-210137-0561 00305 * Stop            (tcptransport.cc:581): [TCP SUMMARY] outgoingCreated=1 outgoingClosed=0 incomingCreated=0 incomingClosed=0 outgoingPeak=1 incomingPeak=0
Inserted events:
  0x5652e029cf60 [fd  7] Read Persist Internal
  0x5652e02b3510 [fd  9] Read Persist
Active events:
20260216-210137-0564 00305 * main            (benchmark.cc:849): Cleaning up after experiment.
20260216-210137-0564 00305 * FlushStats      (benchmark.cc:890): Flushing stats to /mnt/extra/experiments/2026-03-16-21-00-29/out/client-0-0-18-stats-0.json.
20260216-210137-0566 00305 * FlushStats      (benchmark.cc:902): All done!
