20260216-210053-8562 00300 * main            (benchmark.cc:402): Starting benchmark.
20260216-210055-6427 00300 * main            (benchmark.cc:621): Creating a default paritioner!
20260216-210055-6430 00300 * Client          (client.cc:75):     Initializing StrongStore client with id [15]
20260216-210055-6431 00300 * BenchmarkClient (bench_client.cc:81): starting benchclient, issueConcurrent: 0; fanout: 1
Session created: 0
last_service: , current_state: 0
Session continued: 0
last_service: , current_state: 0
Session destroyed: 18446744073709551615
last_service: , current_state: 0
20260216-210100-9598 00300 * WarmupDone      (bench_client.cc:739): Completed warmup period of 5 seconds with 2993 requests
20260216-210131-9600 00300 * Finish          (bench_client.cc:933): Completed 18234 requests in 31.000823 seconds
20260216-210131-9601 00300 * Finish          (bench_client.cc:934): 1 outstanding transactions.
Session continued: 0
last_service: , current_state: 0
Session destroyed: 18446744073709551615
last_service: , current_state: 0
Session continued: 0
last_service: , current_state: 0
Session destroyed: 18446744073709551615
last_service: , current_state: 0
Session destroyed: 0
last_service: , current_state: 0
20260216-210134-9599 00300 * FlushStats      (benchmark.cc:890): Flushing stats to /mnt/extra/experiments/2026-03-16-21-00-29/out/client-0-0-15-stats-0.json.
20260216-210134-9601 00300 * FlushStats      (benchmark.cc:902): All done!
20260216-210136-9718 00300 * Cleanup         (bench_client.cc:761): Aborting 0 outstanding transactions.
20260216-210136-9718 00300 * CooldownDone    (bench_client.cc:791): Finished cooldown period.
20260216-210136-9780 00300 * CooldownDone    (bench_client.cc:798): Median latency is 1655795 ns (1655 us)
20260216-210136-9782 00300 * CooldownDone    (bench_client.cc:807): Average latency is 1659553 ns (1659 us)
20260216-210136-9782 00300 * CooldownDone    (bench_client.cc:811): 90th percentile latency is 2000250 ns (2000 us)
20260216-210136-9782 00300 * CooldownDone    (bench_client.cc:815): 95th percentile latency is 2103571 ns (2103 us)
20260216-210136-9783 00300 * CooldownDone    (bench_client.cc:819): 99th percentile latency is 2296984 ns (2296 us)
20260216-210136-9783 00300 * LATENCY total: 518 us 1659 us/1048 us 7970 us (18235 samples, 30 s total)
20260216-210136-9783 00300 *     262 us |          1 | 
20260216-210136-9783 00300 *     524 us |        148 | 
20260216-210136-9783 00300 *    1048 us |      17139 | ==================================================
20260216-210136-9783 00300 *    2097 us |        937 | ==
20260216-210136-9784 00300 *    4194 us |         10 | 
20260216-210137-0018 00300 * Stop            (tcptransport.cc:581): [TCP SUMMARY] outgoingCreated=1 outgoingClosed=0 incomingCreated=0 incomingClosed=0 outgoingPeak=1 incomingPeak=0
Inserted events:
  0x557626198f60 [fd  7] Read Persist Internal
  0x5576261af510 [fd  9] Read Persist
Active events:
20260216-210137-0019 00300 * main            (benchmark.cc:849): Cleaning up after experiment.
20260216-210137-0019 00300 * FlushStats      (benchmark.cc:890): Flushing stats to /mnt/extra/experiments/2026-03-16-21-00-29/out/client-0-0-15-stats-0.json.
20260216-210137-0021 00300 * FlushStats      (benchmark.cc:902): All done!
