20260216-210053-8546 40934 * main            (benchmark.cc:402): Starting benchmark.
20260216-210055-6570 40934 * main            (benchmark.cc:621): Creating a default paritioner!
20260216-210055-6572 40934 * Client          (client.cc:75):     Initializing StrongStore client with id [2]
20260216-210055-6573 40934 * BenchmarkClient (bench_client.cc:81): starting benchclient, issueConcurrent: 0; fanout: 1
Session created: 0
last_service: , current_state: 0
Session continued: 0
last_service: , current_state: 0
Session destroyed: 18446744073709551615
last_service: , current_state: 0
20260216-210100-9688 40934 * WarmupDone      (bench_client.cc:739): Completed warmup period of 5 seconds with 3148 requests
20260216-210131-9691 40934 * Finish          (bench_client.cc:933): Completed 19150 requests in 31.001625 seconds
20260216-210131-9691 40934 * Finish          (bench_client.cc:934): 1 outstanding transactions.
Session continued: 0
last_service: , current_state: 0
Session destroyed: 18446744073709551615
last_service: , current_state: 0
Session continued: 0
last_service: , current_state: 0
Session destroyed: 18446744073709551615
last_service: , current_state: 0
Session destroyed: 0
last_service: , current_state: 0
20260216-210134-9690 40934 * FlushStats      (benchmark.cc:890): Flushing stats to /mnt/extra/experiments/2026-03-16-21-00-29/out/client-0-0-2-stats-0.json.
20260216-210134-9691 40934 * FlushStats      (benchmark.cc:902): All done!
20260216-210136-9838 40934 * Cleanup         (bench_client.cc:761): Aborting 0 outstanding transactions.
20260216-210136-9838 40934 * CooldownDone    (bench_client.cc:791): Finished cooldown period.
20260216-210136-9904 40934 * CooldownDone    (bench_client.cc:798): Median latency is 1592167 ns (1592 us)
20260216-210136-9907 40934 * CooldownDone    (bench_client.cc:807): Average latency is 1581235 ns (1581 us)
20260216-210136-9907 40934 * CooldownDone    (bench_client.cc:811): 90th percentile latency is 1950935 ns (1950 us)
20260216-210136-9907 40934 * CooldownDone    (bench_client.cc:815): 95th percentile latency is 2049005 ns (2049 us)
20260216-210136-9907 40934 * CooldownDone    (bench_client.cc:819): 99th percentile latency is 2238970 ns (2238 us)
20260216-210136-9907 40934 * LATENCY total: 505 us 1581 us/1048 us 7834 us (19151 samples, 30 s total)
20260216-210136-9907 40934 *     262 us |          3 | 
20260216-210136-9908 40934 *     524 us |        790 | ==
20260216-210136-9908 40934 *    1048 us |      17692 | ==================================================
20260216-210136-9908 40934 *    2097 us |        659 | =
20260216-210136-9908 40934 *    4194 us |          7 | 
20260216-210137-0365 40934 * Stop            (tcptransport.cc:581): [TCP SUMMARY] outgoingCreated=1 outgoingClosed=0 incomingCreated=0 incomingClosed=0 outgoingPeak=1 incomingPeak=0
Inserted events:
  0x563f49947f60 [fd  7] Read Persist Internal
  0x563f4995e510 [fd  9] Read Persist
Active events:
20260216-210137-0367 40934 * main            (benchmark.cc:849): Cleaning up after experiment.
20260216-210137-0367 40934 * FlushStats      (benchmark.cc:890): Flushing stats to /mnt/extra/experiments/2026-03-16-21-00-29/out/client-0-0-2-stats-0.json.
20260216-210137-0369 40934 * FlushStats      (benchmark.cc:902): All done!
