20260313-055603-2575 06721 * main            (benchmark.cc:405): Starting benchmark.
20260313-055604-1054 06721 * main            (benchmark.cc:624): Creating a default paritioner!
20260313-055604-1064 06721 * Client          (client.cc:76):     Initializing StrongStore client with id [1]
20260313-055604-1087 06721 * ShardClient     (shardclient.cc:62): success in sending register client: for client id 1 1
20260313-055604-1087 06721 * ShardClient     (shardclient.cc:62): success in sending register client: for client id 1 1
20260313-055604-1088 06721 * ShardClient     (shardclient.cc:62): success in sending register client: for client id 1 1
20260313-055604-1097 06721 * ShardClient     (shardclient.cc:62): success in sending register client: for client id 1 1
20260313-055604-1097 06721 * ShardClient     (shardclient.cc:62): success in sending register client: for client id 1 1
20260313-055604-1098 06721 * ShardClient     (shardclient.cc:62): success in sending register client: for client id 1 1
20260313-055604-1107 06721 * ShardClient     (shardclient.cc:62): success in sending register client: for client id 1 1
20260313-055604-1107 06721 * ShardClient     (shardclient.cc:62): success in sending register client: for client id 1 1
20260313-055604-1108 06721 * ShardClient     (shardclient.cc:62): success in sending register client: for client id 1 1
20260313-055604-1117 06721 * ShardClient     (shardclient.cc:62): success in sending register client: for client id 1 1
20260313-055604-1118 06721 * ShardClient     (shardclient.cc:62): success in sending register client: for client id 1 1
20260313-055604-1118 06721 * ShardClient     (shardclient.cc:62): success in sending register client: for client id 1 1
20260313-055604-1127 06721 * ShardClient     (shardclient.cc:62): success in sending register client: for client id 1 1
20260313-055604-1127 06721 * ShardClient     (shardclient.cc:62): success in sending register client: for client id 1 1
20260313-055604-1128 06721 * ShardClient     (shardclient.cc:62): success in sending register client: for client id 1 1
20260313-055604-1136 06721 * ShardClient     (shardclient.cc:62): success in sending register client: for client id 1 1
20260313-055604-1137 06721 * ShardClient     (shardclient.cc:62): success in sending register client: for client id 1 1
20260313-055604-1137 06721 * ShardClient     (shardclient.cc:62): success in sending register client: for client id 1 1
20260313-055604-1147 06721 * ShardClient     (shardclient.cc:62): success in sending register client: for client id 1 1
20260313-055604-1147 06721 * ShardClient     (shardclient.cc:62): success in sending register client: for client id 1 1
20260313-055604-1148 06721 * ShardClient     (shardclient.cc:62): success in sending register client: for client id 1 1
20260313-055604-1156 06721 * ShardClient     (shardclient.cc:62): success in sending register client: for client id 1 1
20260313-055604-1157 06721 * ShardClient     (shardclient.cc:62): success in sending register client: for client id 1 1
20260313-055604-1157 06721 * ShardClient     (shardclient.cc:62): success in sending register client: for client id 1 1
20260313-055604-1166 06721 * ShardClient     (shardclient.cc:62): success in sending register client: for client id 1 1
20260313-055604-1167 06721 * ShardClient     (shardclient.cc:62): success in sending register client: for client id 1 1
20260313-055604-1167 06721 * ShardClient     (shardclient.cc:62): success in sending register client: for client id 1 1
20260313-055604-1176 06721 * ShardClient     (shardclient.cc:62): success in sending register client: for client id 1 1
20260313-055604-1176 06721 * ShardClient     (shardclient.cc:62): success in sending register client: for client id 1 1
20260313-055604-1177 06721 * ShardClient     (shardclient.cc:62): success in sending register client: for client id 1 1
20260313-055604-1177 06721 * BenchmarkClient (bench_client.cc:83): starting benchclient, issueConcurrent: 1; fanout: 4
Session created: 0
last_service: , current_state: 0
Session continued: 0
last_service: , current_state: 0
Session destroyed: 18446744073709551615
last_service: , current_state: 0
20260313-055604-1586 06721 * ExecuteNextAppRequestOperation (bench_client.cc:407): Sending op with proto 5 and index 0
20260313-055604-1587 06721 * ExecuteNextAppRequestOperation (bench_client.cc:407): Sending op with proto 5 and index 0
20260313-055604-1588 06721 * SendOperation   (shardclient.cc:377): Client-side CoordRequest: p=34359738369 s=51539607553 to group=4 replica=2
20260313-055604-1588 06721 * ExecuteNextAppRequestOperation (bench_client.cc:407): Sending op with proto 5 and index 0
20260313-055604-1589 06721 * SendOperation   (shardclient.cc:377): Client-side CoordRequest: p=51539607553 s=34359738370 to group=8 replica=2
20260313-055604-1589 06721 * GetNextOperation (app_request.cc:76): AppRequest batch composition: fanout=4 reads=0 writes=4
20260313-055604-1589 06721 * ExecuteNextAppRequestOperation (bench_client.cc:407): Sending op with proto 5 and index 0
20260313-055604-1589 06721 * SendOperation   (shardclient.cc:377): Client-side CoordRequest: p=34359738370 s=30064771073 to group=4 replica=2
20260313-055605-0193 06721 * ExecuteNextAppRequestOperation (bench_client.cc:407): Sending op with proto 5 and index 0
20260313-055605-0195 06721 * ExecuteNextAppRequestOperation (bench_client.cc:407): Sending op with proto 5 and index 0
20260313-055605-0196 06721 * SendOperation   (shardclient.cc:377): Client-side CoordRequest: p=30064771074 s=38654705665 to group=3 replica=2
20260313-055605-0198 06721 * ExecuteNextAppRequestOperation (bench_client.cc:407): Sending op with proto 5 and index 0
20260313-055605-0198 06721 * SendOperation   (shardclient.cc:377): Client-side CoordRequest: p=38654705665 s=17179869185 to group=5 replica=2
20260313-055605-0200 06721 * GetNextOperation (app_request.cc:76): AppRequest batch composition: fanout=4 reads=0 writes=4
20260313-055605-0200 06721 * ExecuteNextAppRequestOperation (bench_client.cc:407): Sending op with proto 5 and index 0
20260313-055605-0201 06721 * SendOperation   (shardclient.cc:377): Client-side CoordRequest: p=17179869185 s=55834574849 to group=0 replica=2
20260313-055605-7242 06721 * ExecuteNextAppRequestOperation (bench_client.cc:407): Sending op with proto 5 and index 0
20260313-055605-7244 06721 * ExecuteNextAppRequestOperation (bench_client.cc:407): Sending op with proto 5 and index 0
20260313-055605-7245 06721 * SendOperation   (shardclient.cc:377): Client-side CoordRequest: p=47244640257 s=38654705666 to group=7 replica=2
20260313-055605-7246 06721 * ExecuteNextAppRequestOperation (bench_client.cc:407): Sending op with proto 5 and index 0
20260313-055605-7247 06721 * SendOperation   (shardclient.cc:377): Client-side CoordRequest: p=38654705666 s=30064771075 to group=5 replica=2
20260313-055605-7248 06721 * GetNextOperation (app_request.cc:76): AppRequest batch composition: fanout=4 reads=0 writes=4
20260313-055605-7249 06721 * ExecuteNextAppRequestOperation (bench_client.cc:407): Sending op with proto 5 and index 0
20260313-055605-7249 06721 * SendOperation   (shardclient.cc:377): Client-side CoordRequest: p=30064771075 s=47244640258 to group=3 replica=2
20260313-055606-4290 06721 * ExecuteNextAppRequestOperation (bench_client.cc:407): Sending op with proto 5 and index 0
20260313-055606-4292 06721 * ExecuteNextAppRequestOperation (bench_client.cc:407): Sending op with proto 5 and index 0
20260313-055606-4293 06721 * SendOperation   (shardclient.cc:377): Client-side CoordRequest: p=51539607554 s=42949672961 to group=8 replica=2
20260313-055606-4294 06721 * ExecuteNextAppRequestOperation (bench_client.cc:407): Sending op with proto 5 and index 0
20260313-055606-4295 06721 * SendOperation   (shardclient.cc:377): Client-side CoordRequest: p=42949672961 s=38654705667 to group=6 replica=2
20260313-055606-4296 06721 * GetNextOperation (app_request.cc:76): AppRequest batch composition: fanout=4 reads=0 writes=4
20260313-055606-4297 06721 * ExecuteNextAppRequestOperation (bench_client.cc:407): Sending op with proto 5 and index 0
20260313-055606-4297 06721 * SendOperation   (shardclient.cc:377): Client-side CoordRequest: p=38654705667 s=30064771076 to group=5 replica=2
20260313-055607-1346 06721 * ExecuteNextAppRequestOperation (bench_client.cc:407): Sending op with proto 5 and index 0
20260313-055607-1348 06721 * ExecuteNextAppRequestOperation (bench_client.cc:407): Sending op with proto 5 and index 0
20260313-055607-1349 06721 * SendOperation   (shardclient.cc:377): Client-side CoordRequest: p=25769803777 s=55834574850 to group=2 replica=2
20260313-055607-1350 06721 * ExecuteNextAppRequestOperation (bench_client.cc:407): Sending op with proto 5 and index 0
20260313-055607-1351 06721 * SendOperation   (shardclient.cc:377): Client-side CoordRequest: p=55834574850 s=30064771077 to group=9 replica=2
20260313-055607-1353 06721 * GetNextOperation (app_request.cc:76): AppRequest batch composition: fanout=4 reads=0 writes=4
20260313-055607-1353 06721 * ExecuteNextAppRequestOperation (bench_client.cc:407): Sending op with proto 5 and index 0
20260313-055607-1354 06721 * SendOperation   (shardclient.cc:377): Client-side CoordRequest: p=30064771077 s=47244640259 to group=3 replica=2
20260313-055607-8396 06721 * ExecuteNextAppRequestOperation (bench_client.cc:407): Sending op with proto 5 and index 0
20260313-055607-8398 06721 * ExecuteNextAppRequestOperation (bench_client.cc:407): Sending op with proto 5 and index 0
20260313-055607-8399 06721 * SendOperation   (shardclient.cc:377): Client-side CoordRequest: p=34359738371 s=30064771078 to group=4 replica=2
20260313-055607-8401 06721 * ExecuteNextAppRequestOperation (bench_client.cc:407): Sending op with proto 5 and index 0
20260313-055607-8401 06721 * SendOperation   (shardclient.cc:377): Client-side CoordRequest: p=30064771078 s=34359738372 to group=3 replica=2
20260313-055607-8403 06721 * GetNextOperation (app_request.cc:76): AppRequest batch composition: fanout=4 reads=0 writes=4
20260313-055607-8403 06721 * ExecuteNextAppRequestOperation (bench_client.cc:407): Sending op with proto 5 and index 0
20260313-055607-8404 06721 * SendOperation   (shardclient.cc:377): Client-side CoordRequest: p=34359738372 s=34359738373 to group=4 replica=2
20260313-055608-1587 06721 * WarmupDone      (bench_client.cc:727): Completed warmup period of 4 seconds with 5 requests
20260313-055608-4463 06721 * ExecuteNextAppRequestOperation (bench_client.cc:407): Sending op with proto 5 and index 0
20260313-055608-4466 06721 * ExecuteNextAppRequestOperation (bench_client.cc:407): Sending op with proto 5 and index 0
20260313-055608-4467 06721 * SendOperation   (shardclient.cc:377): Client-side CoordRequest: p=34359738374 s=17179869186 to group=4 replica=2
20260313-055608-4468 06721 * ExecuteNextAppRequestOperation (bench_client.cc:407): Sending op with proto 5 and index 0
20260313-055608-4469 06721 * SendOperation   (shardclient.cc:377): Client-side CoordRequest: p=17179869186 s=21474836481 to group=0 replica=2
20260313-055608-4470 06721 * GetNextOperation (app_request.cc:76): AppRequest batch composition: fanout=4 reads=0 writes=4
20260313-055608-4471 06721 * ExecuteNextAppRequestOperation (bench_client.cc:407): Sending op with proto 5 and index 0
20260313-055608-4471 06721 * SendOperation   (shardclient.cc:377): Client-side CoordRequest: p=21474836481 s=17179869187 to group=1 replica=2
20260313-055609-1526 06721 * ExecuteNextAppRequestOperation (bench_client.cc:407): Sending op with proto 5 and index 0
20260313-055609-1528 06721 * ExecuteNextAppRequestOperation (bench_client.cc:407): Sending op with proto 5 and index 0
20260313-055609-1529 06721 * SendOperation   (shardclient.cc:377): Client-side CoordRequest: p=42949672962 s=17179869188 to group=6 replica=2
20260313-055609-1530 06721 * ExecuteNextAppRequestOperation (bench_client.cc:407): Sending op with proto 5 and index 0
20260313-055609-1531 06721 * SendOperation   (shardclient.cc:377): Client-side CoordRequest: p=17179869188 s=38654705668 to group=0 replica=2
20260313-055609-1533 06721 * GetNextOperation (app_request.cc:76): AppRequest batch composition: fanout=4 reads=0 writes=4
20260313-055609-1533 06721 * ExecuteNextAppRequestOperation (bench_client.cc:407): Sending op with proto 5 and index 0
20260313-055609-1534 06721 * SendOperation   (shardclient.cc:377): Client-side CoordRequest: p=38654705668 s=38654705669 to group=5 replica=2
20260313-055609-7584 06721 * ExecuteNextAppRequestOperation (bench_client.cc:407): Sending op with proto 5 and index 0
20260313-055609-7586 06721 * ExecuteNextAppRequestOperation (bench_client.cc:407): Sending op with proto 5 and index 0
20260313-055609-7587 06721 * SendOperation   (shardclient.cc:377): Client-side CoordRequest: p=17179869189 s=34359738375 to group=0 replica=2
20260313-055609-7589 06721 * ExecuteNextAppRequestOperation (bench_client.cc:407): Sending op with proto 5 and index 0
20260313-055609-7589 06721 * SendOperation   (shardclient.cc:377): Client-side CoordRequest: p=34359738375 s=34359738376 to group=4 replica=2
20260313-055609-7590 06721 * GetNextOperation (app_request.cc:76): AppRequest batch composition: fanout=4 reads=0 writes=4
20260313-055609-7591 06721 * ExecuteNextAppRequestOperation (bench_client.cc:407): Sending op with proto 5 and index 0
20260313-055609-7592 06721 * SendOperation   (shardclient.cc:377): Client-side CoordRequest: p=34359738376 s=25769803778 to group=4 replica=2
20260313-055610-3633 06721 * ExecuteNextAppRequestOperation (bench_client.cc:407): Sending op with proto 5 and index 0
20260313-055610-3635 06721 * ExecuteNextAppRequestOperation (bench_client.cc:407): Sending op with proto 5 and index 0
20260313-055610-3636 06721 * SendOperation   (shardclient.cc:377): Client-side CoordRequest: p=51539607555 s=25769803779 to group=8 replica=2
20260313-055610-3637 06721 * ExecuteNextAppRequestOperation (bench_client.cc:407): Sending op with proto 5 and index 0
20260313-055610-3638 06721 * SendOperation   (shardclient.cc:377): Client-side CoordRequest: p=25769803779 s=34359738377 to group=2 replica=2
20260313-055610-3639 06721 * GetNextOperation (app_request.cc:76): AppRequest batch composition: fanout=4 reads=0 writes=4
20260313-055610-3640 06721 * ExecuteNextAppRequestOperation (bench_client.cc:407): Sending op with proto 5 and index 0
20260313-055610-3640 06721 * SendOperation   (shardclient.cc:377): Client-side CoordRequest: p=34359738377 s=25769803780 to group=4 replica=2
20260313-055611-0694 06721 * ExecuteNextAppRequestOperation (bench_client.cc:407): Sending op with proto 5 and index 0
20260313-055611-0696 06721 * ExecuteNextAppRequestOperation (bench_client.cc:407): Sending op with proto 5 and index 0
20260313-055611-0697 06721 * SendOperation   (shardclient.cc:377): Client-side CoordRequest: p=47244640260 s=38654705670 to group=7 replica=2
20260313-055611-0698 06721 * ExecuteNextAppRequestOperation (bench_client.cc:407): Sending op with proto 5 and index 0
20260313-055611-0699 06721 * SendOperation   (shardclient.cc:377): Client-side CoordRequest: p=38654705670 s=47244640261 to group=5 replica=2
20260313-055611-0700 06721 * GetNextOperation (app_request.cc:76): AppRequest batch composition: fanout=4 reads=0 writes=4
20260313-055611-0701 06721 * ExecuteNextAppRequestOperation (bench_client.cc:407): Sending op with proto 5 and index 0
20260313-055611-0701 06721 * SendOperation   (shardclient.cc:377): Client-side CoordRequest: p=47244640261 s=17179869190 to group=7 replica=2
20260313-055611-7758 06721 * ExecuteNextAppRequestOperation (bench_client.cc:407): Sending op with proto 5 and index 0
20260313-055611-7760 06721 * ExecuteNextAppRequestOperation (bench_client.cc:407): Sending op with proto 5 and index 0
20260313-055611-7761 06721 * SendOperation   (shardclient.cc:377): Client-side CoordRequest: p=30064771079 s=38654705671 to group=3 replica=2
20260313-055611-7763 06721 * ExecuteNextAppRequestOperation (bench_client.cc:407): Sending op with proto 5 and index 0
20260313-055611-7763 06721 * SendOperation   (shardclient.cc:377): Client-side CoordRequest: p=38654705671 s=51539607556 to group=5 replica=2
20260313-055611-7765 06721 * GetNextOperation (app_request.cc:76): AppRequest batch composition: fanout=4 reads=0 writes=4
20260313-055611-7765 06721 * ExecuteNextAppRequestOperation (bench_client.cc:407): Sending op with proto 5 and index 0
20260313-055611-7766 06721 * SendOperation   (shardclient.cc:377): Client-side CoordRequest: p=51539607556 s=47244640262 to group=8 replica=2
20260313-055612-4813 06721 * ExecuteNextAppRequestOperation (bench_client.cc:407): Sending op with proto 5 and index 0
20260313-055612-4815 06721 * ExecuteNextAppRequestOperation (bench_client.cc:407): Sending op with proto 5 and index 0
20260313-055612-4816 06721 * SendOperation   (shardclient.cc:377): Client-side CoordRequest: p=38654705672 s=38654705673 to group=5 replica=2
20260313-055612-4818 06721 * ExecuteNextAppRequestOperation (bench_client.cc:407): Sending op with proto 5 and index 0
20260313-055612-4818 06721 * SendOperation   (shardclient.cc:377): Client-side CoordRequest: p=38654705673 s=38654705674 to group=5 replica=2
20260313-055612-4820 06721 * GetNextOperation (app_request.cc:76): AppRequest batch composition: fanout=4 reads=0 writes=4
20260313-055612-4820 06721 * ExecuteNextAppRequestOperation (bench_client.cc:407): Sending op with proto 5 and index 0
20260313-055612-4821 06721 * SendOperation   (shardclient.cc:377): Client-side CoordRequest: p=38654705674 s=21474836482 to group=5 replica=2
20260313-055612-9873 06721 * ExecuteNextAppRequestOperation (bench_client.cc:407): Sending op with proto 5 and index 0
20260313-055612-9875 06721 * ExecuteNextAppRequestOperation (bench_client.cc:407): Sending op with proto 5 and index 0
20260313-055612-9876 06721 * SendOperation   (shardclient.cc:377): Client-side CoordRequest: p=17179869191 s=30064771080 to group=0 replica=2
20260313-055612-9877 06721 * ExecuteNextAppRequestOperation (bench_client.cc:407): Sending op with proto 5 and index 0
20260313-055612-9878 06721 * SendOperation   (shardclient.cc:377): Client-side CoordRequest: p=30064771080 s=51539607557 to group=3 replica=2
20260313-055612-9879 06721 * GetNextOperation (app_request.cc:76): AppRequest batch composition: fanout=4 reads=0 writes=4
20260313-055612-9880 06721 * ExecuteNextAppRequestOperation (bench_client.cc:407): Sending op with proto 5 and index 0
20260313-055612-9880 06721 * SendOperation   (shardclient.cc:377): Client-side CoordRequest: p=51539607557 s=55834574851 to group=8 replica=2
20260313-055613-6927 06721 * ExecuteNextAppRequestOperation (bench_client.cc:407): Sending op with proto 5 and index 0
20260313-055613-6930 06721 * ExecuteNextAppRequestOperation (bench_client.cc:407): Sending op with proto 5 and index 0
20260313-055613-6930 06721 * SendOperation   (shardclient.cc:377): Client-side CoordRequest: p=42949672963 s=51539607558 to group=6 replica=2
20260313-055613-6932 06721 * ExecuteNextAppRequestOperation (bench_client.cc:407): Sending op with proto 5 and index 0
20260313-055613-6933 06721 * SendOperation   (shardclient.cc:377): Client-side CoordRequest: p=51539607558 s=34359738378 to group=8 replica=2
20260313-055613-6934 06721 * GetNextOperation (app_request.cc:76): AppRequest batch composition: fanout=4 reads=0 writes=4
20260313-055613-6934 06721 * ExecuteNextAppRequestOperation (bench_client.cc:407): Sending op with proto 5 and index 0
20260313-055613-6935 06721 * SendOperation   (shardclient.cc:377): Client-side CoordRequest: p=34359738378 s=21474836483 to group=4 replica=2
20260313-055614-3980 06721 * ExecuteNextAppRequestOperation (bench_client.cc:407): Sending op with proto 5 and index 0
20260313-055614-3982 06721 * ExecuteNextAppRequestOperation (bench_client.cc:407): Sending op with proto 5 and index 0
20260313-055614-3983 06721 * SendOperation   (shardclient.cc:377): Client-side CoordRequest: p=25769803781 s=30064771081 to group=2 replica=2
20260313-055614-3984 06721 * ExecuteNextAppRequestOperation (bench_client.cc:407): Sending op with proto 5 and index 0
20260313-055614-3985 06721 * SendOperation   (shardclient.cc:377): Client-side CoordRequest: p=30064771081 s=42949672964 to group=3 replica=2
20260313-055614-3986 06721 * GetNextOperation (app_request.cc:76): AppRequest batch composition: fanout=4 reads=0 writes=4
20260313-055614-3987 06721 * ExecuteNextAppRequestOperation (bench_client.cc:407): Sending op with proto 5 and index 0
20260313-055614-3988 06721 * SendOperation   (shardclient.cc:377): Client-side CoordRequest: p=42949672964 s=38654705675 to group=6 replica=2
20260313-055615-1029 06721 * ExecuteNextAppRequestOperation (bench_client.cc:407): Sending op with proto 5 and index 0
20260313-055615-1031 06721 * ExecuteNextAppRequestOperation (bench_client.cc:407): Sending op with proto 5 and index 0
20260313-055615-1032 06721 * SendOperation   (shardclient.cc:377): Client-side CoordRequest: p=51539607559 s=21474836484 to group=8 replica=2
20260313-055615-1034 06721 * ExecuteNextAppRequestOperation (bench_client.cc:407): Sending op with proto 5 and index 0
20260313-055615-1034 06721 * SendOperation   (shardclient.cc:377): Client-side CoordRequest: p=21474836484 s=17179869192 to group=1 replica=2
20260313-055615-1036 06721 * GetNextOperation (app_request.cc:76): AppRequest batch composition: fanout=4 reads=0 writes=4
20260313-055615-1036 06721 * ExecuteNextAppRequestOperation (bench_client.cc:407): Sending op with proto 5 and index 0
20260313-055615-1037 06721 * SendOperation   (shardclient.cc:377): Client-side CoordRequest: p=17179869192 s=21474836485 to group=0 replica=2
20260313-055615-8087 06721 * ExecuteNextAppRequestOperation (bench_client.cc:407): Sending op with proto 5 and index 0
20260313-055615-8090 06721 * ExecuteNextAppRequestOperation (bench_client.cc:407): Sending op with proto 5 and index 0
20260313-055615-8090 06721 * SendOperation   (shardclient.cc:377): Client-side CoordRequest: p=51539607560 s=51539607561 to group=8 replica=2
20260313-055615-8092 06721 * ExecuteNextAppRequestOperation (bench_client.cc:407): Sending op with proto 5 and index 0
20260313-055615-8092 06721 * SendOperation   (shardclient.cc:377): Client-side CoordRequest: p=51539607561 s=42949672965 to group=8 replica=2
20260313-055615-8094 06721 * GetNextOperation (app_request.cc:76): AppRequest batch composition: fanout=4 reads=0 writes=4
20260313-055615-8094 06721 * ExecuteNextAppRequestOperation (bench_client.cc:407): Sending op with proto 5 and index 0
20260313-055615-8095 06721 * SendOperation   (shardclient.cc:377): Client-side CoordRequest: p=42949672965 s=30064771082 to group=6 replica=2
20260313-055616-4153 06721 * ExecuteNextAppRequestOperation (bench_client.cc:407): Sending op with proto 5 and index 0
20260313-055616-4156 06721 * ExecuteNextAppRequestOperation (bench_client.cc:407): Sending op with proto 5 and index 0
20260313-055616-4156 06721 * SendOperation   (shardclient.cc:377): Client-side CoordRequest: p=55834574852 s=17179869193 to group=9 replica=2
20260313-055616-4158 06721 * ExecuteNextAppRequestOperation (bench_client.cc:407): Sending op with proto 5 and index 0
20260313-055616-4158 06721 * SendOperation   (shardclient.cc:377): Client-side CoordRequest: p=17179869193 s=25769803782 to group=0 replica=2
20260313-055616-4160 06721 * GetNextOperation (app_request.cc:76): AppRequest batch composition: fanout=4 reads=0 writes=4
20260313-055616-4160 06721 * ExecuteNextAppRequestOperation (bench_client.cc:407): Sending op with proto 5 and index 0
20260313-055616-4161 06721 * SendOperation   (shardclient.cc:377): Client-side CoordRequest: p=25769803782 s=51539607562 to group=2 replica=2
20260313-055617-1199 06721 * ExecuteNextAppRequestOperation (bench_client.cc:407): Sending op with proto 5 and index 0
20260313-055617-1202 06721 * ExecuteNextAppRequestOperation (bench_client.cc:407): Sending op with proto 5 and index 0
20260313-055617-1202 06721 * SendOperation   (shardclient.cc:377): Client-side CoordRequest: p=30064771083 s=55834574853 to group=3 replica=2
20260313-055617-1204 06721 * ExecuteNextAppRequestOperation (bench_client.cc:407): Sending op with proto 5 and index 0
20260313-055617-1204 06721 * SendOperation   (shardclient.cc:377): Client-side CoordRequest: p=55834574853 s=34359738379 to group=9 replica=2
20260313-055617-1206 06721 * GetNextOperation (app_request.cc:76): AppRequest batch composition: fanout=4 reads=0 writes=4
20260313-055617-1206 06721 * ExecuteNextAppRequestOperation (bench_client.cc:407): Sending op with proto 5 and index 0
20260313-055617-1207 06721 * SendOperation   (shardclient.cc:377): Client-side CoordRequest: p=34359738379 s=25769803783 to group=4 replica=2
20260313-055617-8261 06721 * ExecuteNextAppRequestOperation (bench_client.cc:407): Sending op with proto 5 and index 0
20260313-055617-8264 06721 * ExecuteNextAppRequestOperation (bench_client.cc:407): Sending op with proto 5 and index 0
20260313-055617-8264 06721 * SendOperation   (shardclient.cc:377): Client-side CoordRequest: p=42949672966 s=38654705676 to group=6 replica=2
20260313-055617-8266 06721 * ExecuteNextAppRequestOperation (bench_client.cc:407): Sending op with proto 5 and index 0
20260313-055617-8267 06721 * SendOperation   (shardclient.cc:377): Client-side CoordRequest: p=38654705676 s=30064771084 to group=5 replica=2
20260313-055617-8268 06721 * GetNextOperation (app_request.cc:76): AppRequest batch composition: fanout=4 reads=0 writes=4
20260313-055617-8268 06721 * ExecuteNextAppRequestOperation (bench_client.cc:407): Sending op with proto 5 and index 0
20260313-055617-8269 06721 * SendOperation   (shardclient.cc:377): Client-side CoordRequest: p=30064771084 s=38654705677 to group=3 replica=2
20260313-055618-5311 06721 * ExecuteNextAppRequestOperation (bench_client.cc:407): Sending op with proto 5 and index 0
20260313-055618-5313 06721 * ExecuteNextAppRequestOperation (bench_client.cc:407): Sending op with proto 5 and index 0
20260313-055618-5314 06721 * SendOperation   (shardclient.cc:377): Client-side CoordRequest: p=34359738380 s=55834574854 to group=4 replica=2
20260313-055618-5315 06721 * ExecuteNextAppRequestOperation (bench_client.cc:407): Sending op with proto 5 and index 0
20260313-055618-5316 06721 * SendOperation   (shardclient.cc:377): Client-side CoordRequest: p=55834574854 s=42949672967 to group=9 replica=2
20260313-055618-5317 06721 * GetNextOperation (app_request.cc:76): AppRequest batch composition: fanout=4 reads=0 writes=4
20260313-055618-5318 06721 * ExecuteNextAppRequestOperation (bench_client.cc:407): Sending op with proto 5 and index 0
20260313-055618-5318 06721 * SendOperation   (shardclient.cc:377): Client-side CoordRequest: p=42949672967 s=21474836486 to group=6 replica=2
20260313-055619-2373 06721 * ExecuteNextAppRequestOperation (bench_client.cc:407): Sending op with proto 5 and index 0
20260313-055619-2375 06721 * ExecuteNextAppRequestOperation (bench_client.cc:407): Sending op with proto 5 and index 0
20260313-055619-2376 06721 * SendOperation   (shardclient.cc:377): Client-side CoordRequest: p=55834574855 s=30064771085 to group=9 replica=2
20260313-055619-2377 06721 * ExecuteNextAppRequestOperation (bench_client.cc:407): Sending op with proto 5 and index 0
20260313-055619-2378 06721 * SendOperation   (shardclient.cc:377): Client-side CoordRequest: p=30064771085 s=30064771086 to group=3 replica=2
20260313-055619-2379 06721 * GetNextOperation (app_request.cc:76): AppRequest batch composition: fanout=4 reads=0 writes=4
20260313-055619-2380 06721 * ExecuteNextAppRequestOperation (bench_client.cc:407): Sending op with proto 5 and index 0
20260313-055619-2380 06721 * SendOperation   (shardclient.cc:377): Client-side CoordRequest: p=30064771086 s=42949672968 to group=3 replica=2
20260313-055619-8425 06721 * ExecuteNextAppRequestOperation (bench_client.cc:407): Sending op with proto 5 and index 0
20260313-055619-8428 06721 * ExecuteNextAppRequestOperation (bench_client.cc:407): Sending op with proto 5 and index 0
20260313-055619-8428 06721 * SendOperation   (shardclient.cc:377): Client-side CoordRequest: p=51539607563 s=25769803784 to group=8 replica=2
20260313-055619-8430 06721 * ExecuteNextAppRequestOperation (bench_client.cc:407): Sending op with proto 5 and index 0
20260313-055619-8431 06721 * SendOperation   (shardclient.cc:377): Client-side CoordRequest: p=25769803784 s=38654705678 to group=2 replica=2
20260313-055619-8432 06721 * GetNextOperation (app_request.cc:76): AppRequest batch composition: fanout=4 reads=0 writes=4
20260313-055619-8432 06721 * ExecuteNextAppRequestOperation (bench_client.cc:407): Sending op with proto 5 and index 0
20260313-055619-8433 06721 * SendOperation   (shardclient.cc:377): Client-side CoordRequest: p=38654705678 s=38654705679 to group=5 replica=2
20260313-055620-4485 06721 * ExecuteNextAppRequestOperation (bench_client.cc:407): Sending op with proto 5 and index 0
20260313-055620-4487 06721 * ExecuteNextAppRequestOperation (bench_client.cc:407): Sending op with proto 5 and index 0
20260313-055620-4488 06721 * SendOperation   (shardclient.cc:377): Client-side CoordRequest: p=25769803785 s=55834574856 to group=2 replica=2
20260313-055620-4489 06721 * ExecuteNextAppRequestOperation (bench_client.cc:407): Sending op with proto 5 and index 0
20260313-055620-4490 06721 * SendOperation   (shardclient.cc:377): Client-side CoordRequest: p=55834574856 s=25769803786 to group=9 replica=2
20260313-055620-4491 06721 * GetNextOperation (app_request.cc:76): AppRequest batch composition: fanout=4 reads=0 writes=4
20260313-055620-4492 06721 * ExecuteNextAppRequestOperation (bench_client.cc:407): Sending op with proto 5 and index 0
20260313-055620-4492 06721 * SendOperation   (shardclient.cc:377): Client-side CoordRequest: p=25769803786 s=21474836487 to group=2 replica=2
20260313-055621-1547 06721 * ExecuteNextAppRequestOperation (bench_client.cc:407): Sending op with proto 5 and index 0
20260313-055621-1549 06721 * ExecuteNextAppRequestOperation (bench_client.cc:407): Sending op with proto 5 and index 0
20260313-055621-1550 06721 * SendOperation   (shardclient.cc:377): Client-side CoordRequest: p=34359738381 s=25769803787 to group=4 replica=2
20260313-055621-1551 06721 * ExecuteNextAppRequestOperation (bench_client.cc:407): Sending op with proto 5 and index 0
20260313-055621-1552 06721 * SendOperation   (shardclient.cc:377): Client-side CoordRequest: p=25769803787 s=42949672969 to group=2 replica=2
20260313-055621-1553 06721 * GetNextOperation (app_request.cc:76): AppRequest batch composition: fanout=4 reads=0 writes=4
20260313-055621-1554 06721 * ExecuteNextAppRequestOperation (bench_client.cc:407): Sending op with proto 5 and index 0
20260313-055621-1554 06721 * SendOperation   (shardclient.cc:377): Client-side CoordRequest: p=42949672969 s=25769803788 to group=6 replica=2
20260313-055621-8607 06721 * ExecuteNextAppRequestOperation (bench_client.cc:407): Sending op with proto 5 and index 0
20260313-055621-8609 06721 * ExecuteNextAppRequestOperation (bench_client.cc:407): Sending op with proto 5 and index 0
20260313-055621-8610 06721 * SendOperation   (shardclient.cc:377): Client-side CoordRequest: p=25769803789 s=34359738382 to group=2 replica=2
20260313-055621-8611 06721 * ExecuteNextAppRequestOperation (bench_client.cc:407): Sending op with proto 5 and index 0
20260313-055621-8612 06721 * SendOperation   (shardclient.cc:377): Client-side CoordRequest: p=34359738382 s=42949672970 to group=4 replica=2
20260313-055621-8613 06721 * GetNextOperation (app_request.cc:76): AppRequest batch composition: fanout=4 reads=0 writes=4
20260313-055621-8614 06721 * ExecuteNextAppRequestOperation (bench_client.cc:407): Sending op with proto 5 and index 0
20260313-055621-8614 06721 * SendOperation   (shardclient.cc:377): Client-side CoordRequest: p=42949672970 s=47244640263 to group=6 replica=2
20260313-055622-5670 06721 * ExecuteNextAppRequestOperation (bench_client.cc:407): Sending op with proto 5 and index 0
20260313-055622-5672 06721 * ExecuteNextAppRequestOperation (bench_client.cc:407): Sending op with proto 5 and index 0
20260313-055622-5673 06721 * SendOperation   (shardclient.cc:377): Client-side CoordRequest: p=25769803790 s=34359738383 to group=2 replica=2
20260313-055622-5675 06721 * ExecuteNextAppRequestOperation (bench_client.cc:407): Sending op with proto 5 and index 0
20260313-055622-5675 06721 * SendOperation   (shardclient.cc:377): Client-side CoordRequest: p=34359738383 s=55834574857 to group=4 replica=2
20260313-055622-5677 06721 * GetNextOperation (app_request.cc:76): AppRequest batch composition: fanout=4 reads=0 writes=4
20260313-055622-5677 06721 * ExecuteNextAppRequestOperation (bench_client.cc:407): Sending op with proto 5 and index 0
20260313-055622-5678 06721 * SendOperation   (shardclient.cc:377): Client-side CoordRequest: p=55834574857 s=21474836488 to group=9 replica=2
20260313-055623-2725 06721 * ExecuteNextAppRequestOperation (bench_client.cc:407): Sending op with proto 5 and index 0
20260313-055623-2728 06721 * ExecuteNextAppRequestOperation (bench_client.cc:407): Sending op with proto 5 and index 0
20260313-055623-2728 06721 * SendOperation   (shardclient.cc:377): Client-side CoordRequest: p=55834574858 s=17179869194 to group=9 replica=2
20260313-055623-2730 06721 * ExecuteNextAppRequestOperation (bench_client.cc:407): Sending op with proto 5 and index 0
20260313-055623-2731 06721 * SendOperation   (shardclient.cc:377): Client-side CoordRequest: p=17179869194 s=55834574859 to group=0 replica=2
20260313-055623-2732 06721 * GetNextOperation (app_request.cc:76): AppRequest batch composition: fanout=4 reads=0 writes=4
20260313-055623-2732 06721 * ExecuteNextAppRequestOperation (bench_client.cc:407): Sending op with proto 5 and index 0
20260313-055623-2733 06721 * SendOperation   (shardclient.cc:377): Client-side CoordRequest: p=55834574859 s=55834574860 to group=9 replica=2
20260313-055623-8788 06721 * ExecuteNextAppRequestOperation (bench_client.cc:407): Sending op with proto 5 and index 0
20260313-055623-8790 06721 * ExecuteNextAppRequestOperation (bench_client.cc:407): Sending op with proto 5 and index 0
20260313-055623-8791 06721 * SendOperation   (shardclient.cc:377): Client-side CoordRequest: p=47244640264 s=47244640265 to group=7 replica=2
20260313-055623-8793 06721 * ExecuteNextAppRequestOperation (bench_client.cc:407): Sending op with proto 5 and index 0
20260313-055623-8793 06721 * SendOperation   (shardclient.cc:377): Client-side CoordRequest: p=47244640265 s=17179869195 to group=7 replica=2
20260313-055623-8795 06721 * GetNextOperation (app_request.cc:76): AppRequest batch composition: fanout=4 reads=0 writes=4
20260313-055623-8795 06721 * ExecuteNextAppRequestOperation (bench_client.cc:407): Sending op with proto 5 and index 0
20260313-055623-8796 06721 * SendOperation   (shardclient.cc:377): Client-side CoordRequest: p=17179869195 s=21474836489 to group=0 replica=2
20260313-055624-4841 06721 * ExecuteNextAppRequestOperation (bench_client.cc:407): Sending op with proto 5 and index 0
20260313-055624-4843 06721 * ExecuteNextAppRequestOperation (bench_client.cc:407): Sending op with proto 5 and index 0
20260313-055624-4844 06721 * SendOperation   (shardclient.cc:377): Client-side CoordRequest: p=17179869196 s=34359738384 to group=0 replica=2
20260313-055624-4845 06721 * ExecuteNextAppRequestOperation (bench_client.cc:407): Sending op with proto 5 and index 0
20260313-055624-4846 06721 * SendOperation   (shardclient.cc:377): Client-side CoordRequest: p=34359738384 s=42949672971 to group=4 replica=2
20260313-055624-4847 06721 * GetNextOperation (app_request.cc:76): AppRequest batch composition: fanout=4 reads=0 writes=4
20260313-055624-4848 06721 * ExecuteNextAppRequestOperation (bench_client.cc:407): Sending op with proto 5 and index 0
20260313-055624-4848 06721 * SendOperation   (shardclient.cc:377): Client-side CoordRequest: p=42949672971 s=34359738385 to group=6 replica=2
20260313-055625-1886 06721 * ExecuteNextAppRequestOperation (bench_client.cc:407): Sending op with proto 5 and index 0
20260313-055625-1888 06721 * ExecuteNextAppRequestOperation (bench_client.cc:407): Sending op with proto 5 and index 0
20260313-055625-1889 06721 * SendOperation   (shardclient.cc:377): Client-side CoordRequest: p=47244640266 s=21474836490 to group=7 replica=2
20260313-055625-1890 06721 * ExecuteNextAppRequestOperation (bench_client.cc:407): Sending op with proto 5 and index 0
20260313-055625-1891 06721 * SendOperation   (shardclient.cc:377): Client-side CoordRequest: p=21474836490 s=42949672972 to group=1 replica=2
20260313-055625-1892 06721 * GetNextOperation (app_request.cc:76): AppRequest batch composition: fanout=4 reads=0 writes=4
20260313-055625-1893 06721 * ExecuteNextAppRequestOperation (bench_client.cc:407): Sending op with proto 5 and index 0
20260313-055625-1894 06721 * SendOperation   (shardclient.cc:377): Client-side CoordRequest: p=42949672972 s=38654705680 to group=6 replica=2
20260313-055625-8934 06721 * ExecuteNextAppRequestOperation (bench_client.cc:407): Sending op with proto 5 and index 0
20260313-055625-8937 06721 * ExecuteNextAppRequestOperation (bench_client.cc:407): Sending op with proto 5 and index 0
20260313-055625-8937 06721 * SendOperation   (shardclient.cc:377): Client-side CoordRequest: p=51539607564 s=47244640267 to group=8 replica=2
20260313-055625-8939 06721 * ExecuteNextAppRequestOperation (bench_client.cc:407): Sending op with proto 5 and index 0
20260313-055625-8939 06721 * SendOperation   (shardclient.cc:377): Client-side CoordRequest: p=47244640267 s=21474836491 to group=7 replica=2
20260313-055625-8941 06721 * GetNextOperation (app_request.cc:76): AppRequest batch composition: fanout=4 reads=0 writes=4
20260313-055625-8941 06721 * ExecuteNextAppRequestOperation (bench_client.cc:407): Sending op with proto 5 and index 0
20260313-055625-8942 06721 * SendOperation   (shardclient.cc:377): Client-side CoordRequest: p=21474836491 s=25769803791 to group=1 replica=2
20260313-055626-5982 06721 * ExecuteNextAppRequestOperation (bench_client.cc:407): Sending op with proto 5 and index 0
20260313-055626-5985 06721 * ExecuteNextAppRequestOperation (bench_client.cc:407): Sending op with proto 5 and index 0
20260313-055626-5985 06721 * SendOperation   (shardclient.cc:377): Client-side CoordRequest: p=34359738386 s=55834574861 to group=4 replica=2
20260313-055626-5987 06721 * ExecuteNextAppRequestOperation (bench_client.cc:407): Sending op with proto 5 and index 0
20260313-055626-5988 06721 * SendOperation   (shardclient.cc:377): Client-side CoordRequest: p=55834574861 s=38654705681 to group=9 replica=2
20260313-055626-5989 06721 * GetNextOperation (app_request.cc:76): AppRequest batch composition: fanout=4 reads=0 writes=4
20260313-055626-5989 06721 * ExecuteNextAppRequestOperation (bench_client.cc:407): Sending op with proto 5 and index 0
20260313-055626-5990 06721 * SendOperation   (shardclient.cc:377): Client-side CoordRequest: p=38654705681 s=51539607565 to group=5 replica=2
20260313-055627-3043 06721 * ExecuteNextAppRequestOperation (bench_client.cc:407): Sending op with proto 5 and index 0
20260313-055627-3045 06721 * ExecuteNextAppRequestOperation (bench_client.cc:407): Sending op with proto 5 and index 0
20260313-055627-3046 06721 * SendOperation   (shardclient.cc:377): Client-side CoordRequest: p=51539607566 s=51539607567 to group=8 replica=2
20260313-055627-3047 06721 * ExecuteNextAppRequestOperation (bench_client.cc:407): Sending op with proto 5 and index 0
20260313-055627-3048 06721 * SendOperation   (shardclient.cc:377): Client-side CoordRequest: p=51539607567 s=25769803792 to group=8 replica=2
20260313-055627-3049 06721 * GetNextOperation (app_request.cc:76): AppRequest batch composition: fanout=4 reads=0 writes=4
20260313-055627-3050 06721 * ExecuteNextAppRequestOperation (bench_client.cc:407): Sending op with proto 5 and index 0
20260313-055627-3050 06721 * SendOperation   (shardclient.cc:377): Client-side CoordRequest: p=25769803792 s=25769803793 to group=2 replica=2
20260313-055627-8105 06721 * ExecuteNextAppRequestOperation (bench_client.cc:407): Sending op with proto 5 and index 0
20260313-055627-8107 06721 * ExecuteNextAppRequestOperation (bench_client.cc:407): Sending op with proto 5 and index 0
20260313-055627-8108 06721 * SendOperation   (shardclient.cc:377): Client-side CoordRequest: p=34359738387 s=42949672973 to group=4 replica=2
20260313-055627-8110 06721 * ExecuteNextAppRequestOperation (bench_client.cc:407): Sending op with proto 5 and index 0
20260313-055627-8110 06721 * SendOperation   (shardclient.cc:377): Client-side CoordRequest: p=42949672973 s=47244640268 to group=6 replica=2
20260313-055627-8112 06721 * GetNextOperation (app_request.cc:76): AppRequest batch composition: fanout=4 reads=0 writes=4
20260313-055627-8112 06721 * ExecuteNextAppRequestOperation (bench_client.cc:407): Sending op with proto 5 and index 0
20260313-055627-8113 06721 * SendOperation   (shardclient.cc:377): Client-side CoordRequest: p=47244640268 s=55834574862 to group=7 replica=2
20260313-055628-5157 06721 * ExecuteNextAppRequestOperation (bench_client.cc:407): Sending op with proto 5 and index 0
20260313-055628-5159 06721 * ExecuteNextAppRequestOperation (bench_client.cc:407): Sending op with proto 5 and index 0
20260313-055628-5160 06721 * SendOperation   (shardclient.cc:377): Client-side CoordRequest: p=42949672974 s=25769803794 to group=6 replica=2
20260313-055628-5162 06721 * ExecuteNextAppRequestOperation (bench_client.cc:407): Sending op with proto 5 and index 0
20260313-055628-5162 06721 * SendOperation   (shardclient.cc:377): Client-side CoordRequest: p=25769803794 s=38654705682 to group=2 replica=2
20260313-055628-5164 06721 * GetNextOperation (app_request.cc:76): AppRequest batch composition: fanout=4 reads=0 writes=4
20260313-055628-5164 06721 * ExecuteNextAppRequestOperation (bench_client.cc:407): Sending op with proto 5 and index 0
20260313-055628-5165 06721 * SendOperation   (shardclient.cc:377): Client-side CoordRequest: p=38654705682 s=30064771087 to group=5 replica=2
20260313-055629-2220 06721 * ExecuteNextAppRequestOperation (bench_client.cc:407): Sending op with proto 5 and index 0
20260313-055629-2222 06721 * ExecuteNextAppRequestOperation (bench_client.cc:407): Sending op with proto 5 and index 0
20260313-055629-2223 06721 * SendOperation   (shardclient.cc:377): Client-side CoordRequest: p=25769803795 s=51539607568 to group=2 replica=2
20260313-055629-2225 06721 * ExecuteNextAppRequestOperation (bench_client.cc:407): Sending op with proto 5 and index 0
20260313-055629-2225 06721 * SendOperation   (shardclient.cc:377): Client-side CoordRequest: p=51539607568 s=42949672975 to group=8 replica=2
20260313-055629-2227 06721 * GetNextOperation (app_request.cc:76): AppRequest batch composition: fanout=4 reads=0 writes=4
20260313-055629-2227 06721 * ExecuteNextAppRequestOperation (bench_client.cc:407): Sending op with proto 5 and index 0
20260313-055629-2228 06721 * SendOperation   (shardclient.cc:377): Client-side CoordRequest: p=42949672975 s=38654705683 to group=6 replica=2
20260313-055629-9268 06721 * ExecuteNextAppRequestOperation (bench_client.cc:407): Sending op with proto 5 and index 0
20260313-055629-9269 06721 * ExecuteNextAppRequestOperation (bench_client.cc:407): Sending op with proto 5 and index 0
20260313-055629-9270 06721 * SendOperation   (shardclient.cc:377): Client-side CoordRequest: p=51539607569 s=51539607570 to group=8 replica=2
20260313-055629-9270 06721 * ExecuteNextAppRequestOperation (bench_client.cc:407): Sending op with proto 5 and index 0
20260313-055629-9270 06721 * SendOperation   (shardclient.cc:377): Client-side CoordRequest: p=51539607570 s=47244640269 to group=8 replica=2
20260313-055629-9271 06721 * GetNextOperation (app_request.cc:76): AppRequest batch composition: fanout=4 reads=0 writes=4
20260313-055629-9271 06721 * ExecuteNextAppRequestOperation (bench_client.cc:407): Sending op with proto 5 and index 0
20260313-055629-9272 06721 * SendOperation   (shardclient.cc:377): Client-side CoordRequest: p=47244640269 s=55834574863 to group=7 replica=2
20260313-055630-5330 06721 * ExecuteNextAppRequestOperation (bench_client.cc:407): Sending op with proto 5 and index 0
20260313-055630-5332 06721 * ExecuteNextAppRequestOperation (bench_client.cc:407): Sending op with proto 5 and index 0
20260313-055630-5333 06721 * SendOperation   (shardclient.cc:377): Client-side CoordRequest: p=51539607571 s=21474836492 to group=8 replica=2
20260313-055630-5334 06721 * ExecuteNextAppRequestOperation (bench_client.cc:407): Sending op with proto 5 and index 0
20260313-055630-5335 06721 * SendOperation   (shardclient.cc:377): Client-side CoordRequest: p=21474836492 s=25769803796 to group=1 replica=2
20260313-055630-5337 06721 * GetNextOperation (app_request.cc:76): AppRequest batch composition: fanout=4 reads=0 writes=4
20260313-055630-5337 06721 * ExecuteNextAppRequestOperation (bench_client.cc:407): Sending op with proto 5 and index 0
20260313-055630-5338 06721 * SendOperation   (shardclient.cc:377): Client-side CoordRequest: p=25769803796 s=30064771088 to group=2 replica=2
20260313-055631-2373 06721 * Finish          (bench_client.cc:921): Completed 34 requests in 23.397788 seconds
20260313-055631-2374 06721 * Finish          (bench_client.cc:922): 1 outstanding transactions.
20260313-055631-2396 06721 * ExecuteNextAppRequestOperation (bench_client.cc:407): Sending op with proto 5 and index 0
20260313-055631-2398 06721 * ExecuteNextAppRequestOperation (bench_client.cc:407): Sending op with proto 5 and index 0
20260313-055631-2399 06721 * SendOperation   (shardclient.cc:377): Client-side CoordRequest: p=34359738388 s=17179869197 to group=4 replica=2
20260313-055631-2400 06721 * ExecuteNextAppRequestOperation (bench_client.cc:407): Sending op with proto 5 and index 0
20260313-055631-2401 06721 * SendOperation   (shardclient.cc:377): Client-side CoordRequest: p=17179869197 s=42949672976 to group=0 replica=2
20260313-055631-2402 06721 * GetNextOperation (app_request.cc:76): AppRequest batch composition: fanout=4 reads=0 writes=4
20260313-055631-2403 06721 * ExecuteNextAppRequestOperation (bench_client.cc:407): Sending op with proto 5 and index 0
20260313-055631-2403 06721 * SendOperation   (shardclient.cc:377): Client-side CoordRequest: p=42949672976 s=51539607572 to group=6 replica=2
Session continued: 0
last_service: , current_state: 0
Session destroyed: 18446744073709551615
last_service: , current_state: 0
Session continued: 0
last_service: , current_state: 0
Session destroyed: 18446744073709551615
last_service: , current_state: 0
Session destroyed: 0
last_service: , current_state: 0
20260313-055633-1589 06721 * FlushStats      (benchmark.cc:916): Flushing stats to /mnt/extra/experiments/2026-04-13-05-55-32/out/client-0-1-0-stats-0.json.
20260313-055633-1591 06721 * FlushStats      (benchmark.cc:928): All done!
20260313-055635-2376 06721 * Cleanup         (bench_client.cc:749): Aborting 0 outstanding transactions.
20260313-055635-2377 06721 * CooldownDone    (bench_client.cc:779): Finished cooldown period.
20260313-055635-2378 06721 * CooldownDone    (bench_client.cc:786): Median latency is 704278729 ns (704 ms)
20260313-055635-2379 06721 * CooldownDone    (bench_client.cc:795): Average latency is 667316320 ns (667 ms)
20260313-055635-2379 06721 * CooldownDone    (bench_client.cc:799): 90th percentile latency is 704606096 ns (704 ms)
20260313-055635-2380 06721 * CooldownDone    (bench_client.cc:803): 95th percentile latency is 704743052 ns (704 ms)
20260313-055635-2380 06721 * CooldownDone    (bench_client.cc:807): 99th percentile latency is 704882144 ns (704 ms)
20260313-055635-2380 06721 * LATENCY total: 504 ms 667 ms/536 ms 704 ms (35 samples, 23 s total)
20260313-055635-2380 06721 *     268 ms |          2 | ==
20260313-055635-2380 06721 *     536 ms |         33 | =================================
20260313-055635-2381 06721 * Stop            (tcptransport.cc:605): [TCP SUMMARY] outgoingCreated=50 outgoingClosed=0 incomingCreated=0 incomingClosed=0 outgoingPeak=50 incomingPeak=0
Inserted events:
  0x560431edc390 [fd  7] Read Persist Internal
  0x560431f048b0 [fd  9] Read Persist
  0x560431f119f0 [fd  10] Read Persist
  0x560431f05ca0 [fd  11] Read Persist
  0x560431f060e0 [fd  12] Read Persist
  0x560431f05900 [fd  13] Read Persist
  0x560431f050b0 [fd  14] Read Persist
  0x560431f12840 [fd  15] Read Persist
  0x560431f13060 [fd  16] Read Persist
  0x560431f13880 [fd  17] Read Persist
  0x560431f140a0 [fd  18] Read Persist
  0x560431f148c0 [fd  19] Read Persist
  0x560431f150e0 [fd  20] Read Persist
  0x560431f15900 [fd  21] Read Persist
  0x560431f16120 [fd  22] Read Persist
  0x560431f16940 [fd  23] Read Persist
  0x560431f17260 [fd  24] Read Persist
  0x560431f17c00 [fd  25] Read Persist
  0x560431f18800 [fd  26] Read Persist
  0x560431f191a0 [fd  27] Read Persist
  0x560431f19b40 [fd  28] Read Persist
  0x560431f1a4e0 [fd  29] Read Persist
  0x560431f1a9a0 [fd  30] Read Persist
  0x560431f1edc0 [fd  31] Read Persist
  0x560431f1afc0 [fd  32] Read Persist
  0x560431f02fe0 [fd  33] Read Persist
  0x560431f03a60 [fd  34] Read Persist
  0x560431f1f130 [fd  35] Read Persist
  0x560431f045a0 [fd  36] Read Persist
  0x560431f1d3b0 [fd  37] Read Persist
  0x560431f1e280 [fd  38] Read Persist
  0x560431f37120 [fd  39] Read Persist
  0x560431f37880 [fd  40] Read Persist
  0x560431f38a90 [fd  41] Read Persist
  0x560431f393d0 [fd  42] Read Persist
  0x560431f39d40 [fd  43] Read Persist
  0x560431f3afd0 [fd  44] Read Persist
  0x560431f3b910 [fd  45] Read Persist
  0x560431f3c780 [fd  46] Read Persist
  0x560431f3d9e0 [fd  47] Read Persist
  0x560431f3e320 [fd  48] Read Persist
  0x560431f3ec90 [fd  49] Read Persist
  0x560431f3fea0 [fd  50] Read Persist
  0x560431f407e0 [fd  51] Read Persist
  0x560431f41150 [fd  52] Read Persist
  0x560431f423e0 [fd  53] Read Persist
  0x560431f42d00 [fd  54] Read Persist
  0x560431f43670 [fd  55] Read Persist
  0x560431f448b0 [fd  56] Read Persist
  0x560431f451d0 [fd  57] Read Persist
  0x560431f45b40 [fd  58] Read Persist
Active events:
20260313-055635-2384 06721 * main            (benchmark.cc:875): Cleaning up after experiment.
20260313-055635-2384 06721 * FlushStats      (benchmark.cc:916): Flushing stats to /mnt/extra/experiments/2026-04-13-05-55-32/out/client-0-1-0-stats-0.json.
20260313-055635-2386 06721 * FlushStats      (benchmark.cc:928): All done!
