20260313-152017-6761 06965 * main            (server.cc:217):    Starting server.
20260313-152017-6774 06965 * main            (server.cc:335):    Creating a default paritioner!
20260313-152019-5965 06965 * main            (server.cc:513):    Done loading server.
20260313-152112-5813 06965 ! TCPIncomingEventCallback (tcptransport.cc:938): [TCP INCOMING 117] EOF, lifetime=32990.54 ms
20260313-152112-5920 06965 ! TCPIncomingEventCallback (tcptransport.cc:938): [TCP INCOMING 118] EOF, lifetime=32988.62 ms
20260313-152112-7058 06965 ! TCPIncomingEventCallback (tcptransport.cc:938): [TCP INCOMING 119] EOF, lifetime=32986.55 ms
20260313-152112-7139 06965 ! TCPIncomingEventCallback (tcptransport.cc:938): [TCP INCOMING 120] EOF, lifetime=32988.00 ms
20260313-152112-7255 06965 ! TCPIncomingEventCallback (tcptransport.cc:938): [TCP INCOMING 121] EOF, lifetime=32993.57 ms
20260313-152112-7324 06965 ! TCPIncomingEventCallback (tcptransport.cc:938): [TCP INCOMING 122] EOF, lifetime=32986.66 ms
20260313-152112-7599 06965 ! TCPIncomingEventCallback (tcptransport.cc:938): [TCP INCOMING 126] EOF, lifetime=32983.54 ms
20260313-152112-7608 06965 ! TCPIncomingEventCallback (tcptransport.cc:938): [TCP INCOMING 123] EOF, lifetime=32992.47 ms
20260313-152119-2477 06965 * Cleanup         (server.cc:589):    Gracefully exiting after signal 15.
20260313-152119-2478 06965 * Stop            (tcptransport.cc:601): [TCP SUMMARY] outgoingCreated=59 outgoingClosed=0 incomingCreated=67 incomingClosed=8 outgoingPeak=124 incomingPeak=37
Inserted events:
  0x55b603330d00 [fd  9] Read Persist Internal
  0x55b603338a60 [fd  10] Read Persist
  0x55b603343e70 [fd  11] Read Persist
  0x55b60f9ecdc0 [fd  12] Read Persist
  0x55b60f9ecfe0 [fd  13] Read Persist
  0x55b60f9ed200 [fd  14] Read Persist
  0x55b60f9ed420 [fd  15] Read Persist
  0x55b60f9ed640 [fd  16] Read Persist
  0x55b60f9ed860 [fd  17] Read Persist
  0x55b60f9eda80 [fd  18] Read Persist
  0x55b60f9edca0 [fd  19] Read Persist
  0x55b60f9edec0 [fd  20] Read Persist
  0x55b60f9ee0e0 [fd  21] Read Persist
  0x55b60f9ee300 [fd  22] Read Persist
  0x55b60f9ee640 [fd  23] Read Persist
  0x55b60f9ee980 [fd  24] Read Persist
  0x55b60f9eecc0 [fd  25] Read Persist
  0x55b60f9ef000 [fd  26] Read Persist
  0x55b60f9ef340 [fd  27] Read Persist
  0x55b60f9ef6c0 [fd  28] Read Persist
  0x55b60f9efb90 [fd  29] Read Persist
  0x55b60f9eff30 [fd  30] Read Persist
  0x55b60f9ea000 [fd  31] Read Persist
  0x55b60f9e8440 [fd  32] Read Persist
  0x55b60f9dfa20 [fd  33] Read Persist
  0x55b60f9dfde0 [fd  34] Read Persist
  0x55b60f9e88f0 [fd  35] Read Persist
  0x55b60f9e95e0 [fd  36] Read Persist
  0x55b60f9e5bf0 [fd  37] Read Persist
  0x55b60f9e6460 [fd  38] Read Persist
  0x55b60f9e6a10 [fd  39] Read Persist
  0x55b60f9e6e30 [fd  40] Read Persist
  0x55b60f9e7270 [fd  41] Read Persist
  0x55b60f9e76b0 [fd  42] Read Persist
  0x55b60f9f02d0 [fd  43] Read Persist
  0x55b60f9f05c0 [fd  44] Read Persist
  0x55b60f9f09d0 [fd  45] Read Persist
  0x55b60f9f0de0 [fd  46] Read Persist
  0x55b60f9f12b0 [fd  47] Read Persist
  0x55b60f9f1840 [fd  48] Read Persist
  0x55b60f9f2050 [fd  49] Read Persist
  0x55b60f9f25e0 [fd  50] Read Persist
  0x55b60f9f2b70 [fd  51] Read Persist
  0x55b60f9f3100 [fd  52] Read Persist
  0x55b60f9f3690 [fd  53] Read Persist
  0x55b60f9f3c20 [fd  54] Read Persist
  0x55b60f9f41b0 [fd  55] Read Persist
  0x55b60f9f4740 [fd  56] Read Persist
  0x55b60f9f4cd0 [fd  57] Read Persist
  0x55b60f9f5260 [fd  58] Read Persist
  0x55b60f9f57f0 [fd  59] Read Persist
  0x55b60f9f5c10 [fd  60] Read Persist
  0x55b60f9f5e30 [fd  61] Read Persist
  0x55b60f9f60e0 [fd  62] Read Persist
  0x55b60f9f6480 [fd  63] Read Persist
  0x55b60f9f6820 [fd  64] Read Persist
  0x55b60333eee0 [fd  65] Read Persist
  0x55b60333f3c0 [fd  66] Read Persist
  0x55b60333f790 [fd  67] Read Persist
  0x55b60333fb60 [fd  68] Read Persist
  0x55b60f9f6b60 [fd  69] Read Persist
  0x55b60f9f6d80 [fd  70] Read Persist
  0x55b60f9f70c0 [fd  71] Read Persist
  0x55b60f9f7400 [fd  72] Read Persist
  0x55b60f9f78a0 [fd  73] Read Persist
  0x55b60f9f7d40 [fd  74] Read Persist
  0x55b60f9f81e0 [fd  75] Read Persist
  0x55b60f9f8680 [fd  76] Read Persist
  0x55b60f9f8b20 [fd  77] Read Persist
  0x55b60f9f8fc0 [fd  78] Read Persist
  0x55b60f9f9460 [fd  79] Read Persist
  0x55b60f9f9900 [fd  80] Read Persist
  0x55b60f9f9da0 [fd  81] Read Persist
  0x55b60f9fa240 [fd  82] Read Persist
  0x55b60f9fa6e0 [fd  83] Read Persist
  0x55b60f9fab80 [fd  84] Read Persist
  0x55b60f9fb020 [fd  85] Read Persist
  0x55b60f9fb4c0 [fd  86] Read Persist
  0x55b60f9fb960 [fd  87] Read Persist
  0x55b60f9fbe00 [fd  88] Read Persist
  0x55b60f9fc2a0 [fd  89] Read Persist
  0x55b60f9fc740 [fd  90] Read Persist
  0x55b60f9fd660 [fd  91] Read Persist
  0x55b60f9fdb00 [fd  92] Read Persist
  0x55b60f9fe050 [fd  93] Read Persist
  0x55b60f9fe510 [fd  94] Read Persist
  0x55b60f9fe9d0 [fd  95] Read Persist
  0x55b60f9fee90 [fd  96] Read Persist
  0x55b60f9ff350 [fd  97] Read Persist
  0x55b60f9ff810 [fd  98] Read Persist
  0x55b60f9ffcd0 [fd  99] Read Persist
  0x55b60fa00260 [fd  100] Read Persist
  0x55b60fa007f0 [fd  101] Read Persist
  0x55b60fa00d80 [fd  102] Read Persist
  0x55b60fa01310 [fd  103] Read Persist
  0x55b60fa018a0 [fd  104] Read Persist
  0x55b60fa01e30 [fd  105] Read Persist
  0x55b60fa023c0 [fd  106] Read Persist
  0x55b60fa02950 [fd  107] Read Persist
  0x55b60fa02ee0 [fd  108] Read Persist
  0x55b60fa03470 [fd  109] Read Persist
  0x55b60fa03a00 [fd  110] Read Persist
  0x55b60fa03f90 [fd  111] Read Persist
  0x55b60fa04520 [fd  112] Read Persist
  0x55b60fa04ab0 [fd  113] Read Persist
  0x55b60fa05040 [fd  114] Read Persist
  0x55b60fa055d0 [fd  115] Read Persist
  0x55b60fa05b60 [fd  116] Read Persist
  0x55b60fa060f0 [fd  117] Read Persist
  0x55b60fa06680 [fd  118] Read Persist
  0x55b60fa06c10 [fd  119] Read Persist
  0x55b60fa071a0 [fd  120] Read Persist
  0x55b60fa07730 [fd  121] Read Persist
  0x55b60fa07b50 [fd  122] Read Persist
  0x55b60fa07d70 [fd  123] Read Persist
  0x55b60fa08020 [fd  124] Read Persist
  0x55b60fa083c0 [fd  125] Read Persist
  0x55b60fa08760 [fd  126] Read Persist
  0x55b60fa08b00 [fd  127] Read Persist
  0x55b60fa271f0 [fd  135] Read Persist
  0x55b60fa275d0 [fd  136] Read Persist
Active events:
20260313-152119-2498 06965 * Cleanup         (server.cc:593):    Exporting stats to /mnt/extra/experiments/2026-04-13-15-20-09/out/server-0-6-1-stats-0.json.
20260313-152119-2500 06965 * Close           (replica.cc:815):   [1] ReadStatsSummary clean=130 dirty=0 total=130
20260313-152119-2501 06965 * Close           (replica.cc:820):   [1] ReadStatsClient client=27 clean=130 dirty=0
