20260110-074210-7513 12992 * Client          (client.cc:73):     Initializing StrongStore client with id [30]
20260110-074210-7518 12992 * BenchmarkClient (bench_client.cc:89): starting benchclient, issueConcurrent: 0; fanout: 1
Session created: 0
last_service: , current_state: 0
Session continued: 0
last_service: , current_state: 0
Session destroyed: 18446744073709551615
last_service: , current_state: 0
20260110-074704-8751 12992 * Stop            (tcptransport.cc:606): [TCP SUMMARY] outgoingCreated=10 outgoingClosed=0 incomingCreated=0 incomingClosed=0 outgoingPeak=10 incomingPeak=0
Inserted events:
  0x1cf05d0 [fd  7] Read Persist Internal
  0x1cf06e0 [fd  8] Read Persist
  0x1cf7500 [fd  9] Read Persist
  0x1ce9ed0 [fd  10] Read Persist
  0x1d167e0 [fd  11] Read Persist
  0x1d17a00 [fd  12] Read Persist
  0x1d16f30 [fd  13] Read Persist
  0x1d18fd0 [fd  14] Read Persist
  0x1d194f0 [fd  15] Read Persist
  0x1d19b10 [fd  16] Read Persist
  0x1d1a7d0 [fd  17] Read Persist
  0x7fe2c8000b20 [fd  -1] Persist Timeout=1770734824.902145
Active events:
20260110-074704-8754 12992 * ~BenchmarkClient (bench_client.cc:114): Stopped event loop and Joined the thread it ran on
