20260216-154143-9245 11200 * main            (server.cc:213):    Starting server.
20260216-154143-9249 11200 * main            (server.cc:331):    Creating a default paritioner!
20260216-154154-8804 11200 * main            (server.cc:490):    Done loading server.
20260216-154247-6835 11200 ! TCPIncomingEventCallback (tcptransport.cc:928): [TCP INCOMING 13] EOF, lifetime=41009.24 ms
20260216-154247-6945 11200 ! TCPIncomingEventCallback (tcptransport.cc:928): [TCP INCOMING 16] EOF, lifetime=41018.60 ms
20260216-154247-6961 11200 ! TCPIncomingEventCallback (tcptransport.cc:928): [TCP INCOMING 10] EOF, lifetime=41023.11 ms
20260216-154247-6994 11200 ! TCPIncomingEventCallback (tcptransport.cc:928): [TCP INCOMING 28] EOF, lifetime=41015.77 ms
20260216-154247-6996 11200 ! TCPIncomingEventCallback (tcptransport.cc:928): [TCP INCOMING 3] EOF, lifetime=41036.82 ms
20260216-154247-6997 11200 ! TCPIncomingEventCallback (tcptransport.cc:928): [TCP INCOMING 24] EOF, lifetime=41019.79 ms
20260216-154247-7001 11200 ! TCPIncomingEventCallback (tcptransport.cc:928): [TCP INCOMING 19] EOF, lifetime=41023.62 ms
20260216-154247-7002 11200 ! TCPIncomingEventCallback (tcptransport.cc:928): [TCP INCOMING 21] EOF, lifetime=41022.71 ms
20260216-154247-7016 11200 ! TCPIncomingEventCallback (tcptransport.cc:928): [TCP INCOMING 25] EOF, lifetime=41020.51 ms
20260216-154247-7017 11200 ! TCPIncomingEventCallback (tcptransport.cc:928): [TCP INCOMING 22] EOF, lifetime=41023.25 ms
20260216-154247-7018 11200 ! TCPIncomingEventCallback (tcptransport.cc:928): [TCP INCOMING 35] EOF, lifetime=41012.19 ms
20260216-154247-7020 11200 ! TCPIncomingEventCallback (tcptransport.cc:928): [TCP INCOMING 26] EOF, lifetime=41020.79 ms
20260216-154247-7024 11200 ! TCPIncomingEventCallback (tcptransport.cc:928): [TCP INCOMING 8] EOF, lifetime=41030.90 ms
20260216-154247-7104 11200 ! TCPIncomingEventCallback (tcptransport.cc:928): [TCP INCOMING 32] EOF, lifetime=41023.79 ms
20260216-154247-7126 11200 ! TCPIncomingEventCallback (tcptransport.cc:928): [TCP INCOMING 37] EOF, lifetime=41021.87 ms
20260216-154247-7130 11200 ! TCPIncomingEventCallback (tcptransport.cc:928): [TCP INCOMING 30] EOF, lifetime=41027.19 ms
20260216-154247-7131 11200 ! TCPIncomingEventCallback (tcptransport.cc:928): [TCP INCOMING 27] EOF, lifetime=41030.04 ms
20260216-154247-7137 11200 ! TCPIncomingEventCallback (tcptransport.cc:928): [TCP INCOMING 29] EOF, lifetime=41029.00 ms
20260216-154247-7137 11200 ! TCPIncomingEventCallback (tcptransport.cc:928): [TCP INCOMING 20] EOF, lifetime=41036.77 ms
20260216-154247-7146 11200 ! TCPIncomingEventCallback (tcptransport.cc:928): [TCP INCOMING 12] EOF, lifetime=41040.44 ms
20260216-154247-7147 11200 ! TCPIncomingEventCallback (tcptransport.cc:928): [TCP INCOMING 11] EOF, lifetime=41041.09 ms
20260216-154247-7290 11200 ! TCPIncomingEventCallback (tcptransport.cc:928): [TCP INCOMING 34] EOF, lifetime=41040.72 ms
20260216-154247-7291 11200 ! TCPIncomingEventCallback (tcptransport.cc:928): [TCP INCOMING 18] EOF, lifetime=41052.86 ms
20260216-154247-7293 11200 ! TCPIncomingEventCallback (tcptransport.cc:928): [TCP INCOMING 14] EOF, lifetime=41054.67 ms
20260216-154247-7299 11200 ! TCPIncomingEventCallback (tcptransport.cc:928): [TCP INCOMING 9] EOF, lifetime=41057.65 ms
20260216-154247-7300 11200 ! TCPIncomingEventCallback (tcptransport.cc:928): [TCP INCOMING 17] EOF, lifetime=41054.09 ms
20260216-154247-7301 11200 ! TCPIncomingEventCallback (tcptransport.cc:928): [TCP INCOMING 15] EOF, lifetime=41054.67 ms
20260216-154247-7303 11200 ! TCPIncomingEventCallback (tcptransport.cc:928): [TCP INCOMING 36] EOF, lifetime=41039.71 ms
20260216-154247-7318 11200 ! TCPIncomingEventCallback (tcptransport.cc:928): [TCP INCOMING 33] EOF, lifetime=41044.40 ms
20260216-154247-7449 11200 ! TCPIncomingEventCallback (tcptransport.cc:928): [TCP INCOMING 31] EOF, lifetime=41058.84 ms
20260216-154247-7450 11200 ! TCPIncomingEventCallback (tcptransport.cc:928): [TCP INCOMING 23] EOF, lifetime=41065.37 ms
20260216-154247-7451 11200 ! TCPIncomingEventCallback (tcptransport.cc:928): [TCP INCOMING 38] EOF, lifetime=41054.20 ms
20260216-154254-1302 11200 * Cleanup         (server.cc:548):    Gracefully exiting after signal 15.
20260216-154254-1302 11200 * Stop            (tcptransport.cc:581): [TCP SUMMARY] outgoingCreated=3 outgoingClosed=0 incomingCreated=35 incomingClosed=32 outgoingPeak=4 incomingPeak=32
Inserted events:
  0x563ca66f12f0 [fd  9] Read Persist Internal
  0x563ca66ec420 [fd  10] Read Persist
  0x563ca66eea20 [fd  11] Read Persist
  0x563cfc44e530 [fd  12] Read Persist
  0x563cfc44ef10 [fd  13] Read Persist
  0x563cfc450700 [fd  15] Read Persist
  0x563cfc4619d0 [fd  16] Read Persist
  0x563cfc44fb60 [fd  17] Read Persist
  0x563cfc47bcb0 [fd  18] Read Persist
  0x563cfc464550 [fd  -1] Timeout=1773693774.692229
Active events:
20260216-154254-1304 11200 * Cleanup         (server.cc:552):    Exporting stats to /mnt/extra/experiments/2026-03-16-15-41-41/out/server-0-0-0-stats-0.json.
double free or corruption (fasttop)
