20250303-190138-0880 20046 * main            (server.cc:208):    Starting server.
20250303-190150-3153 20046 * main            (server.cc:466):    Done loading server.
20250303-190150-6324 20046 * HandleRequestStateTransfer (replica.cc:832):   [1] Sending state transfer from <0,0> to <0,1464>
20250303-190150-6371 20046 * HandleRequestStateTransfer (replica.cc:832):   [1] Sending state transfer from <0,0> to <0,1464>
20250303-190150-6413 20046 * HandleRequestStateTransfer (replica.cc:832):   [1] Sending state transfer from <0,0> to <0,1464>
20250303-190150-6431 20046 * HandleRequestStateTransfer (replica.cc:832):   [1] Sending state transfer from <0,0> to <0,1464>
20250303-190150-6449 20046 * HandleRequestStateTransfer (replica.cc:832):   [1] Sending state transfer from <0,0> to <0,1464>
20250303-190150-6468 20046 * HandleRequestStateTransfer (replica.cc:832):   [1] Sending state transfer from <0,0> to <0,1464>
20250303-190150-6486 20046 * HandleRequestStateTransfer (replica.cc:832):   [1] Sending state transfer from <0,0> to <0,1464>
20250303-190150-6505 20046 * HandleRequestStateTransfer (replica.cc:832):   [1] Sending state transfer from <0,0> to <0,1464>
20250303-190150-6523 20046 * HandleRequestStateTransfer (replica.cc:832):   [1] Sending state transfer from <0,0> to <0,1464>
20250303-190150-6541 20046 * HandleRequestStateTransfer (replica.cc:832):   [1] Sending state transfer from <0,0> to <0,1464>
20250303-190150-6558 20046 * HandleRequestStateTransfer (replica.cc:832):   [1] Sending state transfer from <0,0> to <0,1464>
20250303-190150-6575 20046 * HandleRequestStateTransfer (replica.cc:832):   [1] Sending state transfer from <0,0> to <0,1464>
20250303-190150-6592 20046 * HandleRequestStateTransfer (replica.cc:832):   [1] Sending state transfer from <0,0> to <0,1464>
20250303-190150-6609 20046 * HandleRequestStateTransfer (replica.cc:832):   [1] Sending state transfer from <0,0> to <0,1464>
20250303-190150-6626 20046 * HandleRequestStateTransfer (replica.cc:832):   [1] Sending state transfer from <0,0> to <0,1464>
20250303-190150-6643 20046 * HandleRequestStateTransfer (replica.cc:832):   [1] Sending state transfer from <0,0> to <0,1464>
20250303-190150-6660 20046 * HandleRequestStateTransfer (replica.cc:832):   [1] Sending state transfer from <0,0> to <0,1464>
20250303-190150-6677 20046 * HandleRequestStateTransfer (replica.cc:832):   [1] Sending state transfer from <0,0> to <0,1464>
20250303-190150-6694 20046 * HandleRequestStateTransfer (replica.cc:832):   [1] Sending state transfer from <0,0> to <0,1464>
20250303-190150-6711 20046 * HandleRequestStateTransfer (replica.cc:832):   [1] Sending state transfer from <0,0> to <0,1464>
20250303-190150-6728 20046 * HandleRequestStateTransfer (replica.cc:832):   [1] Sending state transfer from <0,0> to <0,1464>
20250303-190150-6745 20046 * HandleRequestStateTransfer (replica.cc:832):   [1] Sending state transfer from <0,0> to <0,1464>
20250303-190150-6762 20046 * HandleRequestStateTransfer (replica.cc:832):   [1] Sending state transfer from <0,0> to <0,1464>
20250303-190150-6778 20046 * HandleRequestStateTransfer (replica.cc:832):   [1] Sending state transfer from <0,0> to <0,1464>
20250303-190150-6797 20046 * HandleRequestStateTransfer (replica.cc:832):   [1] Sending state transfer from <0,0> to <0,1464>
20250303-190150-6813 20046 * HandleRequestStateTransfer (replica.cc:832):   [1] Sending state transfer from <0,0> to <0,1464>
20250303-190150-6830 20046 * HandleRequestStateTransfer (replica.cc:832):   [1] Sending state transfer from <0,0> to <0,1464>
20250303-190150-6846 20046 * HandleRequestStateTransfer (replica.cc:832):   [1] Sending state transfer from <0,0> to <0,1464>
20250303-190150-6864 20046 * HandleRequestStateTransfer (replica.cc:832):   [1] Sending state transfer from <0,0> to <0,1464>
20250303-190150-6880 20046 * HandleRequestStateTransfer (replica.cc:832):   [1] Sending state transfer from <0,0> to <0,1464>
20250303-190150-6897 20046 * HandleRequestStateTransfer (replica.cc:832):   [1] Sending state transfer from <0,0> to <0,1464>
20250303-190150-6914 20046 * HandleRequestStateTransfer (replica.cc:832):   [1] Sending state transfer from <0,0> to <0,1464>
20250303-190150-6931 20046 * HandleRequestStateTransfer (replica.cc:832):   [1] Sending state transfer from <0,0> to <0,1464>
20250303-190150-6948 20046 * HandleRequestStateTransfer (replica.cc:832):   [1] Sending state transfer from <0,0> to <0,1464>
20250303-190150-6964 20046 * HandleRequestStateTransfer (replica.cc:832):   [1] Sending state transfer from <0,0> to <0,1464>
20250303-190150-6981 20046 * HandleRequestStateTransfer (replica.cc:832):   [1] Sending state transfer from <0,0> to <0,1464>
20250303-190150-6998 20046 * HandleRequestStateTransfer (replica.cc:832):   [1] Sending state transfer from <0,0> to <0,1464>
20250303-190150-7014 20046 * HandleRequestStateTransfer (replica.cc:832):   [1] Sending state transfer from <0,0> to <0,1464>
20250303-190150-7031 20046 * HandleRequestStateTransfer (replica.cc:832):   [1] Sending state transfer from <0,0> to <0,1464>
20250303-190150-7048 20046 * HandleRequestStateTransfer (replica.cc:832):   [1] Sending state transfer from <0,0> to <0,1464>
20250303-190150-7064 20046 * HandleRequestStateTransfer (replica.cc:832):   [1] Sending state transfer from <0,0> to <0,1464>
20250303-190150-7081 20046 * HandleRequestStateTransfer (replica.cc:832):   [1] Sending state transfer from <0,0> to <0,1464>
20250303-190150-7098 20046 * HandleRequestStateTransfer (replica.cc:832):   [1] Sending state transfer from <0,0> to <0,1464>
20250303-190150-7122 20046 * HandleRequestStateTransfer (replica.cc:832):   [1] Sending state transfer from <0,0> to <0,1464>
20250303-190150-7147 20046 * HandleRequestStateTransfer (replica.cc:832):   [1] Sending state transfer from <0,0> to <0,1464>
20250303-190150-7172 20046 * HandleRequestStateTransfer (replica.cc:832):   [1] Sending state transfer from <0,0> to <0,1464>
20250303-190150-7197 20046 * HandleRequestStateTransfer (replica.cc:832):   [1] Sending state transfer from <0,0> to <0,1464>
20250303-190150-7222 20046 * HandleRequestStateTransfer (replica.cc:832):   [1] Sending state transfer from <0,0> to <0,1464>
20250303-190232-5844 20046 * Cleanup         (server.cc:525):    Gracefully exiting after signal 15.
Inserted events:
  0x561687281f20 [fd  9] Read Persist Internal
  0x56168727f420 [fd  10] Read Persist
  0x561687281a20 [fd  11] Read Persist
  0x5616dcfdedd0 [fd  12] Read Persist
  0x5616dcfdf180 [fd  13] Read Persist
  0x5616dcfe0a80 [fd  14] Read Persist
  0x5616dd018fa0 [fd  15] Read Persist
  0x5616dcfded10 [fd  -1] Timeout=1743728557.306507
Active events:
20250303-190232-5851 20046 * Cleanup         (server.cc:529):    Exporting stats to /mnt/extra/experiments/2025-04-03-19-01-35/out/server-0-0-1-stats-0.json.
