basic_appreq,8010838,721302243745806,64
basic_appreq,7916397,721302251808804,64
basic_appreq,7914422,721302259825565,64
basic_appreq,7510187,721302267425466,64
basic_appreq,7676964,721302275197432,64
basic_appreq,8184897,721302283477822,64
basic_appreq,7851450,721302291431987,64
basic_appreq,8535028,721302300067625,64
basic_appreq,8203736,721302308364913,64
basic_appreq,8201060,721302316659611,64
basic_appreq,8327605,721302325070977,64
basic_appreq,9036450,721302334201160,64
basic_appreq,9170272,721302343464759,64
basic_appreq,9298536,721302352856908,64
basic_appreq,9171544,721302362121559,64
basic_appreq,8693867,721302370908684,64
basic_appreq,9382246,721302380384698,64
basic_appreq,8245148,721302388724496,64
basic_appreq,8768271,721302397586715,64
basic_appreq,6313600,721302403992806,64
basic_appreq,8658236,721302412777325,64
basic_appreq,9725284,721302422594954,64
basic_appreq,10073244,721302432760929,64
basic_appreq,7999080,721302440853066,64
basic_appreq,7930335,721302448875735,64
basic_appreq,8061275,721302457030237,64
basic_appreq,8405070,721302465528214,64
basic_appreq,8146914,721302473768926,64
basic_appreq,8548334,721302482409751,64
basic_appreq,9381202,721302491884085,64
basic_appreq,9117204,721302501093930,64
basic_appreq,9204642,721302510391973,64
basic_appreq,9089624,721302519574343,64
basic_appreq,9732987,721302529401605,64
basic_appreq,8973830,721302538470291,64
basic_appreq,8918821,721302547483166,64
basic_appreq,10833750,721302558409832,64
basic_appreq,10300789,721302568803142,64
basic_appreq,8940090,721302577836710,64
basic_appreq,9778053,721302587707945,64
basic_appreq,10579283,721302598380684,64
basic_appreq,9337392,721302607812000,64
basic_appreq,9884970,721302617790232,64
basic_appreq,9052122,721302626935426,64
basic_appreq,8776310,721302635805764,64
basic_appreq,9091974,721302644989928,64
basic_appreq,8167117,721302653252592,64
basic_appreq,8278986,721302661627542,64
basic_appreq,7630145,721302669351116,64
basic_appreq,9570659,721302678993216,64
basic_appreq,8484656,721302687571188,64
basic_appreq,8680000,721302696345062,64
basic_appreq,8547036,721302704985220,64
basic_appreq,8028297,721302713114097,64
basic_appreq,8097198,721302721307580,64
basic_appreq,8451644,721302729844457,64
basic_appreq,8469921,721302738408041,64
basic_appreq,8260118,721302746766097,64
basic_appreq,8387634,721302755247770,64
basic_appreq,8176292,721302763518081,64
basic_appreq,8089245,721302771705269,64
basic_appreq,7802843,721302779604436,64
basic_appreq,7541605,721302787239053,64
basic_appreq,8054569,721302795385972,64
basic_appreq,9245096,721302804723940,64
basic_appreq,8032071,721302812849779,64
basic_appreq,8178131,721302821099969,64
basic_appreq,6244410,721302827438899,64
basic_appreq,6088651,721302833621163,64
basic_appreq,6818451,721302840532786,64
basic_appreq,8407500,721302849033378,64
basic_appreq,8231672,721302857358819,64
basic_appreq,8957150,721302866410825,64
basic_appreq,8454530,721302874958512,64
basic_appreq,8819259,721302883898713,64
basic_appreq,8105327,721302892097343,64
basic_appreq,8970706,721302901162249,64
basic_appreq,8592106,721302909847397,64
basic_appreq,9124911,721302919066166,64
basic_appreq,9738299,721302928886577,64
basic_appreq,9663455,721302938643465,64
basic_appreq,9098098,721302947834169,64
basic_appreq,8852643,721302956779768,64
basic_appreq,9382962,721302966256122,64
basic_appreq,8870179,721302975206983,64
basic_appreq,8541442,721302983827019,64
basic_appreq,8770215,721302992672645,64
basic_appreq,8647606,721303001414845,64
basic_appreq,8286118,721303009794275,64
basic_appreq,6987795,721303016857581,64
basic_appreq,7300850,721303024231697,64
basic_appreq,6183507,721303030512039,64
basic_appreq,6654064,721303037237193,64
basic_appreq,6061243,721303043371160,64
basic_appreq,8154578,721303051596963,64
basic_appreq,9999286,721303061664990,64
basic_appreq,10029131,721303071787043,64
basic_appreq,9053295,721303080934683,64
basic_appreq,9507251,721303090536364,64
basic_appreq,9904988,721303100534167,64
basic_appreq,9681637,721303110310324,64
basic_appreq,9524543,721303119929677,64
basic_appreq,9158223,721303129215142,64
basic_appreq,9708149,721303139034029,64
basic_appreq,9034145,721303148162584,64
basic_appreq,9656103,721303157912651,64
basic_appreq,9021566,721303167027389,64
basic_appreq,9024938,721303176148060,64
basic_appreq,9698978,721303185944029,64
basic_appreq,10024505,721303196062378,64
basic_appreq,9451862,721303205608605,64
basic_appreq,9095759,721303214798237,64
basic_appreq,9758792,721303224650918,64
basic_appreq,9795768,721303234540630,64
basic_appreq,9284538,721303243925953,64
basic_appreq,9050498,721303253103200,64
basic_appreq,9579716,721303262776829,64
basic_appreq,10342371,721303273213721,64
basic_appreq,9637699,721303282944988,64
basic_appreq,9592454,721303292632514,64
basic_appreq,10599947,721303303326956,64
basic_appreq,9120215,721303312541741,64
basic_appreq,9047571,721303321670346,64
basic_appreq,8344619,721303330093207,64
basic_appreq,8607366,721303338793961,64
basic_appreq,8955842,721303347834110,64
basic_appreq,8684942,721303356610971,64
basic_appreq,9163365,721303365859234,64
basic_appreq,8585229,721303374539254,64
basic_appreq,8880342,721303383506594,64
basic_appreq,9216735,721303392816531,64
basic_appreq,9884325,721303402785222,64
basic_appreq,9506184,721303412386783,64
basic_appreq,9063032,721303421546254,64
basic_appreq,10307029,721303431947628,64
basic_appreq,9380731,721303441451441,64
basic_appreq,9557368,721303451086470,64
basic_appreq,9718573,721303460898461,64
basic_appreq,9621552,721303470614248,64
basic_appreq,9422084,721303480131358,64
basic_appreq,9503292,721303489729070,64
basic_appreq,9680995,721303499505232,64
basic_appreq,7991102,721303507586980,64
basic_appreq,7372752,721303515053048,64
basic_appreq,8846338,721303523994272,64
basic_appreq,9552271,721303533672086,64
basic_appreq,10058520,721303543825286,64
basic_appreq,11239640,721303555159301,64
basic_appreq,9337857,721303564591332,64
basic_appreq,9596024,721303574282993,64
basic_appreq,9507492,721303583883020,64
basic_appreq,8399889,721303592376637,64
basic_appreq,8363487,721303600853569,64
basic_appreq,8386938,721303609335078,64
basic_appreq,8687578,721303618116870,64
basic_appreq,8261912,721303626473953,64
basic_appreq,8081732,721303634650221,64
basic_appreq,6651212,721303641379158,64
basic_appreq,8028614,721303649484711,64
basic_appreq,8479624,721303658059201,64
basic_appreq,8176613,721303666329938,64
basic_appreq,9138448,721303675545235,64
basic_appreq,8918089,721303684556577,64
basic_appreq,10295125,721303694945706,64
basic_appreq,9948880,721303704988128,64
basic_appreq,8660481,721303713742573,64
basic_appreq,9011451,721303722848895,64
basic_appreq,8186291,721303731129301,64
basic_appreq,8531500,721303739754673,64
basic_appreq,8458259,721303748308771,64
basic_appreq,8173837,721303756576677,64
basic_appreq,8093525,721303764763654,64
basic_appreq,7750225,721303772585000,64
basic_appreq,8776650,721303781459293,64
basic_appreq,9352331,721303790908263,64
basic_appreq,8121350,721303799127696,64
basic_appreq,6123308,721303805345589,64
basic_appreq,8010286,721303813427792,64
basic_appreq,7550195,721303821075645,64
basic_appreq,7499522,721303828669726,64
basic_appreq,7902800,721303836670309,64
basic_appreq,6568289,721303843337278,64
basic_appreq,7246578,721303850657447,64
basic_appreq,8069298,721303858829079,64
basic_appreq,8321765,721303867247685,64
basic_appreq,8084504,721303875427596,64
basic_appreq,6281049,721303881780538,64
basic_appreq,8000890,721303889877551,64
basic_appreq,9050472,721303899024789,64
basic_appreq,7080947,721303906207980,64
basic_appreq,8328075,721303914631077,64
basic_appreq,8810841,721303923538647,64
basic_appreq,9070148,721303932682202,64
basic_appreq,9312698,721303942089801,64
basic_appreq,8284580,721303950468325,64
basic_appreq,8209780,721303958772610,64
basic_appreq,8918461,721303967785581,64
basic_appreq,9939788,721303977819463,64
basic_appreq,8051452,721303985964493,64
basic_appreq,8418256,721303994462770,64
basic_appreq,8703189,721304003260880,64
basic_appreq,8920140,721304012268764,64
basic_appreq,9121929,721304021483434,64
basic_appreq,8245594,721304029822887,64
basic_appreq,7962139,721304037862957,64
basic_appreq,7857555,721304045828379,64
basic_appreq,9938401,721304055861820,64
basic_appreq,8494813,721304064437823,64
basic_appreq,9234267,721304073764354,64
basic_appreq,9529032,721304083386358,64
basic_appreq,9729053,721304093211474,64
basic_appreq,10227007,721304103532075,64
basic_appreq,9995769,721304113608226,64
basic_appreq,10735040,721304124438342,64
basic_appreq,9184686,721304133713488,64
basic_appreq,9979567,721304143787890,64
basic_appreq,9840372,721304153722216,64
basic_appreq,8037334,721304161853825,64
basic_appreq,8120172,721304170065123,64
basic_appreq,9244169,721304179402509,64
basic_appreq,9763168,721304189260403,64
basic_appreq,10000360,721304199353708,64
basic_appreq,9388235,721304208833521,64
basic_appreq,10812911,721304219731074,64
basic_appreq,11167683,721304230994270,64
basic_appreq,9435129,721304240522270,64
basic_appreq,9499514,721304250116468,64
basic_appreq,9303011,721304259513458,64
basic_appreq,8916851,721304268524689,64
basic_appreq,9049321,721304277667934,64
basic_appreq,8274841,721304286063411,64
basic_appreq,6522517,721304292680504,64
basic_appreq,8236517,721304300989520,64
basic_appreq,10388684,721304311474047,64
basic_appreq,9844697,721304321415725,64
basic_appreq,9403806,721304330918256,64
basic_appreq,9901264,721304340916921,64
basic_appreq,9374778,721304350389807,64
basic_appreq,7215821,721304357679706,64
basic_appreq,7525567,721304365301823,64
basic_appreq,6724397,721304372122956,64
basic_appreq,7727051,721304379948842,64
basic_appreq,7863625,721304387938280,64
basic_appreq,7728440,721304395795654,64
basic_appreq,8267108,721304404159478,64
basic_appreq,8904178,721304413159254,64
basic_appreq,7212432,721304420468677,64
basic_appreq,8225257,721304428792494,64
basic_appreq,8347671,721304437246598,64
basic_appreq,8877520,721304446220818,64
basic_appreq,8531154,721304454849850,64
basic_appreq,8925682,721304463873435,64
basic_appreq,7424282,721304471395304,64
basic_appreq,7040733,721304478507288,64
basic_appreq,7805530,721304486412209,64
basic_appreq,8696152,721304495206520,64
basic_appreq,8535654,721304503840188,64
basic_appreq,8508472,721304512471290,64
basic_appreq,9531112,721304522100134,64
basic_appreq,8456074,721304530653975,64
basic_appreq,8873887,721304539626958,64
basic_appreq,9800564,721304549524372,64
basic_appreq,11249774,721304560872521,64
basic_appreq,11490138,721304572459194,64
basic_appreq,10696480,721304583251307,64
basic_appreq,9422334,721304592771995,64
basic_appreq,9132513,721304602000918,64
basic_appreq,9283686,721304611382642,64
basic_appreq,9264196,721304620742932,64
basic_appreq,8892430,721304629734217,64
basic_appreq,8649279,721304638481649,64
basic_appreq,9067282,721304647645917,64
basic_appreq,8027130,721304655770629,64
basic_appreq,8346670,721304664214806,64
basic_appreq,9797206,721304674114145,64
basic_appreq,12633109,721304686843338,64
basic_appreq,11581827,721304698523639,64
basic_appreq,9508775,721304708126889,64
basic_appreq,8858601,721304717084486,64
basic_appreq,8672699,721304725854782,64
basic_appreq,8273584,721304734225467,64
basic_appreq,7810616,721304742133975,64
basic_appreq,7484462,721304749716340,64
basic_appreq,7561475,721304757373489,64
basic_appreq,8377005,721304765843706,64
basic_appreq,7793512,721304773736388,64
basic_appreq,8422345,721304782257152,64
basic_appreq,7753829,721304790109852,64
basic_appreq,9095483,721304799278214,64
basic_appreq,10612390,721304809962331,64
basic_appreq,9450729,721304819511740,64
basic_appreq,7299887,721304826897016,64
basic_appreq,7236705,721304834230737,64
basic_appreq,6091583,721304840418595,64
basic_appreq,7252370,721304847743299,64
basic_appreq,8862125,721304856703868,64
basic_appreq,9428989,721304866229838,64
basic_appreq,9148711,721304875473856,64
basic_appreq,9315851,721304884886883,64
basic_appreq,9246054,721304894231626,64
basic_appreq,8218200,721304902548652,64
basic_appreq,8190005,721304910811100,64
basic_appreq,8352212,721304919234963,64
basic_appreq,8805804,721304928112108,64
basic_appreq,7018215,721304935202091,64
basic_appreq,7835288,721304943134295,64
basic_appreq,7679436,721304950910311,64
basic_appreq,8367162,721304959393468,64
basic_appreq,9113801,721304968633287,64
basic_appreq,9723675,721304978455346,64
basic_appreq,9841580,721304988396131,64
basic_appreq,10012889,721304998506783,64
basic_appreq,8187263,721305006791273,64
basic_appreq,7622232,721305014505730,64
basic_appreq,8208598,721305022811464,64
basic_appreq,8274106,721305031182465,64
basic_appreq,8357956,721305039637606,64
basic_appreq,9230226,721305048966131,64
basic_appreq,9371346,721305058431415,64
basic_appreq,9099051,721305067626796,64
basic_appreq,9084342,721305076807146,64
basic_appreq,9269869,721305086173645,64
basic_appreq,9024622,721305095295218,64
basic_appreq,8590493,721305103983117,64
basic_appreq,8882426,721305113005630,64
basic_appreq,9449361,721305122552824,64
basic_appreq,9250850,721305131899833,64
basic_appreq,9691765,721305141688860,64
basic_appreq,9286773,721305151072449,64
basic_appreq,8708121,721305159877054,64
basic_appreq,9153382,721305169125949,64
basic_appreq,7673407,721305176896477,64
basic_appreq,7506257,721305184474621,64
basic_appreq,8345005,721305192917936,64
basic_appreq,7967466,721305200981917,64
basic_appreq,6831390,721305207903768,64
basic_appreq,7433102,721305215432739,64
basic_appreq,6885673,721305222389622,64
basic_appreq,7594167,721305230055917,64
basic_appreq,6944865,721305237071076,64
basic_appreq,7880324,721305245035631,64
basic_appreq,8731149,721305253864116,64
basic_appreq,9204206,721305263166375,64
basic_appreq,10109068,721305273373963,64
basic_appreq,9011477,721305282483758,64
basic_appreq,10078673,721305292660935,64
basic_appreq,10513138,721305303271761,64
basic_appreq,10809749,721305314179493,64
basic_appreq,9491003,721305323766445,64
basic_appreq,8811933,721305332673860,64
basic_appreq,8313883,721305341081215,64
basic_appreq,8497871,721305349676634,64
basic_appreq,8580519,721305358354209,64
basic_appreq,8937285,721305367387542,64
basic_appreq,8955648,721305376438331,64
basic_appreq,7257308,721305383793811,64
basic_appreq,6785219,721305390677354,64
basic_appreq,7775694,721305398543304,64
basic_appreq,7260571,721305405898881,64
basic_appreq,8066427,721305414062468,64
basic_appreq,7496360,721305421652015,64
basic_appreq,9085985,721305430831017,64
basic_appreq,6901003,721305437826360,64
basic_appreq,7755483,721305445675425,64
basic_appreq,7773961,721305453542533,64
basic_appreq,7717780,721305461355154,64
basic_appreq,7655820,721305469105840,64
basic_appreq,7683365,721305476885570,64
basic_appreq,8735153,721305485713604,64
basic_appreq,7840115,721305493646686,64
basic_appreq,7259908,721305501000453,64
basic_appreq,7490064,721305508584782,64
basic_appreq,7682428,721305516362056,64
basic_appreq,7865203,721305524320546,64
basic_appreq,7108917,721305531522946,64
basic_appreq,7590809,721305539208526,64
basic_appreq,8528358,721305547831093,64
basic_appreq,8609776,721305556536116,64
basic_appreq,9045075,721305565675761,64
basic_appreq,7914433,721305573684093,64
basic_appreq,8157880,721305581936557,64
basic_appreq,7391871,721305589422859,64
basic_appreq,6169790,721305595687991,64
basic_appreq,7932295,721305603715984,64
basic_appreq,8274862,721305612088463,64
basic_appreq,9085780,721305621272181,64
basic_appreq,8864881,721305630265295,64
basic_appreq,8373962,721305638741596,64
basic_appreq,8492303,721305647331066,64
basic_appreq,7119708,721305654545203,64
basic_appreq,6554858,721305661173497,64
basic_appreq,7987748,721305669240324,64
basic_appreq,8157423,721305677473158,64
basic_appreq,8095489,721305685665939,64
basic_appreq,9871645,721305695633217,64
basic_appreq,9506058,721305705236426,64
basic_appreq,9214666,721305714547065,64
basic_appreq,8659788,721305723303398,64
basic_appreq,8914185,721305732311081,64
basic_appreq,8779071,721305741186026,64
basic_appreq,9099647,721305750383907,64
basic_appreq,8798776,721305759278336,64
basic_appreq,9203359,721305768579262,64
basic_appreq,9316273,721305777992465,64
basic_appreq,9662262,721305787751452,64
basic_appreq,8870374,721305796719629,64
basic_appreq,11388301,721305808204475,64
basic_appreq,8480495,721305816780969,64
basic_appreq,10356905,721305827234288,64
basic_appreq,9412486,721305836763877,64
basic_appreq,9723551,721305846584232,64
basic_appreq,8507172,721305855187709,64
basic_appreq,8854838,721305864136366,64
basic_appreq,9107591,721305873340862,64
basic_appreq,7913135,721305881349840,64
basic_appreq,6815479,721305888258641,64
basic_appreq,6944570,721305895273951,64
basic_appreq,8172648,721305903547484,64
basic_appreq,8880798,721305912526125,64
basic_appreq,9610296,721305922232655,64
basic_appreq,10741470,721305933069578,64
basic_appreq,7951033,721305941092624,64
basic_appreq,6959094,721305948124211,64
basic_appreq,7431603,721305955618139,64
basic_appreq,6889798,721305962600447,64
basic_appreq,6937845,721305969611471,64
basic_appreq,7991156,721305977699353,64
basic_appreq,8119299,721305985916876,64
basic_appreq,8431287,721305994443009,64
basic_appreq,8105558,721306002644830,64
basic_appreq,8529390,721306011272083,64
basic_appreq,9562636,721306020930682,64
basic_appreq,9633200,721306030659279,64
basic_appreq,9466130,721306040220841,64
basic_appreq,10086560,721306050403781,64
basic_appreq,10786957,721306061287482,64
basic_appreq,8744906,721306070130001,64
basic_appreq,7038348,721306077264804,64
basic_appreq,8110915,721306085472524,64
basic_appreq,8460775,721306094031012,64
basic_appreq,8275774,721306102403421,64
basic_appreq,8585270,721306111087942,64
basic_appreq,9140758,721306120323992,64
basic_appreq,8985522,721306129408209,64
basic_appreq,9004932,721306138509911,64
basic_appreq,7666114,721306146274048,64
basic_appreq,7968499,721306154339297,64
basic_appreq,8062883,721306162501051,64
basic_appreq,8712545,721306171316486,64
basic_appreq,8513423,721306179927877,64
basic_appreq,8623558,721306188679990,64
basic_appreq,7195605,721306195971979,64
basic_appreq,8010711,721306204078614,64
basic_appreq,7270299,721306211420780,64
basic_appreq,8677775,721306220195796,64
basic_appreq,8351300,721306228645335,64
basic_appreq,7828397,721306236567736,64
basic_appreq,6674782,721306243338787,64
basic_appreq,6339675,721306249776511,64
basic_appreq,6631626,721306256495706,64
basic_appreq,6840707,721306263433805,64
basic_appreq,7649516,721306271157088,64
basic_appreq,6903809,721306278132870,64
basic_appreq,7576702,721306285803776,64
basic_appreq,6808428,721306292732358,64
basic_appreq,9798680,721306302624872,64
basic_appreq,9414311,721306312132364,64
basic_appreq,8440658,721306320666920,64
basic_appreq,7796273,721306328556446,64
basic_appreq,7999435,721306336652531,64
basic_appreq,7846319,721306344592794,64
basic_appreq,8580364,721306353262736,64
basic_appreq,10257168,721306363613937,64
basic_appreq,8789070,721306372497372,64
basic_appreq,8500718,721306381091918,64
basic_appreq,9208190,721306390393721,64
basic_appreq,8168705,721306398652961,64
basic_appreq,8739279,721306407485682,64
basic_appreq,9216890,721306416795795,64
basic_appreq,9127692,721306426017742,64
basic_appreq,8943980,721306435054208,64
basic_appreq,7693312,721306442839750,64
basic_appreq,7454396,721306450388787,64
basic_appreq,7943666,721306458426692,64
basic_appreq,8320107,721306466840518,64
basic_appreq,8553662,721306475486554,64
basic_appreq,7248126,721306482827933,64
basic_appreq,6681407,721306489601890,64
basic_appreq,8029385,721306497726146,64
basic_appreq,8616318,721306506437054,64
basic_appreq,8961455,721306515491952,64
basic_appreq,9078417,721306524664799,64
basic_appreq,8992323,721306533749984,64
basic_appreq,8011859,721306541846505,64
basic_appreq,7582811,721306549522443,64
basic_appreq,8821124,721306558438367,64
basic_appreq,7930414,721306566465908,64
basic_appreq,8174323,721306574733855,64
basic_appreq,8571197,721306583395266,64
basic_appreq,8843160,721306592332260,64
basic_appreq,8558463,721306600995030,64
basic_appreq,8984825,721306610062062,64
basic_appreq,8650381,721306618809409,64
basic_appreq,83961188,721306702864816,64
basic_appreq,12281461,721306715239900,64
basic_appreq,11119421,721306726455861,64
basic_appreq,10384659,721306736934073,64
basic_appreq,7395274,721306744422624,64
basic_appreq,7674143,721306752190626,64
basic_appreq,7935436,721306760220737,64
basic_appreq,7865459,721306768180000,64
basic_appreq,8136424,721306776412889,64
basic_appreq,7368677,721306783906678,64
basic_appreq,8171651,721306792265325,64
basic_appreq,10825200,721306803171688,64
basic_appreq,8998032,721306812264100,64
basic_appreq,8997855,721306821360885,64
basic_appreq,8951272,721306830405344,64
basic_appreq,7972223,721306838471681,64
basic_appreq,7439071,721306846005477,64
basic_appreq,7860793,721306853959843,64
basic_appreq,7659930,721306861714784,64
basic_appreq,8202724,721306870011427,64
basic_appreq,6606788,721306876711467,64
basic_appreq,6435194,721306883239828,64
basic_appreq,8108268,721306891444431,64
basic_appreq,9021872,721306900543267,64
basic_appreq,8137437,721306908757522,64
basic_appreq,9112518,721306917963658,64
basic_appreq,10314942,721306928371221,64
basic_appreq,7372005,721306935833946,64
basic_appreq,6579574,721306942511319,64
basic_appreq,7968298,721306950569256,64
basic_appreq,7811854,721306958476622,64
basic_appreq,9289826,721306967865543,64
basic_appreq,9388284,721306977347511,64
basic_appreq,9573351,721306987013356,64
basic_appreq,10289147,721306997396307,64
basic_appreq,8833538,721307006324009,64
basic_appreq,8235396,721307014652872,64
basic_appreq,9244524,721307023990047,64
basic_appreq,9064567,721307033177509,64
basic_appreq,8815365,721307042112598,64
basic_appreq,9785264,721307051988874,64
basic_appreq,9204271,721307061315610,64
basic_appreq,6824079,721307068232546,64
basic_appreq,8153389,721307076483191,64
basic_appreq,8869632,721307085446531,64
basic_appreq,8380058,721307093919615,64
basic_appreq,8429141,721307102444714,64
basic_appreq,8181355,721307110719191,64
basic_appreq,6645317,721307117459564,64
basic_appreq,7458476,721307125011388,64
basic_appreq,6935473,721307132041075,64
basic_appreq,6578668,721307138690318,64
basic_appreq,8480060,721307147268070,64
basic_appreq,8727536,721307156093810,64
basic_appreq,9398408,721307165590977,64
basic_appreq,10105785,721307175794380,64
basic_appreq,9270826,721307185162282,64
basic_appreq,9122526,721307194381102,64
basic_appreq,7173963,721307201652397,64
basic_appreq,7352910,721307209102158,64
basic_appreq,9483847,721307218682315,64
basic_appreq,8618175,721307227397055,64
basic_appreq,8707154,721307236202608,64
basic_appreq,8104806,721307244380118,64
basic_appreq,8894109,721307253368176,64
basic_appreq,7901263,721307261366178,64
basic_appreq,7803599,721307269266854,64
basic_appreq,7982151,721307277345645,64
basic_appreq,8809231,721307286249080,64
basic_appreq,8348900,721307294689928,64
basic_appreq,10541385,721307305324595,64
basic_appreq,8118061,721307313523921,64
basic_appreq,8564256,721307322181209,64
basic_appreq,7692316,721307329967618,64
basic_appreq,6580026,721307336640430,64
basic_appreq,7355677,721307344085199,64
basic_appreq,7688205,721307351867043,64
basic_appreq,5880352,721307357840106,64
basic_appreq,6326386,721307364236399,64
basic_appreq,8291105,721307372624830,64
basic_appreq,9087003,721307381809641,64
basic_appreq,9007819,721307390914356,64
basic_appreq,9130224,721307400142762,64
basic_appreq,8516681,721307408757662,64
basic_appreq,8660274,721307417514616,64
basic_appreq,10203222,721307427815430,64
basic_appreq,11299039,721307439213273,64
basic_appreq,10569911,721307449881769,64
basic_appreq,11001535,721307460982299,64
basic_appreq,10908996,721307471987805,64
basic_appreq,10493668,721307482614939,64
basic_appreq,10031989,721307492741964,64
basic_appreq,9239643,721307502080251,64
basic_appreq,9273041,721307511450133,64
basic_appreq,9852545,721307521400847,64
basic_appreq,7299541,721307528798341,64
basic_appreq,8459972,721307537331890,64
basic_appreq,8823530,721307546251534,64
basic_appreq,10783217,721307557131682,64
basic_appreq,8572400,721307565801885,64
basic_appreq,9804408,721307575702853,64
basic_appreq,9215687,721307585015486,64
basic_appreq,9929114,721307595040688,64
basic_appreq,9542504,721307604680474,64
basic_appreq,6867880,721307611640985,64
basic_appreq,8605683,721307620343192,64
basic_appreq,8761645,721307629199608,64
basic_appreq,7493523,721307636789601,64
basic_appreq,7229308,721307644090831,64
basic_appreq,8607412,721307652793068,64
basic_appreq,7882683,721307660770041,64
basic_appreq,8084242,721307668962110,64
basic_appreq,10304764,721307679362100,64
basic_appreq,10464716,721307689911238,64
basic_appreq,9896898,721307699900707,64
basic_appreq,10836361,721307710820678,64
basic_appreq,10252466,721307721166572,64
basic_appreq,10465502,721307731753382,64
basic_appreq,10982462,721307742830078,64
basic_appreq,10642976,721307753567263,64
basic_appreq,10284105,721307763946395,64
basic_appreq,10980923,721307775048539,64
basic_appreq,10017009,721307785154215,64
basic_appreq,9752818,721307795001974,64
basic_appreq,9170377,721307804253480,64
basic_appreq,8795559,721307813141384,64
basic_appreq,9052162,721307822288041,64
basic_appreq,8985672,721307831368739,64
basic_appreq,9452509,721307840911899,64
basic_appreq,8552344,721307849557379,64
basic_appreq,8410722,721307858061264,64
basic_appreq,8654436,721307866793251,64
basic_appreq,8660209,721307875547344,64
basic_appreq,10301020,721307885931957,64
basic_appreq,8782825,721307894808832,64
basic_appreq,8063350,721307902964932,64
basic_appreq,8493442,721307911553305,64
basic_appreq,8045433,721307919692961,64
basic_appreq,10491397,721307930278503,64
basic_appreq,8826653,721307939204407,64
basic_appreq,7888612,721307947186076,64
basic_appreq,8163924,721307955421726,64
basic_appreq,7700400,721307963218400,64
basic_appreq,8841315,721307972157313,64
basic_appreq,8547221,721307980803048,64
basic_appreq,7999782,721307988895180,64
basic_appreq,8363142,721307997330390,64
basic_appreq,7506438,721308004935378,64
basic_appreq,9163906,721308014198190,64
basic_appreq,9469960,721308023766083,64
basic_appreq,9006685,721308032871037,64
basic_appreq,9800104,721308042767500,64
basic_appreq,9685397,721308052549877,64
basic_appreq,8529685,721308061177200,64
basic_appreq,9012656,721308070287523,64
basic_appreq,9290216,721308079674544,64
basic_appreq,9412947,721308089185128,64
basic_appreq,8976556,721308098258620,64
basic_appreq,9051104,721308107407025,64
basic_appreq,8740928,721308116245565,64
basic_appreq,8774294,721308125114420,64
basic_appreq,9481577,721308134692697,64
basic_appreq,9522513,721308144313237,64
basic_appreq,7677706,721308152089638,64
basic_appreq,7760224,721308159921665,64
basic_appreq,8896710,721308168945395,64
basic_appreq,9964767,721308179006812,64
basic_appreq,8742722,721308187847591,64
basic_appreq,8033339,721308195978192,64
basic_appreq,6212009,721308202314245,64
basic_appreq,6668828,721308209055101,64
basic_appreq,8156507,721308217300905,64
basic_appreq,7968187,721308225352637,64
basic_appreq,6153994,721308231603281,64
basic_appreq,7109072,721308238774724,64
basic_appreq,6719641,721308245591912,64
basic_appreq,7962625,721308253648450,64
basic_appreq,8782640,721308262527500,64
basic_appreq,9041858,721308271665671,64
basic_appreq,8352276,721308280115716,64
basic_appreq,9032146,721308289245880,64
basic_appreq,9291545,721308298634114,64
basic_appreq,9698326,721308308430088,64
basic_appreq,8024108,721308316526996,64
basic_appreq,6949251,721308323575332,64
basic_appreq,6641714,721308330288984,64
basic_appreq,7009396,721308337396227,64
basic_appreq,7631780,721308345099253,64
basic_appreq,7939912,721308353111634,64
basic_appreq,6812251,721308359995406,64
basic_appreq,7107420,721308367200668,64
basic_appreq,8205746,721308375503545,64
basic_appreq,6779075,721308382380152,64
basic_appreq,6557974,721308389010093,64
basic_appreq,7033743,721308396115743,64
basic_appreq,8238547,721308404478424,64
basic_appreq,7330930,721308411903163,64
basic_appreq,7883410,721308419880035,64
basic_appreq,8838921,721308428812474,64
basic_appreq,7638625,721308436549112,64
basic_appreq,7965426,721308444607696,64
basic_appreq,8105914,721308452807052,64
basic_appreq,6056176,721308458960825,64
basic_appreq,9198357,721308468257210,64
basic_appreq,6459215,721308474809682,64
basic_appreq,7521664,721308482403198,64
basic_appreq,6950929,721308489422447,64
basic_appreq,7826723,721308497345188,64
basic_appreq,8158752,721308505601082,64
basic_appreq,8386532,721308514084013,64
basic_appreq,7459148,721308521642552,64
basic_appreq,7823536,721308529538908,64
basic_appreq,6879188,721308536491366,64
basic_appreq,8006317,721308544596106,64
basic_appreq,8121114,721308552812813,64
basic_appreq,8097444,721308560985768,64
basic_appreq,7516771,721308568574858,64
basic_appreq,8757321,721308577410451,64
basic_appreq,8797143,721308586279421,64
basic_appreq,8563894,721308594915208,64
basic_appreq,9115405,721308604127483,64
basic_appreq,9449773,721308613649739,64
basic_appreq,8665723,721308622412091,64
basic_appreq,8450772,721308630956792,64
basic_appreq,8539748,721308639576892,64
basic_appreq,8090117,721308647762021,64
basic_appreq,8136975,721308655978532,64
basic_appreq,8220687,721308664297802,64
basic_appreq,7084820,721308671477730,64
basic_appreq,9940781,721308681490468,64
basic_appreq,8992338,721308690554092,64
basic_appreq,8072581,721308698698846,64
basic_appreq,8327972,721308707120290,64
basic_appreq,9081755,721308716296124,64
basic_appreq,9250738,721308725641443,64
basic_appreq,9066882,721308734802243,64
basic_appreq,7195609,721308742088784,64
basic_appreq,6834277,721308749015762,64
basic_appreq,5657082,721308754766658,64
basic_appreq,8543001,721308763407337,64
basic_appreq,8406764,721308771911633,64
basic_appreq,8377806,721308780416039,64
basic_appreq,8694554,721308789205760,64
basic_appreq,9699458,721308799001107,64
basic_appreq,10303511,721308809400451,64
basic_appreq,9262411,721308818761803,64
basic_appreq,9707343,721308828566808,64
basic_appreq,9419497,721308838083040,64
basic_appreq,8095895,721308846274548,64
basic_appreq,8904514,721308855278111,64
basic_appreq,9466852,721308864843187,64
basic_appreq,9315070,721308874256956,64
basic_appreq,9243742,721308883597444,64
basic_appreq,8488324,721308892182088,64
basic_appreq,9510924,721308901787708,64
basic_appreq,9440371,721308911326584,64
basic_appreq,9504425,721308920928586,64
basic_appreq,10535240,721308931561233,64
basic_appreq,7617777,721308939277273,64
basic_appreq,6901945,721308946280218,64
basic_appreq,8502868,721308954879416,64
basic_appreq,9080448,721308964058648,64
basic_appreq,9986918,721308974143074,64
basic_appreq,9312313,721308983553310,64
basic_appreq,9272399,721308992922785,64
basic_appreq,9296792,721309002318597,64
basic_appreq,8836750,721309011254203,64
basic_appreq,8358291,721309019706553,64
basic_appreq,8427608,721309028227197,64
basic_appreq,8340690,721309036647778,64
basic_appreq,9080869,721309045821949,64
basic_appreq,11140319,721309057055531,64
basic_appreq,11864615,721309069009765,64
basic_appreq,12244405,721309081366937,64
basic_appreq,10051087,721309091512654,64
basic_appreq,9411684,721309101018217,64
basic_appreq,8501470,721309109613225,64
basic_appreq,8182011,721309117890733,64
basic_appreq,8274456,721309126261533,64
basic_appreq,7610360,721309133970428,64
basic_appreq,8103974,721309142172394,64
basic_appreq,7686603,721309149953011,64
basic_appreq,8126933,721309158173777,64
basic_appreq,8224434,721309166492546,64
basic_appreq,9185016,721309175772253,64
basic_appreq,6976759,721309182837162,64
basic_appreq,7805559,721309190726582,64
basic_appreq,7752566,721309198564692,64
basic_appreq,7795516,721309206454207,64
basic_appreq,7219926,721309213768437,64
basic_appreq,7852298,721309221717521,64
basic_appreq,7876279,721309229690680,64
basic_appreq,8455838,721309238240788,64
basic_appreq,8686446,721309247019237,64
basic_appreq,9368424,721309256485113,64
basic_appreq,8784263,721309265365184,64
basic_appreq,8268673,721309273729274,64
basic_appreq,8890635,721309282714344,64
basic_appreq,9256703,721309292065152,64
basic_appreq,9587693,721309301748167,64
basic_appreq,9671198,721309311516341,64
basic_appreq,8387680,721309319998231,64
basic_appreq,6766158,721309326871318,64
basic_appreq,7217310,721309334181865,64
basic_appreq,8069700,721309342325517,64
basic_appreq,7439071,721309349859068,64
basic_appreq,6379754,721309356332555,64
basic_appreq,7232394,721309363659580,64
basic_appreq,6906206,721309370662631,64
basic_appreq,7766444,721309378501959,64
basic_appreq,7962289,721309386536948,64
basic_appreq,7688076,721309394297141,64
basic_appreq,7955989,721309402326211,64
basic_appreq,7560534,721309409958772,64
basic_appreq,7709045,721309417740045,64
basic_appreq,7331170,721309425166968,64
basic_appreq,7699252,721309432963321,64
basic_appreq,7265206,721309440325703,64
basic_appreq,8291591,721309448698107,64
basic_appreq,6950072,721309455744544,64
basic_appreq,8028363,721309463844984,64
basic_appreq,7316115,721309471259338,64
basic_appreq,8142393,721309479504416,64
basic_appreq,8017017,721309487618865,64
basic_appreq,8216982,721309495934060,64
basic_appreq,9100123,721309505164181,64
basic_appreq,8794688,721309514056120,64
basic_appreq,7875001,721309522028769,64
basic_appreq,8174699,721309530301691,64
basic_appreq,7470269,721309537869446,64
basic_appreq,7681109,721309545642029,64
basic_appreq,8451443,721309554186273,64
basic_appreq,8622371,721309562905094,64
basic_appreq,7382675,721309570383472,64
basic_appreq,7917279,721309578395536,64
basic_appreq,8519687,721309587011964,64
basic_appreq,8078494,721309595187244,64
basic_appreq,6531513,721309601817366,64
basic_appreq,7620795,721309609511988,64
basic_appreq,7004103,721309616611793,64
basic_appreq,6361582,721309623058955,64
basic_appreq,6924633,721309630077918,64
basic_appreq,6315771,721309636490413,64
basic_appreq,6358635,721309642940657,64
basic_appreq,7072066,721309650097506,64
basic_appreq,6845124,721309657004458,64
basic_appreq,6763773,721309663839086,64
basic_appreq,7034855,721309670950314,64
basic_appreq,7338367,721309678387270,64
basic_appreq,7187379,721309685635507,64
basic_appreq,6350505,721309692067463,64
basic_appreq,7608558,721309699806025,64
basic_appreq,6988733,721309706894641,64
basic_appreq,6436056,721309713404744,64
basic_appreq,6282818,721309719756318,64
basic_appreq,6379173,721309726218384,64
basic_appreq,5928083,721309732210360,64
basic_appreq,6089143,721309738382937,64
basic_appreq,7409492,721309745886037,64
basic_appreq,6372158,721309752351321,64
basic_appreq,8166479,721309760581685,64
basic_appreq,6039407,721309766720980,64
basic_appreq,8644297,721309775439243,64
basic_appreq,8389956,721309783929482,64
basic_appreq,8261275,721309792320905,64
basic_appreq,9071952,721309801492866,64
basic_appreq,9049456,721309810642931,64
basic_appreq,8627974,721309819369430,64
basic_appreq,9397345,721309828867815,64
basic_appreq,9460212,721309838427434,64
basic_appreq,8547391,721309847074898,64
basic_appreq,7779545,721309854953122,64
basic_appreq,8800786,721309863854989,64
basic_appreq,9174463,721309873129719,64
basic_appreq,9987369,721309883217437,64
basic_appreq,9834954,721309893152770,64
basic_appreq,8394401,721309901647254,64
basic_appreq,8399777,721309910143962,64
basic_appreq,9013738,721309919257567,64
basic_appreq,9379469,721309928733896,64
basic_appreq,8422350,721309937253047,64
basic_appreq,7591857,721309944942246,64
basic_appreq,7942107,721309952983819,64
basic_appreq,8075288,721309961156503,64
basic_appreq,8838148,721309970091673,64
basic_appreq,8463337,721309978651353,64
basic_appreq,8317186,721309987065544,64
basic_appreq,8409074,721309995569204,64
basic_appreq,7927870,721310003595423,64
basic_appreq,8255952,721310011948476,64
basic_appreq,8629828,721310020702544,64
basic_appreq,7924697,721310028724928,64
basic_appreq,7323101,721310036141532,64
basic_appreq,6398058,721310042635793,64
basic_appreq,7241901,721310049973047,64
basic_appreq,9155793,721310059224192,64
basic_appreq,9424469,721310068745256,64
basic_appreq,9784381,721310078624919,64
basic_appreq,9870087,721310088591696,64
basic_appreq,9103230,721310097791496,64
basic_appreq,8745878,721310106635749,64
basic_appreq,7747179,721310114477087,64
basic_appreq,7981844,721310122558312,64
basic_appreq,6646831,721310129296532,64
basic_appreq,6546347,721310135935790,64
basic_appreq,6070119,721310142128455,64
basic_appreq,7240538,721310149441682,64
basic_appreq,7030350,721310156545713,64
basic_appreq,7467001,721310164086556,64
basic_appreq,8407701,721310172568179,64
basic_appreq,8865688,721310181516114,64
basic_appreq,7989803,721310189600061,64
basic_appreq,8263511,721310197957857,64
basic_appreq,9384440,721310207436431,64
basic_appreq,9903033,721310217433874,64
basic_appreq,8927301,721310226449305,64
basic_appreq,8352593,721310234896699,64
basic_appreq,8640128,721310243647158,64
basic_appreq,9280523,721310253021114,64
basic_appreq,8915037,721310262030371,64
basic_appreq,6685502,721310268808117,64
basic_appreq,7471937,721310276376760,64
basic_appreq,7260581,721310283733304,64
basic_appreq,7459043,721310291278226,64
basic_appreq,8186416,721310299564796,64
basic_appreq,9570950,721310309234545,64
basic_appreq,8338530,721310317670247,64
basic_appreq,8144188,721310325901132,64
basic_appreq,6834357,721310332832199,64
basic_appreq,7396387,721310340325562,64
basic_appreq,7691047,721310348121534,64
basic_appreq,7831719,721310356048420,64
basic_appreq,8175992,721310364321464,64
basic_appreq,8781797,721310373196247,64
basic_appreq,9681808,721310382975392,64
basic_appreq,9340141,721310392412660,64
basic_appreq,9369777,721310401880440,64
basic_appreq,8985055,721310410964411,64
basic_appreq,8512831,721310419574488,64
basic_appreq,10335169,721310429980688,64
basic_appreq,7634126,721310437686676,64
basic_appreq,7789421,721310445571339,64
basic_appreq,7732419,721310453401711,64
basic_appreq,7895208,721310461394245,64
basic_appreq,6683572,721310468174157,64
basic_appreq,7596402,721310475866708,64
basic_appreq,8069348,721310484033348,64
basic_appreq,7188368,721310491320230,64
basic_appreq,6969362,721310498383140,64
basic_appreq,7224798,721310505680521,64
basic_appreq,6906124,721310512658082,64
basic_appreq,7414144,721310520169562,64
basic_appreq,6522677,721310526764602,64
basic_appreq,8066793,721310534927389,64
basic_appreq,8468758,721310543493604,64
basic_appreq,8295505,721310551884787,64
basic_appreq,8678271,721310560659147,64
basic_appreq,8928563,721310569682120,64
basic_appreq,9157503,721310578937511,64
basic_appreq,7697963,721310586734049,64
basic_appreq,7563391,721310594393723,64
basic_appreq,8280285,721310602771320,64
basic_appreq,7892180,721310610761869,64
basic_appreq,6456704,721310617289814,64
basic_appreq,6708069,721310624069464,64
basic_appreq,8144133,721310632311235,64
basic_appreq,8181956,721310640593409,64
basic_appreq,8663086,721310649354022,64
basic_appreq,8554764,721310658007971,64
basic_appreq,8864385,721310666970094,64
basic_appreq,8917899,721310675985976,64
basic_appreq,9726888,721310685841703,64
basic_appreq,8239611,721310694177683,64
basic_appreq,8001576,721310702277347,64
basic_appreq,6098043,721310708452395,64
basic_appreq,6743832,721310715268586,64
basic_appreq,7079073,721310722419476,64
basic_appreq,7011054,721310729503465,64
basic_appreq,6800795,721310736375686,64
basic_appreq,7622648,721310744066603,64
basic_appreq,6307091,721310750470499,64
basic_appreq,6805256,721310757348659,64
basic_appreq,6960497,721310764401792,64
basic_appreq,7819892,721310772315031,64
basic_appreq,7075806,721310779507609,64
basic_appreq,6324219,721310785924925,64
basic_appreq,6682460,721310792702767,64
basic_appreq,7881536,721310800678161,64
basic_appreq,7537070,721310808315194,64
basic_appreq,7531345,721310815939305,64
basic_appreq,7206475,721310823275747,64
basic_appreq,7531110,721310830900325,64
basic_appreq,8107192,721310839098860,64
basic_appreq,8142413,721310847334766,64
basic_appreq,7882854,721310855310927,64
basic_appreq,7605980,721310863010400,64
basic_appreq,7198470,721310870302758,64
basic_appreq,7482372,721310877879155,64
basic_appreq,7838761,721310885811579,64
basic_appreq,7538292,721310893442487,64
basic_appreq,8202147,721310901737691,64
basic_appreq,8146654,721310909980518,64
basic_appreq,8655088,721310918726878,64
basic_appreq,7826494,721310926646919,64
basic_appreq,8160130,721310934901008,64
basic_appreq,7307254,721310942301750,64
basic_appreq,6546387,721310948942682,64
basic_appreq,7441302,721310956502915,64
basic_appreq,7461188,721310964057730,64
basic_appreq,7470164,721310971619217,64
basic_appreq,7985694,721310979697340,64
basic_appreq,9304179,721310989095173,64
basic_appreq,9168914,721310998344558,64
basic_appreq,9141926,721311007579386,64
basic_appreq,9228467,721311016904352,64
basic_appreq,8449745,721311025447459,64
basic_appreq,7584284,721311033114481,64
basic_appreq,6463003,721311039651456,64
basic_appreq,8141767,721311047888129,64
basic_appreq,9903625,721311057888203,64
basic_appreq,9218279,721311067214885,64
basic_appreq,9144511,721311076453039,64
basic_appreq,9188584,721311085773902,64
basic_appreq,9378271,721311095247741,64
basic_appreq,9141329,721311104486141,64
basic_appreq,8059370,721311112638968,64
basic_appreq,6888128,721311119622254,64
basic_appreq,7558699,721311127252144,64
basic_appreq,7071025,721311134394554,64
basic_appreq,7604536,721311142096111,64
basic_appreq,7716688,721311149908587,64
basic_appreq,7042948,721311157046030,64
basic_appreq,5731676,721311162849428,64
basic_appreq,6457826,721311169374841,64
basic_appreq,8339202,721311177796921,64
basic_appreq,8990658,721311186884430,64
basic_appreq,7817403,721311194803705,64
basic_appreq,9549580,721311204450591,64
basic_appreq,10860603,721311215409117,64
basic_appreq,9761398,721311225269410,64
basic_appreq,9226889,721311234594728,64
basic_appreq,9232357,721311243924361,64
basic_appreq,8764397,721311252825396,64
basic_appreq,8021202,721311260944214,64
basic_appreq,8079949,721311269117510,64
basic_appreq,8685994,721311277898525,64
basic_appreq,9035794,721311287028534,64
basic_appreq,9184060,721311296307208,64
basic_appreq,11007425,721311307397510,64
basic_appreq,11379286,721311318868529,64
basic_appreq,9674851,721311328637946,64
basic_appreq,9025579,721311337757419,64
basic_appreq,9216976,721311347069347,64
basic_appreq,9255089,721311356417838,64
basic_appreq,9150631,721311365664418,64
basic_appreq,8069814,721311373811497,64
basic_appreq,7968199,721311381860498,64
basic_appreq,8680997,721311390635444,64
basic_appreq,8896876,721311399621547,64
basic_appreq,9310804,721311409026436,64
basic_appreq,8957536,721311418079400,64
basic_appreq,9635139,721311427809484,64
basic_appreq,9888240,721311437793401,64
basic_appreq,8654450,721311446537511,64
basic_appreq,9131556,721311455750076,64
basic_appreq,8686415,721311464530600,64
basic_appreq,9550608,721311474172080,64
basic_appreq,9033352,721311483299401,64
basic_appreq,8267404,721311491661431,64
basic_appreq,7866998,721311499623354,64
basic_appreq,8078980,721311507795442,64
basic_appreq,7603128,721311515496779,64
basic_appreq,7463773,721311523053223,64
basic_appreq,7295447,721311530442273,64
basic_appreq,8072445,721311538610501,64
basic_appreq,7851126,721311546555500,64
basic_appreq,10715399,721311557364508,64
basic_appreq,7390288,721311564845907,64
basic_appreq,7507790,721311572446945,64
basic_appreq,8109282,721311580649850,64
basic_appreq,9468225,721311590197756,64
basic_appreq,8267578,721311598508904,64
basic_appreq,7594963,721311606186969,64
basic_appreq,7720769,721311613991416,64
basic_appreq,8145413,721311622222782,64
basic_appreq,7980993,721311630325458,64
basic_appreq,7968579,721311638387821,64
basic_appreq,8219573,721311646701523,64
basic_appreq,8220636,721311655016694,64
basic_appreq,8156336,721311663267254,64
basic_appreq,8232754,721311671593395,64
basic_appreq,9324331,721311681001126,64
basic_appreq,8503103,721311689597837,64
basic_appreq,8757150,721311698438616,64
basic_appreq,6940972,721311705451585,64
basic_appreq,7602049,721311713147358,64
basic_appreq,8396531,721311721637397,64
basic_appreq,8254454,721311729988271,64
basic_appreq,8313909,721311738477126,64
basic_appreq,8373201,721311746944491,64
basic_appreq,8357779,721311755392541,64
basic_appreq,7724145,721311763212860,64
basic_appreq,8229791,721311771538495,64
basic_appreq,8134917,721311779768328,64
basic_appreq,7680042,721311787543421,64
basic_appreq,7830016,721311795467496,64
basic_appreq,10395164,721311805956513,64
basic_appreq,9653246,721311815703533,64
basic_appreq,8633648,721311824430859,64
basic_appreq,9443447,721311833952489,64
basic_appreq,8275925,721311842310535,64
basic_appreq,8337578,721311850740488,64
basic_appreq,7884919,721311858704145,64
basic_appreq,8001135,721311866802511,64
basic_appreq,8151193,721311875046521,64
basic_appreq,8619765,721311883746754,64
basic_appreq,9235328,721311893059688,64
basic_appreq,8518058,721311901672211,64
basic_appreq,8773047,721311910522984,64
basic_appreq,8785982,721311919403761,64
basic_appreq,9805111,721311929291234,64
basic_appreq,9123057,721311938510264,64
basic_appreq,6751480,721311945371364,64
basic_appreq,7537961,721311952991947,64
basic_appreq,8827454,721311961915741,64
basic_appreq,9373815,721311971386582,64
basic_appreq,6995940,721311978478129,64
basic_appreq,8014972,721311986565715,64
basic_appreq,9402604,721311996065529,64
basic_appreq,9230301,721312005393658,64
basic_appreq,9397526,721312014889238,64
basic_appreq,7759056,721312022746818,64
basic_appreq,7270398,721312030088467,64
basic_appreq,7859890,721312038044968,64
basic_appreq,8915659,721312047056791,64
basic_appreq,10599750,721312057752179,64
basic_appreq,8774695,721312066622823,64
basic_appreq,8883925,721312075605463,64
basic_appreq,9461049,721312085163027,64
basic_appreq,8861272,721312094116619,64
basic_appreq,8063805,721312102275165,64
basic_appreq,8461507,721312110833743,64
basic_appreq,8621393,721312119550589,64
basic_appreq,7578476,721312127201182,64
basic_appreq,7097320,721312134389845,64
basic_appreq,6594630,721312141056368,64
basic_appreq,6117353,721312147268687,64
basic_appreq,7819161,721312155164838,64
basic_appreq,6431525,721312161693193,64
basic_appreq,6777832,721312168570346,64
basic_appreq,8750289,721312177416658,64
basic_appreq,9110703,721312186625259,64
basic_appreq,9083986,721312195806432,64
basic_appreq,10019314,721312205922114,64
basic_appreq,9652930,721312215673063,64
basic_appreq,9269824,721312225040585,64
basic_appreq,8317836,721312233449238,64
basic_appreq,8101268,721312241635078,64
basic_appreq,7961337,721312249693320,64
basic_appreq,7733026,721312257523787,64
basic_appreq,7905743,721312265526261,64
basic_appreq,6886654,721312272508127,64
basic_appreq,7355698,721312279936112,64
basic_appreq,6757734,721312286815068,64
basic_appreq,7094769,721312294008082,64
basic_appreq,8642548,721312302746614,64
basic_appreq,8067529,721312310912286,64
basic_appreq,7126463,721312318111533,64
basic_appreq,8456645,721312326663641,64
basic_appreq,7734033,721312334477420,64
basic_appreq,7992801,721312342563622,64
basic_appreq,8225221,721312350882682,64
basic_appreq,10069842,721312361024441,64
basic_appreq,9796455,721312370893014,64
basic_appreq,8553616,721312379518337,64
basic_appreq,7258972,721312386846194,64
basic_appreq,8115130,721312395054115,64
basic_appreq,6329543,721312401477160,64
basic_appreq,5749703,721312407298390,64
basic_appreq,6771577,721312414141873,64
basic_appreq,7278627,721312421517502,64
basic_appreq,8213840,721312429828673,64
basic_appreq,7601243,721312437526366,64
basic_appreq,8408348,721312446006306,64
basic_appreq,8462930,721312454565169,64
basic_appreq,7929828,721312462588741,64
basic_appreq,10423711,721312473110595,64
basic_appreq,9776433,721312482983227,64
basic_appreq,8581971,721312491637066,64
basic_appreq,7684874,721312499417939,64
basic_appreq,6591361,721312506104156,64
basic_appreq,8270427,721312514469279,64
basic_appreq,8673350,721312523239384,64
basic_appreq,9622856,721312532960823,64
basic_appreq,9339125,721312542398889,64
basic_appreq,10085773,721312552582621,64
basic_appreq,10432035,721312563112568,64
basic_appreq,8547928,721312571753057,64
basic_appreq,9307422,721312581158782,64
basic_appreq,9351383,721312590607572,64
basic_appreq,8433101,721312599136120,64
basic_appreq,8029195,721312607237423,64
basic_appreq,8124697,721312615460324,64
basic_appreq,6227024,721312621785692,64
basic_appreq,8511679,721312630382228,64
basic_appreq,7934229,721312638412440,64
basic_appreq,8727050,721312647235222,64
basic_appreq,8910327,721312656243568,64
basic_appreq,9135185,721312665473869,64
basic_appreq,9740139,721312675308097,64
basic_appreq,10079519,721312685484687,64
basic_appreq,8812709,721312694393941,64
basic_appreq,6867696,721312701354563,64
basic_appreq,7585593,721312709012749,64
basic_appreq,6350681,721312715459720,64
basic_appreq,8060308,721312723618678,64
basic_appreq,7894526,721312731608661,64
basic_appreq,7631473,721312739337461,64
basic_appreq,8201155,721312747636625,64
basic_appreq,8476748,721312756211245,64
basic_appreq,8547631,721312764855036,64
basic_appreq,9485470,721312774439407,64
basic_appreq,9523253,721312784060152,64
basic_appreq,9110503,721312793267386,64
basic_appreq,10534493,721312803920906,64
basic_appreq,9405194,721312813484915,64
basic_appreq,9154750,721312822736195,64
basic_appreq,9133230,721312831966251,64
basic_appreq,8603973,721312840698342,64
basic_appreq,7206419,721312848025884,64
basic_appreq,7789492,721312855915719,64
basic_appreq,7358143,721312863397330,64
basic_appreq,7630917,721312871128175,64
basic_appreq,7613798,721312878839415,64
basic_appreq,7537094,721312886474151,64
basic_appreq,7158774,721312893729891,64
basic_appreq,6956983,721312900781634,64
basic_appreq,7849267,721312908727516,64
basic_appreq,8001340,721312916827560,64
basic_appreq,7825095,721312924749736,64
basic_appreq,7885916,721312932731110,64
basic_appreq,10349733,721312943207478,64
basic_appreq,9428083,721312952732346,64
basic_appreq,8960382,721312961789238,64
basic_appreq,9810427,721312971697909,64
basic_appreq,9977836,721312981771113,64
basic_appreq,8895277,721312990763697,64
basic_appreq,7665619,721312998501613,64
basic_appreq,7608586,721313006205020,64
basic_appreq,8016225,721313014321448,64
basic_appreq,8177476,721313022596400,64
basic_appreq,7791170,721313030484592,64
basic_appreq,7651260,721313038232417,64
basic_appreq,9281616,721313047611986,64
basic_appreq,10286059,721313057995362,64
basic_appreq,9616923,721313067710678,64
basic_appreq,9621202,721313077429327,64
basic_appreq,9759710,721313087287159,64
basic_appreq,8234789,721313095619014,64
basic_appreq,8092893,721313103807991,64
basic_appreq,8598091,721313112501022,64
basic_appreq,8837387,721313121435735,64
basic_appreq,8931596,721313130466517,64
basic_appreq,8980130,721313139544419,64
basic_appreq,8938998,721313148582217,64
basic_appreq,9204737,721313157886371,64
basic_appreq,8976806,721313166957392,64
basic_appreq,9467649,721313176519596,64
basic_appreq,7940940,721313184554811,64
basic_appreq,7876564,721313192527052,64
basic_appreq,8155354,721313200775253,64
basic_appreq,8059581,721313208933207,64
basic_appreq,8173286,721313217198467,64
basic_appreq,8348448,721313225645846,64
basic_appreq,6681918,721313232426468,64
basic_appreq,7163334,721313239685952,64
basic_appreq,7676633,721313247435059,64
basic_appreq,8249248,721313255780656,64
basic_appreq,6872411,721313262725491,64
basic_appreq,8041474,721313270833781,64
basic_appreq,8084379,721313279014087,64
basic_appreq,7656377,721313286767540,64
basic_appreq,7342988,721313294220814,64
basic_appreq,8595769,721313302916421,64
basic_appreq,8004237,721313311017634,64
basic_appreq,8365923,721313319480027,64
basic_appreq,6713762,721313326291818,64
basic_appreq,8098452,721313334462547,64
basic_appreq,6893380,721313341450442,64
basic_appreq,6700878,721313348223693,64
basic_appreq,8924800,721313357249318,64
basic_appreq,7919962,721313365268179,64
basic_appreq,8483036,721313373842739,64
basic_appreq,6302024,721313380238631,64
basic_appreq,7301841,721313387635934,64
basic_appreq,6900914,721313394617636,64
basic_appreq,7340937,721313402038364,64
basic_appreq,8583912,721313410715754,64
basic_appreq,9509306,721313420322201,64
basic_appreq,10268239,721313430684673,64
basic_appreq,9319570,721313440098252,64
basic_appreq,10135500,721313450332291,64
basic_appreq,9327101,721313459752920,64
basic_appreq,9008120,721313468854347,64
basic_appreq,8985511,721313477933642,64
basic_appreq,8911220,721313486938314,64
basic_appreq,7683860,721313494716138,64
basic_appreq,8178031,721313502987306,64
basic_appreq,7695890,721313510776884,64
basic_appreq,8046018,721313518916019,64
basic_appreq,7449054,721313526459022,64
basic_appreq,7972598,721313534524607,64
basic_appreq,7738909,721313542357881,64
basic_appreq,8863187,721313551318580,64
basic_appreq,8315943,721313559727745,64
basic_appreq,8912080,721313568733428,64
basic_appreq,8701300,721313577521896,64
basic_appreq,9068595,721313586684299,64
basic_appreq,9323514,721313596101612,64
basic_appreq,9441112,721313605662272,64
basic_appreq,9109191,721313614865271,64
basic_appreq,8554247,721313623514424,64
basic_appreq,8632249,721313632241128,64
basic_appreq,8285306,721313640620503,64
basic_appreq,8735445,721313649449471,64
basic_appreq,7615772,721313657159437,64
basic_appreq,7106211,721313664362228,64
basic_appreq,7850889,721313672323940,64
basic_appreq,10186188,721313682608497,64
basic_appreq,10311654,721313693014225,64
basic_appreq,10075069,721313703183674,64
basic_appreq,10742502,721313714019574,64
basic_appreq,10067836,721313724181956,64
basic_appreq,10660231,721313734932983,64
basic_appreq,10871443,721313745897959,64
basic_appreq,10043199,721313756035578,64
basic_appreq,9183202,721313765313852,64
basic_appreq,9430592,721313774838398,64
basic_appreq,7343213,721313782275314,64
basic_appreq,8378714,721313790747601,64
basic_appreq,9046072,721313799888750,64
basic_appreq,10452858,721313810438980,64
basic_appreq,11276476,721313821808643,64
basic_appreq,11077673,721313832982094,64
basic_appreq,9850546,721313842925897,64
basic_appreq,11088227,721313854107992,64
basic_appreq,11697682,721313865899217,64
basic_appreq,10154944,721313876148471,64
basic_appreq,9051867,721313885295194,64
basic_appreq,8692800,721313894074034,64
basic_appreq,7913094,721313902081147,64
basic_appreq,8403050,721313910579324,64
basic_appreq,8074871,721313918754564,64
basic_appreq,10238619,721313929088541,64
basic_appreq,10480487,721313939662952,64
basic_appreq,11079677,721313950838628,64
basic_appreq,9816963,721313960749629,64
basic_appreq,8831373,721313969665053,64
basic_appreq,9339912,721313979101525,64
basic_appreq,9495595,721313988692045,64
basic_appreq,9305185,721313998093084,64
basic_appreq,8443519,721314006631194,64
basic_appreq,8188857,721314014914972,64
basic_appreq,7721894,721314022731051,64
basic_appreq,7964364,721314030790186,64
basic_appreq,7830166,721314038701255,64
basic_appreq,8340499,721314047135002,64
basic_appreq,9921782,721314057150964,64
basic_appreq,10322484,721314067567762,64
basic_appreq,8941820,721314076605010,64
basic_appreq,9658869,721314086357392,64
basic_appreq,8805337,721314095257389,64
basic_appreq,8920591,721314104271423,64
basic_appreq,8932192,721314113298826,64
basic_appreq,9028161,721314122421107,64
basic_appreq,9443532,721314131958453,64
basic_appreq,9305958,721314141392229,64
basic_appreq,9146942,721314150625031,64
basic_appreq,9154200,721314159874056,64
basic_appreq,9464872,721314169428838,64
basic_appreq,9801753,721314179324730,64
basic_appreq,8756178,721314188174095,64
basic_appreq,8086067,721314196354567,64
basic_appreq,7958356,721314204410655,64
basic_appreq,7343654,721314211849420,64
basic_appreq,7034614,721314218977632,64
basic_appreq,8743978,721314227815414,64
basic_appreq,8767324,721314236676958,64
basic_appreq,8877996,721314245649609,64
basic_appreq,8580092,721314254323886,64
basic_appreq,8630777,721314263048365,64
basic_appreq,9536981,721314272681224,64
basic_appreq,9299592,721314282075302,64
basic_appreq,9507543,721314291677114,64
basic_appreq,9378321,721314301149674,64
basic_appreq,9397201,721314310640367,64
basic_appreq,9016724,721314319750830,64
basic_appreq,8133022,721314327989869,64
basic_appreq,8092597,721314336202175,64
basic_appreq,8427958,721314344726998,64
basic_appreq,9547506,721314354368273,64
basic_appreq,8921397,721314363385949,64
basic_appreq,8431501,721314371897161,64
basic_appreq,8129510,721314380120017,64
basic_appreq,7969956,721314388185807,64
basic_appreq,9344633,721314397624770,64
basic_appreq,8702182,721314406406006,64
basic_appreq,8547207,721314415047005,64
basic_appreq,9620374,721314424761504,64
basic_appreq,9494436,721314434351488,64
basic_appreq,7146811,721314441591371,64
basic_appreq,8134395,721314449815605,64
basic_appreq,7456131,721314457367784,64
basic_appreq,7757552,721314465217787,64
basic_appreq,6997678,721314472308817,64
basic_appreq,7400196,721314479802160,64
basic_appreq,7955012,721314487851992,64
basic_appreq,7546086,721314495490553,64
basic_appreq,8355299,721314503939135,64
basic_appreq,8739864,721314512805955,64
basic_appreq,8820368,721314521720842,64
basic_appreq,8717498,721314530532399,64
basic_appreq,8273007,721314538899340,64
basic_appreq,8592648,721314547567598,64
basic_appreq,7140816,721314554805100,64
basic_appreq,7510854,721314562388602,64
basic_appreq,5881163,721314568365944,64
basic_appreq,6535107,721314574996548,64
basic_appreq,6893906,721314582008790,64
basic_appreq,7265517,721314589369750,64
basic_appreq,6248188,721314595689734,64
basic_appreq,7722456,721314603509051,64
basic_appreq,8221392,721314611827820,64
basic_appreq,8359033,721314620285012,64
basic_appreq,7278521,721314627659292,64
basic_appreq,7493007,721314635224742,64
basic_appreq,7581923,721314642879219,64
basic_appreq,7104427,721314650057704,64
basic_appreq,8029566,721314658180943,64
basic_appreq,8135317,721314666408680,64
basic_appreq,9275242,721314675777219,64
basic_appreq,9078994,721314684951064,64
basic_appreq,9512143,721314694557115,64
basic_appreq,8010356,721314702659230,64
basic_appreq,6598143,721314709350139,64
basic_appreq,5868153,721314715289964,64
basic_appreq,6656605,721314722041920,64
basic_appreq,8308210,721314730439177,64
basic_appreq,8678387,721314739214459,64
basic_appreq,8978616,721314748286583,64
basic_appreq,7828507,721314756214116,64
basic_appreq,8096191,721314764406712,64
basic_appreq,7425223,721314771923192,64
basic_appreq,6678957,721314778724238,64
basic_appreq,7047303,721314785855743,64
basic_appreq,7853973,721314793803544,64
basic_appreq,9118080,721314803016449,64
basic_appreq,9581835,721314812693461,64
basic_appreq,8643852,721314821431572,64
basic_appreq,8919658,721314830445620,64
basic_appreq,9685933,721314840225356,64
basic_appreq,8948896,721314849268271,64
basic_appreq,8752539,721314858116593,64
basic_appreq,7167439,721314865361177,64
basic_appreq,6897915,721314872352595,64
basic_appreq,8341337,721314880788827,64
basic_appreq,7751664,721314888618764,64
basic_appreq,7426396,721314896138212,64
basic_appreq,7336352,721314903568132,64
basic_appreq,7876755,721314911539943,64
basic_appreq,7222693,721314918856710,64
basic_appreq,9663845,721314928614023,64
basic_appreq,9139004,721314937851431,64
basic_appreq,8232263,721314946176024,64
basic_appreq,9580396,721314955850119,64
basic_appreq,9773365,721314965745875,64
basic_appreq,9584381,721314975412598,64
basic_appreq,9651141,721314985158931,64
basic_appreq,8228008,721314993480536,64
basic_appreq,8578906,721315002152418,64
basic_appreq,7817166,721315010062982,64
basic_appreq,9048022,721315019203875,64
basic_appreq,8812784,721315028116016,64
basic_appreq,9676977,721315037886616,64
basic_appreq,8994222,721315046974892,64
basic_appreq,8744215,721315055813250,64
basic_appreq,8744636,721315064651179,64
basic_appreq,9148326,721315073893689,64
basic_appreq,9293374,721315083280976,64
basic_appreq,8468298,721315091843583,64
basic_appreq,8905120,721315100846019,64
basic_appreq,8209148,721315109148430,64
basic_appreq,7946823,721315117188961,64
basic_appreq,8789881,721315126073288,64
basic_appreq,9440301,721315135603232,64
basic_appreq,8661371,721315144357996,64
basic_appreq,6930983,721315151390270,64
basic_appreq,7543729,721315159006183,64
basic_appreq,7809374,721315166887318,64
basic_appreq,7942483,721315174901303,64
basic_appreq,9003313,721315184044035,64
basic_appreq,8926084,721315193069590,64
basic_appreq,8543522,721315201709207,64
basic_appreq,8976150,721315210783730,64
basic_appreq,9013623,721315219895050,64
basic_appreq,9305110,721315229299036,64
basic_appreq,8786539,721315238183583,64
basic_appreq,8722459,721315247001063,64
basic_appreq,8965295,721315256059605,64
basic_appreq,8841055,721315264996684,64
basic_appreq,9506280,721315274599853,64
basic_appreq,9130159,721315283827860,64
basic_appreq,7818118,721315291743851,64
basic_appreq,8054013,721315299869190,64
basic_appreq,9968140,721315309933038,64
basic_appreq,9078342,721315319108261,64
basic_appreq,7407743,721315326609125,64
basic_appreq,8117927,721315334800303,64
basic_appreq,8383395,721315343281670,64
basic_appreq,8419695,721315351797258,64
basic_appreq,8355194,721315360244952,64
basic_appreq,8023051,721315368362819,64
basic_appreq,8631737,721315377092430,64
basic_appreq,9384480,721315386576452,64
basic_appreq,8623669,721315395297694,64
basic_appreq,167775609,721315563170951,64
basic_appreq,10663253,721315573931805,64
basic_appreq,10787774,721315584816926,64
basic_appreq,11538029,721315596451826,64
basic_appreq,9557243,721315606107198,64
basic_appreq,9171249,721315615376370,64
basic_appreq,10052781,721315625544820,64
basic_appreq,9551931,721315635196544,64
basic_appreq,9549585,721315644844623,64
basic_appreq,9031901,721315653972672,64
basic_appreq,9509707,721315663579029,64
basic_appreq,10232846,721315673908484,64
basic_appreq,9133196,721315683139869,64
basic_appreq,8818362,721315692054500,64
basic_appreq,8898615,721315701050071,64
basic_appreq,8657031,721315709802284,64
basic_appreq,8751151,721315718648892,64
basic_appreq,8994267,721315727740561,64
basic_appreq,8828976,721315736666293,64
basic_appreq,8814559,721315745577908,64
basic_appreq,8950881,721315754624828,64
basic_appreq,9048207,721315763771389,64
basic_appreq,9636894,721315773505379,64
basic_appreq,8918285,721315782518966,64
basic_appreq,7147717,721315789765879,64
basic_appreq,6202777,721315796066609,64
basic_appreq,9296607,721315805435970,64
basic_appreq,9546883,721315815054651,64
basic_appreq,10404144,721315825585265,64
basic_appreq,10437923,721315836120305,64
basic_appreq,8852116,721315845070510,64
basic_appreq,10708103,721315855875092,64
basic_appreq,10715961,721315866689612,64
basic_appreq,10159515,721315876943371,64
basic_appreq,9553465,721315886594643,64
basic_appreq,7489578,721315894210546,64
basic_appreq,6980007,721315901287374,64
basic_appreq,7903371,721315909286859,64
basic_appreq,7764610,721315917148499,64
basic_appreq,9234802,721315926481339,64
basic_appreq,10544702,721315937120200,64
basic_appreq,9236497,721315946454535,64
basic_appreq,10351326,721315956903218,64
basic_appreq,9517320,721315966518446,64
basic_appreq,10201087,721315976817090,64
basic_appreq,8677283,721315985590638,64
basic_appreq,9541667,721315995230073,64
basic_appreq,9060837,721316004387725,64
basic_appreq,9613077,721316014097783,64
basic_appreq,9139520,721316023334881,64
basic_appreq,9106068,721316032538992,64
basic_appreq,9310533,721316041946876,64
basic_appreq,10823196,721316052865890,64
basic_appreq,6509165,721316059471350,64
basic_appreq,7352304,721316066919558,64
basic_appreq,6957268,721316073973692,64
basic_appreq,8133904,721316082204838,64
basic_appreq,8791590,721316091093133,64
basic_appreq,9203404,721316100393082,64
basic_appreq,7663387,721316108145201,64
basic_appreq,7134337,721316115377812,64
basic_appreq,8196500,721316123674514,64
basic_appreq,7929693,721316131699460,64
basic_appreq,6894833,721316138692011,64
basic_appreq,6812678,721316145601910,64
basic_appreq,7959602,721316153663705,64
basic_appreq,7909136,721316161671957,64
basic_appreq,8325956,721316170094197,64
basic_appreq,9900518,721316180092317,64
basic_appreq,8231009,721316188421004,64
basic_appreq,8165258,721316196659025,64
basic_appreq,8700202,721316205457366,64
basic_appreq,7811608,721316213364141,64
basic_appreq,7736815,721316221196678,64
basic_appreq,7155886,721316228447581,64
basic_appreq,8052831,721316236596254,64
basic_appreq,7468749,721316244136796,64
basic_appreq,7204179,721316251432143,64
basic_appreq,7594933,721316259123907,64
basic_appreq,7677532,721316266897828,64
basic_appreq,6750307,721316273745391,64
basic_appreq,8438118,721316282278384,64
basic_appreq,8401006,721316290776391,64
basic_appreq,9572102,721316300446727,64
basic_appreq,10141408,721316310687065,64
basic_appreq,9714178,721316320499392,64
basic_appreq,9878481,721316330476197,64
basic_appreq,9557053,721316340129734,64
basic_appreq,7999305,721316348227353,64
basic_appreq,6393842,721316354693288,64
basic_appreq,6748458,721316361538306,64
basic_appreq,7700269,721316369310959,64
basic_appreq,8359313,721316377766952,64
basic_appreq,9021952,721316386884768,64
basic_appreq,8451593,721316395431518,64
basic_appreq,7570998,721316403099060,64
basic_appreq,8911865,721316412083153,64
basic_appreq,8944065,721316421123894,64
basic_appreq,7816590,721316429038011,64
basic_appreq,7122593,721316436257836,64
basic_appreq,8964895,721316445320217,64
basic_appreq,9027249,721316454446091,64
basic_appreq,9891425,721316464436512,64
basic_appreq,7982967,721316472518059,64
basic_appreq,9150200,721316481764714,64
basic_appreq,8989857,721316490850594,64
basic_appreq,8829553,721316499807118,64
basic_appreq,9293970,721316509198986,64
basic_appreq,9236506,721316518556624,64
basic_appreq,9897922,721316528552227,64
basic_appreq,8873085,721316537522890,64
basic_appreq,9432598,721316547049436,64
basic_appreq,11682436,721316558829991,64
basic_appreq,9547696,721316568474281,64
basic_appreq,7752046,721316576297667,64
basic_appreq,8764983,721316585160317,64
basic_appreq,9738290,721316594996364,64
basic_appreq,9541862,721316604635688,64
basic_appreq,9458553,721316614192896,64
basic_appreq,7792163,721316622083739,64
basic_appreq,7207000,721316629362261,64
basic_appreq,8164415,721316637598328,64
basic_appreq,6637148,721316644337539,64
basic_appreq,5957081,721316650390709,64
basic_appreq,7804707,721316658291760,64
basic_appreq,7769706,721316666132917,64
basic_appreq,7997210,721316674202592,64
basic_appreq,8058077,721316682331644,64
basic_appreq,9541536,721316691968678,64
basic_appreq,9849188,721316701940395,64
basic_appreq,9923851,721316711960090,64
basic_appreq,9713863,721316721801510,64
basic_appreq,8357991,721316730256562,64
basic_appreq,10613191,721316740965917,64
basic_appreq,8238402,721316749300598,64
basic_appreq,8188130,721316757582807,64
basic_appreq,8649329,721316766330430,64
basic_appreq,9112783,721316775540494,64
basic_appreq,9687075,721316785325222,64
basic_appreq,10091561,721316795512797,64
basic_appreq,11493070,721316807102693,64
basic_appreq,8916050,721316816107309,64
basic_appreq,7739064,721316823941941,64
basic_appreq,7143077,721316831211909,64
basic_appreq,7205421,721316838489493,64
basic_appreq,9224118,721316847810647,64
basic_appreq,9286166,721316857194571,64
basic_appreq,9743958,721316867035168,64
basic_appreq,9608272,721316876740065,64
basic_appreq,9264937,721316886100405,64
basic_appreq,10129710,721316896326284,64
basic_appreq,9049580,721316905472094,64
basic_appreq,9502040,721316915069917,64
basic_appreq,10387300,721316925544761,64
basic_appreq,9131601,721316934771785,64
basic_appreq,8913439,721316943780791,64
basic_appreq,8656050,721316952532048,64
basic_appreq,9285440,721316961910464,64
basic_appreq,9181889,721316971187960,64
basic_appreq,9288553,721316980573669,64
basic_appreq,10069646,721316990738481,64
basic_appreq,10943585,721317001777454,64
basic_appreq,10165911,721317012038842,64
basic_appreq,9388545,721317021524944,64
basic_appreq,8926670,721317030547943,64
basic_appreq,8645756,721317039289266,64
basic_appreq,9856424,721317049238637,64
basic_appreq,12353538,721317061688685,64
basic_appreq,10356068,721317072140962,64
basic_appreq,9162688,721317081398602,64
basic_appreq,9462322,721317090956778,64
basic_appreq,10117041,721317101170710,64
basic_appreq,9391597,721317110660254,64
basic_appreq,9110523,721317119867056,64
basic_appreq,8488345,721317128449455,64
basic_appreq,7662906,721317136183352,64
basic_appreq,8827839,721317145105205,64
basic_appreq,8397383,721317153598311,64
basic_appreq,7701422,721317161395250,64
basic_appreq,6655331,721317168144004,64
basic_appreq,7653299,721317175891317,64
basic_appreq,7787201,721317183772778,64
basic_appreq,9277001,721317193143006,64
basic_appreq,9261770,721317202497997,64
basic_appreq,10763120,721317213384580,64
basic_appreq,8696138,721317222173544,64
basic_appreq,9440807,721317231707403,64
basic_appreq,7765400,721317239565900,64
basic_appreq,7445166,721317247103686,64
basic_appreq,7332102,721317254528690,64
basic_appreq,7735752,721317262357303,64
basic_appreq,8179464,721317270629553,64
basic_appreq,6138623,721317276861529,64
basic_appreq,8537033,721317285494736,64
basic_appreq,8269594,721317293862223,64
basic_appreq,9754221,721317303712318,64
basic_appreq,8454335,721317312259493,64
basic_appreq,8565284,721317320921653,64
basic_appreq,7615462,721317328633012,64
basic_appreq,6294255,721317335024750,64
basic_appreq,7287633,721317342384907,64
basic_appreq,7866887,721317350348319,64
basic_appreq,8078415,721317358523875,64
basic_appreq,7891278,721317366513532,64
basic_appreq,6254373,721317372841281,64
basic_appreq,7277539,721317380191054,64
basic_appreq,7391816,721317387675275,64
basic_appreq,6790284,721317394537423,64
basic_appreq,6983170,721317401595647,64
basic_appreq,7224742,721317408918377,64
basic_appreq,7118510,721317416127352,64
basic_appreq,8773313,721317424969430,64
basic_appreq,9098245,721317434144413,64
basic_appreq,9331321,721317443547923,64
basic_appreq,9521751,721317453142783,64
basic_appreq,8192490,721317461406990,64
basic_appreq,7807885,721317469300960,64
basic_appreq,8010437,721317477408278,64
basic_appreq,8995820,721317486500217,64
basic_appreq,9344412,721317495949288,64
basic_appreq,9773010,721317505847680,64
basic_appreq,10329922,721317516274974,64
basic_appreq,10004314,721317526378724,64
basic_appreq,8508281,721317534984386,64
basic_appreq,8918831,721317544032964,64
basic_appreq,10768278,721317554900699,64
basic_appreq,11498723,721317566495085,64
basic_appreq,10495418,721317577088170,64
basic_appreq,9522587,721317586707046,64
basic_appreq,10216924,721317597021392,64
basic_appreq,10147291,721317607264166,64
basic_appreq,8669370,721317616029806,64
basic_appreq,8572585,721317624700213,64
basic_appreq,9252063,721317634048811,64
basic_appreq,9037793,721317643184026,64
basic_appreq,8855725,721317652135638,64
basic_appreq,8685168,721317660918228,64
basic_appreq,8752068,721317669766510,64
basic_appreq,11188837,721317681053175,64
basic_appreq,8516524,721317689641942,64
basic_appreq,7332498,721317697045180,64
basic_appreq,7569154,721317704708242,64
basic_appreq,8104389,721317712906155,64
basic_appreq,9001184,721317722001713,64
basic_appreq,8502527,721317730594114,64
basic_appreq,9071567,721317739760522,64
basic_appreq,8219824,721317748074997,64
basic_appreq,8486870,721317756655776,64
basic_appreq,8530849,721317765279496,64
basic_appreq,8374810,721317773748690,64
basic_appreq,9217903,721317783060596,64
basic_appreq,9539586,721317792690503,64
basic_appreq,10817804,721317803600707,64
basic_appreq,9652539,721317813346503,64
basic_appreq,8980861,721317822419012,64
basic_appreq,8364911,721317830880960,64
basic_appreq,7645306,721317838619649,64
basic_appreq,7470213,721317846187359,64
basic_appreq,7107543,721317853388100,64
basic_appreq,8014988,721317861496264,64
basic_appreq,6857652,721317868447268,64
basic_appreq,7926671,721317876445181,64
basic_appreq,8045653,721317884612633,64
basic_appreq,8002865,721317892716607,64
basic_appreq,9142657,721317901953524,64
basic_appreq,8687858,721317910735246,64
basic_appreq,8876854,721317919704921,64
basic_appreq,10643863,721317930443429,64
basic_appreq,8586543,721317939123164,64
basic_appreq,8611646,721317947829656,64
basic_appreq,8712661,721317956636070,64
basic_appreq,8761947,721317965492216,64
basic_appreq,9164388,721317974750412,64
basic_appreq,8660184,721317983503418,64
basic_appreq,8599863,721317992196919,64
basic_appreq,8327581,721318000618132,64
basic_appreq,8742941,721318009454120,64
basic_appreq,9167475,721318018715389,64
basic_appreq,10081644,721318028889955,64
basic_appreq,9415252,721318038398930,64
basic_appreq,9234001,721318047728759,64
basic_appreq,10892948,721318058715415,64
basic_appreq,9524471,721318068334095,64
basic_appreq,8150508,721318076578792,64
basic_appreq,7016036,721318083667207,64
basic_appreq,8684256,721318092447641,64
basic_appreq,9809004,721318102354753,64
basic_appreq,9430864,721318111882863,64
basic_appreq,8941564,721318120921554,64
basic_appreq,7943356,721318128961008,64
basic_appreq,7877481,721318136935305,64
basic_appreq,7524756,721318144556525,64
basic_appreq,7015254,721318151669567,64
basic_appreq,6656710,721318158398445,64
basic_appreq,8319450,721318166815708,64
basic_appreq,8739880,721318175650569,64
basic_appreq,9869034,721318185617340,64
basic_appreq,8874808,721318194589811,64
basic_appreq,9098114,721318203785668,64
basic_appreq,8631993,721318212514316,64
basic_appreq,8838209,721318221447260,64
basic_appreq,8722786,721318230267783,64
basic_appreq,8352562,721318238718750,64
basic_appreq,8607226,721318247422882,64
basic_appreq,8113571,721318255634747,64
basic_appreq,7380349,721318263086172,64
basic_appreq,9418349,721318272601040,64
basic_appreq,9855147,721318282552141,64
basic_appreq,9485786,721318292133670,64
basic_appreq,11096779,721318303328907,64
basic_appreq,11850432,721318315274566,64
basic_appreq,10871458,721318326242433,64
basic_appreq,9875870,721318336237200,64
basic_appreq,9054503,721318345389731,64
basic_appreq,8883664,721318354370747,64
basic_appreq,6832719,721318361298297,64
basic_appreq,7330127,721318368724748,64
basic_appreq,6071482,721318374891868,64
basic_appreq,6071060,721318381030631,64
basic_appreq,5924084,721318387050197,64
basic_appreq,6546287,721318393682369,64
basic_appreq,6516272,721318400295146,64
basic_appreq,6780327,721318407172749,64
basic_appreq,6209198,721318413477395,64
basic_appreq,5554823,721318419111187,64
basic_appreq,9600749,721318428802993,64
basic_appreq,9744008,721318438641466,64
basic_appreq,9500571,721318448237453,64
basic_appreq,9957796,721318458292546,64
basic_appreq,9198457,721318467588069,64
basic_appreq,8573278,721318476255511,64
basic_appreq,9160634,721318485509928,64
basic_appreq,9121263,721318494728628,64
basic_appreq,6899249,721318501719916,64
basic_appreq,7259142,721318509073979,64
basic_appreq,8128136,721318517296009,64
basic_appreq,8955421,721318526345318,64
basic_appreq,9082607,721318535522877,64
basic_appreq,9269252,721318544885637,64
basic_appreq,9025069,721318554004510,64
basic_appreq,8560989,721318562688128,64
basic_appreq,7608615,721318570389319,64
basic_appreq,7360743,721318577843315,64
basic_appreq,7229799,721318585166486,64
basic_appreq,7867208,721318593105356,64
basic_appreq,7019443,721318600217305,64
basic_appreq,7468193,721318607781362,64
basic_appreq,5910437,721318613785277,64
basic_appreq,7107639,721318620985667,64
basic_appreq,9283681,721318630362339,64
basic_appreq,8702277,721318639151073,64
basic_appreq,7512407,721318646740108,64
basic_appreq,6941708,721318653774572,64
basic_appreq,7547423,721318661400813,64
basic_appreq,7202230,721318668683380,64
basic_appreq,9420148,721318678182603,64
basic_appreq,9105942,721318687360176,64
basic_appreq,9403150,721318696860557,64
basic_appreq,9322210,721318706279363,64
basic_appreq,9161596,721318715538286,64
basic_appreq,9727956,721318725363443,64
basic_appreq,9533247,721318734995053,64
basic_appreq,9099843,721318744193717,64
basic_appreq,9231625,721318753524202,64
basic_appreq,9099037,721318762720619,64
basic_appreq,8758698,721318771576073,64
basic_appreq,9115158,721318780788172,64
basic_appreq,8546460,721318789431838,64
basic_appreq,9514664,721318799043853,64
basic_appreq,11315822,721318810457087,64
basic_appreq,8787010,721318819339138,64
basic_appreq,9922152,721318829358898,64
basic_appreq,9329684,721318838784575,64
basic_appreq,8715919,721318847597870,64
basic_appreq,9346878,721318857039254,64
basic_appreq,8964362,721318866101765,64
basic_appreq,8719427,721318874920372,64
basic_appreq,8883570,721318883898407,64
basic_appreq,8356512,721318892353393,64
basic_appreq,8583104,721318901033143,64
basic_appreq,7917009,721318909047784,64
basic_appreq,6966095,721318916108709,64
basic_appreq,7123707,721318923316693,64
basic_appreq,8039804,721318931452541,64
basic_appreq,7987954,721318939533025,64
basic_appreq,9321645,721318948926336,64
basic_appreq,10275189,721318959297364,64
basic_appreq,11074100,721318970467492,64
basic_appreq,9702696,721318980266012,64
basic_appreq,9720654,721318990083115,64
basic_appreq,9108091,721318999288849,64
basic_appreq,9116261,721319008501946,64
basic_appreq,9846671,721319018446581,64
basic_appreq,8652903,721319027196208,64
basic_appreq,8917644,721319036207625,64
basic_appreq,8425568,721319044728826,64
basic_appreq,10082631,721319054909986,64
basic_appreq,9278303,721319064285466,64
basic_appreq,8586347,721319072966458,64
basic_appreq,8819871,721319081882624,64
basic_appreq,8580634,721319090559602,64
basic_appreq,8951106,721319099607479,64
basic_appreq,8113196,721319107817415,64
basic_appreq,8191408,721319116100420,64
basic_appreq,7486446,721319123680816,64
basic_appreq,7923764,721319131698143,64
basic_appreq,7882454,721319139673598,64
basic_appreq,7051899,721319146816825,64
basic_appreq,7013254,721319153922540,64
basic_appreq,7971686,721319161987278,64
basic_appreq,7211696,721319169294101,64
basic_appreq,9439183,721319178827177,64
basic_appreq,9254849,721319188175133,64
basic_appreq,9903078,721319198172315,64
basic_appreq,9482353,721319207761252,64
basic_appreq,9589578,721319217443110,64
basic_appreq,8150939,721319225686098,64
basic_appreq,8075442,721319233854567,64
basic_appreq,9658367,721319243632473,64
basic_appreq,9244500,721319252970296,64
basic_appreq,7778330,721319260842309,64
basic_appreq,8294322,721319269207807,64
basic_appreq,7486051,721319276765174,64
basic_appreq,7975239,721319284836206,64
basic_appreq,8026209,721319292958468,64
basic_appreq,10636104,721319303690852,64
basic_appreq,11394546,721319315181055,64
basic_appreq,10754621,721319326033244,64
basic_appreq,9836102,721319335966938,64
basic_appreq,8494043,721319344610519,64
basic_appreq,9556391,721319354263735,64
basic_appreq,9088446,721319363450099,64
basic_appreq,8342831,721319371890878,64
basic_appreq,8231431,721319380220858,64
basic_appreq,9344639,721319389663970,64
basic_appreq,9090145,721319398850259,64
basic_appreq,8800416,721319407746443,64
basic_appreq,8855107,721319416699328,64
basic_appreq,11043413,721319427841251,64
basic_appreq,9875620,721319437814067,64
basic_appreq,9054417,721319446966176,64
basic_appreq,10147006,721319457209396,64
basic_appreq,8906218,721319466212454,64
basic_appreq,9359738,721319475668876,64
basic_appreq,8802356,721319484568128,64
basic_appreq,9064049,721319493728707,64
basic_appreq,9815585,721319503642856,64
basic_appreq,9634597,721319513373798,64
basic_appreq,9607054,721319523077828,64
basic_appreq,9223862,721319532400550,64
basic_appreq,8388903,721319540886348,64
basic_appreq,9505898,721319550488951,64
basic_appreq,10760755,721319561345269,64
basic_appreq,7526153,721319568967496,64
basic_appreq,8391368,721319577452863,64
basic_appreq,7170401,721319584718781,64
basic_appreq,7070698,721319591861897,64
basic_appreq,7707877,721319599664581,64
basic_appreq,7833068,721319607595035,64
basic_appreq,7915070,721319615605758,64
basic_appreq,8097654,721319623799966,64
basic_appreq,8035435,721319631930022,64
basic_appreq,7625469,721319639678087,64
basic_appreq,8360772,721319648137965,64
basic_appreq,8025861,721319656260517,64
basic_appreq,8697927,721319665054121,64
basic_appreq,9714114,721319674864289,64
basic_appreq,9437494,721319684396809,64
basic_appreq,9042284,721319693533943,64
basic_appreq,9512158,721319703143604,64
basic_appreq,9436311,721319712675884,64
basic_appreq,9345484,721319722117557,64
basic_appreq,8985176,721319731198541,64
basic_appreq,8923197,721319740217856,64
basic_appreq,8995009,721319749308958,64
basic_appreq,9032512,721319758436872,64
basic_appreq,8445318,721319766979182,64
basic_appreq,6664784,721319773738415,64
basic_appreq,8864309,721319782698212,64
basic_appreq,9297187,721319792090836,64
basic_appreq,10688287,721319802876024,64
basic_appreq,9396850,721319812371397,64
basic_appreq,8998120,721319821466068,64
basic_appreq,8272291,721319829835144,64
basic_appreq,8308776,721319838214841,64
basic_appreq,8188100,721319846499420,64
basic_appreq,8044661,721319854642706,64
basic_appreq,6846195,721319861585711,64
basic_appreq,6838899,721319868496638,64
basic_appreq,9276153,721319877868494,64
basic_appreq,8823003,721319886786704,64
basic_appreq,8921438,721319895801103,64
basic_appreq,6500641,721319902397502,64
basic_appreq,6292828,721319908761765,64
basic_appreq,6929740,721319915787799,64
basic_appreq,7986296,721319923867132,64
basic_appreq,9566614,721319933558682,64
basic_appreq,9257299,721319942910446,64
basic_appreq,9237830,721319952246645,64
basic_appreq,8833658,721319961176897,64
basic_appreq,7101546,721319968371950,64
basic_appreq,7759522,721319976229551,64
basic_appreq,7610200,721319983937433,64
basic_appreq,8224128,721319992289715,64
basic_appreq,7903026,721320000289626,64
basic_appreq,7018552,721320007404723,64
basic_appreq,8097845,721320015573373,64
basic_appreq,7015199,721320022659177,64
basic_appreq,7826257,721320030557326,64
basic_appreq,7820544,721320038473754,64
basic_appreq,8582032,721320047149975,64
basic_appreq,9148295,721320056395437,64
basic_appreq,8649961,721320065138419,64
basic_appreq,8131358,721320073365826,64
basic_appreq,9089318,721320082551328,64
basic_appreq,7318340,721320089964223,64
basic_appreq,7007140,721320097061633,64
basic_appreq,8496789,721320105651825,64
basic_appreq,6998756,721320112746654,64
basic_appreq,6295648,721320119113613,64
basic_appreq,6688764,721320125875007,64
basic_appreq,7595605,721320133621984,64
basic_appreq,6530250,721320140223561,64
basic_appreq,6916133,721320147225905,64
basic_appreq,6679724,721320153999732,64
basic_appreq,8021171,721320162107850,64
basic_appreq,7119558,721320169299395,64
basic_appreq,8393227,721320177784501,64
basic_appreq,8950541,721320186807541,64
basic_appreq,7267742,721320194168299,64
basic_appreq,9197946,721320203438574,64
basic_appreq,8757381,721320212293040,64
basic_appreq,9518052,721320221909065,64
basic_appreq,7676729,721320229681989,64
basic_appreq,7382564,721320237135979,64
basic_appreq,7832964,721320245063367,64
basic_appreq,7844709,721320253003795,64
basic_appreq,7887104,721320260988933,64
basic_appreq,8912387,721320269999684,64
basic_appreq,8916841,721320279012950,64
basic_appreq,8353585,721320287438743,64
basic_appreq,8698589,721320296233641,64
basic_appreq,11222410,721320307551999,64
basic_appreq,10915851,721320318563193,64
basic_appreq,10821265,721320329481399,64
basic_appreq,7881035,721320337455551,64
basic_appreq,7622358,721320345149902,64
basic_appreq,8222635,721320353465538,64
basic_appreq,8831945,721320362390589,64
basic_appreq,9481843,721320371964616,64
basic_appreq,9007858,721320381100272,64
basic_appreq,9114853,721320390308578,64
basic_appreq,8691648,721320399093728,64
basic_appreq,8176217,721320407359058,64
basic_appreq,8616933,721320416069068,64
basic_appreq,9443688,721320425606104,64
basic_appreq,9167515,721320434867277,64
basic_appreq,7066655,721320442027138,64
basic_appreq,7369484,721320449489278,64
basic_appreq,7753579,721320457341015,64
basic_appreq,8934923,721320466369065,64
basic_appreq,9772730,721320476235794,64
basic_appreq,9424645,721320485754337,64
basic_appreq,9381654,721320495230651,64
basic_appreq,9099787,721320504424558,64
basic_appreq,9734692,721320514253860,64
basic_appreq,9033297,721320523381096,64
basic_appreq,9102614,721320532577784,64
basic_appreq,8856736,721320541528059,64
basic_appreq,9284659,721320550905569,64
basic_appreq,8948169,721320559947376,64
basic_appreq,7720071,721320567792783,64
basic_appreq,7075193,721320574957826,64
basic_appreq,8791625,721320583843500,64
basic_appreq,9077045,721320593040309,64
basic_appreq,9233619,721320602367466,64
basic_appreq,9272404,721320611732787,64
basic_appreq,8114023,721320619939055,64
basic_appreq,8050935,721320628111227,64
basic_appreq,7028827,721320635217017,64
basic_appreq,8585995,721320643899658,64
basic_appreq,9151578,721320653145767,64
basic_appreq,9729725,721320662969971,64
basic_appreq,9389532,721320672451533,64
basic_appreq,9829422,721320682371565,64
basic_appreq,8133012,721320690583306,64
basic_appreq,6938195,721320697599933,64
basic_appreq,6832644,721320704525684,64
basic_appreq,7731697,721320712356537,64
basic_appreq,9007778,721320721463120,64
basic_appreq,9372448,721320730921138,64
basic_appreq,9118186,721320740132375,64
basic_appreq,9258998,721320749485627,64
basic_appreq,9711197,721320759289811,64
basic_appreq,9082137,721320768464959,64
basic_appreq,9020984,721320777579210,64
basic_appreq,9204802,721320786878101,64
basic_appreq,8827263,721320795782810,64
basic_appreq,8838353,721320804714090,64
basic_appreq,8993260,721320813801985,64
basic_appreq,8143295,721320822038984,64
basic_appreq,9428609,721320831562473,64
basic_appreq,8499129,721320840155541,64
basic_appreq,7143267,721320847392311,64
basic_appreq,7055082,721320854540991,64
basic_appreq,7444424,721320862080245,64
basic_appreq,7782320,721320869958043,64
basic_appreq,7532017,721320877583823,64
basic_appreq,8041925,721320885719051,64
basic_appreq,7953935,721320893771905,64
basic_appreq,9225085,721320903090197,64
basic_appreq,8035134,721320911218523,64
basic_appreq,9620695,721320920932310,64
basic_appreq,11412522,721320932437243,64
basic_appreq,8665081,721320941195169,64
basic_appreq,8720841,721320950009613,64
basic_appreq,9174000,721320959276264,64
basic_appreq,8856737,721320968225637,64
basic_appreq,9278604,721320977596671,64
basic_appreq,8726458,721320986443094,64
basic_appreq,8416171,721320994952397,64
basic_appreq,8853354,721321003899273,64
basic_appreq,9204055,721321013197152,64
basic_appreq,9885954,721321023177871,64
basic_appreq,8431998,721321031702971,64
basic_appreq,9001589,721321040797391,64
basic_appreq,8565600,721321049456714,64
basic_appreq,7468204,721321057017598,64
basic_appreq,7858984,721321064947863,64
basic_appreq,8256384,721321073276324,64
basic_appreq,8137452,721321081509921,64
basic_appreq,8402875,721321090008699,64
basic_appreq,8059210,721321098163917,64
basic_appreq,8203195,721321106460264,64
basic_appreq,7125962,721321113679098,64
basic_appreq,8276912,721321122048529,64
basic_appreq,8568276,721321130710392,64
basic_appreq,7310712,721321138113926,64
basic_appreq,5865633,721321144072700,64
basic_appreq,7078751,721321151245125,64
basic_appreq,7812070,721321159150207,64
basic_appreq,6813915,721321166056446,64
basic_appreq,6284393,721321172413569,64
basic_appreq,8703810,721321181211257,64
basic_appreq,9066345,721321190373786,64
basic_appreq,8718194,721321199189523,64
basic_appreq,8774630,721321208060728,64
basic_appreq,7218688,721321215374147,64
basic_appreq,7091416,721321222559266,64
basic_appreq,7664305,721321230294973,64
basic_appreq,7650457,721321238039771,64
basic_appreq,8014430,721321246138282,64
basic_appreq,7799566,721321254056744,64
basic_appreq,8046701,721321262197269,64
basic_appreq,7834462,721321270125413,64
basic_appreq,6982883,721321277202391,64
basic_appreq,9187543,721321286481953,64
basic_appreq,9727474,721321296302834,64
basic_appreq,9219472,721321305616109,64
basic_appreq,8683653,721321314392669,64
basic_appreq,9839310,721321324325120,64
basic_appreq,8885695,721321333298935,64
basic_appreq,9566274,721321342958130,64
basic_appreq,9576092,721321352627644,64
basic_appreq,9219943,721321361934084,64
basic_appreq,9309620,721321371336746,64
basic_appreq,8699060,721321380128608,64
basic_appreq,9103907,721321389326318,64
basic_appreq,8612604,721321398032640,64
basic_appreq,8520109,721321406646641,64
basic_appreq,8559439,721321415299824,64
basic_appreq,10362518,721321425756266,64
basic_appreq,8817400,721321434667860,64
basic_appreq,8754524,721321443515912,64
basic_appreq,9322822,721321452931781,64
basic_appreq,9861481,721321462886759,64
basic_appreq,9147148,721321472126934,64
basic_appreq,7792343,721321479990859,64
basic_appreq,7715204,721321487830939,64
basic_appreq,8161959,721321496090049,64
basic_appreq,8216802,721321504401351,64
basic_appreq,8448988,721321512947415,64
basic_appreq,8768070,721321521806762,64
basic_appreq,7614791,721321529512399,64
basic_appreq,7198881,721321536807535,64
basic_appreq,6702391,721321543606320,64
basic_appreq,9179458,721321552847387,64
basic_appreq,9063900,721321562005180,64
basic_appreq,8841456,721321570922067,64
basic_appreq,8584719,721321579600287,64
basic_appreq,9159262,721321588858459,64
basic_appreq,9094720,721321598046041,64
basic_appreq,8882632,721321607021384,64
basic_appreq,8466895,721321615581476,64
basic_appreq,8682957,721321624357624,64
basic_appreq,8674412,721321633125950,64
basic_appreq,8656767,721321641876360,64
basic_appreq,8988413,721321650958266,64
basic_appreq,9411339,721321660463413,64
basic_appreq,9179137,721321669737546,64
basic_appreq,11617977,721321681449696,64
basic_appreq,10457418,721321692033339,64
basic_appreq,8937224,721321701064862,64
basic_appreq,8133047,721321709290846,64
basic_appreq,8057986,721321717441263,64
basic_appreq,8675796,721321726210547,64
basic_appreq,7342566,721321733646254,64
basic_appreq,7004489,721321740743946,64
basic_appreq,8503905,721321749328348,64
basic_appreq,9045346,721321758466350,64
basic_appreq,8267570,721321766822983,64
basic_appreq,8791019,721321775708281,64
basic_appreq,7531852,721321783334002,64
basic_appreq,7247996,721321790675254,64
basic_appreq,8573493,721321799341974,64
basic_appreq,10601013,721321810036380,64
basic_appreq,10002850,721321820134045,64
basic_appreq,10413101,721321830642163,64
basic_appreq,9302249,721321840037519,64
basic_appreq,9565221,721321849696814,64
basic_appreq,8998562,721321858788613,64
basic_appreq,9419763,721321868317330,64
basic_appreq,8503930,721321876914928,64
basic_appreq,8665337,721321885673391,64
basic_appreq,7738127,721321893504400,64
basic_appreq,8454806,721321902052999,64
basic_appreq,8495716,721321910642614,64
basic_appreq,7157010,721321917894835,64
basic_appreq,8049783,721321926015844,64
basic_appreq,8086463,721321934198576,64
basic_appreq,8045714,721321942368088,64
basic_appreq,7774416,721321950214001,64
basic_appreq,7654758,721321957964718,64
basic_appreq,7870967,721321965929924,64
basic_appreq,7756179,721321973766701,64
basic_appreq,7404501,721321981268317,64
basic_appreq,8251091,721321989614505,64
basic_appreq,8232498,721321997940807,64
basic_appreq,8366535,721322006400755,64
basic_appreq,7270088,721322013742740,64
basic_appreq,8574023,721322022412907,64
basic_appreq,8885829,721322031400143,64
basic_appreq,8108790,721322039605247,64
basic_appreq,8722580,721322048399068,64
basic_appreq,9004470,721322057474499,64
basic_appreq,7828212,721322065374844,64
basic_appreq,7983794,721322073435798,64
basic_appreq,8118117,721322081647127,64
basic_appreq,8238657,721322089980410,64
basic_appreq,8314684,721322098390682,64
basic_appreq,7329802,721322105813721,64
basic_appreq,7284887,721322113170786,64
basic_appreq,9098670,721322122367304,64
basic_appreq,9180777,721322131643553,64
basic_appreq,8802626,721322140543836,64
basic_appreq,7912087,721322148552352,64
basic_appreq,7198672,721322155821989,64
basic_appreq,7269766,721322163188110,64
basic_appreq,5635597,721322168894276,64
basic_appreq,6983550,721322175944642,64
basic_appreq,8358062,721322184423956,64
basic_appreq,9968410,721322194485798,64
basic_appreq,9576557,721322204151067,64
basic_appreq,9225546,721322213470151,64
basic_appreq,8587906,721322222151650,64
basic_appreq,9126424,721322231371126,64
basic_appreq,7524851,721322238988562,64
basic_appreq,8147435,721322247231079,64
basic_appreq,6911543,721322254237778,64
basic_appreq,6632853,721322260966871,64
basic_appreq,5463356,721322266522797,64
basic_appreq,7948596,721322274555580,64
basic_appreq,9483396,721322284131387,64
basic_appreq,8688174,721322292913600,64
basic_appreq,9133822,721322302143255,64
basic_appreq,8084264,721322310320745,64
basic_appreq,7827185,721322318243417,64
basic_appreq,7663408,721322326002258,64
basic_appreq,7868616,721322333966993,64
basic_appreq,7993368,721322342057300,64
basic_appreq,7409386,721322349559002,64
basic_appreq,6718533,721322356371484,64
basic_appreq,8161718,721322364624981,64
basic_appreq,7476533,721322372200455,64
basic_appreq,7661854,721322379956128,64
basic_appreq,7899192,721322387992449,64
basic_appreq,7733247,721322395848531,64
basic_appreq,7759276,721322403701210,64
basic_appreq,6093954,721322409867162,64
basic_appreq,7905066,721322417867114,64
basic_appreq,7711917,721322425672418,64
basic_appreq,7596272,721322433361571,64
basic_appreq,7175017,721322440629178,64
basic_appreq,6596729,721322447317891,64
basic_appreq,7700816,721322455101229,64
basic_appreq,7968844,721322463164418,64
basic_appreq,6881879,721322470118274,64
basic_appreq,6476539,721322476690367,64
basic_appreq,7084079,721322483845561,64
basic_appreq,7772598,721322491705728,64
basic_appreq,8343752,721322500142677,64
basic_appreq,9225105,721322509461741,64
basic_appreq,9254157,721322518810493,64
basic_appreq,8865732,721322527762637,64
basic_appreq,8440398,721322536296262,64
basic_appreq,7747188,721322544138186,64
basic_appreq,9246023,721322553477761,64
basic_appreq,8085596,721322561656750,64
basic_appreq,7191324,721322568968630,64
basic_appreq,6211188,721322575272148,64
basic_appreq,7810836,721322583175224,64
basic_appreq,8437180,721322591707791,64
basic_appreq,8367627,721322600168936,64
basic_appreq,8356773,721322608621287,64
basic_appreq,7473330,721322616187719,64
basic_appreq,7689695,721322623972395,64
basic_appreq,8080423,721322632180887,64
basic_appreq,8422145,721322640704058,64
basic_appreq,9465730,721322650265736,64
basic_appreq,8903235,721322659263275,64
basic_appreq,9072309,721322668434214,64
basic_appreq,9454037,721322677983403,64
basic_appreq,9071362,721322687147761,64
basic_appreq,8721763,721322695985669,64
basic_appreq,9498405,721322705615475,64
basic_appreq,9234302,721322714943254,64
basic_appreq,8622752,721322723659388,64
basic_appreq,9179163,721322732932215,64
basic_appreq,9220865,721322742239155,64
basic_appreq,8149981,721322750482934,64
basic_appreq,7072668,721322757648052,64
basic_appreq,8011324,721322765757369,64
basic_appreq,6341100,721322772195529,64
basic_appreq,7827235,721322780118827,64
basic_appreq,6705428,721322786921828,64
basic_appreq,6879978,721322793891415,64
basic_appreq,9085214,721322803072988,64
basic_appreq,7465152,721322810632515,64
basic_appreq,7352675,721322818080888,64
basic_appreq,7002374,721322825185916,64
basic_appreq,7240714,721322832523315,64
basic_appreq,7828608,721322840451149,64
basic_appreq,8095805,721322848642937,64
basic_appreq,8609858,721322857350422,64
basic_appreq,8484359,721322865931206,64
basic_appreq,8848427,721322874875436,64
basic_appreq,8311468,721322883282938,64
basic_appreq,8791079,721322892171524,64
basic_appreq,7805930,721322900072861,64
basic_appreq,6399370,721322906544409,64
basic_appreq,8748535,721322915387048,64
basic_appreq,9004341,721322924484410,64
basic_appreq,8829077,721322933407256,64
basic_appreq,8864640,721322942364832,64
basic_appreq,9173581,721322951631258,64
basic_appreq,8790778,721322960514667,64
basic_appreq,9340062,721322969948473,64
basic_appreq,8449649,721322978489635,64
basic_appreq,8663376,721322987245957,64
basic_appreq,9353870,721322996693826,64
basic_appreq,8789039,721323005575977,64
basic_appreq,9086597,721323014756984,64
basic_appreq,9448565,721323024299046,64
basic_appreq,8294723,721323032686695,64
basic_appreq,9051646,721323041830702,64
basic_appreq,8861914,721323050785516,64
basic_appreq,8523075,721323059401047,64
basic_appreq,7177596,721323066677349,64
basic_appreq,6785449,721323073535367,64
basic_appreq,6847118,721323080459925,64
basic_appreq,8350047,721323088905279,64
basic_appreq,7628653,721323096629865,64
basic_appreq,6034911,721323102736182,64
basic_appreq,6738766,721323109547256,64
basic_appreq,7157224,721323116801762,64
basic_appreq,8566982,721323125464538,64
basic_appreq,8207605,721323133764433,64
basic_appreq,8186747,721323142046933,64
basic_appreq,8665231,721323150807736,64
basic_appreq,8146898,721323159050624,64
basic_appreq,7235678,721323166357447,64
basic_appreq,8013423,721323174461391,64
basic_appreq,7299040,721323181854088,64
basic_appreq,7350626,721323189289547,64
basic_appreq,7565836,721323196950549,64
basic_appreq,7350300,721323204394436,64
basic_appreq,6799963,721323211313546,64
basic_appreq,7228766,721323218635329,64
basic_appreq,6455516,721323225183706,64
basic_appreq,7365204,721323232642033,64
basic_appreq,7132677,721323239846737,64
#end,21,4142,64
