20260313-063634-4279 16706 * main            (server.cc:217):    Starting server.
20260313-063634-4291 16706 * main            (server.cc:335):    Creating a default paritioner!
20260313-063636-3567 16706 * main            (server.cc:513):    Done loading server.
[libprotobuf ERROR google/protobuf/message_lite.cc:121] Can't parse message of type "replication.iocl_craq.proto.SuccessorRequestMessage" because it is missing required fields: s, succ_groupidx, succ_replicaidx
[libprotobuf ERROR google/protobuf/message_lite.cc:121] Can't parse message of type "replication.iocl_craq.proto.SuccessorRequestMessage" because it is missing required fields: s, succ_groupidx, succ_replicaidx
[libprotobuf ERROR google/protobuf/message_lite.cc:121] Can't parse message of type "replication.iocl_craq.proto.SuccessorRequestMessage" because it is missing required fields: s, succ_groupidx, succ_replicaidx
[libprotobuf ERROR google/protobuf/message_lite.cc:121] Can't parse message of type "replication.iocl_craq.proto.SuccessorRequestMessage" because it is missing required fields: s, succ_groupidx, succ_replicaidx
[libprotobuf ERROR google/protobuf/message_lite.cc:121] Can't parse message of type "replication.iocl_craq.proto.SuccessorRequestMessage" because it is missing required fields: s, succ_groupidx, succ_replicaidx
[libprotobuf ERROR google/protobuf/message_lite.cc:121] Can't parse message of type "replication.iocl_craq.proto.SuccessorRequestMessage" because it is missing required fields: s, succ_groupidx, succ_replicaidx
[libprotobuf ERROR google/protobuf/message_lite.cc:121] Can't parse message of type "replication.iocl_craq.proto.SuccessorRequestMessage" because it is missing required fields: s, succ_groupidx, succ_replicaidx
[libprotobuf ERROR google/protobuf/message_lite.cc:121] Can't parse message of type "replication.iocl_craq.proto.SuccessorRequestMessage" because it is missing required fields: s, succ_groupidx, succ_replicaidx
[libprotobuf ERROR google/protobuf/message_lite.cc:121] Can't parse message of type "replication.iocl_craq.proto.SuccessorRequestMessage" because it is missing required fields: s, succ_groupidx, succ_replicaidx
[libprotobuf ERROR google/protobuf/message_lite.cc:121] Can't parse message of type "replication.iocl_craq.proto.SuccessorRequestMessage" because it is missing required fields: s, succ_groupidx, succ_replicaidx
[libprotobuf ERROR google/protobuf/message_lite.cc:121] Can't parse message of type "replication.iocl_craq.proto.SuccessorRequestMessage" because it is missing required fields: s, succ_groupidx, succ_replicaidx
[libprotobuf ERROR google/protobuf/message_lite.cc:121] Can't parse message of type "replication.iocl_craq.proto.SuccessorRequestMessage" because it is missing required fields: s, succ_groupidx, succ_replicaidx
[libprotobuf ERROR google/protobuf/message_lite.cc:121] Can't parse message of type "replication.iocl_craq.proto.SuccessorRequestMessage" because it is missing required fields: s, succ_groupidx, succ_replicaidx
[libprotobuf ERROR google/protobuf/message_lite.cc:121] Can't parse message of type "replication.iocl_craq.proto.SuccessorRequestMessage" because it is missing required fields: s, succ_groupidx, succ_replicaidx
[libprotobuf ERROR google/protobuf/message_lite.cc:121] Can't parse message of type "replication.iocl_craq.proto.SuccessorRequestMessage" because it is missing required fields: s, succ_groupidx, succ_replicaidx
[libprotobuf ERROR google/protobuf/message_lite.cc:121] Can't parse message of type "replication.iocl_craq.proto.SuccessorRequestMessage" because it is missing required fields: s, succ_groupidx, succ_replicaidx
[libprotobuf ERROR google/protobuf/message_lite.cc:121] Can't parse message of type "replication.iocl_craq.proto.SuccessorRequestMessage" because it is missing required fields: s, succ_groupidx, succ_replicaidx
[libprotobuf ERROR google/protobuf/message_lite.cc:121] Can't parse message of type "replication.iocl_craq.proto.SuccessorRequestMessage" because it is missing required fields: s, succ_groupidx, succ_replicaidx
[libprotobuf ERROR google/protobuf/message_lite.cc:121] Can't parse message of type "replication.iocl_craq.proto.SuccessorRequestMessage" because it is missing required fields: s, succ_groupidx, succ_replicaidx
[libprotobuf ERROR google/protobuf/message_lite.cc:121] Can't parse message of type "replication.iocl_craq.proto.SuccessorRequestMessage" because it is missing required fields: s, succ_groupidx, succ_replicaidx
[libprotobuf ERROR google/protobuf/message_lite.cc:121] Can't parse message of type "replication.iocl_craq.proto.SuccessorRequestMessage" because it is missing required fields: s, succ_groupidx, succ_replicaidx
[libprotobuf ERROR google/protobuf/message_lite.cc:121] Can't parse message of type "replication.iocl_craq.proto.SuccessorRequestMessage" because it is missing required fields: s, succ_groupidx, succ_replicaidx
[libprotobuf ERROR google/protobuf/message_lite.cc:121] Can't parse message of type "replication.iocl_craq.proto.SuccessorRequestMessage" because it is missing required fields: s, succ_groupidx, succ_replicaidx
[libprotobuf ERROR google/protobuf/message_lite.cc:121] Can't parse message of type "replication.iocl_craq.proto.SuccessorRequestMessage" because it is missing required fields: s, succ_groupidx, succ_replicaidx
[libprotobuf ERROR google/protobuf/message_lite.cc:121] Can't parse message of type "replication.iocl_craq.proto.SuccessorRequestMessage" because it is missing required fields: s, succ_groupidx, succ_replicaidx
[libprotobuf ERROR google/protobuf/message_lite.cc:121] Can't parse message of type "replication.iocl_craq.proto.SuccessorRequestMessage" because it is missing required fields: s, succ_groupidx, succ_replicaidx
[libprotobuf ERROR google/protobuf/message_lite.cc:121] Can't parse message of type "replication.iocl_craq.proto.SuccessorRequestMessage" because it is missing required fields: s, succ_groupidx, succ_replicaidx
[libprotobuf ERROR google/protobuf/message_lite.cc:121] Can't parse message of type "replication.iocl_craq.proto.SuccessorRequestMessage" because it is missing required fields: s, succ_groupidx, succ_replicaidx
[libprotobuf ERROR google/protobuf/message_lite.cc:121] Can't parse message of type "replication.iocl_craq.proto.SuccessorRequestMessage" because it is missing required fields: s, succ_groupidx, succ_replicaidx
[libprotobuf ERROR google/protobuf/message_lite.cc:121] Can't parse message of type "replication.iocl_craq.proto.SuccessorRequestMessage" because it is missing required fields: s, succ_groupidx, succ_replicaidx
[libprotobuf ERROR google/protobuf/message_lite.cc:121] Can't parse message of type "replication.iocl_craq.proto.SuccessorRequestMessage" because it is missing required fields: s, succ_groupidx, succ_replicaidx
[libprotobuf ERROR google/protobuf/message_lite.cc:121] Can't parse message of type "replication.iocl_craq.proto.SuccessorRequestMessage" because it is missing required fields: s, succ_groupidx, succ_replicaidx
[libprotobuf ERROR google/protobuf/message_lite.cc:121] Can't parse message of type "replication.iocl_craq.proto.SuccessorRequestMessage" because it is missing required fields: s, succ_groupidx, succ_replicaidx
[libprotobuf ERROR google/protobuf/message_lite.cc:121] Can't parse message of type "replication.iocl_craq.proto.SuccessorRequestMessage" because it is missing required fields: s, succ_groupidx, succ_replicaidx
[libprotobuf ERROR google/protobuf/message_lite.cc:121] Can't parse message of type "replication.iocl_craq.proto.SuccessorRequestMessage" because it is missing required fields: s, succ_groupidx, succ_replicaidx
[libprotobuf ERROR google/protobuf/message_lite.cc:121] Can't parse message of type "replication.iocl_craq.proto.SuccessorRequestMessage" because it is missing required fields: s, succ_groupidx, succ_replicaidx
[libprotobuf ERROR google/protobuf/message_lite.cc:121] Can't parse message of type "replication.iocl_craq.proto.SuccessorRequestMessage" because it is missing required fields: s, succ_groupidx, succ_replicaidx
20260313-063657-1179 16706 * SendRequest     (client.cc:198):    Sending client request with id 1 (shardtag=34359738370 predlist_size=1)
[libprotobuf ERROR google/protobuf/message_lite.cc:121] Can't parse message of type "replication.iocl_craq.proto.SuccessorRequestMessage" because it is missing required fields: s, succ_groupidx, succ_replicaidx
[libprotobuf ERROR google/protobuf/message_lite.cc:121] Can't parse message of type "replication.iocl_craq.proto.SuccessorRequestMessage" because it is missing required fields: s, succ_groupidx, succ_replicaidx
[libprotobuf ERROR google/protobuf/message_lite.cc:121] Can't parse message of type "replication.iocl_craq.proto.SuccessorRequestMessage" because it is missing required fields: s, succ_groupidx, succ_replicaidx
[libprotobuf ERROR google/protobuf/message_lite.cc:121] Can't parse message of type "replication.iocl_craq.proto.SuccessorRequestMessage" because it is missing required fields: s, succ_groupidx, succ_replicaidx
[libprotobuf ERROR google/protobuf/message_lite.cc:121] Can't parse message of type "replication.iocl_craq.proto.SuccessorRequestMessage" because it is missing required fields: s, succ_groupidx, succ_replicaidx
[libprotobuf ERROR google/protobuf/message_lite.cc:121] Can't parse message of type "replication.iocl_craq.proto.SuccessorRequestMessage" because it is missing required fields: s, succ_groupidx, succ_replicaidx
[libprotobuf ERROR google/protobuf/message_lite.cc:121] Can't parse message of type "replication.iocl_craq.proto.SuccessorRequestMessage" because it is missing required fields: s, succ_groupidx, succ_replicaidx
[libprotobuf ERROR google/protobuf/message_lite.cc:121] Can't parse message of type "replication.iocl_craq.proto.SuccessorRequestMessage" because it is missing required fields: s, succ_groupidx, succ_replicaidx
[libprotobuf ERROR google/protobuf/message_lite.cc:121] Can't parse message of type "replication.iocl_craq.proto.SuccessorRequestMessage" because it is missing required fields: s, succ_groupidx, succ_replicaidx
[libprotobuf ERROR google/protobuf/message_lite.cc:121] Can't parse message of type "replication.iocl_craq.proto.SuccessorRequestMessage" because it is missing required fields: s, succ_groupidx, succ_replicaidx
20260313-063657-1364 16706 * SendRequest     (client.cc:198):    Sending client request with id 2 (shardtag=85899345921 predlist_size=1)
20260313-063657-1366 16706 * SendRequest     (client.cc:198):    Sending client request with id 3 (shardtag=85899345922 predlist_size=1)
20260313-063657-1367 16706 * SendRequest     (client.cc:198):    Sending client request with id 4 (shardtag=85899345923 predlist_size=1)
[libprotobuf ERROR google/protobuf/message_lite.cc:121] Can't parse message of type "replication.iocl_craq.proto.SuccessorRequestMessage" because it is missing required fields: s, succ_groupidx, succ_replicaidx
[libprotobuf ERROR google/protobuf/message_lite.cc:121] Can't parse message of type "replication.iocl_craq.proto.SuccessorRequestMessage" because it is missing required fields: s, succ_groupidx, succ_replicaidx
[libprotobuf ERROR google/protobuf/message_lite.cc:121] Can't parse message of type "replication.iocl_craq.proto.SuccessorRequestMessage" because it is missing required fields: s, succ_groupidx, succ_replicaidx
[libprotobuf ERROR google/protobuf/message_lite.cc:121] Can't parse message of type "replication.iocl_craq.proto.SuccessorRequestMessage" because it is missing required fields: s, succ_groupidx, succ_replicaidx
[libprotobuf ERROR google/protobuf/message_lite.cc:121] Can't parse message of type "replication.iocl_craq.proto.SuccessorRequestMessage" because it is missing required fields: s, succ_groupidx, succ_replicaidx
[libprotobuf ERROR google/protobuf/message_lite.cc:121] Can't parse message of type "replication.iocl_craq.proto.SuccessorRequestMessage" because it is missing required fields: s, succ_groupidx, succ_replicaidx
[libprotobuf ERROR google/protobuf/message_lite.cc:121] Can't parse message of type "replication.iocl_craq.proto.SuccessorRequestMessage" because it is missing required fields: s, succ_groupidx, succ_replicaidx
[libprotobuf ERROR google/protobuf/message_lite.cc:121] Can't parse message of type "replication.iocl_craq.proto.SuccessorRequestMessage" because it is missing required fields: s, succ_groupidx, succ_replicaidx
[libprotobuf ERROR google/protobuf/message_lite.cc:121] Can't parse message of type "replication.iocl_craq.proto.SuccessorRequestMessage" because it is missing required fields: s, succ_groupidx, succ_replicaidx
[libprotobuf ERROR google/protobuf/message_lite.cc:121] Can't parse message of type "replication.iocl_craq.proto.SuccessorRequestMessage" because it is missing required fields: s, succ_groupidx, succ_replicaidx
[libprotobuf ERROR google/protobuf/message_lite.cc:121] Can't parse message of type "replication.iocl_craq.proto.SuccessorRequestMessage" because it is missing required fields: s, succ_groupidx, succ_replicaidx
[libprotobuf ERROR google/protobuf/message_lite.cc:121] Can't parse message of type "replication.iocl_craq.proto.SuccessorRequestMessage" because it is missing required fields: s, succ_groupidx, succ_replicaidx
[libprotobuf ERROR google/protobuf/message_lite.cc:121] Can't parse message of type "replication.iocl_craq.proto.SuccessorRequestMessage" because it is missing required fields: s, succ_groupidx, succ_replicaidx
[libprotobuf ERROR google/protobuf/message_lite.cc:121] Can't parse message of type "replication.iocl_craq.proto.SuccessorRequestMessage" because it is missing required fields: s, succ_groupidx, succ_replicaidx
[libprotobuf ERROR google/protobuf/message_lite.cc:121] Can't parse message of type "replication.iocl_craq.proto.SuccessorRequestMessage" because it is missing required fields: s, succ_groupidx, succ_replicaidx
[libprotobuf ERROR google/protobuf/message_lite.cc:121] Can't parse message of type "replication.iocl_craq.proto.SuccessorRequestMessage" because it is missing required fields: s, succ_groupidx, succ_replicaidx
[libprotobuf ERROR google/protobuf/message_lite.cc:121] Can't parse message of type "replication.iocl_craq.proto.SuccessorRequestMessage" because it is missing required fields: s, succ_groupidx, succ_replicaidx
[libprotobuf ERROR google/protobuf/message_lite.cc:121] Can't parse message of type "replication.iocl_craq.proto.SuccessorRequestMessage" because it is missing required fields: s, succ_groupidx, succ_replicaidx
[libprotobuf ERROR google/protobuf/message_lite.cc:121] Can't parse message of type "replication.iocl_craq.proto.SuccessorRequestMessage" because it is missing required fields: s, succ_groupidx, succ_replicaidx
[libprotobuf ERROR google/protobuf/message_lite.cc:121] Can't parse message of type "replication.iocl_craq.proto.SuccessorRequestMessage" because it is missing required fields: s, succ_groupidx, succ_replicaidx
[libprotobuf ERROR google/protobuf/message_lite.cc:121] Can't parse message of type "replication.iocl_craq.proto.SuccessorRequestMessage" because it is missing required fields: s, succ_groupidx, succ_replicaidx
[libprotobuf ERROR google/protobuf/message_lite.cc:121] Can't parse message of type "replication.iocl_craq.proto.SuccessorRequestMessage" because it is missing required fields: s, succ_groupidx, succ_replicaidx
[libprotobuf ERROR google/protobuf/message_lite.cc:121] Can't parse message of type "replication.iocl_craq.proto.SuccessorRequestMessage" because it is missing required fields: s, succ_groupidx, succ_replicaidx
[libprotobuf ERROR google/protobuf/message_lite.cc:121] Can't parse message of type "replication.iocl_craq.proto.SuccessorRequestMessage" because it is missing required fields: s, succ_groupidx, succ_replicaidx
[libprotobuf ERROR google/protobuf/message_lite.cc:121] Can't parse message of type "replication.iocl_craq.proto.SuccessorRequestMessage" because it is missing required fields: s, succ_groupidx, succ_replicaidx
[libprotobuf ERROR google/protobuf/message_lite.cc:121] Can't parse message of type "replication.iocl_craq.proto.SuccessorRequestMessage" because it is missing required fields: s, succ_groupidx, succ_replicaidx
[libprotobuf ERROR google/protobuf/message_lite.cc:121] Can't parse message of type "replication.iocl_craq.proto.SuccessorRequestMessage" because it is missing required fields: s, succ_groupidx, succ_replicaidx
[libprotobuf ERROR google/protobuf/message_lite.cc:121] Can't parse message of type "replication.iocl_craq.proto.SuccessorRequestMessage" because it is missing required fields: s, succ_groupidx, succ_replicaidx
[libprotobuf ERROR google/protobuf/message_lite.cc:121] Can't parse message of type "replication.iocl_craq.proto.SuccessorRequestMessage" because it is missing required fields: s, succ_groupidx, succ_replicaidx
[libprotobuf ERROR google/protobuf/message_lite.cc:121] Can't parse message of type "replication.iocl_craq.proto.SuccessorRequestMessage" because it is missing required fields: s, succ_groupidx, succ_replicaidx
[libprotobuf ERROR google/protobuf/message_lite.cc:121] Can't parse message of type "replication.iocl_craq.proto.SuccessorRequestMessage" because it is missing required fields: s, succ_groupidx, succ_replicaidx
[libprotobuf ERROR google/protobuf/message_lite.cc:121] Can't parse message of type "replication.iocl_craq.proto.SuccessorRequestMessage" because it is missing required fields: s, succ_groupidx, succ_replicaidx
[libprotobuf ERROR google/protobuf/message_lite.cc:121] Can't parse message of type "replication.iocl_craq.proto.SuccessorRequestMessage" because it is missing required fields: s, succ_groupidx, succ_replicaidx
[libprotobuf ERROR google/protobuf/message_lite.cc:121] Can't parse message of type "replication.iocl_craq.proto.SuccessorRequestMessage" because it is missing required fields: s, succ_groupidx, succ_replicaidx
[libprotobuf ERROR google/protobuf/message_lite.cc:121] Can't parse message of type "replication.iocl_craq.proto.SuccessorRequestMessage" because it is missing required fields: s, succ_groupidx, succ_replicaidx
[libprotobuf ERROR google/protobuf/message_lite.cc:121] Can't parse message of type "replication.iocl_craq.proto.SuccessorRequestMessage" because it is missing required fields: s, succ_groupidx, succ_replicaidx
[libprotobuf ERROR google/protobuf/message_lite.cc:121] Can't parse message of type "replication.iocl_craq.proto.SuccessorRequestMessage" because it is missing required fields: s, succ_groupidx, succ_replicaidx
[libprotobuf ERROR google/protobuf/message_lite.cc:121] Can't parse message of type "replication.iocl_craq.proto.SuccessorRequestMessage" because it is missing required fields: s, succ_groupidx, succ_replicaidx
[libprotobuf ERROR google/protobuf/message_lite.cc:121] Can't parse message of type "replication.iocl_craq.proto.SuccessorRequestMessage" because it is missing required fields: s, succ_groupidx, succ_replicaidx
[libprotobuf ERROR google/protobuf/message_lite.cc:121] Can't parse message of type "replication.iocl_craq.proto.SuccessorRequestMessage" because it is missing required fields: s, succ_groupidx, succ_replicaidx
20260313-063657-1566 16706 * SendRequest     (client.cc:198):    Sending client request with id 5 (shardtag=103079215105 predlist_size=0)
[libprotobuf ERROR google/protobuf/message_lite.cc:121] Can't parse message of type "replication.iocl_craq.proto.SuccessorRequestMessage" because it is missing required fields: s, succ_groupidx, succ_replicaidx
[libprotobuf ERROR google/protobuf/message_lite.cc:121] Can't parse message of type "replication.iocl_craq.proto.SuccessorRequestMessage" because it is missing required fields: s, succ_groupidx, succ_replicaidx
[libprotobuf ERROR google/protobuf/message_lite.cc:121] Can't parse message of type "replication.iocl_craq.proto.SuccessorRequestMessage" because it is missing required fields: s, succ_groupidx, succ_replicaidx
[libprotobuf ERROR google/protobuf/message_lite.cc:121] Can't parse message of type "replication.iocl_craq.proto.SuccessorRequestMessage" because it is missing required fields: s, succ_groupidx, succ_replicaidx
[libprotobuf ERROR google/protobuf/message_lite.cc:121] Can't parse message of type "replication.iocl_craq.proto.SuccessorRequestMessage" because it is missing required fields: s, succ_groupidx, succ_replicaidx
[libprotobuf ERROR google/protobuf/message_lite.cc:121] Can't parse message of type "replication.iocl_craq.proto.SuccessorRequestMessage" because it is missing required fields: s, succ_groupidx, succ_replicaidx
[libprotobuf ERROR google/protobuf/message_lite.cc:121] Can't parse message of type "replication.iocl_craq.proto.SuccessorRequestMessage" because it is missing required fields: s, succ_groupidx, succ_replicaidx
[libprotobuf ERROR google/protobuf/message_lite.cc:121] Can't parse message of type "replication.iocl_craq.proto.SuccessorRequestMessage" because it is missing required fields: s, succ_groupidx, succ_replicaidx
[libprotobuf ERROR google/protobuf/message_lite.cc:121] Can't parse message of type "replication.iocl_craq.proto.SuccessorRequestMessage" because it is missing required fields: s, succ_groupidx, succ_replicaidx
[libprotobuf ERROR google/protobuf/message_lite.cc:121] Can't parse message of type "replication.iocl_craq.proto.SuccessorRequestMessage" because it is missing required fields: s, succ_groupidx, succ_replicaidx
[libprotobuf ERROR google/protobuf/message_lite.cc:121] Can't parse message of type "replication.iocl_craq.proto.SuccessorRequestMessage" because it is missing required fields: s, succ_groupidx, succ_replicaidx
[libprotobuf ERROR google/protobuf/message_lite.cc:121] Can't parse message of type "replication.iocl_craq.proto.SuccessorRequestMessage" because it is missing required fields: s, succ_groupidx, succ_replicaidx
[libprotobuf ERROR google/protobuf/message_lite.cc:121] Can't parse message of type "replication.iocl_craq.proto.SuccessorRequestMessage" because it is missing required fields: s, succ_groupidx, succ_replicaidx
[libprotobuf ERROR google/protobuf/message_lite.cc:121] Can't parse message of type "replication.iocl_craq.proto.SuccessorRequestMessage" because it is missing required fields: s, succ_groupidx, succ_replicaidx
[libprotobuf ERROR google/protobuf/message_lite.cc:121] Can't parse message of type "replication.iocl_craq.proto.SuccessorRequestMessage" because it is missing required fields: s, succ_groupidx, succ_replicaidx
[libprotobuf ERROR google/protobuf/message_lite.cc:121] Can't parse message of type "replication.iocl_craq.proto.SuccessorRequestMessage" because it is missing required fields: s, succ_groupidx, succ_replicaidx
[libprotobuf ERROR google/protobuf/message_lite.cc:121] Can't parse message of type "replication.iocl_craq.proto.SuccessorRequestMessage" because it is missing required fields: s, succ_groupidx, succ_replicaidx
[libprotobuf ERROR google/protobuf/message_lite.cc:121] Can't parse message of type "replication.iocl_craq.proto.SuccessorRequestMessage" because it is missing required fields: s, succ_groupidx, succ_replicaidx
[libprotobuf ERROR google/protobuf/message_lite.cc:121] Can't parse message of type "replication.iocl_craq.proto.SuccessorRequestMessage" because it is missing required fields: s, succ_groupidx, succ_replicaidx
[libprotobuf ERROR google/protobuf/message_lite.cc:121] Can't parse message of type "replication.iocl_craq.proto.SuccessorRequestMessage" because it is missing required fields: s, succ_groupidx, succ_replicaidx
20260313-063657-1606 16706 * SendRequest     (client.cc:198):    Sending client request with id 6 (shardtag=51539607553 predlist_size=1)
20260313-063657-1607 16706 * SendRequest     (client.cc:198):    Sending client request with id 7 (shardtag=51539607554 predlist_size=1)
20260313-063657-1609 16706 * SendRequest     (client.cc:198):    Sending client request with id 8 (shardtag=51539607555 predlist_size=1)
20260313-063657-1650 16706 * SendRequest     (client.cc:198):    Sending client request with id 9 (shardtag=68719476737 predlist_size=1)
20260313-063657-1652 16706 * SendRequest     (client.cc:198):    Sending client request with id 10 (shardtag=68719476738 predlist_size=1)
20260313-063658-8553 16706 * SendRequest     (client.cc:198):    Sending client request with id 11 (shardtag=85899345924 predlist_size=0)
20260313-063658-8555 16706 * SendRequest     (client.cc:198):    Sending client request with id 12 (shardtag=85899345925 predlist_size=1)
20260313-063658-8751 16706 * SendRequest     (client.cc:198):    Sending client request with id 13 (shardtag=103079215109 predlist_size=1)
20260313-063658-8779 16706 * SendRequest     (client.cc:198):    Sending client request with id 14 (shardtag=137438953475 predlist_size=1)
20260313-063659-0346 16706 * SendRequest     (client.cc:198):    Sending client request with id 15 (shardtag=34359738371 predlist_size=1)
20260313-063659-0348 16706 * SendRequest     (client.cc:198):    Sending client request with id 16 (shardtag=34359738372 predlist_size=1)
20260313-063659-0349 16706 * SendRequest     (client.cc:198):    Sending client request with id 17 (shardtag=34359738373 predlist_size=1)
20260313-063659-0350 16706 * SendRequest     (client.cc:198):    Sending client request with id 18 (shardtag=34359738374 predlist_size=1)
20260313-063659-0640 16706 * SendRequest     (client.cc:198):    Sending client request with id 19 (shardtag=120259084290 predlist_size=1)
20260313-063700-6500 16706 * SendRequest     (client.cc:198):    Sending client request with id 20 (shardtag=34359738376 predlist_size=1)
20260313-063700-6774 16706 * SendRequest     (client.cc:198):    Sending client request with id 21 (shardtag=120259084291 predlist_size=1)
20260313-063700-7689 16706 * SendRequest     (client.cc:198):    Sending client request with id 22 (shardtag=85899345926 predlist_size=1)
20260313-063700-9680 16706 * SendRequest     (client.cc:198):    Sending client request with id 23 (shardtag=17179869188 predlist_size=1)
20260313-063700-9681 16706 * SendRequest     (client.cc:198):    Sending client request with id 24 (shardtag=17179869189 predlist_size=1)
20260313-063701-1917 16706 * SendRequest     (client.cc:198):    Sending client request with id 25 (shardtag=103079215111 predlist_size=1)
20260313-063702-7645 16706 * SendRequest     (client.cc:198):    Sending client request with id 26 (shardtag=34359738377 predlist_size=0)
20260313-063702-9010 16706 * SendRequest     (client.cc:198):    Sending client request with id 27 (shardtag=51539607556 predlist_size=1)
20260313-063702-9836 16706 * SendRequest     (client.cc:198):    Sending client request with id 28 (shardtag=85899345927 predlist_size=1)
20260313-063702-9838 16706 * SendRequest     (client.cc:198):    Sending client request with id 29 (shardtag=85899345928 predlist_size=1)
20260313-063702-9945 16706 * SendRequest     (client.cc:198):    Sending client request with id 30 (shardtag=120259084293 predlist_size=1)
20260313-063703-0058 16706 * SendRequest     (client.cc:198):    Sending client request with id 31 (shardtag=103079215112 predlist_size=1)
20260313-063703-0060 16706 * SendRequest     (client.cc:198):    Sending client request with id 32 (shardtag=103079215114 predlist_size=1)
20260313-063703-2838 16706 * SendRequest     (client.cc:198):    Sending client request with id 33 (shardtag=17179869191 predlist_size=1)
20260313-063703-2840 16706 * SendRequest     (client.cc:198):    Sending client request with id 34 (shardtag=17179869192 predlist_size=1)
20260313-063704-5793 16706 * SendRequest     (client.cc:198):    Sending client request with id 35 (shardtag=34359738378 predlist_size=1)
20260313-063704-8209 16706 * SendRequest     (client.cc:198):    Sending client request with id 36 (shardtag=103079215115 predlist_size=1)
20260313-063704-8210 16706 * SendRequest     (client.cc:198):    Sending client request with id 37 (shardtag=103079215116 predlist_size=1)
20260313-063704-9177 16706 * SendRequest     (client.cc:198):    Sending client request with id 38 (shardtag=51539607558 predlist_size=1)
20260313-063704-9297 16706 * SendRequest     (client.cc:198):    Sending client request with id 39 (shardtag=68719476743 predlist_size=1)
20260313-063704-9299 16706 * SendRequest     (client.cc:198):    Sending client request with id 40 (shardtag=68719476744 predlist_size=1)
20260313-063705-1242 16706 * SendRequest     (client.cc:198):    Sending client request with id 41 (shardtag=137438953480 predlist_size=1)
20260313-063706-6128 16706 * SendRequest     (client.cc:198):    Sending client request with id 42 (shardtag=85899345932 predlist_size=0)
20260313-063706-8361 16706 * SendRequest     (client.cc:198):    Sending client request with id 43 (shardtag=103079215119 predlist_size=1)
20260313-063706-8954 16706 * SendRequest     (client.cc:198):    Sending client request with id 44 (shardtag=34359738381 predlist_size=1)
20260313-063706-8956 16706 * SendRequest     (client.cc:198):    Sending client request with id 45 (shardtag=34359738382 predlist_size=1)
20260313-063706-9265 16706 * SendRequest     (client.cc:198):    Sending client request with id 46 (shardtag=120259084297 predlist_size=1)
20260313-063707-2398 16706 * SendRequest     (client.cc:198):    Sending client request with id 47 (shardtag=137438953482 predlist_size=1)
20260313-063707-4470 16706 * SendRequest     (client.cc:198):    Sending client request with id 48 (shardtag=68719476745 predlist_size=1)
20260313-063708-7277 16706 * SendRequest     (client.cc:198):    Sending client request with id 49 (shardtag=85899345933 predlist_size=1)
20260313-063708-7489 16706 * SendRequest     (client.cc:198):    Sending client request with id 50 (shardtag=103079215120 predlist_size=0)
20260313-063708-7491 16706 * SendRequest     (client.cc:198):    Sending client request with id 51 (shardtag=103079215121 predlist_size=1)
20260313-063708-7492 16706 * SendRequest     (client.cc:198):    Sending client request with id 52 (shardtag=103079215122 predlist_size=1)
20260313-063708-7493 16706 * SendRequest     (client.cc:198):    Sending client request with id 53 (shardtag=103079215123 predlist_size=1)
20260313-063708-7495 16706 * SendRequest     (client.cc:198):    Sending client request with id 54 (shardtag=103079215124 predlist_size=1)
20260313-063709-1543 16706 * SendRequest     (client.cc:198):    Sending client request with id 55 (shardtag=137438953483 predlist_size=1)
20260313-063709-6518 16706 * SendRequest     (client.cc:198):    Sending client request with id 56 (shardtag=51539607559 predlist_size=1)
20260313-063709-6520 16706 * SendRequest     (client.cc:198):    Sending client request with id 57 (shardtag=51539607560 predlist_size=1)
20260313-063711-1271 16706 * SendRequest     (client.cc:198):    Sending client request with id 58 (shardtag=34359738384 predlist_size=1)
20260313-063711-1273 16706 * SendRequest     (client.cc:198):    Sending client request with id 59 (shardtag=34359738385 predlist_size=1)
20260313-063711-5714 16706 * SendRequest     (client.cc:198):    Sending client request with id 60 (shardtag=137438953487 predlist_size=1)
20260313-063711-6792 16706 * SendRequest     (client.cc:198):    Sending client request with id 61 (shardtag=68719476747 predlist_size=0)
20260313-063711-6794 16706 * SendRequest     (client.cc:198):    Sending client request with id 62 (shardtag=68719476750 predlist_size=1)
20260313-063713-2812 16706 * SendRequest     (client.cc:198):    Sending client request with id 63 (shardtag=103079215127 predlist_size=1)
20260313-063713-2813 16706 * SendRequest     (client.cc:198):    Sending client request with id 64 (shardtag=103079215129 predlist_size=1)
20260313-063713-2815 16706 * SendRequest     (client.cc:198):    Sending client request with id 65 (shardtag=103079215130 predlist_size=1)
20260313-063713-4854 16706 * SendRequest     (client.cc:198):    Sending client request with id 66 (shardtag=137438953488 predlist_size=1)
20260313-063714-2745 16706 * SendRequest     (client.cc:198):    Sending client request with id 67 (shardtag=120259084301 predlist_size=1)
20260313-063714-2747 16706 * SendRequest     (client.cc:198):    Sending client request with id 68 (shardtag=120259084303 predlist_size=1)
20260313-063714-3714 16706 * SendRequest     (client.cc:198):    Sending client request with id 69 (shardtag=85899345936 predlist_size=0)
20260313-063715-3004 16706 * SendRequest     (client.cc:198):    Sending client request with id 70 (shardtag=137438953489 predlist_size=1)
20260313-063715-4565 16706 * SendRequest     (client.cc:198):    Sending client request with id 71 (shardtag=34359738387 predlist_size=1)
20260313-063715-8095 16706 * SendRequest     (client.cc:198):    Sending client request with id 72 (shardtag=68719476751 predlist_size=1)
20260313-063717-5141 16706 * SendRequest     (client.cc:198):    Sending client request with id 73 (shardtag=51539607564 predlist_size=1)
20260313-063717-9244 16706 * SendRequest     (client.cc:198):    Sending client request with id 74 (shardtag=68719476752 predlist_size=1)
20260313-063718-9079 16706 * SendRequest     (client.cc:198):    Sending client request with id 75 (shardtag=120259084306 predlist_size=1)
20260313-063718-9080 16706 * SendRequest     (client.cc:198):    Sending client request with id 76 (shardtag=120259084307 predlist_size=1)
20260313-063719-0271 16706 * SendRequest     (client.cc:198):    Sending client request with id 77 (shardtag=103079215133 predlist_size=0)
20260313-063719-2061 16706 * SendRequest     (client.cc:198):    Sending client request with id 78 (shardtag=17179869200 predlist_size=1)
20260313-063719-6308 16706 * SendRequest     (client.cc:198):    Sending client request with id 79 (shardtag=137438953492 predlist_size=1)
20260313-063719-8304 16706 * SendRequest     (client.cc:198):    Sending client request with id 80 (shardtag=51539607566 predlist_size=1)
20260313-063719-8306 16706 * SendRequest     (client.cc:198):    Sending client request with id 81 (shardtag=51539607567 predlist_size=1)
20260313-063720-7419 16706 * SendRequest     (client.cc:198):    Sending client request with id 82 (shardtag=68719476753 predlist_size=1)
20260313-063720-7421 16706 * SendRequest     (client.cc:198):    Sending client request with id 83 (shardtag=68719476754 predlist_size=1)
20260313-063720-9235 16706 * SendRequest     (client.cc:198):    Sending client request with id 84 (shardtag=120259084308 predlist_size=1)
20260313-063721-4464 16706 * SendRequest     (client.cc:198):    Sending client request with id 85 (shardtag=51539607568 predlist_size=1)
20260313-063721-8458 16706 * SendRequest     (client.cc:198):    Sending client request with id 86 (shardtag=137438953494 predlist_size=1)
20260313-063722-9581 16706 * SendRequest     (client.cc:198):    Sending client request with id 87 (shardtag=103079215135 predlist_size=1)
20260313-063723-3594 16706 * SendRequest     (client.cc:198):    Sending client request with id 88 (shardtag=68719476755 predlist_size=1)
20260313-063723-6342 16706 * SendRequest     (client.cc:198):    Sending client request with id 89 (shardtag=17179869203 predlist_size=1)
20260313-063723-9199 16706 * SendRequest     (client.cc:198):    Sending client request with id 90 (shardtag=34359738388 predlist_size=1)
20260313-063723-9637 16706 * SendRequest     (client.cc:198):    Sending client request with id 91 (shardtag=51539607572 predlist_size=1)
20260313-063725-0484 16706 * SendRequest     (client.cc:198):    Sending client request with id 92 (shardtag=85899345942 predlist_size=1)
20260313-063725-1742 16706 * SendRequest     (client.cc:198):    Sending client request with id 93 (shardtag=103079215138 predlist_size=1)
20260313-063725-1744 16706 * SendRequest     (client.cc:198):    Sending client request with id 94 (shardtag=103079215139 predlist_size=1)
20260313-063725-7509 16706 * SendRequest     (client.cc:198):    Sending client request with id 95 (shardtag=17179869205 predlist_size=1)
20260313-063725-8771 16706 * SendRequest     (client.cc:198):    Sending client request with id 96 (shardtag=51539607573 predlist_size=1)
20260313-063726-0562 16706 * SendRequest     (client.cc:198):    Sending client request with id 97 (shardtag=120259084311 predlist_size=1)
20260313-063726-2376 16706 * SendRequest     (client.cc:198):    Sending client request with id 98 (shardtag=34359738389 predlist_size=1)
20260313-063726-2378 16706 * SendRequest     (client.cc:198):    Sending client request with id 99 (shardtag=34359738390 predlist_size=1)
20260313-063726-2379 16706 * SendRequest     (client.cc:198):    Sending client request with id 100 (shardtag=34359738392 predlist_size=1)
20260313-063728-2604 16706 ! TCPIncomingEventCallback (tcptransport.cc:942): [TCP INCOMING 130] EOF, lifetime=31100.80 ms
20260313-063728-2606 16706 ! TCPIncomingEventCallback (tcptransport.cc:942): [TCP INCOMING 133] EOF, lifetime=31095.93 ms
20260313-063729-0464 16706 ! TCPIncomingEventCallback (tcptransport.cc:942): [TCP INCOMING 121] EOF, lifetime=31915.30 ms
20260313-063729-0466 16706 ! TCPIncomingEventCallback (tcptransport.cc:942): [TCP INCOMING 122] EOF, lifetime=31910.33 ms
20260313-063729-1711 16706 ! TCPIncomingEventCallback (tcptransport.cc:942): [TCP INCOMING 131] EOF, lifetime=32011.10 ms
20260313-063729-1712 16706 ! TCPIncomingEventCallback (tcptransport.cc:942): [TCP INCOMING 134] EOF, lifetime=32006.39 ms
20260313-063729-1732 16706 ! TCPIncomingEventCallback (tcptransport.cc:942): [TCP INCOMING 127] EOF, lifetime=32021.69 ms
20260313-063729-1733 16706 ! TCPIncomingEventCallback (tcptransport.cc:942): [TCP INCOMING 129] EOF, lifetime=32016.78 ms
20260313-063729-7489 16706 ! TCPIncomingEventCallback (tcptransport.cc:942): [TCP INCOMING 123] EOF, lifetime=32612.63 ms
20260313-063729-7490 16706 ! TCPIncomingEventCallback (tcptransport.cc:942): [TCP INCOMING 124] EOF, lifetime=32607.95 ms
20260313-063729-8763 16706 ! TCPIncomingEventCallback (tcptransport.cc:942): [TCP INCOMING 128] EOF, lifetime=32720.81 ms
20260313-063729-8765 16706 ! TCPIncomingEventCallback (tcptransport.cc:942): [TCP INCOMING 132] EOF, lifetime=32716.02 ms
20260313-063730-0572 16706 ! TCPIncomingEventCallback (tcptransport.cc:942): [TCP INCOMING 125] EOF, lifetime=32910.94 ms
20260313-063730-0573 16706 ! TCPIncomingEventCallback (tcptransport.cc:942): [TCP INCOMING 126] EOF, lifetime=32906.07 ms
20260313-063730-2354 16706 ! TCPIncomingEventCallback (tcptransport.cc:942): [TCP INCOMING 117] EOF, lifetime=33123.43 ms
20260313-063730-2356 16706 ! TCPIncomingEventCallback (tcptransport.cc:942): [TCP INCOMING 118] EOF, lifetime=33118.79 ms
20260313-063736-6480 16706 * Cleanup         (server.cc:589):    Gracefully exiting after signal 15.
20260313-063736-6481 16706 * Stop            (tcptransport.cc:605): [TCP SUMMARY] outgoingCreated=59 outgoingClosed=0 incomingCreated=75 incomingClosed=16 outgoingPeak=119 incomingPeak=38
Inserted events:
  0x558b0f6440d0 [fd  9] Read Persist Internal
  0x558b0f64be30 [fd  10] Read Persist
  0x558b0f6572e0 [fd  11] Read Persist
  0x558b1bcd4730 [fd  12] Read Persist
  0x558b1bcd2a20 [fd  13] Read Persist
  0x558b1bcca370 [fd  14] Read Persist
  0x558b1bcd3020 [fd  15] Read Persist
  0x558b1bcd3d10 [fd  16] Read Persist
  0x558b1bcc8db0 [fd  17] Read Persist
  0x558b1bcc91a0 [fd  18] Read Persist
  0x558b1bcc9830 [fd  19] Read Persist
  0x558b1bcc9c50 [fd  20] Read Persist
  0x558b1bcca040 [fd  21] Read Persist
  0x558b1bcc7ea0 [fd  22] Read Persist
  0x558b1bcc8360 [fd  23] Read Persist
  0x558b1bcc88c0 [fd  24] Read Persist
  0x558b1bccf8e0 [fd  25] Read Persist
  0x558b1bccfe70 [fd  26] Read Persist
  0x558b1bcd0400 [fd  27] Read Persist
  0x558b1bcd0990 [fd  28] Read Persist
  0x558b1bcd1050 [fd  29] Read Persist
  0x558b1bcd15b0 [fd  30] Read Persist
  0x558b1bcd1b40 [fd  31] Read Persist
  0x558b1bcd75c0 [fd  32] Read Persist
  0x558b1bcd7ce0 [fd  33] Read Persist
  0x558b1bcd8270 [fd  34] Read Persist
  0x558b1bcd8800 [fd  35] Read Persist
  0x558b1bcd8d90 [fd  36] Read Persist
  0x558b1bcd9320 [fd  37] Read Persist
  0x558b1bcd98b0 [fd  38] Read Persist
  0x558b1bcd9e40 [fd  39] Read Persist
  0x558b1bcda3d0 [fd  40] Read Persist
  0x558b1bcda7f0 [fd  41] Read Persist
  0x558b1bcdaa10 [fd  42] Read Persist
  0x558b1bcdacc0 [fd  43] Read Persist
  0x558b1bcdb080 [fd  44] Read Persist
  0x558b1bcdb420 [fd  45] Read Persist
  0x558b1bcdb7c0 [fd  46] Read Persist
  0x558b1bcdbb60 [fd  47] Read Persist
  0x558b0f653980 [fd  48] Read Persist
  0x558b0f652790 [fd  49] Read Persist
  0x558b0f652bb0 [fd  50] Read Persist
  0x558b0f653020 [fd  51] Read Persist
  0x558b1bcdbf00 [fd  52] Read Persist
  0x558b1bcdc1b0 [fd  53] Read Persist
  0x558b1bcdc4f0 [fd  54] Read Persist
  0x558b1bcdc830 [fd  55] Read Persist
  0x558b1bcdcc40 [fd  56] Read Persist
  0x558b1bcdd0c0 [fd  57] Read Persist
  0x558b1bcdd560 [fd  58] Read Persist
  0x558b1bcdda00 [fd  59] Read Persist
  0x558b1bcddea0 [fd  60] Read Persist
  0x558b1bcde340 [fd  61] Read Persist
  0x558b1bcde7e0 [fd  62] Read Persist
  0x558b1bcdec80 [fd  63] Read Persist
  0x558b1bcdf120 [fd  64] Read Persist
  0x558b1bcdf9d0 [fd  65] Read Persist
  0x558b1bcdfe70 [fd  66] Read Persist
  0x558b1bce0310 [fd  67] Read Persist
  0x558b1bce07b0 [fd  68] Read Persist
  0x558b1bce0c50 [fd  69] Read Persist
  0x558b1bce10f0 [fd  70] Read Persist
  0x558b1bce16a0 [fd  71] Read Persist
  0x558b1bce1b60 [fd  72] Read Persist
  0x558b1bce2020 [fd  73] Read Persist
  0x558b1bce24e0 [fd  74] Read Persist
  0x558b1bce29a0 [fd  75] Read Persist
  0x558b1bce2e60 [fd  76] Read Persist
  0x558b1bce3320 [fd  77] Read Persist
  0x558b1bce38b0 [fd  78] Read Persist
  0x558b1bce3e40 [fd  79] Read Persist
  0x558b1bce43d0 [fd  80] Read Persist
  0x558b1bce4960 [fd  81] Read Persist
  0x558b1bce4ef0 [fd  82] Read Persist
  0x558b1bce5480 [fd  83] Read Persist
  0x558b1bce5a10 [fd  84] Read Persist
  0x558b1bce5fa0 [fd  85] Read Persist
  0x558b1bce6530 [fd  86] Read Persist
  0x558b1bce6ac0 [fd  87] Read Persist
  0x558b1bce7050 [fd  88] Read Persist
  0x558b1bce75e0 [fd  89] Read Persist
  0x558b1bce7b70 [fd  90] Read Persist
  0x558b1bce8b80 [fd  91] Read Persist
  0x558b1bce9110 [fd  92] Read Persist
  0x558b1bce96a0 [fd  93] Read Persist
  0x558b1bce9c30 [fd  94] Read Persist
  0x558b1bcea1c0 [fd  95] Read Persist
  0x558b1bcea750 [fd  96] Read Persist
  0x558b1bceace0 [fd  97] Read Persist
  0x558b1bceb270 [fd  98] Read Persist
  0x558b1bceb800 [fd  99] Read Persist
  0x558b1bcfe540 [fd  100] Read Persist
  0x558b1bcfed50 [fd  101] Read Persist
  0x558b1bcff110 [fd  102] Read Persist
  0x558b1bcff450 [fd  103] Read Persist
  0x558b1bcff790 [fd  104] Read Persist
  0x558b1bcffad0 [fd  105] Read Persist
  0x558b1bcffe10 [fd  106] Read Persist
  0x558b1bcf8370 [fd  107] Read Persist
  0x558b1bcf8830 [fd  108] Read Persist
  0x558b1bcf8c50 [fd  109] Read Persist
  0x558b1bcf9110 [fd  110] Read Persist
  0x558b1bcf9580 [fd  111] Read Persist
  0x558b1bcf99f0 [fd  112] Read Persist
  0x558b1bcf9e10 [fd  113] Read Persist
  0x558b1bcfa330 [fd  114] Read Persist
  0x558b1bcfa7d0 [fd  115] Read Persist
  0x558b1bcfac70 [fd  116] Read Persist
  0x558b1bd00150 [fd  117] Read Persist
  0x558b1bd00ca0 [fd  118] Read Persist
  0x558b1bd00fe0 [fd  119] Read Persist
  0x558b1bd01320 [fd  120] Read Persist
  0x558b1bd01730 [fd  121] Read Persist
  0x558b1bd01bb0 [fd  122] Read Persist
  0x558b1bd02050 [fd  123] Read Persist
  0x558b1bd024f0 [fd  124] Read Persist
  0x558b1bd02990 [fd  125] Read Persist
  0x558b1bd02e30 [fd  126] Read Persist
  0x558b1bd032d0 [fd  127] Read Persist
  0x558b1bd21040 [fd  130] Read Persist
  0x558b1bd21260 [fd  131] Read Persist
Active events:
20260313-063736-6500 16706 * Cleanup         (server.cc:593):    Exporting stats to /mnt/extra/experiments/2026-04-13-06-36-25/out/server-0-4-1-stats-0.json.
20260313-063736-6502 16706 * Close           (replica.cc:1228):  [1] ReadStatsSummary clean=80 dirty=20 total=100
20260313-063736-6503 16706 * Close           (replica.cc:1230):  [1] ReadStatsDepth depth=1 count=12
20260313-063736-6503 16706 * Close           (replica.cc:1230):  [1] ReadStatsDepth depth=2 count=6
20260313-063736-6504 16706 * Close           (replica.cc:1230):  [1] ReadStatsDepth depth=3 count=2
20260313-063736-6504 16706 * Close           (replica.cc:1233):  [1] ReadStatsClient client=21 clean=80 dirty=20
