20260216-182518-2575 32929 * main            (benchmark.cc:402): Starting benchmark.
20260216-182519-4430 32929 * main            (benchmark.cc:621): Creating a default paritioner!
20260216-182519-4432 32929 * Client          (client.cc:75):     Initializing StrongStore client with id [13]
20260216-182519-4432 32929 * BenchmarkClient (bench_client.cc:81): starting benchclient, issueConcurrent: 0; fanout: 1
Session created: 0
last_service: , current_state: 0
Session continued: 0
last_service: , current_state: 0
Session destroyed: 18446744073709551615
last_service: , current_state: 0
20260216-182524-5422 32929 * WarmupDone      (bench_client.cc:738): Completed warmup period of 5 seconds with 4005 requests
20260216-182555-5424 32929 * Finish          (bench_client.cc:932): Completed 25046 requests in 31.000358 seconds
20260216-182555-5425 32929 * Finish          (bench_client.cc:933): 1 outstanding transactions.
Session continued: 0
last_service: , current_state: 0
Session destroyed: 18446744073709551615
last_service: , current_state: 0
Session continued: 0
last_service: , current_state: 0
Session destroyed: 18446744073709551615
last_service: , current_state: 0
Session destroyed: 0
last_service: , current_state: 0
20260216-182558-5424 32929 * FlushStats      (benchmark.cc:890): Flushing stats to /mnt/extra/experiments/2026-03-16-18-24-54/out/client-0-0-13-stats-0.json.
20260216-182558-5426 32929 * FlushStats      (benchmark.cc:902): All done!
20260216-182600-5427 32929 * Cleanup         (bench_client.cc:760): Aborting 0 outstanding transactions.
20260216-182600-5428 32929 * CooldownDone    (bench_client.cc:790): Finished cooldown period.
20260216-182600-5675 32929 * CooldownDone    (bench_client.cc:797): Median latency is 1204292 ns (1204 us)
20260216-182600-5678 32929 * CooldownDone    (bench_client.cc:806): Average latency is 1196323 ns (1196 us)
20260216-182600-5678 32929 * CooldownDone    (bench_client.cc:810): 90th percentile latency is 1433356 ns (1433 us)
20260216-182600-5679 32929 * CooldownDone    (bench_client.cc:814): 95th percentile latency is 1505955 ns (1505 us)
20260216-182600-5679 32929 * CooldownDone    (bench_client.cc:818): 99th percentile latency is 1645221 ns (1645 us)
20260216-182600-5679 32929 * LATENCY total: 474 us 1196 us/1048 us 6962 us (25047 samples, 29 s total)
20260216-182600-5679 32929 *     262 us |          5 | 
20260216-182600-5679 32929 *     524 us |       5819 | ===============
20260216-182600-5680 32929 *    1048 us |      19210 | ==================================================
20260216-182600-5680 32929 *    2097 us |          5 | 
20260216-182600-5680 32929 *    4194 us |          8 | 
20260216-182600-5854 32929 * Stop            (tcptransport.cc:581): [TCP SUMMARY] outgoingCreated=1 outgoingClosed=0 incomingCreated=0 incomingClosed=0 outgoingPeak=1 incomingPeak=0
Inserted events:
  0x5614b5935f60 [fd  7] Read Persist Internal
  0x5614b594c510 [fd  9] Read Persist
Active events:
20260216-182600-5855 32929 * main            (benchmark.cc:849): Cleaning up after experiment.
20260216-182600-5855 32929 * FlushStats      (benchmark.cc:890): Flushing stats to /mnt/extra/experiments/2026-03-16-18-24-54/out/client-0-0-13-stats-0.json.
20260216-182600-5856 32929 * FlushStats      (benchmark.cc:902): All done!
