20260313-144736-7818 28792 * main            (server.cc:217):    Starting server.
20260313-144736-7831 28792 * main            (server.cc:335):    Creating a default paritioner!
20260313-144738-7037 28792 * main            (server.cc:513):    Done loading server.
20260313-144833-5401 28792 ! TCPIncomingEventCallback (tcptransport.cc:938): [TCP INCOMING 123] EOF, lifetime=34561.81 ms
20260313-144833-7416 28792 ! TCPIncomingEventCallback (tcptransport.cc:938): [TCP INCOMING 122] EOF, lifetime=34785.46 ms
20260313-144834-9491 28792 ! TCPIncomingEventCallback (tcptransport.cc:938): [TCP INCOMING 121] EOF, lifetime=35993.08 ms
20260313-144834-9594 28792 ! TCPIncomingEventCallback (tcptransport.cc:938): [TCP INCOMING 124] EOF, lifetime=35980.95 ms
20260313-144836-1478 28792 ! TCPIncomingEventCallback (tcptransport.cc:938): [TCP INCOMING 118] EOF, lifetime=37199.78 ms
20260313-144836-3456 28792 ! TCPIncomingEventCallback (tcptransport.cc:938): [TCP INCOMING 120] EOF, lifetime=37391.27 ms
20260313-144836-7317 28792 ! TCPIncomingEventCallback (tcptransport.cc:938): [TCP INCOMING 117] EOF, lifetime=37785.08 ms
20260313-144837-1480 28792 ! TCPIncomingEventCallback (tcptransport.cc:938): [TCP INCOMING 119] EOF, lifetime=38195.85 ms
20260313-144843-7401 28792 * Cleanup         (server.cc:589):    Gracefully exiting after signal 15.
20260313-144843-7402 28792 * Stop            (tcptransport.cc:601): [TCP SUMMARY] outgoingCreated=59 outgoingClosed=0 incomingCreated=67 incomingClosed=8 outgoingPeak=125 incomingPeak=37
Inserted events:
  0x565137766d00 [fd  9] Read Persist Internal
  0x56513776ea60 [fd  10] Read Persist
  0x565137779e70 [fd  11] Read Persist
  0x565143dab520 [fd  12] Read Persist
  0x565143dab740 [fd  13] Read Persist
  0x565143dab960 [fd  14] Read Persist
  0x565143dabb80 [fd  15] Read Persist
  0x565143dabda0 [fd  16] Read Persist
  0x565143dabfc0 [fd  17] Read Persist
  0x565143dac1e0 [fd  18] Read Persist
  0x565143dac400 [fd  19] Read Persist
  0x565143dac620 [fd  20] Read Persist
  0x565143dac840 [fd  21] Read Persist
  0x565143daca60 [fd  22] Read Persist
  0x565143dacda0 [fd  23] Read Persist
  0x565143dad0e0 [fd  24] Read Persist
  0x565143dad420 [fd  25] Read Persist
  0x565143dad760 [fd  26] Read Persist
  0x565143dadaa0 [fd  27] Read Persist
  0x565143da8760 [fd  28] Read Persist
  0x565143da6ba0 [fd  29] Read Persist
  0x565143d9d850 [fd  30] Read Persist
  0x565143d9e180 [fd  31] Read Persist
  0x565143d9e540 [fd  32] Read Persist
  0x565143da72a0 [fd  33] Read Persist
  0x565143da7d40 [fd  34] Read Persist
  0x565143da42c0 [fd  35] Read Persist
  0x565143da46c0 [fd  36] Read Persist
  0x565143da4c90 [fd  37] Read Persist
  0x565143da51c0 [fd  38] Read Persist
  0x565143da56f0 [fd  39] Read Persist
  0x565143da5c20 [fd  40] Read Persist
  0x565143dadef0 [fd  41] Read Persist
  0x565143dae300 [fd  42] Read Persist
  0x565143dae710 [fd  43] Read Persist
  0x565143daebe0 [fd  44] Read Persist
  0x565143daf170 [fd  45] Read Persist
  0x565143daf700 [fd  46] Read Persist
  0x565143dafc90 [fd  47] Read Persist
  0x565143db0220 [fd  48] Read Persist
  0x565143db0a30 [fd  49] Read Persist
  0x565143db0fc0 [fd  50] Read Persist
  0x565143db1550 [fd  51] Read Persist
  0x565143db1ae0 [fd  52] Read Persist
  0x565143db2070 [fd  53] Read Persist
  0x565143db2600 [fd  54] Read Persist
  0x565143db2b90 [fd  55] Read Persist
  0x565143db3120 [fd  56] Read Persist
  0x565143db3540 [fd  57] Read Persist
  0x565143db3760 [fd  58] Read Persist
  0x565143db3a10 [fd  59] Read Persist
  0x565143db3db0 [fd  60] Read Persist
  0x565143db4150 [fd  61] Read Persist
  0x565143db44f0 [fd  62] Read Persist
  0x565143db4890 [fd  63] Read Persist
  0x565143db4c30 [fd  64] Read Persist
  0x5651377765b0 [fd  65] Read Persist
  0x565137774b50 [fd  66] Read Persist
  0x565137775990 [fd  67] Read Persist
  0x565137775e00 [fd  68] Read Persist
  0x565143db5000 [fd  69] Read Persist
  0x565143db5340 [fd  70] Read Persist
  0x565143db5680 [fd  71] Read Persist
  0x565143db5b00 [fd  72] Read Persist
  0x565143db5fa0 [fd  73] Read Persist
  0x565143db6440 [fd  74] Read Persist
  0x565143db68e0 [fd  75] Read Persist
  0x565143db6d80 [fd  76] Read Persist
  0x565143db7220 [fd  77] Read Persist
  0x565143db76c0 [fd  78] Read Persist
  0x565143db7b60 [fd  79] Read Persist
  0x565143db8000 [fd  80] Read Persist
  0x565143db84a0 [fd  81] Read Persist
  0x565143db8940 [fd  82] Read Persist
  0x565143db8de0 [fd  83] Read Persist
  0x565143db9280 [fd  84] Read Persist
  0x565143db97d0 [fd  85] Read Persist
  0x565143db9c90 [fd  86] Read Persist
  0x565143dba150 [fd  87] Read Persist
  0x565143dba610 [fd  88] Read Persist
  0x565143dbaad0 [fd  89] Read Persist
  0x565143dbaf90 [fd  90] Read Persist
  0x565143dbbed0 [fd  91] Read Persist
  0x565143dbc460 [fd  92] Read Persist
  0x565143dbc9f0 [fd  93] Read Persist
  0x565143dbcf80 [fd  94] Read Persist
  0x565143dbd510 [fd  95] Read Persist
  0x565143dbdaa0 [fd  96] Read Persist
  0x565143dbe030 [fd  97] Read Persist
  0x565143dbe5c0 [fd  98] Read Persist
  0x565143dbeb50 [fd  99] Read Persist
  0x565143dbf0e0 [fd  100] Read Persist
  0x565143dbf670 [fd  101] Read Persist
  0x565143dbfc00 [fd  102] Read Persist
  0x565143dc0190 [fd  103] Read Persist
  0x565143dc0720 [fd  104] Read Persist
  0x565143dc0cb0 [fd  105] Read Persist
  0x565143dc1240 [fd  106] Read Persist
  0x565143dc17d0 [fd  107] Read Persist
  0x565143dc1d60 [fd  108] Read Persist
  0x565143dc22f0 [fd  109] Read Persist
  0x565143dc2880 [fd  110] Read Persist
  0x565143dc2e10 [fd  111] Read Persist
  0x565143dc33a0 [fd  112] Read Persist
  0x565143dc3930 [fd  113] Read Persist
  0x565143dc3d50 [fd  114] Read Persist
  0x565143dc3f70 [fd  115] Read Persist
  0x565143dc4220 [fd  116] Read Persist
  0x565143dc45c0 [fd  117] Read Persist
  0x565143dc4960 [fd  118] Read Persist
  0x565143dc4d00 [fd  119] Read Persist
  0x565143dc50a0 [fd  120] Read Persist
  0x565143dc5440 [fd  121] Read Persist
  0x565143dc57e0 [fd  122] Read Persist
  0x565143dc5b80 [fd  123] Read Persist
  0x565143dc5f20 [fd  124] Read Persist
  0x565143dc62c0 [fd  125] Read Persist
  0x565143dc6660 [fd  126] Read Persist
  0x565143dc6a00 [fd  127] Read Persist
  0x565143de5e60 [fd  136] Read Persist
  0x565143de6240 [fd  137] Read Persist
Active events:
20260313-144843-7412 28792 * Cleanup         (server.cc:593):    Exporting stats to /mnt/extra/experiments/2026-04-13-14-47-28/out/server-0-2-1-stats-0.json.
20260313-144843-7413 28792 * Close           (replica.cc:815):   [1] ReadStatsSummary clean=31 dirty=6 total=37
20260313-144843-7414 28792 * Close           (replica.cc:817):   [1] ReadStatsDepth depth=1 count=6
20260313-144843-7414 28792 * Close           (replica.cc:820):   [1] ReadStatsClient client=15 clean=31 dirty=6
