basic_appreq,402194848,270426722447453,80
basic_appreq,402182139,270427125637539,80
basic_appreq,402096587,270427528640456,80
basic_appreq,402034379,270427931147581,80
basic_appreq,402117514,270428335098940,80
basic_appreq,402124884,270428739128058,80
basic_appreq,402265586,270429141651786,80
basic_appreq,402255027,270429544937658,80
basic_appreq,402112963,270429947785046,80
basic_appreq,402009012,270430349989307,80
basic_appreq,402061289,270430752293657,80
basic_appreq,402131574,270431156428371,80
basic_appreq,402238731,270431560533728,80
basic_appreq,402440048,270431964226173,80
basic_appreq,402270185,270432367972165,80
basic_appreq,402155900,270432772027738,80
basic_appreq,402227994,270433175694005,80
basic_appreq,402125742,270433578244527,80
basic_appreq,402142783,270433980891384,80
basic_appreq,401923887,270434384806432,80
basic_appreq,402218976,270434787720678,80
basic_appreq,402061629,270435191768927,80
basic_appreq,402285565,270435595884169,80
basic_appreq,402189387,270435998781379,80
basic_appreq,402305030,270436401755276,80
basic_appreq,402340177,270436805712057,80
basic_appreq,402302750,270437209023751,80
basic_appreq,402155257,270437611642101,80
basic_appreq,402154504,270438014873468,80
basic_appreq,402134999,270438417559860,80
basic_appreq,402121722,270438819849263,80
basic_appreq,402125088,270439222798345,80
basic_appreq,402182233,270439625247704,80
basic_appreq,402075533,270440028819918,80
basic_appreq,402073168,270440431018232,80
basic_appreq,402238072,270440834725089,80
basic_appreq,402202256,270441237603444,80
basic_appreq,402165072,270441641121322,80
basic_appreq,402102071,270442044221071,80
basic_appreq,402128780,270442448374185,80
basic_appreq,402161954,270442851097982,80
basic_appreq,402047771,270443253337133,80
basic_appreq,402195427,270443656233312,80
basic_appreq,402174837,270444059365107,80
basic_appreq,401819148,270444461983728,80
basic_appreq,402199352,270444865207139,80
basic_appreq,401983168,270445268413826,80
basic_appreq,401951544,270445672381560,80
basic_appreq,402252551,270446075445781,80
basic_appreq,401687012,270446478036257,80
basic_appreq,402129431,270446880727777,80
basic_appreq,402003730,270447283215059,80
basic_appreq,402271953,270447686166403,80
basic_appreq,402285344,270448089993331,80
basic_appreq,402057208,270448493791979,80
basic_appreq,402289212,270448897953210,80
basic_appreq,402036003,270449301048038,80
basic_appreq,402159769,270449704208336,80
#end,23,383972,80
