20260216-110959-4159 31744 * main            (benchmark.cc:402): Starting benchmark.
20260216-110959-9711 31744 * main            (benchmark.cc:621): Creating a default paritioner!
20260216-110959-9714 31744 * Client          (client.cc:75):     Initializing StrongStore client with id [0]
20260216-110959-9715 31744 * BenchmarkClient (bench_client.cc:81): starting benchclient, issueConcurrent: 1; fanout: 1
Session created: 0
last_service: , current_state: 0
Session continued: 0
last_service: , current_state: 0
Session destroyed: 18446744073709551615
last_service: , current_state: 0
20260216-111005-0163 31744 * WarmupDone      (bench_client.cc:726): Completed warmup period of 5 seconds with 9134 requests
20260216-111016-0163 31744 * Finish          (bench_client.cc:920): Completed 18650 requests in 11.000125 seconds
20260216-111016-0164 31744 * Finish          (bench_client.cc:921): 1 outstanding transactions.
Session continued: 0
last_service: , current_state: 0
Session destroyed: 18446744073709551615
last_service: , current_state: 0
Session continued: 0
last_service: , current_state: 0
Session destroyed: 18446744073709551615
last_service: , current_state: 0
Session destroyed: 0
last_service: , current_state: 0
20260216-111019-0165 31744 * FlushStats      (benchmark.cc:890): Flushing stats to /mnt/extra/experiments/2026-03-16-11-09-35/out/client-0-0-0-stats-0.json.
20260216-111019-0255 31744 * FlushStats      (benchmark.cc:902): All done!
20260216-111021-0255 31744 * Cleanup         (bench_client.cc:748): Aborting 0 outstanding transactions.
20260216-111021-0255 31744 * CooldownDone    (bench_client.cc:778): Finished cooldown period.
20260216-111021-0373 31744 * CooldownDone    (bench_client.cc:785): Median latency is 567670 ns (567 us)
20260216-111021-0376 31744 * CooldownDone    (bench_client.cc:794): Average latency is 563977 ns (563 us)
20260216-111021-0376 31744 * CooldownDone    (bench_client.cc:798): 90th percentile latency is 661617 ns (661 us)
20260216-111021-0376 31744 * CooldownDone    (bench_client.cc:802): 95th percentile latency is 681696 ns (681 us)
20260216-111021-0376 31744 * CooldownDone    (bench_client.cc:806): 99th percentile latency is 721722 ns (721 us)
20260216-111021-0376 31744 * LATENCY total: 393 us 563 us/524 us 13 ms (18651 samples, 10 s total)
20260216-111021-0376 31744 *     262 us |       6490 | ==========================
20260216-111021-0377 31744 *     524 us |      12149 | ==================================================
20260216-111021-0377 31744 *    1048 us |          9 | 
20260216-111021-0377 31744 *    2097 us |          1 | 
20260216-111021-0377 31744 *    4194 us |          1 | 
20260216-111021-0377 31744 *    8388 us |          1 | 
20260216-111021-0378 31744 * Stop            (tcptransport.cc:581): [TCP SUMMARY] outgoingCreated=1 outgoingClosed=0 incomingCreated=0 incomingClosed=0 outgoingPeak=1 incomingPeak=0
Inserted events:
  0x55bd11d3bf60 [fd  7] Read Persist Internal
  0x55bd11d52560 [fd  9] Read Persist
Active events:
20260216-111021-0379 31744 * main            (benchmark.cc:849): Cleaning up after experiment.
20260216-111021-0379 31744 * FlushStats      (benchmark.cc:890): Flushing stats to /mnt/extra/experiments/2026-03-16-11-09-35/out/client-0-0-0-stats-0.json.
20260216-111021-0421 31744 * FlushStats      (benchmark.cc:902): All done!
