20260110-080423-7674 23073 * Client          (client.cc:73):     Initializing StrongStore client with id [77]
20260110-080423-7679 23073 * BenchmarkClient (bench_client.cc:89): starting benchclient, issueConcurrent: 0; fanout: 1
Session created: 0
last_service: , current_state: 0
Session continued: 0
last_service: , current_state: 0
Session destroyed: 18446744073709551615
last_service: , current_state: 0
20260110-080918-2872 23073 * Stop            (tcptransport.cc:606): [TCP SUMMARY] outgoingCreated=10 outgoingClosed=0 incomingCreated=0 incomingClosed=0 outgoingPeak=10 incomingPeak=0
Inserted events:
  0x1970ef0 [fd  7] Read Persist Internal
  0x19795a0 [fd  8] Read Persist
  0x1979ef0 [fd  9] Read Persist
  0x198f7d0 [fd  10] Read Persist
  0x19993a0 [fd  11] Read Persist
  0x1999d10 [fd  12] Read Persist
  0x199a8d0 [fd  13] Read Persist
  0x199b360 [fd  14] Read Persist
  0x199bd60 [fd  15] Read Persist
  0x199c7c0 [fd  16] Read Persist
  0x199d230 [fd  17] Read Persist
  0x7f6310000b20 [fd  -1] Persist Timeout=1770736158.318166
Active events:
20260110-080918-2875 23073 * ~BenchmarkClient (bench_client.cc:114): Stopped event loop and Joined the thread it ran on
