20260313-145436-0765 05764 * main            (server.cc:217):    Starting server.
20260313-145436-0777 05764 * main            (server.cc:335):    Creating a default paritioner!
20260313-145437-9181 05764 * main            (server.cc:513):    Done loading server.
20260313-145529-3806 05764 ! TCPIncomingEventCallback (tcptransport.cc:938): [TCP INCOMING 117] EOF, lifetime=31021.78 ms
20260313-145529-3922 05764 ! TCPIncomingEventCallback (tcptransport.cc:938): [TCP INCOMING 118] EOF, lifetime=31018.87 ms
20260313-145529-3943 05764 ! TCPIncomingEventCallback (tcptransport.cc:938): [TCP INCOMING 123] EOF, lifetime=31013.98 ms
20260313-145529-3990 05764 ! TCPIncomingEventCallback (tcptransport.cc:938): [TCP INCOMING 122] EOF, lifetime=31020.10 ms
20260313-145529-3992 05764 ! TCPIncomingEventCallback (tcptransport.cc:938): [TCP INCOMING 119] EOF, lifetime=31023.33 ms
20260313-145529-3993 05764 ! TCPIncomingEventCallback (tcptransport.cc:938): [TCP INCOMING 121] EOF, lifetime=31022.12 ms
20260313-145529-4034 05764 ! TCPIncomingEventCallback (tcptransport.cc:938): [TCP INCOMING 120] EOF, lifetime=31027.02 ms
20260313-145529-4271 05764 ! TCPIncomingEventCallback (tcptransport.cc:938): [TCP INCOMING 124] EOF, lifetime=31028.64 ms
20260313-145535-9760 05764 * Cleanup         (server.cc:589):    Gracefully exiting after signal 15.
20260313-145535-9761 05764 * Stop            (tcptransport.cc:601): [TCP SUMMARY] outgoingCreated=58 outgoingClosed=0 incomingCreated=66 incomingClosed=8 outgoingPeak=102 incomingPeak=37
Inserted events:
  0x55625aa15d00 [fd  9] Read Persist Internal
  0x55625aa1da60 [fd  10] Read Persist
  0x55625aa28cd0 [fd  11] Read Persist
  0x5562633751f0 [fd  12] Read Persist
  0x556263372430 [fd  13] Read Persist
  0x55626336d4a0 [fd  14] Read Persist
  0x556263370820 [fd  15] Read Persist
  0x556263368320 [fd  16] Read Persist
  0x556263371b50 [fd  17] Read Persist
  0x556263365f30 [fd  18] Read Persist
  0x556263371510 [fd  19] Read Persist
  0x556263366230 [fd  20] Read Persist
  0x556263366670 [fd  21] Read Persist
  0x55626337ea90 [fd  22] Read Persist
  0x55626337edd0 [fd  23] Read Persist
  0x55626337f110 [fd  24] Read Persist
  0x55626337f860 [fd  25] Read Persist
  0x55626337fba0 [fd  26] Read Persist
  0x55626337fee0 [fd  27] Read Persist
  0x556263380220 [fd  28] Read Persist
  0x556263380690 [fd  29] Read Persist
  0x5562633809d0 [fd  30] Read Persist
  0x556263380d10 [fd  31] Read Persist
  0x5562633811a0 [fd  32] Read Persist
  0x556263381940 [fd  33] Read Persist
  0x556263381ed0 [fd  34] Read Persist
  0x556263382460 [fd  35] Read Persist
  0x5562633829f0 [fd  36] Read Persist
  0x556263382f80 [fd  37] Read Persist
  0x556263383510 [fd  38] Read Persist
  0x556263383aa0 [fd  39] Read Persist
  0x556263384030 [fd  40] Read Persist
  0x5562633845c0 [fd  41] Read Persist
  0x556263384b50 [fd  42] Read Persist
  0x5562633850e0 [fd  43] Read Persist
  0x556263385670 [fd  44] Read Persist
  0x556263385c00 [fd  45] Read Persist
  0x556263386190 [fd  46] Read Persist
  0x556263386720 [fd  47] Read Persist
  0x556263386cb0 [fd  48] Read Persist
  0x5562633874c0 [fd  49] Read Persist
  0x556263387a50 [fd  50] Read Persist
  0x556263387fe0 [fd  51] Read Persist
  0x556263388570 [fd  52] Read Persist
  0x556263388b00 [fd  53] Read Persist
  0x556263389090 [fd  54] Read Persist
  0x5562633894b0 [fd  55] Read Persist
  0x5562633896d0 [fd  56] Read Persist
  0x556263389980 [fd  57] Read Persist
  0x556263389d20 [fd  58] Read Persist
  0x55626338a0c0 [fd  59] Read Persist
  0x55626338a460 [fd  60] Read Persist
  0x55626338a800 [fd  61] Read Persist
  0x55626338aba0 [fd  62] Read Persist
  0x55626338af40 [fd  63] Read Persist
  0x55626338b2e0 [fd  64] Read Persist
  0x55625aa23c40 [fd  65] Read Persist
  0x55625aa25620 [fd  66] Read Persist
  0x55625aa24960 [fd  67] Read Persist
  0x55626338b620 [fd  68] Read Persist
  0x55626338b960 [fd  69] Read Persist
  0x55626338bda0 [fd  70] Read Persist
  0x55626338c270 [fd  71] Read Persist
  0x55626338c650 [fd  72] Read Persist
  0x55626338cac0 [fd  73] Read Persist
  0x55626338cf60 [fd  74] Read Persist
  0x55626338d400 [fd  75] Read Persist
  0x55626338d8a0 [fd  76] Read Persist
  0x55626338dd40 [fd  77] Read Persist
  0x55626338e1e0 [fd  78] Read Persist
  0x55626338e680 [fd  79] Read Persist
  0x55626338eb20 [fd  80] Read Persist
  0x55626338efc0 [fd  81] Read Persist
  0x55626338f460 [fd  82] Read Persist
  0x55626338f900 [fd  83] Read Persist
  0x55626338fda0 [fd  84] Read Persist
  0x5562633902c0 [fd  85] Read Persist
  0x5562633907b0 [fd  86] Read Persist
  0x556263390c70 [fd  87] Read Persist
  0x556263391130 [fd  88] Read Persist
  0x5562633915f0 [fd  89] Read Persist
  0x556263391ab0 [fd  90] Read Persist
  0x5562633929f0 [fd  91] Read Persist
  0x556263392f80 [fd  92] Read Persist
  0x556263393510 [fd  93] Read Persist
  0x556263393aa0 [fd  94] Read Persist
  0x556263394030 [fd  95] Read Persist
  0x5562633945c0 [fd  96] Read Persist
  0x556263394b50 [fd  97] Read Persist
  0x5562633950e0 [fd  98] Read Persist
  0x556263395670 [fd  99] Read Persist
  0x556263395c00 [fd  100] Read Persist
  0x556263396190 [fd  101] Read Persist
  0x556263396720 [fd  102] Read Persist
  0x556263396cb0 [fd  103] Read Persist
  0x556263397240 [fd  104] Read Persist
  0x5562633977d0 [fd  105] Read Persist
  0x556263397d60 [fd  106] Read Persist
  0x5562633982f0 [fd  107] Read Persist
  0x556263398880 [fd  108] Read Persist
  0x556263398e10 [fd  109] Read Persist
  0x5562633993a0 [fd  110] Read Persist
  0x556263399930 [fd  111] Read Persist
  0x556263399ec0 [fd  112] Read Persist
  0x55626339a450 [fd  113] Read Persist
  0x55626339a870 [fd  114] Read Persist
  0x55626339aa90 [fd  115] Read Persist
  0x55626339ad40 [fd  116] Read Persist
  0x55626339b0e0 [fd  117] Read Persist
  0x55626339b480 [fd  118] Read Persist
  0x55626339b820 [fd  119] Read Persist
  0x55626339bbc0 [fd  120] Read Persist
  0x55626339bed0 [fd  121] Read Persist
  0x55626339c270 [fd  122] Read Persist
  0x55626339c610 [fd  123] Read Persist
  0x55626339c9b0 [fd  124] Read Persist
  0x55626339cd50 [fd  125] Read Persist
  0x55626339d0f0 [fd  126] Read Persist
  0x55626339d490 [fd  127] Read Persist
  0x55626339db00 [fd  -1] Timeout=1776114335.297562
Active events:
20260313-145535-9782 05764 * Cleanup         (server.cc:593):    Exporting stats to /mnt/extra/experiments/2026-04-13-14-54-27/out/server-0-5-2-stats-0.json.
