20260313-150456-0572 04146 * main            (server.cc:217):    Starting server.
20260313-150456-0585 04146 * main            (server.cc:335):    Creating a default paritioner!
20260313-150457-8238 04146 * main            (server.cc:513):    Done loading server.
20260313-150557-1271 04146 ! TCPIncomingEventCallback (tcptransport.cc:938): [TCP INCOMING 117] EOF, lifetime=39174.59 ms
20260313-150557-1345 04146 ! TCPIncomingEventCallback (tcptransport.cc:938): [TCP INCOMING 118] EOF, lifetime=39178.34 ms
20260313-150557-1402 04146 ! TCPIncomingEventCallback (tcptransport.cc:938): [TCP INCOMING 119] EOF, lifetime=39176.07 ms
20260313-150557-1535 04146 ! TCPIncomingEventCallback (tcptransport.cc:938): [TCP INCOMING 120] EOF, lifetime=39168.09 ms
20260313-150557-2891 04146 ! TCPIncomingEventCallback (tcptransport.cc:938): [TCP INCOMING 121] EOF, lifetime=39173.52 ms
20260313-150557-3190 04146 ! TCPIncomingEventCallback (tcptransport.cc:938): [TCP INCOMING 122] EOF, lifetime=39167.28 ms
20260313-150557-3366 04146 ! TCPIncomingEventCallback (tcptransport.cc:938): [TCP INCOMING 123] EOF, lifetime=39180.15 ms
20260313-150557-3388 04146 ! TCPIncomingEventCallback (tcptransport.cc:938): [TCP INCOMING 124] EOF, lifetime=39169.07 ms
20260313-150603-8828 04146 * Cleanup         (server.cc:589):    Gracefully exiting after signal 15.
20260313-150603-8830 04146 * Stop            (tcptransport.cc:601): [TCP SUMMARY] outgoingCreated=58 outgoingClosed=0 incomingCreated=66 incomingClosed=8 outgoingPeak=105 incomingPeak=37
Inserted events:
  0x56399d569d00 [fd  9] Read Persist Internal
  0x56399d571a60 [fd  10] Read Persist
  0x56399d57ccd0 [fd  11] Read Persist
  0x5639a5eb7790 [fd  12] Read Persist
  0x5639a5eb49d0 [fd  13] Read Persist
  0x5639a5eafa40 [fd  14] Read Persist
  0x5639a5eb2dc0 [fd  15] Read Persist
  0x5639a5eaa8c0 [fd  16] Read Persist
  0x5639a5eb40f0 [fd  17] Read Persist
  0x5639a5ea84d0 [fd  18] Read Persist
  0x5639a5eb3ab0 [fd  19] Read Persist
  0x5639a5ea87d0 [fd  20] Read Persist
  0x5639a5ea8c10 [fd  21] Read Persist
  0x5639a5ec1440 [fd  22] Read Persist
  0x5639a5ec1780 [fd  23] Read Persist
  0x5639a5ec1ac0 [fd  24] Read Persist
  0x5639a5ec1e00 [fd  25] Read Persist
  0x5639a5ec2140 [fd  26] Read Persist
  0x5639a5ec2480 [fd  27] Read Persist
  0x5639a5ec27c0 [fd  28] Read Persist
  0x5639a5ec2c30 [fd  29] Read Persist
  0x5639a5ec2f70 [fd  30] Read Persist
  0x5639a5ec32b0 [fd  31] Read Persist
  0x5639a5ec35f0 [fd  32] Read Persist
  0x5639a5ec3b40 [fd  33] Read Persist
  0x5639a5ec4020 [fd  34] Read Persist
  0x5639a5ec44e0 [fd  35] Read Persist
  0x5639a5ec49a0 [fd  36] Read Persist
  0x5639a5ec4e60 [fd  37] Read Persist
  0x5639a5ec5320 [fd  38] Read Persist
  0x5639a5ec58b0 [fd  39] Read Persist
  0x5639a5ec5e40 [fd  40] Read Persist
  0x5639a5ec63d0 [fd  41] Read Persist
  0x5639a5ec6960 [fd  42] Read Persist
  0x5639a5ec6ef0 [fd  43] Read Persist
  0x5639a5ec7480 [fd  44] Read Persist
  0x5639a5ec7a10 [fd  45] Read Persist
  0x5639a5ec7fa0 [fd  46] Read Persist
  0x5639a5ec8530 [fd  47] Read Persist
  0x5639a5ec8ac0 [fd  48] Read Persist
  0x5639a5ec92d0 [fd  49] Read Persist
  0x5639a5ec9860 [fd  50] Read Persist
  0x5639a5ec9df0 [fd  51] Read Persist
  0x5639a5eca380 [fd  52] Read Persist
  0x5639a5eca910 [fd  53] Read Persist
  0x5639a5ecaea0 [fd  54] Read Persist
  0x5639a5ecb430 [fd  55] Read Persist
  0x5639a5ecb9c0 [fd  56] Read Persist
  0x5639a5ecbf50 [fd  57] Read Persist
  0x5639a5ecc4e0 [fd  58] Read Persist
  0x5639a5ecca70 [fd  59] Read Persist
  0x5639a5ecd000 [fd  60] Read Persist
  0x5639a5ecd420 [fd  61] Read Persist
  0x5639a5ecd640 [fd  62] Read Persist
  0x5639a5ecd8f0 [fd  63] Read Persist
  0x5639a5ecdc90 [fd  64] Read Persist
  0x56399d578ec0 [fd  65] Read Persist
  0x56399d577f10 [fd  66] Read Persist
  0x56399d579620 [fd  67] Read Persist
  0x56399d577a60 [fd  68] Read Persist
  0x5639a5ece060 [fd  69] Read Persist
  0x5639a5ece3f0 [fd  70] Read Persist
  0x5639a5ece860 [fd  71] Read Persist
  0x5639a5ecec40 [fd  72] Read Persist
  0x5639a5ecf0b0 [fd  73] Read Persist
  0x5639a5ecf550 [fd  74] Read Persist
  0x5639a5ecf9f0 [fd  75] Read Persist
  0x5639a5ecfe90 [fd  76] Read Persist
  0x5639a5ed0330 [fd  77] Read Persist
  0x5639a5ed07d0 [fd  78] Read Persist
  0x5639a5ed0c70 [fd  79] Read Persist
  0x5639a5ed1110 [fd  80] Read Persist
  0x5639a5ed15b0 [fd  81] Read Persist
  0x5639a5ed1a50 [fd  82] Read Persist
  0x5639a5ed1ef0 [fd  83] Read Persist
  0x5639a5ed2390 [fd  84] Read Persist
  0x5639a5ed2830 [fd  85] Read Persist
  0x5639a5ed2d30 [fd  86] Read Persist
  0x5639a5ed31a0 [fd  87] Read Persist
  0x5639a5ed3690 [fd  88] Read Persist
  0x5639a5ed3b80 [fd  89] Read Persist
  0x5639a5ed4040 [fd  90] Read Persist
  0x5639a5ed4f80 [fd  91] Read Persist
  0x5639a5ed5440 [fd  92] Read Persist
  0x5639a5ed5900 [fd  93] Read Persist
  0x5639a5ed5dc0 [fd  94] Read Persist
  0x5639a5ed6350 [fd  95] Read Persist
  0x5639a5ed68e0 [fd  96] Read Persist
  0x5639a5ed6e70 [fd  97] Read Persist
  0x5639a5ed7400 [fd  98] Read Persist
  0x5639a5ed7990 [fd  99] Read Persist
  0x5639a5ed7f20 [fd  100] Read Persist
  0x5639a5ed84b0 [fd  101] Read Persist
  0x5639a5ed8a40 [fd  102] Read Persist
  0x5639a5ed8fd0 [fd  103] Read Persist
  0x5639a5ed9560 [fd  104] Read Persist
  0x5639a5ed9af0 [fd  105] Read Persist
  0x5639a5eda080 [fd  106] Read Persist
  0x5639a5eda610 [fd  107] Read Persist
  0x5639a5edaba0 [fd  108] Read Persist
  0x5639a5edb130 [fd  109] Read Persist
  0x5639a5edb6c0 [fd  110] Read Persist
  0x5639a5edbc50 [fd  111] Read Persist
  0x5639a5edc1e0 [fd  112] Read Persist
  0x5639a5edc770 [fd  113] Read Persist
  0x5639a5edcd00 [fd  114] Read Persist
  0x5639a5edd290 [fd  115] Read Persist
  0x5639a5edd820 [fd  116] Read Persist
  0x5639a5eddc40 [fd  117] Read Persist
  0x5639a5edde60 [fd  118] Read Persist
  0x5639a5ede110 [fd  119] Read Persist
  0x5639a5ede4b0 [fd  120] Read Persist
  0x5639a5ede850 [fd  121] Read Persist
  0x5639a5edebf0 [fd  122] Read Persist
  0x5639a5edef90 [fd  123] Read Persist
  0x5639a5edf330 [fd  124] Read Persist
  0x5639a5edf6d0 [fd  125] Read Persist
  0x5639a5edfa70 [fd  126] Read Persist
  0x5639a5edfe10 [fd  127] Read Persist
  0x5639a5ee03c0 [fd  -1] Timeout=1776114963.470893
Active events:
20260313-150603-8851 04146 * Cleanup         (server.cc:593):    Exporting stats to /mnt/extra/experiments/2026-04-13-15-04-47/out/server-0-2-2-stats-0.json.
