20250303-190241-9718 27460 * main            (benchmark.cc:397): Starting benchmark.
Session created: 0
last_service: , current_state: 0
Session continued: 0
last_service: , current_state: 0
Session destroyed: 18446744073709551615
last_service: , current_state: 0
20250303-190253-2958 27460 * WarmupDone      (bench_client.cc:687): Completed warmup period of 10 seconds with 456 requests
20250303-190314-2991 27460 * Finish          (bench_client.cc:885): Completed 2941 requests in 21.008034 seconds
20250303-190314-2992 27460 * Finish          (bench_client.cc:886): 1 outstanding transactions.
Session continued: 0
last_service: , current_state: 0
Session destroyed: 18446744073709551615
last_service: , current_state: 0
Session continued: 0
last_service: , current_state: 0
Session destroyed: 18446744073709551615
last_service: , current_state: 0
Session destroyed: 0
last_service: , current_state: 0
20250303-190322-2962 27460 * FlushStats      (benchmark.cc:842): Flushing stats to /mnt/extra/experiments/2025-04-03-19-02-32/out/client-0-0-10-stats-0.json.
20250303-190324-2993 27460 * Cleanup         (bench_client.cc:709): Aborting 0 outstanding transactions.
20250303-190324-2994 27460 * CooldownDone    (bench_client.cc:739): Finished cooldown period.
20250303-190324-3036 27460 * CooldownDone    (bench_client.cc:746): Median latency is 6701565 ns (6701 us)
20250303-190324-3039 27460 * CooldownDone    (bench_client.cc:755): Average latency is 7049793 ns (7049 us)
20250303-190324-3040 27460 * CooldownDone    (bench_client.cc:759): 90th percentile latency is 8961376 ns (8961 us)
20250303-190324-3041 27460 * CooldownDone    (bench_client.cc:763): 95th percentile latency is 9745498 ns (9745 us)
20250303-190324-3041 27460 * CooldownDone    (bench_client.cc:767): 99th percentile latency is 10920128 ns (10 ms)
20250303-190324-3042 27460 * LATENCY total: 2871 us 7049 us/4194 us 143 ms (2942 samples, 20 s total)
20250303-190324-3043 27460 *    2097 us |         23 | 
20250303-190324-3044 27460 *    4194 us |       2546 | ==================================================
20250303-190324-3044 27460 *    8388 us |        370 | =======
20250303-190324-3045 27460 *      16 ms |          1 | 
20250303-190324-3046 27460 *      33 ms |          0 |
20250303-190324-3046 27460 *      67 ms |          1 | 
20250303-190324-3047 27460 *     134 ms |          1 | 
Inserted events:
  0x55989d66d390 [fd  7] Read Persist Internal
  0x55989d67e560 [fd  9] Read Persist
Active events:
20250303-190324-3056 27460 * main            (benchmark.cc:802): Cleaning up after experiment.
20250303-190324-3057 27460 * FlushStats      (benchmark.cc:842): Flushing stats to /mnt/extra/experiments/2025-04-03-19-02-32/out/client-0-0-10-stats-0.json.
