20260313-145944-7124 12631 * main            (server.cc:217):    Starting server.
20260313-145944-7136 12631 * main            (server.cc:335):    Creating a default paritioner!
20260313-145946-5008 12631 * main            (server.cc:513):    Done loading server.
20260313-150038-5163 12631 ! TCPIncomingEventCallback (tcptransport.cc:938): [TCP INCOMING 117] EOF, lifetime=31361.40 ms
20260313-150038-6281 12631 ! TCPIncomingEventCallback (tcptransport.cc:938): [TCP INCOMING 118] EOF, lifetime=31362.53 ms
20260313-150038-6352 12631 ! TCPIncomingEventCallback (tcptransport.cc:938): [TCP INCOMING 120] EOF, lifetime=31352.72 ms
20260313-150038-6361 12631 ! TCPIncomingEventCallback (tcptransport.cc:938): [TCP INCOMING 119] EOF, lifetime=31356.49 ms
20260313-150038-6452 12631 ! TCPIncomingEventCallback (tcptransport.cc:938): [TCP INCOMING 121] EOF, lifetime=31357.73 ms
20260313-150038-6513 12631 ! TCPIncomingEventCallback (tcptransport.cc:938): [TCP INCOMING 123] EOF, lifetime=31355.80 ms
20260313-150038-6541 12631 ! TCPIncomingEventCallback (tcptransport.cc:938): [TCP INCOMING 122] EOF, lifetime=31363.42 ms
20260313-150038-6762 12631 ! TCPIncomingEventCallback (tcptransport.cc:938): [TCP INCOMING 124] EOF, lifetime=31354.99 ms
20260313-150045-1831 12631 * Cleanup         (server.cc:589):    Gracefully exiting after signal 15.
20260313-150045-1832 12631 * Stop            (tcptransport.cc:601): [TCP SUMMARY] outgoingCreated=58 outgoingClosed=0 incomingCreated=66 incomingClosed=8 outgoingPeak=92 incomingPeak=37
Inserted events:
  0x559f585b7d00 [fd  9] Read Persist Internal
  0x559f585bfa60 [fd  10] Read Persist
  0x559f585cacd0 [fd  11] Read Persist
  0x559f60f58cb0 [fd  12] Read Persist
  0x559f60f55ef0 [fd  13] Read Persist
  0x559f60f50f60 [fd  14] Read Persist
  0x559f60f4a470 [fd  15] Read Persist
  0x559f60f4bde0 [fd  16] Read Persist
  0x559f60f49860 [fd  17] Read Persist
  0x559f60f55660 [fd  18] Read Persist
  0x559f60f49bd0 [fd  19] Read Persist
  0x559f60f4a010 [fd  20] Read Persist
  0x559f60f62550 [fd  21] Read Persist
  0x559f60f62890 [fd  22] Read Persist
  0x559f60f62ca0 [fd  23] Read Persist
  0x559f60f630b0 [fd  24] Read Persist
  0x559f60f634c0 [fd  25] Read Persist
  0x559f60f638d0 [fd  26] Read Persist
  0x559f60f63ce0 [fd  27] Read Persist
  0x559f60f640f0 [fd  28] Read Persist
  0x559f60f64630 [fd  29] Read Persist
  0x559f60f64b90 [fd  30] Read Persist
  0x559f60f65120 [fd  31] Read Persist
  0x559f60f656b0 [fd  32] Read Persist
  0x559f60f65e50 [fd  33] Read Persist
  0x559f60f663e0 [fd  34] Read Persist
  0x559f60f66970 [fd  35] Read Persist
  0x559f60f66f00 [fd  36] Read Persist
  0x559f60f67490 [fd  37] Read Persist
  0x559f60f67a20 [fd  38] Read Persist
  0x559f60f67fb0 [fd  39] Read Persist
  0x559f60f68540 [fd  40] Read Persist
  0x559f60f68ad0 [fd  41] Read Persist
  0x559f60f69060 [fd  42] Read Persist
  0x559f60f695f0 [fd  43] Read Persist
  0x559f60f69b80 [fd  44] Read Persist
  0x559f60f69fa0 [fd  45] Read Persist
  0x559f60f6a1c0 [fd  46] Read Persist
  0x559f60f6a470 [fd  47] Read Persist
  0x559f60f6a780 [fd  48] Read Persist
  0x559f60f6ada0 [fd  49] Read Persist
  0x559f60f6b140 [fd  50] Read Persist
  0x559f60f6b4e0 [fd  51] Read Persist
  0x559f60f6b880 [fd  52] Read Persist
  0x559f60f6bc20 [fd  53] Read Persist
  0x559f60f6bfc0 [fd  54] Read Persist
  0x559f60f6c360 [fd  55] Read Persist
  0x559f60f6c700 [fd  56] Read Persist
  0x559f60f6caa0 [fd  57] Read Persist
  0x559f60f6ce40 [fd  58] Read Persist
  0x559f60f6d1e0 [fd  59] Read Persist
  0x559f60f6d580 [fd  60] Read Persist
  0x559f60f6d950 [fd  61] Read Persist
  0x559f60f6dd20 [fd  62] Read Persist
  0x559f60f6e0f0 [fd  63] Read Persist
  0x559f60f6e4c0 [fd  64] Read Persist
  0x559f585c7620 [fd  65] Read Persist
  0x559f60f6ec40 [fd  66] Read Persist
  0x559f60f6eef0 [fd  67] Read Persist
  0x559f60f6f230 [fd  68] Read Persist
  0x559f60f6f570 [fd  69] Read Persist
  0x559f60f6f8b0 [fd  70] Read Persist
  0x559f60f6fca0 [fd  71] Read Persist
  0x559f60f70130 [fd  72] Read Persist
  0x559f60f705a0 [fd  73] Read Persist
  0x559f60f70a40 [fd  74] Read Persist
  0x559f60f70f90 [fd  75] Read Persist
  0x559f60f71450 [fd  76] Read Persist
  0x559f60f71910 [fd  77] Read Persist
  0x559f60f71dd0 [fd  78] Read Persist
  0x559f60f72290 [fd  79] Read Persist
  0x559f60f72750 [fd  80] Read Persist
  0x559f60f72c10 [fd  81] Read Persist
  0x559f60f731a0 [fd  82] Read Persist
  0x559f60f73730 [fd  83] Read Persist
  0x559f60f73cc0 [fd  84] Read Persist
  0x559f60f74250 [fd  85] Read Persist
  0x559f60f747e0 [fd  86] Read Persist
  0x559f60f74d70 [fd  87] Read Persist
  0x559f60f75300 [fd  88] Read Persist
  0x559f60f75890 [fd  89] Read Persist
  0x559f60f75e20 [fd  90] Read Persist
  0x559f60f76e30 [fd  91] Read Persist
  0x559f60f773c0 [fd  92] Read Persist
  0x559f60f77950 [fd  93] Read Persist
  0x559f60f77ee0 [fd  94] Read Persist
  0x559f60f78470 [fd  95] Read Persist
  0x559f60f78a00 [fd  96] Read Persist
  0x559f60f78f90 [fd  97] Read Persist
  0x559f60f79520 [fd  98] Read Persist
  0x559f60f79ab0 [fd  99] Read Persist
  0x559f60f7a040 [fd  100] Read Persist
  0x559f60f7a5d0 [fd  101] Read Persist
  0x559f60f7ab60 [fd  102] Read Persist
  0x559f60f7b0f0 [fd  103] Read Persist
  0x559f60f7b510 [fd  104] Read Persist
  0x559f60f7b730 [fd  105] Read Persist
  0x559f60f7b9e0 [fd  106] Read Persist
  0x559f60f7bd80 [fd  107] Read Persist
  0x559f60f7c120 [fd  108] Read Persist
  0x559f60f7c4c0 [fd  109] Read Persist
  0x559f60f7c860 [fd  110] Read Persist
  0x559f60f7cc00 [fd  111] Read Persist
  0x559f60f56eb0 [fd  112] Read Persist
  0x559f60f58910 [fd  113] Read Persist
  0x559f60f57720 [fd  114] Read Persist
  0x559f60f57a60 [fd  115] Read Persist
  0x559f60f57e80 [fd  116] Read Persist
  0x559f60f7d030 [fd  117] Read Persist
  0x559f60f7d370 [fd  118] Read Persist
  0x559f60f7d6b0 [fd  119] Read Persist
  0x559f60f7dae0 [fd  120] Read Persist
  0x559f60f7df80 [fd  121] Read Persist
  0x559f60f7e420 [fd  122] Read Persist
  0x559f60f7e8c0 [fd  123] Read Persist
  0x559f60f7ed60 [fd  124] Read Persist
  0x559f60f7f200 [fd  125] Read Persist
  0x559f60f7f6a0 [fd  126] Read Persist
  0x559f60f7fb40 [fd  127] Read Persist
  0x559f60f802e0 [fd  -1] Timeout=1776114644.183953
Active events:
20260313-150045-1853 12631 * Cleanup         (server.cc:593):    Exporting stats to /mnt/extra/experiments/2026-04-13-14-59-36/out/server-0-8-1-stats-0.json.
