20250304-124154-3457 19945 * main            (server.cc:208):    Starting server.
20250304-124208-2851 19945 * main            (server.cc:466):    Done loading server.
20250304-124208-2874 19945 ! TCPOutgoingEventCallback (tcptransport.cc:851): Error on outgoing TCP connection to server: Connection refused
20250304-124208-2875 19945 ! TCPOutgoingEventCallback (tcptransport.cc:851): Error on outgoing TCP connection to server: Connection refused
20250304-124208-2878 19945 ! TCPOutgoingEventCallback (tcptransport.cc:851): Error on outgoing TCP connection to server: Connection refused
20250304-124208-2878 19945 ! TCPOutgoingEventCallback (tcptransport.cc:851): Error on outgoing TCP connection to server: Connection refused
20250304-124208-7868 19945 ! ResendRequest   (client.cc:147):    Client timeout; resending request: 1
20250304-124208-7871 19945 ! ResendRequest   (client.cc:147):    Client timeout; resending request: 4
20250304-124208-7872 19945 ! ResendRequest   (client.cc:147):    Client timeout; resending request: 2
20250304-124208-7872 19945 ! ResendRequest   (client.cc:147):    Client timeout; resending request: 3
20250304-124208-7875 19945 * HandleRequest   (replica.cc:503):   [0] Ignoring stale request
20250304-124208-7875 19945 * HandleRequest   (replica.cc:525):   [0] Received duplicate request but no reply available; ignoring
20250304-124208-7876 19945 * HandleRequest   (replica.cc:503):   [0] Ignoring stale request
20250304-124208-7877 19945 * HandleRequest   (replica.cc:503):   [0] Ignoring stale request
20250304-124208-7879 19945 * ResendPrepare   (replica.cc:348):   [0] Resending prepare
20250304-124208-7892 19945 * HandleRequestStateTransfer (replica.cc:832):   [0] Sending state transfer from <0,0> to <0,0>
20250304-124208-7894 19945 * HandleRequestStateTransfer (replica.cc:832):   [0] Sending state transfer from <0,0> to <0,0>
20250304-124248-9679 19945 * Cleanup         (server.cc:525):    Gracefully exiting after signal 15.
Inserted events:
  0x5606375e9f20 [fd  9] Read Persist Internal
  0x5606375e7420 [fd  10] Read Persist
  0x5606375e9a20 [fd  11] Read Persist
  0x5606b35a4640 [fd  16] Read Persist
  0x5606b35d0d80 [fd  17] Read Persist
  0x5606b35d0fa0 [fd  18] Read Persist
  0x5606b35cfd50 [fd  19] Read Persist
  0x5606b35d12e0 [fd  20] Read Persist
  0x5606b35d1620 [fd  21] Read Persist
  0x5606b35d1960 [fd  22] Read Persist
  0x5606b35d1ca0 [fd  23] Read Persist
  0x5606bde6fb60 [fd  -1] Timeout=1743792169.698212
Active events:
20250304-124248-9682 19945 * Cleanup         (server.cc:529):    Exporting stats to /mnt/extra/experiments/2025-04-04-12-41-51/out/server-0-0-0-stats-0.json.
