basic_appreq,402245218,239691142167525,64
basic_appreq,402347661,239691544877826,64
basic_appreq,402187969,239691948650881,64
basic_appreq,401675507,239692350580074,64
basic_appreq,402389477,239692754276729,64
basic_appreq,201335644,239692956162105,64
basic_appreq,201411332,239693158074464,64
basic_appreq,201383688,239693361487528,64
basic_appreq,401961512,239693764548282,64
basic_appreq,402274423,239694168237633,64
basic_appreq,402688212,239694571822390,64
basic_appreq,402310492,239694974456146,64
basic_appreq,402568263,239695378140876,64
basic_appreq,201341158,239695580578080,64
basic_appreq,402145644,239695983229583,64
basic_appreq,201423702,239696186605951,64
basic_appreq,201331018,239696388251287,64
basic_appreq,201322221,239696590120870,64
basic_appreq,201406074,239696792247519,64
basic_appreq,402570857,239697196793371,64
basic_appreq,201416774,239697400211916,64
basic_appreq,201231879,239697602420210,64
basic_appreq,201341095,239697804243750,64
basic_appreq,201339381,239698006613874,64
basic_appreq,402184108,239698409020204,64
basic_appreq,402264520,239698813132206,64
basic_appreq,201233335,239699015406378,64
basic_appreq,200970483,239699217427845,64
basic_appreq,402004739,239699620476819,64
basic_appreq,201334717,239699822288037,64
basic_appreq,201420114,239700023911274,64
basic_appreq,201477307,239700226569119,64
basic_appreq,401907568,239700629333339,64
basic_appreq,402193446,239701032898162,64
basic_appreq,402213505,239701436524094,64
basic_appreq,402186411,239701839698834,64
basic_appreq,201420089,239702042797716,64
basic_appreq,402235976,239702445168997,64
basic_appreq,402726308,239702848810323,64
basic_appreq,402049348,239703251791663,64
basic_appreq,402348492,239703655947217,64
basic_appreq,402373716,239704058815512,64
basic_appreq,201329193,239704261528611,64
basic_appreq,201374277,239704465024167,64
basic_appreq,201252846,239704666569536,64
basic_appreq,402746942,239705071435603,64
basic_appreq,201302566,239705274496252,64
basic_appreq,402195613,239705678715723,64
basic_appreq,401992131,239706081953823,64
basic_appreq,201237480,239706284420338,64
basic_appreq,201366825,239706486958849,64
basic_appreq,402237750,239706889298287,64
basic_appreq,201397117,239707091926324,64
basic_appreq,201272951,239707294703801,64
basic_appreq,201412566,239707497520886,64
basic_appreq,402149198,239707901757535,64
basic_appreq,402226262,239708305027374,64
basic_appreq,201357967,239708506981632,64
basic_appreq,402452322,239708910324611,64
basic_appreq,402315492,239709313845784,64
basic_appreq,402299171,239709717797657,64
basic_appreq,402094935,239710121463504,64
basic_appreq,201365189,239710324292961,64
basic_appreq,402250723,239710728395561,64
basic_appreq,402189399,239711131400110,64
basic_appreq,201421420,239711333651464,64
basic_appreq,201317165,239711535687895,64
basic_appreq,201306256,239711737934333,64
basic_appreq,201414533,239711939958126,64
basic_appreq,201325454,239712143424536,64
basic_appreq,402379301,239712547577256,64
basic_appreq,201485046,239712749379176,64
basic_appreq,201305113,239712952222574,64
basic_appreq,402258532,239713355828873,64
basic_appreq,201358710,239713558514627,64
basic_appreq,402286559,239713961705705,64
basic_appreq,201272889,239714164350481,64
#end,23,424458,64
