basic_appreq,1407109667,240043130660438,32
basic_appreq,1407352375,240044538790260,32
basic_appreq,1407008885,240045946972568,32
basic_appreq,1608453323,240047556990607,32
basic_appreq,1005656950,240048564340507,32
basic_appreq,1608331253,240050172912810,32
basic_appreq,1205823444,240051380115881,32
basic_appreq,1206942467,240052587156406,32
basic_appreq,1005375939,240053593626403,32
basic_appreq,1407206833,240055002888829,32
basic_appreq,1608365706,240056612458333,32
basic_appreq,1005903821,240057620222683,32
basic_appreq,1206698539,240058828973397,32
basic_appreq,1407003669,240060237986937,32
basic_appreq,1206357262,240061445451538,32
basic_appreq,1206228549,240062653203674,32
basic_appreq,1207090685,240063861762542,32
basic_appreq,1005616351,240064868393056,32
basic_appreq,1608587454,240066478972335,32
#end,24,755451,32
