20260313-150312-0236 13306 * main            (server.cc:217):    Starting server.
20260313-150312-0244 13306 * main            (server.cc:335):    Creating a default paritioner!
20260313-150313-9340 13306 * main            (server.cc:513):    Done loading server.
20260313-150405-5930 13306 ! TCPIncomingEventCallback (tcptransport.cc:938): [TCP INCOMING 121] EOF, lifetime=30958.35 ms
20260313-150405-6267 13306 ! TCPIncomingEventCallback (tcptransport.cc:938): [TCP INCOMING 117] EOF, lifetime=31187.28 ms
20260313-150405-6375 13306 ! TCPIncomingEventCallback (tcptransport.cc:938): [TCP INCOMING 124] EOF, lifetime=30987.71 ms
20260313-150405-8020 13306 ! TCPIncomingEventCallback (tcptransport.cc:938): [TCP INCOMING 119] EOF, lifetime=31175.24 ms
20260313-150407-4224 13306 ! TCPIncomingEventCallback (tcptransport.cc:938): [TCP INCOMING 123] EOF, lifetime=32778.75 ms
20260313-150408-2244 13306 ! TCPIncomingEventCallback (tcptransport.cc:938): [TCP INCOMING 122] EOF, lifetime=33585.74 ms
20260313-150409-2215 13306 ! TCPIncomingEventCallback (tcptransport.cc:938): [TCP INCOMING 118] EOF, lifetime=34596.69 ms
20260313-150409-6413 13306 ! TCPIncomingEventCallback (tcptransport.cc:938): [TCP INCOMING 120] EOF, lifetime=35007.70 ms
20260313-150416-1325 13306 * Cleanup         (server.cc:589):    Gracefully exiting after signal 15.
20260313-150416-1326 13306 * Stop            (tcptransport.cc:601): [TCP SUMMARY] outgoingCreated=59 outgoingClosed=0 incomingCreated=67 incomingClosed=8 outgoingPeak=125 incomingPeak=37
Inserted events:
  0x563eb7646d00 [fd  9] Read Persist Internal
  0x563eb764ea60 [fd  10] Read Persist
  0x563eb7659e70 [fd  11] Read Persist
  0x563ec3ca0da0 [fd  12] Read Persist
  0x563ec3ca0fc0 [fd  13] Read Persist
  0x563ec3ca11e0 [fd  14] Read Persist
  0x563ec3c99050 [fd  15] Read Persist
  0x563ec3c9dfe0 [fd  16] Read Persist
  0x563ec3c92800 [fd  17] Read Persist
  0x563ec3c9c3b0 [fd  18] Read Persist
  0x563ec3c93dc0 [fd  19] Read Persist
  0x563ec3c9c8d0 [fd  20] Read Persist
  0x563ec3c9d5c0 [fd  21] Read Persist
  0x563ec3c918f0 [fd  22] Read Persist
  0x563ec3c91e00 [fd  23] Read Persist
  0x563ec3c92360 [fd  24] Read Persist
  0x563ec3c92e30 [fd  25] Read Persist
  0x563ec3c933c0 [fd  26] Read Persist
  0x563ec3c93950 [fd  27] Read Persist
  0x563ec3c99850 [fd  28] Read Persist
  0x563ec3c99f10 [fd  29] Read Persist
  0x563ec3c9a4a0 [fd  30] Read Persist
  0x563ec3c9aa30 [fd  31] Read Persist
  0x563ec3c9afc0 [fd  32] Read Persist
  0x563ec3ca1400 [fd  33] Read Persist
  0x563ec3ca17d0 [fd  34] Read Persist
  0x563ec3ca1d60 [fd  35] Read Persist
  0x563ec3ca22f0 [fd  36] Read Persist
  0x563ec3ca2880 [fd  37] Read Persist
  0x563ec3ca2e10 [fd  38] Read Persist
  0x563ec3ca33a0 [fd  39] Read Persist
  0x563ec3ca3930 [fd  40] Read Persist
  0x563ec3ca3ec0 [fd  41] Read Persist
  0x563ec3ca4450 [fd  42] Read Persist
  0x563ec3ca49e0 [fd  43] Read Persist
  0x563ec3ca4e00 [fd  44] Read Persist
  0x563ec3ca5020 [fd  45] Read Persist
  0x563ec3ca52d0 [fd  46] Read Persist
  0x563ec3ca5670 [fd  47] Read Persist
  0x563ec3ca5a10 [fd  48] Read Persist
  0x563ec3ca6030 [fd  49] Read Persist
  0x563ec3ca63d0 [fd  50] Read Persist
  0x563ec3ca6770 [fd  51] Read Persist
  0x563ec3ca6b10 [fd  52] Read Persist
  0x563ec3ca6eb0 [fd  53] Read Persist
  0x563ec3ca7250 [fd  54] Read Persist
  0x563ec3ca75f0 [fd  55] Read Persist
  0x563ec3ca7990 [fd  56] Read Persist
  0x563ec3ca7d30 [fd  57] Read Persist
  0x563ec3ca8100 [fd  58] Read Persist
  0x563ec3ca84d0 [fd  59] Read Persist
  0x563ec3ca88a0 [fd  60] Read Persist
  0x563ec3ca8c70 [fd  61] Read Persist
  0x563ec3ca9040 [fd  62] Read Persist
  0x563ec3ca9440 [fd  63] Read Persist
  0x563ec3ca9840 [fd  64] Read Persist
  0x563eb76565b0 [fd  65] Read Persist
  0x563ec3caa050 [fd  66] Read Persist
  0x563ec3caa390 [fd  67] Read Persist
  0x563ec3caa6d0 [fd  68] Read Persist
  0x563ec3caaa10 [fd  69] Read Persist
  0x563ec3caad50 [fd  70] Read Persist
  0x563ec3cab090 [fd  71] Read Persist
  0x563ec3cab3d0 [fd  72] Read Persist
  0x563ec3cab7e0 [fd  73] Read Persist
  0x563ec3cabd10 [fd  74] Read Persist
  0x563ec3cac1d0 [fd  75] Read Persist
  0x563ec3cac690 [fd  76] Read Persist
  0x563ec3cacb50 [fd  77] Read Persist
  0x563ec3cad010 [fd  78] Read Persist
  0x563ec3cad4d0 [fd  79] Read Persist
  0x563ec3cad990 [fd  80] Read Persist
  0x563ec3cadf20 [fd  81] Read Persist
  0x563ec3cae4b0 [fd  82] Read Persist
  0x563ec3caea40 [fd  83] Read Persist
  0x563ec3caefd0 [fd  84] Read Persist
  0x563ec3caf560 [fd  85] Read Persist
  0x563ec3cafaf0 [fd  86] Read Persist
  0x563ec3cb0080 [fd  87] Read Persist
  0x563ec3cb0610 [fd  88] Read Persist
  0x563ec3cb0ba0 [fd  89] Read Persist
  0x563ec3cb1130 [fd  90] Read Persist
  0x563ec3cb2140 [fd  91] Read Persist
  0x563ec3cb26d0 [fd  92] Read Persist
  0x563ec3cb2c60 [fd  93] Read Persist
  0x563ec3cb31f0 [fd  94] Read Persist
  0x563ec3cb3780 [fd  95] Read Persist
  0x563ec3cb3d10 [fd  96] Read Persist
  0x563ec3cb42a0 [fd  97] Read Persist
  0x563ec3cb4830 [fd  98] Read Persist
  0x563ec3cb4dc0 [fd  99] Read Persist
  0x563ec3cb5350 [fd  100] Read Persist
  0x563ec3cb58e0 [fd  101] Read Persist
  0x563ec3cb5e70 [fd  102] Read Persist
  0x563ec3cb6290 [fd  103] Read Persist
  0x563ec3cb64b0 [fd  104] Read Persist
  0x563ec3cb6760 [fd  105] Read Persist
  0x563ec3cb6b00 [fd  106] Read Persist
  0x563ec3cb6ea0 [fd  107] Read Persist
  0x563ec3cb7240 [fd  108] Read Persist
  0x563ec3cb75e0 [fd  109] Read Persist
  0x563ec3cb7980 [fd  110] Read Persist
  0x563ec3cb7d20 [fd  111] Read Persist
  0x563ec3cb80c0 [fd  112] Read Persist
  0x563ec3cb8460 [fd  113] Read Persist
  0x563ec3cb8800 [fd  114] Read Persist
  0x563ec3cb8ba0 [fd  115] Read Persist
  0x563ec3cb8f40 [fd  116] Read Persist
  0x563ec3cb9310 [fd  117] Read Persist
  0x563ec3cb96e0 [fd  118] Read Persist
  0x563ec3cb9ab0 [fd  119] Read Persist
  0x563ec3cb9e80 [fd  120] Read Persist
  0x563ec3cba250 [fd  121] Read Persist
  0x563ec3cba650 [fd  122] Read Persist
  0x563ec3cbaa50 [fd  123] Read Persist
  0x563ec3cbae50 [fd  124] Read Persist
  0x563ec3cbb250 [fd  125] Read Persist
  0x563ec3cbb650 [fd  126] Read Persist
  0x563ec3cbba50 [fd  127] Read Persist
  0x563ec3cdb5a0 [fd  136] Read Persist
  0x563ec3cdb9e0 [fd  137] Read Persist
Active events:
20260313-150416-1347 13306 * Cleanup         (server.cc:593):    Exporting stats to /mnt/extra/experiments/2026-04-13-15-03-04/out/server-0-1-0-stats-0.json.
