20260313-151837-0258 02036 * main            (server.cc:217):    Starting server.
20260313-151837-0271 02036 * main            (server.cc:335):    Creating a default paritioner!
20260313-151838-9671 02036 * main            (server.cc:513):    Done loading server.
20260313-151930-1765 02036 ! TCPIncomingEventCallback (tcptransport.cc:938): [TCP INCOMING 120] EOF, lifetime=30952.09 ms
20260313-151930-2811 02036 ! TCPIncomingEventCallback (tcptransport.cc:938): [TCP INCOMING 122] EOF, lifetime=31047.56 ms
20260313-151930-7903 02036 ! TCPIncomingEventCallback (tcptransport.cc:938): [TCP INCOMING 123] EOF, lifetime=31470.32 ms
20260313-151930-9740 02036 ! TCPIncomingEventCallback (tcptransport.cc:938): [TCP INCOMING 118] EOF, lifetime=31755.74 ms
20260313-151931-0769 02036 ! TCPIncomingEventCallback (tcptransport.cc:938): [TCP INCOMING 117] EOF, lifetime=31867.15 ms
20260313-151931-2193 02036 ! TCPIncomingEventCallback (tcptransport.cc:938): [TCP INCOMING 124] EOF, lifetime=31880.94 ms
20260313-151931-2205 02036 ! TCPIncomingEventCallback (tcptransport.cc:938): [TCP INCOMING 119] EOF, lifetime=31999.10 ms
20260313-151931-6944 02036 ! TCPIncomingEventCallback (tcptransport.cc:938): [TCP INCOMING 121] EOF, lifetime=32462.91 ms
20260313-151938-2371 02036 * Cleanup         (server.cc:589):    Gracefully exiting after signal 15.
20260313-151938-2372 02036 * Stop            (tcptransport.cc:601): [TCP SUMMARY] outgoingCreated=58 outgoingClosed=0 incomingCreated=66 incomingClosed=8 outgoingPeak=102 incomingPeak=37
Inserted events:
  0x55e28d3060d0 [fd  9] Read Persist Internal
  0x55e28d30de30 [fd  10] Read Persist
  0x55e28d3192e0 [fd  11] Read Persist
  0x55e299964360 [fd  12] Read Persist
  0x55e299964580 [fd  13] Read Persist
  0x55e2999647a0 [fd  14] Read Persist
  0x55e2999649c0 [fd  15] Read Persist
  0x55e299964be0 [fd  16] Read Persist
  0x55e299964e00 [fd  17] Read Persist
  0x55e299965020 [fd  18] Read Persist
  0x55e299965240 [fd  19] Read Persist
  0x55e299965460 [fd  20] Read Persist
  0x55e299965680 [fd  21] Read Persist
  0x55e299965930 [fd  22] Read Persist
  0x55e299965c70 [fd  23] Read Persist
  0x55e299965fb0 [fd  24] Read Persist
  0x55e2999662f0 [fd  25] Read Persist
  0x55e299966650 [fd  26] Read Persist
  0x55e2999669f0 [fd  27] Read Persist
  0x55e2999615a0 [fd  28] Read Persist
  0x55e29995f9e0 [fd  29] Read Persist
  0x55e299956dd0 [fd  30] Read Persist
  0x55e299957190 [fd  31] Read Persist
  0x55e29995fe90 [fd  32] Read Persist
  0x55e299960dd0 [fd  33] Read Persist
  0x55e29995d100 [fd  34] Read Persist
  0x55e29995d4d0 [fd  35] Read Persist
  0x55e29995da00 [fd  36] Read Persist
  0x55e29995dfb0 [fd  37] Read Persist
  0x55e29995e3d0 [fd  38] Read Persist
  0x55e29995e7c0 [fd  39] Read Persist
  0x55e29995ec00 [fd  40] Read Persist
  0x55e299966ef0 [fd  41] Read Persist
  0x55e299967300 [fd  42] Read Persist
  0x55e299967710 [fd  43] Read Persist
  0x55e299967bb0 [fd  44] Read Persist
  0x55e299968140 [fd  45] Read Persist
  0x55e2999686d0 [fd  46] Read Persist
  0x55e299968c60 [fd  47] Read Persist
  0x55e2999691f0 [fd  48] Read Persist
  0x55e299969a00 [fd  49] Read Persist
  0x55e299969f90 [fd  50] Read Persist
  0x55e29996a520 [fd  51] Read Persist
  0x55e29996aab0 [fd  52] Read Persist
  0x55e29996b040 [fd  53] Read Persist
  0x55e29996b5d0 [fd  54] Read Persist
  0x55e29996bb60 [fd  55] Read Persist
  0x55e29996c0f0 [fd  56] Read Persist
  0x55e29996c510 [fd  57] Read Persist
  0x55e29996c730 [fd  58] Read Persist
  0x55e29996c9e0 [fd  59] Read Persist
  0x55e29996cd80 [fd  60] Read Persist
  0x55e29996d120 [fd  61] Read Persist
  0x55e29996d4c0 [fd  62] Read Persist
  0x55e29996d860 [fd  63] Read Persist
  0x55e29996dc00 [fd  64] Read Persist
  0x55e28d315980 [fd  65] Read Persist
  0x55e28d313f20 [fd  66] Read Persist
  0x55e28d314d60 [fd  67] Read Persist
  0x55e28d3151d0 [fd  68] Read Persist
  0x55e29996dfd0 [fd  69] Read Persist
  0x55e29996e310 [fd  70] Read Persist
  0x55e29996e650 [fd  71] Read Persist
  0x55e29996ead0 [fd  72] Read Persist
  0x55e29996ef70 [fd  73] Read Persist
  0x55e29996f410 [fd  74] Read Persist
  0x55e29996f8b0 [fd  75] Read Persist
  0x55e29996fd50 [fd  76] Read Persist
  0x55e2999701f0 [fd  77] Read Persist
  0x55e299970690 [fd  78] Read Persist
  0x55e299970b30 [fd  79] Read Persist
  0x55e299970fd0 [fd  80] Read Persist
  0x55e299971470 [fd  81] Read Persist
  0x55e299971910 [fd  82] Read Persist
  0x55e299971db0 [fd  83] Read Persist
  0x55e299972250 [fd  84] Read Persist
  0x55e2999727a0 [fd  85] Read Persist
  0x55e299972c60 [fd  86] Read Persist
  0x55e299973120 [fd  87] Read Persist
  0x55e2999735e0 [fd  88] Read Persist
  0x55e299973aa0 [fd  89] Read Persist
  0x55e299973f60 [fd  90] Read Persist
  0x55e299974ea0 [fd  91] Read Persist
  0x55e299975430 [fd  92] Read Persist
  0x55e2999759c0 [fd  93] Read Persist
  0x55e299975f50 [fd  94] Read Persist
  0x55e2999764e0 [fd  95] Read Persist
  0x55e299976a70 [fd  96] Read Persist
  0x55e299977000 [fd  97] Read Persist
  0x55e299977590 [fd  98] Read Persist
  0x55e299977b20 [fd  99] Read Persist
  0x55e2999780b0 [fd  100] Read Persist
  0x55e299978640 [fd  101] Read Persist
  0x55e299978bd0 [fd  102] Read Persist
  0x55e299979160 [fd  103] Read Persist
  0x55e2999796f0 [fd  104] Read Persist
  0x55e299979c80 [fd  105] Read Persist
  0x55e29997a210 [fd  106] Read Persist
  0x55e29997a7a0 [fd  107] Read Persist
  0x55e29997ad30 [fd  108] Read Persist
  0x55e29997b2c0 [fd  109] Read Persist
  0x55e29997b850 [fd  110] Read Persist
  0x55e29997bde0 [fd  111] Read Persist
  0x55e29997c370 [fd  112] Read Persist
  0x55e29997c900 [fd  113] Read Persist
  0x55e29997dec0 [fd  114] Read Persist
  0x55e2999634e0 [fd  115] Read Persist
  0x55e29998c0e0 [fd  116] Read Persist
  0x55e29998c300 [fd  117] Read Persist
  0x55e29998c520 [fd  118] Read Persist
  0x55e29998c740 [fd  119] Read Persist
  0x55e29998c960 [fd  120] Read Persist
  0x55e299989020 [fd  121] Read Persist
  0x55e29997d640 [fd  122] Read Persist
  0x55e29998b8c0 [fd  123] Read Persist
  0x55e29998bd10 [fd  124] Read Persist
  0x55e299989840 [fd  125] Read Persist
  0x55e299989cb0 [fd  126] Read Persist
  0x55e29998a120 [fd  127] Read Persist
Active events:
20260313-151938-2392 02036 * Cleanup         (server.cc:593):    Exporting stats to /mnt/extra/experiments/2026-04-13-15-18-27/out/server-0-5-0-stats-0.json.
