basic_appreq,402364236,268459439256126,16
basic_appreq,402203883,268459841673271,16
basic_appreq,402262736,268460245693700,16
basic_appreq,402296704,268460648500005,16
basic_appreq,402727600,268461051465378,16
basic_appreq,402269091,268461454015012,16
basic_appreq,402242027,268461856966066,16
basic_appreq,402169388,268462260241248,16
basic_appreq,402273079,268462663432494,16
basic_appreq,402322125,268463066191541,16
basic_appreq,402198906,268463469212340,16
basic_appreq,402210088,268463872928114,16
basic_appreq,402356570,268464277130962,16
basic_appreq,402318079,268464681383230,16
basic_appreq,402389706,268465085071940,16
basic_appreq,402073213,268465488431523,16
basic_appreq,402165197,268465892583616,16
basic_appreq,402307122,268466296070120,16
basic_appreq,402458428,268466700213901,16
basic_appreq,402295799,268467103933465,16
basic_appreq,402163118,268467507503670,16
basic_appreq,402176421,268467911555136,16
basic_appreq,401950775,268468314101437,16
basic_appreq,402432591,268468717151245,16
basic_appreq,402121639,268469119450609,16
basic_appreq,402177606,268469522093227,16
basic_appreq,402371609,268469926239077,16
basic_appreq,402543278,268470329216472,16
basic_appreq,402300436,268470732831293,16
basic_appreq,402135180,268471135440402,16
basic_appreq,402182357,268471539628418,16
basic_appreq,402132087,268471943852591,16
basic_appreq,402317710,268472346952482,16
basic_appreq,402124415,268472749772125,16
basic_appreq,402112822,268473153723895,16
basic_appreq,402316546,268473557954767,16
basic_appreq,402245987,268473962114775,16
basic_appreq,402300607,268474365529932,16
basic_appreq,402211882,268474769079034,16
basic_appreq,402067319,268475171452997,16
basic_appreq,402111065,268475575081420,16
basic_appreq,402268845,268475978517043,16
basic_appreq,402165594,268476381097653,16
basic_appreq,402682028,268476785824366,16
basic_appreq,402358700,268477189148955,16
basic_appreq,402291150,268477593069425,16
basic_appreq,402108900,268477996582093,16
basic_appreq,402116836,268478399800013,16
basic_appreq,402192155,268478803723163,16
basic_appreq,402500242,268479206539737,16
basic_appreq,402070492,268479608713253,16
basic_appreq,402345885,268480011477772,16
basic_appreq,402321785,268480414280979,16
basic_appreq,402272074,268480817968137,16
basic_appreq,402422073,268481221333376,16
basic_appreq,402227683,268481624490061,16
basic_appreq,402274552,268482026865999,16
basic_appreq,402189263,268482430582864,16
#end,23,393708,16
