20260313-150131-7834 11319 * main            (server.cc:217):    Starting server.
20260313-150131-7841 11319 * main            (server.cc:335):    Creating a default paritioner!
20260313-150133-7052 11319 * main            (server.cc:513):    Done loading server.
[libprotobuf ERROR google/protobuf/message_lite.cc:121] Can't parse message of type "replication.iocl_craq.proto.SuccessorRequestMessage" because it is missing required fields: s, succ_groupidx, succ_replicaidx
[libprotobuf ERROR google/protobuf/message_lite.cc:121] Can't parse message of type "replication.iocl_craq.proto.SuccessorRequestMessage" because it is missing required fields: s, succ_groupidx, succ_replicaidx
[libprotobuf ERROR google/protobuf/message_lite.cc:121] Can't parse message of type "replication.iocl_craq.proto.SuccessorRequestMessage" because it is missing required fields: s, succ_groupidx, succ_replicaidx
[libprotobuf ERROR google/protobuf/message_lite.cc:121] Can't parse message of type "replication.iocl_craq.proto.SuccessorRequestMessage" because it is missing required fields: s, succ_groupidx, succ_replicaidx
[libprotobuf ERROR google/protobuf/message_lite.cc:121] Can't parse message of type "replication.iocl_craq.proto.SuccessorRequestMessage" because it is missing required fields: s, succ_groupidx, succ_replicaidx
[libprotobuf ERROR google/protobuf/message_lite.cc:121] Can't parse message of type "replication.iocl_craq.proto.SuccessorRequestMessage" because it is missing required fields: s, succ_groupidx, succ_replicaidx
[libprotobuf ERROR google/protobuf/message_lite.cc:121] Can't parse message of type "replication.iocl_craq.proto.SuccessorRequestMessage" because it is missing required fields: s, succ_groupidx, succ_replicaidx
[libprotobuf ERROR google/protobuf/message_lite.cc:121] Can't parse message of type "replication.iocl_craq.proto.SuccessorRequestMessage" because it is missing required fields: s, succ_groupidx, succ_replicaidx
[libprotobuf ERROR google/protobuf/message_lite.cc:121] Can't parse message of type "replication.iocl_craq.proto.SuccessorRequestMessage" because it is missing required fields: s, succ_groupidx, succ_replicaidx
[libprotobuf ERROR google/protobuf/message_lite.cc:121] Can't parse message of type "replication.iocl_craq.proto.SuccessorRequestMessage" because it is missing required fields: s, succ_groupidx, succ_replicaidx
[libprotobuf ERROR google/protobuf/message_lite.cc:121] Can't parse message of type "replication.iocl_craq.proto.SuccessorRequestMessage" because it is missing required fields: s, succ_groupidx, succ_replicaidx
[libprotobuf ERROR google/protobuf/message_lite.cc:121] Can't parse message of type "replication.iocl_craq.proto.SuccessorRequestMessage" because it is missing required fields: s, succ_groupidx, succ_replicaidx
[libprotobuf ERROR google/protobuf/message_lite.cc:121] Can't parse message of type "replication.iocl_craq.proto.SuccessorRequestMessage" because it is missing required fields: s, succ_groupidx, succ_replicaidx
[libprotobuf ERROR google/protobuf/message_lite.cc:121] Can't parse message of type "replication.iocl_craq.proto.SuccessorRequestMessage" because it is missing required fields: s, succ_groupidx, succ_replicaidx
[libprotobuf ERROR google/protobuf/message_lite.cc:121] Can't parse message of type "replication.iocl_craq.proto.SuccessorRequestMessage" because it is missing required fields: s, succ_groupidx, succ_replicaidx
[libprotobuf ERROR google/protobuf/message_lite.cc:121] Can't parse message of type "replication.iocl_craq.proto.SuccessorRequestMessage" because it is missing required fields: s, succ_groupidx, succ_replicaidx
[libprotobuf ERROR google/protobuf/message_lite.cc:121] Can't parse message of type "replication.iocl_craq.proto.SuccessorRequestMessage" because it is missing required fields: s, succ_groupidx, succ_replicaidx
[libprotobuf ERROR google/protobuf/message_lite.cc:121] Can't parse message of type "replication.iocl_craq.proto.SuccessorRequestMessage" because it is missing required fields: s, succ_groupidx, succ_replicaidx
[libprotobuf ERROR google/protobuf/message_lite.cc:121] Can't parse message of type "replication.iocl_craq.proto.SuccessorRequestMessage" because it is missing required fields: s, succ_groupidx, succ_replicaidx
[libprotobuf ERROR google/protobuf/message_lite.cc:121] Can't parse message of type "replication.iocl_craq.proto.SuccessorRequestMessage" because it is missing required fields: s, succ_groupidx, succ_replicaidx
[libprotobuf ERROR google/protobuf/message_lite.cc:121] Can't parse message of type "replication.iocl_craq.proto.SuccessorRequestMessage" because it is missing required fields: s, succ_groupidx, succ_replicaidx
[libprotobuf ERROR google/protobuf/message_lite.cc:121] Can't parse message of type "replication.iocl_craq.proto.SuccessorRequestMessage" because it is missing required fields: s, succ_groupidx, succ_replicaidx
[libprotobuf ERROR google/protobuf/message_lite.cc:121] Can't parse message of type "replication.iocl_craq.proto.SuccessorRequestMessage" because it is missing required fields: s, succ_groupidx, succ_replicaidx
[libprotobuf ERROR google/protobuf/message_lite.cc:121] Can't parse message of type "replication.iocl_craq.proto.SuccessorRequestMessage" because it is missing required fields: s, succ_groupidx, succ_replicaidx
[libprotobuf ERROR google/protobuf/message_lite.cc:121] Can't parse message of type "replication.iocl_craq.proto.SuccessorRequestMessage" because it is missing required fields: s, succ_groupidx, succ_replicaidx
[libprotobuf ERROR google/protobuf/message_lite.cc:121] Can't parse message of type "replication.iocl_craq.proto.SuccessorRequestMessage" because it is missing required fields: s, succ_groupidx, succ_replicaidx
[libprotobuf ERROR google/protobuf/message_lite.cc:121] Can't parse message of type "replication.iocl_craq.proto.SuccessorRequestMessage" because it is missing required fields: s, succ_groupidx, succ_replicaidx
20260313-150154-8162 11319 * HandlePrepare   (replica.cc:1116):  [2] Tail batch: size=1 pending_ooo=0 avg_batch_size=1.00 total_ops=1
20260313-150156-5328 11319 * HandlePrepare   (replica.cc:1116):  [2] Tail batch: size=1 pending_ooo=0 avg_batch_size=1.00 total_ops=2
20260313-150158-4499 11319 * HandlePrepare   (replica.cc:1116):  [2] Tail batch: size=1 pending_ooo=0 avg_batch_size=1.00 total_ops=3
[libprotobuf ERROR google/protobuf/message_lite.cc:121] Can't parse message of type "replication.iocl_craq.proto.SuccessorRequestMessage" because it is missing required fields: s, succ_groupidx, succ_replicaidx
[libprotobuf ERROR google/protobuf/message_lite.cc:121] Can't parse message of type "replication.iocl_craq.proto.SuccessorRequestMessage" because it is missing required fields: s, succ_groupidx, succ_replicaidx
[libprotobuf ERROR google/protobuf/message_lite.cc:121] Can't parse message of type "replication.iocl_craq.proto.SuccessorRequestMessage" because it is missing required fields: s, succ_groupidx, succ_replicaidx
[libprotobuf ERROR google/protobuf/message_lite.cc:121] Can't parse message of type "replication.iocl_craq.proto.SuccessorRequestMessage" because it is missing required fields: s, succ_groupidx, succ_replicaidx
[libprotobuf ERROR google/protobuf/message_lite.cc:121] Can't parse message of type "replication.iocl_craq.proto.SuccessorRequestMessage" because it is missing required fields: s, succ_groupidx, succ_replicaidx
[libprotobuf ERROR google/protobuf/message_lite.cc:121] Can't parse message of type "replication.iocl_craq.proto.SuccessorRequestMessage" because it is missing required fields: s, succ_groupidx, succ_replicaidx
[libprotobuf ERROR google/protobuf/message_lite.cc:121] Can't parse message of type "replication.iocl_craq.proto.SuccessorRequestMessage" because it is missing required fields: s, succ_groupidx, succ_replicaidx
[libprotobuf ERROR google/protobuf/message_lite.cc:121] Can't parse message of type "replication.iocl_craq.proto.SuccessorRequestMessage" because it is missing required fields: s, succ_groupidx, succ_replicaidx
[libprotobuf ERROR google/protobuf/message_lite.cc:121] Can't parse message of type "replication.iocl_craq.proto.SuccessorRequestMessage" because it is missing required fields: s, succ_groupidx, succ_replicaidx
[libprotobuf ERROR google/protobuf/message_lite.cc:121] Can't parse message of type "replication.iocl_craq.proto.SuccessorRequestMessage" because it is missing required fields: s, succ_groupidx, succ_replicaidx
[libprotobuf ERROR google/protobuf/message_lite.cc:121] Can't parse message of type "replication.iocl_craq.proto.SuccessorRequestMessage" because it is missing required fields: s, succ_groupidx, succ_replicaidx
[libprotobuf ERROR google/protobuf/message_lite.cc:121] Can't parse message of type "replication.iocl_craq.proto.SuccessorRequestMessage" because it is missing required fields: s, succ_groupidx, succ_replicaidx
[libprotobuf ERROR google/protobuf/message_lite.cc:121] Can't parse message of type "replication.iocl_craq.proto.SuccessorRequestMessage" because it is missing required fields: s, succ_groupidx, succ_replicaidx
[libprotobuf ERROR google/protobuf/message_lite.cc:121] Can't parse message of type "replication.iocl_craq.proto.SuccessorRequestMessage" because it is missing required fields: s, succ_groupidx, succ_replicaidx
[libprotobuf ERROR google/protobuf/message_lite.cc:121] Can't parse message of type "replication.iocl_craq.proto.SuccessorRequestMessage" because it is missing required fields: s, succ_groupidx, succ_replicaidx
[libprotobuf ERROR google/protobuf/message_lite.cc:121] Can't parse message of type "replication.iocl_craq.proto.SuccessorRequestMessage" because it is missing required fields: s, succ_groupidx, succ_replicaidx
[libprotobuf ERROR google/protobuf/message_lite.cc:121] Can't parse message of type "replication.iocl_craq.proto.SuccessorRequestMessage" because it is missing required fields: s, succ_groupidx, succ_replicaidx
[libprotobuf ERROR google/protobuf/message_lite.cc:121] Can't parse message of type "replication.iocl_craq.proto.SuccessorRequestMessage" because it is missing required fields: s, succ_groupidx, succ_replicaidx
[libprotobuf ERROR google/protobuf/message_lite.cc:121] Can't parse message of type "replication.iocl_craq.proto.SuccessorRequestMessage" because it is missing required fields: s, succ_groupidx, succ_replicaidx
[libprotobuf ERROR google/protobuf/message_lite.cc:121] Can't parse message of type "replication.iocl_craq.proto.SuccessorRequestMessage" because it is missing required fields: s, succ_groupidx, succ_replicaidx
[libprotobuf ERROR google/protobuf/message_lite.cc:121] Can't parse message of type "replication.iocl_craq.proto.SuccessorRequestMessage" because it is missing required fields: s, succ_groupidx, succ_replicaidx
[libprotobuf ERROR google/protobuf/message_lite.cc:121] Can't parse message of type "replication.iocl_craq.proto.SuccessorRequestMessage" because it is missing required fields: s, succ_groupidx, succ_replicaidx
[libprotobuf ERROR google/protobuf/message_lite.cc:121] Can't parse message of type "replication.iocl_craq.proto.SuccessorRequestMessage" because it is missing required fields: s, succ_groupidx, succ_replicaidx
[libprotobuf ERROR google/protobuf/message_lite.cc:121] Can't parse message of type "replication.iocl_craq.proto.SuccessorRequestMessage" because it is missing required fields: s, succ_groupidx, succ_replicaidx
[libprotobuf ERROR google/protobuf/message_lite.cc:121] Can't parse message of type "replication.iocl_craq.proto.SuccessorRequestMessage" because it is missing required fields: s, succ_groupidx, succ_replicaidx
[libprotobuf ERROR google/protobuf/message_lite.cc:121] Can't parse message of type "replication.iocl_craq.proto.SuccessorRequestMessage" because it is missing required fields: s, succ_groupidx, succ_replicaidx
[libprotobuf ERROR google/protobuf/message_lite.cc:121] Can't parse message of type "replication.iocl_craq.proto.SuccessorRequestMessage" because it is missing required fields: s, succ_groupidx, succ_replicaidx
[libprotobuf ERROR google/protobuf/message_lite.cc:121] Can't parse message of type "replication.iocl_craq.proto.SuccessorRequestMessage" because it is missing required fields: s, succ_groupidx, succ_replicaidx
[libprotobuf ERROR google/protobuf/message_lite.cc:121] Can't parse message of type "replication.iocl_craq.proto.SuccessorRequestMessage" because it is missing required fields: s, succ_groupidx, succ_replicaidx
[libprotobuf ERROR google/protobuf/message_lite.cc:121] Can't parse message of type "replication.iocl_craq.proto.SuccessorRequestMessage" because it is missing required fields: s, succ_groupidx, succ_replicaidx
[libprotobuf ERROR google/protobuf/message_lite.cc:121] Can't parse message of type "replication.iocl_craq.proto.SuccessorRequestMessage" because it is missing required fields: s, succ_groupidx, succ_replicaidx
[libprotobuf ERROR google/protobuf/message_lite.cc:121] Can't parse message of type "replication.iocl_craq.proto.SuccessorRequestMessage" because it is missing required fields: s, succ_groupidx, succ_replicaidx
[libprotobuf ERROR google/protobuf/message_lite.cc:121] Can't parse message of type "replication.iocl_craq.proto.SuccessorRequestMessage" because it is missing required fields: s, succ_groupidx, succ_replicaidx
[libprotobuf ERROR google/protobuf/message_lite.cc:121] Can't parse message of type "replication.iocl_craq.proto.SuccessorRequestMessage" because it is missing required fields: s, succ_groupidx, succ_replicaidx
[libprotobuf ERROR google/protobuf/message_lite.cc:121] Can't parse message of type "replication.iocl_craq.proto.SuccessorRequestMessage" because it is missing required fields: s, succ_groupidx, succ_replicaidx
[libprotobuf ERROR google/protobuf/message_lite.cc:121] Can't parse message of type "replication.iocl_craq.proto.SuccessorRequestMessage" because it is missing required fields: s, succ_groupidx, succ_replicaidx
[libprotobuf ERROR google/protobuf/message_lite.cc:121] Can't parse message of type "replication.iocl_craq.proto.SuccessorRequestMessage" because it is missing required fields: s, succ_groupidx, succ_replicaidx
[libprotobuf ERROR google/protobuf/message_lite.cc:121] Can't parse message of type "replication.iocl_craq.proto.SuccessorRequestMessage" because it is missing required fields: s, succ_groupidx, succ_replicaidx
[libprotobuf ERROR google/protobuf/message_lite.cc:121] Can't parse message of type "replication.iocl_craq.proto.SuccessorRequestMessage" because it is missing required fields: s, succ_groupidx, succ_replicaidx
[libprotobuf ERROR google/protobuf/message_lite.cc:121] Can't parse message of type "replication.iocl_craq.proto.SuccessorRequestMessage" because it is missing required fields: s, succ_groupidx, succ_replicaidx
[libprotobuf ERROR google/protobuf/message_lite.cc:121] Can't parse message of type "replication.iocl_craq.proto.SuccessorRequestMessage" because it is missing required fields: s, succ_groupidx, succ_replicaidx
[libprotobuf ERROR google/protobuf/message_lite.cc:121] Can't parse message of type "replication.iocl_craq.proto.SuccessorRequestMessage" because it is missing required fields: s, succ_groupidx, succ_replicaidx
[libprotobuf ERROR google/protobuf/message_lite.cc:121] Can't parse message of type "replication.iocl_craq.proto.SuccessorRequestMessage" because it is missing required fields: s, succ_groupidx, succ_replicaidx
[libprotobuf ERROR google/protobuf/message_lite.cc:121] Can't parse message of type "replication.iocl_craq.proto.SuccessorRequestMessage" because it is missing required fields: s, succ_groupidx, succ_replicaidx
[libprotobuf ERROR google/protobuf/message_lite.cc:121] Can't parse message of type "replication.iocl_craq.proto.SuccessorRequestMessage" because it is missing required fields: s, succ_groupidx, succ_replicaidx
[libprotobuf ERROR google/protobuf/message_lite.cc:121] Can't parse message of type "replication.iocl_craq.proto.SuccessorRequestMessage" because it is missing required fields: s, succ_groupidx, succ_replicaidx
[libprotobuf ERROR google/protobuf/message_lite.cc:121] Can't parse message of type "replication.iocl_craq.proto.SuccessorRequestMessage" because it is missing required fields: s, succ_groupidx, succ_replicaidx
[libprotobuf ERROR google/protobuf/message_lite.cc:121] Can't parse message of type "replication.iocl_craq.proto.SuccessorRequestMessage" because it is missing required fields: s, succ_groupidx, succ_replicaidx
[libprotobuf ERROR google/protobuf/message_lite.cc:121] Can't parse message of type "replication.iocl_craq.proto.SuccessorRequestMessage" because it is missing required fields: s, succ_groupidx, succ_replicaidx
[libprotobuf ERROR google/protobuf/message_lite.cc:121] Can't parse message of type "replication.iocl_craq.proto.SuccessorRequestMessage" because it is missing required fields: s, succ_groupidx, succ_replicaidx
[libprotobuf ERROR google/protobuf/message_lite.cc:121] Can't parse message of type "replication.iocl_craq.proto.SuccessorRequestMessage" because it is missing required fields: s, succ_groupidx, succ_replicaidx
[libprotobuf ERROR google/protobuf/message_lite.cc:121] Can't parse message of type "replication.iocl_craq.proto.SuccessorRequestMessage" because it is missing required fields: s, succ_groupidx, succ_replicaidx
[libprotobuf ERROR google/protobuf/message_lite.cc:121] Can't parse message of type "replication.iocl_craq.proto.SuccessorRequestMessage" because it is missing required fields: s, succ_groupidx, succ_replicaidx
[libprotobuf ERROR google/protobuf/message_lite.cc:121] Can't parse message of type "replication.iocl_craq.proto.SuccessorRequestMessage" because it is missing required fields: s, succ_groupidx, succ_replicaidx
[libprotobuf ERROR google/protobuf/message_lite.cc:121] Can't parse message of type "replication.iocl_craq.proto.SuccessorRequestMessage" because it is missing required fields: s, succ_groupidx, succ_replicaidx
[libprotobuf ERROR google/protobuf/message_lite.cc:121] Can't parse message of type "replication.iocl_craq.proto.SuccessorRequestMessage" because it is missing required fields: s, succ_groupidx, succ_replicaidx
[libprotobuf ERROR google/protobuf/message_lite.cc:121] Can't parse message of type "replication.iocl_craq.proto.SuccessorRequestMessage" because it is missing required fields: s, succ_groupidx, succ_replicaidx
[libprotobuf ERROR google/protobuf/message_lite.cc:121] Can't parse message of type "replication.iocl_craq.proto.SuccessorRequestMessage" because it is missing required fields: s, succ_groupidx, succ_replicaidx
[libprotobuf ERROR google/protobuf/message_lite.cc:121] Can't parse message of type "replication.iocl_craq.proto.SuccessorRequestMessage" because it is missing required fields: s, succ_groupidx, succ_replicaidx
[libprotobuf ERROR google/protobuf/message_lite.cc:121] Can't parse message of type "replication.iocl_craq.proto.SuccessorRequestMessage" because it is missing required fields: s, succ_groupidx, succ_replicaidx
[libprotobuf ERROR google/protobuf/message_lite.cc:121] Can't parse message of type "replication.iocl_craq.proto.SuccessorRequestMessage" because it is missing required fields: s, succ_groupidx, succ_replicaidx
[libprotobuf ERROR google/protobuf/message_lite.cc:121] Can't parse message of type "replication.iocl_craq.proto.SuccessorRequestMessage" because it is missing required fields: s, succ_groupidx, succ_replicaidx
[libprotobuf ERROR google/protobuf/message_lite.cc:121] Can't parse message of type "replication.iocl_craq.proto.SuccessorRequestMessage" because it is missing required fields: s, succ_groupidx, succ_replicaidx
[libprotobuf ERROR google/protobuf/message_lite.cc:121] Can't parse message of type "replication.iocl_craq.proto.SuccessorRequestMessage" because it is missing required fields: s, succ_groupidx, succ_replicaidx
[libprotobuf ERROR google/protobuf/message_lite.cc:121] Can't parse message of type "replication.iocl_craq.proto.SuccessorRequestMessage" because it is missing required fields: s, succ_groupidx, succ_replicaidx
[libprotobuf ERROR google/protobuf/message_lite.cc:121] Can't parse message of type "replication.iocl_craq.proto.SuccessorRequestMessage" because it is missing required fields: s, succ_groupidx, succ_replicaidx
[libprotobuf ERROR google/protobuf/message_lite.cc:121] Can't parse message of type "replication.iocl_craq.proto.SuccessorRequestMessage" because it is missing required fields: s, succ_groupidx, succ_replicaidx
[libprotobuf ERROR google/protobuf/message_lite.cc:121] Can't parse message of type "replication.iocl_craq.proto.SuccessorRequestMessage" because it is missing required fields: s, succ_groupidx, succ_replicaidx
[libprotobuf ERROR google/protobuf/message_lite.cc:121] Can't parse message of type "replication.iocl_craq.proto.SuccessorRequestMessage" because it is missing required fields: s, succ_groupidx, succ_replicaidx
[libprotobuf ERROR google/protobuf/message_lite.cc:121] Can't parse message of type "replication.iocl_craq.proto.SuccessorRequestMessage" because it is missing required fields: s, succ_groupidx, succ_replicaidx
[libprotobuf ERROR google/protobuf/message_lite.cc:121] Can't parse message of type "replication.iocl_craq.proto.SuccessorRequestMessage" because it is missing required fields: s, succ_groupidx, succ_replicaidx
[libprotobuf ERROR google/protobuf/message_lite.cc:121] Can't parse message of type "replication.iocl_craq.proto.SuccessorRequestMessage" because it is missing required fields: s, succ_groupidx, succ_replicaidx
[libprotobuf ERROR google/protobuf/message_lite.cc:121] Can't parse message of type "replication.iocl_craq.proto.SuccessorRequestMessage" because it is missing required fields: s, succ_groupidx, succ_replicaidx
[libprotobuf ERROR google/protobuf/message_lite.cc:121] Can't parse message of type "replication.iocl_craq.proto.SuccessorRequestMessage" because it is missing required fields: s, succ_groupidx, succ_replicaidx
[libprotobuf ERROR google/protobuf/message_lite.cc:121] Can't parse message of type "replication.iocl_craq.proto.SuccessorRequestMessage" because it is missing required fields: s, succ_groupidx, succ_replicaidx
[libprotobuf ERROR google/protobuf/message_lite.cc:121] Can't parse message of type "replication.iocl_craq.proto.SuccessorRequestMessage" because it is missing required fields: s, succ_groupidx, succ_replicaidx
[libprotobuf ERROR google/protobuf/message_lite.cc:121] Can't parse message of type "replication.iocl_craq.proto.SuccessorRequestMessage" because it is missing required fields: s, succ_groupidx, succ_replicaidx
[libprotobuf ERROR google/protobuf/message_lite.cc:121] Can't parse message of type "replication.iocl_craq.proto.SuccessorRequestMessage" because it is missing required fields: s, succ_groupidx, succ_replicaidx
[libprotobuf ERROR google/protobuf/message_lite.cc:121] Can't parse message of type "replication.iocl_craq.proto.SuccessorRequestMessage" because it is missing required fields: s, succ_groupidx, succ_replicaidx
[libprotobuf ERROR google/protobuf/message_lite.cc:121] Can't parse message of type "replication.iocl_craq.proto.SuccessorRequestMessage" because it is missing required fields: s, succ_groupidx, succ_replicaidx
20260313-150159-6682 11319 * HandlePrepare   (replica.cc:1116):  [2] Tail batch: size=1 pending_ooo=0 avg_batch_size=1.00 total_ops=4
20260313-150159-7886 11319 * HandleVersionRequest (replica.cc:1182):  Sending version response to replica 1, timestamp to read is 0, VC[0]=4
20260313-150159-8565 11319 * HandleVersionRequest (replica.cc:1182):  Sending version response to replica 1, timestamp to read is 0, VC[0]=4
20260313-150159-8567 11319 * HandleVersionRequest (replica.cc:1182):  Sending version response to replica 1, timestamp to read is 0, VC[0]=4
20260313-150159-8567 11319 * HandleVersionRequest (replica.cc:1182):  Sending version response to replica 1, timestamp to read is 0, VC[0]=4
20260313-150159-8603 11319 * HandleVersionRequest (replica.cc:1182):  Sending version response to replica 1, timestamp to read is 0, VC[0]=4
20260313-150200-9907 11319 * HandlePrepare   (replica.cc:1116):  [2] Tail batch: size=1 pending_ooo=0 avg_batch_size=1.00 total_ops=5
20260313-150201-0891 11319 * HandleVersionRequest (replica.cc:1182):  Sending version response to replica 1, timestamp to read is 0, VC[0]=5
20260313-150201-4151 11319 * HandlePrepare   (replica.cc:1116):  [2] Tail batch: size=1 pending_ooo=0 avg_batch_size=1.00 total_ops=6
20260313-150201-4774 11319 * HandleVersionRequest (replica.cc:1182):  Sending version response to replica 1, timestamp to read is 0, VC[0]=6
20260313-150201-4775 11319 * HandleVersionRequest (replica.cc:1182):  Sending version response to replica 1, timestamp to read is 0, VC[0]=6
20260313-150201-5033 11319 * HandlePrepare   (replica.cc:1116):  [2] Tail batch: size=1 pending_ooo=0 avg_batch_size=1.00 total_ops=7
20260313-150201-5701 11319 * HandleVersionRequest (replica.cc:1182):  Sending version response to replica 1, timestamp to read is 0, VC[0]=7
20260313-150201-5703 11319 * HandleVersionRequest (replica.cc:1182):  Sending version response to replica 1, timestamp to read is 0, VC[0]=7
20260313-150201-5739 11319 * HandleVersionRequest (replica.cc:1182):  Sending version response to replica 1, timestamp to read is 0, VC[0]=7
20260313-150202-6038 11319 * HandlePrepare   (replica.cc:1116):  [2] Tail batch: size=1 pending_ooo=0 avg_batch_size=1.00 total_ops=8
20260313-150202-7275 11319 * HandleVersionRequest (replica.cc:1182):  Sending version response to replica 1, timestamp to read is 0, VC[0]=8
20260313-150202-8279 11319 * HandlePrepare   (replica.cc:1116):  [2] Tail batch: size=1 pending_ooo=0 avg_batch_size=1.00 total_ops=9
20260313-150202-9937 11319 * HandleVersionRequest (replica.cc:1182):  Sending version response to replica 1, timestamp to read is 0, VC[0]=9
20260313-150204-7075 11319 * HandlePrepare   (replica.cc:1116):  [2] Tail batch: size=1 pending_ooo=0 avg_batch_size=1.00 total_ops=10
20260313-150204-8330 11319 * HandleVersionRequest (replica.cc:1182):  Sending version response to replica 1, timestamp to read is 0, VC[0]=10
20260313-150204-8331 11319 * HandleVersionRequest (replica.cc:1182):  Sending version response to replica 1, timestamp to read is 0, VC[0]=10
20260313-150206-2214 11319 * HandlePrepare   (replica.cc:1116):  [2] Tail batch: size=1 pending_ooo=0 avg_batch_size=1.00 total_ops=11
20260313-150206-6158 11319 * HandlePrepare   (replica.cc:1116):  [2] Tail batch: size=1 pending_ooo=0 avg_batch_size=1.00 total_ops=12
20260313-150206-6162 11319 * HandlePrepare   (replica.cc:1116):  [2] Tail batch: size=1 pending_ooo=0 avg_batch_size=1.00 total_ops=13
20260313-150206-7154 11319 * HandlePrepare   (replica.cc:1116):  [2] Tail batch: size=1 pending_ooo=0 avg_batch_size=1.00 total_ops=14
20260313-150207-0428 11319 * HandlePrepare   (replica.cc:1116):  [2] Tail batch: size=1 pending_ooo=0 avg_batch_size=1.00 total_ops=15
20260313-150210-1757 11319 * HandlePrepare   (replica.cc:1116):  [2] Tail batch: size=1 pending_ooo=0 avg_batch_size=1.00 total_ops=16
20260313-150210-8983 11319 * HandlePrepare   (replica.cc:1116):  [2] Tail batch: size=1 pending_ooo=0 avg_batch_size=1.00 total_ops=17
20260313-150211-0825 11319 * HandleVersionRequest (replica.cc:1182):  Sending version response to replica 1, timestamp to read is 0, VC[0]=17
20260313-150212-6133 11319 * HandlePrepare   (replica.cc:1116):  [2] Tail batch: size=1 pending_ooo=0 avg_batch_size=1.00 total_ops=18
20260313-150212-7967 11319 * HandleVersionRequest (replica.cc:1182):  Sending version response to replica 1, timestamp to read is 0, VC[0]=18
20260313-150212-9704 11319 * HandlePrepare   (replica.cc:1116):  [2] Tail batch: size=1 pending_ooo=0 avg_batch_size=1.00 total_ops=19
20260313-150212-9788 11319 * HandlePrepare   (replica.cc:1116):  [2] Tail batch: size=1 pending_ooo=0 avg_batch_size=1.00 total_ops=20
20260313-150213-2721 11319 * HandlePrepare   (replica.cc:1116):  [2] Tail batch: size=1 pending_ooo=0 avg_batch_size=1.00 total_ops=21
20260313-150215-3180 11319 * HandlePrepare   (replica.cc:1116):  [2] Tail batch: size=1 pending_ooo=0 avg_batch_size=1.00 total_ops=22
20260313-150215-4051 11319 * HandleVersionRequest (replica.cc:1182):  Sending version response to replica 1, timestamp to read is 0, VC[0]=22
20260313-150215-5143 11319 * HandleVersionRequest (replica.cc:1182):  Sending version response to replica 1, timestamp to read is 0, VC[0]=22
20260313-150215-5144 11319 * HandleVersionRequest (replica.cc:1182):  Sending version response to replica 1, timestamp to read is 0, VC[0]=22
20260313-150215-5145 11319 * HandleVersionRequest (replica.cc:1182):  Sending version response to replica 1, timestamp to read is 0, VC[0]=22
20260313-150216-3262 11319 * HandlePrepare   (replica.cc:1116):  [2] Tail batch: size=1 pending_ooo=0 avg_batch_size=1.00 total_ops=23
20260313-150217-4194 11319 * HandlePrepare   (replica.cc:1116):  [2] Tail batch: size=1 pending_ooo=0 avg_batch_size=1.00 total_ops=24
20260313-150217-5553 11319 * HandleVersionRequest (replica.cc:1182):  Sending version response to replica 1, timestamp to read is 0, VC[0]=24
20260313-150217-5555 11319 * HandleVersionRequest (replica.cc:1182):  Sending version response to replica 1, timestamp to read is 0, VC[0]=24
20260313-150217-5556 11319 * HandleVersionRequest (replica.cc:1182):  Sending version response to replica 1, timestamp to read is 0, VC[0]=24
20260313-150218-9461 11319 * HandlePrepare   (replica.cc:1116):  [2] Tail batch: size=1 pending_ooo=0 avg_batch_size=1.00 total_ops=25
20260313-150219-0343 11319 * HandlePrepare   (replica.cc:1116):  [2] Tail batch: size=1 pending_ooo=0 avg_batch_size=1.00 total_ops=26
20260313-150219-0698 11319 * HandleVersionRequest (replica.cc:1182):  Sending version response to replica 1, timestamp to read is 0, VC[0]=26
20260313-150220-5487 11319 * HandlePrepare   (replica.cc:1116):  [2] Tail batch: size=1 pending_ooo=0 avg_batch_size=1.00 total_ops=27
20260313-150220-5490 11319 * HandleVersionRequest (replica.cc:1182):  Sending version response to replica 1, timestamp to read is 0, VC[0]=27
20260313-150220-5491 11319 * HandleVersionRequest (replica.cc:1182):  Sending version response to replica 1, timestamp to read is 0, VC[0]=27
20260313-150220-5491 11319 * HandleVersionRequest (replica.cc:1182):  Sending version response to replica 1, timestamp to read is 0, VC[0]=27
20260313-150220-5492 11319 * HandleVersionRequest (replica.cc:1182):  Sending version response to replica 1, timestamp to read is 0, VC[0]=27
20260313-150220-6484 11319 * HandlePrepare   (replica.cc:1116):  [2] Tail batch: size=1 pending_ooo=0 avg_batch_size=1.00 total_ops=28
20260313-150220-6561 11319 * HandleVersionRequest (replica.cc:1182):  Sending version response to replica 1, timestamp to read is 0, VC[0]=28
20260313-150220-6562 11319 * HandleVersionRequest (replica.cc:1182):  Sending version response to replica 1, timestamp to read is 0, VC[0]=28
20260313-150220-9847 11319 * HandlePrepare   (replica.cc:1116):  [2] Tail batch: size=1 pending_ooo=0 avg_batch_size=1.00 total_ops=29
20260313-150221-1404 11319 * HandleVersionRequest (replica.cc:1182):  Sending version response to replica 1, timestamp to read is 0, VC[0]=29
20260313-150221-1405 11319 * HandleVersionRequest (replica.cc:1182):  Sending version response to replica 1, timestamp to read is 0, VC[0]=29
20260313-150221-2407 11319 * HandlePrepare   (replica.cc:1116):  [2] Tail batch: size=1 pending_ooo=0 avg_batch_size=1.00 total_ops=30
20260313-150225-8719 11319 ! TCPIncomingEventCallback (tcptransport.cc:938): [TCP INCOMING 132] EOF, lifetime=26350.70 ms
20260313-150225-8721 11319 ! TCPIncomingEventCallback (tcptransport.cc:938): [TCP INCOMING 123] EOF, lifetime=31349.89 ms
20260313-150225-9612 11319 ! TCPIncomingEventCallback (tcptransport.cc:938): [TCP INCOMING 130] EOF, lifetime=26459.70 ms
20260313-150225-9614 11319 ! TCPIncomingEventCallback (tcptransport.cc:938): [TCP INCOMING 121] EOF, lifetime=31458.67 ms
20260313-150226-1617 11319 ! TCPIncomingEventCallback (tcptransport.cc:938): [TCP INCOMING 126] EOF, lifetime=27714.69 ms
20260313-150226-1619 11319 ! TCPIncomingEventCallback (tcptransport.cc:938): [TCP INCOMING 118] EOF, lifetime=31673.56 ms
20260313-150226-1679 11319 ! TCPIncomingEventCallback (tcptransport.cc:938): [TCP INCOMING 127] EOF, lifetime=26841.50 ms
20260313-150226-1681 11319 ! TCPIncomingEventCallback (tcptransport.cc:938): [TCP INCOMING 117] EOF, lifetime=31840.50 ms
20260313-150226-4774 11319 ! TCPIncomingEventCallback (tcptransport.cc:938): [TCP INCOMING 131] EOF, lifetime=26965.26 ms
20260313-150226-4776 11319 ! TCPIncomingEventCallback (tcptransport.cc:938): [TCP INCOMING 122] EOF, lifetime=31964.37 ms
20260313-150226-6515 11319 ! TCPIncomingEventCallback (tcptransport.cc:938): [TCP INCOMING 125] EOF, lifetime=31887.70 ms
20260313-150226-6517 11319 ! TCPIncomingEventCallback (tcptransport.cc:938): [TCP INCOMING 124] EOF, lifetime=32036.41 ms
20260313-150226-6968 11319 ! TCPIncomingEventCallback (tcptransport.cc:938): [TCP INCOMING 129] EOF, lifetime=27197.58 ms
20260313-150226-6970 11319 ! TCPIncomingEventCallback (tcptransport.cc:938): [TCP INCOMING 120] EOF, lifetime=32196.64 ms
20260313-150226-9513 11319 ! TCPIncomingEventCallback (tcptransport.cc:938): [TCP INCOMING 128] EOF, lifetime=27454.76 ms
20260313-150226-9514 11319 ! TCPIncomingEventCallback (tcptransport.cc:938): [TCP INCOMING 119] EOF, lifetime=32453.74 ms
20260313-150233-4229 11319 * Cleanup         (server.cc:589):    Gracefully exiting after signal 15.
20260313-150233-4230 11319 * Stop            (tcptransport.cc:601): [TCP SUMMARY] outgoingCreated=58 outgoingClosed=0 incomingCreated=74 incomingClosed=16 outgoingPeak=87 incomingPeak=37
Inserted events:
  0x563b556180d0 [fd  9] Read Persist Internal
  0x563b5561fe30 [fd  10] Read Persist
  0x563b5562b2e0 [fd  11] Read Persist
  0x563b61c68fe0 [fd  12] Read Persist
  0x563b61c672d0 [fd  13] Read Persist
  0x563b61c5ebd0 [fd  14] Read Persist
  0x563b61c678d0 [fd  15] Read Persist
  0x563b61c685c0 [fd  16] Read Persist
  0x563b61c5d610 [fd  17] Read Persist
  0x563b61c5da00 [fd  18] Read Persist
  0x563b61c5e090 [fd  19] Read Persist
  0x563b61c5e4b0 [fd  20] Read Persist
  0x563b61c5e8a0 [fd  21] Read Persist
  0x563b61c5c700 [fd  22] Read Persist
  0x563b61c5cbc0 [fd  23] Read Persist
  0x563b61c5d120 [fd  24] Read Persist
  0x563b61c64190 [fd  25] Read Persist
  0x563b61c64720 [fd  26] Read Persist
  0x563b61c64cb0 [fd  27] Read Persist
  0x563b61c65240 [fd  28] Read Persist
  0x563b61c65900 [fd  29] Read Persist
  0x563b61c65e60 [fd  30] Read Persist
  0x563b61c663f0 [fd  31] Read Persist
  0x563b61c6be70 [fd  32] Read Persist
  0x563b61c6c590 [fd  33] Read Persist
  0x563b61c6cb20 [fd  34] Read Persist
  0x563b61c6d0b0 [fd  35] Read Persist
  0x563b61c6d640 [fd  36] Read Persist
  0x563b61c6dbd0 [fd  37] Read Persist
  0x563b61c6e160 [fd  38] Read Persist
  0x563b61c6e6f0 [fd  39] Read Persist
  0x563b61c6ec80 [fd  40] Read Persist
  0x563b61c6f0a0 [fd  41] Read Persist
  0x563b61c6f2c0 [fd  42] Read Persist
  0x563b61c6f570 [fd  43] Read Persist
  0x563b61c6f930 [fd  44] Read Persist
  0x563b61c6fcd0 [fd  45] Read Persist
  0x563b61c70070 [fd  46] Read Persist
  0x563b61c70410 [fd  47] Read Persist
  0x563b61c707b0 [fd  48] Read Persist
  0x563b61c70dd0 [fd  49] Read Persist
  0x563b61c71170 [fd  50] Read Persist
  0x563b61c71510 [fd  51] Read Persist
  0x563b61c718b0 [fd  52] Read Persist
  0x563b61c71c50 [fd  53] Read Persist
  0x563b61c71ff0 [fd  54] Read Persist
  0x563b61c72390 [fd  55] Read Persist
  0x563b61c72760 [fd  56] Read Persist
  0x563b61c72b30 [fd  57] Read Persist
  0x563b61c72f00 [fd  58] Read Persist
  0x563b61c732d0 [fd  59] Read Persist
  0x563b61c736a0 [fd  60] Read Persist
  0x563b61c73aa0 [fd  61] Read Persist
  0x563b61c73ea0 [fd  62] Read Persist
  0x563b61c742a0 [fd  63] Read Persist
  0x563b61c746a0 [fd  64] Read Persist
  0x563b55627980 [fd  65] Read Persist
  0x563b61c74eb0 [fd  66] Read Persist
  0x563b61c751f0 [fd  67] Read Persist
  0x563b61c75530 [fd  68] Read Persist
  0x563b61c75870 [fd  69] Read Persist
  0x563b61c75bb0 [fd  70] Read Persist
  0x563b61c75fa0 [fd  71] Read Persist
  0x563b61c76460 [fd  72] Read Persist
  0x563b61c76920 [fd  73] Read Persist
  0x563b61c76de0 [fd  74] Read Persist
  0x563b61c772a0 [fd  75] Read Persist
  0x563b61c77760 [fd  76] Read Persist
  0x563b61c77cf0 [fd  77] Read Persist
  0x563b61c78280 [fd  78] Read Persist
  0x563b61c78810 [fd  79] Read Persist
  0x563b61c78da0 [fd  80] Read Persist
  0x563b61c79330 [fd  81] Read Persist
  0x563b61c798c0 [fd  82] Read Persist
  0x563b61c79e50 [fd  83] Read Persist
  0x563b61c7a3e0 [fd  84] Read Persist
  0x563b61c7a970 [fd  85] Read Persist
  0x563b61c7af00 [fd  86] Read Persist
  0x563b61c7b490 [fd  87] Read Persist
  0x563b61c7ba20 [fd  88] Read Persist
  0x563b61c7bfb0 [fd  89] Read Persist
  0x563b61c7c540 [fd  90] Read Persist
  0x563b61c7d550 [fd  91] Read Persist
  0x563b61c7dae0 [fd  92] Read Persist
  0x563b61c7e070 [fd  93] Read Persist
  0x563b61c7e600 [fd  94] Read Persist
  0x563b61c7eb90 [fd  95] Read Persist
  0x563b61c7f120 [fd  96] Read Persist
  0x563b61c7f6b0 [fd  97] Read Persist
  0x563b61c7fc40 [fd  98] Read Persist
  0x563b61c81200 [fd  99] Read Persist
  0x563b61c93340 [fd  100] Read Persist
  0x563b61c93790 [fd  101] Read Persist
  0x563b61c93c90 [fd  102] Read Persist
  0x563b61c94080 [fd  103] Read Persist
  0x563b61c94510 [fd  104] Read Persist
  0x563b61c94950 [fd  105] Read Persist
  0x563b61c80980 [fd  106] Read Persist
  0x563b61c8cc20 [fd  107] Read Persist
  0x563b61c8d060 [fd  108] Read Persist
  0x563b61c8d4a0 [fd  109] Read Persist
  0x563b61c8d8e0 [fd  110] Read Persist
  0x563b61c8dd20 [fd  111] Read Persist
  0x563b61c8e160 [fd  112] Read Persist
  0x563b61c8e5a0 [fd  113] Read Persist
  0x563b61c8e9e0 [fd  114] Read Persist
  0x563b61c8ee20 [fd  115] Read Persist
  0x563b61c94d40 [fd  116] Read Persist
  0x563b61c94fb0 [fd  117] Read Persist
  0x563b61c95bf0 [fd  118] Read Persist
  0x563b61c95ea0 [fd  119] Read Persist
  0x563b61c961e0 [fd  120] Read Persist
  0x563b61c96520 [fd  121] Read Persist
  0x563b61c96860 [fd  122] Read Persist
  0x563b61c96ba0 [fd  123] Read Persist
  0x563b61c96ee0 [fd  124] Read Persist
  0x563b61c97370 [fd  125] Read Persist
  0x563b61c97810 [fd  126] Read Persist
  0x563b61c97cb0 [fd  127] Read Persist
Active events:
20260313-150233-4248 11319 * Cleanup         (server.cc:593):    Exporting stats to /mnt/extra/experiments/2026-04-13-15-01-22/out/server-0-0-2-stats-0.json.
