20260313-145117-0275 06393 * main            (server.cc:217):    Starting server.
20260313-145117-0282 06393 * main            (server.cc:335):    Creating a default paritioner!
20260313-145118-8087 06393 * main            (server.cc:513):    Done loading server.
20260313-145141-1547 06393 * SendRequest     (client.cc:198):    Sending client request with id 1 (shardtag=34359738371 predlist_size=0)
20260313-145141-4566 06393 ! ReceiveMessage  (replica.cc:814):   [0] Ignoring stray ReplyMessage delivered to replica listener
20260313-145145-4200 06393 * SendRequest     (client.cc:198):    Sending client request with id 2 (shardtag=120259084292 predlist_size=0)
20260313-145145-7216 06393 ! ReceiveMessage  (replica.cc:814):   [0] Ignoring stray ReplyMessage delivered to replica listener
20260313-145150-0649 06393 * SendRequest     (client.cc:198):    Sending client request with id 3 (shardtag=85899345924 predlist_size=0)
20260313-145150-0751 06393 * SendRequest     (client.cc:198):    Sending client request with id 4 (shardtag=120259084294 predlist_size=0)
20260313-145150-3665 06393 ! ReceiveMessage  (replica.cc:814):   [0] Ignoring stray ReplyMessage delivered to replica listener
20260313-145150-3767 06393 ! ReceiveMessage  (replica.cc:814):   [0] Ignoring stray ReplyMessage delivered to replica listener
20260313-145153-3185 06393 * SendRequest     (client.cc:198):    Sending client request with id 5 (shardtag=17179869188 predlist_size=0)
20260313-145153-6201 06393 ! ReceiveMessage  (replica.cc:814):   [0] Ignoring stray ReplyMessage delivered to replica listener
20260313-145155-7212 06393 * SendRequest     (client.cc:198):    Sending client request with id 6 (shardtag=6 predlist_size=0)
20260313-145156-0228 06393 ! ReceiveMessage  (replica.cc:814):   [0] Ignoring stray ReplyMessage delivered to replica listener
20260313-145158-7590 06393 * SendRequest     (client.cc:198):    Sending client request with id 7 (shardtag=34359738376 predlist_size=0)
20260313-145159-0608 06393 ! ReceiveMessage  (replica.cc:814):   [0] Ignoring stray ReplyMessage delivered to replica listener
20260313-145203-4130 06393 * SendRequest     (client.cc:198):    Sending client request with id 8 (shardtag=68719476744 predlist_size=0)
20260313-145203-7146 06393 ! ReceiveMessage  (replica.cc:814):   [0] Ignoring stray ReplyMessage delivered to replica listener
20260313-145204-6296 06393 * SendRequest     (client.cc:198):    Sending client request with id 9 (shardtag=8 predlist_size=0)
20260313-145204-8328 06393 * SendRequest     (client.cc:198):    Sending client request with id 10 (shardtag=85899345925 predlist_size=0)
20260313-145204-9313 06393 ! ReceiveMessage  (replica.cc:814):   [0] Ignoring stray ReplyMessage delivered to replica listener
20260313-145205-1344 06393 ! ReceiveMessage  (replica.cc:814):   [0] Ignoring stray ReplyMessage delivered to replica listener
20260313-145206-2508 06393 * SendRequest     (client.cc:198):    Sending client request with id 11 (shardtag=85899345926 predlist_size=0)
20260313-145206-5524 06393 ! ReceiveMessage  (replica.cc:814):   [0] Ignoring stray ReplyMessage delivered to replica listener
20260313-145210-7327 06393 ! TCPIncomingEventCallback (tcptransport.cc:938): [TCP INCOMING 117] EOF, lifetime=30921.88 ms
20260313-145210-8552 06393 ! TCPIncomingEventCallback (tcptransport.cc:938): [TCP INCOMING 121] EOF, lifetime=30913.04 ms
20260313-145210-8578 06393 ! TCPIncomingEventCallback (tcptransport.cc:938): [TCP INCOMING 118] EOF, lifetime=30927.79 ms
20260313-145210-8589 06393 ! TCPIncomingEventCallback (tcptransport.cc:938): [TCP INCOMING 119] EOF, lifetime=30924.76 ms
20260313-145210-8629 06393 ! TCPIncomingEventCallback (tcptransport.cc:938): [TCP INCOMING 120] EOF, lifetime=30927.20 ms
20260313-145210-8675 06393 ! TCPIncomingEventCallback (tcptransport.cc:938): [TCP INCOMING 124] EOF, lifetime=30907.05 ms
20260313-145210-8866 06393 ! TCPIncomingEventCallback (tcptransport.cc:938): [TCP INCOMING 122] EOF, lifetime=30943.16 ms
20260313-145211-0891 06393 ! TCPIncomingEventCallback (tcptransport.cc:938): [TCP INCOMING 123] EOF, lifetime=31134.04 ms
20260313-145217-6042 06393 * Cleanup         (server.cc:589):    Gracefully exiting after signal 15.
20260313-145217-6043 06393 * Stop            (tcptransport.cc:601): [TCP SUMMARY] outgoingCreated=59 outgoingClosed=0 incomingCreated=67 incomingClosed=8 outgoingPeak=125 incomingPeak=37
Inserted events:
  0x55e3d66aa0d0 [fd  9] Read Persist Internal
  0x55e3d66b1e30 [fd  10] Read Persist
  0x55e3d66bd2e0 [fd  11] Read Persist
  0x55e3e2cfdda0 [fd  12] Read Persist
  0x55e3e2cf6580 [fd  13] Read Persist
  0x55e3e2cf6910 [fd  14] Read Persist
  0x55e3e2cf6d30 [fd  15] Read Persist
  0x55e3e2cf7150 [fd  16] Read Persist
  0x55e3e2cf7570 [fd  17] Read Persist
  0x55e3e2cfafe0 [fd  18] Read Persist
  0x55e3e2cf9420 [fd  19] Read Persist
  0x55e3e2cf0bd0 [fd  20] Read Persist
  0x55e3e2cf6140 [fd  21] Read Persist
  0x55e3e2cf9a60 [fd  22] Read Persist
  0x55e3e2cfa5c0 [fd  23] Read Persist
  0x55e3e2cefaf0 [fd  24] Read Persist
  0x55e3e2cf0090 [fd  25] Read Persist
  0x55e3e2cf0570 [fd  26] Read Persist
  0x55e3e2cee700 [fd  27] Read Persist
  0x55e3e2ceebd0 [fd  28] Read Persist
  0x55e3e2cef2c0 [fd  29] Read Persist
  0x55e3e2cf7bf0 [fd  30] Read Persist
  0x55e3e2cf81b0 [fd  31] Read Persist
  0x55e3e2cfdfc0 [fd  32] Read Persist
  0x55e3e2cfe580 [fd  33] Read Persist
  0x55e3e2cfeb10 [fd  34] Read Persist
  0x55e3e2cff0a0 [fd  35] Read Persist
  0x55e3e2cff630 [fd  36] Read Persist
  0x55e3e2cffbc0 [fd  37] Read Persist
  0x55e3e2d00150 [fd  38] Read Persist
  0x55e3e2d006e0 [fd  39] Read Persist
  0x55e3e2d00c70 [fd  40] Read Persist
  0x55e3e2d01200 [fd  41] Read Persist
  0x55e3e2d01620 [fd  42] Read Persist
  0x55e3e2d01840 [fd  43] Read Persist
  0x55e3e2d01b10 [fd  44] Read Persist
  0x55e3e2d01eb0 [fd  45] Read Persist
  0x55e3e2d02250 [fd  46] Read Persist
  0x55e3e2d025f0 [fd  47] Read Persist
  0x55e3e2d02990 [fd  48] Read Persist
  0x55e3e2d02fb0 [fd  49] Read Persist
  0x55e3e2d03350 [fd  50] Read Persist
  0x55e3e2d036f0 [fd  51] Read Persist
  0x55e3e2d03a90 [fd  52] Read Persist
  0x55e3e2d03e30 [fd  53] Read Persist
  0x55e3e2d041d0 [fd  54] Read Persist
  0x55e3e2d04570 [fd  55] Read Persist
  0x55e3e2d04940 [fd  56] Read Persist
  0x55e3e2d04d10 [fd  57] Read Persist
  0x55e3e2d050e0 [fd  58] Read Persist
  0x55e3e2d054b0 [fd  59] Read Persist
  0x55e3e2d05880 [fd  60] Read Persist
  0x55e3e2d05c50 [fd  61] Read Persist
  0x55e3e2d06050 [fd  62] Read Persist
  0x55e3e2d06450 [fd  63] Read Persist
  0x55e3e2d06850 [fd  64] Read Persist
  0x55e3d66b9980 [fd  65] Read Persist
  0x55e3e2d07060 [fd  66] Read Persist
  0x55e3e2d073a0 [fd  67] Read Persist
  0x55e3e2d076e0 [fd  68] Read Persist
  0x55e3e2d07a20 [fd  69] Read Persist
  0x55e3e2d07d60 [fd  70] Read Persist
  0x55e3e2d080a0 [fd  71] Read Persist
  0x55e3e2d08560 [fd  72] Read Persist
  0x55e3e2d08a20 [fd  73] Read Persist
  0x55e3e2d08ee0 [fd  74] Read Persist
  0x55e3e2d093a0 [fd  75] Read Persist
  0x55e3e2d09860 [fd  76] Read Persist
  0x55e3e2d09d20 [fd  77] Read Persist
  0x55e3e2d0a1e0 [fd  78] Read Persist
  0x55e3e2d0a770 [fd  79] Read Persist
  0x55e3e2d0ad00 [fd  80] Read Persist
  0x55e3e2d0b290 [fd  81] Read Persist
  0x55e3e2d0b820 [fd  82] Read Persist
  0x55e3e2d0bdb0 [fd  83] Read Persist
  0x55e3e2d0c340 [fd  84] Read Persist
  0x55e3e2d0c8d0 [fd  85] Read Persist
  0x55e3e2d0ce60 [fd  86] Read Persist
  0x55e3e2d0d3f0 [fd  87] Read Persist
  0x55e3e2d0d980 [fd  88] Read Persist
  0x55e3e2d0df10 [fd  89] Read Persist
  0x55e3e2d0e4a0 [fd  90] Read Persist
  0x55e3e2d0f4b0 [fd  91] Read Persist
  0x55e3e2d0fa40 [fd  92] Read Persist
  0x55e3e2d0ffd0 [fd  93] Read Persist
  0x55e3e2d10560 [fd  94] Read Persist
  0x55e3e2d10af0 [fd  95] Read Persist
  0x55e3e2d11080 [fd  96] Read Persist
  0x55e3e2d11610 [fd  97] Read Persist
  0x55e3e2d11ba0 [fd  98] Read Persist
  0x55e3e2d12130 [fd  99] Read Persist
  0x55e3e2d126c0 [fd  100] Read Persist
  0x55e3e2d13c20 [fd  101] Read Persist
  0x55e3e2cfced0 [fd  102] Read Persist
  0x55e3e2d133a0 [fd  103] Read Persist
  0x55e3e2d1f130 [fd  104] Read Persist
  0x55e3e2d1f520 [fd  105] Read Persist
  0x55e3e2d1f960 [fd  106] Read Persist
  0x55e3e2d1fda0 [fd  107] Read Persist
  0x55e3e2d201e0 [fd  108] Read Persist
  0x55e3e2d20990 [fd  109] Read Persist
  0x55e3e2d20bb0 [fd  110] Read Persist
  0x55e3e2d20dd0 [fd  111] Read Persist
  0x55e3e2d20ff0 [fd  112] Read Persist
  0x55e3e2d21330 [fd  113] Read Persist
  0x55e3e2d21670 [fd  114] Read Persist
  0x55e3e2d219b0 [fd  115] Read Persist
  0x55e3e2d21cf0 [fd  116] Read Persist
  0x55e3e2d22030 [fd  117] Read Persist
  0x55e3e2d22370 [fd  118] Read Persist
  0x55e3e2d226b0 [fd  119] Read Persist
  0x55e3e2d22a40 [fd  120] Read Persist
  0x55e3e2d22ec0 [fd  121] Read Persist
  0x55e3e2d23360 [fd  122] Read Persist
  0x55e3e2d23800 [fd  123] Read Persist
  0x55e3e2d23ca0 [fd  124] Read Persist
  0x55e3e2d24140 [fd  125] Read Persist
  0x55e3e2d245e0 [fd  126] Read Persist
  0x55e3e2d24a80 [fd  127] Read Persist
  0x55e3e2d430c0 [fd  136] Read Persist
  0x55e3e2d43500 [fd  137] Read Persist
Active events:
20260313-145217-6061 06393 * Cleanup         (server.cc:593):    Exporting stats to /mnt/extra/experiments/2026-04-13-14-51-08/out/server-0-0-0-stats-0.json.
