20260110-075312-8697 16635 * Client          (client.cc:73):     Initializing StrongStore client with id [27]
20260110-075312-8702 16635 * BenchmarkClient (bench_client.cc:89): starting benchclient, issueConcurrent: 0; fanout: 1
Session created: 0
last_service: , current_state: 0
Session continued: 0
last_service: , current_state: 0
Session destroyed: 18446744073709551615
last_service: , current_state: 0
20260110-075806-7973 16635 * Stop            (tcptransport.cc:606): [TCP SUMMARY] outgoingCreated=10 outgoingClosed=0 incomingCreated=0 incomingClosed=0 outgoingPeak=10 incomingPeak=0
Inserted events:
  0x132f5d0 [fd  7] Read Persist Internal
  0x132f6e0 [fd  8] Read Persist
  0x1336500 [fd  9] Read Persist
  0x134b880 [fd  10] Read Persist
  0x1354eb0 [fd  11] Read Persist
  0x1355e30 [fd  12] Read Persist
  0x13562a0 [fd  13] Read Persist
  0x1357270 [fd  14] Read Persist
  0x1358740 [fd  15] Read Persist
  0x1357ab0 [fd  16] Read Persist
  0x13596c0 [fd  17] Read Persist
  0x7fadd0000b20 [fd  -1] Persist Timeout=1770735486.820442
Active events:
20260110-075806-7977 16635 * ~BenchmarkClient (bench_client.cc:114): Stopped event loop and Joined the thread it ran on
