#start,0,0
app,1131510016,30684085845,96
user_create,1131510016,30684085845,96
app,923334144,31607473850,96
user_create,923334144,31607473850,96
app,1229090560,32836617231,96
user_create,1229090560,32836617231,96
app,992416512,33829086542,96
user_create,992416512,33829086542,96
app,1024724992,34853863954,96
user_create,1024724992,34853863954,96
app,982198784,35836115837,96
user_create,982198784,35836115837,96
app,1024720128,36860888957,96
user_create,1024720128,36860888957,96
app,1269155072,38130096435,96
user_create,1269155072,38130096435,96
app,937132544,39067281007,96
user_create,937132544,39067281007,96
app,933369856,40000703334,96
user_create,933369856,40000703334,96
app,959515392,40960271120,96
user_create,959515392,40960271120,96
app,1029789184,41990114450,96
user_create,1029789184,41990114450,96
app,924965376,42915132522,96
user_create,924965376,42915132522,96
app,888927232,43804112195,96
user_create,888927232,43804112195,96
app,968647424,44772815942,96
user_create,968647424,44772815942,96
app,1024581376,45797450542,96
user_create,1024581376,45797450542,96
app,811555072,46609060287,96
user_create,811555072,46609060287,96
app,1025210368,47634323120,96
user_create,1025210368,47634323120,96
app,853652992,48488030195,96
user_create,853652992,48488030195,96
app,930019584,49418102979,96
user_create,930019584,49418102979,96
app,937965056,50356120109,96
user_create,937965056,50356120109,96
app,886455296,51242628097,96
user_create,886455296,51242628097,96
app,859693056,52102374076,96
user_create,859693056,52102374076,96
app,678074112,52780501365,96
user_create,678074112,52780501365,96
app,684353280,53464905977,96
user_create,684353280,53464905977,96
app,1024539392,54489498615,96
user_create,1024539392,54489498615,96
app,1111883008,55601433992,96
user_create,1111883008,55601433992,96
app,1006936064,56608447790,96
user_create,1006936064,56608447790,96
app,1025900032,57634401559,96
user_create,1025900032,57634401559,96
app,949671424,58584130525,96
user_create,949671424,58584130525,96
app,885080832,59469264268,96
user_create,885080832,59469264268,96
app,1023072768,60492390632,96
user_create,1023072768,60492390632,96
app,896898560,61389343261,96
user_create,896898560,61389343261,96
app,1195212288,62584609270,96
user_create,1195212288,62584609270,96
app,1173917952,63758579492,96
user_create,1173917952,63758579492,96
app,764877568,64523509502,96
user_create,764877568,64523509502,96
app,854076672,65377638578,96
user_create,854076672,65377638578,96
app,716605184,66094295978,96
user_create,716605184,66094295978,96
app,949491456,67043840646,96
user_create,949491456,67043840646,96
app,1024874752,68068781614,96
user_create,1024874752,68068781614,96
app,855021312,68923857450,96
user_create,855021312,68923857450,96
app,746735360,69670647144,96
user_create,746735360,69670647144,96
app,1028024576,70698724031,96
user_create,1028024576,70698724031,96
app,1047172608,71745949506,96
user_create,1047172608,71745949506,96
app,863613952,72609617710,96
user_create,863613952,72609617710,96
app,1101683200,73711352825,96
user_create,1101683200,73711352825,96
app,1180904448,74892346858,96
user_create,1180904448,74892346858,96
app,1032518144,75924917221,96
user_create,1032518144,75924917221,96
app,719605760,76644575357,96
user_create,719605760,76644575357,96
app,882157824,77526786088,96
user_create,882157824,77526786088,96
app,1127912192,78654751300,96
user_create,1127912192,78654751300,96
app,1037067520,79691870689,96
user_create,1037067520,79691870689,96
app,1024590592,80716513872,96
user_create,1024590592,80716513872,96
app,1031098624,81747665643,96
user_create,1031098624,81747665643,96
app,859275520,82607012033,96
user_create,859275520,82607012033,96
app,862156544,83469234466,96
user_create,862156544,83469234466,96
app,853891840,84323179006,96
user_create,853891840,84323179006,96
app,1053124352,85376357316,96
user_create,1053124352,85376357316,96
app,841597696,86218008756,96
user_create,841597696,86218008756,96
app,864547072,87082610368,96
user_create,864547072,87082610368,96
app,887459584,87970123529,96
user_create,887459584,87970123529,96
app,802699776,88772876739,96
user_create,802699776,88772876739,96
app,884906496,89657835721,96
user_create,884906496,89657835721,96
app,1100527360,90758417129,96
user_create,1100527360,90758417129,96
app,1004502016,91762973070,96
user_create,1004502016,91762973070,96
app,869080064,92632105350,96
user_create,869080064,92632105350,96
app,955111168,93587267875,96
user_create,955111168,93587267875,96
app,918867200,94506187915,96
user_create,918867200,94506187915,96
app,805962496,95312202930,96
user_create,805962496,95312202930,96
app,1356008704,96668263196,96
user_create,1356008704,96668263196,96
app,964932096,97633247852,96
user_create,964932096,97633247852,96
app,1024994560,98658295392,96
user_create,1024994560,98658295392,96
app,806476032,99464824914,96
user_create,806476032,99464824914,96
app,859128832,100324007511,96
user_create,859128832,100324007511,96
app,1031034880,101355095386,96
user_create,1031034880,101355095386,96
app,1031036928,102386183977,96
user_create,1031036928,102386183977,96
app,856834816,103243071317,96
user_create,856834816,103243071317,96
app,1026408704,104269531726,96
user_create,1026408704,104269531726,96
app,840189696,105109773635,96
user_create,840189696,105109773635,96
app,858710528,105968535900,96
user_create,858710528,105968535900,96
app,716646912,106685235261,96
user_create,716646912,106685235261,96
app,911496192,107596783638,96
user_create,911496192,107596783638,96
app,1025456128,108622292280,96
user_create,1025456128,108622292280,96
app,757235968,109379581212,96
user_create,757235968,109379581212,96
app,841576192,110221210002,96
user_create,841576192,110221210002,96
app,1119582208,111340844392,96
user_create,1119582208,111340844392,96
app,968088320,112308985471,96
user_create,968088320,112308985471,96
app,1146882816,113455920457,96
user_create,1146882816,113455920457,96
app,858834944,114314808845,96
user_create,858834944,114314808845,96
app,1601071104,115915951967,96
user_create,1601071104,115915951967,96
app,764198656,116680205106,96
user_create,764198656,116680205106,96
app,1083629824,117763887643,96
user_create,1083629824,117763887643,96
app,891703552,118655645608,96
user_create,891703552,118655645608,96
app,835283456,119490980863,96
user_create,835283456,119490980863,96
app,1006136064,120497169733,96
user_create,1006136064,120497169733,96
app,854674432,121351896047,96
user_create,854674432,121351896047,96
app,810382080,122162330389,96
user_create,810382080,122162330389,96
app,747641344,122910023212,96
user_create,747641344,122910023212,96
app,864723456,123774799108,96
user_create,864723456,123774799108,96
app,864932608,124639783620,96
user_create,864932608,124639783620,96
app,885504512,125525340318,96
user_create,885504512,125525340318,96
app,1054403328,126579796791,96
user_create,1054403328,126579796791,96
app,783393792,127363244056,96
user_create,783393792,127363244056,96
app,734984448,128098282575,96
user_create,734984448,128098282575,96
app,1024819968,129123156070,96
user_create,1024819968,129123156070,96
app,1313573888,130436784267,96
user_create,1313573888,130436784267,96
app,853986816,131290823936,96
user_create,853986816,131290823936,96
app,1100401408,132391282320,96
user_create,1100401408,132391282320,96
app,1231917824,133623256206,96
user_create,1231917824,133623256206,96
app,766496512,134389805078,96
user_create,766496512,134389805078,96
app,845083648,135234941244,96
user_create,845083648,135234941244,96
app,1132214784,136367208003,96
user_create,1132214784,136367208003,96
app,1471344896,137838605403,96
user_create,1471344896,137838605403,96
app,1022702848,138861360788,96
user_create,1022702848,138861360788,96
app,1146447104,140007858753,96
user_create,1146447104,140007858753,96
app,882394880,140890305757,96
user_create,882394880,140890305757,96
app,1112548864,142002907276,96
user_create,1112548864,142002907276,96
app,1100330496,143103290796,96
user_create,1100330496,143103290796,96
app,759245056,143862591028,96
user_create,759245056,143862591028,96
app,867829760,144730494737,96
user_create,867829760,144730494737,96
app,1101022208,145831572294,96
user_create,1101022208,145831572294,96
app,1100138240,146931764364,96
user_create,1100138240,146931764364,96
app,883922432,147815739393,96
user_create,883922432,147815739393,96
app,1320649984,149136442661,96
user_create,1320649984,149136442661,96
app,964848896,150101344585,96
user_create,964848896,150101344585,96
app,1068429312,151169826269,96
user_create,1068429312,151169826269,96
app,957307648,152127186775,96
user_create,957307648,152127186775,96
app,857464832,152984704494,96
user_create,857464832,152984704494,96
app,1118845184,154103601932,96
user_create,1118845184,154103601932,96
app,699703552,154803361415,96
user_create,699703552,154803361415,96
app,964996352,155768443822,96
user_create,964996352,155768443822,96
app,1100137472,156868633508,96
user_create,1100137472,156868633508,96
app,908416000,157777103424,96
user_create,908416000,157777103424,96
app,755595776,158532751083,96
user_create,755595776,158532751083,96
app,1102677760,159635481119,96
user_create,1102677760,159635481119,96
app,864166656,160499701261,96
user_create,864166656,160499701261,96
app,883124736,161382879257,96
user_create,883124736,161382879257,96
app,819312128,162202245235,96
user_create,819312128,162202245235,96
app,878804480,163081102609,96
user_create,878804480,163081102609,96
app,891345152,163972513437,96
user_create,891345152,163972513437,96
app,854535424,164827102661,96
user_create,854535424,164827102661,96
app,900414464,165727569818,96
user_create,900414464,165727569818,96
app,678885632,166406509160,96
user_create,678885632,166406509160,96
app,963678720,167370240449,96
user_create,963678720,167370240449,96
app,1030033664,168400326013,96
user_create,1030033664,168400326013,96
app,814957312,169215335845,96
user_create,814957312,169215335845,96
app,952676352,170168096065,96
user_create,952676352,170168096065,96
app,954862080,171123009920,96
user_create,954862080,171123009920,96
app,996857600,172119919538,96
user_create,996857600,172119919538,96
app,1243476992,173363448619,96
user_create,1243476992,173363448619,96
app,875692288,174239199399,96
user_create,875692288,174239199399,96
app,720377344,174959629535,96
user_create,720377344,174959629535,96
app,1043002112,176002684593,96
user_create,1043002112,176002684593,96
app,907631104,176910368442,96
user_create,907631104,176910368442,96
app,885710080,177796135425,96
user_create,885710080,177796135425,96
app,684561920,178480754852,96
user_create,684561920,178480754852,96
app,710966784,179191775083,96
user_create,710966784,179191775083,96
app,902110208,180093937635,96
user_create,902110208,180093937635,96
app,995949568,181089939832,96
user_create,995949568,181089939832,96
app,766056960,181856048822,96
user_create,766056960,181856048822,96
app,1185174016,183041275501,96
user_create,1185174016,183041275501,96
app,942824192,183984153032,96
user_create,942824192,183984153032,96
app,1055529472,185039736509,96
user_create,1055529472,185039736509,96
app,1116068352,186155864715,96
user_create,1116068352,186155864715,96
app,1130079744,187286006212,96
user_create,1130079744,187286006212,96
app,966211328,188252274513,96
user_create,966211328,188252274513,96
app,1031104256,189283437728,96
user_create,1031104256,189283437728,96
app,930302208,190213794708,96
user_create,930302208,190213794708,96
app,892118784,191105971574,96
user_create,892118784,191105971574,96
app,1086199040,192192224025,96
user_create,1086199040,192192224025,96
app,794612736,192986896038,96
user_create,794612736,192986896038,96
app,1046138880,194033087730,96
user_create,1046138880,194033087730,96
app,872990720,194906133651,96
user_create,872990720,194906133651,96
app,1025698048,195931884050,96
user_create,1025698048,195931884050,96
app,757703936,196689641714,96
user_create,757703936,196689641714,96
app,1149337344,197839031219,96
user_create,1149337344,197839031219,96
app,1067398400,198906481981,96
user_create,1067398400,198906481981,96
app,1100635648,200007170438,96
user_create,1100635648,200007170438,96
app,1024585728,201031808376,96
user_create,1024585728,201031808376,96
app,780502784,201812363624,96
user_create,780502784,201812363624,96
app,971320832,202783737182,96
user_create,971320832,202783737182,96
app,1097552640,203881345033,96
user_create,1097552640,203881345033,96
app,791967488,204673367261,96
user_create,791967488,204673367261,96
app,962102272,205635522365,96
user_create,962102272,205635522365,96
app,1024802048,206660377740,96
user_create,1024802048,206660377740,96
app,1441154560,208101585865,96
user_create,1441154560,208101585865,96
app,834475520,208936113595,96
user_create,834475520,208936113595,96
app,1030366208,209966531991,96
user_create,1030366208,209966531991,96
app,1255971072,211222568750,96
user_create,1255971072,211222568750,96
app,1061910016,212284545421,96
user_create,1061910016,212284545421,96
app,875471616,213160070657,96
user_create,875471616,213160070657,96
app,1099105024,214259228467,96
user_create,1099105024,214259228467,96
app,883872000,215143152952,96
user_create,883872000,215143152952,96
app,1131523072,216274728775,96
user_create,1131523072,216274728775,96
app,901595648,217176376819,96
user_create,901595648,217176376819,96
app,1234118144,218410547733,96
user_create,1234118144,218410547733,96
app,1493756416,219904356718,96
user_create,1493756416,219904356718,96
app,840825088,220745234489,96
user_create,840825088,220745234489,96
app,888886784,221634173870,96
user_create,888886784,221634173870,96
app,1101148416,222735374450,96
user_create,1101148416,222735374450,96
app,848503808,223583973646,96
user_create,848503808,223583973646,96
app,1001188864,224585218667,96
user_create,1001188864,224585218667,96
app,849454336,225434726476,96
user_create,849454336,225434726476,96
app,865707776,226300487041,96
user_create,865707776,226300487041,96
app,887281920,227187822580,96
user_create,887281920,227187822580,96
app,1025684480,228213560581,96
user_create,1025684480,228213560581,96
app,834696192,229048309326,96
user_create,834696192,229048309326,96
app,865195776,229913557767,96
user_create,865195776,229913557767,96
app,1000849920,230914460659,96
user_create,1000849920,230914460659,96
app,830676992,231745190382,96
user_create,830676992,231745190382,96
app,913804288,232659047842,96
user_create,913804288,232659047842,96
app,871227648,233530329942,96
user_create,871227648,233530329942,96
app,1330319104,234860704898,96
user_create,1330319104,234860704898,96
app,1100590592,235961347579,96
user_create,1100590592,235961347579,96
app,1101103616,237062504529,96
user_create,1101103616,237062504529,96
app,927394560,237989952564,96
user_create,927394560,237989952564,96
app,967745792,238957750797,96
user_create,967745792,238957750797,96
app,870633472,239828437566,96
user_create,870633472,239828437566,96
app,874382848,240702873229,96
user_create,874382848,240702873229,96
app,1331989248,242034916162,96
user_create,1331989248,242034916162,96
app,1052244480,243087214231,96
user_create,1052244480,243087214231,96
app,909824000,243997090578,96
user_create,909824000,243997090578,96
app,954301184,244951444864,96
user_create,954301184,244951444864,96
app,756975616,245708475112,96
user_create,756975616,245708475112,96
#end,245,708483,96
