20250302-192449-8698 31262 * main            (server.cc:208):    Starting server.
20250302-192502-1728 31262 * main            (server.cc:464):    Done loading server.
20250302-192502-4180 31262 * HandleRequestStateTransfer (replica.cc:832):   [1] Sending state transfer from <0,0> to <0,777>
20250302-192502-4207 31262 * HandleRequestStateTransfer (replica.cc:832):   [1] Sending state transfer from <0,0> to <0,777>
20250302-192502-4232 31262 * HandleRequestStateTransfer (replica.cc:832):   [1] Sending state transfer from <0,0> to <0,777>
20250302-192502-4256 31262 * HandleRequestStateTransfer (replica.cc:832):   [1] Sending state transfer from <0,0> to <0,777>
20250302-192502-4281 31262 * HandleRequestStateTransfer (replica.cc:832):   [1] Sending state transfer from <0,0> to <0,777>
20250302-192502-4295 31262 * HandleRequestStateTransfer (replica.cc:832):   [1] Sending state transfer from <0,0> to <0,777>
20250302-192502-4304 31262 * HandleRequestStateTransfer (replica.cc:832):   [1] Sending state transfer from <0,0> to <0,777>
20250302-192502-4314 31262 * HandleRequestStateTransfer (replica.cc:832):   [1] Sending state transfer from <0,0> to <0,777>
20250302-192502-4322 31262 * HandleRequestStateTransfer (replica.cc:832):   [1] Sending state transfer from <0,0> to <0,777>
20250302-192502-4331 31262 * HandleRequestStateTransfer (replica.cc:832):   [1] Sending state transfer from <0,0> to <0,777>
20250302-192502-4340 31262 * HandleRequestStateTransfer (replica.cc:832):   [1] Sending state transfer from <0,0> to <0,777>
20250302-192502-4349 31262 * HandleRequestStateTransfer (replica.cc:832):   [1] Sending state transfer from <0,0> to <0,777>
20250302-192502-4358 31262 * HandleRequestStateTransfer (replica.cc:832):   [1] Sending state transfer from <0,0> to <0,777>
20250302-192502-4383 31262 * HandleRequestStateTransfer (replica.cc:832):   [1] Sending state transfer from <0,0> to <0,777>
20250302-192502-4411 31262 * HandleRequestStateTransfer (replica.cc:832):   [1] Sending state transfer from <0,0> to <0,777>
20250302-192502-4438 31262 * HandleRequestStateTransfer (replica.cc:832):   [1] Sending state transfer from <0,0> to <0,777>
20250302-192502-4465 31262 * HandleRequestStateTransfer (replica.cc:832):   [1] Sending state transfer from <0,0> to <0,777>
20250302-192502-4493 31262 * HandleRequestStateTransfer (replica.cc:832):   [1] Sending state transfer from <0,0> to <0,777>
20250302-192544-2609 31262 * Cleanup         (server.cc:523):    Gracefully exiting after signal 15.
Inserted events:
  0x564c1ec76f20 [fd  9] Read Persist Internal
  0x564c1ec74420 [fd  10] Read Persist
  0x564c1ec76a20 [fd  11] Read Persist
  0x564c749d3dd0 [fd  12] Read Persist
  0x564c749e4700 [fd  13] Read Persist
  0x564c749d5680 [fd  14] Read Persist
  0x564c749e8870 [fd  15] Read Persist
  0x564c749d3d10 [fd  -1] Timeout=1743643549.017255
Active events:
20250302-192544-2612 31262 * Cleanup         (server.cc:527):    Exporting stats to /mnt/extra/experiments/2025-04-02-19-24-47/out/server-0-0-1-stats-0.json.
