20260313-064003-7752 09620 * main            (server.cc:217):    Starting server.
20260313-064003-7765 09620 * main            (server.cc:335):    Creating a default paritioner!
20260313-064005-5522 09620 * main            (server.cc:513):    Done loading server.
20260313-064104-9940 09620 ! TCPIncomingEventCallback (tcptransport.cc:942): [TCP INCOMING 117] EOF, lifetime=39169.36 ms
20260313-064105-1089 09620 ! TCPIncomingEventCallback (tcptransport.cc:942): [TCP INCOMING 118] EOF, lifetime=39172.59 ms
20260313-064105-1112 09620 ! TCPIncomingEventCallback (tcptransport.cc:942): [TCP INCOMING 119] EOF, lifetime=39166.26 ms
20260313-064105-1171 09620 ! TCPIncomingEventCallback (tcptransport.cc:942): [TCP INCOMING 121] EOF, lifetime=39160.40 ms
20260313-064105-1218 09620 ! TCPIncomingEventCallback (tcptransport.cc:942): [TCP INCOMING 122] EOF, lifetime=39163.74 ms
20260313-064105-1231 09620 ! TCPIncomingEventCallback (tcptransport.cc:942): [TCP INCOMING 120] EOF, lifetime=39168.10 ms
20260313-064105-1384 09620 ! TCPIncomingEventCallback (tcptransport.cc:942): [TCP INCOMING 123] EOF, lifetime=39169.74 ms
20260313-064105-1532 09620 ! TCPIncomingEventCallback (tcptransport.cc:942): [TCP INCOMING 126] EOF, lifetime=39172.61 ms
20260313-064111-6641 09620 * Cleanup         (server.cc:589):    Gracefully exiting after signal 15.
20260313-064111-6642 09620 * Stop            (tcptransport.cc:605): [TCP SUMMARY] outgoingCreated=59 outgoingClosed=0 incomingCreated=67 incomingClosed=8 outgoingPeak=124 incomingPeak=37
Inserted events:
  0x55906d3f0d00 [fd  9] Read Persist Internal
  0x55906d3f8a60 [fd  10] Read Persist
  0x55906d403cd0 [fd  11] Read Persist
  0x559075d4bd20 [fd  12] Read Persist
  0x559075d48b50 [fd  13] Read Persist
  0x559075d4cbf0 [fd  14] Read Persist
  0x559075d420b0 [fd  15] Read Persist
  0x559075d42410 [fd  16] Read Persist
  0x559075d40ee0 [fd  17] Read Persist
  0x559075d41320 [fd  18] Read Persist
  0x559075d41760 [fd  19] Read Persist
  0x559075d5b360 [fd  20] Read Persist
  0x559075d5b580 [fd  21] Read Persist
  0x559075d5b8c0 [fd  22] Read Persist
  0x559075d5bc00 [fd  23] Read Persist
  0x559075d5bf40 [fd  24] Read Persist
  0x559075d5c280 [fd  25] Read Persist
  0x559075d5c5c0 [fd  26] Read Persist
  0x559075d5c900 [fd  27] Read Persist
  0x559075d5cc40 [fd  28] Read Persist
  0x559075d5d0b0 [fd  29] Read Persist
  0x559075d5d3f0 [fd  30] Read Persist
  0x559075d5d830 [fd  31] Read Persist
  0x559075d5dcf0 [fd  32] Read Persist
  0x559075d5e3c0 [fd  33] Read Persist
  0x559075d5e950 [fd  34] Read Persist
  0x559075d5eee0 [fd  35] Read Persist
  0x559075d5f470 [fd  36] Read Persist
  0x559075d5fa00 [fd  37] Read Persist
  0x559075d5ff90 [fd  38] Read Persist
  0x559075d60520 [fd  39] Read Persist
  0x559075d60ab0 [fd  40] Read Persist
  0x559075d61040 [fd  41] Read Persist
  0x559075d615d0 [fd  42] Read Persist
  0x559075d61b60 [fd  43] Read Persist
  0x559075d620f0 [fd  44] Read Persist
  0x559075d62680 [fd  45] Read Persist
  0x559075d62c10 [fd  46] Read Persist
  0x559075d631a0 [fd  47] Read Persist
  0x559075d63730 [fd  48] Read Persist
  0x559075d63f40 [fd  49] Read Persist
  0x559075d644d0 [fd  50] Read Persist
  0x559075d64a60 [fd  51] Read Persist
  0x559075d64ff0 [fd  52] Read Persist
  0x559075d65580 [fd  53] Read Persist
  0x559075d65b10 [fd  54] Read Persist
  0x559075d660a0 [fd  55] Read Persist
  0x559075d66630 [fd  56] Read Persist
  0x559075d66bc0 [fd  57] Read Persist
  0x559075d66fe0 [fd  58] Read Persist
  0x559075d67200 [fd  59] Read Persist
  0x559075d674b0 [fd  60] Read Persist
  0x559075d67850 [fd  61] Read Persist
  0x559075d67bf0 [fd  62] Read Persist
  0x559075d67f90 [fd  63] Read Persist
  0x559075d68330 [fd  64] Read Persist
  0x55906d3ffec0 [fd  65] Read Persist
  0x55906d3feb50 [fd  66] Read Persist
  0x55906d400620 [fd  67] Read Persist
  0x559075d68670 [fd  68] Read Persist
  0x559075d688e0 [fd  69] Read Persist
  0x559075d68d20 [fd  70] Read Persist
  0x559075d69190 [fd  71] Read Persist
  0x559075d69660 [fd  72] Read Persist
  0x559075d69b50 [fd  73] Read Persist
  0x559075d69ff0 [fd  74] Read Persist
  0x559075d6a490 [fd  75] Read Persist
  0x559075d6a930 [fd  76] Read Persist
  0x559075d6add0 [fd  77] Read Persist
  0x559075d6b270 [fd  78] Read Persist
  0x559075d6b710 [fd  79] Read Persist
  0x559075d6bbb0 [fd  80] Read Persist
  0x559075d6c050 [fd  81] Read Persist
  0x559075d6c4f0 [fd  82] Read Persist
  0x559075d6c990 [fd  83] Read Persist
  0x559075d6ce30 [fd  84] Read Persist
  0x559075d6d2d0 [fd  85] Read Persist
  0x559075d6d770 [fd  86] Read Persist
  0x559075d6dcc0 [fd  87] Read Persist
  0x559075d6e180 [fd  88] Read Persist
  0x559075d6e640 [fd  89] Read Persist
  0x559075d6eb00 [fd  90] Read Persist
  0x559075d6fa40 [fd  91] Read Persist
  0x559075d6ff00 [fd  92] Read Persist
  0x559075d703c0 [fd  93] Read Persist
  0x559075d70950 [fd  94] Read Persist
  0x559075d70ee0 [fd  95] Read Persist
  0x559075d71470 [fd  96] Read Persist
  0x559075d71a00 [fd  97] Read Persist
  0x559075d71f90 [fd  98] Read Persist
  0x559075d72520 [fd  99] Read Persist
  0x559075d72ab0 [fd  100] Read Persist
  0x559075d73040 [fd  101] Read Persist
  0x559075d73630 [fd  102] Read Persist
  0x559075d73bc0 [fd  103] Read Persist
  0x559075d74150 [fd  104] Read Persist
  0x559075d746e0 [fd  105] Read Persist
  0x559075d74c70 [fd  106] Read Persist
  0x559075d75200 [fd  107] Read Persist
  0x559075d75790 [fd  108] Read Persist
  0x559075d75d20 [fd  109] Read Persist
  0x559075d762b0 [fd  110] Read Persist
  0x559075d76840 [fd  111] Read Persist
  0x559075d76dd0 [fd  112] Read Persist
  0x559075d77360 [fd  113] Read Persist
  0x559075d77780 [fd  114] Read Persist
  0x559075d779a0 [fd  115] Read Persist
  0x559075d77bc0 [fd  116] Read Persist
  0x559075d77f60 [fd  117] Read Persist
  0x559075d78300 [fd  118] Read Persist
  0x559075d786a0 [fd  119] Read Persist
  0x559075d78a40 [fd  120] Read Persist
  0x559075d78de0 [fd  121] Read Persist
  0x559075d79180 [fd  122] Read Persist
  0x559075d79520 [fd  123] Read Persist
  0x559075d798c0 [fd  124] Read Persist
  0x559075d79c60 [fd  125] Read Persist
  0x559075d7a000 [fd  126] Read Persist
  0x559075d7a3a0 [fd  127] Read Persist
  0x559075d96a30 [fd  135] Read Persist
  0x559075d96c50 [fd  136] Read Persist
  0x559075d7a9e0 [fd  -1] Timeout=1776084071.980526
Active events:
20260313-064111-6664 09620 * Cleanup         (server.cc:593):    Exporting stats to /mnt/extra/experiments/2026-04-13-06-39-55/out/server-0-5-0-stats-0.json.
