20260217-120322-1471 33712 * main            (benchmark.cc:402): Starting benchmark.
20260217-120323-3287 33712 * main            (benchmark.cc:621): Creating a default paritioner!
20260217-120323-3289 33712 * Client          (client.cc:77):     Initializing StrongStore client with id [2]
20260217-120323-3290 33712 * BenchmarkClient (bench_client.cc:81): starting benchclient, issueConcurrent: 0; fanout: 1
Session created: 0
last_service: , current_state: 0
Session continued: 0
last_service: , current_state: 0
Session destroyed: 18446744073709551615
last_service: , current_state: 0
20260217-120328-4792 33712 * WarmupDone      (bench_client.cc:739): Completed warmup period of 5 seconds with 4092 requests
20260217-120359-4795 33712 * Finish          (bench_client.cc:933): Completed 25926 requests in 31.000351 seconds
20260217-120359-4795 33712 * Finish          (bench_client.cc:934): 1 outstanding transactions.
Session continued: 0
last_service: , current_state: 0
Session destroyed: 18446744073709551615
last_service: , current_state: 0
Session continued: 0
last_service: , current_state: 0
Session destroyed: 18446744073709551615
last_service: , current_state: 0
Session destroyed: 0
last_service: , current_state: 0
20260217-120402-4795 33712 * FlushStats      (benchmark.cc:890): Flushing stats to /mnt/extra/experiments/2026-03-17-12-02-58/out/client-0-0-2-stats-0.json.
20260217-120402-4797 33712 * FlushStats      (benchmark.cc:902): All done!
20260217-120404-4798 33712 * Cleanup         (bench_client.cc:761): Aborting 0 outstanding transactions.
20260217-120404-4798 33712 * CooldownDone    (bench_client.cc:791): Finished cooldown period.
20260217-120404-4955 33712 * CooldownDone    (bench_client.cc:798): Median latency is 1169405 ns (1169 us)
20260217-120404-5049 33712 * CooldownDone    (bench_client.cc:807): Average latency is 1158426 ns (1158 us)
20260217-120404-5049 33712 * CooldownDone    (bench_client.cc:811): 90th percentile latency is 1389304 ns (1389 us)
20260217-120404-5049 33712 * CooldownDone    (bench_client.cc:815): 95th percentile latency is 1443230 ns (1443 us)
20260217-120404-5049 33712 * CooldownDone    (bench_client.cc:819): 99th percentile latency is 1579456 ns (1579 us)
20260217-120404-5050 33712 * LATENCY total: 471 us 1158 us/1048 us 7117 us (25927 samples, 30 s total)
20260217-120404-5050 33712 *     262 us |          1 | 
20260217-120404-5050 33712 *     524 us |       7194 | ===================
20260217-120404-5050 33712 *    1048 us |      18721 | ==================================================
20260217-120404-5050 33712 *    2097 us |          1 | 
20260217-120404-5050 33712 *    4194 us |         10 | 
20260217-120404-5563 33712 * Stop            (tcptransport.cc:581): [TCP SUMMARY] outgoingCreated=1 outgoingClosed=0 incomingCreated=0 incomingClosed=0 outgoingPeak=1 incomingPeak=0
Inserted events:
  0x55d621f10f60 [fd  7] Read Persist Internal
  0x55d621f27510 [fd  9] Read Persist
Active events:
20260217-120404-5564 33712 * main            (benchmark.cc:849): Cleaning up after experiment.
20260217-120404-5564 33712 * FlushStats      (benchmark.cc:890): Flushing stats to /mnt/extra/experiments/2026-03-17-12-02-58/out/client-0-0-2-stats-0.json.
20260217-120404-5566 33712 * FlushStats      (benchmark.cc:902): All done!
