20260217-120322-1593 33759 * main            (benchmark.cc:402): Starting benchmark.
20260217-120323-3375 33759 * main            (benchmark.cc:621): Creating a default paritioner!
20260217-120323-3377 33759 * Client          (client.cc:77):     Initializing StrongStore client with id [25]
20260217-120323-3378 33759 * BenchmarkClient (bench_client.cc:81): starting benchclient, issueConcurrent: 0; fanout: 1
Session created: 0
last_service: , current_state: 0
Session continued: 0
last_service: , current_state: 0
Session destroyed: 18446744073709551615
last_service: , current_state: 0
20260217-120328-4774 33759 * WarmupDone      (bench_client.cc:739): Completed warmup period of 5 seconds with 3952 requests
20260217-120359-4777 33759 * Finish          (bench_client.cc:933): Completed 25010 requests in 31.000626 seconds
20260217-120359-4778 33759 * Finish          (bench_client.cc:934): 1 outstanding transactions.
Session continued: 0
last_service: , current_state: 0
Session destroyed: 18446744073709551615
last_service: , current_state: 0
Session continued: 0
last_service: , current_state: 0
Session destroyed: 18446744073709551615
last_service: , current_state: 0
Session destroyed: 0
last_service: , current_state: 0
20260217-120402-4776 33759 * FlushStats      (benchmark.cc:890): Flushing stats to /mnt/extra/experiments/2026-03-17-12-02-58/out/client-0-0-25-stats-0.json.
20260217-120402-4777 33759 * FlushStats      (benchmark.cc:902): All done!
20260217-120404-4779 33759 * Cleanup         (bench_client.cc:761): Aborting 0 outstanding transactions.
20260217-120404-4780 33759 * CooldownDone    (bench_client.cc:791): Finished cooldown period.
20260217-120404-4909 33759 * CooldownDone    (bench_client.cc:798): Median latency is 1205091 ns (1205 us)
20260217-120404-4912 33759 * CooldownDone    (bench_client.cc:807): Average latency is 1198145 ns (1198 us)
20260217-120404-4913 33759 * CooldownDone    (bench_client.cc:811): 90th percentile latency is 1423624 ns (1423 us)
20260217-120404-4913 33759 * CooldownDone    (bench_client.cc:815): 95th percentile latency is 1502206 ns (1502 us)
20260217-120404-4913 33759 * CooldownDone    (bench_client.cc:819): 99th percentile latency is 1630593 ns (1630 us)
20260217-120404-4913 33759 * LATENCY total: 489 us 1198 us/1048 us 7226 us (25011 samples, 29 s total)
20260217-120404-4914 33759 *     262 us |          3 | 
20260217-120404-4914 33759 *     524 us |       5160 | =============
20260217-120404-4914 33759 *    1048 us |      19834 | ==================================================
20260217-120404-4914 33759 *    2097 us |          3 | 
20260217-120404-4914 33759 *    4194 us |         11 | 
20260217-120404-5036 33759 * Stop            (tcptransport.cc:581): [TCP SUMMARY] outgoingCreated=1 outgoingClosed=0 incomingCreated=0 incomingClosed=0 outgoingPeak=1 incomingPeak=0
Inserted events:
  0x560487243f60 [fd  7] Read Persist Internal
  0x56048725a510 [fd  9] Read Persist
Active events:
20260217-120404-5036 33759 * main            (benchmark.cc:849): Cleaning up after experiment.
20260217-120404-5036 33759 * FlushStats      (benchmark.cc:890): Flushing stats to /mnt/extra/experiments/2026-03-17-12-02-58/out/client-0-0-25-stats-0.json.
20260217-120404-5038 33759 * FlushStats      (benchmark.cc:902): All done!
