20260216-154433-0951 21658 * main            (benchmark.cc:402): Starting benchmark.
20260216-154437-7899 21658 * main            (benchmark.cc:621): Creating a default paritioner!
20260216-154437-7901 21658 * Client          (client.cc:75):     Initializing StrongStore client with id [120]
20260216-154437-7902 21658 * BenchmarkClient (bench_client.cc:81): starting benchclient, issueConcurrent: 0; fanout: 1
Session created: 0
last_service: , current_state: 0
Session continued: 0
last_service: , current_state: 0
Session destroyed: 18446744073709551615
last_service: , current_state: 0
20260216-154443-1904 21658 * WarmupDone      (bench_client.cc:726): Completed warmup period of 5 seconds with 1005 requests
20260216-154514-1911 21658 * Finish          (bench_client.cc:920): Completed 6196 requests in 31.001473 seconds
20260216-154514-1912 21658 * Finish          (bench_client.cc:921): 1 outstanding transactions.
Session continued: 0
last_service: , current_state: 0
Session destroyed: 18446744073709551615
last_service: , current_state: 0
Session continued: 0
last_service: , current_state: 0
Session destroyed: 18446744073709551615
last_service: , current_state: 0
Session destroyed: 0
last_service: , current_state: 0
20260216-154517-1906 21658 * FlushStats      (benchmark.cc:890): Flushing stats to /mnt/extra/experiments/2026-03-16-15-44-09/out/client-0-0-120-stats-0.json.
20260216-154517-1907 21658 * FlushStats      (benchmark.cc:902): All done!
20260216-154519-1994 21658 * Cleanup         (bench_client.cc:748): Aborting 0 outstanding transactions.
20260216-154519-1994 21658 * CooldownDone    (bench_client.cc:778): Finished cooldown period.
20260216-154519-2013 21658 * CooldownDone    (bench_client.cc:785): Median latency is 4895548 ns (4895 us)
20260216-154519-2014 21658 * CooldownDone    (bench_client.cc:794): Average latency is 4950899 ns (4950 us)
20260216-154519-2014 21658 * CooldownDone    (bench_client.cc:798): 90th percentile latency is 5241696 ns (5241 us)
20260216-154519-2014 21658 * CooldownDone    (bench_client.cc:802): 95th percentile latency is 5404220 ns (5404 us)
20260216-154519-2014 21658 * CooldownDone    (bench_client.cc:806): 99th percentile latency is 5844829 ns (5844 us)
20260216-154519-2015 21658 * LATENCY total: 2077 us 4950 us/4194 us 146 ms (6197 samples, 30 s total)
20260216-154519-2015 21658 *    1048 us |          1 | 
20260216-154519-2015 21658 *    2097 us |        113 | 
20260216-154519-2015 21658 *    4194 us |       6078 | ==================================================
20260216-154519-2015 21658 *    8388 us |          2 | 
20260216-154519-2015 21658 *      16 ms |          1 | 
20260216-154519-2015 21658 *      33 ms |          0 |
20260216-154519-2016 21658 *      67 ms |          1 | 
20260216-154519-2016 21658 *     134 ms |          1 | 
20260216-154519-3280 21658 * Stop            (tcptransport.cc:581): [TCP SUMMARY] outgoingCreated=1 outgoingClosed=0 incomingCreated=0 incomingClosed=0 outgoingPeak=1 incomingPeak=0
Inserted events:
  0x55c7c8fc4f60 [fd  7] Read Persist Internal
  0x55c7c8fdb510 [fd  9] Read Persist
Active events:
20260216-154519-3281 21658 * main            (benchmark.cc:849): Cleaning up after experiment.
20260216-154519-3281 21658 * FlushStats      (benchmark.cc:890): Flushing stats to /mnt/extra/experiments/2026-03-16-15-44-09/out/client-0-0-120-stats-0.json.
20260216-154519-3283 21658 * FlushStats      (benchmark.cc:902): All done!
