20260216-154433-1053 21562 * main            (benchmark.cc:402): Starting benchmark.
20260216-154437-8078 21562 * main            (benchmark.cc:621): Creating a default paritioner!
20260216-154437-8080 21562 * Client          (client.cc:75):     Initializing StrongStore client with id [76]
20260216-154437-8081 21562 * BenchmarkClient (bench_client.cc:81): starting benchclient, issueConcurrent: 0; fanout: 1
Session created: 0
last_service: , current_state: 0
Session continued: 0
last_service: , current_state: 0
Session destroyed: 18446744073709551615
last_service: , current_state: 0
20260216-154443-1947 21562 * WarmupDone      (bench_client.cc:726): Completed warmup period of 5 seconds with 1003 requests
20260216-154514-1965 21562 * Finish          (bench_client.cc:920): Completed 6197 requests in 31.002213 seconds
20260216-154514-1965 21562 * Finish          (bench_client.cc:921): 1 outstanding transactions.
Session continued: 0
last_service: , current_state: 0
Session destroyed: 18446744073709551615
last_service: , current_state: 0
Session continued: 0
last_service: , current_state: 0
Session destroyed: 18446744073709551615
last_service: , current_state: 0
Session destroyed: 0
last_service: , current_state: 0
20260216-154517-1949 21562 * FlushStats      (benchmark.cc:890): Flushing stats to /mnt/extra/experiments/2026-03-16-15-44-09/out/client-0-0-76-stats-0.json.
20260216-154517-1950 21562 * FlushStats      (benchmark.cc:902): All done!
20260216-154519-1985 21562 * Cleanup         (bench_client.cc:748): Aborting 0 outstanding transactions.
20260216-154519-1986 21562 * CooldownDone    (bench_client.cc:778): Finished cooldown period.
20260216-154519-2027 21562 * CooldownDone    (bench_client.cc:785): Median latency is 4888224 ns (4888 us)
20260216-154519-2029 21562 * CooldownDone    (bench_client.cc:794): Average latency is 4949073 ns (4949 us)
20260216-154519-2030 21562 * CooldownDone    (bench_client.cc:798): 90th percentile latency is 5254780 ns (5254 us)
20260216-154519-2030 21562 * CooldownDone    (bench_client.cc:802): 95th percentile latency is 5473957 ns (5473 us)
20260216-154519-2030 21562 * CooldownDone    (bench_client.cc:806): 99th percentile latency is 5877491 ns (5877 us)
20260216-154519-2031 21562 * LATENCY total: 2150 us 4949 us/4194 us 146 ms (6198 samples, 30 s total)
20260216-154519-2031 21562 *    2097 us |        101 | 
20260216-154519-2031 21562 *    4194 us |       6092 | ==================================================
20260216-154519-2032 21562 *    8388 us |          2 | 
20260216-154519-2032 21562 *      16 ms |          1 | 
20260216-154519-2032 21562 *      33 ms |          0 |
20260216-154519-2033 21562 *      67 ms |          1 | 
20260216-154519-2033 21562 *     134 ms |          1 | 
20260216-154519-3283 21562 * Stop            (tcptransport.cc:581): [TCP SUMMARY] outgoingCreated=1 outgoingClosed=0 incomingCreated=0 incomingClosed=0 outgoingPeak=1 incomingPeak=0
Inserted events:
  0x558c3c2baf60 [fd  7] Read Persist Internal
  0x558c3c2d1510 [fd  9] Read Persist
Active events:
20260216-154519-3284 21562 * main            (benchmark.cc:849): Cleaning up after experiment.
20260216-154519-3284 21562 * FlushStats      (benchmark.cc:890): Flushing stats to /mnt/extra/experiments/2026-03-16-15-44-09/out/client-0-0-76-stats-0.json.
20260216-154519-3286 21562 * FlushStats      (benchmark.cc:902): All done!
