20260313-145944-9238 07756 * main            (server.cc:217):    Starting server.
20260313-145944-9247 07756 * main            (server.cc:335):    Creating a default paritioner!
20260313-145946-7839 07756 * main            (server.cc:513):    Done loading server.
20260313-150038-5159 07756 ! TCPIncomingEventCallback (tcptransport.cc:938): [TCP INCOMING 117] EOF, lifetime=31362.90 ms
20260313-150038-6277 07756 ! TCPIncomingEventCallback (tcptransport.cc:938): [TCP INCOMING 118] EOF, lifetime=31363.97 ms
20260313-150038-6349 07756 ! TCPIncomingEventCallback (tcptransport.cc:938): [TCP INCOMING 120] EOF, lifetime=31354.31 ms
20260313-150038-6353 07756 ! TCPIncomingEventCallback (tcptransport.cc:938): [TCP INCOMING 119] EOF, lifetime=31357.60 ms
20260313-150038-6448 07756 ! TCPIncomingEventCallback (tcptransport.cc:938): [TCP INCOMING 121] EOF, lifetime=31359.34 ms
20260313-150038-6510 07756 ! TCPIncomingEventCallback (tcptransport.cc:938): [TCP INCOMING 123] EOF, lifetime=31357.56 ms
20260313-150038-6538 07756 ! TCPIncomingEventCallback (tcptransport.cc:938): [TCP INCOMING 122] EOF, lifetime=31365.37 ms
20260313-150038-6758 07756 ! TCPIncomingEventCallback (tcptransport.cc:938): [TCP INCOMING 124] EOF, lifetime=31356.40 ms
20260313-150045-1669 07756 * Cleanup         (server.cc:589):    Gracefully exiting after signal 15.
20260313-150045-1670 07756 * Stop            (tcptransport.cc:601): [TCP SUMMARY] outgoingCreated=58 outgoingClosed=0 incomingCreated=66 incomingClosed=8 outgoingPeak=99 incomingPeak=37
Inserted events:
  0x55e32c9ead00 [fd  9] Read Persist Internal
  0x55e32c9f2a60 [fd  10] Read Persist
  0x55e32c9fdcd0 [fd  11] Read Persist
  0x55e33534a1f0 [fd  12] Read Persist
  0x55e335347430 [fd  13] Read Persist
  0x55e3353424a0 [fd  14] Read Persist
  0x55e335345820 [fd  15] Read Persist
  0x55e33533d320 [fd  16] Read Persist
  0x55e335346b50 [fd  17] Read Persist
  0x55e33533af30 [fd  18] Read Persist
  0x55e335346510 [fd  19] Read Persist
  0x55e33533b230 [fd  20] Read Persist
  0x55e33533b670 [fd  21] Read Persist
  0x55e335353a90 [fd  22] Read Persist
  0x55e335353dd0 [fd  23] Read Persist
  0x55e335354110 [fd  24] Read Persist
  0x55e335354450 [fd  25] Read Persist
  0x55e335354790 [fd  26] Read Persist
  0x55e335354ad0 [fd  27] Read Persist
  0x55e335354e10 [fd  28] Read Persist
  0x55e335355350 [fd  29] Read Persist
  0x55e335355760 [fd  30] Read Persist
  0x55e335355c70 [fd  31] Read Persist
  0x55e335356200 [fd  32] Read Persist
  0x55e3353569a0 [fd  33] Read Persist
  0x55e335356f30 [fd  34] Read Persist
  0x55e3353574c0 [fd  35] Read Persist
  0x55e335357a50 [fd  36] Read Persist
  0x55e335357fe0 [fd  37] Read Persist
  0x55e335358570 [fd  38] Read Persist
  0x55e335358b00 [fd  39] Read Persist
  0x55e335359090 [fd  40] Read Persist
  0x55e335359620 [fd  41] Read Persist
  0x55e335359bb0 [fd  42] Read Persist
  0x55e33535a140 [fd  43] Read Persist
  0x55e33535a6d0 [fd  44] Read Persist
  0x55e33535ac60 [fd  45] Read Persist
  0x55e33535b1f0 [fd  46] Read Persist
  0x55e33535b780 [fd  47] Read Persist
  0x55e33535bd10 [fd  48] Read Persist
  0x55e33535c520 [fd  49] Read Persist
  0x55e33535cab0 [fd  50] Read Persist
  0x55e33535ced0 [fd  51] Read Persist
  0x55e33535d0f0 [fd  52] Read Persist
  0x55e33535d3a0 [fd  53] Read Persist
  0x55e33535d740 [fd  54] Read Persist
  0x55e33535dae0 [fd  55] Read Persist
  0x55e32c9f8ee0 [fd  56] Read Persist
  0x55e32c9f8a60 [fd  57] Read Persist
  0x55e32c9f93c0 [fd  58] Read Persist
  0x55e32c9f9790 [fd  59] Read Persist
  0x55e32c9f9b60 [fd  60] Read Persist
  0x55e33535de80 [fd  61] Read Persist
  0x55e33535e0a0 [fd  62] Read Persist
  0x55e33535e440 [fd  63] Read Persist
  0x55e33535e8e0 [fd  64] Read Persist
  0x55e33535f150 [fd  65] Read Persist
  0x55e33535f5f0 [fd  66] Read Persist
  0x55e33535fa90 [fd  67] Read Persist
  0x55e33535ff30 [fd  68] Read Persist
  0x55e3353603d0 [fd  69] Read Persist
  0x55e335360870 [fd  70] Read Persist
  0x55e335361180 [fd  71] Read Persist
  0x55e3353615f0 [fd  72] Read Persist
  0x55e335361a60 [fd  73] Read Persist
  0x55e335361f00 [fd  74] Read Persist
  0x55e3353623a0 [fd  75] Read Persist
  0x55e335362840 [fd  76] Read Persist
  0x55e335362ce0 [fd  77] Read Persist
  0x55e335363180 [fd  78] Read Persist
  0x55e335363620 [fd  79] Read Persist
  0x55e335363ac0 [fd  80] Read Persist
  0x55e335363f60 [fd  81] Read Persist
  0x55e3353644b0 [fd  82] Read Persist
  0x55e335364970 [fd  83] Read Persist
  0x55e335364e30 [fd  84] Read Persist
  0x55e3353652f0 [fd  85] Read Persist
  0x55e3353657b0 [fd  86] Read Persist
  0x55e335365c70 [fd  87] Read Persist
  0x55e335366130 [fd  88] Read Persist
  0x55e3353666c0 [fd  89] Read Persist
  0x55e335366c50 [fd  90] Read Persist
  0x55e335367c60 [fd  91] Read Persist
  0x55e3353681f0 [fd  92] Read Persist
  0x55e335368780 [fd  93] Read Persist
  0x55e335368d10 [fd  94] Read Persist
  0x55e3353692a0 [fd  95] Read Persist
  0x55e335369830 [fd  96] Read Persist
  0x55e335369dc0 [fd  97] Read Persist
  0x55e33536a350 [fd  98] Read Persist
  0x55e33536a8e0 [fd  99] Read Persist
  0x55e33536ae70 [fd  100] Read Persist
  0x55e33536b400 [fd  101] Read Persist
  0x55e33536b990 [fd  102] Read Persist
  0x55e33536bf20 [fd  103] Read Persist
  0x55e33536c4b0 [fd  104] Read Persist
  0x55e33536ca40 [fd  105] Read Persist
  0x55e33536cfd0 [fd  106] Read Persist
  0x55e33536d560 [fd  107] Read Persist
  0x55e33536daf0 [fd  108] Read Persist
  0x55e33536e080 [fd  109] Read Persist
  0x55e33536e610 [fd  110] Read Persist
  0x55e33536ea30 [fd  111] Read Persist
  0x55e33536ec50 [fd  112] Read Persist
  0x55e33536ef00 [fd  113] Read Persist
  0x55e33536f2a0 [fd  114] Read Persist
  0x55e33536f640 [fd  115] Read Persist
  0x55e33536f9e0 [fd  116] Read Persist
  0x55e33536fd80 [fd  117] Read Persist
  0x55e335370090 [fd  118] Read Persist
  0x55e335370430 [fd  119] Read Persist
  0x55e3353707d0 [fd  120] Read Persist
  0x55e335370b70 [fd  121] Read Persist
  0x55e335370f10 [fd  122] Read Persist
  0x55e3353712b0 [fd  123] Read Persist
  0x55e335371650 [fd  124] Read Persist
  0x55e335371a20 [fd  125] Read Persist
  0x55e335371df0 [fd  126] Read Persist
  0x55e3353721c0 [fd  127] Read Persist
  0x55e335372860 [fd  -1] Timeout=1776114644.338326
Active events:
20260313-150045-1691 07756 * Cleanup         (server.cc:593):    Exporting stats to /mnt/extra/experiments/2026-04-13-14-59-36/out/server-0-5-1-stats-0.json.
