20250303-190046-9002 26792 * main            (benchmark.cc:397): Starting benchmark.
Session created: 0
last_service: , current_state: 0
Session continued: 0
last_service: , current_state: 0
Session destroyed: 18446744073709551615
last_service: , current_state: 0
20250303-190057-7445 26792 * WarmupDone      (bench_client.cc:687): Completed warmup period of 10 seconds with 1776 requests
20250303-190118-7447 26792 * Finish          (bench_client.cc:885): Completed 7278 requests in 21.000295 seconds
20250303-190118-7447 26792 * Finish          (bench_client.cc:886): 1 outstanding transactions.
Session continued: 0
last_service: , current_state: 0
Session destroyed: 18446744073709551615
last_service: , current_state: 0
Session continued: 0
last_service: , current_state: 0
Session destroyed: 18446744073709551615
last_service: , current_state: 0
Session destroyed: 0
last_service: , current_state: 0
20250303-190126-7449 26792 * FlushStats      (benchmark.cc:842): Flushing stats to /mnt/extra/experiments/2025-04-03-19-00-37/out/client-0-0-1-stats-0.json.
20250303-190128-7450 26792 * Cleanup         (bench_client.cc:709): Aborting 0 outstanding transactions.
20250303-190128-7451 26792 * CooldownDone    (bench_client.cc:739): Finished cooldown period.
20250303-190128-7523 26792 * CooldownDone    (bench_client.cc:746): Median latency is 2748033 ns (2748 us)
20250303-190128-7526 26792 * CooldownDone    (bench_client.cc:755): Average latency is 2812278 ns (2812 us)
20250303-190128-7527 26792 * CooldownDone    (bench_client.cc:759): 90th percentile latency is 3011251 ns (3011 us)
20250303-190128-7527 26792 * CooldownDone    (bench_client.cc:763): 95th percentile latency is 3171660 ns (3171 us)
20250303-190128-7528 26792 * CooldownDone    (bench_client.cc:767): 99th percentile latency is 3867296 ns (3867 us)
20250303-190128-7528 26792 * LATENCY total: 1494 us 2812 us/2097 us 153 ms (7279 samples, 20 s total)
20250303-190128-7529 26792 *    1048 us |         30 | 
20250303-190128-7529 26792 *    2097 us |       7233 | ==================================================
20250303-190128-7530 26792 *    4194 us |         13 | 
20250303-190128-7530 26792 *    8388 us |          0 |
20250303-190128-7530 26792 *      16 ms |          0 |
20250303-190128-7531 26792 *      33 ms |          1 | 
20250303-190128-7531 26792 *      67 ms |          1 | 
20250303-190128-7532 26792 *     134 ms |          1 | 
Inserted events:
  0x5638b405c390 [fd  7] Read Persist Internal
  0x5638b406d560 [fd  9] Read Persist
Active events:
20250303-190128-7536 26792 * main            (benchmark.cc:802): Cleaning up after experiment.
20250303-190128-7537 26792 * FlushStats      (benchmark.cc:842): Flushing stats to /mnt/extra/experiments/2025-04-03-19-00-37/out/client-0-0-1-stats-0.json.
