20260217-160656-2753 28602 * main            (benchmark.cc:402): Starting benchmark.
20260217-160658-6024 28602 * main            (benchmark.cc:621): Creating a default paritioner!
20260217-160658-6026 28602 * Client          (client.cc:77):     Initializing StrongStore client with id [11]
20260217-160658-6027 28602 * BenchmarkClient (bench_client.cc:81): starting benchclient, issueConcurrent: 0; fanout: 1
Session created: 0
last_service: , current_state: 0
Session continued: 0
last_service: , current_state: 0
Session destroyed: 18446744073709551615
last_service: , current_state: 0
20260217-160703-8946 28602 * WarmupDone      (bench_client.cc:739): Completed warmup period of 5 seconds with 2569 requests
20260217-160734-8950 28602 * Finish          (bench_client.cc:933): Completed 15932 requests in 31.001183 seconds
20260217-160734-8951 28602 * Finish          (bench_client.cc:934): 1 outstanding transactions.
Session continued: 0
last_service: , current_state: 0
Session destroyed: 18446744073709551615
last_service: , current_state: 0
Session continued: 0
last_service: , current_state: 0
Session destroyed: 18446744073709551615
last_service: , current_state: 0
Session destroyed: 0
last_service: , current_state: 0
20260217-160737-8948 28602 * FlushStats      (benchmark.cc:890): Flushing stats to /mnt/extra/experiments/2026-03-17-16-06-32/out/client-0-0-11-stats-0.json.
20260217-160737-8950 28602 * FlushStats      (benchmark.cc:902): All done!
20260217-160739-8953 28602 * Cleanup         (bench_client.cc:761): Aborting 0 outstanding transactions.
20260217-160739-8953 28602 * CooldownDone    (bench_client.cc:791): Finished cooldown period.
20260217-160739-9251 28602 * CooldownDone    (bench_client.cc:798): Median latency is 1893619 ns (1893 us)
20260217-160739-9253 28602 * CooldownDone    (bench_client.cc:807): Average latency is 1905280 ns (1905 us)
20260217-160739-9253 28602 * CooldownDone    (bench_client.cc:811): 90th percentile latency is 2289637 ns (2289 us)
20260217-160739-9253 28602 * CooldownDone    (bench_client.cc:815): 95th percentile latency is 2396111 ns (2396 us)
20260217-160739-9253 28602 * CooldownDone    (bench_client.cc:819): 99th percentile latency is 2622386 ns (2622 us)
20260217-160739-9253 28602 * LATENCY total: 762 us 1905 us/1048 us 7592 us (15933 samples, 30 s total)
20260217-160739-9254 28602 *     524 us |         18 | 
20260217-160739-9254 28602 *    1048 us |      11825 | ==================================================
20260217-160739-9254 28602 *    2097 us |       4079 | =================
20260217-160739-9254 28602 *    4194 us |         11 | 
20260217-160739-9257 28602 * Stop            (tcptransport.cc:581): [TCP SUMMARY] outgoingCreated=1 outgoingClosed=0 incomingCreated=0 incomingClosed=0 outgoingPeak=1 incomingPeak=0
Inserted events:
  0x55f92494df60 [fd  7] Read Persist Internal
  0x55f924964560 [fd  9] Read Persist
Active events:
20260217-160739-9258 28602 * main            (benchmark.cc:849): Cleaning up after experiment.
20260217-160739-9259 28602 * FlushStats      (benchmark.cc:890): Flushing stats to /mnt/extra/experiments/2026-03-17-16-06-32/out/client-0-0-11-stats-0.json.
20260217-160739-9259 28602 * FlushStats      (benchmark.cc:902): All done!
