20260217-160656-2579 28647 * main            (benchmark.cc:402): Starting benchmark.
20260217-160658-5942 28647 * main            (benchmark.cc:621): Creating a default paritioner!
20260217-160658-5944 28647 * Client          (client.cc:77):     Initializing StrongStore client with id [35]
20260217-160658-5945 28647 * BenchmarkClient (bench_client.cc:81): starting benchclient, issueConcurrent: 0; fanout: 1
Session created: 0
last_service: , current_state: 0
Session continued: 0
last_service: , current_state: 0
Session destroyed: 18446744073709551615
last_service: , current_state: 0
20260217-160703-8861 28647 * WarmupDone      (bench_client.cc:739): Completed warmup period of 5 seconds with 2545 requests
20260217-160734-8878 28647 * Finish          (bench_client.cc:933): Completed 15797 requests in 31.001957 seconds
20260217-160734-8879 28647 * Finish          (bench_client.cc:934): 1 outstanding transactions.
Session continued: 0
last_service: , current_state: 0
Session destroyed: 18446744073709551615
last_service: , current_state: 0
Session continued: 0
last_service: , current_state: 0
Session destroyed: 18446744073709551615
last_service: , current_state: 0
Session destroyed: 0
last_service: , current_state: 0
20260217-160737-8864 28647 * FlushStats      (benchmark.cc:890): Flushing stats to /mnt/extra/experiments/2026-03-17-16-06-32/out/client-0-0-35-stats-0.json.
20260217-160737-8866 28647 * FlushStats      (benchmark.cc:902): All done!
20260217-160739-8880 28647 * Cleanup         (bench_client.cc:761): Aborting 0 outstanding transactions.
20260217-160739-8880 28647 * CooldownDone    (bench_client.cc:791): Finished cooldown period.
20260217-160739-8934 28647 * CooldownDone    (bench_client.cc:798): Median latency is 1910244 ns (1910 us)
20260217-160739-8936 28647 * CooldownDone    (bench_client.cc:807): Average latency is 1922580 ns (1922 us)
20260217-160739-8936 28647 * CooldownDone    (bench_client.cc:811): 90th percentile latency is 2311576 ns (2311 us)
20260217-160739-8936 28647 * CooldownDone    (bench_client.cc:815): 95th percentile latency is 2419267 ns (2419 us)
20260217-160739-8936 28647 * CooldownDone    (bench_client.cc:819): 99th percentile latency is 2633998 ns (2633 us)
20260217-160739-8936 28647 * LATENCY total: 651 us 1922 us/1048 us 8208 us (15798 samples, 30 s total)
20260217-160739-8937 28647 *     524 us |          8 | 
20260217-160739-8937 28647 *    1048 us |      11378 | ==================================================
20260217-160739-8937 28647 *    2097 us |       4401 | ===================
20260217-160739-8937 28647 *    4194 us |         11 | 
20260217-160739-8938 28647 * Stop            (tcptransport.cc:581): [TCP SUMMARY] outgoingCreated=1 outgoingClosed=0 incomingCreated=0 incomingClosed=0 outgoingPeak=1 incomingPeak=0
Inserted events:
  0x55639aacbf60 [fd  7] Read Persist Internal
  0x55639aae2560 [fd  9] Read Persist
Active events:
20260217-160739-8939 28647 * main            (benchmark.cc:849): Cleaning up after experiment.
20260217-160739-8939 28647 * FlushStats      (benchmark.cc:890): Flushing stats to /mnt/extra/experiments/2026-03-17-16-06-32/out/client-0-0-35-stats-0.json.
20260217-160739-9078 28647 * FlushStats      (benchmark.cc:902): All done!
