20260217-160656-2669 28703 * main            (benchmark.cc:402): Starting benchmark.
20260217-160658-5980 28703 * main            (benchmark.cc:621): Creating a default paritioner!
20260217-160658-5983 28703 * Client          (client.cc:77):     Initializing StrongStore client with id [63]
20260217-160658-5983 28703 * BenchmarkClient (bench_client.cc:81): starting benchclient, issueConcurrent: 0; fanout: 1
Session created: 0
last_service: , current_state: 0
Session continued: 0
last_service: , current_state: 0
Session destroyed: 18446744073709551615
last_service: , current_state: 0
20260217-160703-9061 28703 * WarmupDone      (bench_client.cc:739): Completed warmup period of 5 seconds with 2562 requests
20260217-160734-9061 28703 * Finish          (bench_client.cc:933): Completed 15689 requests in 31.001145 seconds
20260217-160734-9062 28703 * Finish          (bench_client.cc:934): 1 outstanding transactions.
Session continued: 0
last_service: , current_state: 0
Session destroyed: 18446744073709551615
last_service: , current_state: 0
Session continued: 0
last_service: , current_state: 0
Session destroyed: 18446744073709551615
last_service: , current_state: 0
Session destroyed: 0
last_service: , current_state: 0
20260217-160737-9064 28703 * FlushStats      (benchmark.cc:890): Flushing stats to /mnt/extra/experiments/2026-03-17-16-06-32/out/client-0-0-63-stats-0.json.
20260217-160737-9066 28703 * FlushStats      (benchmark.cc:902): All done!
20260217-160739-9063 28703 * Cleanup         (bench_client.cc:761): Aborting 0 outstanding transactions.
20260217-160739-9063 28703 * CooldownDone    (bench_client.cc:791): Finished cooldown period.
20260217-160739-9115 28703 * CooldownDone    (bench_client.cc:798): Median latency is 1922963 ns (1922 us)
20260217-160739-9117 28703 * CooldownDone    (bench_client.cc:807): Average latency is 1934850 ns (1934 us)
20260217-160739-9118 28703 * CooldownDone    (bench_client.cc:811): 90th percentile latency is 2314882 ns (2314 us)
20260217-160739-9118 28703 * CooldownDone    (bench_client.cc:815): 95th percentile latency is 2415217 ns (2415 us)
20260217-160739-9118 28703 * CooldownDone    (bench_client.cc:819): 99th percentile latency is 2614928 ns (2614 us)
20260217-160739-9118 28703 * LATENCY total: 690 us 1934 us/1048 us 7660 us (15690 samples, 30 s total)
20260217-160739-9118 28703 *     524 us |         17 | 
20260217-160739-9118 28703 *    1048 us |      11091 | ==================================================
20260217-160739-9119 28703 *    2097 us |       4572 | ====================
20260217-160739-9119 28703 *    4194 us |         10 | 
20260217-160739-9483 28703 * Stop            (tcptransport.cc:581): [TCP SUMMARY] outgoingCreated=1 outgoingClosed=0 incomingCreated=0 incomingClosed=0 outgoingPeak=1 incomingPeak=0
Inserted events:
  0x559eb0606f60 [fd  7] Read Persist Internal
  0x559eb061d560 [fd  9] Read Persist
Active events:
20260217-160739-9485 28703 * main            (benchmark.cc:849): Cleaning up after experiment.
20260217-160739-9485 28703 * FlushStats      (benchmark.cc:890): Flushing stats to /mnt/extra/experiments/2026-03-17-16-06-32/out/client-0-0-63-stats-0.json.
20260217-160739-9487 28703 * FlushStats      (benchmark.cc:902): All done!
