20260216-213231-8887 05373 * main            (benchmark.cc:402): Starting benchmark.
20260216-213232-4982 05373 * main            (benchmark.cc:621): Creating a default paritioner!
20260216-213232-4984 05373 * Client          (client.cc:75):     Initializing StrongStore client with id [12]
20260216-213232-4985 05373 * BenchmarkClient (bench_client.cc:81): starting benchclient, issueConcurrent: 0; fanout: 1
Session created: 0
last_service: , current_state: 0
Session continued: 0
last_service: , current_state: 0
Session destroyed: 18446744073709551615
last_service: , current_state: 0
20260216-213237-5743 05373 * WarmupDone      (bench_client.cc:739): Completed warmup period of 5 seconds with 6833 requests
20260216-213308-5744 05373 * Finish          (bench_client.cc:933): Completed 44299 requests in 31.000021 seconds
20260216-213308-5745 05373 * Finish          (bench_client.cc:934): 1 outstanding transactions.
Session continued: 0
last_service: , current_state: 0
Session destroyed: 18446744073709551615
last_service: , current_state: 0
Session continued: 0
last_service: , current_state: 0
Session destroyed: 18446744073709551615
last_service: , current_state: 0
Session destroyed: 0
last_service: , current_state: 0
20260216-213311-5745 05373 * FlushStats      (benchmark.cc:890): Flushing stats to /mnt/extra/experiments/2026-03-16-21-32-08/out/client-0-0-12-stats-0.json.
20260216-213311-5747 05373 * FlushStats      (benchmark.cc:902): All done!
20260216-213313-5747 05373 * Cleanup         (bench_client.cc:761): Aborting 0 outstanding transactions.
20260216-213313-5747 05373 * CooldownDone    (bench_client.cc:791): Finished cooldown period.
20260216-213313-5979 05373 * CooldownDone    (bench_client.cc:798): Median latency is 627620 ns (627 us)
20260216-213313-5984 05373 * CooldownDone    (bench_client.cc:807): Average latency is 668529 ns (668 us)
20260216-213313-5984 05373 * CooldownDone    (bench_client.cc:811): 90th percentile latency is 842604 ns (842 us)
20260216-213313-5984 05373 * CooldownDone    (bench_client.cc:815): 95th percentile latency is 871043 ns (871 us)
20260216-213313-5985 05373 * CooldownDone    (bench_client.cc:819): 99th percentile latency is 922728 ns (922 us)
20260216-213313-5985 05373 * LATENCY total: 330 us 668 us/524 us 6764 us (44300 samples, 29 s total)
20260216-213313-5985 05373 *     262 us |       3184 | ===
20260216-213313-5985 05373 *     524 us |      40936 | ==================================================
20260216-213313-5985 05373 *    1048 us |        173 | 
20260216-213313-5985 05373 *    2097 us |          3 | 
20260216-213313-5985 05373 *    4194 us |          4 | 
20260216-213313-6039 05373 * Stop            (tcptransport.cc:581): [TCP SUMMARY] outgoingCreated=1 outgoingClosed=0 incomingCreated=0 incomingClosed=0 outgoingPeak=1 incomingPeak=0
Inserted events:
  0x556246005f60 [fd  7] Read Persist Internal
  0x55624601c510 [fd  9] Read Persist
Active events:
20260216-213313-6039 05373 * main            (benchmark.cc:849): Cleaning up after experiment.
20260216-213313-6040 05373 * FlushStats      (benchmark.cc:890): Flushing stats to /mnt/extra/experiments/2026-03-16-21-32-08/out/client-0-0-12-stats-0.json.
20260216-213313-6041 05373 * FlushStats      (benchmark.cc:902): All done!
