#start,0,0
app,1029749504,30255320549,19
user_create,1029749504,30255320549,19
app,855230976,31110605001,19
user_create,855230976,31110605001,19
app,934521088,32045182228,19
user_create,934521088,32045182228,19
app,855532544,32900769233,19
user_create,855532544,32900769233,19
app,959383808,33860268354,19
user_create,959383808,33860268354,19
app,869519360,34729847431,19
user_create,869519360,34729847431,19
app,964744448,35694645166,19
user_create,964744448,35694645166,19
app,713849600,36408547639,19
user_create,713849600,36408547639,19
app,961800192,37370401382,19
user_create,961800192,37370401382,19
app,745819136,38116273403,19
user_create,745819136,38116273403,19
app,782018816,38898345947,19
user_create,782018816,38898345947,19
app,889526016,39787925720,19
user_create,889526016,39787925720,19
app,853665792,40641644954,19
user_create,853665792,40641644954,19
app,1086388992,41728088378,19
user_create,1086388992,41728088378,19
app,875993344,42604135751,19
user_create,875993344,42604135751,19
app,940772096,43544961452,19
user_create,940772096,43544961452,19
app,717568000,44262583255,19
user_create,717568000,44262583255,19
app,855076352,45117712974,19
user_create,855076352,45117712974,19
app,758022144,45875790357,19
user_create,758022144,45875790357,19
app,1029936896,46905783891,19
user_create,1029936896,46905783891,19
app,1024344064,47930183649,19
user_create,1024344064,47930183649,19
app,778947584,48709184646,19
user_create,778947584,48709184646,19
app,794852608,49504090309,19
user_create,794852608,49504090309,19
app,855545600,50359689235,19
user_create,855545600,50359689235,19
app,1119359744,51479101896,19
user_create,1119359744,51479101896,19
app,864742400,52343897819,19
user_create,864742400,52343897819,19
app,1100806400,53444756984,19
user_create,1100806400,53444756984,19
app,854092032,54298942327,19
user_create,854092032,54298942327,19
app,828304640,55127300024,19
user_create,828304640,55127300024,19
app,837618688,55964971542,19
user_create,837618688,55964971542,19
app,859396864,56824421405,19
user_create,859396864,56824421405,19
app,1026041344,57850515604,19
user_create,1026041344,57850515604,19
app,795554304,58646122932,19
user_create,795554304,58646122932,19
app,1042852864,59689029216,19
user_create,1042852864,59689029216,19
app,991064320,60680147886,19
user_create,991064320,60680147886,19
app,890966016,61571166515,19
user_create,890966016,61571166515,19
app,860934400,62432154178,19
user_create,860934400,62432154178,19
app,962681344,63394889831,19
user_create,962681344,63394889831,19
app,726240000,64121196746,19
user_create,726240000,64121196746,19
app,888046848,65009297609,19
user_create,888046848,65009297609,19
app,717377024,65726728677,19
user_create,717377024,65726728677,19
app,712505088,66439286708,19
user_create,712505088,66439286708,19
app,1024815616,67464155197,19
user_create,1024815616,67464155197,19
app,813222912,68277432203,19
user_create,813222912,68277432203,19
app,862192128,69139678478,19
user_create,862192128,69139678478,19
app,1100112896,70239845275,19
user_create,1100112896,70239845275,19
app,910284800,71150188446,19
user_create,910284800,71150188446,19
app,736894208,71887135982,19
user_create,736894208,71887135982,19
app,669280768,72556469440,19
user_create,669280768,72556469440,19
app,822904064,73379429817,19
user_create,822904064,73379429817,19
app,1096775936,74476260185,19
user_create,1096775936,74476260185,19
app,746769920,75223083734,19
user_create,746769920,75223083734,19
app,884541696,76107681751,19
user_create,884541696,76107681751,19
app,1256065280,77363800525,19
user_create,1256065280,77363800525,19
app,853455616,78217310905,19
user_create,853455616,78217310905,19
app,764318720,78981683969,19
user_create,764318720,78981683969,19
app,886360832,79868097782,19
user_create,886360832,79868097782,19
app,1267201280,81135352134,19
user_create,1267201280,81135352134,19
app,854592256,81989998102,19
user_create,854592256,81989998102,19
app,751000832,82741052389,19
user_create,751000832,82741052389,19
app,714416384,83455521821,19
user_create,714416384,83455521821,19
app,861812480,84317388296,19
user_create,861812480,84317388296,19
app,1099925248,85417366266,19
user_create,1099925248,85417366266,19
app,1024836608,86442255735,19
user_create,1024836608,86442255735,19
app,854869504,87297178030,19
user_create,854869504,87297178030,19
app,1089133056,88386363267,19
user_create,1089133056,88386363267,19
app,955211776,89341628313,19
user_create,955211776,89341628313,19
app,884657152,90226339340,19
user_create,884657152,90226339340,19
app,1100407040,91326799154,19
user_create,1100407040,91326799154,19
app,1053809152,92380661249,19
user_create,1053809152,92380661249,19
app,764014592,93144728899,19
user_create,764014592,93144728899,19
app,884444160,94029226064,19
user_create,884444160,94029226064,19
app,816256512,94845535755,19
user_create,816256512,94845535755,19
app,894097920,95739686250,19
user_create,894097920,95739686250,19
app,759601408,96499340534,19
user_create,759601408,96499340534,19
app,1070961920,97570355892,19
user_create,1070961920,97570355892,19
app,1313434624,98883843183,19
user_create,1313434624,98883843183,19
app,713005568,99596902847,19
user_create,713005568,99596902847,19
app,862759168,100459714889,19
user_create,862759168,100459714889,19
app,812275712,101272046089,19
user_create,812275712,101272046089,19
app,720943872,101993045091,19
user_create,720943872,101993045091,19
app,954408960,102947507381,19
user_create,954408960,102947507381,19
app,851032064,103798592329,19
user_create,851032064,103798592329,19
app,788538880,104587183952,19
user_create,788538880,104587183952,19
app,930993408,105518230915,19
user_create,930993408,105518230915,19
app,745039872,106263324260,19
user_create,745039872,106263324260,19
app,1025664512,107289041996,19
user_create,1025664512,107289041996,19
app,883025664,108172122478,19
user_create,883025664,108172122478,19
app,862466048,109034657001,19
user_create,862466048,109034657001,19
app,769749760,109804463863,19
user_create,769749760,109804463863,19
app,849460736,110653981208,19
user_create,849460736,110653981208,19
app,1198394624,111852428913,19
user_create,1198394624,111852428913,19
app,1005295616,112857778310,19
user_create,1005295616,112857778310,19
app,858752512,113716584444,19
user_create,858752512,113716584444,19
app,746792192,114463429450,19
user_create,746792192,114463429450,19
app,1024592128,115488075017,19
user_create,1024592128,115488075017,19
app,853544448,116341674089,19
user_create,853544448,116341674089,19
app,1008941568,117350668430,19
user_create,1008941568,117350668430,19
app,1004780544,118355501174,19
user_create,1004780544,118355501174,19
app,889180160,119244734525,19
user_create,889180160,119244734525,19
app,1024893696,120269717693,19
user_create,1024893696,120269717693,19
app,1099811584,121369583129,19
user_create,1099811584,121369583129,19
app,876106240,122245746612,19
user_create,876106240,122245746612,19
app,730597632,122976412534,19
user_create,730597632,122976412534,19
app,1011452160,123987918853,19
user_create,1011452160,123987918853,19
app,766747392,124754719972,19
user_create,766747392,124754719972,19
app,788099328,125542872428,19
user_create,788099328,125542872428,19
app,758020864,126300945758,19
user_create,758020864,126300945758,19
app,718985216,127019983530,19
user_create,718985216,127019983530,19
app,930948864,127950985431,19
user_create,930948864,127950985431,19
app,647072768,128598114967,19
user_create,647072768,128598114967,19
app,1099839744,129698008775,19
user_create,1099839744,129698008775,19
app,757760768,130455822944,19
user_create,757760768,130455822944,19
app,726983936,131182860136,19
user_create,726983936,131182860136,19
app,745505536,131928418636,19
user_create,745505536,131928418636,19
app,716941568,132645413398,19
user_create,716941568,132645413398,19
app,971593216,133617059469,19
user_create,971593216,133617059469,19
app,856077312,134473190069,19
user_create,856077312,134473190069,19
app,1293263872,135766508102,19
user_create,1293263872,135766508102,19
app,1037089024,136803650379,19
user_create,1037089024,136803650379,19
app,1260051456,138063755512,19
user_create,1260051456,138063755512,19
app,860097536,138923906326,19
user_create,860097536,138923906326,19
app,673807104,139597766876,19
user_create,673807104,139597766876,19
app,1030367744,140628188610,19
user_create,1030367744,140628188610,19
app,1098734336,141726975917,19
user_create,1098734336,141726975917,19
app,853860608,142580889463,19
user_create,853860608,142580889463,19
app,769678848,143350621461,19
user_create,769678848,143350621461,19
app,884700160,144235376358,19
user_create,884700160,144235376358,19
app,875773696,145111202716,19
user_create,875773696,145111202716,19
app,730543872,145841799020,19
user_create,730543872,145841799020,19
app,858284800,146700137376,19
user_create,858284800,146700137376,19
app,1100440576,147800633430,19
user_create,1100440576,147800633430,19
app,716667648,148517356395,19
user_create,716667648,148517356395,19
app,732351744,149249761104,19
user_create,732351744,149249761104,19
app,1024203264,150274017810,19
user_create,1024203264,150274017810,19
app,746405888,151020476818,19
user_create,746405888,151020476818,19
app,1075367936,152095899105,19
user_create,1075367936,152095899105,19
app,690770688,152786723613,19
user_create,690770688,152786723613,19
app,1089527808,153876317501,19
user_create,1089527808,153876317501,19
app,1059591680,154935963869,19
user_create,1059591680,154935963869,19
app,717350144,155653368711,19
user_create,717350144,155653368711,19
app,854174976,156507597208,19
user_create,854174976,156507597208,19
app,787285248,157294936180,19
user_create,787285248,157294936180,19
app,816850688,158111841917,19
user_create,816850688,158111841917,19
app,708997632,158820898056,19
user_create,708997632,158820898056,19
app,854635776,159675586938,19
user_create,854635776,159675586938,19
app,1024977408,160700617313,19
user_create,1024977408,160700617313,19
app,1387311104,162087981462,19
user_create,1387311104,162087981462,19
app,719683328,162807720422,19
user_create,719683328,162807720422,19
app,1101528576,163909303903,19
user_create,1101528576,163909303903,19
app,751709184,164661070346,19
user_create,751709184,164661070346,19
app,760153600,165421277284,19
user_create,760153600,165421277284,19
app,749845504,166171175956,19
user_create,749845504,166171175956,19
app,854533632,167025763273,19
user_create,854533632,167025763273,19
app,1170038272,168195855379,19
user_create,1170038272,168195855379,19
app,760686848,168956594705,19
user_create,760686848,168956594705,19
app,745082880,169701730489,19
user_create,745082880,169701730489,19
app,885556224,170587339878,19
user_create,885556224,170587339878,19
app,1024730624,171612123489,19
user_create,1024730624,171612123489,19
app,819229696,172431407213,19
user_create,819229696,172431407213,19
app,864023040,173295484066,19
user_create,864023040,173295484066,19
app,734614784,174030151844,19
user_create,734614784,174030151844,19
app,764747520,174794952630,19
user_create,764747520,174794952630,19
app,1206310656,176001316547,19
user_create,1206310656,176001316547,19
app,781954304,176783324241,19
user_create,781954304,176783324241,19
app,866100992,177649477958,19
user_create,866100992,177649477958,19
app,792535808,178442067623,19
user_create,792535808,178442067623,19
app,650800384,179092921495,19
user_create,650800384,179092921495,19
app,915800064,180008774995,19
user_create,915800064,180008774995,19
app,1025196032,181034058094,19
user_create,1025196032,181034058094,19
app,1089390336,182123502254,19
user_create,1089390336,182123502254,19
app,1116169728,183239725828,19
user_create,1116169728,183239725828,19
app,954468352,184194247245,19
user_create,954468352,184194247245,19
app,789292800,184983593463,19
user_create,789292800,184983593463,19
app,884499200,185868146896,19
user_create,884499200,185868146896,19
app,711165952,186579368591,19
user_create,711165952,186579368591,19
app,930822656,187510244607,19
user_create,930822656,187510244607,19
app,746842624,188257141828,19
user_create,746842624,188257141828,19
app,1025019136,189282218694,19
user_create,1025019136,189282218694,19
app,853972224,190136243820,19
user_create,853972224,190136243820,19
app,717351168,190853648185,19
user_create,717351168,190853648185,19
app,1132633088,191986333847,19
user_create,1132633088,191986333847,19
app,960998144,192947385787,19
user_create,960998144,192947385787,19
app,1025133568,193972572326,19
user_create,1025133568,193972572326,19
app,1030853120,195003478765,19
user_create,1030853120,195003478765,19
app,886604288,195890136718,19
user_create,886604288,195890136718,19
app,759802880,196649993419,19
user_create,759802880,196649993419,19
app,961976832,197612023830,19
user_create,961976832,197612023830,19
app,1546771712,199158862352,19
user_create,1546771712,199158862352,19
app,862834432,200021750688,19
user_create,862834432,200021750688,19
app,1169432576,201191237211,19
user_create,1169432576,201191237211,19
app,888089856,202079388380,19
user_create,888089856,202079388380,19
app,860268032,202939710140,19
user_create,860268032,202939710140,19
app,758885888,203698649406,19
user_create,758885888,203698649406,19
app,1143543296,204842246770,19
user_create,1143543296,204842246770,19
app,787937024,205630238771,19
user_create,787937024,205630238771,19
app,1150033152,206780324935,19
user_create,1150033152,206780324935,19
app,1004187136,207784568786,19
user_create,1004187136,207784568786,19
app,884247296,208668869972,19
user_create,884247296,208668869972,19
app,854142208,209523066282,19
user_create,854142208,209523066282,19
app,1025101312,210548220872,19
user_create,1025101312,210548220872,19
app,948316672,211496591567,19
user_create,948316672,211496591567,19
app,888342016,212384987354,19
user_create,888342016,212384987354,19
app,758077440,213143119573,19
user_create,758077440,213143119573,19
app,906916352,214050093650,19
user_create,906916352,214050093650,19
app,854519808,214904670000,19
user_create,854519808,214904670000,19
app,1096465664,216001189470,19
user_create,1096465664,216001189470,19
app,1025085696,217026328086,19
user_create,1025085696,217026328086,19
app,708700416,217735081911,19
user_create,708700416,217735081911,19
app,1024342016,218759476184,19
user_create,1024342016,218759476184,19
app,860335360,219619863986,19
user_create,860335360,219619863986,19
app,761944832,220381861686,19
user_create,761944832,220381861686,19
app,1024913664,221406828641,19
user_create,1024913664,221406828641,19
app,884116480,222290998697,19
user_create,884116480,222290998697,19
app,882929152,223173980951,19
user_create,882929152,223173980951,19
app,812220928,223986255645,19
user_create,812220928,223986255645,19
app,860911872,224847220659,19
user_create,860911872,224847220659,19
app,761970944,225609245300,19
user_create,761970944,225609245300,19
app,885567744,226494867801,19
user_create,885567744,226494867801,19
app,881108736,227376030206,19
user_create,881108736,227376030206,19
app,780557824,228156643867,19
user_create,780557824,228156643867,19
app,963761664,229120459318,19
user_create,963761664,229120459318,19
app,962723840,230083236694,19
user_create,962723840,230083236694,19
app,825107456,230908397674,19
user_create,825107456,230908397674,19
app,1026244608,231934695243,19
user_create,1026244608,231934695243,19
app,855555840,232790304660,19
user_create,855555840,232790304660,19
app,739898368,233530256509,19
user_create,739898368,233530256509,19
app,1022076160,234552386283,19
user_create,1022076160,234552386283,19
app,1031277824,235583717584,19
user_create,1031277824,235583717584,19
app,1024815872,236608587980,19
user_create,1024815872,236608587980,19
app,962382848,237571024656,19
user_create,962382848,237571024656,19
app,889783296,238460862874,19
user_create,889783296,238460862874,19
app,730920960,239191837310,19
user_create,730920960,239191837310,19
app,890200064,240082090139,19
user_create,890200064,240082090139,19
app,1025083648,241107228279,19
user_create,1025083648,241107228279,19
app,892610816,241999892711,19
user_create,892610816,241999892711,19
app,990846208,242990797519,19
user_create,990846208,242990797519,19
app,727532800,243718388795,19
user_create,727532800,243718388795,19
app,1025133056,244743589639,19
user_create,1025133056,244743589639,19
app,835920128,245579566955,19
user_create,835920128,245579566955,19
#end,245,579576,19
