#start,0,0
app,1303966976,30899418115,61
user_create,1303966976,30899418115,61
app,1277601536,32177070856,61
user_create,1277601536,32177070856,61
app,1382276608,33559399127,61
user_create,1382276608,33559399127,61
app,1341382912,34900834560,61
user_create,1341382912,34900834560,61
app,1695579136,36596466302,61
user_create,1695579136,36596466302,61
app,1291748864,37888267040,61
user_create,1291748864,37888267040,61
app,1696522240,39584841012,61
user_create,1696522240,39584841012,61
app,1366814976,40951707601,61
user_create,1366814976,40951707601,61
app,1787566080,42739325761,61
user_create,1787566080,42739325761,61
app,1433222400,44172604322,61
user_create,1433222400,44172604322,61
app,1491611136,45664272546,61
user_create,1491611136,45664272546,61
app,1531735040,47196060419,61
user_create,1531735040,47196060419,61
app,1231303936,48427416324,61
user_create,1231303936,48427416324,61
app,1138985984,49566454410,61
user_create,1138985984,49566454410,61
app,1327497984,50894005298,61
user_create,1327497984,50894005298,61
app,1500295936,52394355773,61
user_create,1500295936,52394355773,61
app,1203657728,53598065614,61
user_create,1203657728,53598065614,61
app,1323979264,54922096729,61
user_create,1323979264,54922096729,61
app,1727741952,56649890184,61
user_create,1727741952,56649890184,61
app,1683779584,58333721160,61
user_create,1683779584,58333721160,61
app,1249963008,59583735942,61
user_create,1249963008,59583735942,61
app,1488023296,61071811199,61
user_create,1488023296,61071811199,61
app,1356006400,62427869319,61
user_create,1356006400,62427869319,61
app,1537282560,63965204000,61
user_create,1537282560,63965204000,61
app,1335552768,65300808429,61
user_create,1335552768,65300808429,61
app,1579974656,66880834579,61
user_create,1579974656,66880834579,61
app,1460749056,68341636180,61
user_create,1460749056,68341636180,61
app,1203245312,69544933795,61
user_create,1203245312,69544933795,61
app,1199369472,70744354963,61
user_create,1199369472,70744354963,61
app,1695797760,72440204620,61
user_create,1695797760,72440204620,61
app,1171672576,73611929416,61
user_create,1171672576,73611929416,61
app,1295563008,74907544851,61
user_create,1295563008,74907544851,61
app,1492375040,76399971961,61
user_create,1492375040,76399971961,61
app,1788559360,78188584566,61
user_create,1788559360,78188584566,61
app,1414443776,79603080749,61
user_create,1414443776,79603080749,61
app,1696724224,81299892663,61
user_create,1696724224,81299892663,61
app,1139098624,82439050197,61
user_create,1139098624,82439050197,61
app,1292356864,83731475591,61
user_create,1292356864,83731475591,61
app,1381162240,85112689733,61
user_create,1381162240,85112689733,61
app,1295019520,86407761335,61
user_create,1295019520,86407761335,61
app,1171306496,87579162836,61
user_create,1171306496,87579162836,61
app,1328233216,88907449722,61
user_create,1328233216,88907449722,61
app,1402415616,90309916973,61
user_create,1402415616,90309916973,61
app,1236205056,91546174049,61
user_create,1236205056,91546174049,61
app,1445913856,92992139339,61
user_create,1445913856,92992139339,61
app,1520255488,94512447118,61
user_create,1520255488,94512447118,61
app,1323384320,95835883378,61
user_create,1323384320,95835883378,61
app,1382099712,97218035221,61
user_create,1382099712,97218035221,61
app,1552043520,98770130395,61
user_create,1552043520,98770130395,61
app,1446377216,100216559886,61
user_create,1446377216,100216559886,61
app,1327697920,101544309377,61
user_create,1327697920,101544309377,61
app,1302985984,102847347259,61
user_create,1302985984,102847347259,61
app,1387416320,104234815835,61
user_create,1387416320,104234815835,61
app,1356451584,105591319561,61
user_create,1356451584,105591319561,61
app,1277882368,106869254112,61
user_create,1277882368,106869254112,61
app,1250297344,108119603633,61
user_create,1250297344,108119603633,61
app,1341697280,109461353063,61
user_create,1341697280,109461353063,61
app,1293188608,110754593372,61
user_create,1293188608,110754593372,61
app,1395376128,112150020837,61
user_create,1395376128,112150020837,61
app,1592789760,113742862462,61
user_create,1592789760,113742862462,61
app,1204087808,114947001695,61
user_create,1204087808,114947001695,61
app,1500410112,116447463274,61
user_create,1500410112,116447463274,61
app,1139188480,117586704015,61
user_create,1139188480,117586704015,61
app,1341796096,118928564310,61
user_create,1341796096,118928564310,61
app,1566786560,120495403766,61
user_create,1566786560,120495403766,61
app,1591725056,122087187290,61
user_create,1591725056,122087187290,61
app,1367607040,123454847097,61
user_create,1367607040,123454847097,61
app,1623247872,125078146457,61
user_create,1623247872,125078146457,61
app,1460639744,126538838624,61
user_create,1460639744,126538838624,61
app,1416824832,127955731868,61
user_create,1416824832,127955731868,61
app,1591054848,129546839475,61
user_create,1591054848,129546839475,61
app,1139144192,130686035156,61
user_create,1139144192,130686035156,61
app,1185580288,131871668100,61
user_create,1185580288,131871668100,61
app,1324404736,133196124792,61
user_create,1324404736,133196124792,61
app,1328777216,134525348663,61
user_create,1328777216,134525348663,61
app,1328073472,135853477716,61
user_create,1328073472,135853477716,61
app,1355740416,137209270000,61
user_create,1355740416,137209270000,61
app,1402309376,138611630916,61
user_create,1402309376,138611630916,61
app,1669622016,140281305074,61
user_create,1669622016,140281305074,61
app,1535855872,141817225933,61
user_create,1535855872,141817225933,61
app,1447772160,143265050411,61
user_create,1447772160,143265050411,61
app,1565661952,144830764770,61
user_create,1565661952,144830764770,61
app,1370028800,146200846195,61
user_create,1370028800,146200846195,61
app,1382839552,147583738327,61
user_create,1382839552,147583738327,61
app,1328338944,148912142038,61
user_create,1328338944,148912142038,61
app,1400323584,150312518358,61
user_create,1400323584,150312518358,61
app,1324974848,151637546300,61
user_create,1324974848,151637546300,61
app,1475617536,153113216400,61
user_create,1475617536,153113216400,61
app,1447637504,154560905694,61
user_create,1447637504,154560905694,61
app,1355528960,155916486501,61
user_create,1355528960,155916486501,61
app,1564488192,157481026887,61
user_create,1564488192,157481026887,61
app,1218898944,158699982881,61
user_create,1218898944,158699982881,61
app,1892144896,160592181205,61
user_create,1892144896,160592181205,61
app,1892739072,162484972715,61
user_create,1892739072,162484972715,61
app,1263718656,163748743057,61
user_create,1263718656,163748743057,61
app,1171719424,164920514345,61
user_create,1171719424,164920514345,61
app,1355953408,166276519775,61
user_create,1355953408,166276519775,61
app,1538213632,167814785003,61
user_create,1538213632,167814785003,61
app,1139910400,168954746961,61
user_create,1139910400,168954746961,61
app,1185894656,170140693664,61
user_create,1185894656,170140693664,61
app,1460016640,171600761651,61
user_create,1460016640,171600761651,61
app,1774152448,173374966382,61
user_create,1774152448,173374966382,61
app,1434077440,174809095859,61
user_create,1434077440,174809095859,61
app,1249673472,176058821916,61
user_create,1249673472,176058821916,61
app,1492399616,177551273584,61
user_create,1492399616,177551273584,61
app,1564066048,179115391731,61
user_create,1564066048,179115391731,61
app,1519604736,180635048866,61
user_create,1519604736,180635048866,61
app,1388176640,182023277521,61
user_create,1388176640,182023277521,61
app,1400594432,183423924446,61
user_create,1400594432,183423924446,61
app,1185749760,184609725713,61
user_create,1185749760,184609725713,61
app,1499533312,186109310626,61
user_create,1499533312,186109310626,61
app,1491586560,187600948572,61
user_create,1491586560,187600948572,61
app,1370358528,188971359252,61
user_create,1370358528,188971359252,61
app,1139430656,190110842466,61
user_create,1139430656,190110842466,61
app,1578078464,191688972711,61
user_create,1578078464,191688972711,61
app,1773686528,193462711572,61
user_create,1773686528,193462711572,61
app,1171443712,194634211540,61
user_create,1171443712,194634211540,61
app,1774185728,196408451080,61
user_create,1774185728,196408451080,61
app,1592121856,198000627517,61
user_create,1592121856,198000627517,61
app,1295820288,199296499729,61
user_create,1295820288,199296499729,61
app,1520465664,200817017078,61
user_create,1520465664,200817017078,61
app,1303946240,202121027708,61
user_create,1303946240,202121027708,61
app,1232164352,203353244543,61
user_create,1232164352,203353244543,61
app,1728246528,205081543445,61
user_create,1728246528,205081543445,61
app,1381914368,206463510036,61
user_create,1381914368,206463510036,61
app,1434576640,207898139715,61
user_create,1434576640,207898139715,61
app,1108089600,209006281375,61
user_create,1108089600,209006281375,61
app,1415884800,210422217845,61
user_create,1415884800,210422217845,61
app,1891549184,212313819646,61
user_create,1891549184,212313819646,61
app,1204246784,213518118381,61
user_create,1204246784,213518118381,61
app,1788510720,215306681156,61
user_create,1788510720,215306681156,61
app,1488310528,216795043945,61
user_create,1488310528,216795043945,61
app,1203768064,217998863935,61
user_create,1203768064,217998863935,61
app,1476445696,219475362062,61
user_create,1476445696,219475362062,61
app,1236100864,220711528062,61
user_create,1236100864,220711528062,61
app,1463105280,222174685001,61
user_create,1463105280,222174685001,61
app,1250176512,223424913644,61
user_create,1250176512,223424913644,61
app,1459097344,224884063243,61
user_create,1459097344,224884063243,61
app,1355959040,226240074396,61
user_create,1355959040,226240074396,61
app,1728397824,227968523740,61
user_create,1728397824,227968523740,61
app,1566121216,229534696578,61
user_create,1566121216,229534696578,61
app,1655896320,231190646171,61
user_create,1655896320,231190646171,61
app,1401620992,232592322349,61
user_create,1401620992,232592322349,61
app,1592806144,234185183525,61
user_create,1592806144,234185183525,61
app,1434117888,235619355678,61
user_create,1434117888,235619355678,61
app,1519905792,237139313936,61
user_create,1519905792,237139313936,61
app,1384247296,238523613452,61
user_create,1384247296,238523613452,61
app,1435272192,239958939313,61
user_create,1435272192,239958939313,61
#end,239,958947,61
