20260216-213344-0636 05540 * main            (benchmark.cc:402): Starting benchmark.
20260216-213345-2550 05540 * main            (benchmark.cc:621): Creating a default paritioner!
20260216-213345-2553 05540 * Client          (client.cc:75):     Initializing StrongStore client with id [7]
20260216-213345-2554 05540 * BenchmarkClient (bench_client.cc:81): starting benchclient, issueConcurrent: 0; fanout: 1
Session created: 0
last_service: , current_state: 0
Session continued: 0
last_service: , current_state: 0
Session destroyed: 18446744073709551615
last_service: , current_state: 0
20260216-213350-4112 05540 * WarmupDone      (bench_client.cc:739): Completed warmup period of 5 seconds with 3993 requests
20260216-213421-4112 05540 * Finish          (bench_client.cc:933): Completed 25066 requests in 31.000226 seconds
20260216-213421-4113 05540 * Finish          (bench_client.cc:934): 1 outstanding transactions.
Session continued: 0
last_service: , current_state: 0
Session destroyed: 18446744073709551615
last_service: , current_state: 0
Session continued: 0
last_service: , current_state: 0
Session destroyed: 18446744073709551615
last_service: , current_state: 0
Session destroyed: 0
last_service: , current_state: 0
20260216-213424-4115 05540 * FlushStats      (benchmark.cc:890): Flushing stats to /mnt/extra/experiments/2026-03-16-21-33-20/out/client-0-0-7-stats-0.json.
20260216-213424-4117 05540 * FlushStats      (benchmark.cc:902): All done!
20260216-213426-4115 05540 * Cleanup         (bench_client.cc:761): Aborting 0 outstanding transactions.
20260216-213426-4116 05540 * CooldownDone    (bench_client.cc:791): Finished cooldown period.
20260216-213426-4369 05540 * CooldownDone    (bench_client.cc:798): Median latency is 1202167 ns (1202 us)
20260216-213426-4372 05540 * CooldownDone    (bench_client.cc:807): Average latency is 1195017 ns (1195 us)
20260216-213426-4372 05540 * CooldownDone    (bench_client.cc:811): 90th percentile latency is 1416870 ns (1416 us)
20260216-213426-4372 05540 * CooldownDone    (bench_client.cc:815): 95th percentile latency is 1485659 ns (1485 us)
20260216-213426-4373 05540 * CooldownDone    (bench_client.cc:819): 99th percentile latency is 1627607 ns (1627 us)
20260216-213426-4373 05540 * LATENCY total: 452 us 1195 us/1048 us 7301 us (25067 samples, 29 s total)
20260216-213426-4373 05540 *     262 us |          7 | 
20260216-213426-4373 05540 *     524 us |       5343 | =============
20260216-213426-4373 05540 *    1048 us |      19695 | ==================================================
20260216-213426-4373 05540 *    2097 us |          2 | 
20260216-213426-4373 05540 *    4194 us |         20 | 
20260216-213426-4563 05540 * Stop            (tcptransport.cc:581): [TCP SUMMARY] outgoingCreated=1 outgoingClosed=0 incomingCreated=0 incomingClosed=0 outgoingPeak=1 incomingPeak=0
Inserted events:
  0x55e919477f60 [fd  7] Read Persist Internal
  0x55e91948e510 [fd  9] Read Persist
Active events:
20260216-213426-4563 05540 * main            (benchmark.cc:849): Cleaning up after experiment.
20260216-213426-4564 05540 * FlushStats      (benchmark.cc:890): Flushing stats to /mnt/extra/experiments/2026-03-16-21-33-20/out/client-0-0-7-stats-0.json.
20260216-213426-4565 05540 * FlushStats      (benchmark.cc:902): All done!
