20260313-062809-8434 21413 * main            (server.cc:217):    Starting server.
20260313-062809-8446 21413 * main            (server.cc:335):    Creating a default paritioner!
20260313-062811-7320 21413 * main            (server.cc:513):    Done loading server.
[libprotobuf ERROR google/protobuf/message_lite.cc:121] Can't parse message of type "replication.iocl_craq.proto.SuccessorRequestMessage" because it is missing required fields: s, succ_groupidx, succ_replicaidx
[libprotobuf ERROR google/protobuf/message_lite.cc:121] Can't parse message of type "replication.iocl_craq.proto.SuccessorRequestMessage" because it is missing required fields: s, succ_groupidx, succ_replicaidx
[libprotobuf ERROR google/protobuf/message_lite.cc:121] Can't parse message of type "replication.iocl_craq.proto.SuccessorRequestMessage" because it is missing required fields: s, succ_groupidx, succ_replicaidx
[libprotobuf ERROR google/protobuf/message_lite.cc:121] Can't parse message of type "replication.iocl_craq.proto.SuccessorRequestMessage" because it is missing required fields: s, succ_groupidx, succ_replicaidx
[libprotobuf ERROR google/protobuf/message_lite.cc:121] Can't parse message of type "replication.iocl_craq.proto.SuccessorRequestMessage" because it is missing required fields: s, succ_groupidx, succ_replicaidx
[libprotobuf ERROR google/protobuf/message_lite.cc:121] Can't parse message of type "replication.iocl_craq.proto.SuccessorRequestMessage" because it is missing required fields: s, succ_groupidx, succ_replicaidx
[libprotobuf ERROR google/protobuf/message_lite.cc:121] Can't parse message of type "replication.iocl_craq.proto.SuccessorRequestMessage" because it is missing required fields: s, succ_groupidx, succ_replicaidx
[libprotobuf ERROR google/protobuf/message_lite.cc:121] Can't parse message of type "replication.iocl_craq.proto.SuccessorRequestMessage" because it is missing required fields: s, succ_groupidx, succ_replicaidx
[libprotobuf ERROR google/protobuf/message_lite.cc:121] Can't parse message of type "replication.iocl_craq.proto.SuccessorRequestMessage" because it is missing required fields: s, succ_groupidx, succ_replicaidx
[libprotobuf ERROR google/protobuf/message_lite.cc:121] Can't parse message of type "replication.iocl_craq.proto.SuccessorRequestMessage" because it is missing required fields: s, succ_groupidx, succ_replicaidx
[libprotobuf ERROR google/protobuf/message_lite.cc:121] Can't parse message of type "replication.iocl_craq.proto.SuccessorRequestMessage" because it is missing required fields: s, succ_groupidx, succ_replicaidx
[libprotobuf ERROR google/protobuf/message_lite.cc:121] Can't parse message of type "replication.iocl_craq.proto.SuccessorRequestMessage" because it is missing required fields: s, succ_groupidx, succ_replicaidx
[libprotobuf ERROR google/protobuf/message_lite.cc:121] Can't parse message of type "replication.iocl_craq.proto.SuccessorRequestMessage" because it is missing required fields: s, succ_groupidx, succ_replicaidx
[libprotobuf ERROR google/protobuf/message_lite.cc:121] Can't parse message of type "replication.iocl_craq.proto.SuccessorRequestMessage" because it is missing required fields: s, succ_groupidx, succ_replicaidx
[libprotobuf ERROR google/protobuf/message_lite.cc:121] Can't parse message of type "replication.iocl_craq.proto.SuccessorRequestMessage" because it is missing required fields: s, succ_groupidx, succ_replicaidx
[libprotobuf ERROR google/protobuf/message_lite.cc:121] Can't parse message of type "replication.iocl_craq.proto.SuccessorRequestMessage" because it is missing required fields: s, succ_groupidx, succ_replicaidx
[libprotobuf ERROR google/protobuf/message_lite.cc:121] Can't parse message of type "replication.iocl_craq.proto.SuccessorRequestMessage" because it is missing required fields: s, succ_groupidx, succ_replicaidx
[libprotobuf ERROR google/protobuf/message_lite.cc:121] Can't parse message of type "replication.iocl_craq.proto.SuccessorRequestMessage" because it is missing required fields: s, succ_groupidx, succ_replicaidx
[libprotobuf ERROR google/protobuf/message_lite.cc:121] Can't parse message of type "replication.iocl_craq.proto.SuccessorRequestMessage" because it is missing required fields: s, succ_groupidx, succ_replicaidx
[libprotobuf ERROR google/protobuf/message_lite.cc:121] Can't parse message of type "replication.iocl_craq.proto.SuccessorRequestMessage" because it is missing required fields: s, succ_groupidx, succ_replicaidx
[libprotobuf ERROR google/protobuf/message_lite.cc:121] Can't parse message of type "replication.iocl_craq.proto.SuccessorRequestMessage" because it is missing required fields: s, succ_groupidx, succ_replicaidx
[libprotobuf ERROR google/protobuf/message_lite.cc:121] Can't parse message of type "replication.iocl_craq.proto.SuccessorRequestMessage" because it is missing required fields: s, succ_groupidx, succ_replicaidx
[libprotobuf ERROR google/protobuf/message_lite.cc:121] Can't parse message of type "replication.iocl_craq.proto.SuccessorRequestMessage" because it is missing required fields: s, succ_groupidx, succ_replicaidx
[libprotobuf ERROR google/protobuf/message_lite.cc:121] Can't parse message of type "replication.iocl_craq.proto.SuccessorRequestMessage" because it is missing required fields: s, succ_groupidx, succ_replicaidx
[libprotobuf ERROR google/protobuf/message_lite.cc:121] Can't parse message of type "replication.iocl_craq.proto.SuccessorRequestMessage" because it is missing required fields: s, succ_groupidx, succ_replicaidx
[libprotobuf ERROR google/protobuf/message_lite.cc:121] Can't parse message of type "replication.iocl_craq.proto.SuccessorRequestMessage" because it is missing required fields: s, succ_groupidx, succ_replicaidx
[libprotobuf ERROR google/protobuf/message_lite.cc:121] Can't parse message of type "replication.iocl_craq.proto.SuccessorRequestMessage" because it is missing required fields: s, succ_groupidx, succ_replicaidx
[libprotobuf ERROR google/protobuf/message_lite.cc:121] Can't parse message of type "replication.iocl_craq.proto.SuccessorRequestMessage" because it is missing required fields: s, succ_groupidx, succ_replicaidx
[libprotobuf ERROR google/protobuf/message_lite.cc:121] Can't parse message of type "replication.iocl_craq.proto.SuccessorRequestMessage" because it is missing required fields: s, succ_groupidx, succ_replicaidx
[libprotobuf ERROR google/protobuf/message_lite.cc:121] Can't parse message of type "replication.iocl_craq.proto.SuccessorRequestMessage" because it is missing required fields: s, succ_groupidx, succ_replicaidx
[libprotobuf ERROR google/protobuf/message_lite.cc:121] Can't parse message of type "replication.iocl_craq.proto.SuccessorRequestMessage" because it is missing required fields: s, succ_groupidx, succ_replicaidx
[libprotobuf ERROR google/protobuf/message_lite.cc:121] Can't parse message of type "replication.iocl_craq.proto.SuccessorRequestMessage" because it is missing required fields: s, succ_groupidx, succ_replicaidx
[libprotobuf ERROR google/protobuf/message_lite.cc:121] Can't parse message of type "replication.iocl_craq.proto.SuccessorRequestMessage" because it is missing required fields: s, succ_groupidx, succ_replicaidx
[libprotobuf ERROR google/protobuf/message_lite.cc:121] Can't parse message of type "replication.iocl_craq.proto.SuccessorRequestMessage" because it is missing required fields: s, succ_groupidx, succ_replicaidx
[libprotobuf ERROR google/protobuf/message_lite.cc:121] Can't parse message of type "replication.iocl_craq.proto.SuccessorRequestMessage" because it is missing required fields: s, succ_groupidx, succ_replicaidx
[libprotobuf ERROR google/protobuf/message_lite.cc:121] Can't parse message of type "replication.iocl_craq.proto.SuccessorRequestMessage" because it is missing required fields: s, succ_groupidx, succ_replicaidx
[libprotobuf ERROR google/protobuf/message_lite.cc:121] Can't parse message of type "replication.iocl_craq.proto.SuccessorRequestMessage" because it is missing required fields: s, succ_groupidx, succ_replicaidx
[libprotobuf ERROR google/protobuf/message_lite.cc:121] Can't parse message of type "replication.iocl_craq.proto.SuccessorRequestMessage" because it is missing required fields: s, succ_groupidx, succ_replicaidx
[libprotobuf ERROR google/protobuf/message_lite.cc:121] Can't parse message of type "replication.iocl_craq.proto.SuccessorRequestMessage" because it is missing required fields: s, succ_groupidx, succ_replicaidx
[libprotobuf ERROR google/protobuf/message_lite.cc:121] Can't parse message of type "replication.iocl_craq.proto.SuccessorRequestMessage" because it is missing required fields: s, succ_groupidx, succ_replicaidx
[libprotobuf ERROR google/protobuf/message_lite.cc:121] Can't parse message of type "replication.iocl_craq.proto.SuccessorRequestMessage" because it is missing required fields: s, succ_groupidx, succ_replicaidx
[libprotobuf ERROR google/protobuf/message_lite.cc:121] Can't parse message of type "replication.iocl_craq.proto.SuccessorRequestMessage" because it is missing required fields: s, succ_groupidx, succ_replicaidx
[libprotobuf ERROR google/protobuf/message_lite.cc:121] Can't parse message of type "replication.iocl_craq.proto.SuccessorRequestMessage" because it is missing required fields: s, succ_groupidx, succ_replicaidx
[libprotobuf ERROR google/protobuf/message_lite.cc:121] Can't parse message of type "replication.iocl_craq.proto.SuccessorRequestMessage" because it is missing required fields: s, succ_groupidx, succ_replicaidx
[libprotobuf ERROR google/protobuf/message_lite.cc:121] Can't parse message of type "replication.iocl_craq.proto.SuccessorRequestMessage" because it is missing required fields: s, succ_groupidx, succ_replicaidx
[libprotobuf ERROR google/protobuf/message_lite.cc:121] Can't parse message of type "replication.iocl_craq.proto.SuccessorRequestMessage" because it is missing required fields: s, succ_groupidx, succ_replicaidx
[libprotobuf ERROR google/protobuf/message_lite.cc:121] Can't parse message of type "replication.iocl_craq.proto.SuccessorRequestMessage" because it is missing required fields: s, succ_groupidx, succ_replicaidx
[libprotobuf ERROR google/protobuf/message_lite.cc:121] Can't parse message of type "replication.iocl_craq.proto.SuccessorRequestMessage" because it is missing required fields: s, succ_groupidx, succ_replicaidx
[libprotobuf ERROR google/protobuf/message_lite.cc:121] Can't parse message of type "replication.iocl_craq.proto.SuccessorRequestMessage" because it is missing required fields: s, succ_groupidx, succ_replicaidx
[libprotobuf ERROR google/protobuf/message_lite.cc:121] Can't parse message of type "replication.iocl_craq.proto.SuccessorRequestMessage" because it is missing required fields: s, succ_groupidx, succ_replicaidx
[libprotobuf ERROR google/protobuf/message_lite.cc:121] Can't parse message of type "replication.iocl_craq.proto.SuccessorRequestMessage" because it is missing required fields: s, succ_groupidx, succ_replicaidx
[libprotobuf ERROR google/protobuf/message_lite.cc:121] Can't parse message of type "replication.iocl_craq.proto.SuccessorRequestMessage" because it is missing required fields: s, succ_groupidx, succ_replicaidx
[libprotobuf ERROR google/protobuf/message_lite.cc:121] Can't parse message of type "replication.iocl_craq.proto.SuccessorRequestMessage" because it is missing required fields: s, succ_groupidx, succ_replicaidx
[libprotobuf ERROR google/protobuf/message_lite.cc:121] Can't parse message of type "replication.iocl_craq.proto.SuccessorRequestMessage" because it is missing required fields: s, succ_groupidx, succ_replicaidx
[libprotobuf ERROR google/protobuf/message_lite.cc:121] Can't parse message of type "replication.iocl_craq.proto.SuccessorRequestMessage" because it is missing required fields: s, succ_groupidx, succ_replicaidx
[libprotobuf ERROR google/protobuf/message_lite.cc:121] Can't parse message of type "replication.iocl_craq.proto.SuccessorRequestMessage" because it is missing required fields: s, succ_groupidx, succ_replicaidx
[libprotobuf ERROR google/protobuf/message_lite.cc:121] Can't parse message of type "replication.iocl_craq.proto.SuccessorRequestMessage" because it is missing required fields: s, succ_groupidx, succ_replicaidx
[libprotobuf ERROR google/protobuf/message_lite.cc:121] Can't parse message of type "replication.iocl_craq.proto.SuccessorRequestMessage" because it is missing required fields: s, succ_groupidx, succ_replicaidx
[libprotobuf ERROR google/protobuf/message_lite.cc:121] Can't parse message of type "replication.iocl_craq.proto.SuccessorRequestMessage" because it is missing required fields: s, succ_groupidx, succ_replicaidx
[libprotobuf ERROR google/protobuf/message_lite.cc:121] Can't parse message of type "replication.iocl_craq.proto.SuccessorRequestMessage" because it is missing required fields: s, succ_groupidx, succ_replicaidx
[libprotobuf ERROR google/protobuf/message_lite.cc:121] Can't parse message of type "replication.iocl_craq.proto.SuccessorRequestMessage" because it is missing required fields: s, succ_groupidx, succ_replicaidx
[libprotobuf ERROR google/protobuf/message_lite.cc:121] Can't parse message of type "replication.iocl_craq.proto.SuccessorRequestMessage" because it is missing required fields: s, succ_groupidx, succ_replicaidx
[libprotobuf ERROR google/protobuf/message_lite.cc:121] Can't parse message of type "replication.iocl_craq.proto.SuccessorRequestMessage" because it is missing required fields: s, succ_groupidx, succ_replicaidx
[libprotobuf ERROR google/protobuf/message_lite.cc:121] Can't parse message of type "replication.iocl_craq.proto.SuccessorRequestMessage" because it is missing required fields: s, succ_groupidx, succ_replicaidx
[libprotobuf ERROR google/protobuf/message_lite.cc:121] Can't parse message of type "replication.iocl_craq.proto.SuccessorRequestMessage" because it is missing required fields: s, succ_groupidx, succ_replicaidx
[libprotobuf ERROR google/protobuf/message_lite.cc:121] Can't parse message of type "replication.iocl_craq.proto.SuccessorRequestMessage" because it is missing required fields: s, succ_groupidx, succ_replicaidx
[libprotobuf ERROR google/protobuf/message_lite.cc:121] Can't parse message of type "replication.iocl_craq.proto.SuccessorRequestMessage" because it is missing required fields: s, succ_groupidx, succ_replicaidx
[libprotobuf ERROR google/protobuf/message_lite.cc:121] Can't parse message of type "replication.iocl_craq.proto.SuccessorRequestMessage" because it is missing required fields: s, succ_groupidx, succ_replicaidx
[libprotobuf ERROR google/protobuf/message_lite.cc:121] Can't parse message of type "replication.iocl_craq.proto.SuccessorRequestMessage" because it is missing required fields: s, succ_groupidx, succ_replicaidx
[libprotobuf ERROR google/protobuf/message_lite.cc:121] Can't parse message of type "replication.iocl_craq.proto.SuccessorRequestMessage" because it is missing required fields: s, succ_groupidx, succ_replicaidx
[libprotobuf ERROR google/protobuf/message_lite.cc:121] Can't parse message of type "replication.iocl_craq.proto.SuccessorRequestMessage" because it is missing required fields: s, succ_groupidx, succ_replicaidx
[libprotobuf ERROR google/protobuf/message_lite.cc:121] Can't parse message of type "replication.iocl_craq.proto.SuccessorRequestMessage" because it is missing required fields: s, succ_groupidx, succ_replicaidx
[libprotobuf ERROR google/protobuf/message_lite.cc:121] Can't parse message of type "replication.iocl_craq.proto.SuccessorRequestMessage" because it is missing required fields: s, succ_groupidx, succ_replicaidx
[libprotobuf ERROR google/protobuf/message_lite.cc:121] Can't parse message of type "replication.iocl_craq.proto.SuccessorRequestMessage" because it is missing required fields: s, succ_groupidx, succ_replicaidx
[libprotobuf ERROR google/protobuf/message_lite.cc:121] Can't parse message of type "replication.iocl_craq.proto.SuccessorRequestMessage" because it is missing required fields: s, succ_groupidx, succ_replicaidx
[libprotobuf ERROR google/protobuf/message_lite.cc:121] Can't parse message of type "replication.iocl_craq.proto.SuccessorRequestMessage" because it is missing required fields: s, succ_groupidx, succ_replicaidx
[libprotobuf ERROR google/protobuf/message_lite.cc:121] Can't parse message of type "replication.iocl_craq.proto.SuccessorRequestMessage" because it is missing required fields: s, succ_groupidx, succ_replicaidx
[libprotobuf ERROR google/protobuf/message_lite.cc:121] Can't parse message of type "replication.iocl_craq.proto.SuccessorRequestMessage" because it is missing required fields: s, succ_groupidx, succ_replicaidx
[libprotobuf ERROR google/protobuf/message_lite.cc:121] Can't parse message of type "replication.iocl_craq.proto.SuccessorRequestMessage" because it is missing required fields: s, succ_groupidx, succ_replicaidx
[libprotobuf ERROR google/protobuf/message_lite.cc:121] Can't parse message of type "replication.iocl_craq.proto.SuccessorRequestMessage" because it is missing required fields: s, succ_groupidx, succ_replicaidx
[libprotobuf ERROR google/protobuf/message_lite.cc:121] Can't parse message of type "replication.iocl_craq.proto.SuccessorRequestMessage" because it is missing required fields: s, succ_groupidx, succ_replicaidx
[libprotobuf ERROR google/protobuf/message_lite.cc:121] Can't parse message of type "replication.iocl_craq.proto.SuccessorRequestMessage" because it is missing required fields: s, succ_groupidx, succ_replicaidx
[libprotobuf ERROR google/protobuf/message_lite.cc:121] Can't parse message of type "replication.iocl_craq.proto.SuccessorRequestMessage" because it is missing required fields: s, succ_groupidx, succ_replicaidx
[libprotobuf ERROR google/protobuf/message_lite.cc:121] Can't parse message of type "replication.iocl_craq.proto.SuccessorRequestMessage" because it is missing required fields: s, succ_groupidx, succ_replicaidx
[libprotobuf ERROR google/protobuf/message_lite.cc:121] Can't parse message of type "replication.iocl_craq.proto.SuccessorRequestMessage" because it is missing required fields: s, succ_groupidx, succ_replicaidx
[libprotobuf ERROR google/protobuf/message_lite.cc:121] Can't parse message of type "replication.iocl_craq.proto.SuccessorRequestMessage" because it is missing required fields: s, succ_groupidx, succ_replicaidx
[libprotobuf ERROR google/protobuf/message_lite.cc:121] Can't parse message of type "replication.iocl_craq.proto.SuccessorRequestMessage" because it is missing required fields: s, succ_groupidx, succ_replicaidx
[libprotobuf ERROR google/protobuf/message_lite.cc:121] Can't parse message of type "replication.iocl_craq.proto.SuccessorRequestMessage" because it is missing required fields: s, succ_groupidx, succ_replicaidx
[libprotobuf ERROR google/protobuf/message_lite.cc:121] Can't parse message of type "replication.iocl_craq.proto.SuccessorRequestMessage" because it is missing required fields: s, succ_groupidx, succ_replicaidx
[libprotobuf ERROR google/protobuf/message_lite.cc:121] Can't parse message of type "replication.iocl_craq.proto.SuccessorRequestMessage" because it is missing required fields: s, succ_groupidx, succ_replicaidx
[libprotobuf ERROR google/protobuf/message_lite.cc:121] Can't parse message of type "replication.iocl_craq.proto.SuccessorRequestMessage" because it is missing required fields: s, succ_groupidx, succ_replicaidx
[libprotobuf ERROR google/protobuf/message_lite.cc:121] Can't parse message of type "replication.iocl_craq.proto.SuccessorRequestMessage" because it is missing required fields: s, succ_groupidx, succ_replicaidx
[libprotobuf ERROR google/protobuf/message_lite.cc:121] Can't parse message of type "replication.iocl_craq.proto.SuccessorRequestMessage" because it is missing required fields: s, succ_groupidx, succ_replicaidx
[libprotobuf ERROR google/protobuf/message_lite.cc:121] Can't parse message of type "replication.iocl_craq.proto.SuccessorRequestMessage" because it is missing required fields: s, succ_groupidx, succ_replicaidx
[libprotobuf ERROR google/protobuf/message_lite.cc:121] Can't parse message of type "replication.iocl_craq.proto.SuccessorRequestMessage" because it is missing required fields: s, succ_groupidx, succ_replicaidx
[libprotobuf ERROR google/protobuf/message_lite.cc:121] Can't parse message of type "replication.iocl_craq.proto.SuccessorRequestMessage" because it is missing required fields: s, succ_groupidx, succ_replicaidx
[libprotobuf ERROR google/protobuf/message_lite.cc:121] Can't parse message of type "replication.iocl_craq.proto.SuccessorRequestMessage" because it is missing required fields: s, succ_groupidx, succ_replicaidx
20260313-062832-4693 21413 * SendRequest     (client.cc:198):    Sending client request with id 1 (shardtag=103079215106 predlist_size=1)
[libprotobuf ERROR google/protobuf/message_lite.cc:121] Can't parse message of type "replication.iocl_craq.proto.SuccessorRequestMessage" because it is missing required fields: s, succ_groupidx, succ_replicaidx
[libprotobuf ERROR google/protobuf/message_lite.cc:121] Can't parse message of type "replication.iocl_craq.proto.SuccessorRequestMessage" because it is missing required fields: s, succ_groupidx, succ_replicaidx
[libprotobuf ERROR google/protobuf/message_lite.cc:121] Can't parse message of type "replication.iocl_craq.proto.SuccessorRequestMessage" because it is missing required fields: s, succ_groupidx, succ_replicaidx
[libprotobuf ERROR google/protobuf/message_lite.cc:121] Can't parse message of type "replication.iocl_craq.proto.SuccessorRequestMessage" because it is missing required fields: s, succ_groupidx, succ_replicaidx
[libprotobuf ERROR google/protobuf/message_lite.cc:121] Can't parse message of type "replication.iocl_craq.proto.SuccessorRequestMessage" because it is missing required fields: s, succ_groupidx, succ_replicaidx
[libprotobuf ERROR google/protobuf/message_lite.cc:121] Can't parse message of type "replication.iocl_craq.proto.SuccessorRequestMessage" because it is missing required fields: s, succ_groupidx, succ_replicaidx
[libprotobuf ERROR google/protobuf/message_lite.cc:121] Can't parse message of type "replication.iocl_craq.proto.SuccessorRequestMessage" because it is missing required fields: s, succ_groupidx, succ_replicaidx
[libprotobuf ERROR google/protobuf/message_lite.cc:121] Can't parse message of type "replication.iocl_craq.proto.SuccessorRequestMessage" because it is missing required fields: s, succ_groupidx, succ_replicaidx
[libprotobuf ERROR google/protobuf/message_lite.cc:121] Can't parse message of type "replication.iocl_craq.proto.SuccessorRequestMessage" because it is missing required fields: s, succ_groupidx, succ_replicaidx
[libprotobuf ERROR google/protobuf/message_lite.cc:121] Can't parse message of type "replication.iocl_craq.proto.SuccessorRequestMessage" because it is missing required fields: s, succ_groupidx, succ_replicaidx
20260313-062833-1279 21413 * SendRequest     (client.cc:198):    Sending client request with id 2 (shardtag=34359738369 predlist_size=1)
20260313-062834-5874 21413 * SendRequest     (client.cc:198):    Sending client request with id 3 (shardtag=103079215107 predlist_size=0)
20260313-062834-5875 21413 * SendRequest     (client.cc:198):    Sending client request with id 4 (shardtag=103079215108 predlist_size=1)
20260313-062835-2447 21413 * SendRequest     (client.cc:198):    Sending client request with id 5 (shardtag=34359738370 predlist_size=1)
20260313-062835-5747 21413 * SendRequest     (client.cc:198):    Sending client request with id 6 (shardtag=51539607555 predlist_size=1)
20260313-062836-2981 21413 * SendRequest     (client.cc:198):    Sending client request with id 7 (shardtag=103079215109 predlist_size=0)
20260313-062836-8023 21413 * SendRequest     (client.cc:198):    Sending client request with id 8 (shardtag=103079215110 predlist_size=1)
20260313-062836-8025 21413 * SendRequest     (client.cc:198):    Sending client request with id 9 (shardtag=103079215111 predlist_size=1)
20260313-062837-4074 21413 * SendRequest     (client.cc:198):    Sending client request with id 10 (shardtag=103079215112 predlist_size=0)
20260313-062837-9942 21413 * SendRequest     (client.cc:198):    Sending client request with id 11 (shardtag=51539607556 predlist_size=1)
20260313-062838-3764 21413 * SendRequest     (client.cc:198):    Sending client request with id 12 (shardtag=68719476740 predlist_size=1)
20260313-062838-9151 21413 * SendRequest     (client.cc:198):    Sending client request with id 13 (shardtag=120259084290 predlist_size=1)
20260313-062838-9153 21413 * SendRequest     (client.cc:198):    Sending client request with id 14 (shardtag=120259084291 predlist_size=1)
20260313-062839-2787 21413 * SendRequest     (client.cc:198):    Sending client request with id 15 (shardtag=34359738376 predlist_size=1)
20260313-062839-8282 21413 * SendRequest     (client.cc:198):    Sending client request with id 16 (shardtag=103079215114 predlist_size=1)
20260313-062840-6290 21413 * SendRequest     (client.cc:198):    Sending client request with id 17 (shardtag=120259084294 predlist_size=1)
20260313-062840-6292 21413 * SendRequest     (client.cc:198):    Sending client request with id 18 (shardtag=120259084295 predlist_size=1)
20260313-062840-6948 21413 * SendRequest     (client.cc:198):    Sending client request with id 19 (shardtag=68719476742 predlist_size=1)
20260313-062840-9416 21413 * SendRequest     (client.cc:198):    Sending client request with id 20 (shardtag=137438953477 predlist_size=1)
20260313-062841-4175 21413 * SendRequest     (client.cc:198):    Sending client request with id 21 (shardtag=51539607557 predlist_size=1)
20260313-062842-0493 21413 * SendRequest     (client.cc:198):    Sending client request with id 22 (shardtag=137438953478 predlist_size=0)
20260313-062842-9288 21413 * SendRequest     (client.cc:198):    Sending client request with id 23 (shardtag=51539607558 predlist_size=1)
20260313-062843-1923 21413 * SendRequest     (client.cc:198):    Sending client request with id 24 (shardtag=85899345922 predlist_size=0)
20260313-062843-7860 21413 * SendRequest     (client.cc:198):    Sending client request with id 25 (shardtag=154618822660 predlist_size=1)
20260313-062845-0288 21413 * SendRequest     (client.cc:198):    Sending client request with id 26 (shardtag=68719476744 predlist_size=0)
20260313-062845-1763 21413 * SendRequest     (client.cc:198):    Sending client request with id 27 (shardtag=137438953480 predlist_size=1)
20260313-062846-4413 21413 * SendRequest     (client.cc:198):    Sending client request with id 28 (shardtag=68719476745 predlist_size=1)
20260313-062846-4875 21413 * SendRequest     (client.cc:198):    Sending client request with id 29 (shardtag=137438953481 predlist_size=1)
20260313-062846-7780 21413 * SendRequest     (client.cc:198):    Sending client request with id 30 (shardtag=120259084299 predlist_size=0)
20260313-062847-0099 21413 * SendRequest     (client.cc:198):    Sending client request with id 31 (shardtag=154618822661 predlist_size=1)
20260313-062847-5644 21413 * SendRequest     (client.cc:198):    Sending client request with id 32 (shardtag=51539607562 predlist_size=1)
20260313-062847-8158 21413 * SendRequest     (client.cc:198):    Sending client request with id 33 (shardtag=154618822662 predlist_size=0)
20260313-062847-9987 21413 * SendRequest     (client.cc:198):    Sending client request with id 34 (shardtag=137438953482 predlist_size=0)
20260313-062849-2029 21413 * SendRequest     (client.cc:198):    Sending client request with id 35 (shardtag=103079215118 predlist_size=0)
20260313-062849-3671 21413 * SendRequest     (client.cc:198):    Sending client request with id 36 (shardtag=34359738383 predlist_size=1)
20260313-062850-4230 21413 * SendRequest     (client.cc:198):    Sending client request with id 37 (shardtag=137438953483 predlist_size=1)
20260313-062851-1782 21413 * SendRequest     (client.cc:198):    Sending client request with id 38 (shardtag=68719476746 predlist_size=1)
20260313-062851-3966 21413 * SendRequest     (client.cc:198):    Sending client request with id 39 (shardtag=51539607566 predlist_size=1)
20260313-062852-0022 21413 * SendRequest     (client.cc:198):    Sending client request with id 40 (shardtag=51539607567 predlist_size=1)
20260313-062852-6421 21413 * SendRequest     (client.cc:198):    Sending client request with id 41 (shardtag=137438953484 predlist_size=0)
20260313-062852-7682 21413 * SendRequest     (client.cc:198):    Sending client request with id 42 (shardtag=85899345923 predlist_size=1)
20260313-062853-1929 21413 * SendRequest     (client.cc:198):    Sending client request with id 43 (shardtag=68719476747 predlist_size=1)
20260313-062853-6629 21413 * SendRequest     (client.cc:198):    Sending client request with id 44 (shardtag=154618822665 predlist_size=0)
20260313-062854-6245 21413 * SendRequest     (client.cc:198):    Sending client request with id 45 (shardtag=51539607568 predlist_size=1)
20260313-062855-0740 21413 * SendRequest     (client.cc:198):    Sending client request with id 46 (shardtag=154618822667 predlist_size=1)
20260313-062855-6190 21413 * SendRequest     (client.cc:198):    Sending client request with id 47 (shardtag=34359738386 predlist_size=1)
20260313-062855-6918 21413 * SendRequest     (client.cc:198):    Sending client request with id 48 (shardtag=85899345924 predlist_size=1)
20260313-062855-7102 21413 * SendRequest     (client.cc:198):    Sending client request with id 49 (shardtag=68719476748 predlist_size=1)
20260313-062855-8701 21413 * SendRequest     (client.cc:198):    Sending client request with id 50 (shardtag=137438953488 predlist_size=1)
20260313-062856-3841 21413 * SendRequest     (client.cc:198):    Sending client request with id 51 (shardtag=154618822668 predlist_size=1)
20260313-062856-4989 21413 * SendRequest     (client.cc:198):    Sending client request with id 52 (shardtag=85899345926 predlist_size=1)
20260313-062857-9967 21413 * SendRequest     (client.cc:198):    Sending client request with id 53 (shardtag=154618822669 predlist_size=1)
20260313-062858-0370 21413 * SendRequest     (client.cc:198):    Sending client request with id 54 (shardtag=34359738387 predlist_size=1)
20260313-062858-4527 21413 * SendRequest     (client.cc:198):    Sending client request with id 55 (shardtag=51539607569 predlist_size=1)
20260313-062859-6094 21413 * SendRequest     (client.cc:198):    Sending client request with id 56 (shardtag=154618822670 predlist_size=0)
20260313-062903-3816 21413 ! TCPIncomingEventCallback (tcptransport.cc:942): [TCP INCOMING 128] EOF, lifetime=30915.02 ms
20260313-062903-3817 21413 ! TCPIncomingEventCallback (tcptransport.cc:942): [TCP INCOMING 133] EOF, lifetime=30906.28 ms
20260313-062903-3822 21413 ! TCPIncomingEventCallback (tcptransport.cc:942): [TCP INCOMING 127] EOF, lifetime=30921.95 ms
20260313-062903-3824 21413 ! TCPIncomingEventCallback (tcptransport.cc:942): [TCP INCOMING 129] EOF, lifetime=30913.28 ms
20260313-062903-3988 21413 ! TCPIncomingEventCallback (tcptransport.cc:942): [TCP INCOMING 132] EOF, lifetime=30927.40 ms
20260313-062903-3989 21413 ! TCPIncomingEventCallback (tcptransport.cc:942): [TCP INCOMING 134] EOF, lifetime=30919.06 ms
20260313-062903-4208 21413 ! TCPIncomingEventCallback (tcptransport.cc:942): [TCP INCOMING 118] EOF, lifetime=31127.59 ms
20260313-062903-4209 21413 ! TCPIncomingEventCallback (tcptransport.cc:942): [TCP INCOMING 120] EOF, lifetime=31118.82 ms
20260313-062903-4462 21413 ! TCPIncomingEventCallback (tcptransport.cc:942): [TCP INCOMING 122] EOF, lifetime=31021.12 ms
20260313-062903-4464 21413 ! TCPIncomingEventCallback (tcptransport.cc:942): [TCP INCOMING 124] EOF, lifetime=31012.71 ms
20260313-062903-5500 21413 ! TCPIncomingEventCallback (tcptransport.cc:942): [TCP INCOMING 121] EOF, lifetime=31131.31 ms
20260313-062903-5502 21413 ! TCPIncomingEventCallback (tcptransport.cc:942): [TCP INCOMING 123] EOF, lifetime=31122.75 ms
20260313-062903-6096 21413 ! TCPIncomingEventCallback (tcptransport.cc:942): [TCP INCOMING 117] EOF, lifetime=31317.91 ms
20260313-062903-6098 21413 ! TCPIncomingEventCallback (tcptransport.cc:942): [TCP INCOMING 119] EOF, lifetime=31309.35 ms
20260313-062903-6643 21413 ! TCPIncomingEventCallback (tcptransport.cc:942): [TCP INCOMING 125] EOF, lifetime=31221.07 ms
20260313-062903-6645 21413 ! TCPIncomingEventCallback (tcptransport.cc:942): [TCP INCOMING 126] EOF, lifetime=31212.39 ms
20260313-062910-1562 21413 * Cleanup         (server.cc:589):    Gracefully exiting after signal 15.
20260313-062910-1563 21413 * Stop            (tcptransport.cc:605): [TCP SUMMARY] outgoingCreated=59 outgoingClosed=0 incomingCreated=75 incomingClosed=16 outgoingPeak=130 incomingPeak=38
Inserted events:
  0x55f2706b50d0 [fd  9] Read Persist Internal
  0x55f2706bce30 [fd  10] Read Persist
  0x55f2706c82e0 [fd  11] Read Persist
  0x55f27cd720d0 [fd  12] Read Persist
  0x55f27cd722f0 [fd  13] Read Persist
  0x55f27cd72510 [fd  14] Read Persist
  0x55f27cd6f310 [fd  15] Read Persist
  0x55f27cd63990 [fd  16] Read Persist
  0x55f27cd6d750 [fd  17] Read Persist
  0x55f27cd64f50 [fd  18] Read Persist
  0x55f27cd6dc00 [fd  19] Read Persist
  0x55f27cd6e8f0 [fd  20] Read Persist
  0x55f27cd63e70 [fd  21] Read Persist
  0x55f27cd64410 [fd  22] Read Persist
  0x55f27cd647b0 [fd  23] Read Persist
  0x55f27cd64bb0 [fd  24] Read Persist
  0x55f27cd62b70 [fd  25] Read Persist
  0x55f27cd63100 [fd  26] Read Persist
  0x55f27cd63690 [fd  27] Read Persist
  0x55f27cd6ad60 [fd  28] Read Persist
  0x55f27cd6b420 [fd  29] Read Persist
  0x55f27cd6b9b0 [fd  30] Read Persist
  0x55f27cd6bec0 [fd  31] Read Persist
  0x55f27cd6c450 [fd  32] Read Persist
  0x55f27cd72730 [fd  33] Read Persist
  0x55f27cd72c50 [fd  34] Read Persist
  0x55f27cd731e0 [fd  35] Read Persist
  0x55f27cd73770 [fd  36] Read Persist
  0x55f27cd73d00 [fd  37] Read Persist
  0x55f27cd74290 [fd  38] Read Persist
  0x55f27cd74820 [fd  39] Read Persist
  0x55f27cd74db0 [fd  40] Read Persist
  0x55f27cd75340 [fd  41] Read Persist
  0x55f27cd758d0 [fd  42] Read Persist
  0x55f27cd75e60 [fd  43] Read Persist
  0x55f27cd76280 [fd  44] Read Persist
  0x55f27cd764a0 [fd  45] Read Persist
  0x55f27cd76750 [fd  46] Read Persist
  0x55f27cd76af0 [fd  47] Read Persist
  0x55f27cd76e90 [fd  48] Read Persist
  0x55f27cd774b0 [fd  49] Read Persist
  0x55f27cd77850 [fd  50] Read Persist
  0x55f27cd77bf0 [fd  51] Read Persist
  0x55f27cd77f90 [fd  52] Read Persist
  0x55f27cd78330 [fd  53] Read Persist
  0x55f27cd786d0 [fd  54] Read Persist
  0x55f27cd78a70 [fd  55] Read Persist
  0x55f27cd78e10 [fd  56] Read Persist
  0x55f27cd791b0 [fd  57] Read Persist
  0x55f27cd79550 [fd  58] Read Persist
  0x55f27cd798f0 [fd  59] Read Persist
  0x55f27cd79cc0 [fd  60] Read Persist
  0x55f27cd7a090 [fd  61] Read Persist
  0x55f27cd7a460 [fd  62] Read Persist
  0x55f27cd7a830 [fd  63] Read Persist
  0x55f27cd7ac00 [fd  64] Read Persist
  0x55f2706c4980 [fd  65] Read Persist
  0x55f27cd7b410 [fd  66] Read Persist
  0x55f27cd7b750 [fd  67] Read Persist
  0x55f27cd7ba90 [fd  68] Read Persist
  0x55f27cd7bdd0 [fd  69] Read Persist
  0x55f27cd7c110 [fd  70] Read Persist
  0x55f27cd7cdf0 [fd  71] Read Persist
  0x55f27cd7c860 [fd  72] Read Persist
  0x55f27cd81da0 [fd  73] Read Persist
  0x55f27cd8ced0 [fd  74] Read Persist
  0x55f27cd8d0f0 [fd  75] Read Persist
  0x55f27cd8d310 [fd  76] Read Persist
  0x55f27cd8d530 [fd  77] Read Persist
  0x55f27cd8d750 [fd  78] Read Persist
  0x55f27cd8da40 [fd  79] Read Persist
  0x55f27cd8de50 [fd  80] Read Persist
  0x55f27cd8e260 [fd  81] Read Persist
  0x55f27cd8e670 [fd  82] Read Persist
  0x55f27cd8ea80 [fd  83] Read Persist
  0x55f27cd8ee90 [fd  84] Read Persist
  0x55f27cd8f2a0 [fd  85] Read Persist
  0x55f27cd8f6b0 [fd  86] Read Persist
  0x55f27cd8fac0 [fd  87] Read Persist
  0x55f27cd8fed0 [fd  88] Read Persist
  0x55f27cd90460 [fd  89] Read Persist
  0x55f27cd909f0 [fd  90] Read Persist
  0x55f27cd91a00 [fd  91] Read Persist
  0x55f27cd91f90 [fd  92] Read Persist
  0x55f27cd92520 [fd  93] Read Persist
  0x55f27cd92ab0 [fd  94] Read Persist
  0x55f27cd93040 [fd  95] Read Persist
  0x55f27cd935d0 [fd  96] Read Persist
  0x55f27cd93b60 [fd  97] Read Persist
  0x55f27cd940f0 [fd  98] Read Persist
  0x55f27cd94680 [fd  99] Read Persist
  0x55f27cd71520 [fd  100] Read Persist
  0x55f27cd98c80 [fd  101] Read Persist
  0x55f27cd990f0 [fd  102] Read Persist
  0x55f27cd99610 [fd  103] Read Persist
  0x55f27cd99a30 [fd  104] Read Persist
  0x55f27cd99ea0 [fd  105] Read Persist
  0x55f27cd9a310 [fd  106] Read Persist
  0x55f27cd95ae0 [fd  107] Read Persist
  0x55f27cd95f80 [fd  108] Read Persist
  0x55f27cd96420 [fd  109] Read Persist
  0x55f27cd96d10 [fd  110] Read Persist
  0x55f27cd971b0 [fd  111] Read Persist
  0x55f27cd97650 [fd  112] Read Persist
  0x55f27cd97af0 [fd  113] Read Persist
  0x55f27cd97f90 [fd  114] Read Persist
  0x55f27cd983b0 [fd  115] Read Persist
  0x55f27cd988d0 [fd  116] Read Persist
  0x55f27cd9b160 [fd  117] Read Persist
  0x55f27cd9b5d0 [fd  118] Read Persist
  0x55f27cd9ba70 [fd  119] Read Persist
  0x55f27cd9bf10 [fd  120] Read Persist
  0x55f27cd9c3b0 [fd  121] Read Persist
  0x55f27cd9c850 [fd  122] Read Persist
  0x55f27cd9ccf0 [fd  123] Read Persist
  0x55f27cd9d190 [fd  124] Read Persist
  0x55f27cd9d5b0 [fd  125] Read Persist
  0x55f27cd9da50 [fd  126] Read Persist
  0x55f27cd9df70 [fd  127] Read Persist
  0x55f27cd9ef90 [fd  141] Read Persist
  0x55f27cd9f4b0 [fd  142] Read Persist
Active events:
20260313-062910-1581 21413 * Cleanup         (server.cc:593):    Exporting stats to /mnt/extra/experiments/2026-04-13-06-28-00/out/server-0-8-1-stats-0.json.
20260313-062910-1583 21413 * Close           (replica.cc:1228):  [1] ReadStatsSummary clean=40 dirty=16 total=56
20260313-062910-1584 21413 * Close           (replica.cc:1230):  [1] ReadStatsDepth depth=1 count=14
20260313-062910-1584 21413 * Close           (replica.cc:1230):  [1] ReadStatsDepth depth=2 count=1
20260313-062910-1585 21413 * Close           (replica.cc:1230):  [1] ReadStatsDepth depth=3 count=1
20260313-062910-1585 21413 * Close           (replica.cc:1233):  [1] ReadStatsClient client=33 clean=40 dirty=16
