20260110-074741-7878 16778 * Client          (client.cc:73):     Initializing StrongStore client with id [2]
20260110-074741-7883 16778 * BenchmarkClient (bench_client.cc:89): starting benchclient, issueConcurrent: 0; fanout: 1
Session created: 0
last_service: , current_state: 0
Session continued: 0
last_service: , current_state: 0
Session destroyed: 18446744073709551615
last_service: , current_state: 0
20260110-075236-0097 16778 * Stop            (tcptransport.cc:606): [TCP SUMMARY] outgoingCreated=10 outgoingClosed=0 incomingCreated=0 incomingClosed=0 outgoingPeak=10 incomingPeak=0
Inserted events:
  0x15d05d0 [fd  7] Read Persist Internal
  0x15d06e0 [fd  8] Read Persist
  0x15d7500 [fd  9] Read Persist
  0x15ec880 [fd  10] Read Persist
  0x15f62c0 [fd  11] Read Persist
  0x15f73d0 [fd  12] Read Persist
  0x15f6ce0 [fd  13] Read Persist
  0x15f9060 [fd  14] Read Persist
  0x15f84a0 [fd  15] Read Persist
  0x15f9750 [fd  16] Read Persist
  0x15fa7a0 [fd  17] Read Persist
  0x7f26d0000b20 [fd  -1] Persist Timeout=1770735156.038558
Active events:
20260110-075236-0100 16778 * ~BenchmarkClient (bench_client.cc:114): Stopped event loop and Joined the thread it ran on
