#start,0,0
app,951963648,30925032138,1
user_create,951963648,30925032138,1
app,701315328,31626401901,1
user_create,701315328,31626401901,1
app,1046994944,32673449516,1
user_create,1046994944,32673449516,1
app,731058944,33404562711,1
user_create,731058944,33404562711,1
app,827264000,34231878757,1
user_create,827264000,34231878757,1
app,833222656,35065155744,1
user_create,833222656,35065155744,1
app,759479296,35824687719,1
user_create,759479296,35824687719,1
app,763829760,36588571786,1
user_create,763829760,36588571786,1
app,652605440,37241230964,1
user_create,652605440,37241230964,1
app,947586048,38188872575,1
user_create,947586048,38188872575,1
app,991292416,39180218696,1
user_create,991292416,39180218696,1
app,678221312,39858492851,1
user_create,678221312,39858492851,1
app,887425536,40745972394,1
user_create,887425536,40745972394,1
app,797889024,41543914318,1
user_create,797889024,41543914318,1
app,1212360960,42756328582,1
user_create,1212360960,42756328582,1
app,762988800,43519370079,1
user_create,762988800,43519370079,1
app,763059712,44282482862,1
user_create,763059712,44282482862,1
app,762456320,45044991016,1
user_create,762456320,45044991016,1
app,1054445056,46099489212,1
user_create,1054445056,46099489212,1
app,763836672,46863378763,1
user_create,763836672,46863378763,1
app,1139729664,48003160953,1
user_create,1139729664,48003160953,1
app,789988352,48793202161,1
user_create,789988352,48793202161,1
app,763984640,49557239294,1
user_create,763984640,49557239294,1
app,770565632,50327858448,1
user_create,770565632,50327858448,1
app,912669952,51240581512,1
user_create,912669952,51240581512,1
app,997373696,52238007307,1
user_create,997373696,52238007307,1
app,766041088,53004101037,1
user_create,766041088,53004101037,1
app,764618240,53768772602,1
user_create,764618240,53768772602,1
app,954786048,54723639488,1
user_create,954786048,54723639488,1
app,1006747392,55730441331,1
user_create,1006747392,55730441331,1
app,949587200,56680081844,1
user_create,949587200,56680081844,1
app,897656320,57577790498,1
user_create,897656320,57577790498,1
app,947607040,58525450706,1
user_create,947607040,58525450706,1
app,956407040,59481910705,1
user_create,956407040,59481910705,1
app,1040753408,60522716522,1
user_create,1040753408,60522716522,1
app,822425856,61345196247,1
user_create,822425856,61345196247,1
app,807883520,62153132915,1
user_create,807883520,62153132915,1
app,820941312,62974128007,1
user_create,820941312,62974128007,1
app,1013295616,63987477302,1
user_create,1013295616,63987477302,1
app,937198336,64924729585,1
user_create,937198336,64924729585,1
app,651411968,65576209068,1
user_create,651411968,65576209068,1
app,768837632,66345102787,1
user_create,768837632,66345102787,1
app,932000256,67277158975,1
user_create,932000256,67277158975,1
app,925420800,68202633857,1
user_create,925420800,68202633857,1
app,900485888,69103171825,1
user_create,900485888,69103171825,1
app,949561856,70052787065,1
user_create,949561856,70052787065,1
app,762326528,70815198659,1
user_create,762326528,70815198659,1
app,989193984,71804445028,1
user_create,989193984,71804445028,1
app,832893184,72637390375,1
user_create,832893184,72637390375,1
app,671637504,73309080839,1
user_create,671637504,73309080839,1
app,1041176832,74350310564,1
user_create,1041176832,74350310564,1
app,912273920,75262636661,1
user_create,912273920,75262636661,1
app,805555968,76068245410,1
user_create,805555968,76068245410,1
app,780764672,76849062919,1
user_create,780764672,76849062919,1
app,951377920,77800494194,1
user_create,951377920,77800494194,1
app,763419648,78563966274,1
user_create,763419648,78563966274,1
app,1187184384,79751203060,1
user_create,1187184384,79751203060,1
app,1029314560,80780570030,1
user_create,1029314560,80780570030,1
app,654455040,81435077905,1
user_create,654455040,81435077905,1
app,730678528,82165809154,1
user_create,730678528,82165809154,1
app,807852544,82973714351,1
user_create,807852544,82973714351,1
app,954414592,83928182363,1
user_create,954414592,83928182363,1
app,835053056,84763288259,1
user_create,835053056,84763288259,1
app,916410112,85679750204,1
user_create,916410112,85679750204,1
app,953734144,86633536815,1
user_create,953734144,86633536815,1
app,1126812416,87760401964,1
user_create,1126812416,87760401964,1
app,956736000,88717190027,1
user_create,956736000,88717190027,1
app,726086912,89443329334,1
user_create,726086912,89443329334,1
app,1014579456,90457961559,1
user_create,1014579456,90457961559,1
app,853393664,91311408758,1
user_create,853393664,91311408758,1
app,763364864,92074826717,1
user_create,763364864,92074826717,1
app,699703552,92774582624,1
user_create,699703552,92774582624,1
app,822113536,93596749782,1
user_create,822113536,93596749782,1
app,783078400,94379884719,1
user_create,783078400,94379884719,1
app,884809472,95264748334,1
user_create,884809472,95264748334,1
app,1295067136,96559871435,1
user_create,1295067136,96559871435,1
app,1003294464,97563219547,1
user_create,1003294464,97563219547,1
app,718711296,98281983375,1
user_create,718711296,98281983375,1
app,1002582016,99284617900,1
user_create,1002582016,99284617900,1
app,753277696,100037947893,1
user_create,753277696,100037947893,1
app,759106560,100797107219,1
user_create,759106560,100797107219,1
app,763031552,101560193777,1
user_create,763031552,101560193777,1
app,907474432,102467720746,1
user_create,907474432,102467720746,1
app,651961344,103119735002,1
user_create,651961344,103119735002,1
app,825114112,103944901227,1
user_create,825114112,103944901227,1
app,888999680,104833954811,1
user_create,888999680,104833954811,1
app,1015928832,105849936962,1
user_create,1015928832,105849936962,1
app,960705536,106810695409,1
user_create,960705536,106810695409,1
app,805064960,107615813732,1
user_create,805064960,107615813732,1
app,704663552,108320543527,1
user_create,704663552,108320543527,1
app,946686208,109267283678,1
user_create,946686208,109267283678,1
app,915888128,110183225393,1
user_create,915888128,110183225393,1
app,878964224,111062243223,1
user_create,878964224,111062243223,1
app,763854080,111826149463,1
user_create,763854080,111826149463,1
app,952850176,112779052734,1
user_create,952850176,112779052734,1
app,1149118976,113928224086,1
user_create,1149118976,113928224086,1
app,868776960,114797053575,1
user_create,868776960,114797053575,1
app,725832448,115522938489,1
user_create,725832448,115522938489,1
app,952610816,116475602626,1
user_create,952610816,116475602626,1
app,781107456,117256763219,1
user_create,781107456,117256763219,1
app,610251264,117867066144,1
user_create,610251264,117867066144,1
app,1133137664,119000256538,1
user_create,1133137664,119000256538,1
app,1030716416,120031025648,1
user_create,1030716416,120031025648,1
app,761908736,120792987346,1
user_create,761908736,120792987346,1
app,763074304,121556115150,1
user_create,763074304,121556115150,1
app,1186911744,122743082761,1
user_create,1186911744,122743082761,1
app,998629888,123741769075,1
user_create,998629888,123741769075,1
app,761318912,124503140211,1
user_create,761318912,124503140211,1
app,950312192,125453504800,1
user_create,950312192,125453504800,1
app,1065530880,126519088506,1
user_create,1065530880,126519088506,1
app,813788416,127332929849,1
user_create,813788416,127332929849,1
app,1296178944,128629161119,1
user_create,1296178944,128629161119,1
app,996930816,129626144886,1
user_create,996930816,129626144886,1
app,891802368,130517999887,1
user_create,891802368,130517999887,1
app,800270336,131318339824,1
user_create,800270336,131318339824,1
app,615042816,131933434486,1
user_create,615042816,131933434486,1
app,676849152,132610336065,1
user_create,676849152,132610336065,1
app,651308032,133261696815,1
user_create,651308032,133261696815,1
app,952533248,134214282274,1
user_create,952533248,134214282274,1
app,743909376,134958244800,1
user_create,743909376,134958244800,1
app,1042422016,136000720500,1
user_create,1042422016,136000720500,1
app,1002235904,137003009557,1
user_create,1002235904,137003009557,1
app,831933184,137834995508,1
user_create,831933184,137834995508,1
app,711136512,138546182870,1
user_create,711136512,138546182870,1
app,826333696,139372555255,1
user_create,826333696,139372555255,1
app,1142227200,140514838457,1
user_create,1142227200,140514838457,1
app,770618368,141285509824,1
user_create,770618368,141285509824,1
app,713900544,141999463081,1
user_create,713900544,141999463081,1
app,941057792,142940573692,1
user_create,941057792,142940573692,1
app,695156992,143635782480,1
user_create,695156992,143635782480,1
app,762263296,144398097991,1
user_create,762263296,144398097991,1
app,951926272,145350076198,1
user_create,951926272,145350076198,1
app,960661248,146310789585,1
user_create,960661248,146310789585,1
app,694298880,147005141258,1
user_create,694298880,147005141258,1
app,728583936,147733777999,1
user_create,728583936,147733777999,1
app,810240512,148544072151,1
user_create,810240512,148544072151,1
app,832020224,149376147270,1
user_create,832020224,149376147270,1
app,796544512,150172747611,1
user_create,796544512,150172747611,1
app,958734336,151131536245,1
user_create,958734336,151131536245,1
app,657848576,151789450883,1
user_create,657848576,151789450883,1
app,805214208,152594719648,1
user_create,805214208,152594719648,1
app,876666624,153471439361,1
user_create,876666624,153471439361,1
app,831874816,154303368091,1
user_create,831874816,154303368091,1
app,835341056,155138761758,1
user_create,835341056,155138761758,1
app,953344512,156092159271,1
user_create,953344512,156092159271,1
app,745245440,156837456941,1
user_create,745245440,156837456941,1
app,662722304,157500231504,1
user_create,662722304,157500231504,1
app,760594944,158260901927,1
user_create,760594944,158260901927,1
app,719806464,158980761766,1
user_create,719806464,158980761766,1
app,613686272,159594500303,1
user_create,613686272,159594500303,1
app,814742528,160409295320,1
user_create,814742528,160409295320,1
app,694144768,161103492736,1
user_create,694144768,161103492736,1
app,762770944,161866316318,1
user_create,762770944,161866316318,1
app,880073984,162746443271,1
user_create,880073984,162746443271,1
app,955822080,163702319145,1
user_create,955822080,163702319145,1
app,1031128576,164733500480,1
user_create,1031128576,164733500480,1
app,762978304,165496531963,1
user_create,762978304,165496531963,1
app,905270016,166401854515,1
user_create,905270016,166401854515,1
app,806706176,167208612680,1
user_create,806706176,167208612680,1
app,795287552,168003952741,1
user_create,795287552,168003952741,1
app,763838976,168767844676,1
user_create,763838976,168767844676,1
app,761928192,169529825448,1
user_create,761928192,169529825448,1
app,916404224,170446283102,1
user_create,916404224,170446283102,1
app,775813888,171222150087,1
user_create,775813888,171222150087,1
app,778144256,172000358343,1
user_create,778144256,172000358343,1
app,651454976,172651866436,1
user_create,651454976,172651866436,1
app,820357888,173472276926,1
user_create,820357888,173472276926,1
app,813575680,174285905838,1
user_create,813575680,174285905838,1
app,720630528,175006588935,1
user_create,720630528,175006588935,1
app,814072832,175820714712,1
user_create,814072832,175820714712,1
app,953939456,176774706840,1
user_create,953939456,176774706840,1
app,1180635136,177955395221,1
user_create,1180635136,177955395221,1
app,762890496,178718343019,1
user_create,762890496,178718343019,1
app,762813952,179481210947,1
user_create,762813952,179481210947,1
app,807425024,180288689851,1
user_create,807425024,180288689851,1
app,831299072,181120041370,1
user_create,831299072,181120041370,1
app,915742976,182035836458,1
user_create,915742976,182035836458,1
app,765224704,182801113605,1
user_create,765224704,182801113605,1
app,1005210112,183806378364,1
user_create,1005210112,183806378364,1
app,804520960,184610954523,1
user_create,804520960,184610954523,1
app,775233792,185386241674,1
user_create,775233792,185386241674,1
app,953464832,186339758872,1
user_create,953464832,186339758872,1
app,622063872,186961876153,1
user_create,622063872,186961876153,1
app,928713984,187890642642,1
user_create,928713984,187890642642,1
app,908989440,188799684524,1
user_create,908989440,188799684524,1
app,761847808,189561584949,1
user_create,761847808,189561584949,1
app,908530432,190470167875,1
user_create,908530432,190470167875,1
app,653271296,191123493432,1
user_create,653271296,191123493432,1
app,1451144960,192574692726,1
user_create,1451144960,192574692726,1
app,781617152,193356376647,1
user_create,781617152,193356376647,1
app,761341696,194117772817,1
user_create,761341696,194117772817,1
app,845488896,194963315963,1
user_create,845488896,194963315963,1
app,1016155392,195979524135,1
user_create,1016155392,195979524135,1
app,923551744,196903128623,1
user_create,923551744,196903128623,1
app,908846848,197812028169,1
user_create,908846848,197812028169,1
app,1272887040,199084968090,1
user_create,1272887040,199084968090,1
app,789088768,199874109029,1
user_create,789088768,199874109029,1
app,651717376,200525878667,1
user_create,651717376,200525878667,1
app,952180992,201478112220,1
user_create,952180992,201478112220,1
app,650793728,202128957986,1
user_create,650793728,202128957986,1
app,843958784,202972969293,1
user_create,843958784,202972969293,1
app,816404224,203789427518,1
user_create,816404224,203789427518,1
app,798983936,204588464498,1
user_create,798983936,204588464498,1
app,1025775360,205614293336,1
user_create,1025775360,205614293336,1
app,1031222784,206645574808,1
user_create,1031222784,206645574808,1
app,836271616,207481900691,1
user_create,836271616,207481900691,1
app,807703808,208289657354,1
user_create,807703808,208289657354,1
app,952566784,209242277383,1
user_create,952566784,209242277383,1
app,649856512,209892186164,1
user_create,649856512,209892186164,1
app,813908992,210706148386,1
user_create,813908992,210706148386,1
app,652240384,211358441352,1
user_create,652240384,211358441352,1
app,784781056,212143274784,1
user_create,784781056,212143274784,1
app,837902592,212981229782,1
user_create,837902592,212981229782,1
app,804384768,213785667419,1
user_create,804384768,213785667419,1
app,1198123008,214983843326,1
user_create,1198123008,214983843326,1
app,867035904,215850931882,1
user_create,867035904,215850931882,1
app,798453248,216649437904,1
user_create,798453248,216649437904,1
app,761839872,217411330699,1
user_create,761839872,217411330699,1
app,764591360,218175974845,1
user_create,764591360,218175974845,1
app,737683456,218913710832,1
user_create,737683456,218913710832,1
app,728306688,219642070531,1
user_create,728306688,219642070531,1
app,651803648,220293926954,1
user_create,651803648,220293926954,1
app,1025811456,221319792270,1
user_create,1025811456,221319792270,1
app,615025408,221934871196,1
user_create,615025408,221934871196,1
app,916651008,222851575613,1
user_create,916651008,222851575613,1
app,1226839296,224078467130,1
user_create,1226839296,224078467130,1
app,866516480,224945036172,1
user_create,866516480,224945036172,1
app,817583104,225762672185,1
user_create,817583104,225762672185,1
app,952346112,226715070486,1
user_create,952346112,226715070486,1
app,703857920,227418981552,1
user_create,703857920,227418981552,1
app,652546304,228071584463,1
user_create,652546304,228071584463,1
app,966517504,229038154840,1
user_create,966517504,229038154840,1
app,961120000,229999329805,1
user_create,961120000,229999329805,1
app,960236800,230959619998,1
user_create,960236800,230959619998,1
app,762655744,231722328901,1
user_create,762655744,231722328901,1
app,981708544,232704091310,1
user_create,981708544,232704091310,1
app,852096768,233556241273,1
user_create,852096768,233556241273,1
app,807148032,234363442897,1
user_create,807148032,234363442897,1
app,664727040,235028225183,1
user_create,664727040,235028225183,1
app,652283648,235680577754,1
user_create,652283648,235680577754,1
app,935688960,236616320371,1
user_create,935688960,236616320371,1
app,888813056,237505196809,1
user_create,888813056,237505196809,1
app,720206592,238225457191,1
user_create,720206592,238225457191,1
app,854708992,239080219268,1
user_create,854708992,239080219268,1
app,990280960,240070553302,1
user_create,990280960,240070553302,1
app,875446272,240946052551,1
user_create,875446272,240946052551,1
app,912244736,241858350038,1
user_create,912244736,241858350038,1
app,769159936,242627562522,1
user_create,769159936,242627562522,1
app,694766592,243322382450,1
user_create,694766592,243322382450,1
app,785683712,244108119249,1
user_create,785683712,244108119249,1
app,742193408,244850365877,1
user_create,742193408,244850365877,1
app,742566144,245592984437,1
user_create,742566144,245592984437,1
app,1134333952,246727371215,1
user_create,1134333952,246727371215,1
app,762539520,247489963769,1
user_create,762539520,247489963769,1
app,952773376,248442791223,1
user_create,952773376,248442791223,1
app,897183744,249340029001,1
user_create,897183744,249340029001,1
app,1038539776,250378622293,1
user_create,1038539776,250378622293,1
app,1063646208,251442322015,1
user_create,1063646208,251442322015,1
app,835528960,252277903556,1
user_create,835528960,252277903556,1
app,917137152,253195092916,1
user_create,917137152,253195092916,1
app,762091520,253957237243,1
user_create,762091520,253957237243,1
app,674189568,254631482362,1
user_create,674189568,254631482362,1
#end,254,631492,1
