20260313-145435-4415 07037 * main            (server.cc:217):    Starting server.
20260313-145435-4427 07037 * main            (server.cc:335):    Creating a default paritioner!
20260313-145437-0471 07037 * main            (server.cc:513):    Done loading server.
20260313-145529-3801 07037 ! TCPIncomingEventCallback (tcptransport.cc:938): [TCP INCOMING 117] EOF, lifetime=31022.76 ms
20260313-145529-3917 07037 ! TCPIncomingEventCallback (tcptransport.cc:938): [TCP INCOMING 118] EOF, lifetime=31019.86 ms
20260313-145529-3939 07037 ! TCPIncomingEventCallback (tcptransport.cc:938): [TCP INCOMING 123] EOF, lifetime=31015.31 ms
20260313-145529-3985 07037 ! TCPIncomingEventCallback (tcptransport.cc:938): [TCP INCOMING 122] EOF, lifetime=31021.42 ms
20260313-145529-3987 07037 ! TCPIncomingEventCallback (tcptransport.cc:938): [TCP INCOMING 119] EOF, lifetime=31024.56 ms
20260313-145529-3989 07037 ! TCPIncomingEventCallback (tcptransport.cc:938): [TCP INCOMING 121] EOF, lifetime=31023.16 ms
20260313-145529-4029 07037 ! TCPIncomingEventCallback (tcptransport.cc:938): [TCP INCOMING 120] EOF, lifetime=31028.13 ms
20260313-145529-4267 07037 ! TCPIncomingEventCallback (tcptransport.cc:938): [TCP INCOMING 124] EOF, lifetime=31029.85 ms
20260313-145535-9714 07037 * Cleanup         (server.cc:589):    Gracefully exiting after signal 15.
20260313-145535-9715 07037 * Stop            (tcptransport.cc:601): [TCP SUMMARY] outgoingCreated=58 outgoingClosed=0 incomingCreated=66 incomingClosed=8 outgoingPeak=88 incomingPeak=37
Inserted events:
  0x55fa88245d00 [fd  9] Read Persist Internal
  0x55fa8824da60 [fd  10] Read Persist
  0x55fa88258cd0 [fd  11] Read Persist
  0x55fa90ba4230 [fd  12] Read Persist
  0x55fa90ba1470 [fd  13] Read Persist
  0x55fa90b9c4e0 [fd  14] Read Persist
  0x55fa90b9f860 [fd  15] Read Persist
  0x55fa90b97360 [fd  16] Read Persist
  0x55fa90ba0b90 [fd  17] Read Persist
  0x55fa90b94f70 [fd  18] Read Persist
  0x55fa90ba0550 [fd  19] Read Persist
  0x55fa90b95360 [fd  20] Read Persist
  0x55fa90bad9b0 [fd  21] Read Persist
  0x55fa90baddc0 [fd  22] Read Persist
  0x55fa90bae1d0 [fd  23] Read Persist
  0x55fa90bae5e0 [fd  24] Read Persist
  0x55fa90bae9f0 [fd  25] Read Persist
  0x55fa90baee00 [fd  26] Read Persist
  0x55fa90baf210 [fd  27] Read Persist
  0x55fa90baf620 [fd  28] Read Persist
  0x55fa90bafb60 [fd  29] Read Persist
  0x55fa90baff70 [fd  30] Read Persist
  0x55fa90bb04b0 [fd  31] Read Persist
  0x55fa90bb0a40 [fd  32] Read Persist
  0x55fa90bb11e0 [fd  33] Read Persist
  0x55fa90bb1770 [fd  34] Read Persist
  0x55fa90bb1d00 [fd  35] Read Persist
  0x55fa90bb2290 [fd  36] Read Persist
  0x55fa90bb2820 [fd  37] Read Persist
  0x55fa90bb2db0 [fd  38] Read Persist
  0x55fa90bb3340 [fd  39] Read Persist
  0x55fa90bb38d0 [fd  40] Read Persist
  0x55fa90bb3e60 [fd  41] Read Persist
  0x55fa90bb4280 [fd  42] Read Persist
  0x55fa90bb44a0 [fd  43] Read Persist
  0x55fa90bb4770 [fd  44] Read Persist
  0x55fa90bb4b10 [fd  45] Read Persist
  0x55fa90bb4eb0 [fd  46] Read Persist
  0x55fa90bb5250 [fd  47] Read Persist
  0x55fa90bb55f0 [fd  48] Read Persist
  0x55fa90bb5c10 [fd  49] Read Persist
  0x55fa90bb5fb0 [fd  50] Read Persist
  0x55fa90bb6350 [fd  51] Read Persist
  0x55fa90bb66f0 [fd  52] Read Persist
  0x55fa90bb6a90 [fd  53] Read Persist
  0x55fa90bb6e30 [fd  54] Read Persist
  0x55fa90bb71d0 [fd  55] Read Persist
  0x55fa90bb7570 [fd  56] Read Persist
  0x55fa90bb7940 [fd  57] Read Persist
  0x55fa90bb7d10 [fd  58] Read Persist
  0x55fa90bb80e0 [fd  59] Read Persist
  0x55fa90bb84b0 [fd  60] Read Persist
  0x55fa90bb8880 [fd  61] Read Persist
  0x55fa88255620 [fd  62] Read Persist
  0x55fa90bb9120 [fd  63] Read Persist
  0x55fa90bb9460 [fd  64] Read Persist
  0x55fa90bb9bb0 [fd  65] Read Persist
  0x55fa90bb9ef0 [fd  66] Read Persist
  0x55fa90bba230 [fd  67] Read Persist
  0x55fa90bba570 [fd  68] Read Persist
  0x55fa90bba8e0 [fd  69] Read Persist
  0x55fa90bbad60 [fd  70] Read Persist
  0x55fa90bbb2b0 [fd  71] Read Persist
  0x55fa90bbb770 [fd  72] Read Persist
  0x55fa90bbbc30 [fd  73] Read Persist
  0x55fa90bbc0f0 [fd  74] Read Persist
  0x55fa90bbc5b0 [fd  75] Read Persist
  0x55fa90bbca70 [fd  76] Read Persist
  0x55fa90bbcf30 [fd  77] Read Persist
  0x55fa90bbd4c0 [fd  78] Read Persist
  0x55fa90bbda50 [fd  79] Read Persist
  0x55fa90bbdfe0 [fd  80] Read Persist
  0x55fa90bbe570 [fd  81] Read Persist
  0x55fa90bbeb00 [fd  82] Read Persist
  0x55fa90bbf090 [fd  83] Read Persist
  0x55fa90bbf620 [fd  84] Read Persist
  0x55fa90bbfbb0 [fd  85] Read Persist
  0x55fa90bc0140 [fd  86] Read Persist
  0x55fa90bc06d0 [fd  87] Read Persist
  0x55fa90bc0c60 [fd  88] Read Persist
  0x55fa90bc11f0 [fd  89] Read Persist
  0x55fa90bc1780 [fd  90] Read Persist
  0x55fa90bc2790 [fd  91] Read Persist
  0x55fa90bc2d20 [fd  92] Read Persist
  0x55fa90bc32b0 [fd  93] Read Persist
  0x55fa90bc3840 [fd  94] Read Persist
  0x55fa90bc3dd0 [fd  95] Read Persist
  0x55fa90bc4360 [fd  96] Read Persist
  0x55fa90bc48f0 [fd  97] Read Persist
  0x55fa90bc4e80 [fd  98] Read Persist
  0x55fa90bc5410 [fd  99] Read Persist
  0x55fa90bc5830 [fd  100] Read Persist
  0x55fa90bc5a50 [fd  101] Read Persist
  0x55fa90bc5d00 [fd  102] Read Persist
  0x55fa90bc6010 [fd  103] Read Persist
  0x55fa90bc63b0 [fd  104] Read Persist
  0x55fa90bc6750 [fd  105] Read Persist
  0x55fa90bc6af0 [fd  106] Read Persist
  0x55fa90bc6e90 [fd  107] Read Persist
  0x55fa90bc7230 [fd  108] Read Persist
  0x55fa90bc75d0 [fd  109] Read Persist
  0x55fa90bc7970 [fd  110] Read Persist
  0x55fa90bc7d10 [fd  111] Read Persist
  0x55fa90bc80b0 [fd  112] Read Persist
  0x55fa90bc8450 [fd  113] Read Persist
  0x55fa90bc8820 [fd  114] Read Persist
  0x55fa90bc8bf0 [fd  115] Read Persist
  0x55fa90ba3e90 [fd  116] Read Persist
  0x55fa90ba3090 [fd  117] Read Persist
  0x55fa90bc9050 [fd  118] Read Persist
  0x55fa90bc9390 [fd  119] Read Persist
  0x55fa90bc96d0 [fd  120] Read Persist
  0x55fa90bc9a10 [fd  121] Read Persist
  0x55fa90bc9d50 [fd  122] Read Persist
  0x55fa90bca090 [fd  123] Read Persist
  0x55fa90bca3d0 [fd  124] Read Persist
  0x55fa90bca840 [fd  125] Read Persist
  0x55fa90bcacb0 [fd  126] Read Persist
  0x55fa90bcb120 [fd  127] Read Persist
  0x55fa90bcb8c0 [fd  -1] Timeout=1776114335.301818
Active events:
20260313-145535-9736 07037 * Cleanup         (server.cc:593):    Exporting stats to /mnt/extra/experiments/2026-04-13-14-54-27/out/server-0-3-2-stats-0.json.
