20250818-111359-9043 07435 * main            (benchmark.cc:392): Starting benchmark.
20250818-111402-6140 07435 * BenchmarkClient (bench_client.cc:82): starting benchclient, issueConcurrent is 1
Session created: 0
last_service: , current_state: 0
Session continued: 0
last_service: , current_state: 0
Session destroyed: 18446744073709551615
last_service: , current_state: 0
20250818-111412-6142 07435 * WarmupDone      (bench_client.cc:549): Completed warmup period of 10 seconds with 2603 requests
20250818-111428-6190 07435 * Finish          (bench_client.cc:736): Completed 3832 requests in 16.005064 seconds
20250818-111428-6192 07435 * Finish          (bench_client.cc:737): 1 outstanding transactions.
Session continued: 0
last_service: spanner-1-1804289383, current_state: 2
Session destroyed: 18446744073709551615
last_service: , current_state: 0
Session continued: 0
last_service: spanner-1-1804289383, current_state: 2
Session destroyed: 18446744073709551615
last_service: , current_state: 0
Session destroyed: 0
last_service: spanner-1-1804289383, current_state: 2
20250818-111436-6144 07435 * FlushStats      (benchmark.cc:822): Flushing stats to /mnt/extra/experiments/2025-09-18-11-13-35/out/client-1-0-1-stats-0.json.
20250818-111438-6226 07435 * Cleanup         (bench_client.cc:571): Aborting 0 outstanding transactions.
20250818-111438-6227 07435 * CooldownDone    (bench_client.cc:601): Finished cooldown period.
20250818-111438-6268 07435 * CooldownDone    (bench_client.cc:608): Median latency is 2229769 ns (2229 us)
20250818-111438-6272 07435 * CooldownDone    (bench_client.cc:617): Average latency is 4122017 ns (4122 us)
20250818-111438-6273 07435 * CooldownDone    (bench_client.cc:621): 90th percentile latency is 8112600 ns (8112 us)
20250818-111438-6273 07435 * CooldownDone    (bench_client.cc:625): 95th percentile latency is 9377268 ns (9377 us)
20250818-111438-6274 07435 * CooldownDone    (bench_client.cc:629): 99th percentile latency is 17734105 ns (17 ms)
20250818-111438-6275 07435 * LATENCY total: 237 us 4122 us/2097 us 113 ms (3833 samples, 15 s total)
20250818-111438-6276 07435 *     131 us |          4 | 
20250818-111438-6276 07435 *     262 us |        108 | ====
20250818-111438-6277 07435 *     524 us |        623 | =======================
20250818-111438-6278 07435 *    1048 us |       1150 | ===========================================
20250818-111438-6278 07435 *    2097 us |        313 | ===========
20250818-111438-6279 07435 *    4194 us |       1311 | ==================================================
20250818-111438-6279 07435 *    8388 us |        282 | ==========
20250818-111438-6280 07435 *      16 ms |         30 | =
20250818-111438-6281 07435 *      33 ms |          7 | 
20250818-111438-6281 07435 *      67 ms |          5 | 
Inserted events:
  0x5585d9ebaf00 [fd  7] Read Persist Internal
  0x5585d9edaa80 [fd  9] Read Persist
  0x5585d9edb490 [fd  10] Read Persist
  0x5585d9edf3d0 [fd  11] Read Persist
  0x5585d9edf750 [fd  12] Read Persist
  0x5585d9edc590 [fd  13] Read Persist
  0x5585d9edd250 [fd  14] Read Persist
  0x5585d9edd7b0 [fd  15] Read Persist
  0x5585d9ef60f0 [fd  16] Read Persist
Active events:
20250818-111438-6288 07435 * main            (benchmark.cc:782): Cleaning up after experiment.
20250818-111438-6289 07435 * FlushStats      (benchmark.cc:822): Flushing stats to /mnt/extra/experiments/2025-09-18-11-13-35/out/client-1-0-1-stats-0.json.
