20250818-111359-9442 07489 * main            (benchmark.cc:392): Starting benchmark.
20250818-111402-6151 07489 * BenchmarkClient (bench_client.cc:82): starting benchclient, issueConcurrent is 1
Session created: 0
last_service: , current_state: 0
Session continued: 0
last_service: , current_state: 0
Session destroyed: 18446744073709551615
last_service: , current_state: 0
20250818-111412-6152 07489 * WarmupDone      (bench_client.cc:549): Completed warmup period of 10 seconds with 2541 requests
20250818-111428-6175 07489 * Finish          (bench_client.cc:736): Completed 3793 requests in 16.006147 seconds
20250818-111428-6178 07489 * Finish          (bench_client.cc:737): 1 outstanding transactions.
Session continued: 0
last_service: spanner-22-1804289383, current_state: 2
Session destroyed: 18446744073709551615
last_service: , current_state: 0
Session continued: 0
last_service: spanner-22-1804289383, current_state: 2
Session destroyed: 18446744073709551615
last_service: , current_state: 0
Session destroyed: 0
last_service: spanner-22-1804289383, current_state: 2
20250818-111436-6155 07489 * FlushStats      (benchmark.cc:822): Flushing stats to /mnt/extra/experiments/2025-09-18-11-13-35/out/client-1-0-22-stats-0.json.
20250818-111438-6210 07489 * Cleanup         (bench_client.cc:571): Aborting 0 outstanding transactions.
20250818-111438-6211 07489 * CooldownDone    (bench_client.cc:601): Finished cooldown period.
20250818-111438-6247 07489 * CooldownDone    (bench_client.cc:608): Median latency is 2530059 ns (2530 us)
20250818-111438-6249 07489 * CooldownDone    (bench_client.cc:617): Average latency is 4165162 ns (4165 us)
20250818-111438-6250 07489 * CooldownDone    (bench_client.cc:621): 90th percentile latency is 8185945 ns (8185 us)
20250818-111438-6250 07489 * CooldownDone    (bench_client.cc:625): 95th percentile latency is 9198597 ns (9198 us)
20250818-111438-6250 07489 * CooldownDone    (bench_client.cc:629): 99th percentile latency is 15608850 ns (15 ms)
20250818-111438-6251 07489 * LATENCY total: 233 us 4165 us/2097 us 105 ms (3794 samples, 15 s total)
20250818-111438-6252 07489 *     131 us |          2 | 
20250818-111438-6252 07489 *     262 us |         89 | ===
20250818-111438-6252 07489 *     524 us |        625 | =======================
20250818-111438-6253 07489 *    1048 us |       1090 | =========================================
20250818-111438-6253 07489 *    2097 us |        334 | ============
20250818-111438-6254 07489 *    4194 us |       1316 | ==================================================
20250818-111438-6254 07489 *    8388 us |        303 | ===========
20250818-111438-6254 07489 *      16 ms |         21 | 
20250818-111438-6255 07489 *      33 ms |          8 | 
20250818-111438-6255 07489 *      67 ms |          6 | 
Inserted events:
  0x557545d86f00 [fd  7] Read Persist Internal
  0x557545da6a00 [fd  9] Read Persist
  0x557545da7410 [fd  10] Read Persist
  0x557545dab2c0 [fd  11] Read Persist
  0x557545dab640 [fd  12] Read Persist
  0x557545da8510 [fd  13] Read Persist
  0x557545da8da0 [fd  14] Read Persist
  0x557545da9bf0 [fd  15] Read Persist
  0x557545dc1480 [fd  16] Read Persist
Active events:
20250818-111438-6260 07489 * main            (benchmark.cc:782): Cleaning up after experiment.
20250818-111438-6261 07489 * FlushStats      (benchmark.cc:822): Flushing stats to /mnt/extra/experiments/2025-09-18-11-13-35/out/client-1-0-22-stats-0.json.
