20260217-120549-1878 34161 * main            (benchmark.cc:402): Starting benchmark.
20260217-120551-5458 34161 * main            (benchmark.cc:621): Creating a default paritioner!
20260217-120551-5460 34161 * Client          (client.cc:77):     Initializing StrongStore client with id [3]
20260217-120551-5461 34161 * BenchmarkClient (bench_client.cc:81): starting benchclient, issueConcurrent: 0; fanout: 1
Session created: 0
last_service: , current_state: 0
Session continued: 0
last_service: , current_state: 0
Session destroyed: 18446744073709551615
last_service: , current_state: 0
20260217-120556-8367 34161 * WarmupDone      (bench_client.cc:739): Completed warmup period of 5 seconds with 2334 requests
20260217-120627-8370 34161 * Finish          (bench_client.cc:933): Completed 14216 requests in 31.002007 seconds
20260217-120627-8370 34161 * Finish          (bench_client.cc:934): 1 outstanding transactions.
Session continued: 0
last_service: , current_state: 0
Session destroyed: 18446744073709551615
last_service: , current_state: 0
Session continued: 0
last_service: , current_state: 0
Session destroyed: 18446744073709551615
last_service: , current_state: 0
Session destroyed: 0
last_service: , current_state: 0
20260217-120630-8369 34161 * FlushStats      (benchmark.cc:890): Flushing stats to /mnt/extra/experiments/2026-03-17-12-05-25/out/client-0-0-3-stats-0.json.
20260217-120630-8371 34161 * FlushStats      (benchmark.cc:902): All done!
20260217-120632-8372 34161 * Cleanup         (bench_client.cc:761): Aborting 0 outstanding transactions.
20260217-120632-8372 34161 * CooldownDone    (bench_client.cc:791): Finished cooldown period.
20260217-120632-8419 34161 * CooldownDone    (bench_client.cc:798): Median latency is 2132802 ns (2132 us)
20260217-120632-8421 34161 * CooldownDone    (bench_client.cc:807): Average latency is 2137267 ns (2137 us)
20260217-120632-8421 34161 * CooldownDone    (bench_client.cc:811): 90th percentile latency is 2548524 ns (2548 us)
20260217-120632-8421 34161 * CooldownDone    (bench_client.cc:815): 95th percentile latency is 2657934 ns (2657 us)
20260217-120632-8421 34161 * CooldownDone    (bench_client.cc:819): 99th percentile latency is 2905079 ns (2905 us)
20260217-120632-8421 34161 * LATENCY total: 679 us 2137 us/2097 us 8547 us (14217 samples, 30 s total)
20260217-120632-8422 34161 *     524 us |          5 | 
20260217-120632-8422 34161 *    1048 us |       6363 | ========================================
20260217-120632-8422 34161 *    2097 us |       7833 | ==================================================
20260217-120632-8422 34161 *    4194 us |         15 | 
20260217-120632-8422 34161 *    8388 us |          1 | 
20260217-120632-8520 34161 * Stop            (tcptransport.cc:581): [TCP SUMMARY] outgoingCreated=1 outgoingClosed=0 incomingCreated=0 incomingClosed=0 outgoingPeak=1 incomingPeak=0
Inserted events:
  0x561a9d863f60 [fd  7] Read Persist Internal
  0x561a9d87a510 [fd  9] Read Persist
Active events:
20260217-120632-8521 34161 * main            (benchmark.cc:849): Cleaning up after experiment.
20260217-120632-8521 34161 * FlushStats      (benchmark.cc:890): Flushing stats to /mnt/extra/experiments/2026-03-17-12-05-25/out/client-0-0-3-stats-0.json.
20260217-120632-8522 34161 * FlushStats      (benchmark.cc:902): All done!
