basic_appreq,201554917,271170682884455,80
basic_appreq,201579700,271170886349640,80
basic_appreq,201396769,271171089533230,80
basic_appreq,201298067,271171291178630,80
basic_appreq,201444055,271171494022470,80
basic_appreq,201659118,271171697511238,80
basic_appreq,201383915,271171899993706,80
basic_appreq,201437761,271172103519448,80
basic_appreq,201479969,271172306073674,80
basic_appreq,201591794,271172508513241,80
basic_appreq,201432274,271172710970171,80
basic_appreq,201400988,271172913970001,80
basic_appreq,201328578,271173116651584,80
basic_appreq,201806424,271173318508971,80
basic_appreq,201471019,271173520570851,80
basic_appreq,201560223,271173724128460,80
basic_appreq,201605781,271173926980993,80
basic_appreq,201599060,271174129425307,80
basic_appreq,201574349,271174331972661,80
basic_appreq,201582343,271174533793670,80
basic_appreq,201435666,271174737002765,80
basic_appreq,201512695,271174938621899,80
basic_appreq,201373792,271175141472965,80
basic_appreq,201411812,271175344117151,80
basic_appreq,201496564,271175547333796,80
basic_appreq,201531962,271175749993232,80
basic_appreq,201607354,271175953575900,80
basic_appreq,201488783,271176156878201,80
basic_appreq,201501055,271176359083555,80
basic_appreq,201561837,271176562654611,80
basic_appreq,201546309,271176765907258,80
basic_appreq,201391866,271176968224203,80
basic_appreq,201627340,271177170957092,80
basic_appreq,201331006,271177373529574,80
basic_appreq,201405406,271177576662617,80
basic_appreq,201580412,271177780204516,80
basic_appreq,201400575,271177983464471,80
basic_appreq,201324741,271178186101634,80
basic_appreq,201987796,271178389969558,80
basic_appreq,201455174,271178591970880,80
basic_appreq,201336331,271178793532972,80
basic_appreq,201510329,271178995192492,80
basic_appreq,201475276,271179196808766,80
basic_appreq,201372227,271179400229649,80
basic_appreq,201452812,271179602302303,80
basic_appreq,201517980,271179805674660,80
basic_appreq,201515238,271180008959233,80
basic_appreq,201426536,271180211217410,80
basic_appreq,201546622,271180413494122,80
basic_appreq,201457663,271180616729194,80
basic_appreq,201420401,271180819900276,80
basic_appreq,201633611,271181023166585,80
basic_appreq,201481638,271181225401597,80
basic_appreq,201433780,271181428347494,80
basic_appreq,201555148,271181631915429,80
basic_appreq,201598116,271181834830597,80
basic_appreq,201496225,271182038367227,80
basic_appreq,201493622,271182240727251,80
basic_appreq,201817923,271182443274878,80
basic_appreq,201460778,271182645167471,80
basic_appreq,201443660,271182848322381,80
basic_appreq,201454572,271183050149775,80
basic_appreq,201397655,271183252978713,80
basic_appreq,201522002,271183456399400,80
basic_appreq,201520797,271183659149704,80
basic_appreq,201546833,271183862200686,80
basic_appreq,201580373,271184064086765,80
basic_appreq,201463428,271184265626526,80
basic_appreq,201585212,271184468423490,80
basic_appreq,201534545,271184671757741,80
basic_appreq,201333977,271184873365695,80
basic_appreq,201326543,271185076250511,80
basic_appreq,201426527,271185279278271,80
basic_appreq,201503538,271185482375786,80
basic_appreq,201454829,271185684681181,80
basic_appreq,201585826,271185887488911,80
basic_appreq,201468140,271186089454701,80
basic_appreq,201412390,271186292043550,80
basic_appreq,201770467,271186495162984,80
basic_appreq,201452904,271186698079044,80
basic_appreq,201308578,271186899577173,80
basic_appreq,201353969,271187101834166,80
basic_appreq,201419266,271187304077867,80
basic_appreq,201342137,271187507369056,80
basic_appreq,201354892,271187709941694,80
basic_appreq,201448100,271187911496913,80
basic_appreq,201855200,271188115468035,80
basic_appreq,201365115,271188318053683,80
basic_appreq,201441345,271188520508537,80
basic_appreq,201336485,271188722432545,80
basic_appreq,201469457,271188925881938,80
basic_appreq,201368402,271189127666193,80
basic_appreq,201325975,271189329863351,80
basic_appreq,201490714,271189532101105,80
basic_appreq,201446055,271189735066222,80
basic_appreq,201527950,271189937514564,80
basic_appreq,201430580,271190139717547,80
basic_appreq,201599842,271190341987925,80
basic_appreq,201315813,271190545363780,80
basic_appreq,201368985,271190746988801,80
basic_appreq,201392596,271190950493009,80
basic_appreq,201616067,271191153854185,80
basic_appreq,201374480,271191356917583,80
basic_appreq,201447406,271191560074149,80
basic_appreq,201453701,271191762000000,80
basic_appreq,201536762,271191964813880,80
basic_appreq,201550937,271192167426509,80
basic_appreq,201533272,271192369389958,80
basic_appreq,201433899,271192572227946,80
basic_appreq,201477011,271192773861142,80
basic_appreq,201560129,271192976854444,80
basic_appreq,201486295,271193178651242,80
basic_appreq,201341349,271193381676763,80
basic_appreq,201461844,271193583750071,80
basic_appreq,201491300,271193785668676,80
#end,23,304355,80
