20260110-080423-6845 17330 * Client          (client.cc:73):     Initializing StrongStore client with id [47]
20260110-080423-6850 17330 * BenchmarkClient (bench_client.cc:89): starting benchclient, issueConcurrent: 0; fanout: 1
Session created: 0
last_service: , current_state: 0
Session continued: 0
last_service: , current_state: 0
Session destroyed: 18446744073709551615
last_service: , current_state: 0
20260110-080917-8786 17330 * Stop            (tcptransport.cc:606): [TCP SUMMARY] outgoingCreated=10 outgoingClosed=0 incomingCreated=0 incomingClosed=0 outgoingPeak=10 incomingPeak=0
Inserted events:
  0x19c0ef0 [fd  7] Read Persist Internal
  0x19c95a0 [fd  8] Read Persist
  0x19c9ef0 [fd  9] Read Persist
  0x19e8dd0 [fd  10] Read Persist
  0x19e9b90 [fd  11] Read Persist
  0x19ea0d0 [fd  12] Read Persist
  0x19ea9f0 [fd  13] Read Persist
  0x19eb460 [fd  14] Read Persist
  0x19ebf40 [fd  15] Read Persist
  0x19eca70 [fd  16] Read Persist
  0x19edaf0 [fd  17] Read Persist
  0x7f5238000b20 [fd  -1] Persist Timeout=1770736157.885260
Active events:
20260110-080917-8789 17330 * ~BenchmarkClient (bench_client.cc:114): Stopped event loop and Joined the thread it ran on
