20250816-150338-4727 20821 * main            (benchmark.cc:390): Starting benchmark.
Session created: 0
last_service: , current_state: 0
Session continued: 0
last_service: , current_state: 0
Session destroyed: 18446744073709551615
last_service: , current_state: 0
20250816-150353-7238 20821 * WarmupDone      (bench_client.cc:545): Completed warmup period of 10 seconds with 1624 requests
20250816-150409-7257 20821 * Finish          (bench_client.cc:732): Completed 2557 requests in 16.006377 seconds
20250816-150409-7258 20821 * Finish          (bench_client.cc:733): 1 outstanding transactions.
Session continued: 0
last_service: spanner-36-1804289383, current_state: 2
Session destroyed: 18446744073709551615
last_service: , current_state: 0
Session continued: 0
last_service: spanner-36-1804289383, current_state: 2
Session destroyed: 18446744073709551615
last_service: , current_state: 0
Session destroyed: 0
last_service: spanner-36-1804289383, current_state: 2
20250816-150417-7241 20821 * FlushStats      (benchmark.cc:819): Flushing stats to /mnt/extra/experiments/2025-09-16-15-03-14/out/client-1-0-36-stats-0.json.
20250816-150419-7282 20821 * Cleanup         (bench_client.cc:567): Aborting 0 outstanding transactions.
20250816-150419-7282 20821 * CooldownDone    (bench_client.cc:597): Finished cooldown period.
20250816-150419-7291 20821 * CooldownDone    (bench_client.cc:604): Median latency is 3459542 ns (3459 us)
20250816-150419-7292 20821 * CooldownDone    (bench_client.cc:613): Average latency is 6209859 ns (6209 us)
20250816-150419-7292 20821 * CooldownDone    (bench_client.cc:617): 90th percentile latency is 13214021 ns (13 ms)
20250816-150419-7292 20821 * CooldownDone    (bench_client.cc:621): 95th percentile latency is 14806252 ns (14 ms)
20250816-150419-7292 20821 * CooldownDone    (bench_client.cc:625): 99th percentile latency is 20068789 ns (20 ms)
20250816-150419-7293 20821 * LATENCY total: 299 us 6209 us/2097 us 116 ms (2558 samples, 15 s total)
20250816-150419-7293 20821 *     262 us |         29 | =
20250816-150419-7293 20821 *     524 us |        189 | ===========
20250816-150419-7293 20821 *    1048 us |        786 | ==============================================
20250816-150419-7293 20821 *    2097 us |        306 | =================
20250816-150419-7294 20821 *    4194 us |        333 | ===================
20250816-150419-7294 20821 *    8388 us |        852 | ==================================================
20250816-150419-7294 20821 *      16 ms |         51 | ==
20250816-150419-7294 20821 *      33 ms |         10 | 
20250816-150419-7294 20821 *      67 ms |          2 | 
Inserted events:
  0x558cc49ac170 [fd  7] Read Persist Internal
  0x558cc49cb150 [fd  9] Read Persist
  0x558cc49cbb50 [fd  10] Read Persist
  0x558cc49cfa90 [fd  11] Read Persist
  0x558cc49cc840 [fd  12] Read Persist
  0x558cc49cd0a0 [fd  13] Read Persist
  0x558cc49cdf50 [fd  14] Read Persist
  0x558cc49cea50 [fd  15] Read Persist
  0x558cc49e82c0 [fd  16] Read Persist
Active events:
20250816-150419-7296 20821 * main            (benchmark.cc:779): Cleaning up after experiment.
20250816-150419-7297 20821 * FlushStats      (benchmark.cc:819): Flushing stats to /mnt/extra/experiments/2025-09-16-15-03-14/out/client-1-0-36-stats-0.json.
