20260216-111327-9358 32399 * main            (benchmark.cc:402): Starting benchmark.
20260216-111329-1224 32399 * main            (benchmark.cc:621): Creating a default paritioner!
20260216-111329-1226 32399 * Client          (client.cc:75):     Initializing StrongStore client with id [28]
20260216-111329-1227 32399 * BenchmarkClient (bench_client.cc:81): starting benchclient, issueConcurrent: 1; fanout: 1
Session created: 0
last_service: , current_state: 0
Session continued: 0
last_service: , current_state: 0
Session destroyed: 18446744073709551615
last_service: , current_state: 0
20260216-111334-2219 32399 * WarmupDone      (bench_client.cc:726): Completed warmup period of 5 seconds with 2664 requests
20260216-111345-2219 32399 * Finish          (bench_client.cc:920): Completed 5851 requests in 11.000884 seconds
20260216-111345-2219 32399 * Finish          (bench_client.cc:921): 1 outstanding transactions.
Session continued: 0
last_service: , current_state: 0
Session destroyed: 18446744073709551615
last_service: , current_state: 0
Session continued: 0
last_service: , current_state: 0
Session destroyed: 18446744073709551615
last_service: , current_state: 0
Session destroyed: 0
last_service: , current_state: 0
20260216-111348-2220 32399 * FlushStats      (benchmark.cc:890): Flushing stats to /mnt/extra/experiments/2026-03-16-11-13-04/out/client-0-0-28-stats-0.json.
20260216-111348-2250 32399 * FlushStats      (benchmark.cc:902): All done!
20260216-111350-2249 32399 * Cleanup         (bench_client.cc:748): Aborting 0 outstanding transactions.
20260216-111350-2249 32399 * CooldownDone    (bench_client.cc:778): Finished cooldown period.
20260216-111350-2267 32399 * CooldownDone    (bench_client.cc:785): Median latency is 1916912 ns (1916 us)
20260216-111350-2268 32399 * CooldownDone    (bench_client.cc:794): Average latency is 1845837 ns (1845 us)
20260216-111350-2268 32399 * CooldownDone    (bench_client.cc:798): 90th percentile latency is 2115293 ns (2115 us)
20260216-111350-2268 32399 * CooldownDone    (bench_client.cc:802): 95th percentile latency is 2205368 ns (2205 us)
20260216-111350-2268 32399 * CooldownDone    (bench_client.cc:806): 99th percentile latency is 2405141 ns (2405 us)
20260216-111350-2268 32399 * LATENCY total: 811 us 1845 us/1048 us 47 ms (5852 samples, 10 s total)
20260216-111350-2269 32399 *     524 us |        117 | =
20260216-111350-2269 32399 *    1048 us |       5045 | ==================================================
20260216-111350-2269 32399 *    2097 us |        686 | ======
20260216-111350-2269 32399 *    4194 us |          2 | 
20260216-111350-2269 32399 *    8388 us |          0 |
20260216-111350-2269 32399 *      16 ms |          1 | 
20260216-111350-2269 32399 *      33 ms |          1 | 
20260216-111350-2394 32399 * Stop            (tcptransport.cc:581): [TCP SUMMARY] outgoingCreated=1 outgoingClosed=0 incomingCreated=0 incomingClosed=0 outgoingPeak=1 incomingPeak=0
Inserted events:
  0x5621a5716f60 [fd  7] Read Persist Internal
  0x5621a572d560 [fd  9] Read Persist
Active events:
20260216-111350-2395 32399 * main            (benchmark.cc:849): Cleaning up after experiment.
20260216-111350-2395 32399 * FlushStats      (benchmark.cc:890): Flushing stats to /mnt/extra/experiments/2026-03-16-11-13-04/out/client-0-0-28-stats-0.json.
20260216-111350-2409 32399 * FlushStats      (benchmark.cc:902): All done!
