20260216-111327-9358 32392 * main            (benchmark.cc:402): Starting benchmark.
20260216-111329-1211 32392 * main            (benchmark.cc:621): Creating a default paritioner!
20260216-111329-1213 32392 * Client          (client.cc:75):     Initializing StrongStore client with id [25]
20260216-111329-1214 32392 * BenchmarkClient (bench_client.cc:81): starting benchclient, issueConcurrent: 1; fanout: 1
Session created: 0
last_service: , current_state: 0
Session continued: 0
last_service: , current_state: 0
Session destroyed: 18446744073709551615
last_service: , current_state: 0
20260216-111334-2201 32392 * WarmupDone      (bench_client.cc:726): Completed warmup period of 5 seconds with 2496 requests
20260216-111345-2204 32392 * Finish          (bench_client.cc:920): Completed 5430 requests in 11.001378 seconds
20260216-111345-2205 32392 * Finish          (bench_client.cc:921): 1 outstanding transactions.
Session continued: 0
last_service: , current_state: 0
Session destroyed: 18446744073709551615
last_service: , current_state: 0
Session continued: 0
last_service: , current_state: 0
Session destroyed: 18446744073709551615
last_service: , current_state: 0
Session destroyed: 0
last_service: , current_state: 0
20260216-111348-2204 32392 * FlushStats      (benchmark.cc:890): Flushing stats to /mnt/extra/experiments/2026-03-16-11-13-04/out/client-0-0-25-stats-0.json.
20260216-111348-2231 32392 * FlushStats      (benchmark.cc:902): All done!
20260216-111350-2232 32392 * Cleanup         (bench_client.cc:748): Aborting 0 outstanding transactions.
20260216-111350-2233 32392 * CooldownDone    (bench_client.cc:778): Finished cooldown period.
20260216-111350-2250 32392 * CooldownDone    (bench_client.cc:785): Median latency is 1984689 ns (1984 us)
20260216-111350-2251 32392 * CooldownDone    (bench_client.cc:794): Average latency is 1987648 ns (1987 us)
20260216-111350-2251 32392 * CooldownDone    (bench_client.cc:798): 90th percentile latency is 2221146 ns (2221 us)
20260216-111350-2252 32392 * CooldownDone    (bench_client.cc:802): 95th percentile latency is 2303597 ns (2303 us)
20260216-111350-2252 32392 * CooldownDone    (bench_client.cc:806): 99th percentile latency is 2543252 ns (2543 us)
20260216-111350-2252 32392 * LATENCY total: 918 us 1987 us/1048 us 47 ms (5431 samples, 10 s total)
20260216-111350-2252 32392 *     524 us |          6 | 
20260216-111350-2252 32392 *    1048 us |       4261 | ==================================================
20260216-111350-2252 32392 *    2097 us |       1160 | =============
20260216-111350-2252 32392 *    4194 us |          2 | 
20260216-111350-2253 32392 *    8388 us |          0 |
20260216-111350-2253 32392 *      16 ms |          1 | 
20260216-111350-2253 32392 *      33 ms |          1 | 
20260216-111350-2392 32392 * Stop            (tcptransport.cc:581): [TCP SUMMARY] outgoingCreated=1 outgoingClosed=0 incomingCreated=0 incomingClosed=0 outgoingPeak=1 incomingPeak=0
Inserted events:
  0x557052181f60 [fd  7] Read Persist Internal
  0x557052198560 [fd  9] Read Persist
Active events:
20260216-111350-2393 32392 * main            (benchmark.cc:849): Cleaning up after experiment.
20260216-111350-2393 32392 * FlushStats      (benchmark.cc:890): Flushing stats to /mnt/extra/experiments/2026-03-16-11-13-04/out/client-0-0-25-stats-0.json.
20260216-111350-2406 32392 * FlushStats      (benchmark.cc:902): All done!
