20260313-145457-2168 19553 * main            (benchmark.cc:405): Starting benchmark.
20260313-145458-0522 19553 * main            (benchmark.cc:624): Creating a default paritioner!
20260313-145458-0530 19553 * Client          (client.cc:76):     Initializing StrongStore client with id [0]
20260313-145458-0542 19553 * ShardClient     (shardclient.cc:62): success in sending register client: for client id 0 1
20260313-145458-0542 19553 * ShardClient     (shardclient.cc:62): success in sending register client: for client id 0 1
20260313-145458-0543 19553 * ShardClient     (shardclient.cc:62): success in sending register client: for client id 0 1
20260313-145458-0548 19553 * ShardClient     (shardclient.cc:62): success in sending register client: for client id 0 1
20260313-145458-0548 19553 * ShardClient     (shardclient.cc:62): success in sending register client: for client id 0 1
20260313-145458-0548 19553 * ShardClient     (shardclient.cc:62): success in sending register client: for client id 0 1
20260313-145458-0553 19553 * ShardClient     (shardclient.cc:62): success in sending register client: for client id 0 1
20260313-145458-0554 19553 * ShardClient     (shardclient.cc:62): success in sending register client: for client id 0 1
20260313-145458-0554 19553 * ShardClient     (shardclient.cc:62): success in sending register client: for client id 0 1
20260313-145458-0559 19553 * ShardClient     (shardclient.cc:62): success in sending register client: for client id 0 1
20260313-145458-0559 19553 * ShardClient     (shardclient.cc:62): success in sending register client: for client id 0 1
20260313-145458-0560 19553 * ShardClient     (shardclient.cc:62): success in sending register client: for client id 0 1
20260313-145458-0565 19553 * ShardClient     (shardclient.cc:62): success in sending register client: for client id 0 1
20260313-145458-0565 19553 * ShardClient     (shardclient.cc:62): success in sending register client: for client id 0 1
20260313-145458-0566 19553 * ShardClient     (shardclient.cc:62): success in sending register client: for client id 0 1
20260313-145458-0570 19553 * ShardClient     (shardclient.cc:62): success in sending register client: for client id 0 1
20260313-145458-0571 19553 * ShardClient     (shardclient.cc:62): success in sending register client: for client id 0 1
20260313-145458-0571 19553 * ShardClient     (shardclient.cc:62): success in sending register client: for client id 0 1
20260313-145458-0576 19553 * ShardClient     (shardclient.cc:62): success in sending register client: for client id 0 1
20260313-145458-0577 19553 * ShardClient     (shardclient.cc:62): success in sending register client: for client id 0 1
20260313-145458-0577 19553 * ShardClient     (shardclient.cc:62): success in sending register client: for client id 0 1
20260313-145458-0582 19553 * ShardClient     (shardclient.cc:62): success in sending register client: for client id 0 1
20260313-145458-0582 19553 * ShardClient     (shardclient.cc:62): success in sending register client: for client id 0 1
20260313-145458-0583 19553 * ShardClient     (shardclient.cc:62): success in sending register client: for client id 0 1
20260313-145458-0587 19553 * ShardClient     (shardclient.cc:62): success in sending register client: for client id 0 1
20260313-145458-0588 19553 * ShardClient     (shardclient.cc:62): success in sending register client: for client id 0 1
20260313-145458-0588 19553 * ShardClient     (shardclient.cc:62): success in sending register client: for client id 0 1
20260313-145458-0593 19553 * ShardClient     (shardclient.cc:62): success in sending register client: for client id 0 1
20260313-145458-0593 19553 * ShardClient     (shardclient.cc:62): success in sending register client: for client id 0 1
20260313-145458-0594 19553 * ShardClient     (shardclient.cc:62): success in sending register client: for client id 0 1
20260313-145458-0594 19553 * BenchmarkClient (bench_client.cc:90): starting benchclient, issueConcurrent: 0; fanout: 1
Session created: 0
last_service: , current_state: 0
Session continued: 0
last_service: , current_state: 0
Session destroyed: 18446744073709551615
last_service: , current_state: 0
20260313-145458-0800 19553 * GetNextOperation (app_request.cc:76): AppRequest batch composition: fanout=1 reads=0 writes=1
20260313-145458-0800 19553 * ExecuteNextAppRequestOperation (bench_client.cc:414): Sending op with proto 2 and index 0
20260313-145458-6623 19553 * ReceiveOperationResponse (bench_client.cc:547): AppRequest reply timeline: pos=0 status=0 issue_to_reply_ms=583 batch_age_ms=583
20260313-145458-6625 19553 * ReceiveOperationResponse (bench_client.cc:562): AppRequest batch done: fanout=1 total_reply_ms=583
20260313-145458-6633 19553 * GetNextOperation (app_request.cc:76): AppRequest batch composition: fanout=1 reads=1 writes=0
20260313-145458-6634 19553 * ExecuteNextAppRequestOperation (bench_client.cc:414): Sending op with proto 2 and index 0
20260313-145459-0651 19553 * ReceiveOperationResponse (bench_client.cc:547): AppRequest reply timeline: pos=0 status=0 issue_to_reply_ms=401 batch_age_ms=401
20260313-145459-0651 19553 * ReceiveOperationResponse (bench_client.cc:562): AppRequest batch done: fanout=1 total_reply_ms=401
20260313-145459-0670 19553 * GetNextOperation (app_request.cc:76): AppRequest batch composition: fanout=1 reads=1 writes=0
20260313-145459-0670 19553 * ExecuteNextAppRequestOperation (bench_client.cc:414): Sending op with proto 2 and index 0
20260313-145459-4689 19553 * ReceiveOperationResponse (bench_client.cc:547): AppRequest reply timeline: pos=0 status=0 issue_to_reply_ms=402 batch_age_ms=402
20260313-145459-4690 19553 * ReceiveOperationResponse (bench_client.cc:562): AppRequest batch done: fanout=1 total_reply_ms=402
20260313-145459-4693 19553 * GetNextOperation (app_request.cc:76): AppRequest batch composition: fanout=1 reads=1 writes=0
20260313-145459-4693 19553 * ExecuteNextAppRequestOperation (bench_client.cc:414): Sending op with proto 2 and index 0
20260313-145459-8713 19553 * ReceiveOperationResponse (bench_client.cc:547): AppRequest reply timeline: pos=0 status=0 issue_to_reply_ms=401 batch_age_ms=401
20260313-145459-8714 19553 * ReceiveOperationResponse (bench_client.cc:562): AppRequest batch done: fanout=1 total_reply_ms=401
20260313-145459-8728 19553 * GetNextOperation (app_request.cc:76): AppRequest batch composition: fanout=1 reads=1 writes=0
20260313-145459-8728 19553 * ExecuteNextAppRequestOperation (bench_client.cc:414): Sending op with proto 2 and index 0
20260313-145500-2747 19553 * ReceiveOperationResponse (bench_client.cc:547): AppRequest reply timeline: pos=0 status=0 issue_to_reply_ms=402 batch_age_ms=402
20260313-145500-2747 19553 * ReceiveOperationResponse (bench_client.cc:562): AppRequest batch done: fanout=1 total_reply_ms=402
20260313-145500-2770 19553 * GetNextOperation (app_request.cc:76): AppRequest batch composition: fanout=1 reads=1 writes=0
20260313-145500-2771 19553 * ExecuteNextAppRequestOperation (bench_client.cc:414): Sending op with proto 2 and index 0
20260313-145500-6789 19553 * ReceiveOperationResponse (bench_client.cc:547): AppRequest reply timeline: pos=0 status=0 issue_to_reply_ms=402 batch_age_ms=402
20260313-145500-6790 19553 * ReceiveOperationResponse (bench_client.cc:562): AppRequest batch done: fanout=1 total_reply_ms=402
20260313-145500-6803 19553 * GetNextOperation (app_request.cc:76): AppRequest batch composition: fanout=1 reads=1 writes=0
20260313-145500-6804 19553 * ExecuteNextAppRequestOperation (bench_client.cc:414): Sending op with proto 2 and index 0
20260313-145501-0822 19553 * ReceiveOperationResponse (bench_client.cc:547): AppRequest reply timeline: pos=0 status=0 issue_to_reply_ms=401 batch_age_ms=401
20260313-145501-0823 19553 * ReceiveOperationResponse (bench_client.cc:562): AppRequest batch done: fanout=1 total_reply_ms=401
20260313-145501-0839 19553 * GetNextOperation (app_request.cc:76): AppRequest batch composition: fanout=1 reads=1 writes=0
20260313-145501-0839 19553 * ExecuteNextAppRequestOperation (bench_client.cc:414): Sending op with proto 2 and index 0
20260313-145501-4858 19553 * ReceiveOperationResponse (bench_client.cc:547): AppRequest reply timeline: pos=0 status=0 issue_to_reply_ms=402 batch_age_ms=402
20260313-145501-4859 19553 * ReceiveOperationResponse (bench_client.cc:562): AppRequest batch done: fanout=1 total_reply_ms=402
20260313-145501-4878 19553 * GetNextOperation (app_request.cc:76): AppRequest batch composition: fanout=1 reads=1 writes=0
20260313-145501-4879 19553 * ExecuteNextAppRequestOperation (bench_client.cc:414): Sending op with proto 2 and index 0
20260313-145501-8897 19553 * ReceiveOperationResponse (bench_client.cc:547): AppRequest reply timeline: pos=0 status=0 issue_to_reply_ms=402 batch_age_ms=402
20260313-145501-8898 19553 * ReceiveOperationResponse (bench_client.cc:562): AppRequest batch done: fanout=1 total_reply_ms=402
20260313-145501-8915 19553 * GetNextOperation (app_request.cc:76): AppRequest batch composition: fanout=1 reads=1 writes=0
20260313-145501-8916 19553 * ExecuteNextAppRequestOperation (bench_client.cc:414): Sending op with proto 2 and index 0
20260313-145502-0800 19553 * WarmupDone      (bench_client.cc:744): Completed warmup period of 4 seconds with 9 requests
20260313-145502-2935 19553 * ReceiveOperationResponse (bench_client.cc:547): AppRequest reply timeline: pos=0 status=0 issue_to_reply_ms=402 batch_age_ms=402
20260313-145502-2936 19553 * ReceiveOperationResponse (bench_client.cc:562): AppRequest batch done: fanout=1 total_reply_ms=402
20260313-145502-2956 19553 * GetNextOperation (app_request.cc:76): AppRequest batch composition: fanout=1 reads=1 writes=0
20260313-145502-2957 19553 * ExecuteNextAppRequestOperation (bench_client.cc:414): Sending op with proto 2 and index 0
20260313-145502-6975 19553 * ReceiveOperationResponse (bench_client.cc:547): AppRequest reply timeline: pos=0 status=0 issue_to_reply_ms=402 batch_age_ms=402
20260313-145502-6976 19553 * ReceiveOperationResponse (bench_client.cc:562): AppRequest batch done: fanout=1 total_reply_ms=402
20260313-145502-6984 19553 * GetNextOperation (app_request.cc:76): AppRequest batch composition: fanout=1 reads=1 writes=0
20260313-145502-6984 19553 * ExecuteNextAppRequestOperation (bench_client.cc:414): Sending op with proto 2 and index 0
20260313-145503-1004 19553 * ReceiveOperationResponse (bench_client.cc:547): AppRequest reply timeline: pos=0 status=0 issue_to_reply_ms=402 batch_age_ms=402
20260313-145503-1005 19553 * ReceiveOperationResponse (bench_client.cc:562): AppRequest batch done: fanout=1 total_reply_ms=402
20260313-145503-1020 19553 * GetNextOperation (app_request.cc:76): AppRequest batch composition: fanout=1 reads=0 writes=1
20260313-145503-1020 19553 * ExecuteNextAppRequestOperation (bench_client.cc:414): Sending op with proto 2 and index 0
20260313-145503-5038 19553 * ReceiveOperationResponse (bench_client.cc:547): AppRequest reply timeline: pos=0 status=0 issue_to_reply_ms=402 batch_age_ms=402
20260313-145503-5039 19553 * ReceiveOperationResponse (bench_client.cc:562): AppRequest batch done: fanout=1 total_reply_ms=402
20260313-145503-5058 19553 * GetNextOperation (app_request.cc:76): AppRequest batch composition: fanout=1 reads=1 writes=0
20260313-145503-5058 19553 * ExecuteNextAppRequestOperation (bench_client.cc:414): Sending op with proto 2 and index 0
20260313-145503-9077 19553 * ReceiveOperationResponse (bench_client.cc:547): AppRequest reply timeline: pos=0 status=0 issue_to_reply_ms=402 batch_age_ms=402
20260313-145503-9078 19553 * ReceiveOperationResponse (bench_client.cc:562): AppRequest batch done: fanout=1 total_reply_ms=402
20260313-145503-9082 19553 * GetNextOperation (app_request.cc:76): AppRequest batch composition: fanout=1 reads=1 writes=0
20260313-145503-9082 19553 * ExecuteNextAppRequestOperation (bench_client.cc:414): Sending op with proto 2 and index 0
20260313-145504-3101 19553 * ReceiveOperationResponse (bench_client.cc:547): AppRequest reply timeline: pos=0 status=0 issue_to_reply_ms=402 batch_age_ms=402
20260313-145504-3102 19553 * ReceiveOperationResponse (bench_client.cc:562): AppRequest batch done: fanout=1 total_reply_ms=402
20260313-145504-3116 19553 * GetNextOperation (app_request.cc:76): AppRequest batch composition: fanout=1 reads=1 writes=0
20260313-145504-3117 19553 * ExecuteNextAppRequestOperation (bench_client.cc:414): Sending op with proto 2 and index 0
20260313-145504-7136 19553 * ReceiveOperationResponse (bench_client.cc:547): AppRequest reply timeline: pos=0 status=0 issue_to_reply_ms=402 batch_age_ms=402
20260313-145504-7136 19553 * ReceiveOperationResponse (bench_client.cc:562): AppRequest batch done: fanout=1 total_reply_ms=402
20260313-145504-7149 19553 * GetNextOperation (app_request.cc:76): AppRequest batch composition: fanout=1 reads=1 writes=0
20260313-145504-7150 19553 * ExecuteNextAppRequestOperation (bench_client.cc:414): Sending op with proto 2 and index 0
20260313-145505-1169 19553 * ReceiveOperationResponse (bench_client.cc:547): AppRequest reply timeline: pos=0 status=0 issue_to_reply_ms=402 batch_age_ms=402
20260313-145505-1170 19553 * ReceiveOperationResponse (bench_client.cc:562): AppRequest batch done: fanout=1 total_reply_ms=402
20260313-145505-1182 19553 * GetNextOperation (app_request.cc:76): AppRequest batch composition: fanout=1 reads=1 writes=0
20260313-145505-1183 19553 * ExecuteNextAppRequestOperation (bench_client.cc:414): Sending op with proto 2 and index 0
20260313-145505-5201 19553 * ReceiveOperationResponse (bench_client.cc:547): AppRequest reply timeline: pos=0 status=0 issue_to_reply_ms=401 batch_age_ms=401
20260313-145505-5202 19553 * ReceiveOperationResponse (bench_client.cc:562): AppRequest batch done: fanout=1 total_reply_ms=401
20260313-145505-5224 19553 * GetNextOperation (app_request.cc:76): AppRequest batch composition: fanout=1 reads=1 writes=0
20260313-145505-5225 19553 * ExecuteNextAppRequestOperation (bench_client.cc:414): Sending op with proto 2 and index 0
20260313-145505-9242 19553 * ReceiveOperationResponse (bench_client.cc:547): AppRequest reply timeline: pos=0 status=0 issue_to_reply_ms=401 batch_age_ms=401
20260313-145505-9243 19553 * ReceiveOperationResponse (bench_client.cc:562): AppRequest batch done: fanout=1 total_reply_ms=401
20260313-145505-9248 19553 * GetNextOperation (app_request.cc:76): AppRequest batch composition: fanout=1 reads=1 writes=0
20260313-145505-9249 19553 * ExecuteNextAppRequestOperation (bench_client.cc:414): Sending op with proto 2 and index 0
20260313-145506-3266 19553 * ReceiveOperationResponse (bench_client.cc:547): AppRequest reply timeline: pos=0 status=0 issue_to_reply_ms=402 batch_age_ms=402
20260313-145506-3267 19553 * ReceiveOperationResponse (bench_client.cc:562): AppRequest batch done: fanout=1 total_reply_ms=402
20260313-145506-3285 19553 * GetNextOperation (app_request.cc:76): AppRequest batch composition: fanout=1 reads=1 writes=0
20260313-145506-3285 19553 * ExecuteNextAppRequestOperation (bench_client.cc:414): Sending op with proto 2 and index 0
20260313-145506-7303 19553 * ReceiveOperationResponse (bench_client.cc:547): AppRequest reply timeline: pos=0 status=0 issue_to_reply_ms=401 batch_age_ms=401
20260313-145506-7304 19553 * ReceiveOperationResponse (bench_client.cc:562): AppRequest batch done: fanout=1 total_reply_ms=401
20260313-145506-7312 19553 * GetNextOperation (app_request.cc:76): AppRequest batch composition: fanout=1 reads=1 writes=0
20260313-145506-7313 19553 * ExecuteNextAppRequestOperation (bench_client.cc:414): Sending op with proto 2 and index 0
20260313-145507-1331 19553 * ReceiveOperationResponse (bench_client.cc:547): AppRequest reply timeline: pos=0 status=0 issue_to_reply_ms=402 batch_age_ms=402
20260313-145507-1332 19553 * ReceiveOperationResponse (bench_client.cc:562): AppRequest batch done: fanout=1 total_reply_ms=402
20260313-145507-1345 19553 * GetNextOperation (app_request.cc:76): AppRequest batch composition: fanout=1 reads=1 writes=0
20260313-145507-1345 19553 * ExecuteNextAppRequestOperation (bench_client.cc:414): Sending op with proto 2 and index 0
20260313-145507-5363 19553 * ReceiveOperationResponse (bench_client.cc:547): AppRequest reply timeline: pos=0 status=0 issue_to_reply_ms=401 batch_age_ms=401
20260313-145507-5364 19553 * ReceiveOperationResponse (bench_client.cc:562): AppRequest batch done: fanout=1 total_reply_ms=401
20260313-145507-5374 19553 * GetNextOperation (app_request.cc:76): AppRequest batch composition: fanout=1 reads=1 writes=0
20260313-145507-5374 19553 * ExecuteNextAppRequestOperation (bench_client.cc:414): Sending op with proto 2 and index 0
20260313-145507-9394 19553 * ReceiveOperationResponse (bench_client.cc:547): AppRequest reply timeline: pos=0 status=0 issue_to_reply_ms=402 batch_age_ms=402
20260313-145507-9394 19553 * ReceiveOperationResponse (bench_client.cc:562): AppRequest batch done: fanout=1 total_reply_ms=402
20260313-145507-9417 19553 * GetNextOperation (app_request.cc:76): AppRequest batch composition: fanout=1 reads=0 writes=1
20260313-145507-9418 19553 * ExecuteNextAppRequestOperation (bench_client.cc:414): Sending op with proto 2 and index 0
20260313-145508-3437 19553 * ReceiveOperationResponse (bench_client.cc:547): AppRequest reply timeline: pos=0 status=0 issue_to_reply_ms=402 batch_age_ms=402
20260313-145508-3438 19553 * ReceiveOperationResponse (bench_client.cc:562): AppRequest batch done: fanout=1 total_reply_ms=402
20260313-145508-3441 19553 * GetNextOperation (app_request.cc:76): AppRequest batch composition: fanout=1 reads=1 writes=0
20260313-145508-3442 19553 * ExecuteNextAppRequestOperation (bench_client.cc:414): Sending op with proto 2 and index 0
20260313-145508-7459 19553 * ReceiveOperationResponse (bench_client.cc:547): AppRequest reply timeline: pos=0 status=0 issue_to_reply_ms=402 batch_age_ms=402
20260313-145508-7460 19553 * ReceiveOperationResponse (bench_client.cc:562): AppRequest batch done: fanout=1 total_reply_ms=402
20260313-145508-7468 19553 * GetNextOperation (app_request.cc:76): AppRequest batch composition: fanout=1 reads=0 writes=1
20260313-145508-7468 19553 * ExecuteNextAppRequestOperation (bench_client.cc:414): Sending op with proto 2 and index 0
20260313-145509-1487 19553 * ReceiveOperationResponse (bench_client.cc:547): AppRequest reply timeline: pos=0 status=0 issue_to_reply_ms=402 batch_age_ms=402
20260313-145509-1488 19553 * ReceiveOperationResponse (bench_client.cc:562): AppRequest batch done: fanout=1 total_reply_ms=402
20260313-145509-1510 19553 * GetNextOperation (app_request.cc:76): AppRequest batch composition: fanout=1 reads=1 writes=0
20260313-145509-1511 19553 * ExecuteNextAppRequestOperation (bench_client.cc:414): Sending op with proto 2 and index 0
20260313-145509-5528 19553 * ReceiveOperationResponse (bench_client.cc:547): AppRequest reply timeline: pos=0 status=0 issue_to_reply_ms=402 batch_age_ms=402
20260313-145509-5529 19553 * ReceiveOperationResponse (bench_client.cc:562): AppRequest batch done: fanout=1 total_reply_ms=402
20260313-145509-5535 19553 * GetNextOperation (app_request.cc:76): AppRequest batch composition: fanout=1 reads=1 writes=0
20260313-145509-5536 19553 * ExecuteNextAppRequestOperation (bench_client.cc:414): Sending op with proto 2 and index 0
20260313-145509-9553 19553 * ReceiveOperationResponse (bench_client.cc:547): AppRequest reply timeline: pos=0 status=0 issue_to_reply_ms=401 batch_age_ms=401
20260313-145509-9554 19553 * ReceiveOperationResponse (bench_client.cc:562): AppRequest batch done: fanout=1 total_reply_ms=401
20260313-145509-9575 19553 * GetNextOperation (app_request.cc:76): AppRequest batch composition: fanout=1 reads=1 writes=0
20260313-145509-9576 19553 * ExecuteNextAppRequestOperation (bench_client.cc:414): Sending op with proto 2 and index 0
20260313-145510-3594 19553 * ReceiveOperationResponse (bench_client.cc:547): AppRequest reply timeline: pos=0 status=0 issue_to_reply_ms=402 batch_age_ms=402
20260313-145510-3595 19553 * ReceiveOperationResponse (bench_client.cc:562): AppRequest batch done: fanout=1 total_reply_ms=402
20260313-145510-3598 19553 * GetNextOperation (app_request.cc:76): AppRequest batch composition: fanout=1 reads=1 writes=0
20260313-145510-3598 19553 * ExecuteNextAppRequestOperation (bench_client.cc:414): Sending op with proto 2 and index 0
20260313-145510-7617 19553 * ReceiveOperationResponse (bench_client.cc:547): AppRequest reply timeline: pos=0 status=0 issue_to_reply_ms=402 batch_age_ms=402
20260313-145510-7618 19553 * ReceiveOperationResponse (bench_client.cc:562): AppRequest batch done: fanout=1 total_reply_ms=402
20260313-145510-7622 19553 * GetNextOperation (app_request.cc:76): AppRequest batch composition: fanout=1 reads=1 writes=0
20260313-145510-7623 19553 * ExecuteNextAppRequestOperation (bench_client.cc:414): Sending op with proto 2 and index 0
20260313-145511-1641 19553 * ReceiveOperationResponse (bench_client.cc:547): AppRequest reply timeline: pos=0 status=0 issue_to_reply_ms=402 batch_age_ms=402
20260313-145511-1642 19553 * ReceiveOperationResponse (bench_client.cc:562): AppRequest batch done: fanout=1 total_reply_ms=402
20260313-145511-1664 19553 * GetNextOperation (app_request.cc:76): AppRequest batch composition: fanout=1 reads=1 writes=0
20260313-145511-1665 19553 * ExecuteNextAppRequestOperation (bench_client.cc:414): Sending op with proto 2 and index 0
20260313-145511-5682 19553 * ReceiveOperationResponse (bench_client.cc:547): AppRequest reply timeline: pos=0 status=0 issue_to_reply_ms=401 batch_age_ms=401
20260313-145511-5684 19553 * ReceiveOperationResponse (bench_client.cc:562): AppRequest batch done: fanout=1 total_reply_ms=401
20260313-145511-5693 19553 * GetNextOperation (app_request.cc:76): AppRequest batch composition: fanout=1 reads=0 writes=1
20260313-145511-5694 19553 * ExecuteNextAppRequestOperation (bench_client.cc:414): Sending op with proto 2 and index 0
20260313-145511-9712 19553 * ReceiveOperationResponse (bench_client.cc:547): AppRequest reply timeline: pos=0 status=0 issue_to_reply_ms=401 batch_age_ms=401
20260313-145511-9713 19553 * ReceiveOperationResponse (bench_client.cc:562): AppRequest batch done: fanout=1 total_reply_ms=401
20260313-145511-9732 19553 * GetNextOperation (app_request.cc:76): AppRequest batch composition: fanout=1 reads=1 writes=0
20260313-145511-9733 19553 * ExecuteNextAppRequestOperation (bench_client.cc:414): Sending op with proto 2 and index 0
20260313-145512-3752 19553 * ReceiveOperationResponse (bench_client.cc:547): AppRequest reply timeline: pos=0 status=0 issue_to_reply_ms=401 batch_age_ms=401
20260313-145512-3752 19553 * ReceiveOperationResponse (bench_client.cc:562): AppRequest batch done: fanout=1 total_reply_ms=401
20260313-145512-3766 19553 * GetNextOperation (app_request.cc:76): AppRequest batch composition: fanout=1 reads=0 writes=1
20260313-145512-3766 19553 * ExecuteNextAppRequestOperation (bench_client.cc:414): Sending op with proto 2 and index 0
20260313-145512-7786 19553 * ReceiveOperationResponse (bench_client.cc:547): AppRequest reply timeline: pos=0 status=0 issue_to_reply_ms=402 batch_age_ms=402
20260313-145512-7787 19553 * ReceiveOperationResponse (bench_client.cc:562): AppRequest batch done: fanout=1 total_reply_ms=402
20260313-145512-7804 19553 * GetNextOperation (app_request.cc:76): AppRequest batch composition: fanout=1 reads=1 writes=0
20260313-145512-7805 19553 * ExecuteNextAppRequestOperation (bench_client.cc:414): Sending op with proto 2 and index 0
20260313-145513-1824 19553 * ReceiveOperationResponse (bench_client.cc:547): AppRequest reply timeline: pos=0 status=0 issue_to_reply_ms=402 batch_age_ms=402
20260313-145513-1825 19553 * ReceiveOperationResponse (bench_client.cc:562): AppRequest batch done: fanout=1 total_reply_ms=402
20260313-145513-1837 19553 * GetNextOperation (app_request.cc:76): AppRequest batch composition: fanout=1 reads=0 writes=1
20260313-145513-1838 19553 * ExecuteNextAppRequestOperation (bench_client.cc:414): Sending op with proto 2 and index 0
20260313-145513-5855 19553 * ReceiveOperationResponse (bench_client.cc:547): AppRequest reply timeline: pos=0 status=0 issue_to_reply_ms=402 batch_age_ms=402
20260313-145513-5856 19553 * ReceiveOperationResponse (bench_client.cc:562): AppRequest batch done: fanout=1 total_reply_ms=402
20260313-145513-5871 19553 * GetNextOperation (app_request.cc:76): AppRequest batch composition: fanout=1 reads=1 writes=0
20260313-145513-5872 19553 * ExecuteNextAppRequestOperation (bench_client.cc:414): Sending op with proto 2 and index 0
20260313-145513-9891 19553 * ReceiveOperationResponse (bench_client.cc:547): AppRequest reply timeline: pos=0 status=0 issue_to_reply_ms=402 batch_age_ms=402
20260313-145513-9892 19553 * ReceiveOperationResponse (bench_client.cc:562): AppRequest batch done: fanout=1 total_reply_ms=402
20260313-145513-9906 19553 * GetNextOperation (app_request.cc:76): AppRequest batch composition: fanout=1 reads=1 writes=0
20260313-145513-9907 19553 * ExecuteNextAppRequestOperation (bench_client.cc:414): Sending op with proto 2 and index 0
20260313-145514-3926 19553 * ReceiveOperationResponse (bench_client.cc:547): AppRequest reply timeline: pos=0 status=0 issue_to_reply_ms=402 batch_age_ms=402
20260313-145514-3927 19553 * ReceiveOperationResponse (bench_client.cc:562): AppRequest batch done: fanout=1 total_reply_ms=402
20260313-145514-3930 19553 * GetNextOperation (app_request.cc:76): AppRequest batch composition: fanout=1 reads=1 writes=0
20260313-145514-3931 19553 * ExecuteNextAppRequestOperation (bench_client.cc:414): Sending op with proto 2 and index 0
20260313-145514-7950 19553 * ReceiveOperationResponse (bench_client.cc:547): AppRequest reply timeline: pos=0 status=0 issue_to_reply_ms=402 batch_age_ms=402
20260313-145514-7951 19553 * ReceiveOperationResponse (bench_client.cc:562): AppRequest batch done: fanout=1 total_reply_ms=402
20260313-145514-7970 19553 * GetNextOperation (app_request.cc:76): AppRequest batch composition: fanout=1 reads=1 writes=0
20260313-145514-7971 19553 * ExecuteNextAppRequestOperation (bench_client.cc:414): Sending op with proto 2 and index 0
20260313-145515-1989 19553 * ReceiveOperationResponse (bench_client.cc:547): AppRequest reply timeline: pos=0 status=0 issue_to_reply_ms=402 batch_age_ms=402
20260313-145515-1990 19553 * ReceiveOperationResponse (bench_client.cc:562): AppRequest batch done: fanout=1 total_reply_ms=402
20260313-145515-1998 19553 * GetNextOperation (app_request.cc:76): AppRequest batch composition: fanout=1 reads=1 writes=0
20260313-145515-1999 19553 * ExecuteNextAppRequestOperation (bench_client.cc:414): Sending op with proto 2 and index 0
20260313-145515-6017 19553 * ReceiveOperationResponse (bench_client.cc:547): AppRequest reply timeline: pos=0 status=0 issue_to_reply_ms=402 batch_age_ms=402
20260313-145515-6017 19553 * ReceiveOperationResponse (bench_client.cc:562): AppRequest batch done: fanout=1 total_reply_ms=402
20260313-145515-6034 19553 * GetNextOperation (app_request.cc:76): AppRequest batch composition: fanout=1 reads=0 writes=1
20260313-145515-6035 19553 * ExecuteNextAppRequestOperation (bench_client.cc:414): Sending op with proto 2 and index 0
20260313-145516-0052 19553 * ReceiveOperationResponse (bench_client.cc:547): AppRequest reply timeline: pos=0 status=0 issue_to_reply_ms=401 batch_age_ms=401
20260313-145516-0053 19553 * ReceiveOperationResponse (bench_client.cc:562): AppRequest batch done: fanout=1 total_reply_ms=401
20260313-145516-0058 19553 * GetNextOperation (app_request.cc:76): AppRequest batch composition: fanout=1 reads=1 writes=0
20260313-145516-0059 19553 * ExecuteNextAppRequestOperation (bench_client.cc:414): Sending op with proto 2 and index 0
20260313-145516-4077 19553 * ReceiveOperationResponse (bench_client.cc:547): AppRequest reply timeline: pos=0 status=0 issue_to_reply_ms=402 batch_age_ms=402
20260313-145516-4078 19553 * ReceiveOperationResponse (bench_client.cc:562): AppRequest batch done: fanout=1 total_reply_ms=402
20260313-145516-4088 19553 * GetNextOperation (app_request.cc:76): AppRequest batch composition: fanout=1 reads=1 writes=0
20260313-145516-4089 19553 * ExecuteNextAppRequestOperation (bench_client.cc:414): Sending op with proto 2 and index 0
20260313-145516-8108 19553 * ReceiveOperationResponse (bench_client.cc:547): AppRequest reply timeline: pos=0 status=0 issue_to_reply_ms=402 batch_age_ms=402
20260313-145516-8109 19553 * ReceiveOperationResponse (bench_client.cc:562): AppRequest batch done: fanout=1 total_reply_ms=402
20260313-145516-8118 19553 * GetNextOperation (app_request.cc:76): AppRequest batch composition: fanout=1 reads=1 writes=0
20260313-145516-8119 19553 * ExecuteNextAppRequestOperation (bench_client.cc:414): Sending op with proto 2 and index 0
20260313-145517-2138 19553 * ReceiveOperationResponse (bench_client.cc:547): AppRequest reply timeline: pos=0 status=0 issue_to_reply_ms=402 batch_age_ms=402
20260313-145517-2139 19553 * ReceiveOperationResponse (bench_client.cc:562): AppRequest batch done: fanout=1 total_reply_ms=402
20260313-145517-2151 19553 * GetNextOperation (app_request.cc:76): AppRequest batch composition: fanout=1 reads=1 writes=0
20260313-145517-2152 19553 * ExecuteNextAppRequestOperation (bench_client.cc:414): Sending op with proto 2 and index 0
20260313-145517-6170 19553 * ReceiveOperationResponse (bench_client.cc:547): AppRequest reply timeline: pos=0 status=0 issue_to_reply_ms=402 batch_age_ms=402
20260313-145517-6171 19553 * ReceiveOperationResponse (bench_client.cc:562): AppRequest batch done: fanout=1 total_reply_ms=402
20260313-145517-6181 19553 * GetNextOperation (app_request.cc:76): AppRequest batch composition: fanout=1 reads=1 writes=0
20260313-145517-6182 19553 * ExecuteNextAppRequestOperation (bench_client.cc:414): Sending op with proto 2 and index 0
20260313-145518-0200 19553 * ReceiveOperationResponse (bench_client.cc:547): AppRequest reply timeline: pos=0 status=0 issue_to_reply_ms=402 batch_age_ms=402
20260313-145518-0201 19553 * ReceiveOperationResponse (bench_client.cc:562): AppRequest batch done: fanout=1 total_reply_ms=402
20260313-145518-0209 19553 * GetNextOperation (app_request.cc:76): AppRequest batch composition: fanout=1 reads=1 writes=0
20260313-145518-0210 19553 * ExecuteNextAppRequestOperation (bench_client.cc:414): Sending op with proto 2 and index 0
20260313-145518-4228 19553 * ReceiveOperationResponse (bench_client.cc:547): AppRequest reply timeline: pos=0 status=0 issue_to_reply_ms=402 batch_age_ms=402
20260313-145518-4229 19553 * ReceiveOperationResponse (bench_client.cc:562): AppRequest batch done: fanout=1 total_reply_ms=402
20260313-145518-4232 19553 * GetNextOperation (app_request.cc:76): AppRequest batch composition: fanout=1 reads=1 writes=0
20260313-145518-4232 19553 * ExecuteNextAppRequestOperation (bench_client.cc:414): Sending op with proto 2 and index 0
20260313-145518-8251 19553 * ReceiveOperationResponse (bench_client.cc:547): AppRequest reply timeline: pos=0 status=0 issue_to_reply_ms=402 batch_age_ms=402
20260313-145518-8252 19553 * ReceiveOperationResponse (bench_client.cc:562): AppRequest batch done: fanout=1 total_reply_ms=402
20260313-145518-8264 19553 * GetNextOperation (app_request.cc:76): AppRequest batch composition: fanout=1 reads=1 writes=0
20260313-145518-8265 19553 * ExecuteNextAppRequestOperation (bench_client.cc:414): Sending op with proto 2 and index 0
20260313-145519-2284 19553 * ReceiveOperationResponse (bench_client.cc:547): AppRequest reply timeline: pos=0 status=0 issue_to_reply_ms=402 batch_age_ms=402
20260313-145519-2285 19553 * ReceiveOperationResponse (bench_client.cc:562): AppRequest batch done: fanout=1 total_reply_ms=402
20260313-145519-2302 19553 * GetNextOperation (app_request.cc:76): AppRequest batch composition: fanout=1 reads=1 writes=0
20260313-145519-2303 19553 * ExecuteNextAppRequestOperation (bench_client.cc:414): Sending op with proto 2 and index 0
20260313-145519-6322 19553 * ReceiveOperationResponse (bench_client.cc:547): AppRequest reply timeline: pos=0 status=0 issue_to_reply_ms=402 batch_age_ms=402
20260313-145519-6323 19553 * ReceiveOperationResponse (bench_client.cc:562): AppRequest batch done: fanout=1 total_reply_ms=402
20260313-145519-6341 19553 * GetNextOperation (app_request.cc:76): AppRequest batch composition: fanout=1 reads=0 writes=1
20260313-145519-6342 19553 * ExecuteNextAppRequestOperation (bench_client.cc:414): Sending op with proto 2 and index 0
20260313-145520-0359 19553 * ReceiveOperationResponse (bench_client.cc:547): AppRequest reply timeline: pos=0 status=0 issue_to_reply_ms=402 batch_age_ms=402
20260313-145520-0360 19553 * ReceiveOperationResponse (bench_client.cc:562): AppRequest batch done: fanout=1 total_reply_ms=402
20260313-145520-0374 19553 * GetNextOperation (app_request.cc:76): AppRequest batch composition: fanout=1 reads=1 writes=0
20260313-145520-0374 19553 * ExecuteNextAppRequestOperation (bench_client.cc:414): Sending op with proto 2 and index 0
20260313-145520-4393 19553 * ReceiveOperationResponse (bench_client.cc:547): AppRequest reply timeline: pos=0 status=0 issue_to_reply_ms=402 batch_age_ms=402
20260313-145520-4394 19553 * ReceiveOperationResponse (bench_client.cc:562): AppRequest batch done: fanout=1 total_reply_ms=402
20260313-145520-4401 19553 * GetNextOperation (app_request.cc:76): AppRequest batch composition: fanout=1 reads=1 writes=0
20260313-145520-4402 19553 * ExecuteNextAppRequestOperation (bench_client.cc:414): Sending op with proto 2 and index 0
20260313-145520-8420 19553 * ReceiveOperationResponse (bench_client.cc:547): AppRequest reply timeline: pos=0 status=0 issue_to_reply_ms=402 batch_age_ms=402
20260313-145520-8421 19553 * ReceiveOperationResponse (bench_client.cc:562): AppRequest batch done: fanout=1 total_reply_ms=402
20260313-145520-8426 19553 * GetNextOperation (app_request.cc:76): AppRequest batch composition: fanout=1 reads=1 writes=0
20260313-145520-8426 19553 * ExecuteNextAppRequestOperation (bench_client.cc:414): Sending op with proto 2 and index 0
20260313-145521-2446 19553 * ReceiveOperationResponse (bench_client.cc:547): AppRequest reply timeline: pos=0 status=0 issue_to_reply_ms=402 batch_age_ms=402
20260313-145521-2447 19553 * ReceiveOperationResponse (bench_client.cc:562): AppRequest batch done: fanout=1 total_reply_ms=402
20260313-145521-2454 19553 * GetNextOperation (app_request.cc:76): AppRequest batch composition: fanout=1 reads=1 writes=0
20260313-145521-2454 19553 * ExecuteNextAppRequestOperation (bench_client.cc:414): Sending op with proto 2 and index 0
20260313-145521-6474 19553 * ReceiveOperationResponse (bench_client.cc:547): AppRequest reply timeline: pos=0 status=0 issue_to_reply_ms=402 batch_age_ms=402
20260313-145521-6475 19553 * ReceiveOperationResponse (bench_client.cc:562): AppRequest batch done: fanout=1 total_reply_ms=402
20260313-145521-6489 19553 * GetNextOperation (app_request.cc:76): AppRequest batch composition: fanout=1 reads=1 writes=0
20260313-145521-6490 19553 * ExecuteNextAppRequestOperation (bench_client.cc:414): Sending op with proto 2 and index 0
20260313-145522-0506 19553 * ReceiveOperationResponse (bench_client.cc:547): AppRequest reply timeline: pos=0 status=0 issue_to_reply_ms=402 batch_age_ms=402
20260313-145522-0508 19553 * ReceiveOperationResponse (bench_client.cc:562): AppRequest batch done: fanout=1 total_reply_ms=402
20260313-145522-0530 19553 * GetNextOperation (app_request.cc:76): AppRequest batch composition: fanout=1 reads=0 writes=1
20260313-145522-0530 19553 * ExecuteNextAppRequestOperation (bench_client.cc:414): Sending op with proto 2 and index 0
20260313-145522-4550 19553 * ReceiveOperationResponse (bench_client.cc:547): AppRequest reply timeline: pos=0 status=0 issue_to_reply_ms=402 batch_age_ms=402
20260313-145522-4551 19553 * ReceiveOperationResponse (bench_client.cc:562): AppRequest batch done: fanout=1 total_reply_ms=402
20260313-145522-4567 19553 * GetNextOperation (app_request.cc:76): AppRequest batch composition: fanout=1 reads=1 writes=0
20260313-145522-4568 19553 * ExecuteNextAppRequestOperation (bench_client.cc:414): Sending op with proto 2 and index 0
20260313-145522-8585 19553 * ReceiveOperationResponse (bench_client.cc:547): AppRequest reply timeline: pos=0 status=0 issue_to_reply_ms=402 batch_age_ms=402
20260313-145522-8586 19553 * ReceiveOperationResponse (bench_client.cc:562): AppRequest batch done: fanout=1 total_reply_ms=402
20260313-145522-8592 19553 * GetNextOperation (app_request.cc:76): AppRequest batch composition: fanout=1 reads=1 writes=0
20260313-145522-8593 19553 * ExecuteNextAppRequestOperation (bench_client.cc:414): Sending op with proto 2 and index 0
20260313-145523-2611 19553 * ReceiveOperationResponse (bench_client.cc:547): AppRequest reply timeline: pos=0 status=0 issue_to_reply_ms=401 batch_age_ms=401
20260313-145523-2613 19553 * ReceiveOperationResponse (bench_client.cc:562): AppRequest batch done: fanout=1 total_reply_ms=401
20260313-145523-2616 19553 * GetNextOperation (app_request.cc:76): AppRequest batch composition: fanout=1 reads=1 writes=0
20260313-145523-2616 19553 * ExecuteNextAppRequestOperation (bench_client.cc:414): Sending op with proto 2 and index 0
20260313-145523-6635 19553 * ReceiveOperationResponse (bench_client.cc:547): AppRequest reply timeline: pos=0 status=0 issue_to_reply_ms=402 batch_age_ms=402
20260313-145523-6636 19553 * ReceiveOperationResponse (bench_client.cc:562): AppRequest batch done: fanout=1 total_reply_ms=402
20260313-145523-6658 19553 * GetNextOperation (app_request.cc:76): AppRequest batch composition: fanout=1 reads=0 writes=1
20260313-145523-6659 19553 * ExecuteNextAppRequestOperation (bench_client.cc:414): Sending op with proto 2 and index 0
20260313-145524-0677 19553 * ReceiveOperationResponse (bench_client.cc:547): AppRequest reply timeline: pos=0 status=0 issue_to_reply_ms=402 batch_age_ms=402
20260313-145524-0678 19553 * ReceiveOperationResponse (bench_client.cc:562): AppRequest batch done: fanout=1 total_reply_ms=402
20260313-145524-0695 19553 * GetNextOperation (app_request.cc:76): AppRequest batch composition: fanout=1 reads=1 writes=0
20260313-145524-0696 19553 * ExecuteNextAppRequestOperation (bench_client.cc:414): Sending op with proto 2 and index 0
20260313-145524-4714 19553 * ReceiveOperationResponse (bench_client.cc:547): AppRequest reply timeline: pos=0 status=0 issue_to_reply_ms=402 batch_age_ms=402
20260313-145524-4715 19553 * ReceiveOperationResponse (bench_client.cc:562): AppRequest batch done: fanout=1 total_reply_ms=402
20260313-145524-4723 19553 * GetNextOperation (app_request.cc:76): AppRequest batch composition: fanout=1 reads=1 writes=0
20260313-145524-4723 19553 * ExecuteNextAppRequestOperation (bench_client.cc:414): Sending op with proto 2 and index 0
20260313-145524-8740 19553 * ReceiveOperationResponse (bench_client.cc:547): AppRequest reply timeline: pos=0 status=0 issue_to_reply_ms=401 batch_age_ms=401
20260313-145524-8742 19553 * ReceiveOperationResponse (bench_client.cc:562): AppRequest batch done: fanout=1 total_reply_ms=401
20260313-145524-8748 19553 * GetNextOperation (app_request.cc:76): AppRequest batch composition: fanout=1 reads=0 writes=1
20260313-145524-8748 19553 * ExecuteNextAppRequestOperation (bench_client.cc:414): Sending op with proto 2 and index 0
20260313-145525-2767 19553 * ReceiveOperationResponse (bench_client.cc:547): AppRequest reply timeline: pos=0 status=0 issue_to_reply_ms=402 batch_age_ms=402
20260313-145525-2768 19553 * ReceiveOperationResponse (bench_client.cc:562): AppRequest batch done: fanout=1 total_reply_ms=402
20260313-145525-2769 19553 * Finish          (bench_client.cc:938): Completed 57 requests in 23.385434 seconds
20260313-145525-2769 19553 * Finish          (bench_client.cc:939): 1 outstanding transactions.
20260313-145525-2786 19553 * GetNextOperation (app_request.cc:76): AppRequest batch composition: fanout=1 reads=1 writes=0
20260313-145525-2787 19553 * ExecuteNextAppRequestOperation (bench_client.cc:414): Sending op with proto 2 and index 0
20260313-145525-6805 19553 * ReceiveOperationResponse (bench_client.cc:547): AppRequest reply timeline: pos=0 status=0 issue_to_reply_ms=402 batch_age_ms=402
20260313-145525-6806 19553 * ReceiveOperationResponse (bench_client.cc:562): AppRequest batch done: fanout=1 total_reply_ms=402
Session continued: 0
last_service: , current_state: 0
Session destroyed: 18446744073709551615
last_service: , current_state: 0
Session continued: 0
last_service: , current_state: 0
Session destroyed: 18446744073709551615
last_service: , current_state: 0
Session destroyed: 0
last_service: , current_state: 0
20260313-145527-0804 19553 * FlushStats      (benchmark.cc:916): Flushing stats to /mnt/extra/experiments/2026-04-13-14-54-27/out/client-0-0-0-stats-0.json.
20260313-145527-0807 19553 * FlushStats      (benchmark.cc:928): All done!
20260313-145529-2771 19553 * Cleanup         (bench_client.cc:766): Aborting 0 outstanding transactions.
20260313-145529-2772 19553 * CooldownDone    (bench_client.cc:796): Finished cooldown period.
20260313-145529-2773 19553 * CooldownDone    (bench_client.cc:803): Median latency is 402149236 ns (402 ms)
20260313-145529-2773 19553 * CooldownDone    (bench_client.cc:812): Average latency is 402140719 ns (402 ms)
20260313-145529-2774 19553 * CooldownDone    (bench_client.cc:816): 90th percentile latency is 402237076 ns (402 ms)
20260313-145529-2774 19553 * CooldownDone    (bench_client.cc:820): 95th percentile latency is 402274671 ns (402 ms)
20260313-145529-2775 19553 * CooldownDone    (bench_client.cc:824): 99th percentile latency is 402400084 ns (402 ms)
20260313-145529-2775 19553 * LATENCY total: 401 ms 402 ms/268 ms 402 ms (58 samples, 23 s total)
20260313-145529-2776 19553 *     268 ms |         58 | ==================================================
20260313-145529-2777 19553 * Stop            (tcptransport.cc:601): [TCP SUMMARY] outgoingCreated=30 outgoingClosed=0 incomingCreated=0 incomingClosed=0 outgoingPeak=30 incomingPeak=0
Inserted events:
  0x55ccbe7e3390 [fd  7] Read Persist Internal
  0x55ccbe802860 [fd  9] Read Persist
  0x55ccbe807060 [fd  10] Read Persist
  0x55ccbe8032c0 [fd  11] Read Persist
  0x55ccbe801890 [fd  12] Read Persist
  0x55ccbe804890 [fd  13] Read Persist
  0x55ccbe802120 [fd  14] Read Persist
  0x55ccbe807450 [fd  15] Read Persist
  0x55ccbe8062c0 [fd  16] Read Persist
  0x55ccbe806b40 [fd  17] Read Persist
  0x55ccbe81f450 [fd  18] Read Persist
  0x55ccbe81fa80 [fd  19] Read Persist
  0x55ccbe820180 [fd  20] Read Persist
  0x55ccbe821020 [fd  21] Read Persist
  0x55ccbe821840 [fd  22] Read Persist
  0x55ccbe822060 [fd  23] Read Persist
  0x55ccbe822f90 [fd  24] Read Persist
  0x55ccbe8237b0 [fd  25] Read Persist
  0x55ccbe824230 [fd  26] Read Persist
  0x55ccbe825160 [fd  27] Read Persist
  0x55ccbe8259d0 [fd  28] Read Persist
  0x55ccbe826320 [fd  29] Read Persist
  0x55ccbe8274e0 [fd  30] Read Persist
  0x55ccbe827e20 [fd  31] Read Persist
  0x55ccbe828790 [fd  32] Read Persist
  0x55ccbe829b40 [fd  33] Read Persist
  0x55ccbe82a460 [fd  34] Read Persist
  0x55ccbe82add0 [fd  35] Read Persist
  0x55ccbe82c010 [fd  36] Read Persist
  0x55ccbe82c8f0 [fd  37] Read Persist
  0x55ccbe82d260 [fd  38] Read Persist
Active events:
20260313-145529-2782 19553 * main            (benchmark.cc:875): Cleaning up after experiment.
20260313-145529-2783 19553 * FlushStats      (benchmark.cc:916): Flushing stats to /mnt/extra/experiments/2026-04-13-14-54-27/out/client-0-0-0-stats-0.json.
20260313-145529-2785 19553 * FlushStats      (benchmark.cc:928): All done!
