20260216-143353-4644 09645 * main            (benchmark.cc:402): Starting benchmark.
20260216-143358-1642 09645 * main            (benchmark.cc:621): Creating a default paritioner!
20260216-143358-1644 09645 * Client          (client.cc:75):     Initializing StrongStore client with id [52]
20260216-143358-1645 09645 * BenchmarkClient (bench_client.cc:81): starting benchclient, issueConcurrent: 0; fanout: 1
Session created: 0
last_service: , current_state: 0
Session continued: 0
last_service: , current_state: 0
Session destroyed: 18446744073709551615
last_service: , current_state: 0
20260216-143403-5512 09645 * WarmupDone      (bench_client.cc:726): Completed warmup period of 5 seconds with 1111 requests
20260216-143414-5535 09645 * Finish          (bench_client.cc:920): Completed 2435 requests in 11.002784 seconds
20260216-143414-5535 09645 * Finish          (bench_client.cc:921): 1 outstanding transactions.
Session continued: 0
last_service: , current_state: 0
Session destroyed: 18446744073709551615
last_service: , current_state: 0
Session continued: 0
last_service: , current_state: 0
Session destroyed: 18446744073709551615
last_service: , current_state: 0
Session destroyed: 0
last_service: , current_state: 0
20260216-143417-5513 09645 * FlushStats      (benchmark.cc:890): Flushing stats to /mnt/extra/experiments/2026-03-16-14-33-29/out/client-0-0-52-stats-0.json.
20260216-143417-5515 09645 * FlushStats      (benchmark.cc:902): All done!
20260216-143419-5537 09645 * Cleanup         (bench_client.cc:748): Aborting 0 outstanding transactions.
20260216-143419-5538 09645 * CooldownDone    (bench_client.cc:778): Finished cooldown period.
20260216-143419-5553 09645 * CooldownDone    (bench_client.cc:785): Median latency is 4474314 ns (4474 us)
20260216-143419-5554 09645 * CooldownDone    (bench_client.cc:794): Average latency is 4474342 ns (4474 us)
20260216-143419-5554 09645 * CooldownDone    (bench_client.cc:798): 90th percentile latency is 5086965 ns (5086 us)
20260216-143419-5554 09645 * CooldownDone    (bench_client.cc:802): 95th percentile latency is 5221432 ns (5221 us)
20260216-143419-5555 09645 * CooldownDone    (bench_client.cc:806): 99th percentile latency is 5509928 ns (5509 us)
20260216-143419-5555 09645 * LATENCY total: 2586 us 4474 us/4194 us 90 ms (2436 samples, 10 s total)
20260216-143419-5555 09645 *    2097 us |        692 | ===================
20260216-143419-5556 09645 *    4194 us |       1739 | ==================================================
20260216-143419-5556 09645 *    8388 us |          3 | 
20260216-143419-5556 09645 *      16 ms |          0 |
20260216-143419-5557 09645 *      33 ms |          1 | 
20260216-143419-5557 09645 *      67 ms |          1 | 
20260216-143419-5964 09645 * Stop            (tcptransport.cc:581): [TCP SUMMARY] outgoingCreated=1 outgoingClosed=0 incomingCreated=0 incomingClosed=0 outgoingPeak=1 incomingPeak=0
Inserted events:
  0x558ab117ef60 [fd  7] Read Persist Internal
  0x558ab1195510 [fd  9] Read Persist
Active events:
20260216-143419-5966 09645 * main            (benchmark.cc:849): Cleaning up after experiment.
20260216-143419-5966 09645 * FlushStats      (benchmark.cc:890): Flushing stats to /mnt/extra/experiments/2026-03-16-14-33-29/out/client-0-0-52-stats-0.json.
20260216-143419-5967 09645 * FlushStats      (benchmark.cc:902): All done!
