20260216-143353-4438 09583 * main            (benchmark.cc:402): Starting benchmark.
20260216-143358-1688 09583 * main            (benchmark.cc:621): Creating a default paritioner!
20260216-143358-1690 09583 * Client          (client.cc:75):     Initializing StrongStore client with id [20]
20260216-143358-1691 09583 * BenchmarkClient (bench_client.cc:81): starting benchclient, issueConcurrent: 0; fanout: 1
Session created: 0
last_service: , current_state: 0
Session continued: 0
last_service: , current_state: 0
Session destroyed: 18446744073709551615
last_service: , current_state: 0
20260216-143403-5561 09583 * WarmupDone      (bench_client.cc:726): Completed warmup period of 5 seconds with 1101 requests
20260216-143414-5572 09583 * Finish          (bench_client.cc:920): Completed 2425 requests in 11.003850 seconds
20260216-143414-5572 09583 * Finish          (bench_client.cc:921): 1 outstanding transactions.
Session continued: 0
last_service: , current_state: 0
Session destroyed: 18446744073709551615
last_service: , current_state: 0
Session continued: 0
last_service: , current_state: 0
Session destroyed: 18446744073709551615
last_service: , current_state: 0
Session destroyed: 0
last_service: , current_state: 0
20260216-143417-5559 09583 * FlushStats      (benchmark.cc:890): Flushing stats to /mnt/extra/experiments/2026-03-16-14-33-29/out/client-0-0-20-stats-0.json.
20260216-143417-5561 09583 * FlushStats      (benchmark.cc:902): All done!
20260216-143419-5590 09583 * Cleanup         (bench_client.cc:748): Aborting 0 outstanding transactions.
20260216-143419-5591 09583 * CooldownDone    (bench_client.cc:778): Finished cooldown period.
20260216-143419-5606 09583 * CooldownDone    (bench_client.cc:785): Median latency is 4497203 ns (4497 us)
20260216-143419-5607 09583 * CooldownDone    (bench_client.cc:794): Average latency is 4493914 ns (4493 us)
20260216-143419-5607 09583 * CooldownDone    (bench_client.cc:798): 90th percentile latency is 5094245 ns (5094 us)
20260216-143419-5607 09583 * CooldownDone    (bench_client.cc:802): 95th percentile latency is 5237258 ns (5237 us)
20260216-143419-5608 09583 * CooldownDone    (bench_client.cc:806): 99th percentile latency is 5506275 ns (5506 us)
20260216-143419-5608 09583 * LATENCY total: 2218 us 4493 us/4194 us 89 ms (2426 samples, 10 s total)
20260216-143419-5609 09583 *    2097 us |        648 | ==================
20260216-143419-5609 09583 *    4194 us |       1773 | ==================================================
20260216-143419-5609 09583 *    8388 us |          3 | 
20260216-143419-5609 09583 *      16 ms |          0 |
20260216-143419-5610 09583 *      33 ms |          1 | 
20260216-143419-5610 09583 *      67 ms |          1 | 
20260216-143419-6160 09583 * Stop            (tcptransport.cc:581): [TCP SUMMARY] outgoingCreated=1 outgoingClosed=0 incomingCreated=0 incomingClosed=0 outgoingPeak=1 incomingPeak=0
Inserted events:
  0x5638cbc5af60 [fd  7] Read Persist Internal
  0x5638cbc71510 [fd  9] Read Persist
Active events:
20260216-143419-6162 09583 * main            (benchmark.cc:849): Cleaning up after experiment.
20260216-143419-6162 09583 * FlushStats      (benchmark.cc:890): Flushing stats to /mnt/extra/experiments/2026-03-16-14-33-29/out/client-0-0-20-stats-0.json.
20260216-143419-6165 09583 * FlushStats      (benchmark.cc:902): All done!
