20260216-143353-4577 09620 * main            (benchmark.cc:402): Starting benchmark.
20260216-143358-1654 09620 * main            (benchmark.cc:621): Creating a default paritioner!
20260216-143358-1656 09620 * Client          (client.cc:75):     Initializing StrongStore client with id [40]
20260216-143358-1657 09620 * BenchmarkClient (bench_client.cc:81): starting benchclient, issueConcurrent: 0; fanout: 1
Session created: 0
last_service: , current_state: 0
Session continued: 0
last_service: , current_state: 0
Session destroyed: 18446744073709551615
last_service: , current_state: 0
20260216-143403-5699 09620 * WarmupDone      (bench_client.cc:726): Completed warmup period of 5 seconds with 1101 requests
20260216-143414-5716 09620 * Finish          (bench_client.cc:920): Completed 2420 requests in 11.001554 seconds
20260216-143414-5717 09620 * Finish          (bench_client.cc:921): 1 outstanding transactions.
Session continued: 0
last_service: , current_state: 0
Session destroyed: 18446744073709551615
last_service: , current_state: 0
Session continued: 0
last_service: , current_state: 0
Session destroyed: 18446744073709551615
last_service: , current_state: 0
Session destroyed: 0
last_service: , current_state: 0
20260216-143417-5699 09620 * FlushStats      (benchmark.cc:890): Flushing stats to /mnt/extra/experiments/2026-03-16-14-33-29/out/client-0-0-40-stats-0.json.
20260216-143417-5700 09620 * FlushStats      (benchmark.cc:902): All done!
20260216-143419-5718 09620 * Cleanup         (bench_client.cc:748): Aborting 0 outstanding transactions.
20260216-143419-5718 09620 * CooldownDone    (bench_client.cc:778): Finished cooldown period.
20260216-143419-5724 09620 * CooldownDone    (bench_client.cc:785): Median latency is 4500542 ns (4500 us)
20260216-143419-5724 09620 * CooldownDone    (bench_client.cc:794): Average latency is 4501638 ns (4501 us)
20260216-143419-5725 09620 * CooldownDone    (bench_client.cc:798): 90th percentile latency is 5102781 ns (5102 us)
20260216-143419-5725 09620 * CooldownDone    (bench_client.cc:802): 95th percentile latency is 5264461 ns (5264 us)
20260216-143419-5725 09620 * CooldownDone    (bench_client.cc:806): 99th percentile latency is 5570990 ns (5570 us)
20260216-143419-5725 09620 * LATENCY total: 1844 us 4501 us/4194 us 89 ms (2421 samples, 10 s total)
20260216-143419-5725 09620 *    1048 us |          1 | 
20260216-143419-5725 09620 *    2097 us |        646 | ==================
20260216-143419-5725 09620 *    4194 us |       1770 | ==================================================
20260216-143419-5726 09620 *    8388 us |          2 | 
20260216-143419-5726 09620 *      16 ms |          0 |
20260216-143419-5726 09620 *      33 ms |          1 | 
20260216-143419-5726 09620 *      67 ms |          1 | 
20260216-143419-6480 09620 * Stop            (tcptransport.cc:581): [TCP SUMMARY] outgoingCreated=1 outgoingClosed=0 incomingCreated=0 incomingClosed=0 outgoingPeak=1 incomingPeak=0
Inserted events:
  0x55ab85892f60 [fd  7] Read Persist Internal
  0x55ab858a9510 [fd  9] Read Persist
Active events:
20260216-143419-6481 09620 * main            (benchmark.cc:849): Cleaning up after experiment.
20260216-143419-6482 09620 * FlushStats      (benchmark.cc:890): Flushing stats to /mnt/extra/experiments/2026-03-16-14-33-29/out/client-0-0-40-stats-0.json.
20260216-143419-6483 09620 * FlushStats      (benchmark.cc:902): All done!
