basic_appreq,4651008,14754449984767,912
basic_appreq,4899849,14754455005776,912
basic_appreq,5074294,14754460118387,912
basic_appreq,4047818,14754464201865,912
basic_appreq,4762065,14754469000115,912
basic_appreq,4791207,14754473829274,912
basic_appreq,4093914,14754477958352,912
basic_appreq,3619264,14754481635146,912
basic_appreq,4090998,14754485760643,912
basic_appreq,4633238,14754490433675,912
basic_appreq,3757053,14754494231160,912
basic_appreq,4021919,14754498285586,912
basic_appreq,4789487,14754503111842,912
basic_appreq,4727368,14754507876533,912
basic_appreq,5378386,14754513290756,912
basic_appreq,4370431,14754517699833,912
basic_appreq,4611669,14754522354803,912
basic_appreq,3280991,14754525689765,912
basic_appreq,4332719,14754530068486,912
basic_appreq,3971845,14754534091121,912
basic_appreq,4354476,14754538483739,912
basic_appreq,4369700,14754542893245,912
basic_appreq,4858747,14754547806732,912
basic_appreq,4304997,14754552144597,912
basic_appreq,5110703,14754557303035,912
basic_appreq,4619053,14754561976877,912
basic_appreq,4466744,14754566479701,912
basic_appreq,4050529,14754570565685,912
basic_appreq,4937947,14754575549407,912
basic_appreq,9180200,14754584763807,912
basic_appreq,4818704,14754589623169,912
basic_appreq,4759540,14754594424733,912
basic_appreq,3365750,14754597841172,912
basic_appreq,4088535,14754601977849,912
basic_appreq,4341584,14754606353354,912
basic_appreq,4272943,14754610671076,912
basic_appreq,4895041,14754615601510,912
basic_appreq,4226128,14754619865147,912
basic_appreq,4702545,14754624604939,912
basic_appreq,4065557,14754628707305,912
basic_appreq,4005287,14754632749528,912
basic_appreq,4933719,14754637744610,912
basic_appreq,4755149,14754642539450,912
basic_appreq,3632598,14754646217895,912
basic_appreq,4246098,14754650504869,912
basic_appreq,4438370,14754654979520,912
basic_appreq,3375684,14754658412586,912
basic_appreq,4947779,14754663396061,912
basic_appreq,5469367,14754668902918,912
basic_appreq,5319464,14754674279313,912
basic_appreq,4459508,14754678782580,912
basic_appreq,4912858,14754683754317,912
basic_appreq,4527589,14754688317258,912
basic_appreq,4681291,14754693044717,912
basic_appreq,3377201,14754696461476,912
basic_appreq,4128281,14754700635424,912
basic_appreq,4578201,14754705247525,912
basic_appreq,4093875,14754709385417,912
basic_appreq,5390683,14754714813011,912
basic_appreq,4386014,14754719234579,912
basic_appreq,4475499,14754723744977,912
basic_appreq,3267654,14754727049277,912
basic_appreq,3525947,14754730623173,912
basic_appreq,4804891,14754735473159,912
basic_appreq,4354352,14754739864410,912
basic_appreq,4447877,14754744351985,912
basic_appreq,4788019,14754749177711,912
basic_appreq,3729374,14754752948886,912
basic_appreq,4347412,14754757335472,912
basic_appreq,3930334,14754761304983,912
basic_appreq,3941879,14754765284368,912
basic_appreq,4459728,14754769781839,912
basic_appreq,4287068,14754774103411,912
basic_appreq,5296495,14754779434129,912
basic_appreq,4942463,14754784411544,912
basic_appreq,3102670,14754787550333,912
basic_appreq,4506438,14754792099467,912
basic_appreq,4209926,14754796348310,912
basic_appreq,3710782,14754800105230,912
basic_appreq,4278507,14754804420947,912
basic_appreq,4826800,14754809283494,912
basic_appreq,4203880,14754813523619,912
basic_appreq,4961833,14754818520479,912
basic_appreq,4329945,14754822884586,912
basic_appreq,4921349,14754827843527,912
basic_appreq,3264014,14754831147721,912
basic_appreq,4131123,14754835322001,912
basic_appreq,4526965,14754839885726,912
basic_appreq,4822625,14754844755514,912
basic_appreq,3914083,14754848705792,912
basic_appreq,4218835,14754852966618,912
basic_appreq,5167513,14754858169117,912
basic_appreq,4770133,14754862972641,912
basic_appreq,4760663,14754867772253,912
basic_appreq,4223892,14754872034034,912
basic_appreq,4670769,14754876743680,912
basic_appreq,4393267,14754881182771,912
basic_appreq,4659384,14754885883559,912
basic_appreq,3003717,14754888927460,912
basic_appreq,4128428,14754893103621,912
basic_appreq,3980151,14754897127654,912
basic_appreq,4368382,14754901535343,912
basic_appreq,4634407,14754906201855,912
basic_appreq,3778233,14754910024722,912
basic_appreq,4216933,14754914276469,912
basic_appreq,4422463,14754918734214,912
basic_appreq,4611196,14754923390718,912
basic_appreq,4936672,14754928368799,912
basic_appreq,4930252,14754933338124,912
basic_appreq,5005659,14754938383851,912
basic_appreq,4469998,14754942891499,912
basic_appreq,4975594,14754947914770,912
basic_appreq,3075116,14754951028299,912
basic_appreq,4821659,14754955898791,912
basic_appreq,3820632,14754959756100,912
basic_appreq,3873158,14754963677244,912
basic_appreq,4982621,14754968696526,912
basic_appreq,4773765,14754973508423,912
basic_appreq,4478145,14754978023459,912
basic_appreq,4634327,14754982715716,912
basic_appreq,4489167,14754987260485,912
basic_appreq,4046317,14754991345595,912
basic_appreq,4375892,14754995758888,912
basic_appreq,5188481,14755000982123,912
basic_appreq,4153610,14755005169658,912
basic_appreq,4512071,14755009719052,912
basic_appreq,4897017,14755014675818,912
basic_appreq,4914710,14755019637151,912
basic_appreq,3179551,14755022848897,912
basic_appreq,5118400,14755028061292,912
basic_appreq,3769101,14755031869743,912
basic_appreq,4261247,14755036168355,912
basic_appreq,4382598,14755040597081,912
basic_appreq,4647713,14755045292162,912
basic_appreq,4174289,14755049524594,912
basic_appreq,4136289,14755053701993,912
basic_appreq,4279996,14755058014410,912
basic_appreq,4794532,14755062841809,912
basic_appreq,4264816,14755067145531,912
basic_appreq,4167046,14755071356384,912
basic_appreq,4868042,14755076264507,912
basic_appreq,3378196,14755079681748,912
basic_appreq,4464823,14755084187553,912
basic_appreq,4085846,14755088325430,912
basic_appreq,4120491,14755092483177,912
basic_appreq,4735464,14755097255096,912
basic_appreq,4412619,14755101704706,912
basic_appreq,4732577,14755106476641,912
basic_appreq,4565200,14755111092360,912
basic_appreq,4350252,14755115483642,912
basic_appreq,2696819,14755118218159,912
basic_appreq,4397282,14755122665702,912
basic_appreq,4779393,14755127479930,912
basic_appreq,5130884,14755132651810,912
basic_appreq,3208987,14755135906070,912
basic_appreq,4550401,14755140499588,912
basic_appreq,4175780,14755144718138,912
basic_appreq,4000442,14755148752680,912
basic_appreq,5087836,14755153875074,912
basic_appreq,4621068,14755158530389,912
basic_appreq,4446868,14755163017203,912
basic_appreq,3317035,14755166381971,912
basic_appreq,3920935,14755170345976,912
basic_appreq,3837845,14755174222286,912
basic_appreq,4443534,14755178702800,912
basic_appreq,4675359,14755183414490,912
basic_appreq,5001823,14755188451770,912
basic_appreq,4596142,14755193085764,912
basic_appreq,4333801,14755197458489,912
basic_appreq,5011090,14755202528223,912
basic_appreq,4976353,14755207537376,912
basic_appreq,3026653,14755210605263,912
basic_appreq,4510320,14755215158223,912
basic_appreq,3897171,14755219096507,912
basic_appreq,4637190,14755223771379,912
basic_appreq,4182279,14755227992132,912
basic_appreq,4577124,14755232626659,912
basic_appreq,4864302,14755237527817,912
basic_appreq,4366583,14755241931823,912
basic_appreq,4403887,14755246372892,912
basic_appreq,4230305,14755250640824,912
basic_appreq,4987266,14755255687363,912
basic_appreq,3999253,14755259721944,912
basic_appreq,4407210,14755264173906,912
basic_appreq,4236969,14755268447713,912
basic_appreq,4699485,14755273194726,912
basic_appreq,5349263,14755278627097,912
basic_appreq,4841703,14755283505955,912
basic_appreq,4963415,14755288504670,912
basic_appreq,4563961,14755293115200,912
basic_appreq,4947726,14755298123413,912
basic_appreq,4561442,14755302721143,912
basic_appreq,4474744,14755307231992,912
basic_appreq,4597778,14755311880176,912
basic_appreq,3069282,14755314989596,912
basic_appreq,3424309,14755318461881,912
basic_appreq,4869755,14755323372212,912
basic_appreq,4893930,14755328301516,912
basic_appreq,5291930,14755333631929,912
basic_appreq,4620789,14755338291838,912
basic_appreq,4897832,14755343227190,912
basic_appreq,4304274,14755347569025,912
basic_appreq,4653817,14755352257960,912
basic_appreq,4443601,14755356734775,912
basic_appreq,4674074,14755361449393,912
basic_appreq,5368121,14755366882265,912
basic_appreq,3262446,14755370186982,912
basic_appreq,4485542,14755374711211,912
basic_appreq,3329895,14755378083874,912
basic_appreq,4847869,14755382969827,912
basic_appreq,4719755,14755387724552,912
basic_appreq,4702480,14755392464252,912
basic_appreq,4870112,14755397371008,912
basic_appreq,3943349,14755401356102,912
basic_appreq,4901183,14755406294551,912
basic_appreq,5473839,14755411826842,912
basic_appreq,4427930,14755416293609,912
basic_appreq,3391151,14755419731807,912
basic_appreq,4295909,14755424066175,912
basic_appreq,4531066,14755428639331,912
basic_appreq,4217183,14755432892751,912
basic_appreq,4224840,14755437158089,912
basic_appreq,3811506,14755441014744,912
basic_appreq,4303787,14755445355379,912
basic_appreq,4900474,14755450296130,912
basic_appreq,4585667,14755454920390,912
basic_appreq,4637064,14755459596317,912
basic_appreq,4738702,14755464368164,912
basic_appreq,4578675,14755468979560,912
basic_appreq,4670145,14755473686556,912
basic_appreq,4860037,14755478581266,912
basic_appreq,4580959,14755483196944,912
basic_appreq,5239799,14755488477457,912
basic_appreq,4247207,14755492764115,912
basic_appreq,4716393,14755497525949,912
basic_appreq,4561714,14755502123351,912
basic_appreq,5310445,14755507489995,912
basic_appreq,5204775,14755512731208,912
basic_appreq,3188173,14755515961924,912
basic_appreq,4152459,14755520179257,912
basic_appreq,4443237,14755524658371,912
basic_appreq,3767270,14755528472140,912
basic_appreq,5173005,14755533683623,912
basic_appreq,4255306,14755537975467,912
basic_appreq,4879620,14755542893018,912
basic_appreq,4415040,14755547348078,912
basic_appreq,4357501,14755551742745,912
basic_appreq,4613660,14755556390632,912
basic_appreq,4685144,14755561109021,912
basic_appreq,4136702,14755565283562,912
basic_appreq,4569904,14755569892130,912
basic_appreq,4943976,14755574893950,912
basic_appreq,4229823,14755579169780,912
basic_appreq,4582605,14755583797662,912
basic_appreq,3511899,14755587351198,912
basic_appreq,3979282,14755591377855,912
basic_appreq,4566842,14755595975435,912
basic_appreq,3663191,14755599724434,912
basic_appreq,4233593,14755603987740,912
basic_appreq,4427520,14755608472620,912
basic_appreq,4670712,14755613180582,912
basic_appreq,4746311,14755617969249,912
basic_appreq,3411674,14755621427903,912
basic_appreq,4370325,14755625837903,912
basic_appreq,2984182,14755628863491,912
basic_appreq,4723832,14755633624779,912
basic_appreq,4972759,14755638638440,912
basic_appreq,4812819,14755643521298,912
basic_appreq,3267221,14755646830106,912
basic_appreq,4605440,14755651472981,912
basic_appreq,4210054,14755655728543,912
basic_appreq,4312770,14755660084859,912
basic_appreq,3339351,14755663458929,912
basic_appreq,4726413,14755668216371,912
basic_appreq,5133126,14755673389597,912
basic_appreq,4602240,14755678032333,912
basic_appreq,4901805,14755682987527,912
basic_appreq,4948537,14755687969990,912
basic_appreq,4239260,14755692270784,912
basic_appreq,4377215,14755696688102,912
basic_appreq,3124041,14755699864212,912
basic_appreq,3185688,14755703086242,912
basic_appreq,4455327,14755707573917,912
basic_appreq,4420579,14755712029446,912
basic_appreq,4322355,14755716388350,912
basic_appreq,4290065,14755720714435,912
basic_appreq,4299718,14755725054417,912
basic_appreq,4971627,14755730065869,912
basic_appreq,4719739,14755734817553,912
basic_appreq,4758922,14755739609355,912
basic_appreq,5125774,14755744781889,912
basic_appreq,5129018,14755749949579,912
basic_appreq,3644244,14755753631301,912
basic_appreq,5617048,14755759292970,912
basic_appreq,3216804,14755762567926,912
basic_appreq,4502616,14755767108146,912
basic_appreq,4489775,14755771637683,912
basic_appreq,4528812,14755776214721,912
basic_appreq,4516612,14755780777004,912
basic_appreq,4394099,14755785219802,912
basic_appreq,4733721,14755790000513,912
basic_appreq,3274427,14755793320714,912
basic_appreq,5165722,14755798520874,912
basic_appreq,4994007,14755803554477,912
basic_appreq,4639202,14755808235817,912
basic_appreq,4306552,14755812584091,912
basic_appreq,5072869,14755817693386,912
basic_appreq,3034411,14755820759322,912
basic_appreq,4169250,14755824986365,912
basic_appreq,3730428,14755828774717,912
basic_appreq,4641241,14755833451515,912
basic_appreq,4710721,14755838198560,912
basic_appreq,5290035,14755843525422,912
basic_appreq,4266671,14755847826648,912
basic_appreq,4799862,14755852666652,912
basic_appreq,5122038,14755857828099,912
basic_appreq,3975000,14755861841305,912
basic_appreq,4236621,14755866113788,912
basic_appreq,2865810,14755869027510,912
basic_appreq,4380502,14755873444286,912
basic_appreq,4366266,14755877849687,912
basic_appreq,4802680,14755882697803,912
basic_appreq,4297245,14755887034381,912
basic_appreq,3937077,14755891008454,912
basic_appreq,3922205,14755894976365,912
basic_appreq,5065629,14755900078711,912
basic_appreq,4516838,14755904631469,912
basic_appreq,4417380,14755909085272,912
basic_appreq,4944150,14755914065149,912
basic_appreq,4854025,14755918955866,912
basic_appreq,4399573,14755923403689,912
basic_appreq,4410871,14755927852173,912
basic_appreq,4471630,14755932367194,912
basic_appreq,5080940,14755937488670,912
basic_appreq,4316961,14755941861002,912
basic_appreq,3989912,14755945885396,912
basic_appreq,3301752,14755949237954,912
basic_appreq,4297650,14755953582126,912
basic_appreq,4591319,14755958218756,912
basic_appreq,4033033,14755962296731,912
basic_appreq,4467750,14755966810186,912
basic_appreq,4127882,14755970983448,912
basic_appreq,4256532,14755975286966,912
basic_appreq,5610569,14755980933688,912
basic_appreq,5161312,14755986132915,912
basic_appreq,5084862,14755991253729,912
basic_appreq,5099280,14755996386350,912
basic_appreq,4663645,14756001088383,912
basic_appreq,4269432,14756005400827,912
basic_appreq,4462855,14756009915274,912
basic_appreq,5099522,14756015060928,912
basic_appreq,5015362,14756020117546,912
basic_appreq,4704865,14756024874177,912
basic_appreq,4413811,14756029321782,912
basic_appreq,4188033,14756033544530,912
basic_appreq,4475055,14756038055971,912
basic_appreq,4760081,14756042851835,912
basic_appreq,4867788,14756047762994,912
basic_appreq,4186130,14756051985930,912
basic_appreq,3270867,14756055335530,912
basic_appreq,4645685,14756060027565,912
basic_appreq,4100543,14756064168020,912
basic_appreq,4152768,14756068367260,912
basic_appreq,4319094,14756072718717,912
basic_appreq,3961826,14756076720079,912
basic_appreq,4981303,14756081737472,912
basic_appreq,4457663,14756086234039,912
basic_appreq,4081061,14756090353762,912
basic_appreq,4630013,14756095020791,912
basic_appreq,4705521,14756099762050,912
basic_appreq,4549360,14756104349047,912
basic_appreq,4727804,14756109110750,912
basic_appreq,4033278,14756113182995,912
basic_appreq,4607196,14756117834856,912
basic_appreq,3944095,14756121825854,912
basic_appreq,3769584,14756125655272,912
basic_appreq,3340898,14756129040737,912
basic_appreq,4872839,14756133951421,912
basic_appreq,4528578,14756138517930,912
basic_appreq,5043329,14756143624065,912
basic_appreq,3997850,14756147662960,912
basic_appreq,4904315,14756152622321,912
basic_appreq,4110509,14756156769614,912
basic_appreq,4068598,14756160877500,912
basic_appreq,3646333,14756164556832,912
basic_appreq,4293142,14756168886858,912
basic_appreq,4816108,14756173748285,912
basic_appreq,4737420,14756178523600,912
basic_appreq,3204880,14756181769129,912
basic_appreq,5236700,14756187041572,912
basic_appreq,5760594,14756192837621,912
basic_appreq,4207651,14756197079497,912
basic_appreq,4681558,14756201827362,912
basic_appreq,4134609,14756206003037,912
basic_appreq,4427019,14756210474772,912
basic_appreq,4209973,14756214718712,912
basic_appreq,4272437,14756219026101,912
basic_appreq,4329925,14756223392342,912
basic_appreq,4212325,14756227643012,912
basic_appreq,4531357,14756232218558,912
basic_appreq,4145826,14756236400228,912
basic_appreq,4510634,14756240971587,912
basic_appreq,4217619,14756245241091,912
basic_appreq,4264312,14756249542635,912
basic_appreq,4470752,14756254056692,912
basic_appreq,4235722,14756258334236,912
basic_appreq,4395374,14756262762259,912
basic_appreq,4371313,14756267176834,912
basic_appreq,4879352,14756272096153,912
basic_appreq,3932170,14756276067132,912
basic_appreq,4778455,14756280926636,912
basic_appreq,4428173,14756285388258,912
basic_appreq,4830698,14756290254864,912
basic_appreq,5176625,14756295467723,912
basic_appreq,5287340,14756300808382,912
basic_appreq,4500353,14756305348301,912
basic_appreq,4242448,14756309633091,912
basic_appreq,4106959,14756313772967,912
basic_appreq,4982995,14756318787479,912
basic_appreq,4181292,14756323008978,912
basic_appreq,4989478,14756328043411,912
basic_appreq,4919557,14756333008324,912
basic_appreq,4395909,14756337444499,912
basic_appreq,4043185,14756341523472,912
basic_appreq,3673321,14756345238103,912
basic_appreq,3382808,14756348667861,912
basic_appreq,4024110,14756352726068,912
basic_appreq,4328011,14756357089869,912
basic_appreq,4202810,14756361328785,912
basic_appreq,4368923,14756365738613,912
basic_appreq,4570255,14756370347986,912
basic_appreq,4541213,14756374925531,912
basic_appreq,5384672,14756380347999,912
basic_appreq,4188072,14756384577010,912
basic_appreq,3351698,14756387973710,912
basic_appreq,4279014,14756392326894,912
basic_appreq,4456060,14756396828918,912
basic_appreq,4760647,14756401639766,912
basic_appreq,3196474,14756404884525,912
basic_appreq,4231809,14756409155725,912
basic_appreq,4533356,14756413727698,912
basic_appreq,3237670,14756417010477,912
basic_appreq,3318542,14756420376625,912
basic_appreq,4881903,14756425296865,912
basic_appreq,5053536,14756430387025,912
basic_appreq,4596127,14756435048804,912
basic_appreq,4690889,14756439779188,912
basic_appreq,4119322,14756443945774,912
basic_appreq,4841642,14756448824606,912
basic_appreq,3447786,14756452309297,912
basic_appreq,4427695,14756456779533,912
basic_appreq,4607107,14756461428119,912
basic_appreq,4475427,14756465945582,912
basic_appreq,3520795,14756469507073,912
basic_appreq,4894052,14756474442826,912
basic_appreq,4684632,14756479168982,912
basic_appreq,4150637,14756483365429,912
basic_appreq,4510591,14756487913579,912
basic_appreq,4700582,14756492652593,912
basic_appreq,5057105,14756497742402,912
basic_appreq,4422702,14756502197659,912
basic_appreq,4763491,14756506998771,912
basic_appreq,4234627,14756511270880,912
basic_appreq,5353363,14756516677652,912
basic_appreq,4523556,14756521246101,912
basic_appreq,4597154,14756525878864,912
basic_appreq,3386072,14756529311869,912
basic_appreq,4256664,14756533608897,912
basic_appreq,3566635,14756537222722,912
basic_appreq,4713992,14756541971564,912
basic_appreq,4515345,14756546522301,912
basic_appreq,4866837,14756551427327,912
basic_appreq,4355827,14756555818866,912
basic_appreq,5036889,14756560892931,912
basic_appreq,4826258,14756565754707,912
basic_appreq,4409961,14756570201209,912
basic_appreq,4614104,14756574854003,912
basic_appreq,4695663,14756579588977,912
basic_appreq,4748350,14756584372562,912
basic_appreq,5073395,14756589512840,912
basic_appreq,3209293,14756592781054,912
basic_appreq,4684707,14756597528195,912
basic_appreq,4471158,14756602040780,912
basic_appreq,4612514,14756606700953,912
basic_appreq,3700539,14756610452111,912
basic_appreq,4901502,14756615393565,912
basic_appreq,4365459,14756619797616,912
basic_appreq,4699418,14756624536847,912
basic_appreq,4820519,14756629394850,912
basic_appreq,4621133,14756634052428,912
basic_appreq,5323347,14756639411133,912
basic_appreq,4403762,14756643849882,912
basic_appreq,3598534,14756647502432,912
basic_appreq,4042305,14756651584435,912
basic_appreq,4838717,14756656468651,912
basic_appreq,4876934,14756661386632,912
basic_appreq,4202443,14756665629123,912
basic_appreq,4800404,14756670487539,912
basic_appreq,3368856,14756673945618,912
basic_appreq,4004800,14756677992536,912
basic_appreq,4692861,14756682727629,912
basic_appreq,3592486,14756686358704,912
basic_appreq,4709569,14756691101719,912
basic_appreq,4522730,14756695658264,912
basic_appreq,4838101,14756700534260,912
basic_appreq,4926149,14756705497824,912
basic_appreq,4833753,14756710373919,912
basic_appreq,5000296,14756715423180,912
basic_appreq,3141012,14756718608372,912
basic_appreq,4261376,14756722919811,912
basic_appreq,3207008,14756726170144,912
basic_appreq,4814179,14756731020290,912
basic_appreq,4740858,14756735798650,912
basic_appreq,3664979,14756739525744,912
basic_appreq,4798857,14756744360873,912
basic_appreq,3214410,14756747643375,912
basic_appreq,4426188,14756752105248,912
basic_appreq,3921168,14756756064242,912
basic_appreq,5214989,14756761314415,912
basic_appreq,4455894,14756765803899,912
basic_appreq,4492615,14756770331582,912
basic_appreq,5055760,14756775432096,912
basic_appreq,4081482,14756779554341,912
basic_appreq,3328709,14756782931826,912
basic_appreq,4374418,14756787352289,912
basic_appreq,4170460,14756791569782,912
basic_appreq,4477248,14756796097041,912
basic_appreq,4127277,14756800270675,912
basic_appreq,5028595,14756805330410,912
basic_appreq,5066277,14756810431734,912
basic_appreq,3977539,14756814444627,912
basic_appreq,4692468,14756819174893,912
basic_appreq,4681705,14756823894245,912
basic_appreq,4100236,14756828029727,912
basic_appreq,4773089,14756833424790,912
basic_appreq,4454217,14756837914654,912
basic_appreq,4675890,14756842631435,912
basic_appreq,4133878,14756846803620,912
basic_appreq,3107088,14756849954552,912
basic_appreq,4485649,14756854473517,912
basic_appreq,4370758,14756858877659,912
basic_appreq,5198464,14756864122273,912
basic_appreq,4282491,14756868439470,912
basic_appreq,3619107,14756872104663,912
basic_appreq,3915634,14756876058919,912
basic_appreq,3382009,14756879488580,912
basic_appreq,5081993,14756884607145,912
basic_appreq,4493741,14756889137764,912
basic_appreq,4467953,14756893640441,912
basic_appreq,5034023,14756898707272,912
basic_appreq,4688640,14756903433352,912
basic_appreq,4065259,14756907562825,912
basic_appreq,4362507,14756911964663,912
basic_appreq,4732768,14756916763241,912
basic_appreq,5709204,14756922526986,912
basic_appreq,4639667,14756927208464,912
basic_appreq,4594046,14756931848893,912
basic_appreq,3262763,14756935170053,912
basic_appreq,4258089,14756939467356,912
basic_appreq,3814928,14756943329752,912
basic_appreq,4892773,14756948259952,912
basic_appreq,4594143,14756952893624,912
basic_appreq,3944918,14756956881807,912
basic_appreq,4834566,14756961749861,912
basic_appreq,4822306,14756966605819,912
basic_appreq,4648949,14756971295530,912
basic_appreq,3237072,14756974575261,912
basic_appreq,2865072,14756977478452,912
basic_appreq,4450392,14756981964450,912
basic_appreq,5069074,14756987067999,912
basic_appreq,4176895,14756991281921,912
basic_appreq,4946064,14756996267797,912
basic_appreq,4635605,14757000939712,912
basic_appreq,4084287,14757005081719,912
basic_appreq,4958849,14757010081326,912
basic_appreq,3268584,14757013396951,912
basic_appreq,3930786,14757017374259,912
basic_appreq,3584037,14757021004381,912
basic_appreq,5272086,14757026313085,912
basic_appreq,4968837,14757031320703,912
basic_appreq,4596959,14757035966671,912
basic_appreq,4508458,14757040541551,912
basic_appreq,5930281,14757046531644,912
basic_appreq,4969474,14757051533078,912
basic_appreq,4232258,14757055800881,912
basic_appreq,4503296,14757060341226,912
basic_appreq,4827134,14757065210388,912
basic_appreq,4991261,14757070251482,912
basic_appreq,4034858,14757074328923,912
basic_appreq,5433735,14757079800171,912
basic_appreq,3281369,14757083124751,912
basic_appreq,4699049,14757087868749,912
basic_appreq,4533169,14757092444432,912
basic_appreq,3670250,14757096160694,912
basic_appreq,4776878,14757100973057,912
basic_appreq,4345141,14757105355988,912
basic_appreq,4217181,14757109613365,912
basic_appreq,4860272,14757114516383,912
basic_appreq,4376136,14757118931036,912
basic_appreq,4302625,14757123277191,912
basic_appreq,3174246,14757126491066,912
basic_appreq,3976132,14757130511714,912
basic_appreq,4567097,14757135116575,912
basic_appreq,4237556,14757139390348,912
basic_appreq,4158286,14757143585927,912
basic_appreq,5084523,14757148715894,912
basic_appreq,3067403,14757151820080,912
basic_appreq,4612723,14757156476228,912
basic_appreq,36160643,14757192672509,912
basic_appreq,4803970,14757197517450,912
basic_appreq,4512563,14757202067103,912
basic_appreq,4514586,14757206617206,912
basic_appreq,4905152,14757211557595,912
basic_appreq,4875026,14757216472743,912
basic_appreq,2942613,14757219471792,912
basic_appreq,4363509,14757223886288,912
basic_appreq,4653055,14757228589175,912
basic_appreq,4492962,14757233118250,912
basic_appreq,4433031,14757237600208,912
basic_appreq,3813844,14757241454880,912
basic_appreq,4150162,14757245642824,912
basic_appreq,4185040,14757249863258,912
basic_appreq,5193286,14757255108676,912
basic_appreq,4734946,14757259895628,912
basic_appreq,4011817,14757263943447,912
basic_appreq,5806676,14757269788582,912
basic_appreq,4351926,14757274178249,912
basic_appreq,5029054,14757279255206,912
basic_appreq,3323673,14757282618519,912
basic_appreq,4146632,14757286800945,912
basic_appreq,3533216,14757290368622,912
basic_appreq,4479266,14757294883543,912
basic_appreq,4704249,14757299622303,912
basic_appreq,4643441,14757304303111,912
basic_appreq,4365730,14757308728482,912
basic_appreq,4905024,14757313674838,912
basic_appreq,4373725,14757318088334,912
basic_appreq,5495122,14757323634339,912
basic_appreq,5097554,14757328809782,912
basic_appreq,4887023,14757333775130,912
basic_appreq,5285495,14757339100809,912
basic_appreq,3311779,14757342450866,912
basic_appreq,4003574,14757346492651,912
basic_appreq,3398285,14757349929346,912
basic_appreq,4869083,14757354835817,912
basic_appreq,4513157,14757359384005,912
basic_appreq,4356312,14757363775531,912
basic_appreq,4374542,14757368185565,912
basic_appreq,3760284,14757371983172,912
basic_appreq,5082177,14757377133631,912
basic_appreq,4629905,14757381801123,912
basic_appreq,4656900,14757386490619,912
basic_appreq,4943961,14757391473028,912
basic_appreq,4306415,14757395817530,912
basic_appreq,5145102,14757401012145,912
basic_appreq,4800024,14757405856637,912
basic_appreq,5205255,14757411101301,912
basic_appreq,4817370,14757415954460,912
basic_appreq,4444053,14757420435180,912
basic_appreq,4757664,14757425230036,912
basic_appreq,3937905,14757429206848,912
basic_appreq,3075684,14757432328025,912
basic_appreq,4489399,14757436854219,912
basic_appreq,4409555,14757441302242,912
basic_appreq,5101142,14757446444775,912
basic_appreq,4469737,14757450952897,912
basic_appreq,4628320,14757455622969,912
basic_appreq,4401404,14757460057916,912
basic_appreq,5336027,14757465439531,912
basic_appreq,4621893,14757470100418,912
basic_appreq,4792699,14757474928604,912
basic_appreq,3917653,14757478891735,912
basic_appreq,3538259,14757482470010,912
basic_appreq,4209048,14757486719754,912
basic_appreq,3698436,14757490458037,912
basic_appreq,4583224,14757495078619,912
basic_appreq,4189532,14757499299905,912
basic_appreq,4341840,14757503675486,912
basic_appreq,3340675,14757507063048,912
basic_appreq,4613473,14757511723439,912
basic_appreq,4619899,14757516399263,912
basic_appreq,3107613,14757519565964,912
basic_appreq,5514036,14757525113496,912
basic_appreq,4546054,14757529695505,912
basic_appreq,4920779,14757534652077,912
basic_appreq,4115114,14757538808606,912
basic_appreq,4518821,14757543369352,912
basic_appreq,4979643,14757548395586,912
basic_appreq,4628489,14757553057148,912
basic_appreq,3225204,14757556321116,912
basic_appreq,4442385,14757560800195,912
basic_appreq,4699860,14757565545774,912
basic_appreq,3470688,14757569061622,912
basic_appreq,5039616,14757574138685,912
basic_appreq,4436635,14757578613387,912
basic_appreq,4447802,14757583097373,912
basic_appreq,4763487,14757587894886,912
basic_appreq,4916143,14757592846524,912
basic_appreq,3239738,14757596152984,912
basic_appreq,4773675,14757600975299,912
basic_appreq,4569934,14757605589776,912
basic_appreq,4496410,14757610125168,912
basic_appreq,3339581,14757613513470,912
basic_appreq,4066104,14757617617247,912
basic_appreq,5053893,14757622708845,912
basic_appreq,5297310,14757628049962,912
basic_appreq,3717470,14757631802384,912
basic_appreq,3803732,14757635640956,912
basic_appreq,3374833,14757639060907,912
basic_appreq,4052698,14757643154158,912
basic_appreq,4669410,14757647860704,912
basic_appreq,5227856,14757653125151,912
basic_appreq,4351180,14757657512729,912
basic_appreq,4893230,14757662446760,912
basic_appreq,4211187,14757666699498,912
basic_appreq,3837947,14757670582525,912
basic_appreq,4457149,14757675088982,912
basic_appreq,5147060,14757680283472,912
basic_appreq,3924687,14757684248699,912
basic_appreq,4237544,14757688523886,912
basic_appreq,3723437,14757692293065,912
basic_appreq,4499568,14757696832232,912
basic_appreq,4577091,14757701450553,912
basic_appreq,5165632,14757706665168,912
basic_appreq,3152012,14757709854228,912
basic_appreq,4522284,14757714415190,912
basic_appreq,4255921,14757718708060,912
basic_appreq,4598972,14757723355309,912
basic_appreq,4721832,14757728128492,912
basic_appreq,2888197,14757731082252,912
basic_appreq,5236392,14757736350794,912
basic_appreq,4615063,14757741001426,912
basic_appreq,4181362,14757745222163,912
basic_appreq,4538747,14757749798747,912
basic_appreq,4783634,14757754627348,912
basic_appreq,3312996,14757757979855,912
basic_appreq,3906912,14757761928691,912
basic_appreq,3992658,14757765963103,912
basic_appreq,4547332,14757770550060,912
basic_appreq,4934798,14757775521949,912
basic_appreq,4751681,14757780307204,912
basic_appreq,4424155,14757784764701,912
basic_appreq,4425182,14757789224299,912
basic_appreq,4481935,14757793743376,912
basic_appreq,4671874,14757798451444,912
basic_appreq,4292651,14757802783160,912
basic_appreq,4239809,14757807064290,912
basic_appreq,4637685,14757811742506,912
basic_appreq,4904829,14757816693336,912
basic_appreq,4205735,14757820935885,912
basic_appreq,4795848,14757825781078,912
basic_appreq,3008244,14757828828519,912
basic_appreq,4472239,14757833358764,912
basic_appreq,4212713,14757837610939,912
basic_appreq,4651158,14757842300951,912
basic_appreq,3890158,14757846224870,912
basic_appreq,4692425,14757850954740,912
basic_appreq,5261806,14757856255987,912
basic_appreq,4298147,14757860588852,912
basic_appreq,4914368,14757865540052,912
basic_appreq,4128195,14757869734161,912
basic_appreq,3306960,14757873087163,912
basic_appreq,4542870,14757877672602,912
basic_appreq,3429346,14757881152294,912
basic_appreq,4323577,14757885512794,912
basic_appreq,4501860,14757890050747,912
basic_appreq,4784048,14757894869656,912
basic_appreq,3708595,14757898626193,912
basic_appreq,4726700,14757903392681,912
basic_appreq,3917805,14757907354873,912
basic_appreq,4236519,14757911633404,912
basic_appreq,4422478,14757916095590,912
basic_appreq,4394611,14757920537676,912
basic_appreq,4674505,14757925274909,912
basic_appreq,4364315,14757929682154,912
basic_appreq,3252550,14757932980028,912
basic_appreq,5010108,14757938025316,912
basic_appreq,4531436,14757942588609,912
basic_appreq,4334723,14757946960286,912
basic_appreq,4743550,14757951741642,912
basic_appreq,4911723,14757956689980,912
basic_appreq,4363407,14757961085289,912
basic_appreq,4116379,14757965240796,912
basic_appreq,4785830,14757970063972,912
basic_appreq,4882712,14757974985826,912
basic_appreq,4798434,14757979822515,912
basic_appreq,4699197,14757984559731,912
basic_appreq,4710652,14757989312294,912
basic_appreq,3407233,14757992766832,912
basic_appreq,3282991,14757996094805,912
basic_appreq,4978606,14758001104321,912
basic_appreq,4167591,14758005308854,912
basic_appreq,3976163,14758009324062,912
basic_appreq,3253890,14758012624859,912
basic_appreq,4089260,14758016758304,912
basic_appreq,3630743,14758020436519,912
basic_appreq,4727710,14758025204993,912
basic_appreq,4620680,14758029864023,912
basic_appreq,4873990,14758034770666,912
basic_appreq,3327860,14758038155229,912
basic_appreq,4301483,14758042491758,912
basic_appreq,4649484,14758047187701,912
basic_appreq,4673314,14758051898078,912
basic_appreq,3520567,14758055458970,912
basic_appreq,4775846,14758060265839,912
basic_appreq,4509709,14758064807402,912
basic_appreq,4878732,14758069723853,912
basic_appreq,4805263,14758074599074,912
basic_appreq,4435097,14758079070823,912
basic_appreq,5000028,14758084109699,912
basic_appreq,3379763,14758087536770,912
basic_appreq,4153771,14758091733830,912
basic_appreq,3750309,14758095525828,912
basic_appreq,3990242,14758099554873,912
basic_appreq,4667895,14758104255476,912
basic_appreq,4496276,14758108811563,912
basic_appreq,5300402,14758114195849,912
basic_appreq,4321518,14758118554351,912
basic_appreq,4175670,14758122765087,912
basic_appreq,4537674,14758127350896,912
basic_appreq,4187240,14758131594760,912
basic_appreq,4408196,14758136050174,912
basic_appreq,4295859,14758140388478,912
basic_appreq,5027315,14758145463049,912
basic_appreq,4430908,14758149925682,912
basic_appreq,3362090,14758153338656,912
basic_appreq,4215634,14758157592000,912
basic_appreq,4627968,14758162263372,912
basic_appreq,3407320,14758165717214,912
basic_appreq,5165610,14758170934845,912
basic_appreq,4966492,14758175933675,912
basic_appreq,4593750,14758180563121,912
basic_appreq,4674416,14758185273073,912
basic_appreq,4779328,14758190091896,912
basic_appreq,4924843,14758195056836,912
basic_appreq,4787919,14758199903694,912
basic_appreq,4867899,14758204805355,912
basic_appreq,4642199,14758209486395,912
basic_appreq,4113888,14758213637829,912
basic_appreq,4339893,14758218043706,912
basic_appreq,5064558,14758223182795,912
basic_appreq,5474133,14758228697820,912
basic_appreq,4467120,14758233203699,912
basic_appreq,4970906,14758238208554,912
basic_appreq,3362232,14758241637798,912
basic_appreq,4118208,14758245793988,912
basic_appreq,4893625,14758250734583,912
basic_appreq,4665130,14758255438361,912
basic_appreq,4038980,14758259522925,912
basic_appreq,4123308,14758263691346,912
basic_appreq,4521467,14758268249757,912
basic_appreq,4678713,14758272967691,912
basic_appreq,4307636,14758277313689,912
basic_appreq,5256905,14758282623128,912
basic_appreq,4006141,14758286689466,912
basic_appreq,3589146,14758290329279,912
basic_appreq,4197884,14758294565934,912
basic_appreq,4552581,14758299160480,912
basic_appreq,4577110,14758303776232,912
basic_appreq,4280995,14758308120222,912
basic_appreq,4375104,14758312541347,912
basic_appreq,4767395,14758317348041,912
basic_appreq,4264626,14758321653426,912
basic_appreq,4723946,14758326418583,912
basic_appreq,4606966,14758331056162,912
basic_appreq,4318273,14758335405952,912
basic_appreq,5175840,14758340620661,912
basic_appreq,4316475,14758344975246,912
basic_appreq,5004368,14758350024640,912
basic_appreq,4400338,14758354506722,912
basic_appreq,5463591,14758360035682,912
basic_appreq,4172736,14758364245327,912
basic_appreq,5474597,14758369754177,912
basic_appreq,3294874,14758373085373,912
basic_appreq,4181650,14758377302256,912
basic_appreq,4189852,14758381530192,912
basic_appreq,4117750,14758385698676,912
basic_appreq,4816837,14758390555537,912
basic_appreq,4598149,14758395191300,912
basic_appreq,4241063,14758399470144,912
basic_appreq,4843473,14758404351113,912
basic_appreq,5000448,14758409383880,912
basic_appreq,4354030,14758413771849,912
basic_appreq,4257056,14758418086745,912
basic_appreq,3565832,14758421697094,912
basic_appreq,4416731,14758426152312,912
basic_appreq,4686679,14758430882292,912
basic_appreq,4078631,14758435003955,912
basic_appreq,4992455,14758440033364,912
basic_appreq,4733695,14758444804556,912
basic_appreq,3408706,14758448249480,912
basic_appreq,4351209,14758452641368,912
basic_appreq,4231910,14758456918818,912
basic_appreq,3789512,14758460764864,912
basic_appreq,4703303,14758465503217,912
basic_appreq,4373499,14758469914794,912
basic_appreq,4927098,14758474877392,912
basic_appreq,4697319,14758479611931,912
basic_appreq,4559647,14758484218782,912
basic_appreq,4988236,14758489276292,912
basic_appreq,3950683,14758493301152,912
basic_appreq,5671990,14758499006986,912
basic_appreq,5003430,14758504048444,912
basic_appreq,4729415,14758508817121,912
basic_appreq,4890112,14758513749708,912
basic_appreq,3206276,14758516990059,912
basic_appreq,4207143,14758521231934,912
basic_appreq,4485621,14758525758911,912
basic_appreq,4410162,14758530214425,912
basic_appreq,4270979,14758534518954,912
basic_appreq,4143685,14758538701697,912
basic_appreq,4267134,14758543022329,912
basic_appreq,4298250,14758547358298,912
basic_appreq,4178433,14758551574684,912
basic_appreq,4615386,14758556228417,912
basic_appreq,4212493,14758560475815,912
basic_appreq,4525782,14758565037252,912
basic_appreq,3453335,14758568537179,912
basic_appreq,4073789,14758572667030,912
basic_appreq,3557593,14758576272120,912
basic_appreq,4854683,14758581179347,912
basic_appreq,4756543,14758585972880,912
basic_appreq,4399584,14758590472512,912
basic_appreq,3504679,14758594026694,912
basic_appreq,4166807,14758598247812,912
basic_appreq,4329783,14758602623330,912
basic_appreq,5249377,14758607940863,912
basic_appreq,4913069,14758612887769,912
basic_appreq,4030934,14758616952869,912
basic_appreq,4597498,14758621583292,912
basic_appreq,4741440,14758626356174,912
basic_appreq,4835125,14758631224464,912
basic_appreq,3514275,14758634781208,912
basic_appreq,4870923,14758639690908,912
basic_appreq,5009121,14758644742288,912
basic_appreq,4461181,14758649236218,912
basic_appreq,4793693,14758654065098,912
basic_appreq,4343256,14758658447618,912
basic_appreq,4576818,14758663062931,912
basic_appreq,4111431,14758667235865,912
basic_appreq,4946106,14758672218705,912
basic_appreq,4018798,14758676275449,912
basic_appreq,3899116,14758680217727,912
basic_appreq,3149006,14758683413541,912
basic_appreq,4872355,14758688320568,912
basic_appreq,4498766,14758692858850,912
basic_appreq,4679141,14758697584217,912
basic_appreq,3443853,14758701075280,912
basic_appreq,4236294,14758705347000,912
basic_appreq,4195775,14758709599083,912
basic_appreq,5037081,14758714685661,912
basic_appreq,4618005,14758719375392,912
basic_appreq,5247854,14758724669628,912
basic_appreq,4172724,14758728881236,912
basic_appreq,4897405,14758733819608,912
basic_appreq,4229692,14758738084592,912
basic_appreq,4919282,14758743052315,912
basic_appreq,3332179,14758746424202,912
basic_appreq,4686407,14758751147837,912
basic_appreq,3899996,14758755095283,912
basic_appreq,3529073,14758758670270,912
basic_appreq,4691345,14758763397333,912
basic_appreq,4359563,14758767798680,912
basic_appreq,4413724,14758772253644,912
basic_appreq,4704336,14758777008853,912
basic_appreq,3993774,14758781047570,912
basic_appreq,4424326,14758785524173,912
basic_appreq,5424746,14758790988203,912
basic_appreq,4320415,14758795348361,912
basic_appreq,4704471,14758800086780,912
basic_appreq,4474481,14758804596424,912
basic_appreq,3862066,14758808493555,912
basic_appreq,4297972,14758812828463,912
basic_appreq,3287670,14758816156431,912
basic_appreq,4705137,14758820898546,912
basic_appreq,4870792,14758825804189,912
basic_appreq,4328079,14758830168368,912
basic_appreq,4385450,14758834590868,912
basic_appreq,4341247,14758838970207,912
basic_appreq,4188772,14758843196726,912
basic_appreq,4508172,14758847744606,912
basic_appreq,4238756,14758852022448,912
basic_appreq,4299948,14758856358033,912
basic_appreq,4386719,14758860778910,912
basic_appreq,4318686,14758865136055,912
basic_appreq,4371165,14758869546987,912
basic_appreq,4292425,14758873878283,912
basic_appreq,4333323,14758878245470,912
basic_appreq,4324597,14758882604873,912
basic_appreq,4316447,14758886964356,912
basic_appreq,4200168,14758891202598,912
basic_appreq,4469747,14758895712278,912
basic_appreq,4286838,14758900032378,912
basic_appreq,4533107,14758904605178,912
basic_appreq,4119648,14758908762418,912
basic_appreq,4435438,14758913235492,912
basic_appreq,4383350,14758917657141,912
basic_appreq,4325794,14758922017195,912
basic_appreq,4364843,14758926416466,912
basic_appreq,4477591,14758930932026,912
basic_appreq,4363189,14758935332111,912
basic_appreq,4336210,14758939707121,912
basic_appreq,4457171,14758944199538,912
basic_appreq,4125427,14758948362001,912
basic_appreq,4437185,14758952837765,912
basic_appreq,4351810,14758957230721,912
basic_appreq,4296142,14758961565961,912
basic_appreq,4385529,14758965990835,912
basic_appreq,4240306,14758970268420,912
basic_appreq,4526329,14758974833472,912
basic_appreq,4322148,14758979196420,912
basic_appreq,4391378,14758983628081,912
basic_appreq,4399466,14758988063226,912
basic_appreq,4254509,14758992351580,912
basic_appreq,4481948,14758996871575,912
basic_appreq,4823270,14759001745037,912
basic_appreq,4279947,14759006069465,912
basic_appreq,4201134,14759010311821,912
basic_appreq,4226448,14759014588172,912
basic_appreq,5252378,14759019886417,912
basic_appreq,5227951,14759025154154,912
basic_appreq,3336415,14759028533195,912
basic_appreq,4768883,14759033349820,912
basic_appreq,3759681,14759037172638,912
basic_appreq,4181922,14759041408058,912
basic_appreq,4288671,14759045777648,912
basic_appreq,4749312,14759050574261,912
basic_appreq,3370552,14759054028699,912
basic_appreq,5056977,14759059123311,912
basic_appreq,4746426,14759063905338,912
basic_appreq,4156028,14759068101193,912
basic_appreq,4560791,14759072700736,912
basic_appreq,4747544,14759077500383,912
basic_appreq,4800647,14759082382917,912
basic_appreq,4759741,14759087180530,912
basic_appreq,4553840,14759091814987,912
basic_appreq,3763143,14759095618434,912
basic_appreq,3771926,14759099435022,912
basic_appreq,4575291,14759104058228,912
basic_appreq,4683927,14759108802909,912
basic_appreq,4716013,14759113564908,912
basic_appreq,2718530,14759116318621,912
basic_appreq,3344513,14759119718139,912
basic_appreq,4415950,14759124172046,912
basic_appreq,3480796,14759127694846,912
basic_appreq,4954595,14759132681242,912
basic_appreq,4109230,14759136824170,912
basic_appreq,5047548,14759141910670,912
basic_appreq,5158200,14759147105787,912
basic_appreq,4231007,14759151383144,912
basic_appreq,4149850,14759155583208,912
basic_appreq,3794119,14759159415703,912
basic_appreq,3543703,14759163004444,912
basic_appreq,4329099,14759167380763,912
basic_appreq,3949708,14759171366900,912
basic_appreq,4728884,14759176133267,912
basic_appreq,4898658,14759181074153,912
basic_appreq,4782530,14759185891626,912
basic_appreq,4112489,14759190041822,912
basic_appreq,4710321,14759194812443,912
basic_appreq,4719203,14759199571816,912
basic_appreq,4619180,14759204236439,912
basic_appreq,3224718,14759207510464,912
basic_appreq,4521676,14759212072383,912
basic_appreq,4405600,14759216527576,912
basic_appreq,3493707,14759220058645,912
basic_appreq,4663292,14759224754848,912
basic_appreq,4448693,14759229241016,912
basic_appreq,4640853,14759233921861,912
basic_appreq,4649077,14759238610580,912
basic_appreq,3296278,14759241948085,912
basic_appreq,4815330,14759246810169,912
basic_appreq,4655069,14759251511197,912
basic_appreq,3143292,14759254710782,912
basic_appreq,4469148,14759259224647,912
basic_appreq,4142736,14759263408248,912
basic_appreq,4917340,14759268368818,912
basic_appreq,3740652,14759272150007,912
basic_appreq,4563808,14759276750901,912
basic_appreq,4891094,14759281680282,912
basic_appreq,4803451,14759286521943,912
basic_appreq,4992858,14759291550755,912
basic_appreq,4636959,14759296225605,912
basic_appreq,4232965,14759300492653,912
basic_appreq,5294339,14759305834899,912
basic_appreq,4802145,14759310676808,912
basic_appreq,3434687,14759314158979,912
basic_appreq,4219246,14759318423315,912
basic_appreq,3393186,14759321862370,912
basic_appreq,4820207,14759326714965,912
basic_appreq,4419991,14759331167264,912
basic_appreq,4855918,14759336065459,912
basic_appreq,5045015,14759341150449,912
basic_appreq,3682002,14759344880489,912
basic_appreq,4218946,14759349135108,912
basic_appreq,4336344,14759353508966,912
basic_appreq,3550044,14759357100752,912
basic_appreq,5060120,14759362198652,912
basic_appreq,4327868,14759366562769,912
basic_appreq,4595789,14759371196416,912
basic_appreq,5042711,14759376277713,912
basic_appreq,5644894,14759382000848,912
basic_appreq,4690252,14759386746608,912
basic_appreq,3381067,14759390185550,912
basic_appreq,4557715,14759394782049,912
basic_appreq,4936225,14759399757448,912
basic_appreq,3962719,14759403753860,912
basic_appreq,3655470,14759407456437,912
basic_appreq,4700962,14759412202681,912
basic_appreq,4413201,14759416652679,912
basic_appreq,4839213,14759421529527,912
basic_appreq,5014735,14759426580828,912
basic_appreq,4309545,14759430927411,912
basic_appreq,4840929,14759435816006,912
basic_appreq,4366441,14759440222993,912
basic_appreq,3661681,14759443930275,912
basic_appreq,4854022,14759448824680,912
basic_appreq,4349834,14759453216295,912
basic_appreq,3732144,14759456987998,912
basic_appreq,4528914,14759461556695,912
basic_appreq,3959974,14759465560078,912
basic_appreq,3884361,14759469484845,912
basic_appreq,4431974,14759473951509,912
basic_appreq,4236509,14759478247471,912
basic_appreq,5265356,14759483553450,912
basic_appreq,4766851,14759488370764,912
basic_appreq,4136798,14759492546702,912
basic_appreq,5172288,14759497784912,912
basic_appreq,5281639,14759503107200,912
basic_appreq,4474743,14759507615422,912
basic_appreq,5026611,14759512678371,912
basic_appreq,4849515,14759517566725,912
basic_appreq,4983441,14759522588015,912
basic_appreq,4552483,14759527185057,912
basic_appreq,4590731,14759531824855,912
basic_appreq,4677331,14759536539709,912
basic_appreq,3316922,14759539896513,912
basic_appreq,4617566,14759544547658,912
basic_appreq,4041495,14759548628190,912
basic_appreq,4468142,14759553139309,912
basic_appreq,3375142,14759556572208,912
basic_appreq,4752885,14759561362322,912
basic_appreq,4276775,14759565673131,912
basic_appreq,4825168,14759570531940,912
basic_appreq,5134780,14759575706581,912
basic_appreq,4700454,14759580456484,912
basic_appreq,2870996,14759583433433,912
basic_appreq,4614856,14759588092023,912
basic_appreq,4148518,14759592286412,912
basic_appreq,4076695,14759596410758,912
basic_appreq,4282107,14759600726554,912
basic_appreq,4682500,14759605445385,912
basic_appreq,4304123,14759609801648,912
basic_appreq,5514879,14759615354377,912
basic_appreq,4385332,14759619775082,912
basic_appreq,4697791,14759624507817,912
basic_appreq,4124004,14759628669613,912
basic_appreq,4168160,14759632876900,912
basic_appreq,3750524,14759636662100,912
basic_appreq,4908791,14759641609427,912
basic_appreq,4232753,14759645885805,912
basic_appreq,5192206,14759651130261,912
basic_appreq,3256315,14759654437480,912
basic_appreq,4240298,14759658712904,912
basic_appreq,5138107,14759663889757,912
basic_appreq,4142376,14759668078072,912
basic_appreq,4139701,14759672255456,912
basic_appreq,4577169,14759676869489,912
basic_appreq,3915105,14759680829994,912
basic_appreq,3486429,14759684364451,912
basic_appreq,5423611,14759689822477,912
basic_appreq,4467863,14759694324334,912
basic_appreq,5127668,14759699517539,912
basic_appreq,4795979,14759704350555,912
basic_appreq,5019282,14759709404804,912
basic_appreq,4609718,14759714048880,912
basic_appreq,4536226,14759718629806,912
basic_appreq,4523901,14759723211700,912
basic_appreq,5120325,14759728384254,912
basic_appreq,4926234,14759733345004,912
basic_appreq,4913686,14759738293029,912
basic_appreq,3137172,14759741473475,912
basic_appreq,4457472,14759745968931,912
basic_appreq,4430883,14759750438943,912
basic_appreq,4894547,14759755372601,912
basic_appreq,4848092,14759760266684,912
basic_appreq,4376072,14759764680664,912
basic_appreq,4839969,14759769560542,912
basic_appreq,5196874,14759774799722,912
basic_appreq,3739292,14759778577094,912
basic_appreq,4678042,14759783293350,912
basic_appreq,5310032,14759788637513,912
basic_appreq,3711822,14759792391862,912
basic_appreq,3757983,14759796193882,912
basic_appreq,4507488,14759800744567,912
basic_appreq,4372193,14759805167565,912
basic_appreq,4017978,14759809227060,912
basic_appreq,3957278,14759813229163,912
basic_appreq,4311584,14759817576003,912
basic_appreq,4741349,14759822379567,912
basic_appreq,4613664,14759827043528,912
basic_appreq,3495497,14759830570590,912
basic_appreq,4196936,14759834798736,912
basic_appreq,4220779,14759839051354,912
basic_appreq,4521985,14759843614012,912
basic_appreq,4807600,14759848468030,912
basic_appreq,4300189,14759852806643,912
basic_appreq,3859903,14759856705076,912
basic_appreq,4200612,14759860946932,912
basic_appreq,4025228,14759865018676,912
basic_appreq,4873341,14759869930189,912
basic_appreq,4326142,14759874294065,912
basic_appreq,5092611,14759879432494,912
basic_appreq,4847947,14759884317387,912
basic_appreq,4860765,14759889211532,912
basic_appreq,4365651,14759893610455,912
basic_appreq,3905867,14759897560547,912
basic_appreq,3587157,14759901194037,912
basic_appreq,4509496,14759905740824,912
basic_appreq,3944238,14759909732305,912
basic_appreq,4388158,14759914157084,912
basic_appreq,4244062,14759918435595,912
basic_appreq,3213579,14759921687731,912
basic_appreq,4157114,14759925878349,912
basic_appreq,4643103,14759930560026,912
basic_appreq,4057358,14759934659933,912
basic_appreq,4873043,14759939576228,912
basic_appreq,4732013,14759944348335,912
basic_appreq,5454390,14759949865027,912
basic_appreq,4493969,14759954425142,912
basic_appreq,4655496,14759959116228,912
basic_appreq,4329172,14759963494329,912
basic_appreq,4193862,14759967725756,912
basic_appreq,4951040,14759972713342,912
basic_appreq,4465506,14759977214483,912
basic_appreq,3259936,14759980506521,912
basic_appreq,4102985,14759984653600,912
basic_appreq,4539886,14759989232785,912
basic_appreq,4891266,14759994175596,912
basic_appreq,3948635,14759998175775,912
basic_appreq,4041744,14760002261967,912
basic_appreq,4291434,14760006592253,912
basic_appreq,5474697,14760012113054,912
basic_appreq,4727247,14760016880798,912
basic_appreq,4551297,14760021486872,912
basic_appreq,4501011,14760026019541,912
basic_appreq,4603566,14760030661230,912
basic_appreq,3663278,14760034369475,912
basic_appreq,4068572,14760038478153,912
basic_appreq,4242301,14760042757981,912
basic_appreq,4456763,14760047253093,912
basic_appreq,4121624,14760051420034,912
basic_appreq,4925872,14760056382709,912
basic_appreq,4478738,14760060897094,912
basic_appreq,4313059,14760065246011,912
basic_appreq,4537919,14760069819311,912
basic_appreq,3393316,14760073247397,912
basic_appreq,4393929,14760077674456,912
basic_appreq,4179401,14760081897979,912
basic_appreq,4551178,14760086486357,912
basic_appreq,4695266,14760091221131,912
basic_appreq,4336514,14760095604055,912
basic_appreq,4136238,14760099776346,912
basic_appreq,4247517,14760104071155,912
basic_appreq,4126611,14760108244553,912
basic_appreq,4245907,14760112531071,912
basic_appreq,4301785,14760116875101,912
basic_appreq,4215353,14760121131770,912
basic_appreq,3589185,14760124755411,912
basic_appreq,4556457,14760129344635,912
basic_appreq,4905469,14760134285233,912
basic_appreq,3805398,14760138126138,912
basic_appreq,3737595,14760141909875,912
basic_appreq,3987503,14760145938334,912
basic_appreq,4591963,14760150568481,912
basic_appreq,4755980,14760155362558,912
basic_appreq,4309646,14760159709463,912
basic_appreq,4316656,14760164074289,912
basic_appreq,4602549,14760168726495,912
basic_appreq,4379236,14760173140293,912
basic_appreq,4030822,14760177218252,912
basic_appreq,4170339,14760181434611,912
basic_appreq,3797818,14760185302727,912
basic_appreq,4529674,14760189869387,912
basic_appreq,4516931,14760194417253,912
basic_appreq,5077942,14760199526620,912
basic_appreq,4500270,14760204085876,912
basic_appreq,4375065,14760208507178,912
basic_appreq,4998563,14760213544619,912
basic_appreq,4438320,14760218021233,912
basic_appreq,4871597,14760222929222,912
basic_appreq,3281805,14760226262188,912
basic_appreq,5180657,14760231478961,912
basic_appreq,4537412,14760236051796,912
basic_appreq,4551928,14760240639851,912
basic_appreq,4742622,14760245423480,912
basic_appreq,4144151,14760249613425,912
basic_appreq,4011814,14760253671201,912
basic_appreq,3892716,14760257603476,912
basic_appreq,4976093,14760262616668,912
basic_appreq,3809555,14760266479988,912
basic_appreq,4116040,14760270634260,912
basic_appreq,4558749,14760275226124,912
basic_appreq,4975093,14760280241230,912
basic_appreq,4295096,14760284574349,912
basic_appreq,4097582,14760288709684,912
basic_appreq,5164965,14760293911037,912
basic_appreq,4030928,14760297983271,912
basic_appreq,4557701,14760302586423,912
basic_appreq,4399648,14760307023834,912
basic_appreq,4128628,14760311199880,912
basic_appreq,4266404,14760315503524,912
basic_appreq,4355937,14760319904798,912
basic_appreq,4378319,14760324329157,912
basic_appreq,4643291,14760329019486,912
basic_appreq,3807837,14760332861405,912
basic_appreq,3916814,14760336815486,912
basic_appreq,4481223,14760341342116,912
basic_appreq,4799362,14760346187268,912
basic_appreq,4680292,14760350910108,912
basic_appreq,2963507,14760353922514,912
basic_appreq,4354848,14760358312800,912
basic_appreq,5288337,14760363638192,912
basic_appreq,4317376,14760367991372,912
basic_appreq,5120997,14760373182565,912
basic_appreq,4792782,14760378041343,912
basic_appreq,4290381,14760382369299,912
basic_appreq,4617934,14760387022679,912
basic_appreq,5057948,14760392117505,912
basic_appreq,5161925,14760397318278,912
basic_appreq,4586975,14760401971259,912
basic_appreq,4547483,14760406565416,912
basic_appreq,5226978,14760411852255,912
basic_appreq,3459189,14760415354318,912
basic_appreq,4787373,14760420180198,912
basic_appreq,5270000,14760425486162,912
basic_appreq,3403303,14760428936117,912
basic_appreq,4251934,14760433231479,912
basic_appreq,4424668,14760437701526,912
basic_appreq,3993049,14760441735317,912
basic_appreq,4545057,14760446315235,912
basic_appreq,4199732,14760450547796,912
basic_appreq,4272393,14760454855794,912
basic_appreq,4564377,14760459454676,912
basic_appreq,4575285,14760464068827,912
basic_appreq,5457520,14760469568164,912
basic_appreq,4543024,14760474148956,912
basic_appreq,4233077,14760478422420,912
basic_appreq,4862967,14760483324328,912
basic_appreq,4890284,14760488246302,912
basic_appreq,4624601,14760492902099,912
basic_appreq,4714213,14760497654491,912
basic_appreq,2925337,14760500625499,912
basic_appreq,4445635,14760505110464,912
basic_appreq,4262770,14760509422023,912
basic_appreq,4853512,14760514312505,912
basic_appreq,4829234,14760519177820,912
basic_appreq,5410843,14760524653508,912
basic_appreq,4967443,14760529661162,912
basic_appreq,5284623,14760534985898,912
basic_appreq,5195295,14760540220253,912
basic_appreq,5112200,14760545390733,912
basic_appreq,3149986,14760548578988,912
basic_appreq,4185101,14760552807136,912
basic_appreq,3843188,14760556690241,912
basic_appreq,4475247,14760561201076,912
basic_appreq,4331352,14760565567425,912
basic_appreq,5244563,14760570859486,912
basic_appreq,4364478,14760575257586,912
basic_appreq,4782844,14760580082894,912
basic_appreq,3301173,14760583430757,912
basic_appreq,4505320,14760587992535,912
basic_appreq,4281056,14760592348252,912
basic_appreq,3355871,14760595744914,912
basic_appreq,4678584,14760600461650,912
basic_appreq,5326003,14760605825800,912
basic_appreq,4978121,14760610843296,912
basic_appreq,5293990,14760616175350,912
basic_appreq,5004873,14760621218955,912
basic_appreq,4150482,14760625423682,912
basic_appreq,5115762,14760630585079,912
basic_appreq,3970168,14760634591740,912
basic_appreq,4685797,14760639311430,912
basic_appreq,4509423,14760643853424,912
basic_appreq,3246223,14760647146353,912
basic_appreq,3894385,14760651087073,912
basic_appreq,4553129,14760655692785,912
basic_appreq,4959595,14760660698275,912
basic_appreq,4015646,14760664749750,912
basic_appreq,4060035,14760668853387,912
basic_appreq,5133834,14760674050696,912
basic_appreq,5489645,14760679576954,912
basic_appreq,4968044,14760684584033,912
basic_appreq,4183378,14760688807783,912
basic_appreq,4919752,14760693761015,912
basic_appreq,4983782,14760698794139,912
basic_appreq,5091595,14760703920745,912
basic_appreq,4050140,14760708048220,912
basic_appreq,5693256,14760713778963,912
basic_appreq,5002952,14760718818412,912
basic_appreq,5352631,14760724232405,912
basic_appreq,4153701,14760728425044,912
basic_appreq,5071671,14760733537367,912
basic_appreq,4702398,14760738281031,912
basic_appreq,4051641,14760742380458,912
basic_appreq,4907655,14760747334559,912
basic_appreq,4265354,14760751633392,912
basic_appreq,3922532,14760755601591,912
basic_appreq,3806495,14760759455084,912
basic_appreq,4253876,14760763768321,912
basic_appreq,4509057,14760768324874,912
basic_appreq,4103399,14760772476470,912
basic_appreq,3891108,14760776405115,912
basic_appreq,4402515,14760780843054,912
basic_appreq,5231995,14760786105752,912
basic_appreq,4495805,14760790634343,912
basic_appreq,4452599,14760795124665,912
basic_appreq,4387807,14760799550066,912
basic_appreq,4732541,14760804324194,912
basic_appreq,3628057,14760807992495,912
basic_appreq,5491838,14760813552792,912
basic_appreq,3254477,14760816848572,912
basic_appreq,4663919,14760821554121,912
basic_appreq,4336582,14760825952220,912
basic_appreq,4780420,14760830771701,912
basic_appreq,3814534,14760834625251,912
basic_appreq,4099987,14760838759028,912
basic_appreq,4514431,14760843321832,912
basic_appreq,4445362,14760847812760,912
basic_appreq,4392581,14760852245152,912
basic_appreq,4554943,14760856844965,912
basic_appreq,3299998,14760860184607,912
basic_appreq,5245017,14760865487328,912
basic_appreq,5010899,14760870536269,912
basic_appreq,5297420,14760875887286,912
basic_appreq,5164102,14760881114319,912
basic_appreq,5323534,14760886474067,912
basic_appreq,4528436,14760891039725,912
basic_appreq,4530469,14760895609191,912
basic_appreq,4907010,14760900555580,912
basic_appreq,3210507,14760903818558,912
basic_appreq,4303938,14760908165957,912
basic_appreq,3567735,14760911780525,912
basic_appreq,4832860,14760916648994,912
basic_appreq,5080174,14760921767917,912
basic_appreq,4918263,14760926722703,912
basic_appreq,4260950,14760931022179,912
basic_appreq,3769665,14760934837376,912
basic_appreq,3982827,14760938858078,912
basic_appreq,4610537,14760943505364,912
basic_appreq,3920797,14760947461350,912
basic_appreq,4906909,14760952404477,912
basic_appreq,4309752,14760956749228,912
basic_appreq,4214239,14760960998084,912
basic_appreq,4692180,14760965730576,912
basic_appreq,4458552,14760970233225,912
basic_appreq,4260119,14760974544271,912
basic_appreq,3979223,14760978570327,912
basic_appreq,5427518,14760984047659,912
basic_appreq,4211375,14760988296805,912
basic_appreq,5070089,14760993434164,912
basic_appreq,4463142,14760997936203,912
basic_appreq,4643938,14761002628913,912
basic_appreq,4494701,14761007163016,912
basic_appreq,3250598,14761010448866,912
basic_appreq,5156664,14761015641923,912
basic_appreq,3981916,14761019662033,912
basic_appreq,4719772,14761024419899,912
basic_appreq,3358412,14761027827022,912
basic_appreq,4337740,14761032208360,912
basic_appreq,4160174,14761036415187,912
basic_appreq,3747924,14761040221863,912
basic_appreq,4879409,14761045137840,912
basic_appreq,5205055,14761050379985,912
basic_appreq,4815933,14761055233998,912
basic_appreq,4833231,14761060105468,912
basic_appreq,4935987,14761065077023,912
basic_appreq,4970568,14761070094685,912
basic_appreq,4527640,14761074659239,912
basic_appreq,5109742,14761079827722,912
basic_appreq,2925758,14761082794673,912
basic_appreq,4515580,14761087362891,912
basic_appreq,4551691,14761091954679,912
basic_appreq,4583881,14761096607019,912
basic_appreq,4011632,14761100650099,912
basic_appreq,3736626,14761104417972,912
basic_appreq,4949746,14761109403173,912
basic_appreq,3905898,14761113345772,912
basic_appreq,3308772,14761116704889,912
basic_appreq,4437855,14761121189200,912
basic_appreq,4116955,14761125347613,912
basic_appreq,4747234,14761130143160,912
basic_appreq,4042170,14761134226331,912
basic_appreq,3980041,14761138265111,912
basic_appreq,4348665,14761142645667,912
basic_appreq,4682904,14761147360374,912
basic_appreq,4339556,14761151736984,912
basic_appreq,4790020,14761156564762,912
basic_appreq,5410077,14761162013843,912
basic_appreq,5005317,14761167058589,912
basic_appreq,4761635,14761171859556,912
basic_appreq,4783168,14761176698495,912
basic_appreq,5054540,14761181809078,912
basic_appreq,3124461,14761184995189,912
basic_appreq,4419925,14761189451231,912
basic_appreq,4393754,14761193897252,912
basic_appreq,3617825,14761197549835,912
basic_appreq,4540872,14761202125776,912
basic_appreq,4730966,14761206891732,912
basic_appreq,4685136,14761211612532,912
basic_appreq,4995464,14761216667901,912
basic_appreq,4633962,14761221339523,912
basic_appreq,4437042,14761225825311,912
basic_appreq,4876887,14761230741826,912
basic_appreq,4810630,14761235596230,912
basic_appreq,3223310,14761238882323,912
basic_appreq,4223585,14761243144771,912
basic_appreq,3397414,14761246576126,912
basic_appreq,4835268,14761251445082,912
basic_appreq,4634175,14761256114073,912
basic_appreq,5015916,14761261174197,912
basic_appreq,4624916,14761265837711,912
basic_appreq,5016865,14761270896304,912
basic_appreq,4554047,14761275491031,912
basic_appreq,3379182,14761278918330,912
basic_appreq,4072409,14761283035596,912
basic_appreq,3872373,14761286954859,912
basic_appreq,4402612,14761291394798,912
basic_appreq,4933337,14761296366709,912
basic_appreq,4675036,14761301079295,912
basic_appreq,4898707,14761306026676,912
basic_appreq,4587955,14761310651069,912
basic_appreq,4493048,14761315181011,912
basic_appreq,5078490,14761320303674,912
basic_appreq,4470684,14761324840157,912
basic_appreq,4581244,14761329459536,912
basic_appreq,4114390,14761333627718,912
basic_appreq,4001238,14761337665859,912
basic_appreq,4392751,14761342104369,912
basic_appreq,4559095,14761346705622,912
basic_appreq,4684744,14761351441793,912
basic_appreq,4678931,14761356158135,912
basic_appreq,4590427,14761360788821,912
basic_appreq,4394305,14761365222466,912
basic_appreq,4546959,14761369817669,912
basic_appreq,5134726,14761374996735,912
basic_appreq,5543213,14761380578723,912
basic_appreq,5153417,14761385770520,912
basic_appreq,5309972,14761391121732,912
basic_appreq,5131692,14761396291310,912
basic_appreq,4580377,14761400913926,912
basic_appreq,3203961,14761404168583,912
basic_appreq,4207873,14761408428291,912
basic_appreq,4374906,14761412851769,912
basic_appreq,4595494,14761417492962,912
basic_appreq,4262883,14761421800987,912
basic_appreq,3237990,14761425080077,912
basic_appreq,5307966,14761430423328,912
basic_appreq,5026324,14761435485406,912
basic_appreq,4738911,14761440258753,912
basic_appreq,5332505,14761445655214,912
basic_appreq,5293114,14761451019141,912
basic_appreq,4733433,14761455792084,912
basic_appreq,4964172,14761460794612,912
basic_appreq,4550506,14761465431425,912
basic_appreq,3166954,14761468639309,912
basic_appreq,4366860,14761473054186,912
basic_appreq,4242273,14761477352240,912
basic_appreq,4186144,14761481585690,912
basic_appreq,4640305,14761486263754,912
basic_appreq,5039983,14761491339297,912
basic_appreq,4718575,14761496093405,912
basic_appreq,5341098,14761501484703,912
basic_appreq,5046602,14761506580698,912
basic_appreq,4864503,14761511506943,912
basic_appreq,2993396,14761514541435,912
basic_appreq,4122974,14761518711252,912
basic_appreq,4928717,14761523712729,912
basic_appreq,3769177,14761527519117,912
basic_appreq,4112713,14761531670214,912
basic_appreq,4928661,14761536630807,912
basic_appreq,4780349,14761541443409,912
basic_appreq,4443956,14761545926587,912
basic_appreq,4092811,14761550057027,912
basic_appreq,4900714,14761554992836,912
basic_appreq,5538356,14761560585574,912
basic_appreq,4495993,14761565120537,912
basic_appreq,3469317,14761568638889,912
basic_appreq,4433000,14761573115031,912
basic_appreq,4861634,14761578033786,912
basic_appreq,4082737,14761582155159,912
basic_appreq,3885095,14761586078351,912
basic_appreq,4408525,14761590520425,912
basic_appreq,5478833,14761596052420,912
basic_appreq,5241763,14761601330184,912
basic_appreq,4028268,14761605420290,912
basic_appreq,5620508,14761611081479,912
basic_appreq,5119530,14761616237153,912
basic_appreq,4406970,14761620684097,912
basic_appreq,3415262,14761624165737,912
basic_appreq,4272203,14761628476364,912
basic_appreq,3893611,14761632418793,912
basic_appreq,5129751,14761637581604,912
basic_appreq,5057066,14761642677901,912
basic_appreq,4634063,14761647350524,912
basic_appreq,5048370,14761652435013,912
basic_appreq,4576598,14761657049983,912
basic_appreq,4869898,14761661956342,912
basic_appreq,4370780,14761666375007,912
basic_appreq,3452837,14761669868739,912
basic_appreq,2931701,14761672841221,912
basic_appreq,5077129,14761677954145,912
basic_appreq,4906693,14761682898456,912
basic_appreq,4326015,14761687264692,912
basic_appreq,3260458,14761690606764,912
basic_appreq,4972508,14761695637180,912
basic_appreq,3701152,14761699377424,912
basic_appreq,4552971,14761703970071,912
basic_appreq,4209594,14761708247875,912
basic_appreq,4436766,14761712723803,912
basic_appreq,4293547,14761717076112,912
basic_appreq,4001600,14761721119166,912
basic_appreq,5130795,14761726286384,912
basic_appreq,4619026,14761730940222,912
basic_appreq,4750458,14761735755104,912
basic_appreq,5052881,14761740847007,912
basic_appreq,5102294,14761746021754,912
basic_appreq,5013812,14761751073157,912
basic_appreq,5153397,14761756263532,912
basic_appreq,4815490,14761761116405,912
basic_appreq,4460584,14761765614799,912
basic_appreq,5006431,14761770657502,912
basic_appreq,4427795,14761775122539,912
basic_appreq,5151508,14761780326096,912
basic_appreq,5207812,14761785591936,912
basic_appreq,4515926,14761790142438,912
basic_appreq,4266563,14761794452792,912
basic_appreq,5242262,14761799736420,912
basic_appreq,3105614,14761802887576,912
basic_appreq,4274320,14761807225647,912
basic_appreq,4113748,14761811386104,912
basic_appreq,5317968,14761816742333,912
basic_appreq,5163034,14761821940993,912
basic_appreq,4419460,14761826396619,912
basic_appreq,5193412,14761831635960,912
basic_appreq,4935105,14761836612754,912
basic_appreq,3099151,14761839753941,912
basic_appreq,4188442,14761843985751,912
basic_appreq,3483914,14761847546913,912
basic_appreq,5091407,14761852672072,912
basic_appreq,4905128,14761857613384,912
basic_appreq,4855228,14761862507269,912
basic_appreq,5214338,14761867758588,912
basic_appreq,4843405,14761872637582,912
basic_appreq,4679221,14761877388085,912
basic_appreq,4171022,14761881598709,912
basic_appreq,4574247,14761886208178,912
basic_appreq,4017016,14761890260999,912
basic_appreq,4917068,14761895225951,912
basic_appreq,4825535,14761900108194,912
basic_appreq,3300155,14761903455971,912
basic_appreq,4557462,14761908051849,912
basic_appreq,3740661,14761911844951,912
basic_appreq,4896764,14761916779014,912
basic_appreq,4412429,14761921228187,912
basic_appreq,4731557,14761925997876,912
basic_appreq,5124256,14761931156266,912
basic_appreq,5448775,14761936641553,912
basic_appreq,4827254,14761941509327,912
basic_appreq,5020232,14761946574234,912
basic_appreq,3518459,14761950143440,912
basic_appreq,4259414,14761954446115,912
basic_appreq,3751731,14761958258819,912
basic_appreq,4544312,14761962839178,912
basic_appreq,4543524,14761967421702,912
basic_appreq,4644139,14761972104285,912
basic_appreq,4383263,14761976528005,912
basic_appreq,3326040,14761979901921,912
basic_appreq,4367236,14761984308798,912
basic_appreq,4247276,14761988595362,912
basic_appreq,4299669,14761992936878,912
basic_appreq,5207234,14761998178012,912
basic_appreq,4875063,14762003117209,912
basic_appreq,4395998,14762007554039,912
basic_appreq,4696538,14762012293223,912
basic_appreq,4750421,14762017086916,912
basic_appreq,2884828,14762020023482,912
basic_appreq,4438995,14762024501536,912
basic_appreq,3960279,14762028510675,912
basic_appreq,4615090,14762033159010,912
basic_appreq,5005542,14762038202184,912
basic_appreq,5091018,14762043333837,912
basic_appreq,4162635,14762047536396,912
basic_appreq,5375131,14762052952366,912
basic_appreq,4353446,14762057344508,912
basic_appreq,4244387,14762061624617,912
basic_appreq,4157469,14762065819684,912
basic_appreq,5242387,14762071109868,912
basic_appreq,4680550,14762075830923,912
basic_appreq,3077897,14762078966436,912
basic_appreq,4463727,14762083478514,912
basic_appreq,3950217,14762087468532,912
basic_appreq,4125802,14762091630847,912
basic_appreq,3258247,14762094956467,912
basic_appreq,4363507,14762099356560,912
basic_appreq,3376724,14762102770491,912
basic_appreq,4814116,14762107620118,912
basic_appreq,4393143,14762112050961,912
basic_appreq,4469113,14762116559336,912
basic_appreq,5044695,14762121640511,912
basic_appreq,4916649,14762126592279,912
basic_appreq,4139717,14762130767774,912
basic_appreq,5115938,14762135936476,912
basic_appreq,4835872,14762140809718,912
basic_appreq,3927706,14762144769536,912
basic_appreq,5010452,14762149814909,912
basic_appreq,5221914,14762155074390,912
basic_appreq,4376354,14762159490197,912
basic_appreq,5222749,14762164759625,912
basic_appreq,4202094,14762169000295,912
basic_appreq,4551005,14762173607890,912
basic_appreq,4198732,14762177848992,912
basic_appreq,4040923,14762181929345,912
basic_appreq,3407939,14762185374188,912
basic_appreq,4231360,14762189641883,912
basic_appreq,4613692,14762194289696,912
basic_appreq,3345431,14762197685189,912
basic_appreq,4749576,14762202475473,912
basic_appreq,4637387,14762207150519,912
basic_appreq,4312750,14762211494593,912
basic_appreq,5031141,14762216558953,912
basic_appreq,5234753,14762221834734,912
basic_appreq,4784420,14762226701721,912
basic_appreq,4867896,14762231627402,912
basic_appreq,3471699,14762235133856,912
basic_appreq,4319828,14762239506851,912
basic_appreq,3999992,14762243562211,912
basic_appreq,4783491,14762248391530,912
basic_appreq,4613246,14762253044777,912
basic_appreq,4805745,14762257891327,912
basic_appreq,4963590,14762262890426,912
basic_appreq,4652204,14762267593122,912
basic_appreq,4562168,14762272195717,912
basic_appreq,4344007,14762276574144,912
basic_appreq,3842347,14762280462718,912
basic_appreq,5140843,14762285641484,912
basic_appreq,5059770,14762290738795,912
basic_appreq,5787116,14762296594636,912
basic_appreq,4532674,14762301166272,912
basic_appreq,5242450,14762306452204,912
basic_appreq,4941719,14762311449270,912
basic_appreq,3431668,14762314926381,912
basic_appreq,3959907,14762318925985,912
basic_appreq,3272375,14762322253975,912
basic_appreq,5059978,14762327344754,912
basic_appreq,4552540,14762331928583,912
basic_appreq,5435672,14762337394064,912
basic_appreq,4672433,14762342104220,912
basic_appreq,3783424,14762345936593,912
basic_appreq,4241665,14762350215205,912
basic_appreq,4460217,14762354715883,912
basic_appreq,4389153,14762359142132,912
basic_appreq,4304820,14762363477526,912
basic_appreq,4203588,14762367714389,912
basic_appreq,5239868,14762373000545,912
basic_appreq,4127678,14762377195063,912
basic_appreq,4760724,14762381999585,912
basic_appreq,3481637,14762385526351,912
basic_appreq,4559221,14762390122225,912
basic_appreq,4193736,14762394352898,912
basic_appreq,3673119,14762398067169,912
basic_appreq,4646149,14762402746473,912
basic_appreq,4419197,14762407199546,912
basic_appreq,4790639,14762412042542,912
basic_appreq,4885831,14762416967378,912
basic_appreq,3977573,14762420987510,912
basic_appreq,5181414,14762426214835,912
basic_appreq,4428023,14762430681633,912
basic_appreq,3144456,14762433873206,912
basic_appreq,3306942,14762437222768,912
basic_appreq,5260342,14762442520479,912
basic_appreq,4758929,14762447315926,912
basic_appreq,4848829,14762452235809,912
basic_appreq,4851349,14762457126121,912
basic_appreq,4814619,14762461975751,912
basic_appreq,4107196,14762466125349,912
basic_appreq,4380517,14762470544888,912
basic_appreq,5207920,14762475811837,912
basic_appreq,5204077,14762481054629,912
basic_appreq,5302857,14762486437110,912
basic_appreq,4923012,14762491400629,912
basic_appreq,4791724,14762496228759,912
basic_appreq,3199952,14762499484057,912
basic_appreq,2879674,14762502416694,912
basic_appreq,4417255,14762506870577,912
basic_appreq,4724201,14762511634758,912
basic_appreq,4210994,14762515880242,912
basic_appreq,5502090,14762521449159,912
basic_appreq,4654187,14762526140399,912
basic_appreq,5071316,14762531274631,912
basic_appreq,4053366,14762535372193,912
basic_appreq,4052220,14762539490081,912
basic_appreq,5288056,14762544817087,912
basic_appreq,5168783,14762550017245,912
basic_appreq,4755741,14762554804637,912
basic_appreq,4859271,14762559699882,912
basic_appreq,4720666,14762564459304,912
basic_appreq,3314285,14762567815698,912
basic_appreq,4209073,14762572064188,912
basic_appreq,3625640,14762575727512,912
basic_appreq,4353397,14762580114642,912
basic_appreq,4351460,14762584501867,912
basic_appreq,3771090,14762588313160,912
basic_appreq,4687031,14762593071294,912
basic_appreq,4329242,14762597439534,912
basic_appreq,4845261,14762602324698,912
basic_appreq,4422459,14762606785575,912
basic_appreq,3643965,14762610468853,912
basic_appreq,4286603,14762614798418,912
basic_appreq,3792453,14762618637393,912
basic_appreq,4651052,14762623325846,912
basic_appreq,4875211,14762628238304,912
basic_appreq,5184699,14762633461789,912
basic_appreq,5036793,14762638535764,912
basic_appreq,4995407,14762643571736,912
basic_appreq,5186878,14762648798361,912
basic_appreq,3807837,14762652648543,912
basic_appreq,3745428,14762656438771,912
basic_appreq,3352155,14762659834479,912
basic_appreq,4552852,14762664419672,912
basic_appreq,3987218,14762668453034,912
basic_appreq,4655850,14762673141780,912
basic_appreq,4898719,14762678073857,912
basic_appreq,4801301,14762682908945,912
basic_appreq,4981641,14762687931385,912
basic_appreq,8803870,14762696782700,912
basic_appreq,4729894,14762701554245,912
basic_appreq,3349013,14762704951735,912
basic_appreq,4173725,14762709170876,912
basic_appreq,4964226,14762714181455,912
basic_appreq,4404287,14762718622171,912
basic_appreq,4457786,14762723125857,912
basic_appreq,4540732,14762727705887,912
basic_appreq,4158949,14762731899657,912
basic_appreq,4365517,14762736325798,912
basic_appreq,4946466,14762741339011,912
basic_appreq,4876544,14762746250131,912
basic_appreq,4732187,14762751027707,912
basic_appreq,5120260,14762756192451,912
basic_appreq,2975282,14762759226262,912
basic_appreq,4171405,14762763438119,912
basic_appreq,3746270,14762767246433,912
basic_appreq,4548526,14762771833758,912
basic_appreq,5122878,14762777019175,912
basic_appreq,5127303,14762782178567,912
basic_appreq,4494196,14762786705085,912
basic_appreq,5329727,14762792072042,912
basic_appreq,4967041,14762797074830,912
basic_appreq,3300746,14762800443032,912
basic_appreq,4301546,14762804786241,912
basic_appreq,3901155,14762808727131,912
basic_appreq,4771485,14762813535530,912
basic_appreq,4759626,14762818328998,912
basic_appreq,4872699,14762823239662,912
basic_appreq,4589900,14762827867198,912
basic_appreq,3935133,14762831849462,912
basic_appreq,4293969,14762836185178,912
basic_appreq,4214388,14762840436691,912
basic_appreq,4350248,14762844830728,912
basic_appreq,3439688,14762848319445,912
basic_appreq,4669623,14762853030517,912
basic_appreq,4829517,14762857899515,912
basic_appreq,5121776,14762863055388,912
basic_appreq,4908481,14762867996926,912
basic_appreq,4394597,14762872491436,912
basic_appreq,5257845,14762877797478,912
basic_appreq,5663754,14762883525194,912
basic_appreq,4405324,14762887964071,912
basic_appreq,4810297,14762892808118,912
basic_appreq,4894020,14762897740542,912
basic_appreq,5198148,14762902982775,912
basic_appreq,4374356,14762907393594,912
basic_appreq,4802881,14762912236188,912
basic_appreq,4990097,14762917267372,912
basic_appreq,4517435,14762921824215,912
basic_appreq,4723656,14762926600822,912
basic_appreq,5218513,14762931875554,912
basic_appreq,3199813,14762935124466,912
basic_appreq,4044024,14762939203015,912
basic_appreq,4824025,14762944071348,912
basic_appreq,4193859,14762948305181,912
basic_appreq,4271628,14762952625585,912
basic_appreq,4974833,14762957636857,912
basic_appreq,4152828,14762961825520,912
basic_appreq,4504919,14762966366479,912
basic_appreq,3482075,14762969891436,912
basic_appreq,4144555,14762974079888,912
basic_appreq,3401719,14762977528737,912
basic_appreq,4452203,14762982017823,912
basic_appreq,4680209,14762986736233,912
basic_appreq,5087322,14762991859916,912
basic_appreq,3202379,14762995113734,912
basic_appreq,3350696,14762998515740,912
basic_appreq,4692556,14763003245816,912
basic_appreq,4906059,14763008186815,912
basic_appreq,4469569,14763012696378,912
basic_appreq,4984295,14763017720764,912
basic_appreq,4474483,14763022227825,912
basic_appreq,5158956,14763027437801,912
basic_appreq,5037705,14763032528017,912
basic_appreq,4413094,14763036980542,912
basic_appreq,4365362,14763041384598,912
basic_appreq,3184569,14763044607452,912
basic_appreq,4418252,14763049085596,912
basic_appreq,3471636,14763052597084,912
basic_appreq,4716493,14763057350541,912
basic_appreq,4820373,14763062206892,912
basic_appreq,4956509,14763067198726,912
basic_appreq,4261098,14763071500671,912
basic_appreq,4076535,14763075615997,912
basic_appreq,4411909,14763080065283,912
basic_appreq,5092185,14763085206937,912
basic_appreq,5867419,14763091168079,912
basic_appreq,5009268,14763096217564,912
basic_appreq,4921746,14763101180720,912
basic_appreq,4833408,14763106053998,912
basic_appreq,3302566,14763109405216,912
basic_appreq,3264795,14763112716658,912
basic_appreq,4688130,14763117439856,912
basic_appreq,4795446,14763122268060,912
basic_appreq,4815016,14763127120240,912
basic_appreq,4898445,14763132072524,912
basic_appreq,4018129,14763136141673,912
basic_appreq,3536981,14763139724508,912
basic_appreq,4153342,14763143915098,912
basic_appreq,3260368,14763147221888,912
basic_appreq,5263240,14763152517055,912
basic_appreq,4379254,14763156928097,912
basic_appreq,4425567,14763161390916,912
basic_appreq,4641798,14763166070453,912
basic_appreq,4984915,14763171095632,912
basic_appreq,5069319,14763176204530,912
basic_appreq,4027893,14763180310837,912
basic_appreq,4780333,14763185130119,912
basic_appreq,4694892,14763189859178,912
basic_appreq,3273092,14763193178625,912
basic_appreq,4426134,14763197663345,912
basic_appreq,3123220,14763200823522,912
basic_appreq,4135380,14763204990995,912
basic_appreq,4389847,14763209412647,912
basic_appreq,4960450,14763214413145,912
basic_appreq,4439699,14763218889835,912
basic_appreq,4480754,14763223404317,912
basic_appreq,4211312,14763227656849,912
basic_appreq,5309487,14763233001560,912
basic_appreq,3790271,14763236834365,912
basic_appreq,3954699,14763240836784,912
basic_appreq,4172994,14763245050290,912
basic_appreq,3594172,14763248693137,912
basic_appreq,4929081,14763253663875,912
basic_appreq,4080291,14763257778409,912
basic_appreq,4707869,14763262521973,912
basic_appreq,4879570,14763267443053,912
basic_appreq,3284452,14763270767500,912
basic_appreq,3942668,14763274750364,912
basic_appreq,4244444,14763279036783,912
basic_appreq,4604550,14763283683089,912
basic_appreq,4861994,14763288579310,912
basic_appreq,4815861,14763293429989,912
basic_appreq,4417578,14763297884653,912
basic_appreq,3542819,14763301463906,912
basic_appreq,4663222,14763306164680,912
basic_appreq,4364327,14763310569693,912
basic_appreq,4679737,14763315290052,912
basic_appreq,4059811,14763319384981,912
basic_appreq,4645508,14763324076663,912
basic_appreq,3853124,14763327988881,912
basic_appreq,3823081,14763331876291,912
basic_appreq,4455874,14763336387618,912
basic_appreq,3858299,14763340288334,912
basic_appreq,4194421,14763344543986,912
basic_appreq,4346391,14763348925541,912
basic_appreq,3834496,14763352793643,912
basic_appreq,4505076,14763357352747,912
basic_appreq,4931081,14763362317685,912
basic_appreq,4868002,14763367221630,912
basic_appreq,4822412,14763372080042,912
basic_appreq,4825181,14763376950866,912
basic_appreq,3727323,14763380719286,912
basic_appreq,5179757,14763385949129,912
basic_appreq,4226157,14763390211051,912
basic_appreq,4413370,14763394660743,912
basic_appreq,3394844,14763398112522,912
basic_appreq,4219369,14763402372165,912
basic_appreq,4468069,14763406878946,912
basic_appreq,3933731,14763410851985,912
basic_appreq,5152189,14763416043817,912
basic_appreq,4843014,14763420921811,912
basic_appreq,3177415,14763424154722,912
basic_appreq,4286543,14763428481700,912
basic_appreq,3168997,14763431704702,912
basic_appreq,5127908,14763436871262,912
basic_appreq,4674550,14763441580874,912
basic_appreq,4863066,14763446479795,912
basic_appreq,5274743,14763451801953,912
basic_appreq,4757848,14763456599032,912
basic_appreq,4920319,14763461559958,912
basic_appreq,3730598,14763465334190,912
basic_appreq,4503916,14763469880389,912
basic_appreq,4023005,14763473946568,912
basic_appreq,4283305,14763478274815,912
basic_appreq,3418664,14763481733055,912
basic_appreq,4792609,14763486563177,912
basic_appreq,4106288,14763490706013,912
basic_appreq,4673752,14763495452567,912
basic_appreq,4732592,14763500220725,912
basic_appreq,4112806,14763504370147,912
basic_appreq,5299280,14763509716424,912
basic_appreq,4225347,14763514009153,912
basic_appreq,4971838,14763519019900,912
basic_appreq,4162782,14763523221373,912
basic_appreq,5216002,14763528469450,912
basic_appreq,4876461,14763533376533,912
basic_appreq,4557446,14763537968821,912
basic_appreq,4309655,14763542313868,912
basic_appreq,4439366,14763546810434,912
basic_appreq,4995989,14763551854333,912
basic_appreq,5052569,14763556941093,912
basic_appreq,4774858,14763561755746,912
basic_appreq,3141373,14763564936394,912
basic_appreq,4293116,14763569311291,912
basic_appreq,4333834,14763573687337,912
basic_appreq,4622538,14763578355172,912
basic_appreq,4761823,14763583162115,912
basic_appreq,4204376,14763587409006,912
basic_appreq,3943269,14763591387524,912
basic_appreq,4561225,14763595981010,912
basic_appreq,4919720,14763600973421,912
basic_appreq,5374271,14763606381369,912
basic_appreq,4657373,14763611073810,912
basic_appreq,5026750,14763616140216,912
basic_appreq,4708185,14763620886887,912
basic_appreq,3203134,14763624136064,912
basic_appreq,4169226,14763628350232,912
basic_appreq,4440787,14763632838466,912
basic_appreq,3756091,14763636641201,912
basic_appreq,4747235,14763641426192,912
basic_appreq,4418806,14763645883636,912
basic_appreq,4111657,14763650052201,912
basic_appreq,4286091,14763654407703,912
basic_appreq,4576493,14763659020358,912
basic_appreq,4754276,14763663810446,912
basic_appreq,4536520,14763668378836,912
basic_appreq,4768694,14763673194655,912
basic_appreq,4872665,14763678106467,912
basic_appreq,4415110,14763682577938,912
basic_appreq,4766028,14763687386914,912
basic_appreq,5151219,14763692581298,912
basic_appreq,5065381,14763697686642,912
basic_appreq,4435163,14763702189094,912
basic_appreq,5289717,14763707536134,912
basic_appreq,4474070,14763712044334,912
basic_appreq,4840007,14763716934987,912
basic_appreq,5028179,14763722032880,912
basic_appreq,5221373,14763727301765,912
basic_appreq,4467971,14763731809987,912
basic_appreq,3364728,14763735241076,912
basic_appreq,4308665,14763739589563,912
basic_appreq,4281451,14763743910348,912
basic_appreq,3773920,14763747732661,912
basic_appreq,5004031,14763752770489,912
basic_appreq,3984961,14763756791833,912
basic_appreq,4163353,14763760991452,912
basic_appreq,5282080,14763766343124,912
basic_appreq,4229104,14763770606320,912
basic_appreq,4377368,14763775016608,912
basic_appreq,4545836,14763779595014,912
basic_appreq,4440729,14763784073045,912
basic_appreq,4092485,14763788205293,912
basic_appreq,5066532,14763793322168,912
basic_appreq,4987524,14763798363892,912
basic_appreq,4589255,14763802990209,912
basic_appreq,4537440,14763807577650,912
basic_appreq,5297705,14763812908333,912
basic_appreq,4490091,14763817437846,912
basic_appreq,12218525,14763829699336,912
basic_appreq,7081335,14763836832933,912
basic_appreq,5457257,14763842330863,912
basic_appreq,4639186,14763847009567,912
basic_appreq,3403685,14763850455466,912
basic_appreq,4092420,14763854591246,912
basic_appreq,4712280,14763859334494,912
basic_appreq,4548342,14763863913906,912
basic_appreq,3270688,14763867215792,912
basic_appreq,5239331,14763872490840,912
basic_appreq,5144103,14763877670242,912
basic_appreq,4328328,14763882033123,912
basic_appreq,4590067,14763886661050,912
basic_appreq,4666793,14763891369727,912
basic_appreq,3087195,14763894503131,912
basic_appreq,4280064,14763898828440,912
basic_appreq,4157405,14763903025848,912
basic_appreq,3898704,14763906980104,912
basic_appreq,4630889,14763911650324,912
basic_appreq,4249068,14763915939153,912
basic_appreq,4384889,14763920363047,912
basic_appreq,4460381,14763924853714,912
basic_appreq,4264018,14763929149764,912
basic_appreq,4781312,14763933968286,912
basic_appreq,4633244,14763938638895,912
basic_appreq,4920478,14763943596314,912
basic_appreq,4516256,14763948146252,912
basic_appreq,4562818,14763952743178,912
basic_appreq,4670507,14763957458699,912
basic_appreq,3700211,14763961229268,912
basic_appreq,4719002,14763965994812,912
basic_appreq,3884338,14763969921315,912
basic_appreq,4211988,14763974176123,912
basic_appreq,4219817,14763978436175,912
basic_appreq,5127607,14763983596962,912
basic_appreq,4360548,14763987994564,912
basic_appreq,5288188,14763993349437,912
basic_appreq,4507632,14763997894661,912
basic_appreq,4864994,14764002792731,912
basic_appreq,3865341,14764006703982,912
basic_appreq,3719747,14764010467047,912
basic_appreq,4449991,14764014964790,912
basic_appreq,3319135,14764018332135,912
basic_appreq,4512583,14764022896538,912
basic_appreq,4355861,14764027285772,912
basic_appreq,4503234,14764031830145,912
basic_appreq,4416471,14764036283685,912
basic_appreq,4808441,14764041131483,912
basic_appreq,4048928,14764045227160,912
basic_appreq,3963287,14764049240597,912
basic_appreq,4697707,14764053981766,912
basic_appreq,4066016,14764058085648,912
basic_appreq,3526242,14764061652513,912
basic_appreq,4538654,14764066224201,912
basic_appreq,4054911,14764070326335,912
basic_appreq,3448011,14764073813131,912
basic_appreq,4608928,14764078458874,912
basic_appreq,3502519,14764081996357,912
basic_appreq,4593265,14764086630249,912
basic_appreq,4245308,14764090910373,912
basic_appreq,4402855,14764095352419,912
basic_appreq,4437619,14764099831530,912
basic_appreq,3144030,14764103019316,912
basic_appreq,5044365,14764108110542,912
basic_appreq,4479950,14764112632567,912
basic_appreq,3372016,14764116062258,912
basic_appreq,4395159,14764120527560,912
basic_appreq,4366433,14764124934269,912
basic_appreq,3646171,14764128617849,912
basic_appreq,4914650,14764133566768,912
basic_appreq,4726418,14764138328019,912
basic_appreq,4459036,14764142829905,912
basic_appreq,4605315,14764147472459,912
basic_appreq,4727719,14764152239868,912
basic_appreq,5455249,14764157752347,912
basic_appreq,4582879,14764162370842,912
basic_appreq,4576505,14764166996919,912
basic_appreq,4538113,14764171592016,912
basic_appreq,4518312,14764176146739,912
basic_appreq,4476642,14764180683906,912
basic_appreq,4852988,14764185575197,912
basic_appreq,4078814,14764189718526,912
basic_appreq,5622003,14764195384205,912
basic_appreq,4568371,14764199990245,912
basic_appreq,4749067,14764204803982,912
basic_appreq,5112434,14764209948796,912
basic_appreq,4519842,14764214502252,912
basic_appreq,4873793,14764219413556,912
basic_appreq,4955067,14764224418327,912
basic_appreq,3255212,14764227710480,912
basic_appreq,4190179,14764231943497,912
basic_appreq,3612337,14764235601531,912
basic_appreq,4960202,14764240596924,912
basic_appreq,4188303,14764244821029,912
basic_appreq,5045178,14764249901462,912
basic_appreq,4533489,14764254473685,912
basic_appreq,4474516,14764258981859,912
basic_appreq,4299673,14764263319173,912
basic_appreq,5141301,14764268504244,912
basic_appreq,3250287,14764271826463,912
basic_appreq,4483553,14764276349376,912
basic_appreq,4414213,14764280801932,912
basic_appreq,3813852,14764284665752,912
basic_appreq,5088071,14764289791891,912
basic_appreq,4762891,14764294594696,912
basic_appreq,4613407,14764299258257,912
basic_appreq,4456831,14764303757875,912
basic_appreq,5247512,14764309053575,912
basic_appreq,3080645,14764312169655,912
basic_appreq,4955125,14764317170880,912
basic_appreq,3652384,14764320863475,912
basic_appreq,4391724,14764325299069,912
basic_appreq,4302047,14764329643833,912
basic_appreq,3820536,14764333512940,912
basic_appreq,4501096,14764338052540,912
basic_appreq,4441522,14764342527676,912
basic_appreq,4701582,14764347265792,912
basic_appreq,4473618,14764351788228,912
basic_appreq,4557890,14764356392713,912
basic_appreq,4701148,14764361139595,912
basic_appreq,3613035,14764364797568,912
basic_appreq,5112828,14764369944348,912
basic_appreq,4764230,14764374745739,912
basic_appreq,4719362,14764379504300,912
basic_appreq,5016635,14764384562299,912
basic_appreq,4793651,14764389394965,912
basic_appreq,4643698,14764394989625,912
basic_appreq,4649130,14764399682471,912
basic_appreq,4196863,14764403904613,912
basic_appreq,5276258,14764409205472,912
basic_appreq,5054154,14764414285635,912
basic_appreq,5120612,14764419455731,912
basic_appreq,3373560,14764422881352,912
basic_appreq,4679184,14764427591904,912
basic_appreq,4259668,14764431894188,912
basic_appreq,5084906,14764437064432,912
basic_appreq,4838324,14764441942515,912
basic_appreq,4021302,14764446008849,912
basic_appreq,4479281,14764450527663,912
basic_appreq,4912791,14764455473922,912
basic_appreq,4248736,14764459756870,912
basic_appreq,3912980,14764463736756,912
basic_appreq,3387164,14764467171559,912
basic_appreq,4383253,14764471597937,912
basic_appreq,4761708,14764476408107,912
basic_appreq,4664283,14764481127295,912
basic_appreq,2944521,14764484130773,912
basic_appreq,4788383,14764488966132,912
basic_appreq,4667704,14764493665670,912
basic_appreq,5070361,14764498772844,912
basic_appreq,5276616,14764504086195,912
basic_appreq,4615495,14764508739547,912
basic_appreq,4640827,14764513419425,912
basic_appreq,5006288,14764518460364,912
basic_appreq,5134147,14764523641309,912
basic_appreq,4601142,14764528281937,912
basic_appreq,4500705,14764532824137,912
basic_appreq,4465333,14764537346231,912
basic_appreq,5098677,14764542477946,912
basic_appreq,4946741,14764547458329,912
basic_appreq,5003315,14764552499770,912
basic_appreq,4684990,14764557239347,912
basic_appreq,4463374,14764561742026,912
basic_appreq,5023114,14764566816166,912
basic_appreq,4700634,14764571571263,912
basic_appreq,3427663,14764575040546,912
basic_appreq,4990048,14764580078931,912
basic_appreq,4305436,14764584424723,912
basic_appreq,6333529,14764590830868,912
basic_appreq,4912490,14764595785033,912
basic_appreq,4619886,14764600445700,912
basic_appreq,4853875,14764605342296,912
basic_appreq,4883515,14764610299165,912
basic_appreq,4991345,14764615340813,912
basic_appreq,4903819,14764620284769,912
basic_appreq,4332828,14764624655029,912
basic_appreq,5084311,14764629788763,912
basic_appreq,4213217,14764634037093,912
basic_appreq,2907376,14764636986324,912
basic_appreq,4479161,14764641503081,912
basic_appreq,4050979,14764645590747,912
basic_appreq,4353473,14764649984407,912
basic_appreq,4631977,14764654675063,912
basic_appreq,4862881,14764659591828,912
basic_appreq,5055605,14764664685034,912
basic_appreq,4625411,14764669348986,912
basic_appreq,4370821,14764673763878,912
basic_appreq,4383365,14764678186010,912
basic_appreq,3569708,14764681792720,912
basic_appreq,4093542,14764685920200,912
basic_appreq,3441700,14764689408909,912
basic_appreq,4677992,14764694124620,912
basic_appreq,4809974,14764698971686,912
basic_appreq,4814520,14764703823365,912
basic_appreq,4169966,14764708030212,912
basic_appreq,5137270,14764713221350,912
basic_appreq,3154889,14764716444260,912
basic_appreq,4622929,14764721108443,912
basic_appreq,4471057,14764725622988,912
basic_appreq,3812976,14764729484312,912
basic_appreq,4878513,14764734397897,912
basic_appreq,4991867,14764739425223,912
basic_appreq,5006652,14764744465714,912
basic_appreq,2905614,14764747428811,912
basic_appreq,5116326,14764752597025,912
basic_appreq,4640702,14764757277447,912
basic_appreq,4690286,14764762009767,912
basic_appreq,5093844,14764767136212,912
basic_appreq,5104282,14764772274421,912
basic_appreq,4971587,14764777291223,912
basic_appreq,3335586,14764780674953,912
basic_appreq,4519279,14764785241195,912
basic_appreq,4341242,14764789629200,912
basic_appreq,3661440,14764793336577,912
basic_appreq,4607502,14764797978674,912
basic_appreq,5017680,14764803030129,912
basic_appreq,4504790,14764807567929,912
basic_appreq,4577485,14764812182858,912
basic_appreq,3493339,14764815726041,912
basic_appreq,4617150,14764820384253,912
basic_appreq,4151487,14764824574906,912
basic_appreq,3904685,14764828526135,912
basic_appreq,4268748,14764832837811,912
basic_appreq,4844383,14764837745032,912
basic_appreq,4799145,14764842579753,912
basic_appreq,5425553,14764848060160,912
basic_appreq,5245139,14764853366867,912
basic_appreq,4766581,14764858171583,912
basic_appreq,5219466,14764863428090,912
basic_appreq,4759057,14764868224505,912
basic_appreq,3274267,14764871553152,912
basic_appreq,4094388,14764875688457,912
basic_appreq,4235833,14764879961690,912
basic_appreq,3814048,14764883842282,912
basic_appreq,4630222,14764888506456,912
basic_appreq,4387877,14764892928177,912
basic_appreq,4611298,14764897579387,912
basic_appreq,4411335,14764902030976,912
basic_appreq,5028972,14764907106716,912
basic_appreq,3293272,14764910454495,912
basic_appreq,4206073,14764914700813,912
basic_appreq,3324757,14764918062135,912
basic_appreq,4631940,14764922750869,912
basic_appreq,4774664,14764927559943,912
basic_appreq,4584399,14764932178408,912
basic_appreq,4961608,14764937174629,912
basic_appreq,4421714,14764941634777,912
basic_appreq,4484021,14764946156428,912
basic_appreq,4242754,14764950439644,912
basic_appreq,4675307,14764955149552,912
basic_appreq,4978958,14764960176094,912
basic_appreq,5142332,14764965376800,912
basic_appreq,5198826,14764970621057,912
basic_appreq,5081763,14764975761272,912
basic_appreq,4751100,14764980550335,912
basic_appreq,4815472,14764985406118,912
basic_appreq,3249895,14764988707461,912
basic_appreq,4166961,14764992919741,912
basic_appreq,4643475,14764997610264,912
basic_appreq,4342675,14765001998727,912
basic_appreq,3655656,14765005701719,912
basic_appreq,4892580,14765010626975,912
basic_appreq,3944222,14765014613172,912
basic_appreq,4554097,14765019204109,912
basic_appreq,4892604,14765024132824,912
basic_appreq,4575998,14765028740560,912
basic_appreq,4833360,14765033614690,912
basic_appreq,4236583,14765037892763,912
basic_appreq,5198273,14765043133299,912
basic_appreq,3472715,14765046645573,912
basic_appreq,4161910,14765050850388,912
basic_appreq,5052840,14765055969943,912
basic_appreq,5205889,14765061239262,912
basic_appreq,4728528,14765066007349,912
basic_appreq,3594493,14765069661370,912
basic_appreq,4220511,14765073916269,912
basic_appreq,4452961,14765078410190,912
basic_appreq,3621363,14765082100294,912
basic_appreq,91085806,14765173221907,912
basic_appreq,4388101,14765177656134,912
basic_appreq,4852855,14765182549280,912
basic_appreq,4410155,14765186998159,912
basic_appreq,4892056,14765191930617,912
basic_appreq,5083707,14765197054056,912
basic_appreq,5283998,14765202397364,912
basic_appreq,4624032,14765207069143,912
basic_appreq,5298897,14765212409558,912
basic_appreq,4679559,14765217128215,912
basic_appreq,4921440,14765222086877,912
basic_appreq,4504207,14765226630543,912
basic_appreq,5121912,14765231804534,912
basic_appreq,3435695,14765235287894,912
basic_appreq,4024086,14765239353556,912
basic_appreq,4669963,14765244074068,912
basic_appreq,3641011,14765247772117,912
basic_appreq,4561157,14765252365040,912
basic_appreq,4530592,14765256931811,912
basic_appreq,4635619,14765261606219,912
basic_appreq,4094958,14765265768176,912
basic_appreq,4338741,14765270146236,912
basic_appreq,3294215,14765273486178,912
basic_appreq,4292714,14765277821063,912
basic_appreq,4165878,14765282035688,912
basic_appreq,4885281,14765286960290,912
basic_appreq,4784978,14765291784531,912
basic_appreq,4524382,14765296344880,912
basic_appreq,5451359,14765301831951,912
basic_appreq,4545537,14765306412286,912
basic_appreq,4882957,14765311330499,912
basic_appreq,5143955,14765316510354,912
basic_appreq,3138788,14765319683959,912
basic_appreq,3345867,14765323065113,912
basic_appreq,4797423,14765327900077,912
basic_appreq,4559787,14765332497746,912
basic_appreq,4783061,14765337323909,912
basic_appreq,3403544,14765340775291,912
basic_appreq,4461961,14765345284483,912
basic_appreq,3954698,14765349282504,912
basic_appreq,4386950,14765353715537,912
basic_appreq,4755036,14765358506951,912
basic_appreq,4846333,14765363384322,912
basic_appreq,4457680,14765367876087,912
basic_appreq,4383565,14765372296430,912
basic_appreq,4424536,14765376758416,912
basic_appreq,4474777,14765381271544,912
basic_appreq,4984990,14765386304348,912
basic_appreq,2918449,14765389262983,912
basic_appreq,4242623,14765393552192,912
basic_appreq,4594526,14765398206010,912
basic_appreq,4614450,14765402861182,912
basic_appreq,4104884,14765406999201,912
basic_appreq,3632141,14765410676785,912
basic_appreq,4699207,14765415415450,912
basic_appreq,3889253,14765419349098,912
basic_appreq,3781987,14765423164661,912
basic_appreq,3501163,14765426707508,912
basic_appreq,1872994,14765428649036,912
basic_appreq,3336793,14765432021120,912
basic_appreq,3044234,14765435092991,912
basic_appreq,2529995,14765437652008,912
basic_appreq,2595691,14765440276871,912
basic_appreq,1571590,14765441878103,912
basic_appreq,1935990,14765443843722,912
basic_appreq,1429624,14765445302588,912
basic_appreq,995276,14765446329921,912
#end,11,1009,912
