20260216-143353-4672 09742 * main            (benchmark.cc:402): Starting benchmark.
20260216-143358-1593 09742 * main            (benchmark.cc:621): Creating a default paritioner!
20260216-143358-1595 09742 * Client          (client.cc:75):     Initializing StrongStore client with id [104]
20260216-143358-1595 09742 * BenchmarkClient (bench_client.cc:81): starting benchclient, issueConcurrent: 0; fanout: 1
Session created: 0
last_service: , current_state: 0
Session continued: 0
last_service: , current_state: 0
Session destroyed: 18446744073709551615
last_service: , current_state: 0
20260216-143403-5724 09742 * WarmupDone      (bench_client.cc:726): Completed warmup period of 5 seconds with 1101 requests
20260216-143414-5725 09742 * Finish          (bench_client.cc:920): Completed 2435 requests in 11.000481 seconds
20260216-143414-5726 09742 * Finish          (bench_client.cc:921): 1 outstanding transactions.
Session continued: 0
last_service: , current_state: 0
Session destroyed: 18446744073709551615
last_service: , current_state: 0
Session continued: 0
last_service: , current_state: 0
Session destroyed: 18446744073709551615
last_service: , current_state: 0
Session destroyed: 0
last_service: , current_state: 0
20260216-143417-5726 09742 * FlushStats      (benchmark.cc:890): Flushing stats to /mnt/extra/experiments/2026-03-16-14-33-29/out/client-0-0-104-stats-0.json.
20260216-143417-5728 09742 * FlushStats      (benchmark.cc:902): All done!
20260216-143419-5727 09742 * Cleanup         (bench_client.cc:748): Aborting 0 outstanding transactions.
20260216-143419-5728 09742 * CooldownDone    (bench_client.cc:778): Finished cooldown period.
20260216-143419-5734 09742 * CooldownDone    (bench_client.cc:785): Median latency is 4476336 ns (4476 us)
20260216-143419-5734 09742 * CooldownDone    (bench_client.cc:794): Average latency is 4472875 ns (4472 us)
20260216-143419-5734 09742 * CooldownDone    (bench_client.cc:798): 90th percentile latency is 5089444 ns (5089 us)
20260216-143419-5734 09742 * CooldownDone    (bench_client.cc:802): 95th percentile latency is 5228264 ns (5228 us)
20260216-143419-5735 09742 * CooldownDone    (bench_client.cc:806): 99th percentile latency is 5551001 ns (5551 us)
20260216-143419-5735 09742 * LATENCY total: 1511 us 4472 us/4194 us 89 ms (2436 samples, 10 s total)
20260216-143419-5735 09742 *    1048 us |          3 | 
20260216-143419-5735 09742 *    2097 us |        661 | ==================
20260216-143419-5735 09742 *    4194 us |       1767 | ==================================================
20260216-143419-5735 09742 *    8388 us |          3 | 
20260216-143419-5735 09742 *      16 ms |          0 |
20260216-143419-5735 09742 *      33 ms |          1 | 
20260216-143419-5736 09742 *      67 ms |          1 | 
20260216-143419-6559 09742 * Stop            (tcptransport.cc:581): [TCP SUMMARY] outgoingCreated=1 outgoingClosed=0 incomingCreated=0 incomingClosed=0 outgoingPeak=1 incomingPeak=0
Inserted events:
  0x56106b623f60 [fd  7] Read Persist Internal
  0x56106b63a510 [fd  9] Read Persist
Active events:
20260216-143419-6560 09742 * main            (benchmark.cc:849): Cleaning up after experiment.
20260216-143419-6560 09742 * FlushStats      (benchmark.cc:890): Flushing stats to /mnt/extra/experiments/2026-03-16-14-33-29/out/client-0-0-104-stats-0.json.
20260216-143419-6562 09742 * FlushStats      (benchmark.cc:902): All done!
