basic_appreq,4713865,14754440297908,336
basic_appreq,4634858,14754445038254,336
basic_appreq,4650957,14754449734756,336
basic_appreq,4928898,14754454710097,336
basic_appreq,4907895,14754459658285,336
basic_appreq,3844060,14754463540488,336
basic_appreq,4844630,14754468427695,336
basic_appreq,4680725,14754473147137,336
basic_appreq,4176297,14754477380819,336
basic_appreq,4058605,14754481486916,336
basic_appreq,4366985,14754485897080,336
basic_appreq,4340193,14754490271416,336
basic_appreq,3039736,14754493359269,336
basic_appreq,4135682,14754497542180,336
basic_appreq,3034144,14754500634606,336
basic_appreq,4487945,14754505160866,336
basic_appreq,3305975,14754508514435,336
basic_appreq,4971975,14754513524526,336
basic_appreq,4148382,14754517710261,336
basic_appreq,4767513,14754522518021,336
basic_appreq,3325248,14754525895853,336
basic_appreq,4303372,14754530239660,336
basic_appreq,3444849,14754533723657,336
basic_appreq,4851885,14754538641217,336
basic_appreq,4656719,14754543333725,336
basic_appreq,4098051,14754547463242,336
basic_appreq,3843833,14754551342423,336
basic_appreq,3666752,14754555046579,336
basic_appreq,4525836,14754559630624,336
basic_appreq,4445592,14754564119886,336
basic_appreq,4362236,14754568516796,336
basic_appreq,4166704,14754572720326,336
basic_appreq,8837310,14754581607855,336
basic_appreq,3652442,14754585302627,336
basic_appreq,4559653,14754589901806,336
basic_appreq,4466407,14754594408398,336
basic_appreq,3341656,14754597797706,336
basic_appreq,4273099,14754602107115,336
basic_appreq,4380067,14754606518520,336
basic_appreq,4553280,14754611112005,336
basic_appreq,4773657,14754615922401,336
basic_appreq,3888213,14754619845533,336
basic_appreq,4711362,14754624614243,336
basic_appreq,4241195,14754628890982,336
basic_appreq,4519062,14754633446536,336
basic_appreq,4628242,14754638110439,336
basic_appreq,4963917,14754643109874,336
basic_appreq,4520767,14754647665179,336
basic_appreq,4909357,14754652617000,336
basic_appreq,4702452,14754657376275,336
basic_appreq,3579297,14754661000441,336
basic_appreq,4084714,14754665126409,336
basic_appreq,4231067,14754669402358,336
basic_appreq,5241759,14754674680753,336
basic_appreq,4418889,14754679137221,336
basic_appreq,4248437,14754683422054,336
basic_appreq,4846834,14754688311294,336
basic_appreq,4656654,14754693013849,336
basic_appreq,3416635,14754696471949,336
basic_appreq,4122719,14754700640022,336
basic_appreq,4575047,14754705246728,336
basic_appreq,4041393,14754709331321,336
basic_appreq,5358864,14754714726019,336
basic_appreq,4425013,14754719186605,336
basic_appreq,4836978,14754724059845,336
basic_appreq,6002614,14754730102258,336
basic_appreq,5111686,14754735248305,336
basic_appreq,4400211,14754739684209,336
basic_appreq,4464363,14754744184089,336
basic_appreq,5118213,14754749346597,336
basic_appreq,3527983,14754752939825,336
basic_appreq,4312249,14754757295247,336
basic_appreq,3968870,14754761315655,336
basic_appreq,3781736,14754765135026,336
basic_appreq,4419132,14754769591004,336
basic_appreq,4172094,14754773802788,336
basic_appreq,5169873,14754779011570,336
basic_appreq,5316554,14754784361650,336
basic_appreq,3325765,14754787720919,336
basic_appreq,4237082,14754791997762,336
basic_appreq,4402994,14754796472513,336
basic_appreq,3562655,14754800085382,336
basic_appreq,4450745,14754804575227,336
basic_appreq,4511099,14754809122578,336
basic_appreq,4463319,14754813623104,336
basic_appreq,4734161,14754818394587,336
basic_appreq,4397230,14754822837328,336
basic_appreq,4812645,14754827688550,336
basic_appreq,3997597,14754831731697,336
basic_appreq,3442754,14754835212441,336
basic_appreq,3331317,14754838577929,336
basic_appreq,4368279,14754842979446,336
basic_appreq,4587604,14754847599858,336
basic_appreq,5025046,14754852659013,336
basic_appreq,5184850,14754857881255,336
basic_appreq,4672091,14754862590762,336
basic_appreq,4759400,14754867385645,336
basic_appreq,4196023,14754871617446,336
basic_appreq,5102914,14754876765526,336
basic_appreq,4355176,14754881166235,336
basic_appreq,4608772,14754885816961,336
basic_appreq,3052269,14754888902831,336
basic_appreq,4124627,14754893083187,336
basic_appreq,3976876,14754897124391,336
basic_appreq,4132252,14754901299448,336
basic_appreq,4511388,14754905849607,336
basic_appreq,3928858,14754909817965,336
basic_appreq,4246224,14754914103353,336
basic_appreq,4584364,14754918726912,336
basic_appreq,4431974,14754923193066,336
basic_appreq,3333370,14754926569520,336
basic_appreq,4145861,14754930759331,336
basic_appreq,4462707,14754935259615,336
basic_appreq,3434115,14754938733181,336
basic_appreq,5017489,14754943788476,336
basic_appreq,4897701,14754948721655,336
basic_appreq,5227094,14754954004912,336
basic_appreq,4424930,14754958471548,336
basic_appreq,5079109,14754963585261,336
basic_appreq,5111808,14754968730253,336
basic_appreq,4667664,14754973435370,336
basic_appreq,3902539,14754977375733,336
basic_appreq,3216750,14754980630381,336
basic_appreq,4576842,14754985242345,336
basic_appreq,5004398,14754990280974,336
basic_appreq,3750517,14754994078560,336
basic_appreq,3849194,14754997975408,336
basic_appreq,2972261,14755000990145,336
basic_appreq,4370613,14755005397383,336
basic_appreq,4295755,14755009729113,336
basic_appreq,5200648,14755014984903,336
basic_appreq,5220408,14755020243514,336
basic_appreq,4232721,14755024515013,336
basic_appreq,4424135,14755028985307,336
basic_appreq,4559185,14755033583758,336
basic_appreq,5025343,14755038644133,336
basic_appreq,4891039,14755043583856,336
basic_appreq,4876897,14755048497938,336
basic_appreq,4884918,14755053423075,336
basic_appreq,4447633,14755057906363,336
basic_appreq,4536277,14755062482764,336
basic_appreq,4485497,14755067019906,336
basic_appreq,4287170,14755071347809,336
basic_appreq,4830425,14755076209713,336
basic_appreq,3977723,14755080218940,336
basic_appreq,3650011,14755083913270,336
basic_appreq,4391347,14755088344331,336
basic_appreq,3686742,14755092067976,336
basic_appreq,4549047,14755096652106,336
basic_appreq,5015362,14755101712461,336
basic_appreq,4716017,14755106468144,336
basic_appreq,4352150,14755110873391,336
basic_appreq,4574234,14755115494971,336
basic_appreq,4709072,14755120243888,336
basic_appreq,4391102,14755124674769,336
basic_appreq,3878532,14755128598522,336
basic_appreq,4565708,14755133200009,336
basic_appreq,4728359,14755137966640,336
basic_appreq,4239706,14755142251274,336
basic_appreq,3763554,14755146055584,336
basic_appreq,4422875,14755150518225,336
basic_appreq,3561406,14755154115626,336
basic_appreq,4914777,14755159067693,336
basic_appreq,4499145,14755163605097,336
basic_appreq,4646934,14755168290040,336
basic_appreq,4611046,14755172933561,336
basic_appreq,3590985,14755176571451,336
basic_appreq,4127492,14755180736096,336
basic_appreq,4238322,14755185011021,336
basic_appreq,3866039,14755188922587,336
basic_appreq,4347574,14755193309158,336
basic_appreq,4816327,14755198167832,336
basic_appreq,4869117,14755203073942,336
basic_appreq,4857335,14755207967911,336
basic_appreq,4827721,14755212858725,336
basic_appreq,3462791,14755216368306,336
basic_appreq,4249342,14755220667142,336
basic_appreq,4083010,14755224797972,336
basic_appreq,4599924,14755229445340,336
basic_appreq,3911907,14755233401784,336
basic_appreq,4161866,14755237609270,336
basic_appreq,4437277,14755242079737,336
basic_appreq,4622732,14755246741458,336
basic_appreq,4994048,14755251774756,336
basic_appreq,4513645,14755256321386,336
basic_appreq,4552935,14755260906730,336
basic_appreq,3965349,14755264904264,336
basic_appreq,5085965,14755270026952,336
basic_appreq,3676632,14755273749459,336
basic_appreq,4525434,14755278312232,336
basic_appreq,4567916,14755282917726,336
basic_appreq,3667436,14755286632013,336
basic_appreq,4097268,14755290765722,336
basic_appreq,4581787,14755295386028,336
basic_appreq,4625356,14755300056716,336
basic_appreq,4555859,14755304657827,336
basic_appreq,3680474,14755308377596,336
basic_appreq,4380842,14755312796953,336
basic_appreq,4829720,14755317665817,336
basic_appreq,5177211,14755322877637,336
basic_appreq,4461587,14755327373073,336
basic_appreq,3447292,14755330863982,336
basic_appreq,4261545,14755335164167,336
basic_appreq,3437144,14755338642378,336
basic_appreq,4821199,14755343498980,336
basic_appreq,3644322,14755347193354,336
basic_appreq,5180722,14755352424862,336
basic_appreq,4591782,14755357049430,336
basic_appreq,4776390,14755361859508,336
basic_appreq,5242000,14755367142835,336
basic_appreq,4999034,14755372183347,336
basic_appreq,4770471,14755376996328,336
basic_appreq,3118017,14755380159145,336
basic_appreq,4173131,14755384379657,336
basic_appreq,3659535,14755388105743,336
basic_appreq,4889843,14755393032816,336
basic_appreq,4539822,14755397609674,336
basic_appreq,4895358,14755402551990,336
basic_appreq,4213372,14755406796966,336
basic_appreq,4605433,14755411439079,336
basic_appreq,5206825,14755416689476,336
basic_appreq,4473325,14755421200308,336
basic_appreq,4873391,14755426119017,336
basic_appreq,4223758,14755430382637,336
basic_appreq,4530896,14755434959338,336
basic_appreq,5012578,14755440034107,336
basic_appreq,3978757,14755444046372,336
basic_appreq,5475938,14755449555535,336
basic_appreq,4731358,14755454325198,336
basic_appreq,4461700,14755458830683,336
basic_appreq,4987549,14755463855709,336
basic_appreq,4030116,14755467919016,336
basic_appreq,5234096,14755473186895,336
basic_appreq,4212069,14755477438115,336
basic_appreq,5317137,14755482794340,336
basic_appreq,3269593,14755486107658,336
basic_appreq,4514132,14755490664584,336
basic_appreq,4480170,14755495181574,336
basic_appreq,4325891,14755499546587,336
basic_appreq,5353295,14755504948041,336
basic_appreq,4414130,14755509399470,336
basic_appreq,3845170,14755513282939,336
basic_appreq,4468015,14755517786862,336
basic_appreq,5006703,14755522830773,336
basic_appreq,5208327,14755528072667,336
basic_appreq,4607100,14755532718717,336
basic_appreq,4393263,14755537154631,336
basic_appreq,3341387,14755540543205,336
basic_appreq,4349669,14755544940136,336
basic_appreq,4316676,14755549310918,336
basic_appreq,4325713,14755553682580,336
basic_appreq,3402821,14755557123090,336
basic_appreq,4551292,14755561709272,336
basic_appreq,3996021,14755565750243,336
basic_appreq,4633525,14755570420934,336
basic_appreq,4828674,14755575285247,336
basic_appreq,4262882,14755579583447,336
basic_appreq,4421455,14755584059004,336
basic_appreq,4740327,14755588840222,336
basic_appreq,4791040,14755593674994,336
basic_appreq,4974213,14755598698126,336
basic_appreq,4057739,14755602797086,336
basic_appreq,3419690,14755606256310,336
basic_appreq,4589907,14755610891269,336
basic_appreq,4253443,14755615188785,336
basic_appreq,4046068,14755619280634,336
basic_appreq,4594639,14755623913349,336
basic_appreq,5076431,14755629022261,336
basic_appreq,5276702,14755634333373,336
basic_appreq,4707027,14755639079476,336
basic_appreq,4752837,14755643872835,336
basic_appreq,4867141,14755648776210,336
basic_appreq,4432603,14755653253564,336
basic_appreq,4525459,14755657822483,336
basic_appreq,4784376,14755662641209,336
basic_appreq,3788961,14755666466528,336
basic_appreq,3894060,14755670406114,336
basic_appreq,3552964,14755673996248,336
basic_appreq,4545756,14755678579532,336
basic_appreq,4378994,14755683014429,336
basic_appreq,4794858,14755687844248,336
basic_appreq,4218305,14755692101570,336
basic_appreq,4547090,14755696688422,336
basic_appreq,3138162,14755699877876,336
basic_appreq,3058496,14755702971442,336
basic_appreq,4720352,14755707724776,336
basic_appreq,4085222,14755711847522,336
basic_appreq,4538271,14755716423575,336
basic_appreq,4036355,14755720495419,336
basic_appreq,3652838,14755724188456,336
basic_appreq,5305074,14755729535794,336
basic_appreq,5259956,14755734835641,336
basic_appreq,4729055,14755739598025,336
basic_appreq,4978592,14755744622432,336
basic_appreq,4957627,14755749634273,336
basic_appreq,4155360,14755753831745,336
basic_appreq,5260436,14755759128226,336
basic_appreq,3288882,14755762457155,336
basic_appreq,4647900,14755767142556,336
basic_appreq,4638434,14755771821487,336
basic_appreq,4308406,14755776169466,336
basic_appreq,4553459,14755780770351,336
basic_appreq,4388279,14755785203594,336
basic_appreq,4912821,14755790158637,336
basic_appreq,3078126,14755793272916,336
basic_appreq,5011967,14755798319243,336
basic_appreq,4976639,14755803333573,336
basic_appreq,4812496,14755808183969,336
basic_appreq,4501478,14755812733992,336
basic_appreq,4938260,14755817709454,336
basic_appreq,5006738,14755822762244,336
basic_appreq,5053138,14755827862989,336
basic_appreq,3394055,14755831306669,336
basic_appreq,4249825,14755835591850,336
basic_appreq,4236395,14755839863754,336
basic_appreq,4086033,14755843987508,336
basic_appreq,4873123,14755848919229,336
basic_appreq,4021600,14755852977955,336
basic_appreq,4424194,14755857437187,336
basic_appreq,4108198,14755861589931,336
basic_appreq,5043413,14755866695917,336
basic_appreq,4494767,14755871227761,336
basic_appreq,4843155,14755876108419,336
basic_appreq,4315659,14755880459461,336
basic_appreq,4241845,14755884737706,336
basic_appreq,4372696,14755889153535,336
basic_appreq,4810875,14755894014837,336
basic_appreq,3241288,14755897302953,336
basic_appreq,4074601,14755901420941,336
basic_appreq,4843669,14755906309829,336
basic_appreq,4478460,14755910822791,336
basic_appreq,3348495,14755914214336,336
basic_appreq,5098009,14755919346075,336
basic_appreq,4600517,14755923984621,336
basic_appreq,4508077,14755928553272,336
basic_appreq,4197113,14755932792975,336
basic_appreq,4865606,14755937698856,336
basic_appreq,4103082,14755941842509,336
basic_appreq,3986278,14755945860937,336
basic_appreq,3320887,14755949226767,336
basic_appreq,4278152,14755953549716,336
basic_appreq,4589574,14755958182675,336
basic_appreq,4035810,14755962265458,336
basic_appreq,4460497,14755966773256,336
basic_appreq,4333052,14755971157958,336
basic_appreq,3933840,14755975124831,336
basic_appreq,5599433,14755980761301,336
basic_appreq,5293781,14755986092436,336
basic_appreq,4642611,14755990770124,336
basic_appreq,5022103,14755995825171,336
basic_appreq,3281385,14755999147577,336
basic_appreq,4252293,14756003447835,336
basic_appreq,4337300,14756007823980,336
basic_appreq,4276282,14756012145483,336
basic_appreq,4660335,14756016850829,336
basic_appreq,4444792,14756021341287,336
basic_appreq,3630877,14756025012430,336
basic_appreq,4101416,14756029147086,336
basic_appreq,4681482,14756033885491,336
basic_appreq,4529107,14756038449318,336
basic_appreq,5211401,14756043699287,336
basic_appreq,4607166,14756048346870,336
basic_appreq,3998376,14756052382169,336
basic_appreq,4971346,14756057388465,336
basic_appreq,4031811,14756061467136,336
basic_appreq,3938687,14756065448894,336
basic_appreq,4764842,14756070258076,336
basic_appreq,4407551,14756074705991,336
basic_appreq,4153839,14756078901340,336
basic_appreq,4531517,14756083483073,336
basic_appreq,4323656,14756087845262,336
basic_appreq,4150101,14756092034346,336
basic_appreq,4431290,14756096513922,336
basic_appreq,3534311,14756100084796,336
basic_appreq,4076765,14756104195859,336
basic_appreq,5199497,14756109441181,336
basic_appreq,4989152,14756114487126,336
basic_appreq,4329391,14756118851307,336
basic_appreq,4631718,14756123517436,336
basic_appreq,5112660,14756128665384,336
basic_appreq,5341626,14756134041148,336
basic_appreq,4530568,14756138606384,336
basic_appreq,4954990,14756143597331,336
basic_appreq,3686856,14756147325517,336
basic_appreq,5267338,14756152641933,336
basic_appreq,4120048,14756156801686,336
basic_appreq,3904307,14756160746015,336
basic_appreq,3575085,14756164365174,336
basic_appreq,4510699,14756168912457,336
basic_appreq,4617733,14756173577341,336
basic_appreq,4708654,14756178329681,336
basic_appreq,3494906,14756181872925,336
basic_appreq,5309194,14756187216783,336
basic_appreq,5012729,14756192264857,336
basic_appreq,4307581,14756196619450,336
basic_appreq,4235032,14756200891408,336
basic_appreq,4494646,14756205431381,336
basic_appreq,4117717,14756209590050,336
basic_appreq,4519539,14756214152903,336
basic_appreq,4122085,14756218312528,336
basic_appreq,4519142,14756222881755,336
basic_appreq,4132474,14756227065068,336
basic_appreq,4318835,14756231427563,336
basic_appreq,4560084,14756236031331,336
basic_appreq,4067762,14756240136963,336
basic_appreq,4538578,14756244719968,336
basic_appreq,4187203,14756248941736,336
basic_appreq,4471861,14756253460687,336
basic_appreq,4152220,14756257652744,336
basic_appreq,4749001,14756262445922,336
basic_appreq,4314843,14756266811594,336
basic_appreq,4519832,14756271364495,336
basic_appreq,4227644,14756275626357,336
basic_appreq,4531134,14756280200586,336
basic_appreq,3269604,14756283515957,336
basic_appreq,4114712,14756287670782,336
basic_appreq,4508574,14756292213701,336
basic_appreq,3962432,14756296221511,336
basic_appreq,4582523,14756300839768,336
basic_appreq,4393830,14756305272636,336
basic_appreq,4321268,14756309633714,336
basic_appreq,4033670,14756313702508,336
basic_appreq,5062984,14756318804082,336
basic_appreq,4157767,14756323002531,336
basic_appreq,4907437,14756327956307,336
basic_appreq,4834937,14756332827688,336
basic_appreq,4767962,14756337641462,336
basic_appreq,4927971,14756342621248,336
basic_appreq,5224490,14756347886665,336
basic_appreq,4785387,14756352708717,336
basic_appreq,4501236,14756357271657,336
basic_appreq,4173150,14756361482107,336
basic_appreq,4469609,14756365988572,336
basic_appreq,4137010,14756370158532,336
basic_appreq,4893002,14756375098053,336
basic_appreq,5230502,14756380367072,336
basic_appreq,4408286,14756384816075,336
basic_appreq,4927557,14756389807633,336
basic_appreq,4505285,14756394350806,336
basic_appreq,4102008,14756398509739,336
basic_appreq,3278303,14756401840985,336
basic_appreq,2997731,14756404881123,336
basic_appreq,4571274,14756409490668,336
basic_appreq,4732745,14756414262745,336
basic_appreq,5118595,14756419421853,336
basic_appreq,3350063,14756422810336,336
basic_appreq,3999030,14756426848408,336
basic_appreq,4145159,14756431039881,336
basic_appreq,4491427,14756435566243,336
basic_appreq,4908146,14756440510505,336
basic_appreq,4093845,14756444640445,336
basic_appreq,4284370,14756448982052,336
basic_appreq,5171411,14756454204744,336
basic_appreq,5100086,14756459341952,336
basic_appreq,4470285,14756463849556,336
basic_appreq,5235060,14756469122780,336
basic_appreq,5014851,14756474172455,336
basic_appreq,4034279,14756478245258,336
basic_appreq,4726464,14756483019413,336
basic_appreq,4620069,14756487678078,336
basic_appreq,4631361,14756492368623,336
basic_appreq,4793262,14756497198495,336
basic_appreq,3975259,14756501208380,336
basic_appreq,5382430,14756506638331,336
basic_appreq,4566803,14756511256850,336
basic_appreq,5810785,14756517118150,336
basic_appreq,4399868,14756521552959,336
basic_appreq,4902165,14756526494766,336
basic_appreq,4989613,14756531523932,336
basic_appreq,4471199,14756536049078,336
basic_appreq,4845274,14756540950121,336
basic_appreq,3230280,14756544220055,336
basic_appreq,4313499,14756548576684,336
basic_appreq,4309894,14756552926503,336
basic_appreq,4602501,14756557576501,336
basic_appreq,4465198,14756562088520,336
basic_appreq,3431895,14756565562055,336
basic_appreq,5060499,14756570661011,336
basic_appreq,4482411,14756575180450,336
basic_appreq,5103664,14756580321228,336
basic_appreq,4666873,14756585020627,336
basic_appreq,5020037,14756590075901,336
basic_appreq,5084615,14756595200592,336
basic_appreq,4186923,14756599425746,336
basic_appreq,3812743,14756603285797,336
basic_appreq,3958590,14756607285340,336
basic_appreq,4363751,14756611687817,336
basic_appreq,3708391,14756615429127,336
basic_appreq,4508176,14756619972152,336
basic_appreq,5136318,14756625166617,336
basic_appreq,3811946,14756629015982,336
basic_appreq,3332007,14756632404937,336
basic_appreq,4145275,14756636584377,336
basic_appreq,4338164,14756640956698,336
basic_appreq,3610618,14756644600952,336
basic_appreq,5047461,14756649686324,336
basic_appreq,3929645,14756653653778,336
basic_appreq,4523485,14756658223213,336
basic_appreq,2949571,14756661209773,336
basic_appreq,4714748,14756665964378,336
basic_appreq,5355710,14756671355554,336
basic_appreq,4542120,14756675933823,336
basic_appreq,4855069,14756680845300,336
basic_appreq,5017888,14756685899516,336
basic_appreq,4285111,14756690220267,336
basic_appreq,5042090,14756695305037,336
basic_appreq,4513647,14756699889795,336
basic_appreq,5126850,14756705064126,336
basic_appreq,3247298,14756708348825,336
basic_appreq,3863323,14756712260752,336
basic_appreq,3990885,14756716300171,336
basic_appreq,4557694,14756720894251,336
basic_appreq,4884396,14756725819274,336
basic_appreq,4333574,14756730212417,336
basic_appreq,4842418,14756735113356,336
basic_appreq,4190925,14756739339517,336
basic_appreq,4940566,14756744352663,336
basic_appreq,3186096,14756747606798,336
basic_appreq,4283400,14756751926929,336
basic_appreq,4250281,14756756220755,336
basic_appreq,5535491,14756761796454,336
basic_appreq,4418264,14756766249919,336
basic_appreq,4757334,14756771039928,336
basic_appreq,4708298,14756775787608,336
basic_appreq,4164574,14756779988978,336
basic_appreq,4414185,14756784464586,336
basic_appreq,5048715,14756789558885,336
basic_appreq,4050697,14756793650687,336
basic_appreq,3687755,14756797372709,336
basic_appreq,3905883,14756801334496,336
basic_appreq,4179022,14756805567354,336
basic_appreq,4991063,14756810591071,336
basic_appreq,4196203,14756814820473,336
basic_appreq,4520182,14756819380644,336
basic_appreq,4458108,14756823877264,336
basic_appreq,4207303,14756828119709,336
basic_appreq,4972827,14756833133321,336
basic_appreq,3773738,14756836944485,336
basic_appreq,3927414,14756840919078,336
basic_appreq,3784145,14756844737047,336
basic_appreq,4923824,14756849706671,336
basic_appreq,4581245,14756854327470,336
basic_appreq,4530680,14756858899296,336
basic_appreq,5228487,14756864176764,336
basic_appreq,4209113,14756868422028,336
basic_appreq,3564763,14756872032810,336
basic_appreq,3977150,14756876050165,336
basic_appreq,2726374,14756878826079,336
basic_appreq,5188318,14756884083659,336
basic_appreq,4632130,14756888750930,336
basic_appreq,5081159,14756893868223,336
basic_appreq,5124172,14756899027353,336
basic_appreq,4709638,14756903795536,336
basic_appreq,4136280,14756907969328,336
basic_appreq,4578246,14756912617167,336
basic_appreq,4673964,14756917326102,336
basic_appreq,5343389,14756922705053,336
basic_appreq,4262207,14756927008009,336
basic_appreq,5026453,14756932083226,336
basic_appreq,5395236,14756937556464,336
basic_appreq,3328572,14756940917797,336
basic_appreq,4983020,14756945962054,336
basic_appreq,5032362,14756951031703,336
basic_appreq,5486461,14756956558230,336
basic_appreq,5127208,14756961718533,336
basic_appreq,4626480,14756966379271,336
basic_appreq,4890426,14756971316500,336
basic_appreq,3288972,14756974647170,336
basic_appreq,4404975,14756979088846,336
basic_appreq,4560519,14756983690956,336
basic_appreq,3649403,14756987386802,336
basic_appreq,4226066,14756991649017,336
basic_appreq,5091777,14756996779813,336
basic_appreq,4670484,14757001484544,336
basic_appreq,4322331,14757005841136,336
basic_appreq,4361891,14757010248161,336
basic_appreq,3118409,14757013404760,336
basic_appreq,3922392,14757017373210,336
basic_appreq,3744062,14757021163373,336
basic_appreq,5244058,14757026444233,336
basic_appreq,4840525,14757031320781,336
basic_appreq,4603849,14757035967855,336
basic_appreq,4530262,14757040557572,336
basic_appreq,5221981,14757045814959,336
basic_appreq,3190480,14757049065428,336
basic_appreq,4404993,14757053511256,336
basic_appreq,4126044,14757057677267,336
basic_appreq,4414653,14757062131837,336
basic_appreq,3649212,14757065825616,336
basic_appreq,5085448,14757070963722,336
basic_appreq,4166503,14757075167718,336
basic_appreq,5533309,14757080744125,336
basic_appreq,5253108,14757086046202,336
basic_appreq,4793908,14757090874312,336
basic_appreq,5235373,14757096143958,336
basic_appreq,4953832,14757101133800,336
basic_appreq,4550768,14757105720040,336
basic_appreq,4390695,14757110147159,336
basic_appreq,4015662,14757114200825,336
basic_appreq,4310529,14757118546434,336
basic_appreq,5400888,14757123995982,336
basic_appreq,4736481,14757128794146,336
basic_appreq,4055233,14757132888855,336
basic_appreq,4404665,14757137332605,336
basic_appreq,4261812,14757141627604,336
basic_appreq,4337995,14757146006905,336
basic_appreq,3869504,14757149918018,336
basic_appreq,4556673,14757154509646,336
basic_appreq,37832699,14757192378660,336
basic_appreq,4724235,14757197142767,336
basic_appreq,4312689,14757201496339,336
basic_appreq,4910702,14757206457995,336
basic_appreq,4593594,14757211104784,336
basic_appreq,3526999,14757214671323,336
basic_appreq,4720592,14757219433606,336
basic_appreq,4296300,14757223776573,336
basic_appreq,4640038,14757228448969,336
basic_appreq,4627043,14757233123346,336
basic_appreq,3988549,14757237162441,336
basic_appreq,3978557,14757241188250,336
basic_appreq,4384318,14757245606524,336
basic_appreq,4216302,14757249860809,336
basic_appreq,5218955,14757255130742,336
basic_appreq,4440347,14757259610967,336
basic_appreq,3852977,14757263499244,336
basic_appreq,5765928,14757269315573,336
basic_appreq,3181671,14757272537759,336
basic_appreq,4497024,14757277081435,336
basic_appreq,4123918,14757281243713,336
basic_appreq,3843922,14757285133812,336
basic_appreq,4777481,14757289944821,336
basic_appreq,4489373,14757294467141,336
basic_appreq,4915002,14757299419573,336
basic_appreq,4478684,14757303966897,336
basic_appreq,4477655,14757308500097,336
basic_appreq,5270500,14757313818370,336
basic_appreq,4213378,14757318068529,336
basic_appreq,3017842,14757321131483,336
basic_appreq,3939210,14757325110281,336
basic_appreq,4156373,14757329310689,336
basic_appreq,4856916,14757334205250,336
basic_appreq,5032114,14757339272372,336
basic_appreq,5381159,14757344717903,336
basic_appreq,4628024,14757349380709,336
basic_appreq,4531070,14757353955241,336
basic_appreq,4406278,14757358403895,336
basic_appreq,4124436,14757362566055,336
basic_appreq,4589964,14757367202811,336
basic_appreq,4165608,14757371410955,336
basic_appreq,4425589,14757375883757,336
basic_appreq,3720444,14757379644827,336
basic_appreq,4553737,14757384252019,336
basic_appreq,3519879,14757387803523,336
basic_appreq,4083582,14757391933482,336
basic_appreq,4436183,14757396404582,336
basic_appreq,5083863,14757401525210,336
basic_appreq,4672252,14757406236386,336
basic_appreq,4339549,14757410613485,336
basic_appreq,5016885,14757415674168,336
basic_appreq,4434623,14757420149883,336
basic_appreq,4879398,14757425067573,336
basic_appreq,4143676,14757429247841,336
basic_appreq,4487409,14757433782487,336
basic_appreq,3384324,14757437212975,336
basic_appreq,4778310,14757442028523,336
basic_appreq,4826303,14757446894074,336
basic_appreq,4527684,14757451453678,336
basic_appreq,4167594,14757455652945,336
basic_appreq,4735181,14757460425774,336
basic_appreq,4558083,14757465021092,336
basic_appreq,4117233,14757469189108,336
basic_appreq,3795704,14757473025190,336
basic_appreq,4440766,14757477502927,336
basic_appreq,4547317,14757482091279,336
basic_appreq,4037438,14757486174817,336
basic_appreq,4122687,14757490336476,336
basic_appreq,4950026,14757495318783,336
basic_appreq,4490067,14757499840378,336
basic_appreq,4541016,14757504418471,336
basic_appreq,5040994,14757509496512,336
basic_appreq,4530734,14757514083364,336
basic_appreq,5103805,14757519225789,336
basic_appreq,5341434,14757524605238,336
basic_appreq,4503650,14757529180434,336
basic_appreq,5025234,14757534247570,336
basic_appreq,4076978,14757538359707,336
basic_appreq,4092941,14757542498549,336
basic_appreq,3652402,14757546193642,336
basic_appreq,4250814,14757550494382,336
basic_appreq,3635532,14757554182297,336
basic_appreq,4634475,14757558855863,336
basic_appreq,4541620,14757563436146,336
basic_appreq,4877313,14757568363175,336
basic_appreq,4961215,14757573359541,336
basic_appreq,4343791,14757577750128,336
basic_appreq,5173895,14757582969063,336
basic_appreq,5121360,14757588156862,336
basic_appreq,4791445,14757593008250,336
basic_appreq,4984521,14757598025995,336
basic_appreq,3293978,14757601361566,336
basic_appreq,4239423,14757605664327,336
basic_appreq,4580694,14757610284532,336
basic_appreq,3315083,14757613665636,336
basic_appreq,4053193,14757617756057,336
basic_appreq,4743065,14757622537014,336
basic_appreq,3342669,14757625929916,336
basic_appreq,4478568,14757630452288,336
basic_appreq,3984468,14757634484332,336
basic_appreq,4194426,14757638725424,336
basic_appreq,4290028,14757643047571,336
basic_appreq,4953420,14757648034671,336
basic_appreq,4935341,14757653004931,336
basic_appreq,4737515,14757657777439,336
basic_appreq,4766946,14757662603152,336
basic_appreq,4972142,14757667638286,336
basic_appreq,4960202,14757672635891,336
basic_appreq,4273931,14757676944022,336
basic_appreq,4524081,14757681538572,336
basic_appreq,5152202,14757686725817,336
basic_appreq,4504410,14757691271019,336
basic_appreq,3262791,14757694600458,336
basic_appreq,4954630,14757699604713,336
basic_appreq,4594354,14757704235022,336
basic_appreq,4424092,14757708696255,336
basic_appreq,3908573,14757712644824,336
basic_appreq,4628513,14757717309935,336
basic_appreq,4279556,14757721628219,336
basic_appreq,4568814,14757726234468,336
basic_appreq,4570181,14757730844270,336
basic_appreq,4919856,14757735803419,336
basic_appreq,3945124,14757739793912,336
basic_appreq,5724821,14757745564702,336
basic_appreq,4942941,14757750546014,336
basic_appreq,4295000,14757754881712,336
basic_appreq,5073326,14757759988773,336
basic_appreq,4999772,14757765064789,336
basic_appreq,4487605,14757769601370,336
basic_appreq,3309911,14757772965552,336
basic_appreq,4462485,14757777468365,336
basic_appreq,4709808,14757782218718,336
basic_appreq,4557499,14757786824692,336
basic_appreq,4370862,14757791227835,336
basic_appreq,4594368,14757795867991,336
basic_appreq,4507265,14757800411893,336
basic_appreq,4043924,14757804497999,336
basic_appreq,5111142,14757809651994,336
basic_appreq,4227286,14757813918492,336
basic_appreq,3568220,14757817533543,336
basic_appreq,4025655,14757821593633,336
basic_appreq,5069485,14757826723191,336
basic_appreq,4683125,14757831445057,336
basic_appreq,4622497,14757836106399,336
basic_appreq,4128985,14757840267737,336
basic_appreq,4860381,14757845160150,336
basic_appreq,3342232,14757848545409,336
basic_appreq,4407257,14757852996822,336
basic_appreq,2843165,14757855885171,336
basic_appreq,5332759,14757861251533,336
basic_appreq,4922677,14757866208274,336
basic_appreq,4437531,14757870683394,336
basic_appreq,5097392,14757875817317,336
basic_appreq,4836820,14757880691437,336
basic_appreq,4067656,14757884800091,336
basic_appreq,3893560,14757888740277,336
basic_appreq,3923091,14757892714952,336
basic_appreq,4361228,14757897111614,336
basic_appreq,3465969,14757900625083,336
basic_appreq,4272402,14757904932983,336
basic_appreq,4513298,14757909483517,336
basic_appreq,5035010,14757914560050,336
basic_appreq,4360260,14757918960339,336
basic_appreq,4075676,14757923073631,336
basic_appreq,3844886,14757926957047,336
basic_appreq,5150402,14757932155976,336
basic_appreq,3085157,14757935284177,336
basic_appreq,4021870,14757939348630,336
basic_appreq,4749703,14757944145360,336
basic_appreq,4549710,14757948736353,336
basic_appreq,5072330,14757953854509,336
basic_appreq,4929488,14757958820380,336
basic_appreq,5021644,14757963872986,336
basic_appreq,5170876,14757969081939,336
basic_appreq,3389841,14757972516968,336
basic_appreq,4246601,14757976802501,336
basic_appreq,3497348,14757980338886,336
basic_appreq,4563685,14757984939993,336
basic_appreq,4867965,14757989844630,336
basic_appreq,5103495,14757994979589,336
basic_appreq,3536374,14757998564619,336
basic_appreq,4148749,14758002754359,336
basic_appreq,4530500,14758007327233,336
basic_appreq,4368671,14758011734786,336
basic_appreq,3432701,14758015212583,336
basic_appreq,5324563,14758020573607,336
basic_appreq,4762912,14758025375372,336
basic_appreq,4601245,14758030017084,336
basic_appreq,5106559,14758035157754,336
basic_appreq,4889700,14758040081997,336
basic_appreq,3987605,14758044117165,336
basic_appreq,5003465,14758049162549,336
basic_appreq,3293346,14758052500348,336
basic_appreq,4649685,14758057195994,336
basic_appreq,4255837,14758061491656,336
basic_appreq,3250568,14758064779894,336
basic_appreq,5061638,14758069880023,336
basic_appreq,4842645,14758074781508,336
basic_appreq,4246360,14758079062378,336
basic_appreq,5187935,14758084288652,336
basic_appreq,3215463,14758087570729,336
basic_appreq,4260380,14758091876364,336
basic_appreq,4214304,14758096131157,336
basic_appreq,3686405,14758099854165,336
basic_appreq,4531333,14758104416017,336
basic_appreq,4583705,14758109033498,336
basic_appreq,4814321,14758113885088,336
basic_appreq,4616454,14758118547331,336
basic_appreq,4190384,14758122773129,336
basic_appreq,4514398,14758127335736,336
basic_appreq,4222083,14758131598933,336
basic_appreq,4411853,14758136057231,336
basic_appreq,4471096,14758140586557,336
basic_appreq,4832896,14758145459623,336
basic_appreq,4623782,14758150115214,336
basic_appreq,2952498,14758153157210,336
basic_appreq,3229065,14758156429214,336
basic_appreq,4398580,14758160864494,336
basic_appreq,4867937,14758165763309,336
basic_appreq,4841724,14758170640734,336
basic_appreq,5233252,14758175929287,336
basic_appreq,4569010,14758180534671,336
basic_appreq,4639899,14758185209155,336
basic_appreq,4863749,14758190111945,336
basic_appreq,4900304,14758195051560,336
basic_appreq,4458227,14758199570072,336
basic_appreq,4472266,14758204077585,336
basic_appreq,5188415,14758209313546,336
basic_appreq,4434834,14758213786129,336
basic_appreq,4394416,14758218220977,336
basic_appreq,4515891,14758222769227,336
basic_appreq,3645714,14758226461254,336
basic_appreq,4143175,14758230642297,336
basic_appreq,4019631,14758234702007,336
basic_appreq,4119172,14758238867915,336
basic_appreq,4866458,14758243770447,336
basic_appreq,4645717,14758248456868,336
basic_appreq,4819094,14758253313989,336
basic_appreq,4740148,14758258093930,336
basic_appreq,4675111,14758262803067,336
basic_appreq,3864744,14758266714079,336
basic_appreq,3775590,14758270534168,336
basic_appreq,4586263,14758275158918,336
basic_appreq,4415592,14758279616541,336
basic_appreq,3530304,14758283194798,336
basic_appreq,4417944,14758287652782,336
basic_appreq,4861309,14758292554365,336
basic_appreq,4452991,14758297041236,336
basic_appreq,4254520,14758301329023,336
basic_appreq,5238136,14758306614788,336
basic_appreq,4908779,14758311561823,336
basic_appreq,3400130,14758315005042,336
basic_appreq,4602357,14758319651328,336
basic_appreq,4039887,14758323751985,336
basic_appreq,4734889,14758328520482,336
basic_appreq,4173626,14758332728325,336
basic_appreq,4858649,14758337634252,336
basic_appreq,3275023,14758340954269,336
basic_appreq,4710413,14758345724667,336
basic_appreq,4806280,14758350570754,336
basic_appreq,4245003,14758354856455,336
basic_appreq,5186677,14758360081968,336
basic_appreq,4065727,14758364222148,336
basic_appreq,5312073,14758369571465,336
basic_appreq,3324721,14758372934312,336
basic_appreq,4186347,14758377159125,336
basic_appreq,3952103,14758381151981,336
basic_appreq,4097439,14758385295756,336
basic_appreq,5033030,14758390365493,336
basic_appreq,4950559,14758395352723,336
basic_appreq,4363788,14758399752327,336
basic_appreq,4542984,14758404332000,336
basic_appreq,4897976,14758409262625,336
basic_appreq,4644002,14758413963790,336
basic_appreq,4488366,14758418505586,336
basic_appreq,5259420,14758423803725,336
basic_appreq,3343789,14758427182774,336
basic_appreq,3975626,14758431199334,336
basic_appreq,4223492,14758435462089,336
basic_appreq,4111433,14758439619293,336
basic_appreq,5328247,14758444997197,336
basic_appreq,5107738,14758450160254,336
basic_appreq,4198922,14758454400923,336
basic_appreq,3310084,14758457755746,336
basic_appreq,4456443,14758462257783,336
basic_appreq,3480061,14758465783729,336
basic_appreq,4238133,14758470058353,336
basic_appreq,4971728,14758475067251,336
basic_appreq,5104926,14758480209267,336
basic_appreq,4391443,14758484637711,336
basic_appreq,4833479,14758489507330,336
basic_appreq,4727208,14758494269001,336
basic_appreq,4366043,14758498669004,336
basic_appreq,5124646,14758503828995,336
basic_appreq,3222747,14758507090703,336
basic_appreq,4203036,14758511339954,336
basic_appreq,4245222,14758515622418,336
basic_appreq,3648319,14758519319309,336
basic_appreq,4802799,14758524155397,336
basic_appreq,3808646,14758527998056,336
basic_appreq,5142483,14758533206716,336
basic_appreq,4845643,14758538092139,336
basic_appreq,4222694,14758542352646,336
basic_appreq,4560550,14758546951231,336
basic_appreq,4064586,14758551059195,336
basic_appreq,4787449,14758555905280,336
basic_appreq,4164300,14758560103283,336
basic_appreq,5077910,14758565221421,336
basic_appreq,3126475,14758568387922,336
basic_appreq,4286997,14758572720857,336
basic_appreq,3468581,14758576235794,336
basic_appreq,5099414,14758581406914,336
basic_appreq,4886666,14758586331552,336
basic_appreq,4510199,14758590879485,336
basic_appreq,5543697,14758596475955,336
basic_appreq,5163379,14758601671852,336
basic_appreq,3265710,14758604979608,336
basic_appreq,4325347,14758609353001,336
basic_appreq,4328032,14758613727640,336
basic_appreq,4819637,14758618587234,336
basic_appreq,3723927,14758622345189,336
basic_appreq,4055369,14758626459123,336
basic_appreq,4883970,14758631380664,336
basic_appreq,3655784,14758635074238,336
basic_appreq,4578779,14758639690286,336
basic_appreq,4881961,14758644612030,336
basic_appreq,4577393,14758649226136,336
basic_appreq,4750486,14758654009316,336
basic_appreq,3982731,14758658025856,336
basic_appreq,4001746,14758662071574,336
basic_appreq,4554485,14758666672960,336
basic_appreq,3306061,14758670016965,336
basic_appreq,4318462,14758674374272,336
basic_appreq,4571202,14758678985177,336
basic_appreq,4415713,14758683436547,336
basic_appreq,4841803,14758688314756,336
basic_appreq,4491327,14758692844268,336
basic_appreq,4729488,14758697620823,336
basic_appreq,3240001,14758700906765,336
basic_appreq,4351570,14758705309005,336
basic_appreq,4251562,14758709608843,336
basic_appreq,5015212,14758714672492,336
basic_appreq,3203735,14758717946320,336
basic_appreq,4474967,14758722458080,336
basic_appreq,4529853,14758727026464,336
basic_appreq,4837333,14758731895946,336
basic_appreq,4513976,14758736442403,336
basic_appreq,4232952,14758740712064,336
basic_appreq,5329927,14758746085934,336
basic_appreq,5268782,14758751390614,336
basic_appreq,4740207,14758756185381,336
basic_appreq,4672219,14758760893457,336
basic_appreq,3908021,14758764871613,336
basic_appreq,5207136,14758770118119,336
basic_appreq,4301502,14758774460675,336
basic_appreq,3354722,14758777860222,336
basic_appreq,4317511,14758782225683,336
basic_appreq,4449079,14758786719453,336
basic_appreq,4160000,14758790924984,336
basic_appreq,4365097,14758795323137,336
basic_appreq,4757334,14758800113848,336
basic_appreq,4410779,14758804564749,336
basic_appreq,4008324,14758808612559,336
basic_appreq,4351760,14758812999121,336
basic_appreq,4491008,14758817529755,336
basic_appreq,3373350,14758820949997,336
basic_appreq,4704918,14758825693221,336
basic_appreq,4327160,14758830057752,336
basic_appreq,4558072,14758834658280,336
basic_appreq,4312479,14758839001884,336
basic_appreq,4307067,14758843342151,336
basic_appreq,4339509,14758847719562,336
basic_appreq,4174380,14758851932475,336
basic_appreq,4536668,14758856514586,336
basic_appreq,4029484,14758860578262,336
basic_appreq,4536466,14758865165320,336
basic_appreq,4462210,14758869661543,336
basic_appreq,4090056,14758873785365,336
basic_appreq,4557399,14758878385310,336
basic_appreq,4005280,14758882426982,336
basic_appreq,4629492,14758887111111,336
basic_appreq,4218543,14758891362471,336
basic_appreq,4461423,14758895859881,336
basic_appreq,4527956,14758900423961,336
basic_appreq,3909209,14758904369806,336
basic_appreq,4595130,14758909017426,336
basic_appreq,4036104,14758913086780,336
basic_appreq,4867213,14758917992665,336
basic_appreq,3799658,14758921828500,336
basic_appreq,4692798,14758926574695,336
basic_appreq,4579195,14758931191614,336
basic_appreq,4292598,14758935517274,336
basic_appreq,4026875,14758939577126,336
basic_appreq,4743421,14758944365357,336
basic_appreq,4251748,14758948654513,336
basic_appreq,4200775,14758952894135,336
basic_appreq,4382888,14758957308110,336
basic_appreq,4224085,14758961563189,336
basic_appreq,4511360,14758966116282,336
basic_appreq,4406388,14758970557136,336
basic_appreq,4395479,14758974990979,336
basic_appreq,4310457,14758979337821,336
basic_appreq,4069541,14758983445508,336
basic_appreq,4708208,14758988208716,336
basic_appreq,4289815,14758992532651,336
basic_appreq,4300690,14758996870653,336
basic_appreq,4829629,14759001748656,336
basic_appreq,4078236,14759005869512,336
basic_appreq,4594233,14759010533965,336
basic_appreq,4193107,14759014769230,336
basic_appreq,5405021,14759020215984,336
basic_appreq,5112146,14759025399469,336
basic_appreq,4906934,14759030343115,336
basic_appreq,4086636,14759034470130,336
basic_appreq,4612826,14759039140291,336
basic_appreq,4449853,14759043637599,336
basic_appreq,4269029,14759047955506,336
basic_appreq,5007916,14759053045668,336
basic_appreq,3209171,14759056317782,336
basic_appreq,4267970,14759060629641,336
basic_appreq,3681213,14759064368565,336
basic_appreq,3921664,14759068327577,336
basic_appreq,4332323,14759072698150,336
basic_appreq,4697646,14759077444804,336
basic_appreq,3377155,14759080853379,336
basic_appreq,4018978,14759084919158,336
basic_appreq,4534998,14759089490669,336
basic_appreq,4761137,14759094296932,336
basic_appreq,3856633,14759098194879,336
basic_appreq,3904480,14759102146009,336
basic_appreq,4293812,14759106477042,336
basic_appreq,4817412,14759111334096,336
basic_appreq,4720470,14759116090139,336
basic_appreq,3574806,14759119711128,336
basic_appreq,4233341,14759123981476,336
basic_appreq,3836518,14759127894338,336
basic_appreq,4590483,14759132521039,336
basic_appreq,4456888,14759137013925,336
basic_appreq,5009031,14759142059713,336
basic_appreq,5414825,14759147511150,336
basic_appreq,4477514,14759152027283,336
basic_appreq,4758879,14759156829359,336
basic_appreq,5114897,14759161979870,336
basic_appreq,3792591,14759165804122,336
basic_appreq,5288238,14759171154329,336
basic_appreq,4600962,14759175792371,336
basic_appreq,5062040,14759180898785,336
basic_appreq,5104441,14759186038903,336
basic_appreq,4180793,14759190254486,336
basic_appreq,4315189,14759194621591,336
basic_appreq,5045057,14759199723620,336
basic_appreq,4441926,14759204206915,336
basic_appreq,3283765,14759207538979,336
basic_appreq,4503377,14759212085645,336
basic_appreq,4398737,14759216544771,336
basic_appreq,3640722,14759220230510,336
basic_appreq,4286980,14759224551824,336
basic_appreq,4791439,14759229396786,336
basic_appreq,4855099,14759234289517,336
basic_appreq,4080177,14759238426495,336
basic_appreq,4023156,14759242496390,336
basic_appreq,5082966,14759247618167,336
basic_appreq,4649366,14759252298907,336
basic_appreq,4363435,14759256694674,336
basic_appreq,5015802,14759261746410,336
basic_appreq,4415595,14759266197791,336
basic_appreq,4934724,14759271174523,336
basic_appreq,3245242,14759274460903,336
basic_appreq,4511390,14759279019688,336
basic_appreq,4424456,14759283489106,336
basic_appreq,4773393,14759288304726,336
basic_appreq,3636888,14759291992293,336
basic_appreq,4413834,14759296454440,336
basic_appreq,4539604,14759301026171,336
basic_appreq,4933375,14759305997145,336
basic_appreq,5064472,14759311099909,336
basic_appreq,4718915,14759315858067,336
basic_appreq,4740231,14759320643501,336
basic_appreq,3573940,14759324264397,336
basic_appreq,4288641,14759328594943,336
basic_appreq,4165899,14759332816278,336
basic_appreq,3854887,14759336716594,336
basic_appreq,5215578,14759341968231,336
basic_appreq,4551223,14759346553930,336
basic_appreq,5166060,14759351757715,336
basic_appreq,4923110,14759356718756,336
basic_appreq,4769432,14759361526845,336
basic_appreq,4644401,14759366209526,336
basic_appreq,4743662,14759371019332,336
basic_appreq,5431120,14759376490422,336
basic_appreq,5021341,14759381549172,336
basic_appreq,5358035,14759386954191,336
basic_appreq,3155406,14759390171059,336
basic_appreq,4570310,14759394778796,336
basic_appreq,4779180,14759399595423,336
basic_appreq,4274292,14759403931452,336
basic_appreq,4258832,14759408235023,336
basic_appreq,3973674,14759412255134,336
basic_appreq,4661697,14759416954012,336
basic_appreq,4862561,14759421853648,336
basic_appreq,4846825,14759426737082,336
basic_appreq,4502175,14759431276324,336
basic_appreq,4658438,14759435972749,336
basic_appreq,4592173,14759440627638,336
basic_appreq,4934563,14759445602028,336
basic_appreq,4129049,14759449783691,336
basic_appreq,4498610,14759454342007,336
basic_appreq,4730159,14759459141661,336
basic_appreq,5173020,14759464351240,336
basic_appreq,4915768,14759469305176,336
basic_appreq,4310742,14759473651186,336
basic_appreq,4711056,14759478397938,336
basic_appreq,4774230,14759483206554,336
basic_appreq,4542750,14759487795009,336
basic_appreq,3884827,14759491718829,336
basic_appreq,3656950,14759495415975,336
basic_appreq,4321102,14759499780474,336
basic_appreq,3719209,14759503546109,336
basic_appreq,4533928,14759508117810,336
basic_appreq,4455838,14759512619912,336
basic_appreq,4856241,14759517507417,336
basic_appreq,4899566,14759522440186,336
basic_appreq,4866598,14759527351874,336
basic_appreq,4083773,14759531475059,336
basic_appreq,5058451,14759536583730,336
basic_appreq,3281050,14759539899882,336
basic_appreq,4613097,14759544549588,336
basic_appreq,4006424,14759548600580,336
basic_appreq,4484539,14759553128550,336
basic_appreq,3388174,14759556573882,336
basic_appreq,4925595,14759561534730,336
basic_appreq,4454770,14759566026808,336
basic_appreq,4429398,14759570493361,336
basic_appreq,5200435,14759575731139,336
basic_appreq,4532658,14759580298549,336
basic_appreq,3080613,14759583427245,336
basic_appreq,4566723,14759588036699,336
basic_appreq,4409016,14759592491916,336
basic_appreq,4099625,14759596644174,336
basic_appreq,4269411,14759600950206,336
basic_appreq,4871744,14759605858111,336
basic_appreq,4445229,14759610340920,336
basic_appreq,4435733,14759614814268,336
basic_appreq,4136009,14759618993508,336
basic_appreq,3110811,14759622151333,336
basic_appreq,4692780,14759626881994,336
basic_appreq,4789884,14759631706074,336
basic_appreq,4462031,14759636208753,336
basic_appreq,3656502,14759639912426,336
basic_appreq,4285302,14759644232320,336
basic_appreq,4144680,14759648415241,336
basic_appreq,3664179,14759652111104,336
basic_appreq,4316948,14759656459888,336
basic_appreq,4579185,14759661070783,336
basic_appreq,4354405,14759665465268,336
basic_appreq,4102356,14759669603368,336
basic_appreq,4682050,14759674329176,336
basic_appreq,5148602,14759679522030,336
basic_appreq,4515591,14759684077595,336
basic_appreq,4988768,14759689105610,336
basic_appreq,5137810,14759694293024,336
basic_appreq,4810698,14759699162104,336
basic_appreq,4872773,14759704069346,336
basic_appreq,4608371,14759708716766,336
basic_appreq,3410166,14759712174219,336
basic_appreq,3981978,14759716194980,336
basic_appreq,4643326,14759720885200,336
basic_appreq,4849543,14759725781376,336
basic_appreq,4075892,14759729897875,336
basic_appreq,4287598,14759734230012,336
basic_appreq,4732015,14759738996582,336
basic_appreq,4652005,14759743682947,336
basic_appreq,4358325,14759748077339,336
basic_appreq,4609289,14759752734207,336
basic_appreq,5163200,14759757945925,336
basic_appreq,4720717,14759762732694,336
basic_appreq,4693956,14759767465302,336
basic_appreq,4842078,14759772344525,336
basic_appreq,5029746,14759777412944,336
basic_appreq,3389781,14759780845148,336
basic_appreq,4315689,14759785205787,336
basic_appreq,3925272,14759789170562,336
basic_appreq,4126561,14759793333830,336
basic_appreq,5597741,14759798974230,336
basic_appreq,3920852,14759802929747,336
basic_appreq,4932608,14759807910342,336
basic_appreq,5003275,14759812945590,336
basic_appreq,4625395,14759817607571,336
basic_appreq,4733256,14759822381568,336
basic_appreq,4524803,14759826954988,336
basic_appreq,3421865,14759830418424,336
basic_appreq,4412233,14759834882553,336
basic_appreq,3912430,14759838850618,336
basic_appreq,4747149,14759843632283,336
basic_appreq,4642546,14759848310694,336
basic_appreq,4273757,14759852627404,336
basic_appreq,4026518,14759856696866,336
basic_appreq,4503488,14759861242922,336
basic_appreq,4440373,14759865719228,336
basic_appreq,4647782,14759870403829,336
basic_appreq,4347260,14759874785977,336
basic_appreq,4987785,14759879807588,336
basic_appreq,4555613,14759884400124,336
basic_appreq,4668354,14759889106042,336
basic_appreq,4506657,14759893657893,336
basic_appreq,3876863,14759897582177,336
basic_appreq,3536032,14759901164609,336
basic_appreq,4717238,14759905920183,336
basic_appreq,3739454,14759909701486,336
basic_appreq,4626686,14759914365697,336
basic_appreq,4558140,14759918960641,336
basic_appreq,4517161,14759923514442,336
basic_appreq,4370598,14759927922442,336
basic_appreq,4898355,14759932867850,336
basic_appreq,4641250,14759937546352,336
basic_appreq,4094902,14759941678525,336
basic_appreq,4953260,14759946670631,336
basic_appreq,3441027,14759950151887,336
basic_appreq,4302334,14759954486976,336
basic_appreq,4801627,14759959321426,336
basic_appreq,4183227,14759963542896,336
basic_appreq,4134901,14759967733427,336
basic_appreq,5478809,14759973250093,336
basic_appreq,4291962,14759977581337,336
basic_appreq,4507302,14759982125829,336
basic_appreq,4623747,14759986793630,336
basic_appreq,3902341,14759990741113,336
basic_appreq,3524839,14759994310734,336
basic_appreq,4422521,14759998771544,336
basic_appreq,3822306,14760002636047,336
basic_appreq,4657232,14760007331859,336
basic_appreq,4471842,14760011843347,336
basic_appreq,5142817,14760017044609,336
basic_appreq,4293939,14760021370834,336
basic_appreq,4384848,14760025788896,336
basic_appreq,4879557,14760030706475,336
basic_appreq,3452843,14760034205140,336
basic_appreq,4048500,14760038310111,336
basic_appreq,4360266,14760042707833,336
basic_appreq,4554214,14760047300481,336
basic_appreq,3900335,14760051245384,336
basic_appreq,5389473,14760056704127,336
basic_appreq,4428135,14760061168957,336
basic_appreq,4237061,14760065442571,336
basic_appreq,4158594,14760069637727,336
basic_appreq,3813493,14760073488507,336
basic_appreq,4002730,14760077523660,336
basic_appreq,4511879,14760082112560,336
basic_appreq,4371504,14760086522331,336
basic_appreq,4970588,14760091556580,336
basic_appreq,4625052,14760096218349,336
basic_appreq,4069939,14760100324302,336
basic_appreq,4988444,14760105365376,336
basic_appreq,4985645,14760110387885,336
basic_appreq,3657606,14760114087915,336
basic_appreq,4426595,14760118555189,336
basic_appreq,3683909,14760122276244,336
basic_appreq,4488113,14760126803536,336
basic_appreq,4128162,14760130977170,336
basic_appreq,3517282,14760134529752,336
basic_appreq,4824694,14760139397790,336
basic_appreq,4438063,14760143873393,336
basic_appreq,4082120,14760147997430,336
basic_appreq,4696404,14760152765096,336
basic_appreq,4021177,14760156828941,336
basic_appreq,4634204,14760161509343,336
basic_appreq,4199128,14760165749151,336
basic_appreq,4538451,14760170327649,336
basic_appreq,4128275,14760174496342,336
basic_appreq,5012454,14760179553824,336
basic_appreq,4390339,14760183983893,336
basic_appreq,3364498,14760187415625,336
basic_appreq,4423430,14760191881519,336
basic_appreq,3938312,14760195861491,336
basic_appreq,4150644,14760200045410,336
basic_appreq,4487903,14760204571933,336
basic_appreq,4321281,14760208933037,336
basic_appreq,4870615,14760213840342,336
basic_appreq,3995833,14760217871051,336
basic_appreq,5392907,14760223305684,336
basic_appreq,4606850,14760227949145,336
basic_appreq,3508191,14760231501678,336
basic_appreq,4673215,14760236209425,336
basic_appreq,4205769,14760240465693,336
basic_appreq,5086935,14760245596063,336
basic_appreq,4144385,14760249808915,336
basic_appreq,3767979,14760253617788,336
basic_appreq,4190598,14760257842657,336
basic_appreq,4659561,14760262536969,336
basic_appreq,4098403,14760266670110,336
basic_appreq,3734829,14760270439297,336
basic_appreq,4530959,14760275003474,336
basic_appreq,4578565,14760279620186,336
basic_appreq,4167439,14760283830534,336
basic_appreq,4497093,14760288363160,336
basic_appreq,3340499,14760291743947,336
basic_appreq,4603342,14760296384959,336
basic_appreq,4276260,14760300706340,336
basic_appreq,4385007,14760305134393,336
basic_appreq,4342199,14760309516915,336
basic_appreq,4335803,14760313887282,336
basic_appreq,4272877,14760318205695,336
basic_appreq,4357841,14760322607208,336
basic_appreq,4443544,14760327093157,336
basic_appreq,4245895,14760331384816,336
basic_appreq,4061821,14760335491457,336
basic_appreq,4229647,14760339764143,336
basic_appreq,3778025,14760343573495,336
basic_appreq,5547510,14760349167815,336
basic_appreq,4714355,14760353919780,336
basic_appreq,4351100,14760358309805,336
basic_appreq,5179038,14760363525662,336
basic_appreq,4424052,14760367984920,336
basic_appreq,5199515,14760373256865,336
basic_appreq,4960486,14760378255601,336
basic_appreq,4189897,14760382481860,336
basic_appreq,4407699,14760386920596,336
basic_appreq,4976024,14760391929425,336
basic_appreq,5631034,14760397599843,336
basic_appreq,4385713,14760402022185,336
basic_appreq,4679209,14760406743558,336
basic_appreq,4891066,14760411670892,336
basic_appreq,4223193,14760415938830,336
basic_appreq,4244183,14760420225547,336
basic_appreq,5162318,14760425442440,336
basic_appreq,3753193,14760429243117,336
basic_appreq,4105846,14760433385218,336
basic_appreq,4041144,14760437468116,336
basic_appreq,4051099,14760441556370,336
basic_appreq,4416968,14760446005622,336
basic_appreq,3863568,14760449900714,336
basic_appreq,4726638,14760454694918,336
basic_appreq,4178818,14760458910980,336
basic_appreq,5431765,14760464399869,336
basic_appreq,5275029,14760469711292,336
basic_appreq,4549477,14760474294796,336
basic_appreq,3907689,14760478238256,336
basic_appreq,5326047,14760483633424,336
basic_appreq,4464858,14760488136874,336
basic_appreq,4869796,14760493063087,336
basic_appreq,4934185,14760498033393,336
basic_appreq,4984933,14760503053948,336
basic_appreq,3354901,14760506475776,336
basic_appreq,4471250,14760510987209,336
basic_appreq,3578438,14760514605767,336
basic_appreq,4954819,14760519595553,336
basic_appreq,4863889,14760524493595,336
basic_appreq,4729590,14760529262151,336
basic_appreq,3136966,14760532449866,336
basic_appreq,3328630,14760535827130,336
basic_appreq,5257614,14760541120072,336
basic_appreq,5183503,14760546340458,336
basic_appreq,4820216,14760551199883,336
basic_appreq,4982243,14760556221850,336
basic_appreq,4224475,14760560481061,336
basic_appreq,3599384,14760564119660,336
basic_appreq,4131707,14760568287473,336
basic_appreq,4555607,14760572883470,336
basic_appreq,4620317,14760577550720,336
basic_appreq,3365335,14760580973285,336
basic_appreq,5031600,14760586041676,336
basic_appreq,4263227,14760590345168,336
basic_appreq,4998427,14760595392740,336
basic_appreq,4310914,14760599740634,336
basic_appreq,5403820,14760605185804,336
basic_appreq,3152771,14760608406890,336
basic_appreq,4289640,14760612744550,336
basic_appreq,4167882,14760616962450,336
basic_appreq,4924031,14760621921867,336
basic_appreq,4362673,14760626323488,336
basic_appreq,4396119,14760630759118,336
basic_appreq,4062037,14760634859067,336
basic_appreq,4527822,14760639419223,336
basic_appreq,4864205,14760644317342,336
basic_appreq,4183396,14760648539679,336
basic_appreq,5065501,14760653651983,336
basic_appreq,4212379,14760657904810,336
basic_appreq,3944176,14760661891830,336
basic_appreq,3846890,14760665777593,336
basic_appreq,3104599,14760668930415,336
basic_appreq,4914820,14760673883299,336
basic_appreq,5095204,14760679017531,336
basic_appreq,4730199,14760683788709,336
basic_appreq,4642520,14760688476820,336
basic_appreq,5693857,14760694227197,336
basic_appreq,4828126,14760699090079,336
basic_appreq,5214998,14760704337640,336
basic_appreq,4522228,14760708898152,336
basic_appreq,4515998,14760713452369,336
basic_appreq,4588996,14760718078746,336
basic_appreq,3122972,14760721247222,336
basic_appreq,4250396,14760725542359,336
basic_appreq,4397274,14760729988434,336
basic_appreq,4388910,14760734428592,336
basic_appreq,4579765,14760739047091,336
basic_appreq,4263497,14760743350765,336
basic_appreq,4405545,14760747794585,336
basic_appreq,4481576,14760752306523,336
basic_appreq,4631284,14760756969787,336
basic_appreq,4685428,14760761706255,336
basic_appreq,4540064,14760766319934,336
basic_appreq,4544131,14760770902095,336
basic_appreq,4726811,14760775666995,336
basic_appreq,2840818,14760778556695,336
basic_appreq,4393925,14760782981301,336
basic_appreq,4485585,14760787498508,336
basic_appreq,3602090,14760791147430,336
basic_appreq,4329914,14760795514659,336
basic_appreq,3807458,14760799358636,336
basic_appreq,5236037,14760804642370,336
basic_appreq,4322868,14760809007677,336
basic_appreq,4684376,14760813732287,336
basic_appreq,2870374,14760816654409,336
basic_appreq,5039020,14760821743955,336
basic_appreq,3642645,14760825425196,336
basic_appreq,4958670,14760830431253,336
basic_appreq,3807407,14760834279041,336
basic_appreq,3030105,14760837355793,336
basic_appreq,4382797,14760841769464,336
basic_appreq,4495279,14760846294726,336
basic_appreq,4460274,14760850793069,336
basic_appreq,4387485,14760855218245,336
basic_appreq,4858942,14760860114005,336
basic_appreq,5139429,14760865292842,336
basic_appreq,4869546,14760870200914,336
basic_appreq,4712570,14760874954663,336
basic_appreq,3327631,14760878345721,336
basic_appreq,4405594,14760882790868,336
basic_appreq,3991960,14760886825149,336
basic_appreq,4837660,14760891699272,336
basic_appreq,4746023,14760896481737,336
basic_appreq,5063479,14760901578597,336
basic_appreq,4628701,14760906242083,336
basic_appreq,4988622,14760911266710,336
basic_appreq,5150295,14760916456894,336
basic_appreq,4682176,14760921205982,336
basic_appreq,3096747,14760924357367,336
basic_appreq,4314117,14760928707637,336
basic_appreq,3344908,14760932094246,336
basic_appreq,4737365,14760936869083,336
basic_appreq,4499010,14760941405782,336
basic_appreq,5052565,14760946495811,336
basic_appreq,3462349,14760949999546,336
basic_appreq,4401895,14760954436300,336
basic_appreq,4232379,14760958707152,336
basic_appreq,4539099,14760963288082,336
basic_appreq,4431444,14760967760239,336
basic_appreq,3000638,14760970807216,336
basic_appreq,4131983,14760974976551,336
basic_appreq,4416107,14760979424887,336
basic_appreq,4598557,14760984055466,336
basic_appreq,4194462,14760988287620,336
basic_appreq,5065210,14760993402758,336
basic_appreq,4503729,14760997949856,336
basic_appreq,4441321,14761002438106,336
basic_appreq,4440255,14761006921609,336
basic_appreq,3621583,14761010583936,336
basic_appreq,4820017,14761015441055,336
basic_appreq,4178828,14761019656162,336
basic_appreq,4732655,14761024426531,336
basic_appreq,3330009,14761027806443,336
basic_appreq,4346892,14761032188472,336
basic_appreq,4214427,14761036449358,336
basic_appreq,3714138,14761040210797,336
basic_appreq,5027271,14761045274303,336
basic_appreq,5324773,14761050635875,336
basic_appreq,4482701,14761055153181,336
basic_appreq,4979084,14761060167464,336
basic_appreq,4848723,14761065055538,336
basic_appreq,5021433,14761070125325,336
basic_appreq,4622258,14761074787876,336
basic_appreq,4971407,14761079793860,336
basic_appreq,2962692,14761082797714,336
basic_appreq,4338565,14761087191747,336
basic_appreq,4714363,14761091954258,336
basic_appreq,4417978,14761096438292,336
basic_appreq,4222815,14761100716771,336
basic_appreq,3943839,14761104701392,336
basic_appreq,5021259,14761109759266,336
basic_appreq,4099648,14761113895802,336
basic_appreq,4917218,14761118848276,336
basic_appreq,4988867,14761123889162,336
basic_appreq,4475059,14761128404031,336
basic_appreq,4044140,14761132488057,336
basic_appreq,5115608,14761137644732,336
basic_appreq,4156945,14761141833230,336
basic_appreq,4760524,14761146639614,336
basic_appreq,4138703,14761150815004,336
basic_appreq,5509111,14761156383698,336
basic_appreq,4581336,14761161007039,336
basic_appreq,5596935,14761166652213,336
basic_appreq,3085074,14761169779720,336
basic_appreq,3620482,14761173444292,336
basic_appreq,4007803,14761177498838,336
basic_appreq,4948589,14761182481590,336
basic_appreq,4663079,14761187177838,336
basic_appreq,4580707,14761191793766,336
basic_appreq,4892615,14761196722211,336
basic_appreq,4564850,14761201323489,336
basic_appreq,4805883,14761206176985,336
basic_appreq,4649866,14761210866510,336
basic_appreq,5325505,14761216250795,336
basic_appreq,3004903,14761219293576,336
basic_appreq,3851844,14761223189013,336
basic_appreq,3892616,14761227124626,336
basic_appreq,4631571,14761231793696,336
basic_appreq,4702100,14761236532112,336
basic_appreq,4844440,14761241414225,336
basic_appreq,4627407,14761246076641,336
basic_appreq,4625862,14761250737647,336
basic_appreq,5535258,14761256323974,336
basic_appreq,4607610,14761260969145,336
basic_appreq,4570090,14761265611587,336
basic_appreq,5381895,14761271072363,336
basic_appreq,4388430,14761275500234,336
basic_appreq,3364309,14761278913582,336
basic_appreq,4245036,14761283200723,336
basic_appreq,3651497,14761286892123,336
basic_appreq,4416366,14761291343267,336
basic_appreq,4900902,14761296279807,336
basic_appreq,4763101,14761301080206,336
basic_appreq,4755884,14761305877094,336
basic_appreq,4224652,14761310144426,336
basic_appreq,3951078,14761314134495,336
basic_appreq,3627051,14761317797983,336
basic_appreq,4160112,14761322005123,336
basic_appreq,5030660,14761327091005,336
basic_appreq,4044169,14761331172613,336
basic_appreq,4454953,14761335677992,336
basic_appreq,4095748,14761339811432,336
basic_appreq,3084487,14761342942456,336
basic_appreq,4384542,14761347362472,336
basic_appreq,4365545,14761351765764,336
basic_appreq,4929622,14761356732014,336
basic_appreq,4750071,14761361520658,336
basic_appreq,4113505,14761365673223,336
basic_appreq,4602317,14761370307332,336
basic_appreq,4176764,14761374515495,336
basic_appreq,5683275,14761380238140,336
basic_appreq,5126995,14761385402214,336
basic_appreq,5446384,14761390901032,336
basic_appreq,3021226,14761393977001,336
basic_appreq,3886083,14761397905020,336
basic_appreq,4225699,14761402173311,336
basic_appreq,4224622,14761406435994,336
basic_appreq,4740728,14761411215030,336
basic_appreq,4287509,14761415534074,336
basic_appreq,4239224,14761419804231,336
basic_appreq,4943990,14761424786066,336
basic_appreq,5025962,14761429849126,336
basic_appreq,5202074,14761435102688,336
basic_appreq,2866670,14761438036125,336
basic_appreq,3257773,14761441342159,336
basic_appreq,5180325,14761446558642,336
basic_appreq,4802943,14761451397934,336
basic_appreq,4723483,14761456161110,336
basic_appreq,4782278,14761461009187,336
basic_appreq,4387895,14761465437082,336
basic_appreq,3505014,14761468985126,336
basic_appreq,4025723,14761473042374,336
basic_appreq,4255185,14761477351391,336
basic_appreq,4173293,14761481569934,336
basic_appreq,4469794,14761486076570,336
basic_appreq,4706476,14761490817090,336
basic_appreq,3296160,14761494149317,336
basic_appreq,4302322,14761498487531,336
basic_appreq,3516236,14761502046932,336
basic_appreq,5178135,14761507265902,336
basic_appreq,4988318,14761512291593,336
basic_appreq,4812202,14761517141117,336
basic_appreq,4247505,14761521424505,336
basic_appreq,4613314,14761526078212,336
basic_appreq,4798654,14761530913648,336
basic_appreq,3692016,14761534656138,336
basic_appreq,4108719,14761538811139,336
basic_appreq,4150731,14761543006345,336
basic_appreq,4298819,14761547353424,336
basic_appreq,4557066,14761551957719,336
basic_appreq,3650310,14761555678133,336
basic_appreq,5369555,14761561086555,336
basic_appreq,4839276,14761565962019,336
basic_appreq,5437608,14761571434339,336
basic_appreq,4049185,14761575522001,336
basic_appreq,5148835,14761580724292,336
basic_appreq,4685111,14761585450748,336
basic_appreq,3112114,14761588594804,336
basic_appreq,3617892,14761592269605,336
basic_appreq,4055741,14761596372708,336
basic_appreq,5093308,14761601504966,336
basic_appreq,4467185,14761606006811,336
basic_appreq,4892926,14761610934458,336
basic_appreq,4864300,14761615834339,336
basic_appreq,5026740,14761620907016,336
basic_appreq,2974202,14761623936609,336
basic_appreq,4698483,14761628680029,336
basic_appreq,3831875,14761632552452,336
basic_appreq,4973809,14761637559694,336
basic_appreq,5061900,14761642661839,336
basic_appreq,4494699,14761647195891,336
basic_appreq,5020734,14761652252384,336
basic_appreq,4617302,14761656905547,336
basic_appreq,4978369,14761661930252,336
basic_appreq,4386314,14761666363449,336
basic_appreq,3473079,14761669876949,336
basic_appreq,3047941,14761672965667,336
basic_appreq,5101415,14761678100481,336
basic_appreq,5199289,14761683337053,336
basic_appreq,4308736,14761687684282,336
basic_appreq,4555951,14761692276081,336
basic_appreq,4569218,14761696904507,336
basic_appreq,4474122,14761701413450,336
basic_appreq,4293728,14761705750212,336
basic_appreq,4388718,14761710178765,336
basic_appreq,3545327,14761713772990,336
basic_appreq,4231001,14761718046227,336
basic_appreq,4373646,14761722468348,336
basic_appreq,4070485,14761726594589,336
basic_appreq,4501272,14761731131659,336
basic_appreq,4568670,14761735739840,336
basic_appreq,4826057,14761740604948,336
basic_appreq,3259493,14761743912256,336
basic_appreq,4478909,14761748433376,336
basic_appreq,4192605,14761752673467,336
basic_appreq,3619058,14761756342198,336
basic_appreq,4667601,14761761044664,336
basic_appreq,4523387,14761765601737,336
basic_appreq,4992468,14761770630120,336
basic_appreq,4661238,14761775327642,336
basic_appreq,4944888,14761780320833,336
basic_appreq,5352761,14761785731596,336
basic_appreq,5104258,14761790869393,336
basic_appreq,4536166,14761795451603,336
basic_appreq,4795738,14761800285674,336
basic_appreq,4827343,14761805150226,336
basic_appreq,3316302,14761808504978,336
basic_appreq,4377964,14761812928629,336
basic_appreq,4101669,14761817082338,336
basic_appreq,5053501,14761822170773,336
basic_appreq,4775487,14761826983785,336
basic_appreq,4745676,14761831767994,336
basic_appreq,5241959,14761837050553,336
basic_appreq,4568679,14761841659262,336
basic_appreq,4987081,14761846695414,336
basic_appreq,5028101,14761851761795,336
basic_appreq,3301512,14761855097965,336
basic_appreq,4191712,14761859325378,336
basic_appreq,4215071,14761863589697,336
basic_appreq,3959706,14761867591867,336
basic_appreq,4822931,14761872450766,336
basic_appreq,4508166,14761876996638,336
basic_appreq,4411660,14761881458803,336
basic_appreq,4543924,14761886037568,336
basic_appreq,4196874,14761890290971,336
basic_appreq,4840387,14761895188885,336
basic_appreq,5091770,14761900320708,336
basic_appreq,3075238,14761903447170,336
basic_appreq,4577166,14761908063480,336
basic_appreq,3719288,14761911831543,336
basic_appreq,4870401,14761916735332,336
basic_appreq,3879015,14761920649337,336
basic_appreq,4829567,14761925516927,336
basic_appreq,5568189,14761931135529,336
basic_appreq,4918801,14761936085919,336
basic_appreq,5021967,14761941146064,336
basic_appreq,3161993,14761944346634,336
basic_appreq,3323535,14761947716333,336
basic_appreq,5225226,14761952975144,336
basic_appreq,4713886,14761957727711,336
basic_appreq,4748223,14761962552067,336
basic_appreq,4289587,14761966880996,336
basic_appreq,5396611,14761972324398,336
basic_appreq,4911120,14761977267490,336
basic_appreq,4561564,14761981869429,336
basic_appreq,4988432,14761986931729,336
basic_appreq,5079489,14761992048963,336
basic_appreq,5290524,14761997395135,336
basic_appreq,3265363,14762000702547,336
basic_appreq,4547494,14762005291344,336
basic_appreq,4453340,14762009788483,336
basic_appreq,4795145,14762014624556,336
basic_appreq,3269717,14762017932027,336
basic_appreq,5005335,14762022968836,336
basic_appreq,5073333,14762028076721,336
basic_appreq,4288995,14762032402287,336
basic_appreq,5396349,14762037848114,336
basic_appreq,5392713,14762043314134,336
basic_appreq,3998104,14762047347411,336
basic_appreq,4905948,14762052302277,336
basic_appreq,4674236,14762057027864,336
basic_appreq,4208812,14762061275076,336
basic_appreq,4711877,14762066026149,336
basic_appreq,4793569,14762070860494,336
basic_appreq,4934610,14762075851486,336
basic_appreq,3049878,14762078948352,336
basic_appreq,3297865,14762082291707,336
basic_appreq,4819785,14762087150735,336
basic_appreq,4967586,14762092153177,336
basic_appreq,4452455,14762096641513,336
basic_appreq,4810624,14762101492979,336
basic_appreq,3357848,14762104903813,336
basic_appreq,4122160,14762109067758,336
basic_appreq,4488893,14762113596671,336
basic_appreq,5147868,14762118788484,336
basic_appreq,4403734,14762123231084,336
basic_appreq,3514665,14762126788226,336
basic_appreq,4440260,14762131265798,336
basic_appreq,5000336,14762136302870,336
basic_appreq,4093213,14762140432502,336
basic_appreq,4705035,14762145178025,336
basic_appreq,4050536,14762149263137,336
basic_appreq,5052740,14762154351416,336
basic_appreq,3591539,14762157990075,336
basic_appreq,4197831,14762162219650,336
basic_appreq,4335869,14762166587370,336
basic_appreq,4444445,14762171078364,336
basic_appreq,4205306,14762175334423,336
basic_appreq,4509927,14762179892325,336
basic_appreq,4252170,14762184190730,336
basic_appreq,3579696,14762187819045,336
basic_appreq,4746350,14762192596856,336
basic_appreq,5218622,14762197847404,336
basic_appreq,4388371,14762202273864,336
basic_appreq,4721030,14762207031787,336
basic_appreq,4425947,14762211497529,336
basic_appreq,4755142,14762216292845,336
basic_appreq,3285703,14762219625291,336
basic_appreq,4470739,14762224140092,336
basic_appreq,3216542,14762227402540,336
basic_appreq,4784689,14762232231028,336
basic_appreq,4588138,14762236857958,336
basic_appreq,4959186,14762241863484,336
basic_appreq,5105373,14762247011066,336
basic_appreq,3210481,14762250267991,336
basic_appreq,4408389,14762254730826,336
basic_appreq,3492545,14762258262098,336
basic_appreq,5402094,14762263701317,336
basic_appreq,4305622,14762268045730,336
basic_appreq,4580260,14762272666247,336
basic_appreq,4452477,14762277157860,336
basic_appreq,4837201,14762282026169,336
basic_appreq,3914239,14762285980533,336
basic_appreq,5046948,14762291064279,336
basic_appreq,4690795,14762295791898,336
basic_appreq,3810797,14762299647196,336
basic_appreq,4055986,14762303745917,336
basic_appreq,3496513,14762307305333,336
basic_appreq,5207433,14762312549020,336
basic_appreq,4353987,14762316940108,336
basic_appreq,4607936,14762321588319,336
basic_appreq,4787414,14762326410992,336
basic_appreq,3588003,14762330047329,336
basic_appreq,4500055,14762334584561,336
basic_appreq,3149089,14762337778946,336
basic_appreq,4276288,14762342101593,336
basic_appreq,3866091,14762346016326,336
basic_appreq,4062423,14762350111339,336
basic_appreq,4776364,14762354924799,336
basic_appreq,3980695,14762358942773,336
basic_appreq,4688817,14762363671784,336
basic_appreq,4685337,14762368390609,336
basic_appreq,4813008,14762373238201,336
basic_appreq,4486724,14762377765339,336
basic_appreq,5147578,14762382950933,336
basic_appreq,4891040,14762387882459,336
basic_appreq,4543533,14762392460458,336
basic_appreq,4467313,14762396958841,336
basic_appreq,3517198,14762400523766,336
basic_appreq,4583955,14762405147875,336
basic_appreq,3283623,14762408486358,336
basic_appreq,3721788,14762412263182,336
basic_appreq,4816302,14762417120009,336
basic_appreq,4344936,14762421499209,336
basic_appreq,4644549,14762426177859,336
basic_appreq,4894811,14762431108484,336
basic_appreq,5217691,14762436359818,336
basic_appreq,3281909,14762439699811,336
basic_appreq,4326398,14762444063688,336
basic_appreq,3734574,14762447859173,336
basic_appreq,4830219,14762452724020,336
basic_appreq,5103663,14762457864203,336
basic_appreq,4545445,14762462447173,336
basic_appreq,4190169,14762466672887,336
basic_appreq,4570387,14762471278903,336
basic_appreq,4491718,14762475808679,336
basic_appreq,5205833,14762481053340,336
basic_appreq,5161268,14762486292396,336
basic_appreq,3301507,14762489654152,336
basic_appreq,4548312,14762494236585,336
basic_appreq,4153121,14762498426089,336
basic_appreq,4116246,14762502588011,336
basic_appreq,4903807,14762507531640,336
basic_appreq,4721509,14762512291002,336
basic_appreq,3774207,14762516096394,336
basic_appreq,4732307,14762520861184,336
basic_appreq,4871429,14762525767022,336
basic_appreq,4507337,14762530312644,336
basic_appreq,4014712,14762534377721,336
basic_appreq,4311927,14762538729615,336
basic_appreq,3195061,14762541967499,336
basic_appreq,4106397,14762546118066,336
basic_appreq,4150441,14762550305625,336
basic_appreq,4561679,14762554899141,336
basic_appreq,4956633,14762559887508,336
basic_appreq,4909274,14762564836817,336
basic_appreq,4397689,14762569272046,336
basic_appreq,5212814,14762574531946,336
basic_appreq,4161326,14762578733594,336
basic_appreq,4247013,14762583024788,336
basic_appreq,4123929,14762587190121,336
basic_appreq,5238836,14762592475245,336
basic_appreq,3105564,14762595618219,336
basic_appreq,4144158,14762599810966,336
basic_appreq,3513127,14762603385781,336
basic_appreq,4962753,14762608385313,336
basic_appreq,4533012,14762612954595,336
basic_appreq,4811669,14762617800571,336
basic_appreq,5212333,14762623045610,336
basic_appreq,4948830,14762628027905,336
basic_appreq,5316468,14762633402112,336
basic_appreq,5076468,14762638513503,336
basic_appreq,5357218,14762643910318,336
basic_appreq,5085288,14762649034182,336
basic_appreq,4877222,14762653952894,336
basic_appreq,4808749,14762658800788,336
basic_appreq,4070955,14762662968126,336
basic_appreq,4785132,14762667794676,336
basic_appreq,5063820,14762672895942,336
basic_appreq,5289285,14762678222742,336
basic_appreq,4623964,14762682882759,336
basic_appreq,5021098,14762687942084,336
basic_appreq,8982026,14762696968522,336
basic_appreq,4710996,14762701722308,336
basic_appreq,3353216,14762705144143,336
basic_appreq,4174097,14762709360357,336
basic_appreq,4768005,14762714169553,336
basic_appreq,4609528,14762718818673,336
basic_appreq,4403295,14762723281777,336
basic_appreq,4396684,14762727713785,336
basic_appreq,4167508,14762731916207,336
basic_appreq,4153269,14762736115866,336
basic_appreq,4644775,14762740798634,336
basic_appreq,3521123,14762744368581,336
basic_appreq,4256806,14762748660101,336
basic_appreq,3566962,14762752268377,336
basic_appreq,4865500,14762757170139,336
basic_appreq,4983489,14762762190314,336
basic_appreq,4686657,14762766914964,336
basic_appreq,5181519,14762772135948,336
basic_appreq,4721957,14762776896804,336
basic_appreq,5107605,14762782037698,336
basic_appreq,4286197,14762786356687,336
basic_appreq,5105674,14762791523266,336
basic_appreq,3328561,14762794891540,336
basic_appreq,4149711,14762799082886,336
basic_appreq,3917066,14762803047386,336
basic_appreq,5211356,14762808298146,336
basic_appreq,4561754,14762812893193,336
basic_appreq,4811015,14762817749334,336
basic_appreq,4723036,14762822540089,336
basic_appreq,3391286,14762825974916,336
basic_appreq,4296798,14762830309438,336
basic_appreq,3960358,14762834313198,336
basic_appreq,3914875,14762838261191,336
basic_appreq,4900331,14762843224465,336
basic_appreq,4900749,14762848161606,336
basic_appreq,4812602,14762853013443,336
basic_appreq,4840737,14762857893287,336
basic_appreq,4675590,14762862604239,336
basic_appreq,4499131,14762867139234,336
basic_appreq,3408456,14762870593166,336
basic_appreq,4663569,14762875296498,336
basic_appreq,3929102,14762879264442,336
basic_appreq,4244898,14762883555991,336
basic_appreq,4367542,14762887978152,336
basic_appreq,4756832,14762892795126,336
basic_appreq,4899576,14762897732295,336
basic_appreq,4879734,14762902651269,336
basic_appreq,4161668,14762906850268,336
basic_appreq,4878359,14762911765259,336
basic_appreq,5428946,14762917262844,336
basic_appreq,4715957,14762922018388,336
basic_appreq,4559134,14762926622281,336
basic_appreq,5200304,14762931867742,336
basic_appreq,3196763,14762935116430,336
basic_appreq,4267110,14762939421991,336
basic_appreq,4602151,14762944060671,336
basic_appreq,4211711,14762948312667,336
basic_appreq,4249172,14762952613422,336
basic_appreq,4993915,14762957644593,336
basic_appreq,4261452,14762961943036,336
basic_appreq,4825398,14762966803158,336
basic_appreq,4835875,14762971676838,336
basic_appreq,4701574,14762976417147,336
basic_appreq,4003747,14762980468353,336
basic_appreq,3597423,14762984106135,336
basic_appreq,3244763,14762987397454,336
basic_appreq,4856792,14762992291513,336
basic_appreq,4940571,14762997273881,336
basic_appreq,4872002,14763002193198,336
basic_appreq,3245125,14763005482261,336
basic_appreq,4378773,14763009894620,336
basic_appreq,4128291,14763014059097,336
basic_appreq,3959806,14763018060343,336
basic_appreq,4634465,14763022728071,336
basic_appreq,4844555,14763027610906,336
basic_appreq,4505098,14763032155028,336
basic_appreq,4776080,14763036979937,336
basic_appreq,4367562,14763041382673,336
basic_appreq,3187528,14763044615739,336
basic_appreq,4223744,14763048896945,336
basic_appreq,3682667,14763052626179,336
basic_appreq,4614577,14763057273289,336
basic_appreq,4692578,14763061997750,336
basic_appreq,4696771,14763066727453,336
basic_appreq,4136636,14763070905849,336
basic_appreq,4443583,14763075396593,336
basic_appreq,4930250,14763080402558,336
basic_appreq,5483579,14763085963469,336
basic_appreq,4740116,14763090739663,336
basic_appreq,5215739,14763095992336,336
basic_appreq,5481008,14763101543096,336
basic_appreq,5056279,14763106639448,336
basic_appreq,4788719,14763111465188,336
basic_appreq,3589654,14763115105878,336
basic_appreq,4141676,14763119288308,336
basic_appreq,3501368,14763122826750,336
basic_appreq,4799771,14763127660458,336
basic_appreq,5021008,14763132721600,336
basic_appreq,3761771,14763136517616,336
basic_appreq,5200834,14763141771882,336
basic_appreq,4823972,14763146673431,336
basic_appreq,5194911,14763151906619,336
basic_appreq,4246014,14763156187716,336
basic_appreq,4495389,14763160732633,336
basic_appreq,3858607,14763164630510,336
basic_appreq,3651667,14763168322786,336
basic_appreq,3298869,14763171667884,336
basic_appreq,5170291,14763176871108,336
basic_appreq,4316105,14763181233863,336
basic_appreq,4332214,14763185599894,336
basic_appreq,4987015,14763190619869,336
basic_appreq,4727221,14763195381311,336
basic_appreq,4989173,14763200408165,336
basic_appreq,4351019,14763204798746,336
basic_appreq,4217545,14763209055521,336
basic_appreq,4545983,14763213641046,336
basic_appreq,5005572,14763218693444,336
basic_appreq,4677308,14763223412864,336
basic_appreq,4195738,14763227657577,336
basic_appreq,5331285,14763233027213,336
basic_appreq,3577217,14763236646955,336
basic_appreq,3931688,14763240619004,336
basic_appreq,4376600,14763245041055,336
basic_appreq,3005052,14763248092327,336
basic_appreq,5223488,14763253368286,336
basic_appreq,4683614,14763258105023,336
basic_appreq,4898627,14763263040593,336
basic_appreq,4861373,14763267936874,336
basic_appreq,5066240,14763273039683,336
basic_appreq,5054657,14763278134644,336
basic_appreq,4724332,14763282898250,336
basic_appreq,5176148,14763288126474,336
basic_appreq,3439947,14763291605412,336
basic_appreq,4429144,14763296071181,336
basic_appreq,4845532,14763300957624,336
basic_appreq,4487071,14763305483084,336
basic_appreq,4626830,14763310143785,336
basic_appreq,4897101,14763315073748,336
basic_appreq,4244682,14763319364094,336
basic_appreq,4380119,14763323793653,336
basic_appreq,3921130,14763327760331,336
basic_appreq,3900038,14763331705606,336
basic_appreq,4474972,14763336226872,336
basic_appreq,4193978,14763340466644,336
basic_appreq,3710850,14763344211087,336
basic_appreq,4600892,14763348845104,336
basic_appreq,5036830,14763353920822,336
basic_appreq,4038767,14763358003578,336
basic_appreq,4020754,14763362069290,336
basic_appreq,4873145,14763366988208,336
basic_appreq,3337820,14763370361949,336
basic_appreq,4383393,14763374780364,336
basic_appreq,4804401,14763379620274,336
basic_appreq,3833079,14763383489481,336
basic_appreq,2686926,14763386228051,336
basic_appreq,4538922,14763390804473,336
basic_appreq,4178998,14763395020107,336
basic_appreq,4633442,14763399689983,336
basic_appreq,4810601,14763404541990,336
basic_appreq,3304893,14763407890915,336
basic_appreq,3441727,14763411375727,336
basic_appreq,4973731,14763416389570,336
basic_appreq,4974451,14763421401518,336
basic_appreq,4990882,14763426454972,336
basic_appreq,4652721,14763431149093,336
basic_appreq,5174740,14763436362083,336
basic_appreq,4885927,14763441302519,336
basic_appreq,5138945,14763446479259,336
basic_appreq,5283338,14763451810133,336
basic_appreq,4969109,14763456818176,336
basic_appreq,4689958,14763461550729,336
basic_appreq,3736082,14763465329736,336
basic_appreq,4468610,14763469839415,336
basic_appreq,3868802,14763473754627,336
basic_appreq,4251512,14763478053823,336
basic_appreq,3562302,14763481694293,336
basic_appreq,4932458,14763486658805,336
basic_appreq,4071830,14763490768311,336
basic_appreq,4888035,14763495697877,336
basic_appreq,4636512,14763500379452,336
basic_appreq,4549336,14763504966605,336
basic_appreq,4880478,14763509885641,336
basic_appreq,4892042,14763514810468,336
basic_appreq,3954780,14763518799134,336
basic_appreq,4522279,14763523359577,336
basic_appreq,4860105,14763528258604,336
basic_appreq,4985753,14763533282396,336
basic_appreq,4461454,14763537777080,336
basic_appreq,4675077,14763542486733,336
basic_appreq,4467351,14763546993593,336
basic_appreq,4631223,14763551665706,336
basic_appreq,3269109,14763554984768,336
basic_appreq,3942874,14763558974352,336
basic_appreq,3593147,14763562603904,336
basic_appreq,4489838,14763567126111,336
basic_appreq,4944823,14763572104875,336
basic_appreq,4093255,14763576231751,336
basic_appreq,4747389,14763581022570,336
basic_appreq,4444456,14763585509173,336
basic_appreq,5058620,14763590615138,336
basic_appreq,3821038,14763594473356,336
basic_appreq,3575557,14763598090561,336
basic_appreq,4198042,14763602336249,336
basic_appreq,3975030,14763606370296,336
basic_appreq,4587190,14763610992747,336
basic_appreq,4874212,14763615904164,336
basic_appreq,5340213,14763621281397,336
basic_appreq,5039797,14763626355020,336
basic_appreq,4196397,14763630591878,336
basic_appreq,4989977,14763635629761,336
basic_appreq,2886962,14763638611323,336
basic_appreq,3974859,14763642668401,336
basic_appreq,4908303,14763647625542,336
basic_appreq,4839753,14763652516126,336
basic_appreq,3888252,14763656446528,336
basic_appreq,4494887,14763660982122,336
basic_appreq,4457596,14763665485593,336
basic_appreq,4371468,14763669902559,336
basic_appreq,3762787,14763673713030,336
basic_appreq,4894165,14763678643017,336
basic_appreq,4235455,14763682915550,336
basic_appreq,5231659,14763688200872,336
basic_appreq,5111484,14763693348785,336
basic_appreq,4863825,14763698252063,336
basic_appreq,4197086,14763702488483,336
basic_appreq,4997616,14763707518505,336
basic_appreq,4475581,14763712048765,336
basic_appreq,4826083,14763716908680,336
basic_appreq,4914866,14763721859771,336
basic_appreq,3233654,14763725128505,336
basic_appreq,4173299,14763729354304,336
basic_appreq,4960005,14763734360875,336
basic_appreq,4196353,14763738598424,336
basic_appreq,3711666,14763742347332,336
basic_appreq,5043061,14763747432714,336
basic_appreq,5070727,14763752540012,336
basic_appreq,4215150,14763756791641,336
basic_appreq,4664679,14763761517385,336
basic_appreq,5140126,14763766691146,336
basic_appreq,4148267,14763770874377,336
basic_appreq,4596858,14763775507760,336
basic_appreq,4395015,14763779941271,336
basic_appreq,4357056,14763784334500,336
basic_appreq,4412996,14763788784836,336
basic_appreq,4839768,14763793663319,336
basic_appreq,4298067,14763797991890,336
basic_appreq,4990953,14763803014743,336
basic_appreq,4192113,14763807252636,336
basic_appreq,4229601,14763811528062,336
basic_appreq,3837706,14763815413869,336
basic_appreq,4225662,14763819686638,336
basic_appreq,11509166,14763831253908,336
basic_appreq,6225125,14763837518799,336
basic_appreq,5311104,14763842870738,336
basic_appreq,4281851,14763847191634,336
basic_appreq,4850193,14763852099075,336
basic_appreq,4538008,14763856677317,336
basic_appreq,3310188,14763860031679,336
basic_appreq,3898301,14763863974207,336
basic_appreq,4438280,14763868461280,336
basic_appreq,3976034,14763872482700,336
basic_appreq,4746341,14763877265006,336
basic_appreq,4585138,14763881904383,336
basic_appreq,5036459,14763886994730,336
basic_appreq,5394145,14763892425757,336
basic_appreq,4486487,14763896949752,336
basic_appreq,4344159,14763901327713,336
basic_appreq,4962942,14763906323507,336
basic_appreq,4512322,14763910871892,336
basic_appreq,4218460,14763915133016,336
basic_appreq,4371338,14763919542647,336
basic_appreq,4717619,14763924305321,336
basic_appreq,4502971,14763928861373,336
basic_appreq,4710165,14763933603296,336
basic_appreq,4471197,14763938107369,336
basic_appreq,5248078,14763943399086,336
basic_appreq,4597255,14763948056992,336
basic_appreq,5091480,14763953186404,336
basic_appreq,4757092,14763957989747,336
basic_appreq,4692857,14763962736607,336
basic_appreq,4455300,14763967228904,336
basic_appreq,5316362,14763972614965,336
basic_appreq,5150259,14763977805772,336
basic_appreq,3291827,14763981150667,336
basic_appreq,4171403,14763985362691,336
basic_appreq,4414796,14763989812862,336
basic_appreq,3949449,14763993796734,336
basic_appreq,4550603,14763998380093,336
basic_appreq,4919385,14764003333600,336
basic_appreq,4219571,14764007586607,336
basic_appreq,5070174,14764012701250,336
basic_appreq,5331966,14764018086669,336
basic_appreq,4087769,14764022207994,336
basic_appreq,4381633,14764026623869,336
basic_appreq,4598489,14764031262985,336
basic_appreq,3717535,14764035020952,336
basic_appreq,3739704,14764038787920,336
basic_appreq,2971549,14764041794227,336
basic_appreq,5035886,14764046869807,336
basic_appreq,4040929,14764050957604,336
basic_appreq,3831855,14764054814208,336
basic_appreq,4191054,14764059046739,336
basic_appreq,4396378,14764063467678,336
basic_appreq,3799370,14764067312099,336
basic_appreq,4388842,14764071736608,336
basic_appreq,4837992,14764076609875,336
basic_appreq,4729789,14764081374215,336
basic_appreq,4518870,14764085939813,336
basic_appreq,4366071,14764090342069,336
basic_appreq,4915217,14764095294180,336
basic_appreq,4452447,14764099783652,336
basic_appreq,3375872,14764103197367,336
basic_appreq,4631097,14764107866268,336
basic_appreq,5397139,14764113325595,336
basic_appreq,4477578,14764117840705,336
basic_appreq,4697122,14764122590338,336
basic_appreq,3733569,14764126370075,336
basic_appreq,4289213,14764130699738,336
basic_appreq,4379939,14764135113322,336
basic_appreq,4378218,14764139539904,336
basic_appreq,3698935,14764143284284,336
basic_appreq,4568712,14764147888288,336
basic_appreq,4961678,14764152887220,336
basic_appreq,5195962,14764158120352,336
basic_appreq,4992058,14764163149302,336
basic_appreq,4209615,14764167397194,336
basic_appreq,4656227,14764172090982,336
basic_appreq,4212809,14764176336691,336
basic_appreq,3946495,14764180317036,336
basic_appreq,4302281,14764184666761,336
basic_appreq,3906323,14764188619948,336
basic_appreq,3673923,14764192328706,336
basic_appreq,5097703,14764197473251,336
basic_appreq,4932499,14764202443767,336
basic_appreq,4727521,14764207207080,336
basic_appreq,4855990,14764212099744,336
basic_appreq,4431348,14764216565793,336
basic_appreq,3545459,14764220145459,336
basic_appreq,4908198,14764225088409,336
basic_appreq,5058370,14764230182238,336
basic_appreq,4915608,14764235134704,336
basic_appreq,4815596,14764239986983,336
basic_appreq,4194667,14764244248715,336
basic_appreq,5048979,14764249324365,336
basic_appreq,4440629,14764253794279,336
basic_appreq,4721169,14764258567643,336
basic_appreq,2966592,14764261594137,336
basic_appreq,4255815,14764265877039,336
basic_appreq,3195577,14764269120341,336
basic_appreq,5070203,14764274222644,336
basic_appreq,4250372,14764278505335,336
basic_appreq,5102252,14764283656944,336
basic_appreq,3671089,14764287362864,336
basic_appreq,4474476,14764291901685,336
basic_appreq,3291708,14764295232611,336
basic_appreq,4623107,14764299898274,336
basic_appreq,4374744,14764304306379,336
basic_appreq,5237129,14764309576951,336
basic_appreq,4441426,14764314055559,336
basic_appreq,4001737,14764318094153,336
basic_appreq,4703542,14764322867191,336
basic_appreq,4650708,14764327551699,336
basic_appreq,4829771,14764332405577,336
basic_appreq,4815969,14764337245141,336
basic_appreq,3169968,14764340468010,336
basic_appreq,4954887,14764345461121,336
basic_appreq,4456184,14764349992138,336
basic_appreq,4337140,14764354391701,336
basic_appreq,4318558,14764358744970,336
basic_appreq,4991854,14764363778136,336
basic_appreq,3479703,14764367313483,336
basic_appreq,4132972,14764371481384,336
basic_appreq,3769234,14764375285704,336
basic_appreq,4467388,14764379790844,336
basic_appreq,4827150,14764384674142,336
basic_appreq,4760341,14764389471961,336
basic_appreq,5086467,14764394995519,336
basic_appreq,4651591,14764399688773,336
basic_appreq,3986123,14764403698668,336
basic_appreq,5480598,14764409205944,336
basic_appreq,5384444,14764414614985,336
basic_appreq,4628365,14764419295040,336
basic_appreq,3418340,14764422750383,336
basic_appreq,4665091,14764427447570,336
basic_appreq,4212873,14764431684862,336
basic_appreq,4626096,14764436357076,336
basic_appreq,4079650,14764440490894,336
basic_appreq,4492608,14764445027510,336
basic_appreq,3360850,14764448440761,336
basic_appreq,3921485,14764452389353,336
basic_appreq,3651747,14764456073558,336
basic_appreq,4654219,14764460759722,336
basic_appreq,4169185,14764464965303,336
basic_appreq,4811063,14764469812722,336
basic_appreq,4396148,14764474246105,336
basic_appreq,4730729,14764479029760,336
basic_appreq,4565419,14764483627316,336
basic_appreq,4492026,14764488155782,336
basic_appreq,3733061,14764491922528,336
basic_appreq,3993812,14764495959691,336
basic_appreq,4340440,14764500382853,336
basic_appreq,3643579,14764504063376,336
basic_appreq,4786945,14764508885600,336
basic_appreq,4617054,14764513539204,336
basic_appreq,5014616,14764518587821,336
basic_appreq,5019363,14764523641926,336
basic_appreq,5109835,14764528812062,336
basic_appreq,4004189,14764532852320,336
basic_appreq,4135296,14764537027412,336
basic_appreq,4727176,14764541809557,336
basic_appreq,3374891,14764545231713,336
basic_appreq,4587955,14764549854570,336
basic_appreq,4174846,14764554071393,336
basic_appreq,3617622,14764557735641,336
basic_appreq,4722925,14764562498255,336
basic_appreq,4958611,14764567514716,336
basic_appreq,4775530,14764572328131,336
basic_appreq,4585879,14764576946067,336
basic_appreq,3981036,14764580958117,336
basic_appreq,3895096,14764584914885,336
basic_appreq,5877318,14764590827380,336
basic_appreq,5212782,14764596111906,336
basic_appreq,4435400,14764600621639,336
basic_appreq,5369817,14764606044349,336
basic_appreq,4368657,14764610449895,336
basic_appreq,4704366,14764615204862,336
basic_appreq,4443373,14764619685271,336
basic_appreq,3510871,14764623240047,336
basic_appreq,4268628,14764627563439,336
basic_appreq,4307157,14764631908879,336
basic_appreq,4509221,14764636455208,336
basic_appreq,4355787,14764640866247,336
basic_appreq,4442242,14764645347013,336
basic_appreq,5409747,14764650791245,336
basic_appreq,4463572,14764655288856,336
basic_appreq,4324409,14764659650598,336
basic_appreq,5235526,14764664922560,336
basic_appreq,4910540,14764669864190,336
basic_appreq,4147570,14764674044700,336
basic_appreq,4696489,14764678775269,336
basic_appreq,4311746,14764683125900,336
basic_appreq,5136781,14764688325493,336
basic_appreq,3471991,14764691835832,336
basic_appreq,4203342,14764696074456,336
basic_appreq,3121814,14764699254968,336
basic_appreq,4921683,14764704210238,336
basic_appreq,4486425,14764708733437,336
basic_appreq,4682403,14764713451713,336
basic_appreq,5058380,14764718543607,336
basic_appreq,4580973,14764723171836,336
basic_appreq,3541321,14764726753515,336
basic_appreq,4526690,14764731320753,336
basic_appreq,4201446,14764735568275,336
basic_appreq,4754939,14764740359763,336
basic_appreq,4248478,14764744649028,336
basic_appreq,4335104,14764749025015,336
basic_appreq,3659413,14764752720985,336
basic_appreq,4318781,14764757078973,336
basic_appreq,4578525,14764761690797,336
basic_appreq,5129712,14764766862582,336
basic_appreq,3159407,14764770054810,336
basic_appreq,4376634,14764774471902,336
basic_appreq,3914839,14764778427063,336
basic_appreq,4829634,14764783293642,336
basic_appreq,4514387,14764787844798,336
basic_appreq,4842734,14764792729036,336
basic_appreq,4695487,14764797465031,336
basic_appreq,4832534,14764802343878,336
basic_appreq,3393783,14764805793818,336
basic_appreq,4008009,14764809842425,336
basic_appreq,3172255,14764813071563,336
basic_appreq,5235469,14764818341853,336
basic_appreq,4537731,14764822914301,336
basic_appreq,4971882,14764827922314,336
basic_appreq,4496594,14764832452958,336
basic_appreq,5003821,14764837498539,336
basic_appreq,4836552,14764842375894,336
basic_appreq,4691299,14764847102555,336
basic_appreq,5753532,14764852908415,336
basic_appreq,4661904,14764857605084,336
basic_appreq,5582799,14764863230972,336
basic_appreq,4903634,14764868174419,336
basic_appreq,3291682,14764871502608,336
basic_appreq,4137963,14764875683408,336
basic_appreq,4224442,14764879948122,336
basic_appreq,3883999,14764883878270,336
basic_appreq,4622879,14764888543017,336
basic_appreq,4301154,14764892879413,336
basic_appreq,4578562,14764897515772,336
basic_appreq,4640120,14764902191576,336
basic_appreq,4983967,14764907215893,336
basic_appreq,3116685,14764910400360,336
basic_appreq,4222494,14764914656357,336
basic_appreq,3416520,14764918115106,336
basic_appreq,4504002,14764922652549,336
basic_appreq,4727703,14764927416372,336
basic_appreq,4404456,14764931856823,336
basic_appreq,4732897,14764936626625,336
basic_appreq,4489337,14764941161319,336
basic_appreq,4136782,14764945331173,336
basic_appreq,4823992,14764950188162,336
basic_appreq,3267899,14764953523787,336
basic_appreq,4215891,14764957791568,336
basic_appreq,3190074,14764961028880,336
basic_appreq,5037452,14764966102349,336
basic_appreq,4606644,14764970748158,336
basic_appreq,5339524,14764976125252,336
basic_appreq,4178999,14764980340808,336
basic_appreq,5600843,14764985989216,336
basic_appreq,4813186,14764990837333,336
basic_appreq,4295241,14764995166083,336
basic_appreq,3505317,14764998710656,336
basic_appreq,4095843,14765002846714,336
basic_appreq,4061193,14765006963416,336
basic_appreq,4697437,14765011699800,336
basic_appreq,4634168,14765016380975,336
basic_appreq,4750008,14765021169824,336
basic_appreq,3211807,14765024421703,336
basic_appreq,4795454,14765029276007,336
basic_appreq,4753846,14765034064076,336
basic_appreq,4150312,14765038246446,336
basic_appreq,4964068,14765043251419,336
basic_appreq,3523560,14765046813172,336
basic_appreq,4192061,14765051046195,336
basic_appreq,4851676,14765055944765,336
basic_appreq,5238986,14765061226154,336
basic_appreq,5041143,14765066307836,336
basic_appreq,3351105,14765069691394,336
basic_appreq,3984417,14765073712299,336
basic_appreq,4617768,14765078379639,336
basic_appreq,3431928,14765081874842,336
basic_appreq,91267038,14765173178415,336
basic_appreq,4224746,14765177448151,336
basic_appreq,5050460,14765182540241,336
basic_appreq,4572317,14765187150995,336
basic_appreq,4931990,14765192121599,336
basic_appreq,4897366,14765197058377,336
basic_appreq,5275096,14765202393448,336
basic_appreq,4519155,14765206957515,336
basic_appreq,3341965,14765210355779,336
basic_appreq,4308396,14765214698343,336
basic_appreq,4269962,14765219006209,336
basic_appreq,4244657,14765223286981,336
basic_appreq,4549541,14765227874275,336
basic_appreq,5008620,14765232920310,336
basic_appreq,4549490,14765237506480,336
basic_appreq,4643143,14765242184318,336
basic_appreq,4910415,14765247131533,336
basic_appreq,4703429,14765251872140,336
basic_appreq,2912500,14765254830396,336
basic_appreq,4036076,14765258904593,336
basic_appreq,3200744,14765262151420,336
basic_appreq,3735045,14765265918177,336
basic_appreq,4941533,14765270892673,336
basic_appreq,4893592,14765275823371,336
basic_appreq,5249142,14765281110548,336
basic_appreq,4497022,14765285649768,336
basic_appreq,3455977,14765289151376,336
basic_appreq,4093536,14765293285346,336
basic_appreq,4586846,14765297918561,336
basic_appreq,3868714,14765301828255,336
basic_appreq,4552847,14765306417659,336
basic_appreq,4856707,14765311310544,336
basic_appreq,5044082,14765316391200,336
basic_appreq,3391951,14765319829692,336
basic_appreq,4655187,14765324516383,336
basic_appreq,3667627,14765328225726,336
basic_appreq,4819619,14765333082071,336
basic_appreq,4650335,14765337770086,336
basic_appreq,4961699,14765342767162,336
basic_appreq,3320904,14765346132878,336
basic_appreq,4288818,14765350471782,336
basic_appreq,4673947,14765355189456,336
basic_appreq,4415564,14765359652768,336
basic_appreq,3282941,14765362967243,336
basic_appreq,4531029,14765367528853,336
basic_appreq,4354632,14765371946295,336
basic_appreq,4977338,14765376961902,336
basic_appreq,4964167,14765382006132,336
basic_appreq,4435861,14765386480122,336
basic_appreq,5045472,14765391561873,336
basic_appreq,4247957,14765395872119,336
basic_appreq,4600709,14765400553263,336
basic_appreq,4587419,14765405173659,336
basic_appreq,4726194,14765409932384,336
basic_appreq,3063101,14765413041801,336
basic_appreq,3083973,14765416170419,336
basic_appreq,3176039,14765419388578,336
basic_appreq,3558420,14765422980870,336
basic_appreq,2530030,14765425560180,336
basic_appreq,3056571,14765428649766,336
basic_appreq,2949465,14765431633370,336
basic_appreq,1590249,14765433261882,336
basic_appreq,2080921,14765435372494,336
basic_appreq,2348814,14765437749737,336
#end,11,2180,336
