20260216-143353-4425 09667 * main            (benchmark.cc:402): Starting benchmark.
20260216-143358-1886 09667 * main            (benchmark.cc:621): Creating a default paritioner!
20260216-143358-1888 09667 * Client          (client.cc:75):     Initializing StrongStore client with id [65]
20260216-143358-1888 09667 * BenchmarkClient (bench_client.cc:81): starting benchclient, issueConcurrent: 0; fanout: 1
Session created: 0
last_service: , current_state: 0
Session continued: 0
last_service: , current_state: 0
Session destroyed: 18446744073709551615
last_service: , current_state: 0
20260216-143403-5752 09667 * WarmupDone      (bench_client.cc:726): Completed warmup period of 5 seconds with 1103 requests
20260216-143414-5757 09667 * Finish          (bench_client.cc:920): Completed 2420 requests in 11.003687 seconds
20260216-143414-5757 09667 * Finish          (bench_client.cc:921): 1 outstanding transactions.
Session continued: 0
last_service: , current_state: 0
Session destroyed: 18446744073709551615
last_service: , current_state: 0
Session continued: 0
last_service: , current_state: 0
Session destroyed: 18446744073709551615
last_service: , current_state: 0
Session destroyed: 0
last_service: , current_state: 0
20260216-143417-5754 09667 * FlushStats      (benchmark.cc:890): Flushing stats to /mnt/extra/experiments/2026-03-16-14-33-29/out/client-0-0-65-stats-0.json.
20260216-143417-5756 09667 * FlushStats      (benchmark.cc:902): All done!
20260216-143419-5802 09667 * Cleanup         (bench_client.cc:748): Aborting 0 outstanding transactions.
20260216-143419-5803 09667 * CooldownDone    (bench_client.cc:778): Finished cooldown period.
20260216-143419-5813 09667 * CooldownDone    (bench_client.cc:785): Median latency is 4499082 ns (4499 us)
20260216-143419-5813 09667 * CooldownDone    (bench_client.cc:794): Average latency is 4502087 ns (4502 us)
20260216-143419-5814 09667 * CooldownDone    (bench_client.cc:798): 90th percentile latency is 5129182 ns (5129 us)
20260216-143419-5814 09667 * CooldownDone    (bench_client.cc:802): 95th percentile latency is 5277941 ns (5277 us)
20260216-143419-5814 09667 * CooldownDone    (bench_client.cc:806): 99th percentile latency is 5606590 ns (5606 us)
20260216-143419-5814 09667 * LATENCY total: 1767 us 4502 us/4194 us 90 ms (2421 samples, 10 s total)
20260216-143419-5815 09667 *    1048 us |          2 | 
20260216-143419-5815 09667 *    2097 us |        659 | ==================
20260216-143419-5815 09667 *    4194 us |       1754 | ==================================================
20260216-143419-5815 09667 *    8388 us |          4 | 
20260216-143419-5815 09667 *      16 ms |          0 |
20260216-143419-5815 09667 *      33 ms |          1 | 
20260216-143419-5816 09667 *      67 ms |          1 | 
20260216-143419-6699 09667 * Stop            (tcptransport.cc:581): [TCP SUMMARY] outgoingCreated=1 outgoingClosed=0 incomingCreated=0 incomingClosed=0 outgoingPeak=1 incomingPeak=0
Inserted events:
  0x563b75f7af60 [fd  7] Read Persist Internal
  0x563b75f91510 [fd  9] Read Persist
Active events:
20260216-143419-6700 09667 * main            (benchmark.cc:849): Cleaning up after experiment.
20260216-143419-6700 09667 * FlushStats      (benchmark.cc:890): Flushing stats to /mnt/extra/experiments/2026-03-16-14-33-29/out/client-0-0-65-stats-0.json.
20260216-143419-6701 09667 * FlushStats      (benchmark.cc:902): All done!
