20260313-143019-4547 07053 * main            (server.cc:217):    Starting server.
20260313-143019-4560 07053 * main            (server.cc:335):    Creating a default paritioner!
20260313-143021-3719 07053 * main            (server.cc:513):    Done loading server.
[libprotobuf ERROR google/protobuf/message_lite.cc:121] Can't parse message of type "replication.iocl_craq.proto.SuccessorRequestMessage" because it is missing required fields: s, succ_groupidx, succ_replicaidx
[libprotobuf ERROR google/protobuf/message_lite.cc:121] Can't parse message of type "replication.iocl_craq.proto.SuccessorRequestMessage" because it is missing required fields: s, succ_groupidx, succ_replicaidx
[libprotobuf ERROR google/protobuf/message_lite.cc:121] Can't parse message of type "replication.iocl_craq.proto.SuccessorRequestMessage" because it is missing required fields: s, succ_groupidx, succ_replicaidx
[libprotobuf ERROR google/protobuf/message_lite.cc:121] Can't parse message of type "replication.iocl_craq.proto.SuccessorRequestMessage" because it is missing required fields: s, succ_groupidx, succ_replicaidx
[libprotobuf ERROR google/protobuf/message_lite.cc:121] Can't parse message of type "replication.iocl_craq.proto.SuccessorRequestMessage" because it is missing required fields: s, succ_groupidx, succ_replicaidx
[libprotobuf ERROR google/protobuf/message_lite.cc:121] Can't parse message of type "replication.iocl_craq.proto.SuccessorRequestMessage" because it is missing required fields: s, succ_groupidx, succ_replicaidx
[libprotobuf ERROR google/protobuf/message_lite.cc:121] Can't parse message of type "replication.iocl_craq.proto.SuccessorRequestMessage" because it is missing required fields: s, succ_groupidx, succ_replicaidx
[libprotobuf ERROR google/protobuf/message_lite.cc:121] Can't parse message of type "replication.iocl_craq.proto.SuccessorRequestMessage" because it is missing required fields: s, succ_groupidx, succ_replicaidx
[libprotobuf ERROR google/protobuf/message_lite.cc:121] Can't parse message of type "replication.iocl_craq.proto.SuccessorRequestMessage" because it is missing required fields: s, succ_groupidx, succ_replicaidx
[libprotobuf ERROR google/protobuf/message_lite.cc:121] Can't parse message of type "replication.iocl_craq.proto.SuccessorRequestMessage" because it is missing required fields: s, succ_groupidx, succ_replicaidx
[libprotobuf ERROR google/protobuf/message_lite.cc:121] Can't parse message of type "replication.iocl_craq.proto.SuccessorRequestMessage" because it is missing required fields: s, succ_groupidx, succ_replicaidx
[libprotobuf ERROR google/protobuf/message_lite.cc:121] Can't parse message of type "replication.iocl_craq.proto.SuccessorRequestMessage" because it is missing required fields: s, succ_groupidx, succ_replicaidx
[libprotobuf ERROR google/protobuf/message_lite.cc:121] Can't parse message of type "replication.iocl_craq.proto.SuccessorRequestMessage" because it is missing required fields: s, succ_groupidx, succ_replicaidx
[libprotobuf ERROR google/protobuf/message_lite.cc:121] Can't parse message of type "replication.iocl_craq.proto.SuccessorRequestMessage" because it is missing required fields: s, succ_groupidx, succ_replicaidx
[libprotobuf ERROR google/protobuf/message_lite.cc:121] Can't parse message of type "replication.iocl_craq.proto.SuccessorRequestMessage" because it is missing required fields: s, succ_groupidx, succ_replicaidx
[libprotobuf ERROR google/protobuf/message_lite.cc:121] Can't parse message of type "replication.iocl_craq.proto.SuccessorRequestMessage" because it is missing required fields: s, succ_groupidx, succ_replicaidx
[libprotobuf ERROR google/protobuf/message_lite.cc:121] Can't parse message of type "replication.iocl_craq.proto.SuccessorRequestMessage" because it is missing required fields: s, succ_groupidx, succ_replicaidx
[libprotobuf ERROR google/protobuf/message_lite.cc:121] Can't parse message of type "replication.iocl_craq.proto.SuccessorRequestMessage" because it is missing required fields: s, succ_groupidx, succ_replicaidx
[libprotobuf ERROR google/protobuf/message_lite.cc:121] Can't parse message of type "replication.iocl_craq.proto.SuccessorRequestMessage" because it is missing required fields: s, succ_groupidx, succ_replicaidx
[libprotobuf ERROR google/protobuf/message_lite.cc:121] Can't parse message of type "replication.iocl_craq.proto.SuccessorRequestMessage" because it is missing required fields: s, succ_groupidx, succ_replicaidx
[libprotobuf ERROR google/protobuf/message_lite.cc:121] Can't parse message of type "replication.iocl_craq.proto.SuccessorRequestMessage" because it is missing required fields: s, succ_groupidx, succ_replicaidx
[libprotobuf ERROR google/protobuf/message_lite.cc:121] Can't parse message of type "replication.iocl_craq.proto.SuccessorRequestMessage" because it is missing required fields: s, succ_groupidx, succ_replicaidx
[libprotobuf ERROR google/protobuf/message_lite.cc:121] Can't parse message of type "replication.iocl_craq.proto.SuccessorRequestMessage" because it is missing required fields: s, succ_groupidx, succ_replicaidx
[libprotobuf ERROR google/protobuf/message_lite.cc:121] Can't parse message of type "replication.iocl_craq.proto.SuccessorRequestMessage" because it is missing required fields: s, succ_groupidx, succ_replicaidx
[libprotobuf ERROR google/protobuf/message_lite.cc:121] Can't parse message of type "replication.iocl_craq.proto.SuccessorRequestMessage" because it is missing required fields: s, succ_groupidx, succ_replicaidx
[libprotobuf ERROR google/protobuf/message_lite.cc:121] Can't parse message of type "replication.iocl_craq.proto.SuccessorRequestMessage" because it is missing required fields: s, succ_groupidx, succ_replicaidx
[libprotobuf ERROR google/protobuf/message_lite.cc:121] Can't parse message of type "replication.iocl_craq.proto.SuccessorRequestMessage" because it is missing required fields: s, succ_groupidx, succ_replicaidx
[libprotobuf ERROR google/protobuf/message_lite.cc:121] Can't parse message of type "replication.iocl_craq.proto.SuccessorRequestMessage" because it is missing required fields: s, succ_groupidx, succ_replicaidx
[libprotobuf ERROR google/protobuf/message_lite.cc:121] Can't parse message of type "replication.iocl_craq.proto.SuccessorRequestMessage" because it is missing required fields: s, succ_groupidx, succ_replicaidx
[libprotobuf ERROR google/protobuf/message_lite.cc:121] Can't parse message of type "replication.iocl_craq.proto.SuccessorRequestMessage" because it is missing required fields: s, succ_groupidx, succ_replicaidx
[libprotobuf ERROR google/protobuf/message_lite.cc:121] Can't parse message of type "replication.iocl_craq.proto.SuccessorRequestMessage" because it is missing required fields: s, succ_groupidx, succ_replicaidx
[libprotobuf ERROR google/protobuf/message_lite.cc:121] Can't parse message of type "replication.iocl_craq.proto.SuccessorRequestMessage" because it is missing required fields: s, succ_groupidx, succ_replicaidx
[libprotobuf ERROR google/protobuf/message_lite.cc:121] Can't parse message of type "replication.iocl_craq.proto.SuccessorRequestMessage" because it is missing required fields: s, succ_groupidx, succ_replicaidx
[libprotobuf ERROR google/protobuf/message_lite.cc:121] Can't parse message of type "replication.iocl_craq.proto.SuccessorRequestMessage" because it is missing required fields: s, succ_groupidx, succ_replicaidx
[libprotobuf ERROR google/protobuf/message_lite.cc:121] Can't parse message of type "replication.iocl_craq.proto.SuccessorRequestMessage" because it is missing required fields: s, succ_groupidx, succ_replicaidx
[libprotobuf ERROR google/protobuf/message_lite.cc:121] Can't parse message of type "replication.iocl_craq.proto.SuccessorRequestMessage" because it is missing required fields: s, succ_groupidx, succ_replicaidx
[libprotobuf ERROR google/protobuf/message_lite.cc:121] Can't parse message of type "replication.iocl_craq.proto.SuccessorRequestMessage" because it is missing required fields: s, succ_groupidx, succ_replicaidx
[libprotobuf ERROR google/protobuf/message_lite.cc:121] Can't parse message of type "replication.iocl_craq.proto.SuccessorRequestMessage" because it is missing required fields: s, succ_groupidx, succ_replicaidx
[libprotobuf ERROR google/protobuf/message_lite.cc:121] Can't parse message of type "replication.iocl_craq.proto.SuccessorRequestMessage" because it is missing required fields: s, succ_groupidx, succ_replicaidx
[libprotobuf ERROR google/protobuf/message_lite.cc:121] Can't parse message of type "replication.iocl_craq.proto.SuccessorRequestMessage" because it is missing required fields: s, succ_groupidx, succ_replicaidx
[libprotobuf ERROR google/protobuf/message_lite.cc:121] Can't parse message of type "replication.iocl_craq.proto.SuccessorRequestMessage" because it is missing required fields: s, succ_groupidx, succ_replicaidx
[libprotobuf ERROR google/protobuf/message_lite.cc:121] Can't parse message of type "replication.iocl_craq.proto.SuccessorRequestMessage" because it is missing required fields: s, succ_groupidx, succ_replicaidx
[libprotobuf ERROR google/protobuf/message_lite.cc:121] Can't parse message of type "replication.iocl_craq.proto.SuccessorRequestMessage" because it is missing required fields: s, succ_groupidx, succ_replicaidx
[libprotobuf ERROR google/protobuf/message_lite.cc:121] Can't parse message of type "replication.iocl_craq.proto.SuccessorRequestMessage" because it is missing required fields: s, succ_groupidx, succ_replicaidx
[libprotobuf ERROR google/protobuf/message_lite.cc:121] Can't parse message of type "replication.iocl_craq.proto.SuccessorRequestMessage" because it is missing required fields: s, succ_groupidx, succ_replicaidx
[libprotobuf ERROR google/protobuf/message_lite.cc:121] Can't parse message of type "replication.iocl_craq.proto.SuccessorRequestMessage" because it is missing required fields: s, succ_groupidx, succ_replicaidx
[libprotobuf ERROR google/protobuf/message_lite.cc:121] Can't parse message of type "replication.iocl_craq.proto.SuccessorRequestMessage" because it is missing required fields: s, succ_groupidx, succ_replicaidx
[libprotobuf ERROR google/protobuf/message_lite.cc:121] Can't parse message of type "replication.iocl_craq.proto.SuccessorRequestMessage" because it is missing required fields: s, succ_groupidx, succ_replicaidx
[libprotobuf ERROR google/protobuf/message_lite.cc:121] Can't parse message of type "replication.iocl_craq.proto.SuccessorRequestMessage" because it is missing required fields: s, succ_groupidx, succ_replicaidx
[libprotobuf ERROR google/protobuf/message_lite.cc:121] Can't parse message of type "replication.iocl_craq.proto.SuccessorRequestMessage" because it is missing required fields: s, succ_groupidx, succ_replicaidx
[libprotobuf ERROR google/protobuf/message_lite.cc:121] Can't parse message of type "replication.iocl_craq.proto.SuccessorRequestMessage" because it is missing required fields: s, succ_groupidx, succ_replicaidx
[libprotobuf ERROR google/protobuf/message_lite.cc:121] Can't parse message of type "replication.iocl_craq.proto.SuccessorRequestMessage" because it is missing required fields: s, succ_groupidx, succ_replicaidx
[libprotobuf ERROR google/protobuf/message_lite.cc:121] Can't parse message of type "replication.iocl_craq.proto.SuccessorRequestMessage" because it is missing required fields: s, succ_groupidx, succ_replicaidx
[libprotobuf ERROR google/protobuf/message_lite.cc:121] Can't parse message of type "replication.iocl_craq.proto.SuccessorRequestMessage" because it is missing required fields: s, succ_groupidx, succ_replicaidx
[libprotobuf ERROR google/protobuf/message_lite.cc:121] Can't parse message of type "replication.iocl_craq.proto.SuccessorRequestMessage" because it is missing required fields: s, succ_groupidx, succ_replicaidx
[libprotobuf ERROR google/protobuf/message_lite.cc:121] Can't parse message of type "replication.iocl_craq.proto.SuccessorRequestMessage" because it is missing required fields: s, succ_groupidx, succ_replicaidx
[libprotobuf ERROR google/protobuf/message_lite.cc:121] Can't parse message of type "replication.iocl_craq.proto.SuccessorRequestMessage" because it is missing required fields: s, succ_groupidx, succ_replicaidx
[libprotobuf ERROR google/protobuf/message_lite.cc:121] Can't parse message of type "replication.iocl_craq.proto.SuccessorRequestMessage" because it is missing required fields: s, succ_groupidx, succ_replicaidx
[libprotobuf ERROR google/protobuf/message_lite.cc:121] Can't parse message of type "replication.iocl_craq.proto.SuccessorRequestMessage" because it is missing required fields: s, succ_groupidx, succ_replicaidx
[libprotobuf ERROR google/protobuf/message_lite.cc:121] Can't parse message of type "replication.iocl_craq.proto.SuccessorRequestMessage" because it is missing required fields: s, succ_groupidx, succ_replicaidx
[libprotobuf ERROR google/protobuf/message_lite.cc:121] Can't parse message of type "replication.iocl_craq.proto.SuccessorRequestMessage" because it is missing required fields: s, succ_groupidx, succ_replicaidx
[libprotobuf ERROR google/protobuf/message_lite.cc:121] Can't parse message of type "replication.iocl_craq.proto.SuccessorRequestMessage" because it is missing required fields: s, succ_groupidx, succ_replicaidx
[libprotobuf ERROR google/protobuf/message_lite.cc:121] Can't parse message of type "replication.iocl_craq.proto.SuccessorRequestMessage" because it is missing required fields: s, succ_groupidx, succ_replicaidx
[libprotobuf ERROR google/protobuf/message_lite.cc:121] Can't parse message of type "replication.iocl_craq.proto.SuccessorRequestMessage" because it is missing required fields: s, succ_groupidx, succ_replicaidx
[libprotobuf ERROR google/protobuf/message_lite.cc:121] Can't parse message of type "replication.iocl_craq.proto.SuccessorRequestMessage" because it is missing required fields: s, succ_groupidx, succ_replicaidx
[libprotobuf ERROR google/protobuf/message_lite.cc:121] Can't parse message of type "replication.iocl_craq.proto.SuccessorRequestMessage" because it is missing required fields: s, succ_groupidx, succ_replicaidx
[libprotobuf ERROR google/protobuf/message_lite.cc:121] Can't parse message of type "replication.iocl_craq.proto.SuccessorRequestMessage" because it is missing required fields: s, succ_groupidx, succ_replicaidx
[libprotobuf ERROR google/protobuf/message_lite.cc:121] Can't parse message of type "replication.iocl_craq.proto.SuccessorRequestMessage" because it is missing required fields: s, succ_groupidx, succ_replicaidx
[libprotobuf ERROR google/protobuf/message_lite.cc:121] Can't parse message of type "replication.iocl_craq.proto.SuccessorRequestMessage" because it is missing required fields: s, succ_groupidx, succ_replicaidx
[libprotobuf ERROR google/protobuf/message_lite.cc:121] Can't parse message of type "replication.iocl_craq.proto.SuccessorRequestMessage" because it is missing required fields: s, succ_groupidx, succ_replicaidx
[libprotobuf ERROR google/protobuf/message_lite.cc:121] Can't parse message of type "replication.iocl_craq.proto.SuccessorRequestMessage" because it is missing required fields: s, succ_groupidx, succ_replicaidx
[libprotobuf ERROR google/protobuf/message_lite.cc:121] Can't parse message of type "replication.iocl_craq.proto.SuccessorRequestMessage" because it is missing required fields: s, succ_groupidx, succ_replicaidx
[libprotobuf ERROR google/protobuf/message_lite.cc:121] Can't parse message of type "replication.iocl_craq.proto.SuccessorRequestMessage" because it is missing required fields: s, succ_groupidx, succ_replicaidx
[libprotobuf ERROR google/protobuf/message_lite.cc:121] Can't parse message of type "replication.iocl_craq.proto.SuccessorRequestMessage" because it is missing required fields: s, succ_groupidx, succ_replicaidx
[libprotobuf ERROR google/protobuf/message_lite.cc:121] Can't parse message of type "replication.iocl_craq.proto.SuccessorRequestMessage" because it is missing required fields: s, succ_groupidx, succ_replicaidx
[libprotobuf ERROR google/protobuf/message_lite.cc:121] Can't parse message of type "replication.iocl_craq.proto.SuccessorRequestMessage" because it is missing required fields: s, succ_groupidx, succ_replicaidx
[libprotobuf ERROR google/protobuf/message_lite.cc:121] Can't parse message of type "replication.iocl_craq.proto.SuccessorRequestMessage" because it is missing required fields: s, succ_groupidx, succ_replicaidx
[libprotobuf ERROR google/protobuf/message_lite.cc:121] Can't parse message of type "replication.iocl_craq.proto.SuccessorRequestMessage" because it is missing required fields: s, succ_groupidx, succ_replicaidx
[libprotobuf ERROR google/protobuf/message_lite.cc:121] Can't parse message of type "replication.iocl_craq.proto.SuccessorRequestMessage" because it is missing required fields: s, succ_groupidx, succ_replicaidx
[libprotobuf ERROR google/protobuf/message_lite.cc:121] Can't parse message of type "replication.iocl_craq.proto.SuccessorRequestMessage" because it is missing required fields: s, succ_groupidx, succ_replicaidx
[libprotobuf ERROR google/protobuf/message_lite.cc:121] Can't parse message of type "replication.iocl_craq.proto.SuccessorRequestMessage" because it is missing required fields: s, succ_groupidx, succ_replicaidx
[libprotobuf ERROR google/protobuf/message_lite.cc:121] Can't parse message of type "replication.iocl_craq.proto.SuccessorRequestMessage" because it is missing required fields: s, succ_groupidx, succ_replicaidx
[libprotobuf ERROR google/protobuf/message_lite.cc:121] Can't parse message of type "replication.iocl_craq.proto.SuccessorRequestMessage" because it is missing required fields: s, succ_groupidx, succ_replicaidx
[libprotobuf ERROR google/protobuf/message_lite.cc:121] Can't parse message of type "replication.iocl_craq.proto.SuccessorRequestMessage" because it is missing required fields: s, succ_groupidx, succ_replicaidx
[libprotobuf ERROR google/protobuf/message_lite.cc:121] Can't parse message of type "replication.iocl_craq.proto.SuccessorRequestMessage" because it is missing required fields: s, succ_groupidx, succ_replicaidx
[libprotobuf ERROR google/protobuf/message_lite.cc:121] Can't parse message of type "replication.iocl_craq.proto.SuccessorRequestMessage" because it is missing required fields: s, succ_groupidx, succ_replicaidx
[libprotobuf ERROR google/protobuf/message_lite.cc:121] Can't parse message of type "replication.iocl_craq.proto.SuccessorRequestMessage" because it is missing required fields: s, succ_groupidx, succ_replicaidx
[libprotobuf ERROR google/protobuf/message_lite.cc:121] Can't parse message of type "replication.iocl_craq.proto.SuccessorRequestMessage" because it is missing required fields: s, succ_groupidx, succ_replicaidx
[libprotobuf ERROR google/protobuf/message_lite.cc:121] Can't parse message of type "replication.iocl_craq.proto.SuccessorRequestMessage" because it is missing required fields: s, succ_groupidx, succ_replicaidx
[libprotobuf ERROR google/protobuf/message_lite.cc:121] Can't parse message of type "replication.iocl_craq.proto.SuccessorRequestMessage" because it is missing required fields: s, succ_groupidx, succ_replicaidx
[libprotobuf ERROR google/protobuf/message_lite.cc:121] Can't parse message of type "replication.iocl_craq.proto.SuccessorRequestMessage" because it is missing required fields: s, succ_groupidx, succ_replicaidx
[libprotobuf ERROR google/protobuf/message_lite.cc:121] Can't parse message of type "replication.iocl_craq.proto.SuccessorRequestMessage" because it is missing required fields: s, succ_groupidx, succ_replicaidx
[libprotobuf ERROR google/protobuf/message_lite.cc:121] Can't parse message of type "replication.iocl_craq.proto.SuccessorRequestMessage" because it is missing required fields: s, succ_groupidx, succ_replicaidx
[libprotobuf ERROR google/protobuf/message_lite.cc:121] Can't parse message of type "replication.iocl_craq.proto.SuccessorRequestMessage" because it is missing required fields: s, succ_groupidx, succ_replicaidx
[libprotobuf ERROR google/protobuf/message_lite.cc:121] Can't parse message of type "replication.iocl_craq.proto.SuccessorRequestMessage" because it is missing required fields: s, succ_groupidx, succ_replicaidx
[libprotobuf ERROR google/protobuf/message_lite.cc:121] Can't parse message of type "replication.iocl_craq.proto.SuccessorRequestMessage" because it is missing required fields: s, succ_groupidx, succ_replicaidx
[libprotobuf ERROR google/protobuf/message_lite.cc:121] Can't parse message of type "replication.iocl_craq.proto.SuccessorRequestMessage" because it is missing required fields: s, succ_groupidx, succ_replicaidx
[libprotobuf ERROR google/protobuf/message_lite.cc:121] Can't parse message of type "replication.iocl_craq.proto.SuccessorRequestMessage" because it is missing required fields: s, succ_groupidx, succ_replicaidx
[libprotobuf ERROR google/protobuf/message_lite.cc:121] Can't parse message of type "replication.iocl_craq.proto.SuccessorRequestMessage" because it is missing required fields: s, succ_groupidx, succ_replicaidx
[libprotobuf ERROR google/protobuf/message_lite.cc:121] Can't parse message of type "replication.iocl_craq.proto.SuccessorRequestMessage" because it is missing required fields: s, succ_groupidx, succ_replicaidx
[libprotobuf ERROR google/protobuf/message_lite.cc:121] Can't parse message of type "replication.iocl_craq.proto.SuccessorRequestMessage" because it is missing required fields: s, succ_groupidx, succ_replicaidx
[libprotobuf ERROR google/protobuf/message_lite.cc:121] Can't parse message of type "replication.iocl_craq.proto.SuccessorRequestMessage" because it is missing required fields: s, succ_groupidx, succ_replicaidx
[libprotobuf ERROR google/protobuf/message_lite.cc:121] Can't parse message of type "replication.iocl_craq.proto.SuccessorRequestMessage" because it is missing required fields: s, succ_groupidx, succ_replicaidx
[libprotobuf ERROR google/protobuf/message_lite.cc:121] Can't parse message of type "replication.iocl_craq.proto.SuccessorRequestMessage" because it is missing required fields: s, succ_groupidx, succ_replicaidx
[libprotobuf ERROR google/protobuf/message_lite.cc:121] Can't parse message of type "replication.iocl_craq.proto.SuccessorRequestMessage" because it is missing required fields: s, succ_groupidx, succ_replicaidx
[libprotobuf ERROR google/protobuf/message_lite.cc:121] Can't parse message of type "replication.iocl_craq.proto.SuccessorRequestMessage" because it is missing required fields: s, succ_groupidx, succ_replicaidx
[libprotobuf ERROR google/protobuf/message_lite.cc:121] Can't parse message of type "replication.iocl_craq.proto.SuccessorRequestMessage" because it is missing required fields: s, succ_groupidx, succ_replicaidx
20260313-143113-7098 07053 ! TCPIncomingEventCallback (tcptransport.cc:938): [TCP INCOMING 131] EOF, lifetime=26636.51 ms
20260313-143113-7100 07053 ! TCPIncomingEventCallback (tcptransport.cc:938): [TCP INCOMING 123] EOF, lifetime=31627.56 ms
20260313-143113-8637 07053 ! TCPIncomingEventCallback (tcptransport.cc:938): [TCP INCOMING 127] EOF, lifetime=26832.64 ms
20260313-143113-8639 07053 ! TCPIncomingEventCallback (tcptransport.cc:938): [TCP INCOMING 119] EOF, lifetime=31823.69 ms
20260313-143113-8998 07053 ! TCPIncomingEventCallback (tcptransport.cc:938): [TCP INCOMING 128] EOF, lifetime=26838.35 ms
20260313-143113-8999 07053 ! TCPIncomingEventCallback (tcptransport.cc:938): [TCP INCOMING 120] EOF, lifetime=31829.00 ms
20260313-143114-0345 07053 ! TCPIncomingEventCallback (tcptransport.cc:938): [TCP INCOMING 125] EOF, lifetime=27138.55 ms
20260313-143114-0347 07053 ! TCPIncomingEventCallback (tcptransport.cc:938): [TCP INCOMING 117] EOF, lifetime=32129.71 ms
20260313-143114-1151 07053 ! TCPIncomingEventCallback (tcptransport.cc:938): [TCP INCOMING 132] EOF, lifetime=27038.34 ms
20260313-143114-1153 07053 ! TCPIncomingEventCallback (tcptransport.cc:938): [TCP INCOMING 124] EOF, lifetime=32029.69 ms
20260313-143114-2031 07053 ! TCPIncomingEventCallback (tcptransport.cc:938): [TCP INCOMING 130] EOF, lifetime=27130.10 ms
20260313-143114-2033 07053 ! TCPIncomingEventCallback (tcptransport.cc:938): [TCP INCOMING 122] EOF, lifetime=32121.04 ms
20260313-143114-2034 07053 ! TCPIncomingEventCallback (tcptransport.cc:938): [TCP INCOMING 129] EOF, lifetime=27141.16 ms
20260313-143114-2035 07053 ! TCPIncomingEventCallback (tcptransport.cc:938): [TCP INCOMING 121] EOF, lifetime=32132.04 ms
20260313-143114-3451 07053 ! TCPIncomingEventCallback (tcptransport.cc:938): [TCP INCOMING 126] EOF, lifetime=27436.64 ms
20260313-143114-3454 07053 ! TCPIncomingEventCallback (tcptransport.cc:938): [TCP INCOMING 118] EOF, lifetime=32427.96 ms
20260313-143120-8442 07053 * Cleanup         (server.cc:589):    Gracefully exiting after signal 15.
20260313-143120-8443 07053 * Stop            (tcptransport.cc:601): [TCP SUMMARY] outgoingCreated=58 outgoingClosed=0 incomingCreated=74 incomingClosed=16 outgoingPeak=92 incomingPeak=37
Inserted events:
  0x560ec224e0d0 [fd  9] Read Persist Internal
  0x560ec2255e30 [fd  10] Read Persist
  0x560ec22612e0 [fd  11] Read Persist
  0x560ece90b120 [fd  12] Read Persist
  0x560ece90b340 [fd  13] Read Persist
  0x560ece90b560 [fd  14] Read Persist
  0x560ece908360 [fd  15] Read Persist
  0x560ece8fc990 [fd  16] Read Persist
  0x560ece9067a0 [fd  17] Read Persist
  0x560ece8fdf50 [fd  18] Read Persist
  0x560ece906c50 [fd  19] Read Persist
  0x560ece907940 [fd  20] Read Persist
  0x560ece8fce70 [fd  21] Read Persist
  0x560ece8fd410 [fd  22] Read Persist
  0x560ece8fd7b0 [fd  23] Read Persist
  0x560ece8fdbb0 [fd  24] Read Persist
  0x560ece8fbb70 [fd  25] Read Persist
  0x560ece8fc100 [fd  26] Read Persist
  0x560ece8fc690 [fd  27] Read Persist
  0x560ece903db0 [fd  28] Read Persist
  0x560ece904470 [fd  29] Read Persist
  0x560ece904a00 [fd  30] Read Persist
  0x560ece904f10 [fd  31] Read Persist
  0x560ece9054a0 [fd  32] Read Persist
  0x560ece90b780 [fd  33] Read Persist
  0x560ece90bca0 [fd  34] Read Persist
  0x560ece90c230 [fd  35] Read Persist
  0x560ece90c7c0 [fd  36] Read Persist
  0x560ece90cd50 [fd  37] Read Persist
  0x560ece90d2e0 [fd  38] Read Persist
  0x560ece90d870 [fd  39] Read Persist
  0x560ece90de00 [fd  40] Read Persist
  0x560ece90e390 [fd  41] Read Persist
  0x560ece90e920 [fd  42] Read Persist
  0x560ece90eeb0 [fd  43] Read Persist
  0x560ece90f2d0 [fd  44] Read Persist
  0x560ece90f4f0 [fd  45] Read Persist
  0x560ece90f7a0 [fd  46] Read Persist
  0x560ece90fb40 [fd  47] Read Persist
  0x560ece90fee0 [fd  48] Read Persist
  0x560ece910500 [fd  49] Read Persist
  0x560ece9108a0 [fd  50] Read Persist
  0x560ece910c40 [fd  51] Read Persist
  0x560ece910fe0 [fd  52] Read Persist
  0x560ece911380 [fd  53] Read Persist
  0x560ece911720 [fd  54] Read Persist
  0x560ece911ac0 [fd  55] Read Persist
  0x560ece911e60 [fd  56] Read Persist
  0x560ece912200 [fd  57] Read Persist
  0x560ece9125a0 [fd  58] Read Persist
  0x560ece912940 [fd  59] Read Persist
  0x560ece912d10 [fd  60] Read Persist
  0x560ece9130e0 [fd  61] Read Persist
  0x560ece9134b0 [fd  62] Read Persist
  0x560ece913880 [fd  63] Read Persist
  0x560ece913c50 [fd  64] Read Persist
  0x560ec225d980 [fd  65] Read Persist
  0x560ece914460 [fd  66] Read Persist
  0x560ece9147a0 [fd  67] Read Persist
  0x560ece914ae0 [fd  68] Read Persist
  0x560ece914e20 [fd  69] Read Persist
  0x560ece915160 [fd  70] Read Persist
  0x560ece9154a0 [fd  71] Read Persist
  0x560ece9263d0 [fd  72] Read Persist
  0x560ece9265f0 [fd  73] Read Persist
  0x560ece926810 [fd  74] Read Persist
  0x560ece916300 [fd  75] Read Persist
  0x560ece915bf0 [fd  76] Read Persist
  0x560ece916030 [fd  77] Read Persist
  0x560ece926ba0 [fd  78] Read Persist
  0x560ece926dc0 [fd  79] Read Persist
  0x560ece926fe0 [fd  80] Read Persist
  0x560ece927200 [fd  81] Read Persist
  0x560ece927610 [fd  82] Read Persist
  0x560ece927a20 [fd  83] Read Persist
  0x560ece927e30 [fd  84] Read Persist
  0x560ece928240 [fd  85] Read Persist
  0x560ece928650 [fd  86] Read Persist
  0x560ece928a60 [fd  87] Read Persist
  0x560ece928e70 [fd  88] Read Persist
  0x560ece929280 [fd  89] Read Persist
  0x560ece929720 [fd  90] Read Persist
  0x560ece92a730 [fd  91] Read Persist
  0x560ece92acc0 [fd  92] Read Persist
  0x560ece92b250 [fd  93] Read Persist
  0x560ece92b7e0 [fd  94] Read Persist
  0x560ece92bd70 [fd  95] Read Persist
  0x560ece92c300 [fd  96] Read Persist
  0x560ece92c890 [fd  97] Read Persist
  0x560ece92ce20 [fd  98] Read Persist
  0x560ece92d3b0 [fd  99] Read Persist
  0x560ece92d940 [fd  100] Read Persist
  0x560ece92ded0 [fd  101] Read Persist
  0x560ece92e460 [fd  102] Read Persist
  0x560ece92e9f0 [fd  103] Read Persist
  0x560ece90a520 [fd  104] Read Persist
  0x560ece933060 [fd  105] Read Persist
  0x560ece9334a0 [fd  106] Read Persist
  0x560ece92fe50 [fd  107] Read Persist
  0x560ece9302c0 [fd  108] Read Persist
  0x560ece930730 [fd  109] Read Persist
  0x560ece930fc0 [fd  110] Read Persist
  0x560ece931460 [fd  111] Read Persist
  0x560ece931900 [fd  112] Read Persist
  0x560ece931da0 [fd  113] Read Persist
  0x560ece9321c0 [fd  114] Read Persist
  0x560ece9326e0 [fd  115] Read Persist
  0x560ece932b00 [fd  116] Read Persist
  0x560ece934240 [fd  117] Read Persist
  0x560ece934660 [fd  118] Read Persist
  0x560ece934b80 [fd  119] Read Persist
  0x560ece935020 [fd  120] Read Persist
  0x560ece9354c0 [fd  121] Read Persist
  0x560ece935960 [fd  122] Read Persist
  0x560ece935e00 [fd  123] Read Persist
  0x560ece9362a0 [fd  124] Read Persist
  0x560ece936740 [fd  125] Read Persist
  0x560ece936be0 [fd  126] Read Persist
  0x560ece937080 [fd  127] Read Persist
Active events:
20260313-143120-8459 07053 * Cleanup         (server.cc:593):    Exporting stats to /mnt/extra/experiments/2026-04-13-14-30-10/out/server-0-8-1-stats-0.json.
