20250304-123759-0024 26786 * main            (benchmark.cc:397): Starting benchmark.
Session created: 0
last_service: , current_state: 0
Session continued: 0
last_service: , current_state: 0
Session destroyed: 18446744073709551615
last_service: , current_state: 0
20250304-123810-3343 26786 * WarmupDone      (bench_client.cc:719): Completed warmup period of 10 seconds with 1079 requests
20250304-123831-3355 26786 * Finish          (bench_client.cc:917): Completed 5014 requests in 21.001432 seconds
20250304-123831-3356 26786 * Finish          (bench_client.cc:918): 1 outstanding transactions.
Session continued: 0
last_service: spanner-3-1804289383, current_state: 2
Session destroyed: 18446744073709551615
last_service: , current_state: 0
Session continued: 0
last_service: spanner-3-1804289383, current_state: 2
Session destroyed: 18446744073709551615
last_service: , current_state: 0
Session destroyed: 0
last_service: spanner-3-1804289383, current_state: 2
20250304-123839-3347 26786 * FlushStats      (benchmark.cc:843): Flushing stats to /mnt/extra/experiments/2025-04-04-12-37-50/out/client-0-0-3-stats-0.json.
20250304-123841-3385 26786 * Cleanup         (bench_client.cc:741): Aborting 0 outstanding transactions.
20250304-123841-3386 26786 * CooldownDone    (bench_client.cc:771): Finished cooldown period.
20250304-123841-3433 26786 * CooldownDone    (bench_client.cc:778): Median latency is 3941174 ns (3941 us)
20250304-123841-3435 26786 * CooldownDone    (bench_client.cc:787): Average latency is 4105798 ns (4105 us)
20250304-123841-3435 26786 * CooldownDone    (bench_client.cc:791): 90th percentile latency is 5213933 ns (5213 us)
20250304-123841-3436 26786 * CooldownDone    (bench_client.cc:795): 95th percentile latency is 5587047 ns (5587 us)
20250304-123841-3436 26786 * CooldownDone    (bench_client.cc:799): 99th percentile latency is 6180634 ns (6180 us)
20250304-123841-3437 26786 * LATENCY total: 1574 us 4105 us/2097 us 107 ms (5015 samples, 20 s total)
20250304-123841-3437 26786 *    1048 us |          9 | 
20250304-123841-3438 26786 *    2097 us |       3306 | ==================================================
20250304-123841-3438 26786 *    4194 us |       1690 | =========================
20250304-123841-3439 26786 *    8388 us |          7 | 
20250304-123841-3439 26786 *      16 ms |          1 | 
20250304-123841-3439 26786 *      33 ms |          1 | 
20250304-123841-3440 26786 *      67 ms |          1 | 
Inserted events:
  0x562bc0559390 [fd  7] Read Persist Internal
  0x562bc056ac30 [fd  9] Read Persist
Active events:
20250304-123841-3444 26786 * main            (benchmark.cc:803): Cleaning up after experiment.
20250304-123841-3445 26786 * FlushStats      (benchmark.cc:843): Flushing stats to /mnt/extra/experiments/2025-04-04-12-37-50/out/client-0-0-3-stats-0.json.
