#start,0,0
app,728702464,30562106847,73
user_create,728702464,30562106847,73
app,1031945728,31594105243,73
user_create,1031945728,31594105243,73
app,1108187136,32702345848,73
user_create,1108187136,32702345848,73
app,1275721216,33978119373,73
user_create,1275721216,33978119373,73
app,1008345600,34986517906,73
user_create,1008345600,34986517906,73
app,736827904,35723398447,73
user_create,736827904,35723398447,73
app,937777152,36661227941,73
user_create,937777152,36661227941,73
app,1544380928,38205661773,73
user_create,1544380928,38205661773,73
app,1042247936,39247962713,73
user_create,1042247936,39247962713,73
app,989767680,40237783193,73
user_create,989767680,40237783193,73
app,1063685120,41301521778,73
user_create,1063685120,41301521778,73
app,1121634816,42423209905,73
user_create,1121634816,42423209905,73
app,916718848,43339982032,73
user_create,916718848,43339982032,73
app,1141922816,44481958866,73
user_create,1141922816,44481958866,73
app,909081856,45391103982,73
user_create,909081856,45391103982,73
app,948417536,46339574098,73
user_create,948417536,46339574098,73
app,956340480,47295967340,73
user_create,956340480,47295967340,73
app,1082851840,48378871679,73
user_create,1082851840,48378871679,73
app,903873792,49282799005,73
user_create,903873792,49282799005,73
app,884310272,50167161941,73
user_create,884310272,50167161941,73
app,921403648,51088617801,73
user_create,921403648,51088617801,73
app,827459840,51916131019,73
user_create,827459840,51916131019,73
app,953722880,52869906425,73
user_create,953722880,52869906425,73
app,792204288,53662164449,73
user_create,792204288,53662164449,73
app,850547712,54512764930,73
user_create,850547712,54512764930,73
app,837649920,55350469112,73
user_create,837649920,55350469112,73
app,838413568,56188934803,73
user_create,838413568,56188934803,73
app,961258752,57150246858,73
user_create,961258752,57150246858,73
app,1003965440,58154265403,73
user_create,1003965440,58154265403,73
app,953801728,59108119964,73
user_create,953801728,59108119964,73
app,957325824,60065499544,73
user_create,957325824,60065499544,73
app,868303616,60933856248,73
user_create,868303616,60933856248,73
app,1028168960,61962077856,73
user_create,1028168960,61962077856,73
app,1017147136,62979278802,73
user_create,1017147136,62979278802,73
app,873945088,63853276968,73
user_create,873945088,63853276968,73
app,1096000768,64949331283,73
user_create,1096000768,64949331283,73
app,1140544512,66089929342,73
user_create,1140544512,66089929342,73
app,937015296,67026997804,73
user_create,937015296,67026997804,73
app,680992256,67708047151,73
user_create,680992256,67708047151,73
app,791677184,68499792337,73
user_create,791677184,68499792337,73
app,1032035584,69531882047,73
user_create,1032035584,69531882047,73
app,1030282240,70562219381,73
user_create,1030282240,70562219381,73
app,958022912,71520303487,73
user_create,958022912,71520303487,73
app,884000512,72404361009,73
user_create,884000512,72404361009,73
app,864727808,73269142866,73
user_create,864727808,73269142866,73
app,1339226624,74608422517,73
user_create,1339226624,74608422517,73
app,1115505664,75723981380,73
user_create,1115505664,75723981380,73
app,1025024000,76749058485,73
user_create,1025024000,76749058485,73
app,885920768,77635032415,73
user_create,885920768,77635032415,73
app,951506688,78586591720,73
user_create,951506688,78586591720,73
app,1069982464,79656626462,73
user_create,1069982464,79656626462,73
app,1161193472,80817873477,73
user_create,1161193472,80817873477,73
app,1019340544,81837267160,73
user_create,1019340544,81837267160,73
app,751746048,82589066505,73
user_create,751746048,82589066505,73
app,860826368,83449946403,73
user_create,860826368,83449946403,73
app,875324672,84325324773,73
user_create,875324672,84325324773,73
app,1093388544,85418773651,73
user_create,1093388544,85418773651,73
app,940033024,86358862400,73
user_create,940033024,86358862400,73
app,1163066624,87521982192,73
user_create,1163066624,87521982192,73
app,949402624,88471437931,73
user_create,949402624,88471437931,73
app,1119337728,89590829133,73
user_create,1119337728,89590829133,73
app,1023210496,90614092111,73
user_create,1023210496,90614092111,73
app,1439210752,92053355455,73
user_create,1439210752,92053355455,73
app,839360256,92892769336,73
user_create,839360256,92892769336,73
app,862182656,93755005598,73
user_create,862182656,93755005598,73
app,641416704,94396474838,73
user_create,641416704,94396474838,73
app,980379136,95376906871,73
user_create,980379136,95376906871,73
app,1029490176,96406450033,73
user_create,1029490176,96406450033,73
app,840783872,97247286081,73
user_create,840783872,97247286081,73
app,798376704,98045715808,73
user_create,798376704,98045715808,73
app,982948352,99028722524,73
user_create,982948352,99028722524,73
app,789796096,99818578243,73
user_create,789796096,99818578243,73
app,918480640,100737112522,73
user_create,918480640,100737112522,73
app,1077293824,101814460039,73
user_create,1077293824,101814460039,73
app,784314368,102598834037,73
user_create,784314368,102598834037,73
app,1014721024,103613608360,73
user_create,1014721024,103613608360,73
app,1012623616,104626285552,73
user_create,1012623616,104626285552,73
app,1183021824,105809360504,73
user_create,1183021824,105809360504,73
app,843284992,106652698278,73
user_create,843284992,106652698278,73
app,881550848,107534302473,73
user_create,881550848,107534302473,73
app,983034880,108517389774,73
user_create,983034880,108517389774,73
app,1024065792,109541509151,73
user_create,1024065792,109541509151,73
app,1072581888,110614144563,73
user_create,1072581888,110614144563,73
app,957463040,111571664094,73
user_create,957463040,111571664094,73
app,1009222144,112580939531,73
user_create,1009222144,112580939531,73
app,837567232,113418559551,73
user_create,837567232,113418559551,73
app,785201152,114203814983,73
user_create,785201152,114203814983,73
app,825769728,115029642105,73
user_create,825769728,115029642105,73
app,783186432,115812883377,73
user_create,783186432,115812883377,73
app,922989312,116735939979,73
user_create,922989312,116735939979,73
app,1153655296,117889648675,73
user_create,1153655296,117889648675,73
app,952387584,118842091083,73
user_create,952387584,118842091083,73
app,949312256,119791457653,73
user_create,949312256,119791457653,73
app,881884928,120673395633,73
user_create,881884928,120673395633,73
app,1023459840,121696908712,73
user_create,1023459840,121696908712,73
app,1190061312,122887025594,73
user_create,1190061312,122887025594,73
app,1102579968,123989659070,73
user_create,1102579968,123989659070,73
app,964204800,124953917264,73
user_create,964204800,124953917264,73
app,955389440,125909365653,73
user_create,955389440,125909365653,73
app,1017547008,126926968574,73
user_create,1017547008,126926968574,73
app,1004810752,127931831598,73
user_create,1004810752,127931831598,73
app,966764800,128898649930,73
user_create,966764800,128898649930,73
app,791982336,129690686464,73
user_create,791982336,129690686464,73
app,924987136,130615726947,73
user_create,924987136,130615726947,73
app,905637120,131521417617,73
user_create,905637120,131521417617,73
app,1480740608,133002213239,73
user_create,1480740608,133002213239,73
app,952630784,133954901218,73
user_create,952630784,133954901218,73
app,923470848,134878426074,73
user_create,923470848,134878426074,73
app,1116362752,135994842529,73
user_create,1116362752,135994842529,73
app,1428441088,137423336505,73
user_create,1428441088,137423336505,73
app,949202688,138372592210,73
user_create,949202688,138372592210,73
app,1116686080,139489331007,73
user_create,1116686080,139489331007,73
app,1176560128,140665945291,73
user_create,1176560128,140665945291,73
app,831254528,141497252464,73
user_create,831254528,141497252464,73
app,1000151552,142497457027,73
user_create,1000151552,142497457027,73
app,889972736,143387483596,73
user_create,889972736,143387483596,73
app,918339584,144305875539,73
user_create,918339584,144305875539,73
app,920617728,145226547718,73
user_create,920617728,145226547718,73
app,859278592,146085879802,73
user_create,859278592,146085879802,73
app,1234547712,147320481777,73
user_create,1234547712,147320481777,73
app,1222026752,148542560815,73
user_create,1222026752,148542560815,73
app,1128010496,149670625686,73
user_create,1128010496,149670625686,73
app,1165960960,150836640834,73
user_create,1165960960,150836640834,73
app,1035773696,151872468233,73
user_create,1035773696,151872468233,73
app,1006719744,152879241704,73
user_create,1006719744,152879241704,73
app,959453952,153838749647,73
user_create,959453952,153838749647,73
app,1074999040,154913806915,73
user_create,1074999040,154913806915,73
app,1081600256,155995468378,73
user_create,1081600256,155995468378,73
app,890374656,156885897397,73
user_create,890374656,156885897397,73
app,905371392,157791321516,73
user_create,905371392,157791321516,73
app,879183616,158670561790,73
user_create,879183616,158670561790,73
app,1325514240,159996128559,73
user_create,1325514240,159996128559,73
app,1021984256,161018166780,73
user_create,1021984256,161018166780,73
app,1414146816,162432367086,73
user_create,1414146816,162432367086,73
app,772925440,163205345630,73
user_create,772925440,163205345630,73
app,1074421504,164279817581,73
user_create,1074421504,164279817581,73
app,785913856,165065786123,73
user_create,785913856,165065786123,73
app,854608128,165920447349,73
user_create,854608128,165920447349,73
app,892627200,166813127517,73
user_create,892627200,166813127517,73
app,1130826240,167944021701,73
user_create,1130826240,167944021701,73
app,866976768,168811053752,73
user_create,866976768,168811053752,73
app,1146039808,169957148075,73
user_create,1146039808,169957148075,73
app,1021257728,170978460788,73
user_create,1021257728,170978460788,73
app,838307072,171816820621,73
user_create,838307072,171816820621,73
app,1048725504,172865598917,73
user_create,1048725504,172865598917,73
app,1095494144,173961146831,73
user_create,1095494144,173961146831,73
app,1425429504,175386630535,73
user_create,1425429504,175386630535,73
app,787950848,176174634218,73
user_create,787950848,176174634218,73
app,860240384,177034926652,73
user_create,860240384,177034926652,73
app,881636864,177916615724,73
user_create,881636864,177916615724,73
app,890462976,178807131052,73
user_create,890462976,178807131052,73
app,947479296,179754664421,73
user_create,947479296,179754664421,73
app,787774464,180542491436,73
user_create,787774464,180542491436,73
app,816629248,181359173297,73
user_create,816629248,181359173297,73
app,1005095424,182364322185,73
user_create,1005095424,182364322185,73
app,1215917056,183580299854,73
user_create,1215917056,183580299854,73
app,957535488,184537895679,73
user_create,957535488,184537895679,73
app,1091851008,185629799604,73
user_create,1091851008,185629799604,73
app,1226574080,186856427907,73
user_create,1226574080,186856427907,73
app,812742912,187669223785,73
user_create,812742912,187669223785,73
app,1199536128,188868815660,73
user_create,1199536128,188868815660,73
app,803805184,189672676324,73
user_create,803805184,189672676324,73
app,834048256,190506778240,73
user_create,834048256,190506778240,73
app,1094819328,191601651191,73
user_create,1094819328,191601651191,73
app,857178624,192458883285,73
user_create,857178624,192458883285,73
app,1160528384,193619464635,73
user_create,1160528384,193619464635,73
app,989380352,194608898878,73
user_create,989380352,194608898878,73
app,867655168,195476607561,73
user_create,867655168,195476607561,73
app,834168832,196310829401,73
user_create,834168832,196310829401,73
app,788143360,197099031209,73
user_create,788143360,197099031209,73
app,1763574528,198862658262,73
user_create,1763574528,198862658262,73
app,1099596544,199962309122,73
user_create,1099596544,199962309122,73
app,1501952768,201464319467,73
user_create,1501952768,201464319467,73
app,927922688,202392295360,73
user_create,927922688,202392295360,73
app,884941312,203277289867,73
user_create,884941312,203277289867,73
app,950131200,204227473974,73
user_create,950131200,204227473974,73
app,871139840,205098667383,73
user_create,871139840,205098667383,73
app,1066994432,206165714502,73
user_create,1066994432,206165714502,73
app,1168329216,207334096670,73
user_create,1168329216,207334096670,73
app,1301164288,208635314464,73
user_create,1301164288,208635314464,73
app,950128384,209585497856,73
user_create,950128384,209585497856,73
app,874775552,210460327386,73
user_create,874775552,210460327386,73
app,836600576,211296980857,73
user_create,836600576,211296980857,73
app,1276966912,212574046850,73
user_create,1276966912,212574046850,73
app,1043725056,213617826700,73
user_create,1043725056,213617826700,73
app,786775040,214404657840,73
user_create,786775040,214404657840,73
app,982373120,215387084007,73
user_create,982373120,215387084007,73
app,1085696000,216472833633,73
user_create,1085696000,216472833633,73
app,886060800,217358948707,73
user_create,886060800,217358948707,73
app,1254550528,218613566160,73
user_create,1254550528,218613566160,73
app,1009502464,219623123645,73
user_create,1009502464,219623123645,73
app,1150160896,220773339033,73
user_create,1150160896,220773339033,73
app,929079808,221702472925,73
user_create,929079808,221702472925,73
app,935508736,222638034105,73
user_create,935508736,222638034105,73
app,1156621312,223794709205,73
user_create,1156621312,223794709205,73
app,949097472,224743860483,73
user_create,949097472,224743860483,73
app,862203648,225606118202,73
user_create,862203648,225606118202,73
app,1145090816,226751262187,73
user_create,1145090816,226751262187,73
app,1130534144,227881849050,73
user_create,1130534144,227881849050,73
app,789443584,228671349763,73
user_create,789443584,228671349763,73
app,1005766400,229677173852,73
user_create,1005766400,229677173852,73
app,1099917568,230777146339,73
user_create,1099917568,230777146339,73
app,949271552,231726471900,73
user_create,949271552,231726471900,73
app,900564224,232627090215,73
user_create,900564224,232627090215,73
app,785517056,233412664890,73
user_create,785517056,233412664890,73
app,1121089024,234533820152,73
user_create,1121089024,234533820152,73
app,876130048,235410013914,73
user_create,876130048,235410013914,73
app,953232896,236363301992,73
user_create,953232896,236363301992,73
app,1019715328,237383070945,73
user_create,1019715328,237383070945,73
app,1013283328,238396408319,73
user_create,1013283328,238396408319,73
app,871974912,239268444061,73
user_create,871974912,239268444061,73
app,910081536,240178588867,73
user_create,910081536,240178588867,73
app,1206772992,241385417938,73
user_create,1206772992,241385417938,73
app,990577408,242376049280,73
user_create,990577408,242376049280,73
app,930052608,243306159973,73
user_create,930052608,243306159973,73
app,955850496,244262063980,73
user_create,955850496,244262063980,73
app,910158080,245172277450,73
user_create,910158080,245172277450,73
#end,245,172285,73
