20260110-074210-8924 01462 * Client          (client.cc:73):     Initializing StrongStore client with id [72]
20260110-074210-8930 01462 * BenchmarkClient (bench_client.cc:89): starting benchclient, issueConcurrent: 0; fanout: 1
Session created: 0
last_service: , current_state: 0
Session continued: 0
last_service: , current_state: 0
Session destroyed: 18446744073709551615
last_service: , current_state: 0
20260110-074705-3600 01462 * Stop            (tcptransport.cc:606): [TCP SUMMARY] outgoingCreated=10 outgoingClosed=0 incomingCreated=0 incomingClosed=0 outgoingPeak=10 incomingPeak=0
Inserted events:
  0x1d595d0 [fd  7] Read Persist Internal
  0x1d596e0 [fd  8] Read Persist
  0x1d60500 [fd  9] Read Persist
  0x1d75880 [fd  10] Read Persist
  0x1d7eeb0 [fd  11] Read Persist
  0x1d7fe00 [fd  12] Read Persist
  0x1d81400 [fd  13] Read Persist
  0x1d801f0 [fd  14] Read Persist
  0x1d818d0 [fd  15] Read Persist
  0x1d82600 [fd  16] Read Persist
  0x1d83df0 [fd  17] Read Persist
  0x7f77e8000b20 [fd  -1] Persist Timeout=1770734825.393242
Active events:
20260110-074705-3603 01462 * ~BenchmarkClient (bench_client.cc:114): Stopped event loop and Joined the thread it ran on
