20260313-150311-7079 08682 * main            (server.cc:217):    Starting server.
20260313-150311-7091 08682 * main            (server.cc:335):    Creating a default paritioner!
20260313-150313-6326 08682 * main            (server.cc:513):    Done loading server.
20260313-150335-2623 08682 * HandlePrepare   (replica.cc:709):   [2] Tail batch: size=1 pending_ooo=0 avg_batch_size=1.00 total_ops=1
20260313-150336-6579 08682 * HandlePrepare   (replica.cc:709):   [2] Tail batch: size=1 pending_ooo=0 avg_batch_size=1.00 total_ops=2
20260313-150337-6656 08682 * HandlePrepare   (replica.cc:709):   [2] Tail batch: size=1 pending_ooo=0 avg_batch_size=1.00 total_ops=3
20260313-150339-4760 08682 * HandlePrepare   (replica.cc:709):   [2] Tail batch: size=1 pending_ooo=0 avg_batch_size=1.00 total_ops=4
20260313-150342-0792 08682 * HandlePrepare   (replica.cc:709):   [2] Tail batch: size=1 pending_ooo=0 avg_batch_size=1.00 total_ops=5
20260313-150342-8973 08682 * HandlePrepare   (replica.cc:709):   [2] Tail batch: size=1 pending_ooo=0 avg_batch_size=1.00 total_ops=6
20260313-150343-8938 08682 * HandlePrepare   (replica.cc:709):   [2] Tail batch: size=1 pending_ooo=0 avg_batch_size=1.00 total_ops=7
20260313-150349-1335 08682 * HandlePrepare   (replica.cc:709):   [2] Tail batch: size=1 pending_ooo=0 avg_batch_size=1.00 total_ops=8
20260313-150349-1590 08682 * HandlePrepare   (replica.cc:709):   [2] Tail batch: size=1 pending_ooo=0 avg_batch_size=1.00 total_ops=9
20260313-150350-3615 08682 * HandlePrepare   (replica.cc:709):   [2] Tail batch: size=1 pending_ooo=0 avg_batch_size=1.00 total_ops=10
20260313-150355-9928 08682 * HandlePrepare   (replica.cc:709):   [2] Tail batch: size=1 pending_ooo=0 avg_batch_size=1.00 total_ops=11
20260313-150356-7971 08682 * HandlePrepare   (replica.cc:709):   [2] Tail batch: size=1 pending_ooo=0 avg_batch_size=1.00 total_ops=12
20260313-150402-2277 08682 * HandlePrepare   (replica.cc:709):   [2] Tail batch: size=1 pending_ooo=0 avg_batch_size=1.00 total_ops=13
20260313-150404-8415 08682 * HandlePrepare   (replica.cc:709):   [2] Tail batch: size=1 pending_ooo=0 avg_batch_size=1.00 total_ops=14
20260313-150405-5930 08682 ! TCPIncomingEventCallback (tcptransport.cc:938): [TCP INCOMING 121] EOF, lifetime=30957.38 ms
20260313-150405-6266 08682 ! TCPIncomingEventCallback (tcptransport.cc:938): [TCP INCOMING 117] EOF, lifetime=31185.90 ms
20260313-150405-6374 08682 ! TCPIncomingEventCallback (tcptransport.cc:938): [TCP INCOMING 124] EOF, lifetime=30986.53 ms
20260313-150405-8020 08682 ! TCPIncomingEventCallback (tcptransport.cc:938): [TCP INCOMING 119] EOF, lifetime=31174.03 ms
20260313-150406-8534 08682 * HandlePrepare   (replica.cc:709):   [2] Tail batch: size=1 pending_ooo=0 avg_batch_size=1.00 total_ops=15
20260313-150407-4224 08682 ! TCPIncomingEventCallback (tcptransport.cc:938): [TCP INCOMING 123] EOF, lifetime=32777.44 ms
20260313-150408-2243 08682 ! TCPIncomingEventCallback (tcptransport.cc:938): [TCP INCOMING 122] EOF, lifetime=33584.65 ms
20260313-150409-2215 08682 ! TCPIncomingEventCallback (tcptransport.cc:938): [TCP INCOMING 118] EOF, lifetime=34595.66 ms
20260313-150409-6412 08682 ! TCPIncomingEventCallback (tcptransport.cc:938): [TCP INCOMING 120] EOF, lifetime=35006.53 ms
20260313-150416-1378 08682 * Cleanup         (server.cc:589):    Gracefully exiting after signal 15.
20260313-150416-1379 08682 * Stop            (tcptransport.cc:601): [TCP SUMMARY] outgoingCreated=58 outgoingClosed=0 incomingCreated=66 incomingClosed=8 outgoingPeak=89 incomingPeak=37
Inserted events:
  0x55f5cc1e0d00 [fd  9] Read Persist Internal
  0x55f5cc1e8a60 [fd  10] Read Persist
  0x55f5cc1f3e70 [fd  11] Read Persist
  0x55f5d883d640 [fd  12] Read Persist
  0x55f5d883a880 [fd  13] Read Persist
  0x55f5d8838c50 [fd  14] Read Persist
  0x55f5d8830660 [fd  15] Read Persist
  0x55f5d8839170 [fd  16] Read Persist
  0x55f5d882f0a0 [fd  17] Read Persist
  0x55f5d8839e60 [fd  18] Read Persist
  0x55f5d882e190 [fd  19] Read Persist
  0x55f5d882e5b0 [fd  20] Read Persist
  0x55f5d882e9d0 [fd  21] Read Persist
  0x55f5d882edf0 [fd  22] Read Persist
  0x55f5d882f7e0 [fd  23] Read Persist
  0x55f5d882fd40 [fd  24] Read Persist
  0x55f5d88302d0 [fd  25] Read Persist
  0x55f5d8835bd0 [fd  26] Read Persist
  0x55f5d8836160 [fd  27] Read Persist
  0x55f5d88366f0 [fd  28] Read Persist
  0x55f5d8836db0 [fd  29] Read Persist
  0x55f5d8837310 [fd  30] Read Persist
  0x55f5d8837870 [fd  31] Read Persist
  0x55f5d8837e00 [fd  32] Read Persist
  0x55f5d883dc40 [fd  33] Read Persist
  0x55f5d883e1d0 [fd  34] Read Persist
  0x55f5d883e760 [fd  35] Read Persist
  0x55f5d883ecf0 [fd  36] Read Persist
  0x55f5d883f280 [fd  37] Read Persist
  0x55f5d883f810 [fd  38] Read Persist
  0x55f5d883fda0 [fd  39] Read Persist
  0x55f5d8840330 [fd  40] Read Persist
  0x55f5d88408c0 [fd  41] Read Persist
  0x55f5d8840ce0 [fd  42] Read Persist
  0x55f5d8840f00 [fd  43] Read Persist
  0x55f5d88411b0 [fd  44] Read Persist
  0x55f5d8841550 [fd  45] Read Persist
  0x55f5d88418f0 [fd  46] Read Persist
  0x55f5d8841c90 [fd  47] Read Persist
  0x55f5d8842030 [fd  48] Read Persist
  0x55f5d8842650 [fd  49] Read Persist
  0x55f5d88429f0 [fd  50] Read Persist
  0x55f5d8842d90 [fd  51] Read Persist
  0x55f5d8843130 [fd  52] Read Persist
  0x55f5d88434d0 [fd  53] Read Persist
  0x55f5d8843870 [fd  54] Read Persist
  0x55f5d8843c10 [fd  55] Read Persist
  0x55f5d8843fe0 [fd  56] Read Persist
  0x55f5d88443b0 [fd  57] Read Persist
  0x55f5d8844780 [fd  58] Read Persist
  0x55f5d8844b50 [fd  59] Read Persist
  0x55f5d8844f20 [fd  60] Read Persist
  0x55f5d8845320 [fd  61] Read Persist
  0x55f5d8845720 [fd  62] Read Persist
  0x55f5d8845b20 [fd  63] Read Persist
  0x55f5d8845f20 [fd  64] Read Persist
  0x55f5cc1f05b0 [fd  65] Read Persist
  0x55f5d8846730 [fd  66] Read Persist
  0x55f5d8846a70 [fd  67] Read Persist
  0x55f5d8846db0 [fd  68] Read Persist
  0x55f5d88470f0 [fd  69] Read Persist
  0x55f5d8847430 [fd  70] Read Persist
  0x55f5d8847770 [fd  71] Read Persist
  0x55f5d8847c60 [fd  72] Read Persist
  0x55f5d8848120 [fd  73] Read Persist
  0x55f5d88485e0 [fd  74] Read Persist
  0x55f5d8848aa0 [fd  75] Read Persist
  0x55f5d8848f60 [fd  76] Read Persist
  0x55f5d8849420 [fd  77] Read Persist
  0x55f5d88498e0 [fd  78] Read Persist
  0x55f5d8849e70 [fd  79] Read Persist
  0x55f5d884a400 [fd  80] Read Persist
  0x55f5d884a990 [fd  81] Read Persist
  0x55f5d884af20 [fd  82] Read Persist
  0x55f5d884b4b0 [fd  83] Read Persist
  0x55f5d884ba40 [fd  84] Read Persist
  0x55f5d884bfd0 [fd  85] Read Persist
  0x55f5d884c560 [fd  86] Read Persist
  0x55f5d884caf0 [fd  87] Read Persist
  0x55f5d884d080 [fd  88] Read Persist
  0x55f5d884d610 [fd  89] Read Persist
  0x55f5d884dba0 [fd  90] Read Persist
  0x55f5d884ebb0 [fd  91] Read Persist
  0x55f5d884f140 [fd  92] Read Persist
  0x55f5d884f6d0 [fd  93] Read Persist
  0x55f5d884fc60 [fd  94] Read Persist
  0x55f5d88501f0 [fd  95] Read Persist
  0x55f5d8850780 [fd  96] Read Persist
  0x55f5d8850d10 [fd  97] Read Persist
  0x55f5d88512a0 [fd  98] Read Persist
  0x55f5d8851830 [fd  99] Read Persist
  0x55f5d8851dc0 [fd  100] Read Persist
  0x55f5d88521e0 [fd  101] Read Persist
  0x55f5d8852400 [fd  102] Read Persist
  0x55f5d88526b0 [fd  103] Read Persist
  0x55f5d8852a50 [fd  104] Read Persist
  0x55f5d8852df0 [fd  105] Read Persist
  0x55f5d8853190 [fd  106] Read Persist
  0x55f5d8853530 [fd  107] Read Persist
  0x55f5d88538d0 [fd  108] Read Persist
  0x55f5d8853c70 [fd  109] Read Persist
  0x55f5d8854010 [fd  110] Read Persist
  0x55f5d88543b0 [fd  111] Read Persist
  0x55f5d8854750 [fd  112] Read Persist
  0x55f5d8854af0 [fd  113] Read Persist
  0x55f5d8854e90 [fd  114] Read Persist
  0x55f5d8855260 [fd  115] Read Persist
  0x55f5d8855630 [fd  116] Read Persist
  0x55f5d8855a00 [fd  117] Read Persist
  0x55f5d8855dd0 [fd  118] Read Persist
  0x55f5d88561a0 [fd  119] Read Persist
  0x55f5d88565a0 [fd  120] Read Persist
  0x55f5d88569a0 [fd  121] Read Persist
  0x55f5d8856da0 [fd  122] Read Persist
  0x55f5d88571a0 [fd  123] Read Persist
  0x55f5d88575a0 [fd  124] Read Persist
  0x55f5d88579a0 [fd  125] Read Persist
  0x55f5d8857da0 [fd  126] Read Persist
  0x55f5d88580e0 [fd  127] Read Persist
Active events:
20260313-150416-1397 08682 * Cleanup         (server.cc:593):    Exporting stats to /mnt/extra/experiments/2026-04-13-15-03-04/out/server-0-3-2-stats-0.json.
