20250304-124707-8345 30895 * main            (benchmark.cc:397): Starting benchmark.
Session created: 0
last_service: , current_state: 0
Session continued: 0
last_service: , current_state: 0
Session destroyed: 18446744073709551615
last_service: , current_state: 0
20250304-124718-6294 30895 * WarmupDone      (bench_client.cc:719): Completed warmup period of 10 seconds with 1473 requests
20250304-124739-6303 30895 * Finish          (bench_client.cc:917): Completed 11065 requests in 21.001614 seconds
20250304-124739-6304 30895 * Finish          (bench_client.cc:918): 1 outstanding transactions.
Session continued: 0
last_service: spanner-0-1804289383, current_state: 2
Session destroyed: 18446744073709551615
last_service: , current_state: 0
Session continued: 0
last_service: spanner-0-1804289383, current_state: 2
Session destroyed: 18446744073709551615
last_service: , current_state: 0
Session destroyed: 0
last_service: spanner-0-1804289383, current_state: 2
20250304-124747-6296 30895 * FlushStats      (benchmark.cc:843): Flushing stats to /mnt/extra/experiments/2025-04-04-12-46-59/out/client-0-0-0-stats-0.json.
20250304-124749-6355 30895 * Cleanup         (bench_client.cc:741): Aborting 0 outstanding transactions.
20250304-124749-6356 30895 * CooldownDone    (bench_client.cc:771): Finished cooldown period.
20250304-124749-6470 30895 * CooldownDone    (bench_client.cc:778): Median latency is 1769029 ns (1769 us)
20250304-124749-6474 30895 * CooldownDone    (bench_client.cc:787): Average latency is 1838281 ns (1838 us)
20250304-124749-6475 30895 * CooldownDone    (bench_client.cc:791): 90th percentile latency is 2295455 ns (2295 us)
20250304-124749-6475 30895 * CooldownDone    (bench_client.cc:795): 95th percentile latency is 2442457 ns (2442 us)
20250304-124749-6476 30895 * CooldownDone    (bench_client.cc:799): 99th percentile latency is 2669992 ns (2669 us)
20250304-124749-6476 30895 * LATENCY total: 862 us 1838 us/1048 us 31 ms (11066 samples, 20 s total)
20250304-124749-6477 30895 *     524 us |         22 | 
20250304-124749-6477 30895 *    1048 us |       9289 | ==================================================
20250304-124749-6478 30895 *    2097 us |       1752 | =========
20250304-124749-6478 30895 *    4194 us |          1 | 
20250304-124749-6478 30895 *    8388 us |          1 | 
20250304-124749-6479 30895 *      16 ms |          1 | 
Inserted events:
  0x556570278390 [fd  7] Read Persist Internal
  0x556570289c30 [fd  9] Read Persist
Active events:
20250304-124749-6484 30895 * main            (benchmark.cc:803): Cleaning up after experiment.
20250304-124749-6485 30895 * FlushStats      (benchmark.cc:843): Flushing stats to /mnt/extra/experiments/2025-04-04-12-46-59/out/client-0-0-0-stats-0.json.
