20260313-151205-6328 10107 * main            (server.cc:217):    Starting server.
20260313-151205-6341 10107 * main            (server.cc:335):    Creating a default paritioner!
20260313-151207-5313 10107 * main            (server.cc:513):    Done loading server.
[libprotobuf ERROR google/protobuf/message_lite.cc:121] Can't parse message of type "replication.iocl_craq.proto.SuccessorRequestMessage" because it is missing required fields: s, succ_groupidx, succ_replicaidx
[libprotobuf ERROR google/protobuf/message_lite.cc:121] Can't parse message of type "replication.iocl_craq.proto.SuccessorRequestMessage" because it is missing required fields: s, succ_groupidx, succ_replicaidx
[libprotobuf ERROR google/protobuf/message_lite.cc:121] Can't parse message of type "replication.iocl_craq.proto.SuccessorRequestMessage" because it is missing required fields: s, succ_groupidx, succ_replicaidx
[libprotobuf ERROR google/protobuf/message_lite.cc:121] Can't parse message of type "replication.iocl_craq.proto.SuccessorRequestMessage" because it is missing required fields: s, succ_groupidx, succ_replicaidx
[libprotobuf ERROR google/protobuf/message_lite.cc:121] Can't parse message of type "replication.iocl_craq.proto.SuccessorRequestMessage" because it is missing required fields: s, succ_groupidx, succ_replicaidx
[libprotobuf ERROR google/protobuf/message_lite.cc:121] Can't parse message of type "replication.iocl_craq.proto.SuccessorRequestMessage" because it is missing required fields: s, succ_groupidx, succ_replicaidx
[libprotobuf ERROR google/protobuf/message_lite.cc:121] Can't parse message of type "replication.iocl_craq.proto.SuccessorRequestMessage" because it is missing required fields: s, succ_groupidx, succ_replicaidx
[libprotobuf ERROR google/protobuf/message_lite.cc:121] Can't parse message of type "replication.iocl_craq.proto.SuccessorRequestMessage" because it is missing required fields: s, succ_groupidx, succ_replicaidx
[libprotobuf ERROR google/protobuf/message_lite.cc:121] Can't parse message of type "replication.iocl_craq.proto.SuccessorRequestMessage" because it is missing required fields: s, succ_groupidx, succ_replicaidx
[libprotobuf ERROR google/protobuf/message_lite.cc:121] Can't parse message of type "replication.iocl_craq.proto.SuccessorRequestMessage" because it is missing required fields: s, succ_groupidx, succ_replicaidx
[libprotobuf ERROR google/protobuf/message_lite.cc:121] Can't parse message of type "replication.iocl_craq.proto.SuccessorRequestMessage" because it is missing required fields: s, succ_groupidx, succ_replicaidx
[libprotobuf ERROR google/protobuf/message_lite.cc:121] Can't parse message of type "replication.iocl_craq.proto.SuccessorRequestMessage" because it is missing required fields: s, succ_groupidx, succ_replicaidx
[libprotobuf ERROR google/protobuf/message_lite.cc:121] Can't parse message of type "replication.iocl_craq.proto.SuccessorRequestMessage" because it is missing required fields: s, succ_groupidx, succ_replicaidx
[libprotobuf ERROR google/protobuf/message_lite.cc:121] Can't parse message of type "replication.iocl_craq.proto.SuccessorRequestMessage" because it is missing required fields: s, succ_groupidx, succ_replicaidx
[libprotobuf ERROR google/protobuf/message_lite.cc:121] Can't parse message of type "replication.iocl_craq.proto.SuccessorRequestMessage" because it is missing required fields: s, succ_groupidx, succ_replicaidx
[libprotobuf ERROR google/protobuf/message_lite.cc:121] Can't parse message of type "replication.iocl_craq.proto.SuccessorRequestMessage" because it is missing required fields: s, succ_groupidx, succ_replicaidx
[libprotobuf ERROR google/protobuf/message_lite.cc:121] Can't parse message of type "replication.iocl_craq.proto.SuccessorRequestMessage" because it is missing required fields: s, succ_groupidx, succ_replicaidx
[libprotobuf ERROR google/protobuf/message_lite.cc:121] Can't parse message of type "replication.iocl_craq.proto.SuccessorRequestMessage" because it is missing required fields: s, succ_groupidx, succ_replicaidx
[libprotobuf ERROR google/protobuf/message_lite.cc:121] Can't parse message of type "replication.iocl_craq.proto.SuccessorRequestMessage" because it is missing required fields: s, succ_groupidx, succ_replicaidx
[libprotobuf ERROR google/protobuf/message_lite.cc:121] Can't parse message of type "replication.iocl_craq.proto.SuccessorRequestMessage" because it is missing required fields: s, succ_groupidx, succ_replicaidx
[libprotobuf ERROR google/protobuf/message_lite.cc:121] Can't parse message of type "replication.iocl_craq.proto.SuccessorRequestMessage" because it is missing required fields: s, succ_groupidx, succ_replicaidx
[libprotobuf ERROR google/protobuf/message_lite.cc:121] Can't parse message of type "replication.iocl_craq.proto.SuccessorRequestMessage" because it is missing required fields: s, succ_groupidx, succ_replicaidx
[libprotobuf ERROR google/protobuf/message_lite.cc:121] Can't parse message of type "replication.iocl_craq.proto.SuccessorRequestMessage" because it is missing required fields: s, succ_groupidx, succ_replicaidx
[libprotobuf ERROR google/protobuf/message_lite.cc:121] Can't parse message of type "replication.iocl_craq.proto.SuccessorRequestMessage" because it is missing required fields: s, succ_groupidx, succ_replicaidx
[libprotobuf ERROR google/protobuf/message_lite.cc:121] Can't parse message of type "replication.iocl_craq.proto.SuccessorRequestMessage" because it is missing required fields: s, succ_groupidx, succ_replicaidx
[libprotobuf ERROR google/protobuf/message_lite.cc:121] Can't parse message of type "replication.iocl_craq.proto.SuccessorRequestMessage" because it is missing required fields: s, succ_groupidx, succ_replicaidx
[libprotobuf ERROR google/protobuf/message_lite.cc:121] Can't parse message of type "replication.iocl_craq.proto.SuccessorRequestMessage" because it is missing required fields: s, succ_groupidx, succ_replicaidx
20260313-151228-0377 10107 * SendRequest     (client.cc:198):    Sending client request with id 1 (shardtag=107374182401 predlist_size=1)
20260313-151228-4271 10107 * SendRequest     (client.cc:198):    Sending client request with id 2 (shardtag=90194313217 predlist_size=0)
20260313-151228-4343 10107 * SendRequest     (client.cc:198):    Sending client request with id 3 (shardtag=55834574849 predlist_size=1)
20260313-151229-0320 10107 * SendRequest     (client.cc:198):    Sending client request with id 4 (shardtag=90194313218 predlist_size=0)
20260313-151229-0322 10107 * SendRequest     (client.cc:198):    Sending client request with id 5 (shardtag=90194313219 predlist_size=1)
20260313-151229-1124 10107 * SendRequest     (client.cc:198):    Sending client request with id 6 (shardtag=141733920769 predlist_size=0)
20260313-151229-1903 10107 * SendRequest     (client.cc:198):    Sending client request with id 7 (shardtag=124554051585 predlist_size=0)
20260313-151229-2904 10107 * SendRequest     (client.cc:198):    Sending client request with id 8 (shardtag=107374182402 predlist_size=1)
20260313-151229-6578 10107 * SendRequest     (client.cc:198):    Sending client request with id 9 (shardtag=73014444033 predlist_size=1)
20260313-151229-7420 10107 * SendRequest     (client.cc:198):    Sending client request with id 10 (shardtag=55834574850 predlist_size=1)
20260313-151229-9946 10107 * SendRequest     (client.cc:198):    Sending client request with id 11 (shardtag=107374182403 predlist_size=1)
20260313-151230-2500 10107 * SendRequest     (client.cc:198):    Sending client request with id 12 (shardtag=21474836481 predlist_size=1)
20260313-151230-4219 10107 * SendRequest     (client.cc:198):    Sending client request with id 13 (shardtag=141733920770 predlist_size=0)
20260313-151230-5981 10107 * SendRequest     (client.cc:198):    Sending client request with id 14 (shardtag=107374182404 predlist_size=1)
20260313-151230-5983 10107 * SendRequest     (client.cc:198):    Sending client request with id 15 (shardtag=107374182405 predlist_size=1)
20260313-151230-7472 10107 * SendRequest     (client.cc:198):    Sending client request with id 16 (shardtag=90194313220 predlist_size=1)
20260313-151231-2023 10107 * SendRequest     (client.cc:198):    Sending client request with id 17 (shardtag=107374182406 predlist_size=1)
20260313-151231-3556 10107 * SendRequest     (client.cc:198):    Sending client request with id 18 (shardtag=55834574851 predlist_size=1)
20260313-151231-4711 10107 * SendRequest     (client.cc:198):    Sending client request with id 19 (shardtag=73014444034 predlist_size=1)
20260313-151231-6585 10107 * SendRequest     (client.cc:198):    Sending client request with id 20 (shardtag=90194313221 predlist_size=1)
20260313-151231-6586 10107 * SendRequest     (client.cc:198):    Sending client request with id 21 (shardtag=90194313222 predlist_size=1)
20260313-151231-9764 10107 * SendRequest     (client.cc:198):    Sending client request with id 22 (shardtag=73014444035 predlist_size=1)
20260313-151232-0593 10107 * SendRequest     (client.cc:198):    Sending client request with id 23 (shardtag=55834574852 predlist_size=0)
20260313-151232-2399 10107 * SendRequest     (client.cc:198):    Sending client request with id 24 (shardtag=141733920771 predlist_size=1)
20260313-151232-5794 10107 * SendRequest     (client.cc:198):    Sending client request with id 25 (shardtag=73014444036 predlist_size=1)
[libprotobuf ERROR google/protobuf/message_lite.cc:121] Can't parse message of type "replication.iocl_craq.proto.SuccessorRequestMessage" because it is missing required fields: s, succ_groupidx, succ_replicaidx
[libprotobuf ERROR google/protobuf/message_lite.cc:121] Can't parse message of type "replication.iocl_craq.proto.SuccessorRequestMessage" because it is missing required fields: s, succ_groupidx, succ_replicaidx
[libprotobuf ERROR google/protobuf/message_lite.cc:121] Can't parse message of type "replication.iocl_craq.proto.SuccessorRequestMessage" because it is missing required fields: s, succ_groupidx, succ_replicaidx
[libprotobuf ERROR google/protobuf/message_lite.cc:121] Can't parse message of type "replication.iocl_craq.proto.SuccessorRequestMessage" because it is missing required fields: s, succ_groupidx, succ_replicaidx
[libprotobuf ERROR google/protobuf/message_lite.cc:121] Can't parse message of type "replication.iocl_craq.proto.SuccessorRequestMessage" because it is missing required fields: s, succ_groupidx, succ_replicaidx
[libprotobuf ERROR google/protobuf/message_lite.cc:121] Can't parse message of type "replication.iocl_craq.proto.SuccessorRequestMessage" because it is missing required fields: s, succ_groupidx, succ_replicaidx
[libprotobuf ERROR google/protobuf/message_lite.cc:121] Can't parse message of type "replication.iocl_craq.proto.SuccessorRequestMessage" because it is missing required fields: s, succ_groupidx, succ_replicaidx
[libprotobuf ERROR google/protobuf/message_lite.cc:121] Can't parse message of type "replication.iocl_craq.proto.SuccessorRequestMessage" because it is missing required fields: s, succ_groupidx, succ_replicaidx
[libprotobuf ERROR google/protobuf/message_lite.cc:121] Can't parse message of type "replication.iocl_craq.proto.SuccessorRequestMessage" because it is missing required fields: s, succ_groupidx, succ_replicaidx
[libprotobuf ERROR google/protobuf/message_lite.cc:121] Can't parse message of type "replication.iocl_craq.proto.SuccessorRequestMessage" because it is missing required fields: s, succ_groupidx, succ_replicaidx
[libprotobuf ERROR google/protobuf/message_lite.cc:121] Can't parse message of type "replication.iocl_craq.proto.SuccessorRequestMessage" because it is missing required fields: s, succ_groupidx, succ_replicaidx
[libprotobuf ERROR google/protobuf/message_lite.cc:121] Can't parse message of type "replication.iocl_craq.proto.SuccessorRequestMessage" because it is missing required fields: s, succ_groupidx, succ_replicaidx
[libprotobuf ERROR google/protobuf/message_lite.cc:121] Can't parse message of type "replication.iocl_craq.proto.SuccessorRequestMessage" because it is missing required fields: s, succ_groupidx, succ_replicaidx
[libprotobuf ERROR google/protobuf/message_lite.cc:121] Can't parse message of type "replication.iocl_craq.proto.SuccessorRequestMessage" because it is missing required fields: s, succ_groupidx, succ_replicaidx
[libprotobuf ERROR google/protobuf/message_lite.cc:121] Can't parse message of type "replication.iocl_craq.proto.SuccessorRequestMessage" because it is missing required fields: s, succ_groupidx, succ_replicaidx
[libprotobuf ERROR google/protobuf/message_lite.cc:121] Can't parse message of type "replication.iocl_craq.proto.SuccessorRequestMessage" because it is missing required fields: s, succ_groupidx, succ_replicaidx
[libprotobuf ERROR google/protobuf/message_lite.cc:121] Can't parse message of type "replication.iocl_craq.proto.SuccessorRequestMessage" because it is missing required fields: s, succ_groupidx, succ_replicaidx
[libprotobuf ERROR google/protobuf/message_lite.cc:121] Can't parse message of type "replication.iocl_craq.proto.SuccessorRequestMessage" because it is missing required fields: s, succ_groupidx, succ_replicaidx
[libprotobuf ERROR google/protobuf/message_lite.cc:121] Can't parse message of type "replication.iocl_craq.proto.SuccessorRequestMessage" because it is missing required fields: s, succ_groupidx, succ_replicaidx
[libprotobuf ERROR google/protobuf/message_lite.cc:121] Can't parse message of type "replication.iocl_craq.proto.SuccessorRequestMessage" because it is missing required fields: s, succ_groupidx, succ_replicaidx
[libprotobuf ERROR google/protobuf/message_lite.cc:121] Can't parse message of type "replication.iocl_craq.proto.SuccessorRequestMessage" because it is missing required fields: s, succ_groupidx, succ_replicaidx
[libprotobuf ERROR google/protobuf/message_lite.cc:121] Can't parse message of type "replication.iocl_craq.proto.SuccessorRequestMessage" because it is missing required fields: s, succ_groupidx, succ_replicaidx
[libprotobuf ERROR google/protobuf/message_lite.cc:121] Can't parse message of type "replication.iocl_craq.proto.SuccessorRequestMessage" because it is missing required fields: s, succ_groupidx, succ_replicaidx
[libprotobuf ERROR google/protobuf/message_lite.cc:121] Can't parse message of type "replication.iocl_craq.proto.SuccessorRequestMessage" because it is missing required fields: s, succ_groupidx, succ_replicaidx
[libprotobuf ERROR google/protobuf/message_lite.cc:121] Can't parse message of type "replication.iocl_craq.proto.SuccessorRequestMessage" because it is missing required fields: s, succ_groupidx, succ_replicaidx
[libprotobuf ERROR google/protobuf/message_lite.cc:121] Can't parse message of type "replication.iocl_craq.proto.SuccessorRequestMessage" because it is missing required fields: s, succ_groupidx, succ_replicaidx
[libprotobuf ERROR google/protobuf/message_lite.cc:121] Can't parse message of type "replication.iocl_craq.proto.SuccessorRequestMessage" because it is missing required fields: s, succ_groupidx, succ_replicaidx
[libprotobuf ERROR google/protobuf/message_lite.cc:121] Can't parse message of type "replication.iocl_craq.proto.SuccessorRequestMessage" because it is missing required fields: s, succ_groupidx, succ_replicaidx
[libprotobuf ERROR google/protobuf/message_lite.cc:121] Can't parse message of type "replication.iocl_craq.proto.SuccessorRequestMessage" because it is missing required fields: s, succ_groupidx, succ_replicaidx
[libprotobuf ERROR google/protobuf/message_lite.cc:121] Can't parse message of type "replication.iocl_craq.proto.SuccessorRequestMessage" because it is missing required fields: s, succ_groupidx, succ_replicaidx
[libprotobuf ERROR google/protobuf/message_lite.cc:121] Can't parse message of type "replication.iocl_craq.proto.SuccessorRequestMessage" because it is missing required fields: s, succ_groupidx, succ_replicaidx
[libprotobuf ERROR google/protobuf/message_lite.cc:121] Can't parse message of type "replication.iocl_craq.proto.SuccessorRequestMessage" because it is missing required fields: s, succ_groupidx, succ_replicaidx
[libprotobuf ERROR google/protobuf/message_lite.cc:121] Can't parse message of type "replication.iocl_craq.proto.SuccessorRequestMessage" because it is missing required fields: s, succ_groupidx, succ_replicaidx
[libprotobuf ERROR google/protobuf/message_lite.cc:121] Can't parse message of type "replication.iocl_craq.proto.SuccessorRequestMessage" because it is missing required fields: s, succ_groupidx, succ_replicaidx
[libprotobuf ERROR google/protobuf/message_lite.cc:121] Can't parse message of type "replication.iocl_craq.proto.SuccessorRequestMessage" because it is missing required fields: s, succ_groupidx, succ_replicaidx
[libprotobuf ERROR google/protobuf/message_lite.cc:121] Can't parse message of type "replication.iocl_craq.proto.SuccessorRequestMessage" because it is missing required fields: s, succ_groupidx, succ_replicaidx
[libprotobuf ERROR google/protobuf/message_lite.cc:121] Can't parse message of type "replication.iocl_craq.proto.SuccessorRequestMessage" because it is missing required fields: s, succ_groupidx, succ_replicaidx
[libprotobuf ERROR google/protobuf/message_lite.cc:121] Can't parse message of type "replication.iocl_craq.proto.SuccessorRequestMessage" because it is missing required fields: s, succ_groupidx, succ_replicaidx
[libprotobuf ERROR google/protobuf/message_lite.cc:121] Can't parse message of type "replication.iocl_craq.proto.SuccessorRequestMessage" because it is missing required fields: s, succ_groupidx, succ_replicaidx
[libprotobuf ERROR google/protobuf/message_lite.cc:121] Can't parse message of type "replication.iocl_craq.proto.SuccessorRequestMessage" because it is missing required fields: s, succ_groupidx, succ_replicaidx
[libprotobuf ERROR google/protobuf/message_lite.cc:121] Can't parse message of type "replication.iocl_craq.proto.SuccessorRequestMessage" because it is missing required fields: s, succ_groupidx, succ_replicaidx
[libprotobuf ERROR google/protobuf/message_lite.cc:121] Can't parse message of type "replication.iocl_craq.proto.SuccessorRequestMessage" because it is missing required fields: s, succ_groupidx, succ_replicaidx
[libprotobuf ERROR google/protobuf/message_lite.cc:121] Can't parse message of type "replication.iocl_craq.proto.SuccessorRequestMessage" because it is missing required fields: s, succ_groupidx, succ_replicaidx
[libprotobuf ERROR google/protobuf/message_lite.cc:121] Can't parse message of type "replication.iocl_craq.proto.SuccessorRequestMessage" because it is missing required fields: s, succ_groupidx, succ_replicaidx
[libprotobuf ERROR google/protobuf/message_lite.cc:121] Can't parse message of type "replication.iocl_craq.proto.SuccessorRequestMessage" because it is missing required fields: s, succ_groupidx, succ_replicaidx
[libprotobuf ERROR google/protobuf/message_lite.cc:121] Can't parse message of type "replication.iocl_craq.proto.SuccessorRequestMessage" because it is missing required fields: s, succ_groupidx, succ_replicaidx
[libprotobuf ERROR google/protobuf/message_lite.cc:121] Can't parse message of type "replication.iocl_craq.proto.SuccessorRequestMessage" because it is missing required fields: s, succ_groupidx, succ_replicaidx
[libprotobuf ERROR google/protobuf/message_lite.cc:121] Can't parse message of type "replication.iocl_craq.proto.SuccessorRequestMessage" because it is missing required fields: s, succ_groupidx, succ_replicaidx
[libprotobuf ERROR google/protobuf/message_lite.cc:121] Can't parse message of type "replication.iocl_craq.proto.SuccessorRequestMessage" because it is missing required fields: s, succ_groupidx, succ_replicaidx
[libprotobuf ERROR google/protobuf/message_lite.cc:121] Can't parse message of type "replication.iocl_craq.proto.SuccessorRequestMessage" because it is missing required fields: s, succ_groupidx, succ_replicaidx
[libprotobuf ERROR google/protobuf/message_lite.cc:121] Can't parse message of type "replication.iocl_craq.proto.SuccessorRequestMessage" because it is missing required fields: s, succ_groupidx, succ_replicaidx
[libprotobuf ERROR google/protobuf/message_lite.cc:121] Can't parse message of type "replication.iocl_craq.proto.SuccessorRequestMessage" because it is missing required fields: s, succ_groupidx, succ_replicaidx
[libprotobuf ERROR google/protobuf/message_lite.cc:121] Can't parse message of type "replication.iocl_craq.proto.SuccessorRequestMessage" because it is missing required fields: s, succ_groupidx, succ_replicaidx
[libprotobuf ERROR google/protobuf/message_lite.cc:121] Can't parse message of type "replication.iocl_craq.proto.SuccessorRequestMessage" because it is missing required fields: s, succ_groupidx, succ_replicaidx
[libprotobuf ERROR google/protobuf/message_lite.cc:121] Can't parse message of type "replication.iocl_craq.proto.SuccessorRequestMessage" because it is missing required fields: s, succ_groupidx, succ_replicaidx
[libprotobuf ERROR google/protobuf/message_lite.cc:121] Can't parse message of type "replication.iocl_craq.proto.SuccessorRequestMessage" because it is missing required fields: s, succ_groupidx, succ_replicaidx
[libprotobuf ERROR google/protobuf/message_lite.cc:121] Can't parse message of type "replication.iocl_craq.proto.SuccessorRequestMessage" because it is missing required fields: s, succ_groupidx, succ_replicaidx
[libprotobuf ERROR google/protobuf/message_lite.cc:121] Can't parse message of type "replication.iocl_craq.proto.SuccessorRequestMessage" because it is missing required fields: s, succ_groupidx, succ_replicaidx
[libprotobuf ERROR google/protobuf/message_lite.cc:121] Can't parse message of type "replication.iocl_craq.proto.SuccessorRequestMessage" because it is missing required fields: s, succ_groupidx, succ_replicaidx
[libprotobuf ERROR google/protobuf/message_lite.cc:121] Can't parse message of type "replication.iocl_craq.proto.SuccessorRequestMessage" because it is missing required fields: s, succ_groupidx, succ_replicaidx
[libprotobuf ERROR google/protobuf/message_lite.cc:121] Can't parse message of type "replication.iocl_craq.proto.SuccessorRequestMessage" because it is missing required fields: s, succ_groupidx, succ_replicaidx
[libprotobuf ERROR google/protobuf/message_lite.cc:121] Can't parse message of type "replication.iocl_craq.proto.SuccessorRequestMessage" because it is missing required fields: s, succ_groupidx, succ_replicaidx
[libprotobuf ERROR google/protobuf/message_lite.cc:121] Can't parse message of type "replication.iocl_craq.proto.SuccessorRequestMessage" because it is missing required fields: s, succ_groupidx, succ_replicaidx
[libprotobuf ERROR google/protobuf/message_lite.cc:121] Can't parse message of type "replication.iocl_craq.proto.SuccessorRequestMessage" because it is missing required fields: s, succ_groupidx, succ_replicaidx
[libprotobuf ERROR google/protobuf/message_lite.cc:121] Can't parse message of type "replication.iocl_craq.proto.SuccessorRequestMessage" because it is missing required fields: s, succ_groupidx, succ_replicaidx
[libprotobuf ERROR google/protobuf/message_lite.cc:121] Can't parse message of type "replication.iocl_craq.proto.SuccessorRequestMessage" because it is missing required fields: s, succ_groupidx, succ_replicaidx
[libprotobuf ERROR google/protobuf/message_lite.cc:121] Can't parse message of type "replication.iocl_craq.proto.SuccessorRequestMessage" because it is missing required fields: s, succ_groupidx, succ_replicaidx
[libprotobuf ERROR google/protobuf/message_lite.cc:121] Can't parse message of type "replication.iocl_craq.proto.SuccessorRequestMessage" because it is missing required fields: s, succ_groupidx, succ_replicaidx
[libprotobuf ERROR google/protobuf/message_lite.cc:121] Can't parse message of type "replication.iocl_craq.proto.SuccessorRequestMessage" because it is missing required fields: s, succ_groupidx, succ_replicaidx
[libprotobuf ERROR google/protobuf/message_lite.cc:121] Can't parse message of type "replication.iocl_craq.proto.SuccessorRequestMessage" because it is missing required fields: s, succ_groupidx, succ_replicaidx
20260313-151232-9689 10107 * SendRequest     (client.cc:198):    Sending client request with id 26 (shardtag=38654705665 predlist_size=1)
[libprotobuf ERROR google/protobuf/message_lite.cc:121] Can't parse message of type "replication.iocl_craq.proto.SuccessorRequestMessage" because it is missing required fields: s, succ_groupidx, succ_replicaidx
[libprotobuf ERROR google/protobuf/message_lite.cc:121] Can't parse message of type "replication.iocl_craq.proto.SuccessorRequestMessage" because it is missing required fields: s, succ_groupidx, succ_replicaidx
[libprotobuf ERROR google/protobuf/message_lite.cc:121] Can't parse message of type "replication.iocl_craq.proto.SuccessorRequestMessage" because it is missing required fields: s, succ_groupidx, succ_replicaidx
[libprotobuf ERROR google/protobuf/message_lite.cc:121] Can't parse message of type "replication.iocl_craq.proto.SuccessorRequestMessage" because it is missing required fields: s, succ_groupidx, succ_replicaidx
[libprotobuf ERROR google/protobuf/message_lite.cc:121] Can't parse message of type "replication.iocl_craq.proto.SuccessorRequestMessage" because it is missing required fields: s, succ_groupidx, succ_replicaidx
[libprotobuf ERROR google/protobuf/message_lite.cc:121] Can't parse message of type "replication.iocl_craq.proto.SuccessorRequestMessage" because it is missing required fields: s, succ_groupidx, succ_replicaidx
[libprotobuf ERROR google/protobuf/message_lite.cc:121] Can't parse message of type "replication.iocl_craq.proto.SuccessorRequestMessage" because it is missing required fields: s, succ_groupidx, succ_replicaidx
[libprotobuf ERROR google/protobuf/message_lite.cc:121] Can't parse message of type "replication.iocl_craq.proto.SuccessorRequestMessage" because it is missing required fields: s, succ_groupidx, succ_replicaidx
[libprotobuf ERROR google/protobuf/message_lite.cc:121] Can't parse message of type "replication.iocl_craq.proto.SuccessorRequestMessage" because it is missing required fields: s, succ_groupidx, succ_replicaidx
[libprotobuf ERROR google/protobuf/message_lite.cc:121] Can't parse message of type "replication.iocl_craq.proto.SuccessorRequestMessage" because it is missing required fields: s, succ_groupidx, succ_replicaidx
20260313-151233-0677 10107 * SendRequest     (client.cc:198):    Sending client request with id 27 (shardtag=55834574853 predlist_size=1)
20260313-151233-0731 10107 * SendRequest     (client.cc:198):    Sending client request with id 28 (shardtag=21474836482 predlist_size=1)
20260313-151233-0835 10107 * SendRequest     (client.cc:198):    Sending client request with id 29 (shardtag=73014444037 predlist_size=1)
20260313-151233-0836 10107 * SendRequest     (client.cc:198):    Sending client request with id 30 (shardtag=73014444038 predlist_size=1)
20260313-151233-2198 10107 * SendRequest     (client.cc:198):    Sending client request with id 31 (shardtag=107374182407 predlist_size=0)
20260313-151233-4817 10107 * SendRequest     (client.cc:198):    Sending client request with id 32 (shardtag=38654705666 predlist_size=1)
20260313-151233-8613 10107 * SendRequest     (client.cc:198):    Sending client request with id 33 (shardtag=141733920772 predlist_size=1)
20260313-151233-8771 10107 * SendRequest     (client.cc:198):    Sending client request with id 34 (shardtag=55834574854 predlist_size=1)
20260313-151234-0826 10107 * SendRequest     (client.cc:198):    Sending client request with id 35 (shardtag=21474836483 predlist_size=0)
20260313-151234-1341 10107 * SendRequest     (client.cc:198):    Sending client request with id 36 (shardtag=124554051586 predlist_size=1)
20260313-151234-2302 10107 * SendRequest     (client.cc:198):    Sending client request with id 37 (shardtag=107374182408 predlist_size=0)
20260313-151234-2304 10107 * SendRequest     (client.cc:198):    Sending client request with id 38 (shardtag=107374182409 predlist_size=1)
20260313-151234-3666 10107 * SendRequest     (client.cc:198):    Sending client request with id 39 (shardtag=141733920773 predlist_size=0)
20260313-151234-5860 10107 * SendRequest     (client.cc:198):    Sending client request with id 40 (shardtag=90194313223 predlist_size=1)
20260313-151234-6387 10107 * SendRequest     (client.cc:198):    Sending client request with id 41 (shardtag=124554051587 predlist_size=1)
20260313-151234-6389 10107 * SendRequest     (client.cc:198):    Sending client request with id 42 (shardtag=124554051588 predlist_size=1)
20260313-151234-8873 10107 * SendRequest     (client.cc:198):    Sending client request with id 43 (shardtag=55834574855 predlist_size=0)
20260313-151235-3991 10107 * SendRequest     (client.cc:198):    Sending client request with id 44 (shardtag=38654705667 predlist_size=1)
20260313-151235-5956 10107 * SendRequest     (client.cc:198):    Sending client request with id 45 (shardtag=90194313224 predlist_size=0)
20260313-151235-7006 10107 * SendRequest     (client.cc:198):    Sending client request with id 46 (shardtag=21474836484 predlist_size=0)
20260313-151235-7007 10107 * SendRequest     (client.cc:198):    Sending client request with id 47 (shardtag=21474836485 predlist_size=1)
20260313-151235-7447 10107 * SendRequest     (client.cc:198):    Sending client request with id 48 (shardtag=107374182410 predlist_size=1)
20260313-151235-7816 10107 * SendRequest     (client.cc:198):    Sending client request with id 49 (shardtag=141733920774 predlist_size=1)
20260313-151236-0120 10107 * SendRequest     (client.cc:198):    Sending client request with id 50 (shardtag=73014444039 predlist_size=1)
20260313-151236-1013 10107 * SendRequest     (client.cc:198):    Sending client request with id 51 (shardtag=90194313225 predlist_size=1)
20260313-151236-2869 10107 * SendRequest     (client.cc:198):    Sending client request with id 52 (shardtag=141733920775 predlist_size=0)
20260313-151236-4026 10107 * SendRequest     (client.cc:198):    Sending client request with id 53 (shardtag=55834574856 predlist_size=0)
20260313-151236-5171 10107 * SendRequest     (client.cc:198):    Sending client request with id 54 (shardtag=73014444040 predlist_size=0)
20260313-151237-0112 10107 * SendRequest     (client.cc:198):    Sending client request with id 55 (shardtag=90194313226 predlist_size=1)
20260313-151237-5151 10107 * SendRequest     (client.cc:198):    Sending client request with id 56 (shardtag=90194313227 predlist_size=1)
20260313-151237-9267 10107 * SendRequest     (client.cc:198):    Sending client request with id 57 (shardtag=21474836486 predlist_size=1)
20260313-151238-2289 10107 * SendRequest     (client.cc:198):    Sending client request with id 58 (shardtag=38654705668 predlist_size=1)
20260313-151238-3361 10107 * SendRequest     (client.cc:198):    Sending client request with id 59 (shardtag=73014444041 predlist_size=1)
20260313-151238-3692 10107 * SendRequest     (client.cc:198):    Sending client request with id 60 (shardtag=107374182411 predlist_size=1)
20260313-151238-3693 10107 * SendRequest     (client.cc:198):    Sending client request with id 61 (shardtag=107374182412 predlist_size=1)
20260313-151238-7735 10107 * SendRequest     (client.cc:198):    Sending client request with id 62 (shardtag=107374182413 predlist_size=0)
20260313-151238-8784 10107 * SendRequest     (client.cc:198):    Sending client request with id 63 (shardtag=124554051589 predlist_size=0)
20260313-151239-1372 10107 * SendRequest     (client.cc:198):    Sending client request with id 64 (shardtag=38654705669 predlist_size=1)
20260313-151239-2450 10107 * SendRequest     (client.cc:198):    Sending client request with id 65 (shardtag=73014444042 predlist_size=0)
20260313-151239-5356 10107 * SendRequest     (client.cc:198):    Sending client request with id 66 (shardtag=90194313228 predlist_size=0)
20260313-151239-7354 10107 * SendRequest     (client.cc:198):    Sending client request with id 67 (shardtag=55834574857 predlist_size=1)
20260313-151239-7489 10107 * SendRequest     (client.cc:198):    Sending client request with id 68 (shardtag=73014444043 predlist_size=0)
20260313-151240-0483 10107 * SendRequest     (client.cc:198):    Sending client request with id 69 (shardtag=38654705670 predlist_size=1)
20260313-151240-1875 10107 * SendRequest     (client.cc:198):    Sending client request with id 70 (shardtag=107374182414 predlist_size=0)
20260313-151240-1876 10107 * SendRequest     (client.cc:198):    Sending client request with id 71 (shardtag=107374182415 predlist_size=1)
20260313-151240-5527 10107 * SendRequest     (client.cc:198):    Sending client request with id 72 (shardtag=38654705671 predlist_size=1)
20260313-151240-5529 10107 * SendRequest     (client.cc:198):    Sending client request with id 73 (shardtag=38654705672 predlist_size=1)
20260313-151240-6450 10107 * SendRequest     (client.cc:198):    Sending client request with id 74 (shardtag=55834574858 predlist_size=1)
20260313-151240-7505 10107 * SendRequest     (client.cc:198):    Sending client request with id 75 (shardtag=90194313229 predlist_size=1)
20260313-151240-7593 10107 * SendRequest     (client.cc:198):    Sending client request with id 76 (shardtag=73014444044 predlist_size=0)
20260313-151240-7594 10107 * SendRequest     (client.cc:198):    Sending client request with id 77 (shardtag=73014444045 predlist_size=1)
20260313-151241-0330 10107 * SendRequest     (client.cc:198):    Sending client request with id 78 (shardtag=141733920776 predlist_size=1)
20260313-151241-1647 10107 * SendRequest     (client.cc:198):    Sending client request with id 79 (shardtag=73014444046 predlist_size=1)
20260313-151241-3634 10107 * SendRequest     (client.cc:198):    Sending client request with id 80 (shardtag=38654705673 predlist_size=0)
20260313-151241-5704 10107 * SendRequest     (client.cc:198):    Sending client request with id 81 (shardtag=73014444047 predlist_size=0)
20260313-151241-5706 10107 * SendRequest     (client.cc:198):    Sending client request with id 82 (shardtag=73014444048 predlist_size=1)
20260313-151241-6540 10107 * SendRequest     (client.cc:198):    Sending client request with id 83 (shardtag=55834574859 predlist_size=1)
20260313-151241-8102 10107 * SendRequest     (client.cc:198):    Sending client request with id 84 (shardtag=124554051590 predlist_size=1)
20260313-151241-8674 10107 * SendRequest     (client.cc:198):    Sending client request with id 85 (shardtag=38654705674 predlist_size=1)
20260313-151241-9719 10107 * SendRequest     (client.cc:198):    Sending client request with id 86 (shardtag=21474836487 predlist_size=0)
20260313-151241-9721 10107 * SendRequest     (client.cc:198):    Sending client request with id 87 (shardtag=21474836488 predlist_size=1)
20260313-151241-9747 10107 * SendRequest     (client.cc:198):    Sending client request with id 88 (shardtag=73014444049 predlist_size=1)
20260313-151242-0433 10107 * SendRequest     (client.cc:198):    Sending client request with id 89 (shardtag=141733920777 predlist_size=1)
20260313-151242-1581 10107 * SendRequest     (client.cc:198):    Sending client request with id 90 (shardtag=55834574860 predlist_size=1)
20260313-151242-3161 10107 * SendRequest     (client.cc:198):    Sending client request with id 91 (shardtag=124554051591 predlist_size=0)
20260313-151242-3162 10107 * SendRequest     (client.cc:198):    Sending client request with id 92 (shardtag=124554051592 predlist_size=1)
20260313-151242-3163 10107 * SendRequest     (client.cc:198):    Sending client request with id 93 (shardtag=124554051593 predlist_size=1)
20260313-151242-3725 10107 * SendRequest     (client.cc:198):    Sending client request with id 94 (shardtag=38654705675 predlist_size=1)
20260313-151242-4806 10107 * SendRequest     (client.cc:198):    Sending client request with id 95 (shardtag=73014444050 predlist_size=1)
20260313-151242-7210 10107 * SendRequest     (client.cc:198):    Sending client request with id 96 (shardtag=124554051594 predlist_size=1)
20260313-151243-0519 10107 * SendRequest     (client.cc:198):    Sending client request with id 97 (shardtag=141733920778 predlist_size=1)
20260313-151243-2264 10107 * SendRequest     (client.cc:198):    Sending client request with id 98 (shardtag=124554051595 predlist_size=0)
20260313-151243-4564 10107 * SendRequest     (client.cc:198):    Sending client request with id 99 (shardtag=141733920779 predlist_size=0)
20260313-151243-4727 10107 * SendRequest     (client.cc:198):    Sending client request with id 100 (shardtag=55834574861 predlist_size=1)
20260313-151243-8893 10107 * SendRequest     (client.cc:198):    Sending client request with id 101 (shardtag=38654705676 predlist_size=1)
20260313-151243-9784 10107 * SendRequest     (client.cc:198):    Sending client request with id 102 (shardtag=55834574862 predlist_size=0)
20260313-151244-4832 10107 * SendRequest     (client.cc:198):    Sending client request with id 103 (shardtag=55834574863 predlist_size=0)
20260313-151244-8021 10107 * SendRequest     (client.cc:198):    Sending client request with id 104 (shardtag=21474836489 predlist_size=1)
20260313-151244-8343 10107 * SendRequest     (client.cc:198):    Sending client request with id 105 (shardtag=107374182416 predlist_size=1)
20260313-151245-3383 10107 * SendRequest     (client.cc:198):    Sending client request with id 106 (shardtag=107374182417 predlist_size=1)
20260313-151245-3740 10107 * SendRequest     (client.cc:198):    Sending client request with id 107 (shardtag=141733920780 predlist_size=1)
20260313-151245-3741 10107 * SendRequest     (client.cc:198):    Sending client request with id 108 (shardtag=141733920781 predlist_size=1)
20260313-151245-5506 10107 * SendRequest     (client.cc:198):    Sending client request with id 109 (shardtag=124554051596 predlist_size=1)
20260313-151245-8132 10107 * SendRequest     (client.cc:198):    Sending client request with id 110 (shardtag=21474836490 predlist_size=1)
20260313-151246-0548 10107 * SendRequest     (client.cc:198):    Sending client request with id 111 (shardtag=124554051597 predlist_size=1)
20260313-151246-2838 10107 * SendRequest     (client.cc:198):    Sending client request with id 112 (shardtag=141733920782 predlist_size=1)
20260313-151246-3181 10107 * SendRequest     (client.cc:198):    Sending client request with id 113 (shardtag=21474836491 predlist_size=1)
20260313-151246-7050 10107 * SendRequest     (client.cc:198):    Sending client request with id 114 (shardtag=55834574864 predlist_size=0)
20260313-151246-7883 10107 * SendRequest     (client.cc:198):    Sending client request with id 115 (shardtag=141733920783 predlist_size=0)
20260313-151246-8233 10107 * SendRequest     (client.cc:198):    Sending client request with id 116 (shardtag=21474836492 predlist_size=1)
20260313-151247-1094 10107 * SendRequest     (client.cc:198):    Sending client request with id 117 (shardtag=55834574865 predlist_size=1)
20260313-151247-2937 10107 * SendRequest     (client.cc:198):    Sending client request with id 118 (shardtag=141733920784 predlist_size=0)
20260313-151247-6356 10107 * SendRequest     (client.cc:198):    Sending client request with id 119 (shardtag=73014444051 predlist_size=1)
20260313-151247-7976 10107 * SendRequest     (client.cc:198):    Sending client request with id 120 (shardtag=141733920785 predlist_size=0)
20260313-151247-8264 10107 * SendRequest     (client.cc:198):    Sending client request with id 121 (shardtag=90194313230 predlist_size=1)
20260313-151248-0198 10107 * SendRequest     (client.cc:198):    Sending client request with id 122 (shardtag=55834574866 predlist_size=1)
20260313-151248-2364 10107 * SendRequest     (client.cc:198):    Sending client request with id 123 (shardtag=21474836493 predlist_size=0)
20260313-151248-3811 10107 * SendRequest     (client.cc:198):    Sending client request with id 124 (shardtag=124554051598 predlist_size=0)
20260313-151248-4394 10107 * SendRequest     (client.cc:198):    Sending client request with id 125 (shardtag=38654705677 predlist_size=0)
20260313-151248-5256 10107 * SendRequest     (client.cc:198):    Sending client request with id 126 (shardtag=55834574867 predlist_size=0)
20260313-151248-7070 10107 * SendRequest     (client.cc:198):    Sending client request with id 127 (shardtag=141733920786 predlist_size=1)
20260313-151248-7424 10107 * SendRequest     (client.cc:198):    Sending client request with id 128 (shardtag=21474836494 predlist_size=1)
20260313-151248-8848 10107 * SendRequest     (client.cc:198):    Sending client request with id 129 (shardtag=124554051599 predlist_size=1)
20260313-151249-2112 10107 * SendRequest     (client.cc:198):    Sending client request with id 130 (shardtag=141733920787 predlist_size=0)
20260313-151249-2474 10107 * SendRequest     (client.cc:198):    Sending client request with id 131 (shardtag=21474836495 predlist_size=1)
20260313-151249-2476 10107 * SendRequest     (client.cc:198):    Sending client request with id 132 (shardtag=21474836496 predlist_size=1)
20260313-151249-3351 10107 * SendRequest     (client.cc:198):    Sending client request with id 133 (shardtag=55834574868 predlist_size=0)
20260313-151249-6814 10107 * SendRequest     (client.cc:198):    Sending client request with id 134 (shardtag=107374182418 predlist_size=1)
20260313-151249-7158 10107 * SendRequest     (client.cc:198):    Sending client request with id 135 (shardtag=141733920788 predlist_size=1)
20260313-151249-8387 10107 * SendRequest     (client.cc:198):    Sending client request with id 136 (shardtag=55834574869 predlist_size=1)
20260313-151249-8536 10107 * SendRequest     (client.cc:198):    Sending client request with id 137 (shardtag=38654705678 predlist_size=1)
20260313-151250-0621 10107 * SendRequest     (client.cc:198):    Sending client request with id 138 (shardtag=73014444052 predlist_size=1)
20260313-151250-2202 10107 * SendRequest     (client.cc:198):    Sending client request with id 139 (shardtag=141733920789 predlist_size=1)
20260313-151250-3585 10107 * SendRequest     (client.cc:198):    Sending client request with id 140 (shardtag=38654705679 predlist_size=1)
20260313-151250-6585 10107 * SendRequest     (client.cc:198):    Sending client request with id 141 (shardtag=90194313231 predlist_size=0)
20260313-151250-7031 10107 * SendRequest     (client.cc:198):    Sending client request with id 142 (shardtag=124554051600 predlist_size=1)
20260313-151250-7032 10107 * SendRequest     (client.cc:198):    Sending client request with id 143 (shardtag=124554051601 predlist_size=1)
20260313-151250-7259 10107 * SendRequest     (client.cc:198):    Sending client request with id 144 (shardtag=141733920790 predlist_size=0)
20260313-151250-8485 10107 * SendRequest     (client.cc:198):    Sending client request with id 145 (shardtag=55834574870 predlist_size=0)
20260313-151251-1085 10107 * SendRequest     (client.cc:198):    Sending client request with id 146 (shardtag=124554051602 predlist_size=1)
20260313-151251-1668 10107 * SendRequest     (client.cc:198):    Sending client request with id 147 (shardtag=21474836497 predlist_size=1)
20260313-151251-3525 10107 * SendRequest     (client.cc:198):    Sending client request with id 148 (shardtag=55834574871 predlist_size=1)
20260313-151251-3673 10107 * SendRequest     (client.cc:198):    Sending client request with id 149 (shardtag=38654705680 predlist_size=1)
20260313-151251-6144 10107 * SendRequest     (client.cc:198):    Sending client request with id 150 (shardtag=124554051603 predlist_size=1)
20260313-151251-6347 10107 * SendRequest     (client.cc:198):    Sending client request with id 151 (shardtag=141733920791 predlist_size=0)
20260313-151251-6349 10107 * SendRequest     (client.cc:198):    Sending client request with id 152 (shardtag=141733920792 predlist_size=1)
20260313-151251-6689 10107 * SendRequest     (client.cc:198):    Sending client request with id 153 (shardtag=90194313232 predlist_size=0)
20260313-151251-9833 10107 * SendRequest     (client.cc:198):    Sending client request with id 154 (shardtag=73014444053 predlist_size=1)
20260313-151252-1733 10107 * SendRequest     (client.cc:198):    Sending client request with id 155 (shardtag=90194313233 predlist_size=1)
20260313-151252-2069 10107 * SendRequest     (client.cc:198):    Sending client request with id 156 (shardtag=107374182419 predlist_size=0)
20260313-151252-4875 10107 * SendRequest     (client.cc:198):    Sending client request with id 157 (shardtag=73014444054 predlist_size=1)
20260313-151252-5446 10107 * SendRequest     (client.cc:198):    Sending client request with id 158 (shardtag=141733920793 predlist_size=1)
20260313-151252-5817 10107 * SendRequest     (client.cc:198):    Sending client request with id 159 (shardtag=21474836498 predlist_size=1)
20260313-151252-6247 10107 * SendRequest     (client.cc:198):    Sending client request with id 160 (shardtag=124554051604 predlist_size=1)
20260313-151252-7120 10107 * SendRequest     (client.cc:198):    Sending client request with id 161 (shardtag=107374182420 predlist_size=1)
20260313-151252-7122 10107 * SendRequest     (client.cc:198):    Sending client request with id 162 (shardtag=107374182421 predlist_size=1)
20260313-151252-9936 10107 * SendRequest     (client.cc:198):    Sending client request with id 163 (shardtag=73014444055 predlist_size=1)
20260313-151253-1288 10107 * SendRequest     (client.cc:198):    Sending client request with id 164 (shardtag=124554051605 predlist_size=0)
20260313-151253-1290 10107 * SendRequest     (client.cc:198):    Sending client request with id 165 (shardtag=124554051606 predlist_size=1)
20260313-151253-1827 10107 * SendRequest     (client.cc:198):    Sending client request with id 166 (shardtag=90194313234 predlist_size=1)
20260313-151253-1872 10107 * SendRequest     (client.cc:198):    Sending client request with id 167 (shardtag=38654705681 predlist_size=1)
20260313-151253-3742 10107 * SendRequest     (client.cc:198):    Sending client request with id 168 (shardtag=55834574872 predlist_size=1)
20260313-151253-5537 10107 * SendRequest     (client.cc:198):    Sending client request with id 169 (shardtag=141733920794 predlist_size=0)
20260313-151253-5539 10107 * SendRequest     (client.cc:198):    Sending client request with id 170 (shardtag=141733920795 predlist_size=1)
20260313-151253-6926 10107 * SendRequest     (client.cc:198):    Sending client request with id 171 (shardtag=38654705682 predlist_size=1)
20260313-151254-0374 10107 * SendRequest     (client.cc:198):    Sending client request with id 172 (shardtag=124554051607 predlist_size=1)
20260313-151254-5075 10107 * SendRequest     (client.cc:198):    Sending client request with id 173 (shardtag=73014444056 predlist_size=1)
20260313-151254-5978 10107 * SendRequest     (client.cc:198):    Sending client request with id 174 (shardtag=90194313235 predlist_size=1)
20260313-151254-5980 10107 * SendRequest     (client.cc:198):    Sending client request with id 175 (shardtag=90194313236 predlist_size=1)
20260313-151254-7889 10107 * SendRequest     (client.cc:198):    Sending client request with id 176 (shardtag=55834574873 predlist_size=0)
20260313-151254-8045 10107 * SendRequest     (client.cc:198):    Sending client request with id 177 (shardtag=21474836499 predlist_size=1)
20260313-151254-8046 10107 * SendRequest     (client.cc:198):    Sending client request with id 178 (shardtag=21474836500 predlist_size=1)
20260313-151254-8685 10107 * SendRequest     (client.cc:198):    Sending client request with id 179 (shardtag=141733920796 predlist_size=1)
20260313-151255-0129 10107 * SendRequest     (client.cc:198):    Sending client request with id 180 (shardtag=73014444057 predlist_size=0)
20260313-151255-2944 10107 * SendRequest     (client.cc:198):    Sending client request with id 181 (shardtag=55834574874 predlist_size=0)
20260313-151258-8684 10107 ! TCPIncomingEventCallback (tcptransport.cc:938): [TCP INCOMING 130] EOF, lifetime=29556.34 ms
20260313-151258-8686 10107 ! TCPIncomingEventCallback (tcptransport.cc:938): [TCP INCOMING 117] EOF, lifetime=31009.83 ms
20260313-151259-0031 10107 ! TCPIncomingEventCallback (tcptransport.cc:938): [TCP INCOMING 128] EOF, lifetime=30376.30 ms
20260313-151259-0032 10107 ! TCPIncomingEventCallback (tcptransport.cc:938): [TCP INCOMING 118] EOF, lifetime=31125.51 ms
20260313-151259-0131 10107 ! TCPIncomingEventCallback (tcptransport.cc:938): [TCP INCOMING 132] EOF, lifetime=29155.02 ms
20260313-151259-0133 10107 ! TCPIncomingEventCallback (tcptransport.cc:938): [TCP INCOMING 122] EOF, lifetime=31013.97 ms
20260313-151259-0369 10107 ! TCPIncomingEventCallback (tcptransport.cc:938): [TCP INCOMING 127] EOF, lifetime=30955.49 ms
20260313-151259-0371 10107 ! TCPIncomingEventCallback (tcptransport.cc:938): [TCP INCOMING 123] EOF, lifetime=30999.62 ms
20260313-151259-0476 10107 ! TCPIncomingEventCallback (tcptransport.cc:938): [TCP INCOMING 131] EOF, lifetime=29657.37 ms
20260313-151259-0478 10107 ! TCPIncomingEventCallback (tcptransport.cc:938): [TCP INCOMING 126] EOF, lifetime=31008.33 ms
20260313-151259-2076 10107 ! TCPIncomingEventCallback (tcptransport.cc:938): [TCP INCOMING 134] EOF, lifetime=26230.63 ms
20260313-151259-2077 10107 ! TCPIncomingEventCallback (tcptransport.cc:938): [TCP INCOMING 120] EOF, lifetime=31223.93 ms
20260313-151259-2100 10107 ! TCPIncomingEventCallback (tcptransport.cc:938): [TCP INCOMING 133] EOF, lifetime=28760.28 ms
20260313-151259-2102 10107 ! TCPIncomingEventCallback (tcptransport.cc:938): [TCP INCOMING 119] EOF, lifetime=31227.49 ms
20260313-151259-2941 10107 ! TCPIncomingEventCallback (tcptransport.cc:938): [TCP INCOMING 129] EOF, lifetime=30659.63 ms
20260313-151259-2943 10107 ! TCPIncomingEventCallback (tcptransport.cc:938): [TCP INCOMING 121] EOF, lifetime=31308.36 ms
20260313-151305-8079 10107 * Cleanup         (server.cc:589):    Gracefully exiting after signal 15.
20260313-151305-8080 10107 * Stop            (tcptransport.cc:601): [TCP SUMMARY] outgoingCreated=59 outgoingClosed=0 incomingCreated=75 incomingClosed=16 outgoingPeak=124 incomingPeak=38
Inserted events:
  0x55b3b03d70d0 [fd  9] Read Persist Internal
  0x55b3b03dee30 [fd  10] Read Persist
  0x55b3b03ea2e0 [fd  11] Read Persist
  0x55b3bca35360 [fd  12] Read Persist
  0x55b3bca35580 [fd  13] Read Persist
  0x55b3bca357a0 [fd  14] Read Persist
  0x55b3bca359c0 [fd  15] Read Persist
  0x55b3bca35be0 [fd  16] Read Persist
  0x55b3bca35e00 [fd  17] Read Persist
  0x55b3bca36020 [fd  18] Read Persist
  0x55b3bca36240 [fd  19] Read Persist
  0x55b3bca36460 [fd  20] Read Persist
  0x55b3bca26930 [fd  21] Read Persist
  0x55b3bca325a0 [fd  22] Read Persist
  0x55b3bca309e0 [fd  23] Read Persist
  0x55b3bca27dd0 [fd  24] Read Persist
  0x55b3bca28190 [fd  25] Read Persist
  0x55b3bca27650 [fd  26] Read Persist
  0x55b3bca30e90 [fd  27] Read Persist
  0x55b3bca31b80 [fd  28] Read Persist
  0x55b3bca270b0 [fd  29] Read Persist
  0x55b3bca2e100 [fd  30] Read Persist
  0x55b3bca2e6b0 [fd  31] Read Persist
  0x55b3bca2ec40 [fd  32] Read Persist
  0x55b3bca2f270 [fd  33] Read Persist
  0x55b3bca2f6b0 [fd  34] Read Persist
  0x55b3bca2fb20 [fd  35] Read Persist
  0x55b3bca36680 [fd  36] Read Persist
  0x55b3bca36b50 [fd  37] Read Persist
  0x55b3bca370e0 [fd  38] Read Persist
  0x55b3bca37670 [fd  39] Read Persist
  0x55b3bca37c00 [fd  40] Read Persist
  0x55b3bca38190 [fd  41] Read Persist
  0x55b3bca38720 [fd  42] Read Persist
  0x55b3bca38cb0 [fd  43] Read Persist
  0x55b3bca39240 [fd  44] Read Persist
  0x55b3bca397d0 [fd  45] Read Persist
  0x55b3bca39d60 [fd  46] Read Persist
  0x55b3bca3a2f0 [fd  47] Read Persist
  0x55b3bca3a880 [fd  48] Read Persist
  0x55b3bca3b090 [fd  49] Read Persist
  0x55b3bca3b4b0 [fd  50] Read Persist
  0x55b3bca3b6d0 [fd  51] Read Persist
  0x55b3bca3b980 [fd  52] Read Persist
  0x55b3bca3bd20 [fd  53] Read Persist
  0x55b3bca3c0c0 [fd  54] Read Persist
  0x55b3bca3c460 [fd  55] Read Persist
  0x55b3bca3c800 [fd  56] Read Persist
  0x55b3bca3cba0 [fd  57] Read Persist
  0x55b3bca3cf40 [fd  58] Read Persist
  0x55b3bca3d2e0 [fd  59] Read Persist
  0x55b3bca3d680 [fd  60] Read Persist
  0x55b3bca3da20 [fd  61] Read Persist
  0x55b3bca3ddc0 [fd  62] Read Persist
  0x55b3bca3e160 [fd  63] Read Persist
  0x55b3bca3e500 [fd  64] Read Persist
  0x55b3b03e6980 [fd  65] Read Persist
  0x55b3bca3e870 [fd  66] Read Persist
  0x55b3bca3ea90 [fd  67] Read Persist
  0x55b3bca3edd0 [fd  68] Read Persist
  0x55b3bca3f110 [fd  69] Read Persist
  0x55b3bca3f450 [fd  70] Read Persist
  0x55b3bca502e0 [fd  71] Read Persist
  0x55b3bca50500 [fd  72] Read Persist
  0x55b3bca50720 [fd  73] Read Persist
  0x55b3bca50b50 [fd  74] Read Persist
  0x55b3bca50f30 [fd  75] Read Persist
  0x55b3bca51330 [fd  76] Read Persist
  0x55b3bca51770 [fd  77] Read Persist
  0x55b3bca51bb0 [fd  78] Read Persist
  0x55b3bca51ff0 [fd  79] Read Persist
  0x55b3bca402b0 [fd  80] Read Persist
  0x55b3bca3fba0 [fd  81] Read Persist
  0x55b3bca3ffe0 [fd  82] Read Persist
  0x55b3bca523e0 [fd  83] Read Persist
  0x55b3bca52600 [fd  84] Read Persist
  0x55b3bca52820 [fd  85] Read Persist
  0x55b3bca52b60 [fd  86] Read Persist
  0x55b3bca52ea0 [fd  87] Read Persist
  0x55b3bca532b0 [fd  88] Read Persist
  0x55b3bca536c0 [fd  89] Read Persist
  0x55b3bca53ad0 [fd  90] Read Persist
  0x55b3bca54960 [fd  91] Read Persist
  0x55b3bca54d70 [fd  92] Read Persist
  0x55b3bca55180 [fd  93] Read Persist
  0x55b3bca55590 [fd  94] Read Persist
  0x55b3bca55a10 [fd  95] Read Persist
  0x55b3bca55fa0 [fd  96] Read Persist
  0x55b3bca56530 [fd  97] Read Persist
  0x55b3bca56ac0 [fd  98] Read Persist
  0x55b3bca57050 [fd  99] Read Persist
  0x55b3bca575e0 [fd  100] Read Persist
  0x55b3bca57b70 [fd  101] Read Persist
  0x55b3bca58100 [fd  102] Read Persist
  0x55b3bca58690 [fd  103] Read Persist
  0x55b3bca58c20 [fd  104] Read Persist
  0x55b3bca591b0 [fd  105] Read Persist
  0x55b3bca59740 [fd  106] Read Persist
  0x55b3bca59cd0 [fd  107] Read Persist
  0x55b3bca5a260 [fd  108] Read Persist
  0x55b3bca5a7f0 [fd  109] Read Persist
  0x55b3bca34810 [fd  110] Read Persist
  0x55b3bca5f250 [fd  111] Read Persist
  0x55b3bca5f6e0 [fd  112] Read Persist
  0x55b3bca5c470 [fd  113] Read Persist
  0x55b3bca5c8e0 [fd  114] Read Persist
  0x55b3bca5cd50 [fd  115] Read Persist
  0x55b3bca3f790 [fd  116] Read Persist
  0x55b3bca5da70 [fd  117] Read Persist
  0x55b3bca5de90 [fd  118] Read Persist
  0x55b3bca5e3b0 [fd  119] Read Persist
  0x55b3bca5e850 [fd  120] Read Persist
  0x55b3bca5ecf0 [fd  121] Read Persist
  0x55b3bca5fb50 [fd  122] Read Persist
  0x55b3bca60040 [fd  123] Read Persist
  0x55b3bca604e0 [fd  124] Read Persist
  0x55b3bca60980 [fd  125] Read Persist
  0x55b3bca60e20 [fd  126] Read Persist
  0x55b3bca612c0 [fd  127] Read Persist
  0x55b3bca7f170 [fd  135] Read Persist
  0x55b3bca7f5b0 [fd  136] Read Persist
Active events:
20260313-151305-8099 10107 * Cleanup         (server.cc:593):    Exporting stats to /mnt/extra/experiments/2026-04-13-15-11-56/out/server-0-5-1-stats-0.json.
20260313-151305-8101 10107 * Close           (replica.cc:1422):  [1] ReadStatsSummary clean=181 dirty=0 total=181
20260313-151305-8102 10107 * Close           (replica.cc:1427):  [1] ReadStatsClient client=24 clean=181 dirty=0
20260313-151305-8102 10107 * Close           (replica.cc:1432):  [1] ReadTimeline pos=1 vr=0 coord_wait_ms=244 vr_wait_ms=0 ready_wait_ms=0 total_ms=244
20260313-151305-8103 10107 * Close           (replica.cc:1432):  [1] ReadTimeline pos=0 vr=0 coord_wait_ms=0 vr_wait_ms=0 ready_wait_ms=0 total_ms=0
20260313-151305-8103 10107 * Close           (replica.cc:1432):  [1] ReadTimeline pos=1 vr=0 coord_wait_ms=400 vr_wait_ms=0 ready_wait_ms=0 total_ms=400
20260313-151305-8103 10107 * Close           (replica.cc:1432):  [1] ReadTimeline pos=0 vr=0 coord_wait_ms=0 vr_wait_ms=0 ready_wait_ms=0 total_ms=0
20260313-151305-8104 10107 * Close           (replica.cc:1432):  [1] ReadTimeline pos=0 vr=0 coord_wait_ms=0 vr_wait_ms=0 ready_wait_ms=0 total_ms=0
20260313-151305-8104 10107 * Close           (replica.cc:1432):  [1] ReadTimeline pos=0 vr=0 coord_wait_ms=0 vr_wait_ms=0 ready_wait_ms=0 total_ms=0
20260313-151305-8105 10107 * Close           (replica.cc:1432):  [1] ReadTimeline pos=1 vr=0 coord_wait_ms=302 vr_wait_ms=0 ready_wait_ms=0 total_ms=302
20260313-151305-8105 10107 * Close           (replica.cc:1432):  [1] ReadTimeline pos=1 vr=0 coord_wait_ms=401 vr_wait_ms=0 ready_wait_ms=0 total_ms=401
20260313-151305-8106 10107 * Close           (replica.cc:1432):  [1] ReadTimeline pos=1 vr=0 coord_wait_ms=101 vr_wait_ms=0 ready_wait_ms=0 total_ms=101
20260313-151305-8106 10107 * Close           (replica.cc:1432):  [1] ReadTimeline pos=1 vr=0 coord_wait_ms=400 vr_wait_ms=0 ready_wait_ms=0 total_ms=400
20260313-151305-8106 10107 * Close           (replica.cc:1432):  [1] ReadTimeline pos=1 vr=0 coord_wait_ms=401 vr_wait_ms=0 ready_wait_ms=0 total_ms=401
20260313-151305-8107 10107 * Close           (replica.cc:1432):  [1] ReadTimeline pos=0 vr=0 coord_wait_ms=0 vr_wait_ms=0 ready_wait_ms=0 total_ms=0
20260313-151305-8107 10107 * Close           (replica.cc:1432):  [1] ReadTimeline pos=1 vr=0 coord_wait_ms=299 vr_wait_ms=0 ready_wait_ms=0 total_ms=299
20260313-151305-8108 10107 * Close           (replica.cc:1432):  [1] ReadTimeline pos=1 vr=0 coord_wait_ms=101 vr_wait_ms=0 ready_wait_ms=0 total_ms=101
20260313-151305-8108 10107 * Close           (replica.cc:1432):  [1] ReadTimeline pos=1 vr=0 coord_wait_ms=300 vr_wait_ms=0 ready_wait_ms=0 total_ms=300
20260313-151305-8108 10107 * Close           (replica.cc:1432):  [1] ReadTimeline pos=1 vr=0 coord_wait_ms=300 vr_wait_ms=0 ready_wait_ms=0 total_ms=300
20260313-151305-8109 10107 * Close           (replica.cc:1432):  [1] ReadTimeline pos=1 vr=0 coord_wait_ms=201 vr_wait_ms=0 ready_wait_ms=0 total_ms=201
20260313-151305-8109 10107 * Close           (replica.cc:1432):  [1] ReadTimeline pos=1 vr=0 coord_wait_ms=300 vr_wait_ms=0 ready_wait_ms=0 total_ms=300
20260313-151305-8110 10107 * Close           (replica.cc:1432):  [1] ReadTimeline pos=1 vr=0 coord_wait_ms=101 vr_wait_ms=0 ready_wait_ms=0 total_ms=101
20260313-151305-8110 10107 * Close           (replica.cc:1432):  [1] ReadTimeline pos=1 vr=0 coord_wait_ms=301 vr_wait_ms=0 ready_wait_ms=0 total_ms=301
20260313-151305-8111 10107 * Close           (replica.cc:1432):  [1] ReadTimeline pos=1 vr=0 coord_wait_ms=302 vr_wait_ms=0 ready_wait_ms=0 total_ms=302
20260313-151305-8111 10107 * Close           (replica.cc:1432):  [1] ReadTimeline pos=0 vr=0 coord_wait_ms=0 vr_wait_ms=0 ready_wait_ms=0 total_ms=0
20260313-151305-8111 10107 * Close           (replica.cc:1432):  [1] ReadTimeline pos=1 vr=0 coord_wait_ms=401 vr_wait_ms=0 ready_wait_ms=0 total_ms=401
20260313-151305-8112 10107 * Close           (replica.cc:1432):  [1] ReadTimeline pos=1 vr=0 coord_wait_ms=201 vr_wait_ms=0 ready_wait_ms=0 total_ms=201
20260313-151305-8112 10107 * Close           (replica.cc:1432):  [1] ReadTimeline pos=1 vr=0 coord_wait_ms=302 vr_wait_ms=0 ready_wait_ms=0 total_ms=302
20260313-151305-8113 10107 * Close           (replica.cc:1432):  [1] ReadTimeline pos=1 vr=0 coord_wait_ms=108 vr_wait_ms=0 ready_wait_ms=0 total_ms=108
20260313-151305-8113 10107 * Close           (replica.cc:1432):  [1] ReadTimeline pos=1 vr=0 coord_wait_ms=100 vr_wait_ms=0 ready_wait_ms=0 total_ms=100
20260313-151305-8113 10107 * Close           (replica.cc:1432):  [1] ReadTimeline pos=1 vr=0 coord_wait_ms=101 vr_wait_ms=0 ready_wait_ms=0 total_ms=101
20260313-151305-8114 10107 * Close           (replica.cc:1432):  [1] ReadTimeline pos=0 vr=0 coord_wait_ms=0 vr_wait_ms=0 ready_wait_ms=0 total_ms=0
20260313-151305-8114 10107 * Close           (replica.cc:1432):  [1] ReadTimeline pos=1 vr=0 coord_wait_ms=201 vr_wait_ms=0 ready_wait_ms=0 total_ms=201
20260313-151305-8115 10107 * Close           (replica.cc:1432):  [1] ReadTimeline pos=1 vr=0 coord_wait_ms=302 vr_wait_ms=0 ready_wait_ms=0 total_ms=302
20260313-151305-8115 10107 * Close           (replica.cc:1432):  [1] ReadTimeline pos=1 vr=0 coord_wait_ms=302 vr_wait_ms=0 ready_wait_ms=0 total_ms=302
20260313-151305-8115 10107 * Close           (replica.cc:1432):  [1] ReadTimeline pos=1 vr=0 coord_wait_ms=101 vr_wait_ms=0 ready_wait_ms=0 total_ms=101
20260313-151305-8116 10107 * Close           (replica.cc:1432):  [1] ReadTimeline pos=1 vr=0 coord_wait_ms=201 vr_wait_ms=0 ready_wait_ms=0 total_ms=201
20260313-151305-8116 10107 * Close           (replica.cc:1432):  [1] ReadTimeline pos=0 vr=0 coord_wait_ms=0 vr_wait_ms=0 ready_wait_ms=0 total_ms=0
20260313-151305-8117 10107 * Close           (replica.cc:1432):  [1] ReadTimeline pos=0 vr=0 coord_wait_ms=0 vr_wait_ms=0 ready_wait_ms=0 total_ms=0
20260313-151305-8117 10107 * Close           (replica.cc:1432):  [1] ReadTimeline pos=1 vr=0 coord_wait_ms=201 vr_wait_ms=0 ready_wait_ms=0 total_ms=201
20260313-151305-8117 10107 * Close           (replica.cc:1432):  [1] ReadTimeline pos=0 vr=0 coord_wait_ms=0 vr_wait_ms=0 ready_wait_ms=0 total_ms=0
20260313-151305-8118 10107 * Close           (replica.cc:1432):  [1] ReadTimeline pos=1 vr=0 coord_wait_ms=201 vr_wait_ms=0 ready_wait_ms=0 total_ms=201
20260313-151305-8118 10107 * Close           (replica.cc:1432):  [1] ReadTimeline pos=1 vr=0 coord_wait_ms=200 vr_wait_ms=0 ready_wait_ms=0 total_ms=200
20260313-151305-8119 10107 * Close           (replica.cc:1432):  [1] ReadTimeline pos=1 vr=0 coord_wait_ms=201 vr_wait_ms=0 ready_wait_ms=0 total_ms=201
20260313-151305-8119 10107 * Close           (replica.cc:1432):  [1] ReadTimeline pos=0 vr=0 coord_wait_ms=0 vr_wait_ms=0 ready_wait_ms=0 total_ms=0
20260313-151305-8120 10107 * Close           (replica.cc:1432):  [1] ReadTimeline pos=1 vr=0 coord_wait_ms=301 vr_wait_ms=0 ready_wait_ms=0 total_ms=301
20260313-151305-8120 10107 * Close           (replica.cc:1432):  [1] ReadTimeline pos=0 vr=0 coord_wait_ms=0 vr_wait_ms=0 ready_wait_ms=0 total_ms=0
20260313-151305-8121 10107 * Close           (replica.cc:1432):  [1] ReadTimeline pos=0 vr=0 coord_wait_ms=0 vr_wait_ms=0 ready_wait_ms=0 total_ms=0
20260313-151305-8121 10107 * Close           (replica.cc:1432):  [1] ReadTimeline pos=1 vr=0 coord_wait_ms=302 vr_wait_ms=0 ready_wait_ms=0 total_ms=302
20260313-151305-8121 10107 * Close           (replica.cc:1432):  [1] ReadTimeline pos=1 vr=0 coord_wait_ms=101 vr_wait_ms=0 ready_wait_ms=0 total_ms=101
20260313-151305-8122 10107 * Close           (replica.cc:1432):  [1] ReadTimeline pos=1 vr=0 coord_wait_ms=301 vr_wait_ms=0 ready_wait_ms=0 total_ms=301
20260313-151305-8122 10107 * Close           (replica.cc:1432):  [1] ReadTimeline pos=1 vr=0 coord_wait_ms=302 vr_wait_ms=0 ready_wait_ms=0 total_ms=302
20260313-151305-8123 10107 * Close           (replica.cc:1432):  [1] ReadTimeline pos=1 vr=0 coord_wait_ms=100 vr_wait_ms=0 ready_wait_ms=0 total_ms=100
20260313-151305-8123 10107 * Close           (replica.cc:1432):  [1] ReadTimeline pos=0 vr=0 coord_wait_ms=0 vr_wait_ms=0 ready_wait_ms=0 total_ms=0
20260313-151305-8123 10107 * Close           (replica.cc:1432):  [1] ReadTimeline pos=0 vr=0 coord_wait_ms=0 vr_wait_ms=0 ready_wait_ms=0 total_ms=0
20260313-151305-8124 10107 * Close           (replica.cc:1432):  [1] ReadTimeline pos=1 vr=0 coord_wait_ms=302 vr_wait_ms=0 ready_wait_ms=0 total_ms=302
20260313-151305-8124 10107 * Close           (replica.cc:1432):  [1] ReadTimeline pos=0 vr=0 coord_wait_ms=0 vr_wait_ms=0 ready_wait_ms=0 total_ms=0
20260313-151305-8125 10107 * Close           (replica.cc:1432):  [1] ReadTimeline pos=1 vr=0 coord_wait_ms=201 vr_wait_ms=0 ready_wait_ms=0 total_ms=201
20260313-151305-8125 10107 * Close           (replica.cc:1432):  [1] ReadTimeline pos=1 vr=0 coord_wait_ms=301 vr_wait_ms=0 ready_wait_ms=0 total_ms=301
20260313-151305-8126 10107 * Close           (replica.cc:1432):  [1] ReadTimeline pos=1 vr=0 coord_wait_ms=201 vr_wait_ms=0 ready_wait_ms=0 total_ms=201
20260313-151305-8126 10107 * Close           (replica.cc:1432):  [1] ReadTimeline pos=1 vr=0 coord_wait_ms=101 vr_wait_ms=0 ready_wait_ms=0 total_ms=101
20260313-151305-8126 10107 * Close           (replica.cc:1432):  [1] ReadTimeline pos=1 vr=0 coord_wait_ms=201 vr_wait_ms=0 ready_wait_ms=0 total_ms=201
20260313-151305-8127 10107 * Close           (replica.cc:1432):  [1] ReadTimeline pos=1 vr=0 coord_wait_ms=201 vr_wait_ms=0 ready_wait_ms=0 total_ms=201
20260313-151305-8127 10107 * Close           (replica.cc:1432):  [1] ReadTimeline pos=1 vr=0 coord_wait_ms=201 vr_wait_ms=0 ready_wait_ms=0 total_ms=201
20260313-151305-8128 10107 * Close           (replica.cc:1432):  [1] ReadTimeline pos=0 vr=0 coord_wait_ms=0 vr_wait_ms=0 ready_wait_ms=0 total_ms=0
20260313-151305-8128 10107 * Close           (replica.cc:1432):  [1] ReadTimeline pos=0 vr=0 coord_wait_ms=0 vr_wait_ms=0 ready_wait_ms=0 total_ms=0
20260313-151305-8128 10107 * Close           (replica.cc:1432):  [1] ReadTimeline pos=0 vr=0 coord_wait_ms=0 vr_wait_ms=0 ready_wait_ms=0 total_ms=0
20260313-151305-8129 10107 * Close           (replica.cc:1432):  [1] ReadTimeline pos=1 vr=0 coord_wait_ms=302 vr_wait_ms=0 ready_wait_ms=0 total_ms=302
20260313-151305-8129 10107 * Close           (replica.cc:1432):  [1] ReadTimeline pos=0 vr=0 coord_wait_ms=0 vr_wait_ms=0 ready_wait_ms=0 total_ms=0
20260313-151305-8130 10107 * Close           (replica.cc:1432):  [1] ReadTimeline pos=0 vr=0 coord_wait_ms=0 vr_wait_ms=0 ready_wait_ms=0 total_ms=0
20260313-151305-8130 10107 * Close           (replica.cc:1432):  [1] ReadTimeline pos=1 vr=0 coord_wait_ms=302 vr_wait_ms=0 ready_wait_ms=0 total_ms=302
20260313-151305-8130 10107 * Close           (replica.cc:1432):  [1] ReadTimeline pos=1 vr=0 coord_wait_ms=100 vr_wait_ms=0 ready_wait_ms=0 total_ms=100
20260313-151305-8131 10107 * Close           (replica.cc:1432):  [1] ReadTimeline pos=0 vr=0 coord_wait_ms=0 vr_wait_ms=0 ready_wait_ms=0 total_ms=0
20260313-151305-8131 10107 * Close           (replica.cc:1432):  [1] ReadTimeline pos=1 vr=0 coord_wait_ms=301 vr_wait_ms=0 ready_wait_ms=0 total_ms=301
20260313-151305-8132 10107 * Close           (replica.cc:1432):  [1] ReadTimeline pos=1 vr=0 coord_wait_ms=200 vr_wait_ms=0 ready_wait_ms=0 total_ms=200
20260313-151305-8132 10107 * Close           (replica.cc:1432):  [1] ReadTimeline pos=1 vr=0 coord_wait_ms=201 vr_wait_ms=0 ready_wait_ms=0 total_ms=201
20260313-151305-8133 10107 * Close           (replica.cc:1432):  [1] ReadTimeline pos=0 vr=0 coord_wait_ms=0 vr_wait_ms=0 ready_wait_ms=0 total_ms=0
20260313-151305-8133 10107 * Close           (replica.cc:1432):  [1] ReadTimeline pos=1 vr=0 coord_wait_ms=1 vr_wait_ms=0 ready_wait_ms=0 total_ms=1
20260313-151305-8133 10107 * Close           (replica.cc:1432):  [1] ReadTimeline pos=1 vr=0 coord_wait_ms=201 vr_wait_ms=0 ready_wait_ms=0 total_ms=201
20260313-151305-8134 10107 * Close           (replica.cc:1432):  [1] ReadTimeline pos=1 vr=0 coord_wait_ms=302 vr_wait_ms=0 ready_wait_ms=0 total_ms=302
20260313-151305-8134 10107 * Close           (replica.cc:1432):  [1] ReadTimeline pos=1 vr=0 coord_wait_ms=201 vr_wait_ms=0 ready_wait_ms=0 total_ms=201
20260313-151305-8135 10107 * Close           (replica.cc:1432):  [1] ReadTimeline pos=0 vr=0 coord_wait_ms=0 vr_wait_ms=0 ready_wait_ms=0 total_ms=0
20260313-151305-8135 10107 * Close           (replica.cc:1432):  [1] ReadTimeline pos=1 vr=0 coord_wait_ms=202 vr_wait_ms=0 ready_wait_ms=0 total_ms=202
20260313-151305-8135 10107 * Close           (replica.cc:1432):  [1] ReadTimeline pos=0 vr=0 coord_wait_ms=0 vr_wait_ms=0 ready_wait_ms=0 total_ms=0
20260313-151305-8136 10107 * Close           (replica.cc:1432):  [1] ReadTimeline pos=1 vr=0 coord_wait_ms=0 vr_wait_ms=0 ready_wait_ms=0 total_ms=0
20260313-151305-8136 10107 * Close           (replica.cc:1432):  [1] ReadTimeline pos=1 vr=0 coord_wait_ms=100 vr_wait_ms=0 ready_wait_ms=0 total_ms=100
20260313-151305-8137 10107 * Close           (replica.cc:1432):  [1] ReadTimeline pos=0 vr=0 coord_wait_ms=0 vr_wait_ms=0 ready_wait_ms=0 total_ms=0
20260313-151305-8137 10107 * Close           (replica.cc:1432):  [1] ReadTimeline pos=1 vr=0 coord_wait_ms=201 vr_wait_ms=0 ready_wait_ms=0 total_ms=201
20260313-151305-8137 10107 * Close           (replica.cc:1432):  [1] ReadTimeline pos=1 vr=0 coord_wait_ms=202 vr_wait_ms=0 ready_wait_ms=0 total_ms=202
20260313-151305-8138 10107 * Close           (replica.cc:1432):  [1] ReadTimeline pos=1 vr=0 coord_wait_ms=101 vr_wait_ms=0 ready_wait_ms=0 total_ms=101
20260313-151305-8138 10107 * Close           (replica.cc:1432):  [1] ReadTimeline pos=1 vr=0 coord_wait_ms=201 vr_wait_ms=0 ready_wait_ms=0 total_ms=201
20260313-151305-8139 10107 * Close           (replica.cc:1432):  [1] ReadTimeline pos=1 vr=0 coord_wait_ms=301 vr_wait_ms=0 ready_wait_ms=0 total_ms=301
20260313-151305-8139 10107 * Close           (replica.cc:1432):  [1] ReadTimeline pos=0 vr=0 coord_wait_ms=0 vr_wait_ms=0 ready_wait_ms=0 total_ms=0
20260313-151305-8139 10107 * Close           (replica.cc:1432):  [1] ReadTimeline pos=1 vr=0 coord_wait_ms=201 vr_wait_ms=0 ready_wait_ms=0 total_ms=201
20260313-151305-8140 10107 * Close           (replica.cc:1432):  [1] ReadTimeline pos=1 vr=0 coord_wait_ms=101 vr_wait_ms=0 ready_wait_ms=0 total_ms=101
20260313-151305-8140 10107 * Close           (replica.cc:1432):  [1] ReadTimeline pos=1 vr=0 coord_wait_ms=201 vr_wait_ms=0 ready_wait_ms=0 total_ms=201
20260313-151305-8141 10107 * Close           (replica.cc:1432):  [1] ReadTimeline pos=1 vr=0 coord_wait_ms=202 vr_wait_ms=0 ready_wait_ms=0 total_ms=202
20260313-151305-8141 10107 * Close           (replica.cc:1432):  [1] ReadTimeline pos=1 vr=0 coord_wait_ms=101 vr_wait_ms=0 ready_wait_ms=0 total_ms=101
20260313-151305-8142 10107 * Close           (replica.cc:1432):  [1] ReadTimeline pos=1 vr=0 coord_wait_ms=100 vr_wait_ms=0 ready_wait_ms=0 total_ms=100
20260313-151305-8142 10107 * Close           (replica.cc:1432):  [1] ReadTimeline pos=1 vr=0 coord_wait_ms=100 vr_wait_ms=0 ready_wait_ms=0 total_ms=100
20260313-151305-8142 10107 * Close           (replica.cc:1432):  [1] ReadTimeline pos=0 vr=0 coord_wait_ms=0 vr_wait_ms=0 ready_wait_ms=0 total_ms=0
20260313-151305-8143 10107 * Close           (replica.cc:1432):  [1] ReadTimeline pos=0 vr=0 coord_wait_ms=0 vr_wait_ms=0 ready_wait_ms=0 total_ms=0
20260313-151305-8143 10107 * Close           (replica.cc:1432):  [1] ReadTimeline pos=1 vr=0 coord_wait_ms=301 vr_wait_ms=0 ready_wait_ms=0 total_ms=301
20260313-151305-8144 10107 * Close           (replica.cc:1432):  [1] ReadTimeline pos=0 vr=0 coord_wait_ms=0 vr_wait_ms=0 ready_wait_ms=0 total_ms=0
20260313-151305-8144 10107 * Close           (replica.cc:1432):  [1] ReadTimeline pos=1 vr=0 coord_wait_ms=201 vr_wait_ms=0 ready_wait_ms=0 total_ms=201
20260313-151305-8144 10107 * Close           (replica.cc:1432):  [1] ReadTimeline pos=0 vr=0 coord_wait_ms=0 vr_wait_ms=0 ready_wait_ms=0 total_ms=0
20260313-151305-8145 10107 * Close           (replica.cc:1432):  [1] ReadTimeline pos=1 vr=0 coord_wait_ms=100 vr_wait_ms=0 ready_wait_ms=0 total_ms=100
20260313-151305-8145 10107 * Close           (replica.cc:1432):  [1] ReadTimeline pos=1 vr=0 coord_wait_ms=101 vr_wait_ms=0 ready_wait_ms=0 total_ms=101
20260313-151305-8146 10107 * Close           (replica.cc:1432):  [1] ReadTimeline pos=1 vr=0 coord_wait_ms=101 vr_wait_ms=0 ready_wait_ms=0 total_ms=101
20260313-151305-8146 10107 * Close           (replica.cc:1432):  [1] ReadTimeline pos=1 vr=0 coord_wait_ms=100 vr_wait_ms=0 ready_wait_ms=0 total_ms=100
20260313-151305-8147 10107 * Close           (replica.cc:1432):  [1] ReadTimeline pos=1 vr=0 coord_wait_ms=101 vr_wait_ms=0 ready_wait_ms=0 total_ms=101
20260313-151305-8147 10107 * Close           (replica.cc:1432):  [1] ReadTimeline pos=1 vr=0 coord_wait_ms=101 vr_wait_ms=0 ready_wait_ms=0 total_ms=101
20260313-151305-8147 10107 * Close           (replica.cc:1432):  [1] ReadTimeline pos=1 vr=0 coord_wait_ms=301 vr_wait_ms=0 ready_wait_ms=0 total_ms=301
20260313-151305-8148 10107 * Close           (replica.cc:1432):  [1] ReadTimeline pos=1 vr=0 coord_wait_ms=100 vr_wait_ms=0 ready_wait_ms=0 total_ms=100
20260313-151305-8148 10107 * Close           (replica.cc:1432):  [1] ReadTimeline pos=1 vr=0 coord_wait_ms=201 vr_wait_ms=0 ready_wait_ms=0 total_ms=201
20260313-151305-8149 10107 * Close           (replica.cc:1432):  [1] ReadTimeline pos=1 vr=0 coord_wait_ms=301 vr_wait_ms=0 ready_wait_ms=0 total_ms=301
20260313-151305-8149 10107 * Close           (replica.cc:1432):  [1] ReadTimeline pos=0 vr=0 coord_wait_ms=0 vr_wait_ms=0 ready_wait_ms=0 total_ms=0
20260313-151305-8149 10107 * Close           (replica.cc:1432):  [1] ReadTimeline pos=0 vr=0 coord_wait_ms=0 vr_wait_ms=0 ready_wait_ms=0 total_ms=0
20260313-151305-8150 10107 * Close           (replica.cc:1432):  [1] ReadTimeline pos=1 vr=0 coord_wait_ms=201 vr_wait_ms=0 ready_wait_ms=0 total_ms=201
20260313-151305-8150 10107 * Close           (replica.cc:1432):  [1] ReadTimeline pos=1 vr=0 coord_wait_ms=101 vr_wait_ms=0 ready_wait_ms=0 total_ms=101
20260313-151305-8151 10107 * Close           (replica.cc:1432):  [1] ReadTimeline pos=0 vr=0 coord_wait_ms=0 vr_wait_ms=0 ready_wait_ms=0 total_ms=0
20260313-151305-8151 10107 * Close           (replica.cc:1432):  [1] ReadTimeline pos=1 vr=0 coord_wait_ms=101 vr_wait_ms=0 ready_wait_ms=0 total_ms=101
20260313-151305-8151 10107 * Close           (replica.cc:1432):  [1] ReadTimeline pos=0 vr=0 coord_wait_ms=0 vr_wait_ms=0 ready_wait_ms=0 total_ms=0
20260313-151305-8152 10107 * Close           (replica.cc:1432):  [1] ReadTimeline pos=1 vr=0 coord_wait_ms=201 vr_wait_ms=0 ready_wait_ms=0 total_ms=201
20260313-151305-8152 10107 * Close           (replica.cc:1432):  [1] ReadTimeline pos=0 vr=0 coord_wait_ms=0 vr_wait_ms=0 ready_wait_ms=0 total_ms=0
20260313-151305-8153 10107 * Close           (replica.cc:1432):  [1] ReadTimeline pos=1 vr=0 coord_wait_ms=301 vr_wait_ms=0 ready_wait_ms=0 total_ms=301
20260313-151305-8153 10107 * Close           (replica.cc:1432):  [1] ReadTimeline pos=0 vr=0 coord_wait_ms=0 vr_wait_ms=0 ready_wait_ms=0 total_ms=0
20260313-151305-8154 10107 * Close           (replica.cc:1432):  [1] ReadTimeline pos=0 vr=0 coord_wait_ms=0 vr_wait_ms=0 ready_wait_ms=0 total_ms=0
20260313-151305-8154 10107 * Close           (replica.cc:1432):  [1] ReadTimeline pos=0 vr=0 coord_wait_ms=0 vr_wait_ms=0 ready_wait_ms=0 total_ms=0
20260313-151305-8154 10107 * Close           (replica.cc:1432):  [1] ReadTimeline pos=1 vr=0 coord_wait_ms=100 vr_wait_ms=0 ready_wait_ms=0 total_ms=100
20260313-151305-8155 10107 * Close           (replica.cc:1432):  [1] ReadTimeline pos=1 vr=0 coord_wait_ms=302 vr_wait_ms=0 ready_wait_ms=0 total_ms=302
20260313-151305-8155 10107 * Close           (replica.cc:1432):  [1] ReadTimeline pos=1 vr=0 coord_wait_ms=301 vr_wait_ms=0 ready_wait_ms=0 total_ms=301
20260313-151305-8156 10107 * Close           (replica.cc:1432):  [1] ReadTimeline pos=0 vr=0 coord_wait_ms=0 vr_wait_ms=0 ready_wait_ms=0 total_ms=0
20260313-151305-8156 10107 * Close           (replica.cc:1432):  [1] ReadTimeline pos=0 vr=0 coord_wait_ms=0 vr_wait_ms=0 ready_wait_ms=0 total_ms=0
20260313-151305-8156 10107 * Close           (replica.cc:1432):  [1] ReadTimeline pos=1 vr=0 coord_wait_ms=101 vr_wait_ms=0 ready_wait_ms=0 total_ms=101
20260313-151305-8157 10107 * Close           (replica.cc:1432):  [1] ReadTimeline pos=1 vr=0 coord_wait_ms=302 vr_wait_ms=0 ready_wait_ms=0 total_ms=302
20260313-151305-8157 10107 * Close           (replica.cc:1432):  [1] ReadTimeline pos=1 vr=0 coord_wait_ms=101 vr_wait_ms=0 ready_wait_ms=0 total_ms=101
20260313-151305-8158 10107 * Close           (replica.cc:1432):  [1] ReadTimeline pos=1 vr=0 coord_wait_ms=100 vr_wait_ms=0 ready_wait_ms=0 total_ms=100
20260313-151305-8158 10107 * Close           (replica.cc:1432):  [1] ReadTimeline pos=1 vr=0 coord_wait_ms=201 vr_wait_ms=0 ready_wait_ms=0 total_ms=201
20260313-151305-8158 10107 * Close           (replica.cc:1432):  [1] ReadTimeline pos=1 vr=0 coord_wait_ms=202 vr_wait_ms=0 ready_wait_ms=0 total_ms=202
20260313-151305-8159 10107 * Close           (replica.cc:1432):  [1] ReadTimeline pos=1 vr=0 coord_wait_ms=101 vr_wait_ms=0 ready_wait_ms=0 total_ms=101
20260313-151305-8159 10107 * Close           (replica.cc:1432):  [1] ReadTimeline pos=1 vr=0 coord_wait_ms=101 vr_wait_ms=0 ready_wait_ms=0 total_ms=101
20260313-151305-8160 10107 * Close           (replica.cc:1432):  [1] ReadTimeline pos=0 vr=0 coord_wait_ms=0 vr_wait_ms=0 ready_wait_ms=0 total_ms=0
20260313-151305-8160 10107 * Close           (replica.cc:1432):  [1] ReadTimeline pos=1 vr=0 coord_wait_ms=302 vr_wait_ms=0 ready_wait_ms=0 total_ms=302
20260313-151305-8161 10107 * Close           (replica.cc:1432):  [1] ReadTimeline pos=0 vr=0 coord_wait_ms=0 vr_wait_ms=0 ready_wait_ms=0 total_ms=0
20260313-151305-8161 10107 * Close           (replica.cc:1432):  [1] ReadTimeline pos=0 vr=0 coord_wait_ms=0 vr_wait_ms=0 ready_wait_ms=0 total_ms=0
20260313-151305-8161 10107 * Close           (replica.cc:1432):  [1] ReadTimeline pos=1 vr=0 coord_wait_ms=201 vr_wait_ms=0 ready_wait_ms=0 total_ms=201
20260313-151305-8162 10107 * Close           (replica.cc:1432):  [1] ReadTimeline pos=1 vr=0 coord_wait_ms=201 vr_wait_ms=0 ready_wait_ms=0 total_ms=201
20260313-151305-8162 10107 * Close           (replica.cc:1432):  [1] ReadTimeline pos=1 vr=0 coord_wait_ms=100 vr_wait_ms=0 ready_wait_ms=0 total_ms=100
20260313-151305-8163 10107 * Close           (replica.cc:1432):  [1] ReadTimeline pos=1 vr=0 coord_wait_ms=302 vr_wait_ms=0 ready_wait_ms=0 total_ms=302
20260313-151305-8163 10107 * Close           (replica.cc:1432):  [1] ReadTimeline pos=1 vr=0 coord_wait_ms=101 vr_wait_ms=0 ready_wait_ms=0 total_ms=101
20260313-151305-8164 10107 * Close           (replica.cc:1432):  [1] ReadTimeline pos=1 vr=0 coord_wait_ms=201 vr_wait_ms=0 ready_wait_ms=0 total_ms=201
20260313-151305-8164 10107 * Close           (replica.cc:1432):  [1] ReadTimeline pos=0 vr=0 coord_wait_ms=0 vr_wait_ms=0 ready_wait_ms=0 total_ms=0
20260313-151305-8164 10107 * Close           (replica.cc:1432):  [1] ReadTimeline pos=1 vr=0 coord_wait_ms=0 vr_wait_ms=0 ready_wait_ms=0 total_ms=0
20260313-151305-8165 10107 * Close           (replica.cc:1432):  [1] ReadTimeline pos=0 vr=0 coord_wait_ms=0 vr_wait_ms=0 ready_wait_ms=0 total_ms=0
20260313-151305-8165 10107 * Close           (replica.cc:1432):  [1] ReadTimeline pos=1 vr=0 coord_wait_ms=101 vr_wait_ms=0 ready_wait_ms=0 total_ms=101
20260313-151305-8166 10107 * Close           (replica.cc:1432):  [1] ReadTimeline pos=0 vr=0 coord_wait_ms=0 vr_wait_ms=0 ready_wait_ms=0 total_ms=0
20260313-151305-8166 10107 * Close           (replica.cc:1432):  [1] ReadTimeline pos=1 vr=0 coord_wait_ms=101 vr_wait_ms=0 ready_wait_ms=0 total_ms=101
20260313-151305-8166 10107 * Close           (replica.cc:1432):  [1] ReadTimeline pos=1 vr=0 coord_wait_ms=302 vr_wait_ms=0 ready_wait_ms=0 total_ms=302
20260313-151305-8167 10107 * Close           (replica.cc:1432):  [1] ReadTimeline pos=1 vr=0 coord_wait_ms=101 vr_wait_ms=0 ready_wait_ms=0 total_ms=101
20260313-151305-8167 10107 * Close           (replica.cc:1432):  [1] ReadTimeline pos=1 vr=0 coord_wait_ms=101 vr_wait_ms=0 ready_wait_ms=0 total_ms=101
20260313-151305-8168 10107 * Close           (replica.cc:1432):  [1] ReadTimeline pos=1 vr=0 coord_wait_ms=201 vr_wait_ms=0 ready_wait_ms=0 total_ms=201
20260313-151305-8168 10107 * Close           (replica.cc:1432):  [1] ReadTimeline pos=1 vr=0 coord_wait_ms=101 vr_wait_ms=0 ready_wait_ms=0 total_ms=101
20260313-151305-8169 10107 * Close           (replica.cc:1432):  [1] ReadTimeline pos=1 vr=0 coord_wait_ms=301 vr_wait_ms=0 ready_wait_ms=0 total_ms=301
20260313-151305-8169 10107 * Close           (replica.cc:1432):  [1] ReadTimeline pos=1 vr=0 coord_wait_ms=302 vr_wait_ms=0 ready_wait_ms=0 total_ms=302
20260313-151305-8169 10107 * Close           (replica.cc:1432):  [1] ReadTimeline pos=1 vr=0 coord_wait_ms=100 vr_wait_ms=0 ready_wait_ms=0 total_ms=100
20260313-151305-8170 10107 * Close           (replica.cc:1432):  [1] ReadTimeline pos=0 vr=0 coord_wait_ms=0 vr_wait_ms=0 ready_wait_ms=0 total_ms=0
20260313-151305-8170 10107 * Close           (replica.cc:1432):  [1] ReadTimeline pos=1 vr=0 coord_wait_ms=100 vr_wait_ms=0 ready_wait_ms=0 total_ms=100
20260313-151305-8171 10107 * Close           (replica.cc:1432):  [1] ReadTimeline pos=1 vr=0 coord_wait_ms=301 vr_wait_ms=0 ready_wait_ms=0 total_ms=301
20260313-151305-8171 10107 * Close           (replica.cc:1432):  [1] ReadTimeline pos=1 vr=0 coord_wait_ms=101 vr_wait_ms=0 ready_wait_ms=0 total_ms=101
20260313-151305-8171 10107 * Close           (replica.cc:1432):  [1] ReadTimeline pos=1 vr=0 coord_wait_ms=302 vr_wait_ms=0 ready_wait_ms=0 total_ms=302
20260313-151305-8172 10107 * Close           (replica.cc:1432):  [1] ReadTimeline pos=0 vr=0 coord_wait_ms=0 vr_wait_ms=0 ready_wait_ms=0 total_ms=0
20260313-151305-8172 10107 * Close           (replica.cc:1432):  [1] ReadTimeline pos=1 vr=0 coord_wait_ms=0 vr_wait_ms=0 ready_wait_ms=0 total_ms=0
20260313-151305-8173 10107 * Close           (replica.cc:1432):  [1] ReadTimeline pos=1 vr=0 coord_wait_ms=201 vr_wait_ms=0 ready_wait_ms=0 total_ms=201
20260313-151305-8173 10107 * Close           (replica.cc:1432):  [1] ReadTimeline pos=1 vr=0 coord_wait_ms=101 vr_wait_ms=0 ready_wait_ms=0 total_ms=101
20260313-151305-8173 10107 * Close           (replica.cc:1432):  [1] ReadTimeline pos=0 vr=0 coord_wait_ms=0 vr_wait_ms=0 ready_wait_ms=0 total_ms=0
20260313-151305-8174 10107 * Close           (replica.cc:1432):  [1] ReadTimeline pos=1 vr=0 coord_wait_ms=201 vr_wait_ms=0 ready_wait_ms=0 total_ms=201
20260313-151305-8174 10107 * Close           (replica.cc:1432):  [1] ReadTimeline pos=1 vr=0 coord_wait_ms=201 vr_wait_ms=0 ready_wait_ms=0 total_ms=201
20260313-151305-8175 10107 * Close           (replica.cc:1432):  [1] ReadTimeline pos=1 vr=0 coord_wait_ms=302 vr_wait_ms=0 ready_wait_ms=0 total_ms=302
20260313-151305-8175 10107 * Close           (replica.cc:1432):  [1] ReadTimeline pos=1 vr=0 coord_wait_ms=100 vr_wait_ms=0 ready_wait_ms=0 total_ms=100
20260313-151305-8176 10107 * Close           (replica.cc:1432):  [1] ReadTimeline pos=1 vr=0 coord_wait_ms=201 vr_wait_ms=0 ready_wait_ms=0 total_ms=201
20260313-151305-8176 10107 * Close           (replica.cc:1432):  [1] ReadTimeline pos=1 vr=0 coord_wait_ms=202 vr_wait_ms=0 ready_wait_ms=0 total_ms=202
20260313-151305-8176 10107 * Close           (replica.cc:1432):  [1] ReadTimeline pos=0 vr=0 coord_wait_ms=0 vr_wait_ms=0 ready_wait_ms=0 total_ms=0
20260313-151305-8177 10107 * Close           (replica.cc:1432):  [1] ReadTimeline pos=0 vr=0 coord_wait_ms=0 vr_wait_ms=0 ready_wait_ms=0 total_ms=0
