basic_appreq,401921607,238947652478919,96
basic_appreq,402129647,238948056449651,96
basic_appreq,402052198,238948459016012,96
basic_appreq,402179625,238948861403040,96
basic_appreq,402154584,238949265076243,96
basic_appreq,402041975,238949669183283,96
basic_appreq,401979152,238950073188497,96
basic_appreq,402037410,238950475990964,96
basic_appreq,401998801,238950879730852,96
basic_appreq,401997196,238951281870039,96
basic_appreq,401993777,238951684920563,96
basic_appreq,401712647,238952087161030,96
basic_appreq,401303811,238952490276656,96
basic_appreq,402098460,238952894082268,96
basic_appreq,401389585,238953297547549,96
basic_appreq,401950613,238953700948657,96
basic_appreq,401966372,238954104549122,96
basic_appreq,402248548,238954507221412,96
basic_appreq,402000211,238954909732949,96
basic_appreq,402172827,238955313205324,96
basic_appreq,402075562,238955715958259,96
basic_appreq,401996400,238956119398884,96
basic_appreq,402138498,238956522990088,96
basic_appreq,402070804,238956926933134,96
basic_appreq,402085574,238957331034077,96
basic_appreq,402049086,238957735031091,96
basic_appreq,402024421,238958138556064,96
basic_appreq,401958896,238958542028055,96
basic_appreq,402056972,238958944608711,96
basic_appreq,402074541,238959347336273,96
basic_appreq,402150091,238959751031389,96
basic_appreq,402000901,238960154316055,96
basic_appreq,401980325,238960557443584,96
basic_appreq,402054124,238960960082396,96
basic_appreq,401875954,238961362085647,96
basic_appreq,401985016,238961765238187,96
basic_appreq,401929010,238962168568027,96
basic_appreq,402079408,238962571305302,96
basic_appreq,402240178,238962974280037,96
basic_appreq,401293311,238963375835879,96
basic_appreq,402086991,238963778990076,96
basic_appreq,402113318,238964181673448,96
basic_appreq,401980827,238964585515050,96
basic_appreq,402002276,238964989248043,96
basic_appreq,401977170,238965392195509,96
basic_appreq,402051905,238965794399544,96
basic_appreq,401992390,238966198326691,96
basic_appreq,401998462,238966600857614,96
basic_appreq,402036539,238967003464291,96
basic_appreq,402073415,238967406916518,96
basic_appreq,402074873,238967809627979,96
basic_appreq,402099867,238968213463665,96
basic_appreq,402143259,238968616143424,96
basic_appreq,402005334,238969019869687,96
basic_appreq,401992721,238969423902827,96
basic_appreq,402063725,238969827755409,96
basic_appreq,401997080,238970231390015,96
basic_appreq,401826063,238970635039385,96
#end,23,384511,96
