20260313-060433-4239 02393 * main            (server.cc:217):    Starting server.
20260313-060433-4252 02393 * main            (server.cc:335):    Creating a default paritioner!
20260313-060435-2080 02393 * main            (server.cc:513):    Done loading server.
20260313-060535-0728 02393 ! TCPIncomingEventCallback (tcptransport.cc:942): [TCP INCOMING 117] EOF, lifetime=39171.93 ms
20260313-060535-0823 02393 ! TCPIncomingEventCallback (tcptransport.cc:942): [TCP INCOMING 118] EOF, lifetime=39166.68 ms
20260313-060535-0856 02393 ! TCPIncomingEventCallback (tcptransport.cc:942): [TCP INCOMING 120] EOF, lifetime=39161.19 ms
20260313-060535-0869 02393 ! TCPIncomingEventCallback (tcptransport.cc:942): [TCP INCOMING 121] EOF, lifetime=39162.45 ms
20260313-060535-0871 02393 ! TCPIncomingEventCallback (tcptransport.cc:942): [TCP INCOMING 123] EOF, lifetime=39161.55 ms
20260313-060535-0876 02393 ! TCPIncomingEventCallback (tcptransport.cc:942): [TCP INCOMING 119] EOF, lifetime=39163.36 ms
20260313-060535-0973 02393 ! TCPIncomingEventCallback (tcptransport.cc:942): [TCP INCOMING 122] EOF, lifetime=39171.78 ms
20260313-060535-1078 02393 ! TCPIncomingEventCallback (tcptransport.cc:942): [TCP INCOMING 124] EOF, lifetime=39165.45 ms
20260313-060541-5899 02393 * Cleanup         (server.cc:589):    Gracefully exiting after signal 15.
20260313-060541-5900 02393 * Stop            (tcptransport.cc:605): [TCP SUMMARY] outgoingCreated=58 outgoingClosed=0 incomingCreated=66 incomingClosed=8 outgoingPeak=93 incomingPeak=37
Inserted events:
  0x558d7c88dd00 [fd  9] Read Persist Internal
  0x558d7c895a60 [fd  10] Read Persist
  0x558d7c8a0cd0 [fd  11] Read Persist
  0x558d85207f20 [fd  12] Read Persist
  0x558d85205160 [fd  13] Read Persist
  0x558d852001d0 [fd  14] Read Persist
  0x558d851f96e0 [fd  15] Read Persist
  0x558d851fb050 [fd  16] Read Persist
  0x558d851f8ad0 [fd  17] Read Persist
  0x558d852048d0 [fd  18] Read Persist
  0x558d851f8e40 [fd  19] Read Persist
  0x558d851f9280 [fd  20] Read Persist
  0x558d852117c0 [fd  21] Read Persist
  0x558d85211b00 [fd  22] Read Persist
  0x558d85211e40 [fd  23] Read Persist
  0x558d85212180 [fd  24] Read Persist
  0x558d852124c0 [fd  25] Read Persist
  0x558d852128d0 [fd  26] Read Persist
  0x558d85212ce0 [fd  27] Read Persist
  0x558d852130f0 [fd  28] Read Persist
  0x558d85213630 [fd  29] Read Persist
  0x558d85213b20 [fd  30] Read Persist
  0x558d852140b0 [fd  31] Read Persist
  0x558d85214640 [fd  32] Read Persist
  0x558d85214de0 [fd  33] Read Persist
  0x558d85215370 [fd  34] Read Persist
  0x558d85215900 [fd  35] Read Persist
  0x558d85215e90 [fd  36] Read Persist
  0x558d85216420 [fd  37] Read Persist
  0x558d852169b0 [fd  38] Read Persist
  0x558d85216f40 [fd  39] Read Persist
  0x558d852174d0 [fd  40] Read Persist
  0x558d85217a60 [fd  41] Read Persist
  0x558d85217ff0 [fd  42] Read Persist
  0x558d85218580 [fd  43] Read Persist
  0x558d85218b10 [fd  44] Read Persist
  0x558d852190a0 [fd  45] Read Persist
  0x558d85219630 [fd  46] Read Persist
  0x558d85219bc0 [fd  47] Read Persist
  0x558d85219fe0 [fd  48] Read Persist
  0x558d8521a480 [fd  49] Read Persist
  0x558d8521a750 [fd  50] Read Persist
  0x558d8521aaf0 [fd  51] Read Persist
  0x558d8521ae90 [fd  52] Read Persist
  0x558d8521b230 [fd  53] Read Persist
  0x558d8521b5d0 [fd  54] Read Persist
  0x558d8521b970 [fd  55] Read Persist
  0x558d8521bd10 [fd  56] Read Persist
  0x558d8521c0b0 [fd  57] Read Persist
  0x558d8521c450 [fd  58] Read Persist
  0x558d8521c7f0 [fd  59] Read Persist
  0x558d8521cb90 [fd  60] Read Persist
  0x558d8521cf30 [fd  61] Read Persist
  0x558d8521d2d0 [fd  62] Read Persist
  0x558d8521d670 [fd  63] Read Persist
  0x558d8521da10 [fd  64] Read Persist
  0x558d7c89d620 [fd  65] Read Persist
  0x558d7c89c7b0 [fd  66] Read Persist
  0x558d8521e220 [fd  67] Read Persist
  0x558d8521e560 [fd  68] Read Persist
  0x558d8521e8a0 [fd  69] Read Persist
  0x558d8521ebe0 [fd  70] Read Persist
  0x558d8521ef20 [fd  71] Read Persist
  0x558d8521f390 [fd  72] Read Persist
  0x558d8521f830 [fd  73] Read Persist
  0x558d8521fd30 [fd  74] Read Persist
  0x558d852201a0 [fd  75] Read Persist
  0x558d85220690 [fd  76] Read Persist
  0x558d85220b80 [fd  77] Read Persist
  0x558d85221040 [fd  78] Read Persist
  0x558d85221500 [fd  79] Read Persist
  0x558d852219c0 [fd  80] Read Persist
  0x558d85221e80 [fd  81] Read Persist
  0x558d85222340 [fd  82] Read Persist
  0x558d852228d0 [fd  83] Read Persist
  0x558d85222e60 [fd  84] Read Persist
  0x558d852233f0 [fd  85] Read Persist
  0x558d85223980 [fd  86] Read Persist
  0x558d85223f10 [fd  87] Read Persist
  0x558d852244a0 [fd  88] Read Persist
  0x558d85224a30 [fd  89] Read Persist
  0x558d85224fc0 [fd  90] Read Persist
  0x558d85225fd0 [fd  91] Read Persist
  0x558d85226560 [fd  92] Read Persist
  0x558d85226af0 [fd  93] Read Persist
  0x558d85227080 [fd  94] Read Persist
  0x558d85227610 [fd  95] Read Persist
  0x558d85227ba0 [fd  96] Read Persist
  0x558d85228130 [fd  97] Read Persist
  0x558d852286c0 [fd  98] Read Persist
  0x558d85228c50 [fd  99] Read Persist
  0x558d852291e0 [fd  100] Read Persist
  0x558d85229770 [fd  101] Read Persist
  0x558d85229d00 [fd  102] Read Persist
  0x558d8522a290 [fd  103] Read Persist
  0x558d8522a820 [fd  104] Read Persist
  0x558d8522ac40 [fd  105] Read Persist
  0x558d8522ae60 [fd  106] Read Persist
  0x558d8522b110 [fd  107] Read Persist
  0x558d8522b4b0 [fd  108] Read Persist
  0x558d8522b850 [fd  109] Read Persist
  0x558d8522bbf0 [fd  110] Read Persist
  0x558d8522bf90 [fd  111] Read Persist
  0x558d8522c330 [fd  112] Read Persist
  0x558d8522c6d0 [fd  113] Read Persist
  0x558d8522ca70 [fd  114] Read Persist
  0x558d8522ce10 [fd  115] Read Persist
  0x558d8522d1b0 [fd  116] Read Persist
  0x558d8522d550 [fd  117] Read Persist
  0x558d8522d8f0 [fd  118] Read Persist
  0x558d8522dcc0 [fd  119] Read Persist
  0x558d8522e090 [fd  120] Read Persist
  0x558d8522e460 [fd  121] Read Persist
  0x558d8522e830 [fd  122] Read Persist
  0x558d8522ec00 [fd  123] Read Persist
  0x558d8522f000 [fd  124] Read Persist
  0x558d8522f400 [fd  125] Read Persist
  0x558d8522f800 [fd  126] Read Persist
  0x558d8522fc00 [fd  127] Read Persist
  0x558d85230270 [fd  -1] Timeout=1776082541.026199
Active events:
20260313-060541-5921 02393 * Cleanup         (server.cc:593):    Exporting stats to /mnt/extra/experiments/2026-04-13-06-04-25/out/server-0-7-2-stats-0.json.
