20260313-060657-0858 07180 * main            (benchmark.cc:405): Starting benchmark.
20260313-060657-9296 07180 * main            (benchmark.cc:624): Creating a default paritioner!
20260313-060657-9306 07180 * Client          (client.cc:76):     Initializing StrongStore client with id [5]
20260313-060657-9329 07180 * ShardClient     (shardclient.cc:62): success in sending register client: for client id 5 1
20260313-060657-9330 07180 * ShardClient     (shardclient.cc:62): success in sending register client: for client id 5 1
20260313-060657-9330 07180 * ShardClient     (shardclient.cc:62): success in sending register client: for client id 5 1
20260313-060657-9339 07180 * ShardClient     (shardclient.cc:62): success in sending register client: for client id 5 1
20260313-060657-9340 07180 * ShardClient     (shardclient.cc:62): success in sending register client: for client id 5 1
20260313-060657-9340 07180 * ShardClient     (shardclient.cc:62): success in sending register client: for client id 5 1
20260313-060657-9349 07180 * ShardClient     (shardclient.cc:62): success in sending register client: for client id 5 1
20260313-060657-9350 07180 * ShardClient     (shardclient.cc:62): success in sending register client: for client id 5 1
20260313-060657-9350 07180 * ShardClient     (shardclient.cc:62): success in sending register client: for client id 5 1
20260313-060657-9360 07180 * ShardClient     (shardclient.cc:62): success in sending register client: for client id 5 1
20260313-060657-9361 07180 * ShardClient     (shardclient.cc:62): success in sending register client: for client id 5 1
20260313-060657-9361 07180 * ShardClient     (shardclient.cc:62): success in sending register client: for client id 5 1
20260313-060657-9371 07180 * ShardClient     (shardclient.cc:62): success in sending register client: for client id 5 1
20260313-060657-9371 07180 * ShardClient     (shardclient.cc:62): success in sending register client: for client id 5 1
20260313-060657-9372 07180 * ShardClient     (shardclient.cc:62): success in sending register client: for client id 5 1
20260313-060657-9381 07180 * ShardClient     (shardclient.cc:62): success in sending register client: for client id 5 1
20260313-060657-9381 07180 * ShardClient     (shardclient.cc:62): success in sending register client: for client id 5 1
20260313-060657-9382 07180 * ShardClient     (shardclient.cc:62): success in sending register client: for client id 5 1
20260313-060657-9391 07180 * ShardClient     (shardclient.cc:62): success in sending register client: for client id 5 1
20260313-060657-9391 07180 * ShardClient     (shardclient.cc:62): success in sending register client: for client id 5 1
20260313-060657-9392 07180 * ShardClient     (shardclient.cc:62): success in sending register client: for client id 5 1
20260313-060657-9401 07180 * ShardClient     (shardclient.cc:62): success in sending register client: for client id 5 1
20260313-060657-9402 07180 * ShardClient     (shardclient.cc:62): success in sending register client: for client id 5 1
20260313-060657-9402 07180 * ShardClient     (shardclient.cc:62): success in sending register client: for client id 5 1
20260313-060657-9411 07180 * ShardClient     (shardclient.cc:62): success in sending register client: for client id 5 1
20260313-060657-9412 07180 * ShardClient     (shardclient.cc:62): success in sending register client: for client id 5 1
20260313-060657-9412 07180 * ShardClient     (shardclient.cc:62): success in sending register client: for client id 5 1
20260313-060657-9421 07180 * ShardClient     (shardclient.cc:62): success in sending register client: for client id 5 1
20260313-060657-9422 07180 * ShardClient     (shardclient.cc:62): success in sending register client: for client id 5 1
20260313-060657-9422 07180 * ShardClient     (shardclient.cc:62): success in sending register client: for client id 5 1
20260313-060657-9423 07180 * BenchmarkClient (bench_client.cc:83): starting benchclient, issueConcurrent: 1; fanout: 1
Session created: 0
last_service: , current_state: 0
Session continued: 0
last_service: , current_state: 0
Session destroyed: 18446744073709551615
last_service: , current_state: 0
20260313-060657-9641 07180 * GetNextOperation (app_request.cc:76): AppRequest batch composition: fanout=1 reads=1 writes=0
20260313-060657-9641 07180 * ExecuteNextAppRequestOperation (bench_client.cc:407): Sending op with proto 5 and index 1
20260313-060658-3409 07180 * GetNextOperation (app_request.cc:76): AppRequest batch composition: fanout=1 reads=1 writes=0
20260313-060658-3410 07180 * ExecuteNextAppRequestOperation (bench_client.cc:407): Sending op with proto 5 and index 1
20260313-060658-5442 07180 * GetNextOperation (app_request.cc:76): AppRequest batch composition: fanout=1 reads=0 writes=1
20260313-060658-5442 07180 * ExecuteNextAppRequestOperation (bench_client.cc:407): Sending op with proto 5 and index 0
20260313-060658-9467 07180 * GetNextOperation (app_request.cc:76): AppRequest batch composition: fanout=1 reads=1 writes=0
20260313-060658-9468 07180 * ExecuteNextAppRequestOperation (bench_client.cc:407): Sending op with proto 5 and index 1
20260313-060659-1498 07180 * GetNextOperation (app_request.cc:76): AppRequest batch composition: fanout=1 reads=1 writes=0
20260313-060659-1499 07180 * ExecuteNextAppRequestOperation (bench_client.cc:407): Sending op with proto 5 and index 1
20260313-060659-3528 07180 * GetNextOperation (app_request.cc:76): AppRequest batch composition: fanout=1 reads=1 writes=0
20260313-060659-3529 07180 * ExecuteNextAppRequestOperation (bench_client.cc:407): Sending op with proto 5 and index 1
20260313-060659-5545 07180 * GetNextOperation (app_request.cc:76): AppRequest batch composition: fanout=1 reads=1 writes=0
20260313-060659-5546 07180 * ExecuteNextAppRequestOperation (bench_client.cc:407): Sending op with proto 5 and index 1
20260313-060659-7577 07180 * GetNextOperation (app_request.cc:76): AppRequest batch composition: fanout=1 reads=1 writes=0
20260313-060659-7578 07180 * ExecuteNextAppRequestOperation (bench_client.cc:407): Sending op with proto 5 and index 1
20260313-060700-1606 07180 * GetNextOperation (app_request.cc:76): AppRequest batch composition: fanout=1 reads=1 writes=0
20260313-060700-1607 07180 * ExecuteNextAppRequestOperation (bench_client.cc:407): Sending op with proto 5 and index 1
20260313-060700-3619 07180 * GetNextOperation (app_request.cc:76): AppRequest batch composition: fanout=1 reads=1 writes=0
20260313-060700-3620 07180 * ExecuteNextAppRequestOperation (bench_client.cc:407): Sending op with proto 5 and index 1
20260313-060700-7651 07180 * GetNextOperation (app_request.cc:76): AppRequest batch composition: fanout=1 reads=1 writes=0
20260313-060700-7651 07180 * ExecuteNextAppRequestOperation (bench_client.cc:407): Sending op with proto 5 and index 1
20260313-060700-9669 07180 * GetNextOperation (app_request.cc:76): AppRequest batch composition: fanout=1 reads=1 writes=0
20260313-060700-9669 07180 * ExecuteNextAppRequestOperation (bench_client.cc:407): Sending op with proto 5 and index 1
20260313-060701-1688 07180 * GetNextOperation (app_request.cc:76): AppRequest batch composition: fanout=1 reads=1 writes=0
20260313-060701-1689 07180 * ExecuteNextAppRequestOperation (bench_client.cc:407): Sending op with proto 5 and index 1
20260313-060701-3703 07180 * GetNextOperation (app_request.cc:76): AppRequest batch composition: fanout=1 reads=1 writes=0
20260313-060701-3704 07180 * ExecuteNextAppRequestOperation (bench_client.cc:407): Sending op with proto 5 and index 1
20260313-060701-5729 07180 * GetNextOperation (app_request.cc:76): AppRequest batch composition: fanout=1 reads=1 writes=0
20260313-060701-5730 07180 * ExecuteNextAppRequestOperation (bench_client.cc:407): Sending op with proto 5 and index 1
20260313-060701-7745 07180 * GetNextOperation (app_request.cc:76): AppRequest batch composition: fanout=1 reads=0 writes=1
20260313-060701-7746 07180 * ExecuteNextAppRequestOperation (bench_client.cc:407): Sending op with proto 5 and index 0
20260313-060701-9641 07180 * WarmupDone      (bench_client.cc:727): Completed warmup period of 4 seconds with 15 requests
20260313-060702-1778 07180 * GetNextOperation (app_request.cc:76): AppRequest batch composition: fanout=1 reads=1 writes=0
20260313-060702-1779 07180 * ExecuteNextAppRequestOperation (bench_client.cc:407): Sending op with proto 5 and index 1
20260313-060702-5803 07180 * GetNextOperation (app_request.cc:76): AppRequest batch composition: fanout=1 reads=1 writes=0
20260313-060702-5804 07180 * ExecuteNextAppRequestOperation (bench_client.cc:407): Sending op with proto 5 and index 1
20260313-060702-7838 07180 * GetNextOperation (app_request.cc:76): AppRequest batch composition: fanout=1 reads=1 writes=0
20260313-060702-7838 07180 * ExecuteNextAppRequestOperation (bench_client.cc:407): Sending op with proto 5 and index 1
20260313-060702-9864 07180 * GetNextOperation (app_request.cc:76): AppRequest batch composition: fanout=1 reads=1 writes=0
20260313-060702-9865 07180 * ExecuteNextAppRequestOperation (bench_client.cc:407): Sending op with proto 5 and index 1
20260313-060703-1886 07180 * GetNextOperation (app_request.cc:76): AppRequest batch composition: fanout=1 reads=1 writes=0
20260313-060703-1887 07180 * ExecuteNextAppRequestOperation (bench_client.cc:407): Sending op with proto 5 and index 1
20260313-060703-3911 07180 * GetNextOperation (app_request.cc:76): AppRequest batch composition: fanout=1 reads=1 writes=0
20260313-060703-3912 07180 * ExecuteNextAppRequestOperation (bench_client.cc:407): Sending op with proto 5 and index 1
20260313-060703-5934 07180 * GetNextOperation (app_request.cc:76): AppRequest batch composition: fanout=1 reads=1 writes=0
20260313-060703-5935 07180 * ExecuteNextAppRequestOperation (bench_client.cc:407): Sending op with proto 5 and index 1
20260313-060703-7966 07180 * GetNextOperation (app_request.cc:76): AppRequest batch composition: fanout=1 reads=1 writes=0
20260313-060703-7967 07180 * ExecuteNextAppRequestOperation (bench_client.cc:407): Sending op with proto 5 and index 1
20260313-060703-9983 07180 * GetNextOperation (app_request.cc:76): AppRequest batch composition: fanout=1 reads=1 writes=0
20260313-060703-9984 07180 * ExecuteNextAppRequestOperation (bench_client.cc:407): Sending op with proto 5 and index 1
20260313-060704-2007 07180 * GetNextOperation (app_request.cc:76): AppRequest batch composition: fanout=1 reads=1 writes=0
20260313-060704-2008 07180 * ExecuteNextAppRequestOperation (bench_client.cc:407): Sending op with proto 5 and index 1
20260313-060704-4036 07180 * GetNextOperation (app_request.cc:76): AppRequest batch composition: fanout=1 reads=1 writes=0
20260313-060704-4037 07180 * ExecuteNextAppRequestOperation (bench_client.cc:407): Sending op with proto 5 and index 1
20260313-060704-6055 07180 * GetNextOperation (app_request.cc:76): AppRequest batch composition: fanout=1 reads=1 writes=0
20260313-060704-6056 07180 * ExecuteNextAppRequestOperation (bench_client.cc:407): Sending op with proto 5 and index 1
20260313-060704-8085 07180 * GetNextOperation (app_request.cc:76): AppRequest batch composition: fanout=1 reads=0 writes=1
20260313-060704-8086 07180 * ExecuteNextAppRequestOperation (bench_client.cc:407): Sending op with proto 5 and index 0
20260313-060705-2116 07180 * GetNextOperation (app_request.cc:76): AppRequest batch composition: fanout=1 reads=0 writes=1
20260313-060705-2117 07180 * ExecuteNextAppRequestOperation (bench_client.cc:407): Sending op with proto 5 and index 0
20260313-060705-6144 07180 * GetNextOperation (app_request.cc:76): AppRequest batch composition: fanout=1 reads=1 writes=0
20260313-060705-6145 07180 * ExecuteNextAppRequestOperation (bench_client.cc:407): Sending op with proto 5 and index 1
20260313-060705-8159 07180 * GetNextOperation (app_request.cc:76): AppRequest batch composition: fanout=1 reads=1 writes=0
20260313-060705-8160 07180 * ExecuteNextAppRequestOperation (bench_client.cc:407): Sending op with proto 5 and index 1
20260313-060706-0188 07180 * GetNextOperation (app_request.cc:76): AppRequest batch composition: fanout=1 reads=1 writes=0
20260313-060706-0189 07180 * ExecuteNextAppRequestOperation (bench_client.cc:407): Sending op with proto 5 and index 1
20260313-060706-2222 07180 * GetNextOperation (app_request.cc:76): AppRequest batch composition: fanout=1 reads=1 writes=0
20260313-060706-2223 07180 * ExecuteNextAppRequestOperation (bench_client.cc:407): Sending op with proto 5 and index 1
20260313-060706-4257 07180 * GetNextOperation (app_request.cc:76): AppRequest batch composition: fanout=1 reads=1 writes=0
20260313-060706-4258 07180 * ExecuteNextAppRequestOperation (bench_client.cc:407): Sending op with proto 5 and index 1
20260313-060706-6272 07180 * GetNextOperation (app_request.cc:76): AppRequest batch composition: fanout=1 reads=1 writes=0
20260313-060706-6272 07180 * ExecuteNextAppRequestOperation (bench_client.cc:407): Sending op with proto 5 and index 1
20260313-060706-8301 07180 * GetNextOperation (app_request.cc:76): AppRequest batch composition: fanout=1 reads=1 writes=0
20260313-060706-8302 07180 * ExecuteNextAppRequestOperation (bench_client.cc:407): Sending op with proto 5 and index 1
20260313-060707-0329 07180 * GetNextOperation (app_request.cc:76): AppRequest batch composition: fanout=1 reads=1 writes=0
20260313-060707-0330 07180 * ExecuteNextAppRequestOperation (bench_client.cc:407): Sending op with proto 5 and index 1
20260313-060707-2358 07180 * GetNextOperation (app_request.cc:76): AppRequest batch composition: fanout=1 reads=1 writes=0
20260313-060707-2359 07180 * ExecuteNextAppRequestOperation (bench_client.cc:407): Sending op with proto 5 and index 1
20260313-060707-4385 07180 * GetNextOperation (app_request.cc:76): AppRequest batch composition: fanout=1 reads=1 writes=0
20260313-060707-4386 07180 * ExecuteNextAppRequestOperation (bench_client.cc:407): Sending op with proto 5 and index 1
20260313-060707-6404 07180 * GetNextOperation (app_request.cc:76): AppRequest batch composition: fanout=1 reads=1 writes=0
20260313-060707-6405 07180 * ExecuteNextAppRequestOperation (bench_client.cc:407): Sending op with proto 5 and index 1
20260313-060707-8429 07180 * GetNextOperation (app_request.cc:76): AppRequest batch composition: fanout=1 reads=1 writes=0
20260313-060707-8430 07180 * ExecuteNextAppRequestOperation (bench_client.cc:407): Sending op with proto 5 and index 1
20260313-060708-0450 07180 * GetNextOperation (app_request.cc:76): AppRequest batch composition: fanout=1 reads=1 writes=0
20260313-060708-0451 07180 * ExecuteNextAppRequestOperation (bench_client.cc:407): Sending op with proto 5 and index 1
20260313-060708-2468 07180 * GetNextOperation (app_request.cc:76): AppRequest batch composition: fanout=1 reads=1 writes=0
20260313-060708-2469 07180 * ExecuteNextAppRequestOperation (bench_client.cc:407): Sending op with proto 5 and index 1
20260313-060708-4484 07180 * GetNextOperation (app_request.cc:76): AppRequest batch composition: fanout=1 reads=1 writes=0
20260313-060708-4485 07180 * ExecuteNextAppRequestOperation (bench_client.cc:407): Sending op with proto 5 and index 1
20260313-060708-6514 07180 * GetNextOperation (app_request.cc:76): AppRequest batch composition: fanout=1 reads=1 writes=0
20260313-060708-6515 07180 * ExecuteNextAppRequestOperation (bench_client.cc:407): Sending op with proto 5 and index 1
20260313-060708-8545 07180 * GetNextOperation (app_request.cc:76): AppRequest batch composition: fanout=1 reads=1 writes=0
20260313-060708-8546 07180 * ExecuteNextAppRequestOperation (bench_client.cc:407): Sending op with proto 5 and index 1
20260313-060709-0575 07180 * GetNextOperation (app_request.cc:76): AppRequest batch composition: fanout=1 reads=1 writes=0
20260313-060709-0575 07180 * ExecuteNextAppRequestOperation (bench_client.cc:407): Sending op with proto 5 and index 1
20260313-060709-2591 07180 * GetNextOperation (app_request.cc:76): AppRequest batch composition: fanout=1 reads=1 writes=0
20260313-060709-2591 07180 * ExecuteNextAppRequestOperation (bench_client.cc:407): Sending op with proto 5 and index 1
20260313-060709-4614 07180 * GetNextOperation (app_request.cc:76): AppRequest batch composition: fanout=1 reads=0 writes=1
20260313-060709-4615 07180 * ExecuteNextAppRequestOperation (bench_client.cc:407): Sending op with proto 5 and index 0
20260313-060709-8660 07180 * GetNextOperation (app_request.cc:76): AppRequest batch composition: fanout=1 reads=1 writes=0
20260313-060709-8660 07180 * ExecuteNextAppRequestOperation (bench_client.cc:407): Sending op with proto 5 and index 1
20260313-060710-0684 07180 * GetNextOperation (app_request.cc:76): AppRequest batch composition: fanout=1 reads=0 writes=1
20260313-060710-0685 07180 * ExecuteNextAppRequestOperation (bench_client.cc:407): Sending op with proto 5 and index 0
20260313-060710-4721 07180 * GetNextOperation (app_request.cc:76): AppRequest batch composition: fanout=1 reads=1 writes=0
20260313-060710-4722 07180 * ExecuteNextAppRequestOperation (bench_client.cc:407): Sending op with proto 5 and index 1
20260313-060710-6743 07180 * GetNextOperation (app_request.cc:76): AppRequest batch composition: fanout=1 reads=1 writes=0
20260313-060710-6744 07180 * ExecuteNextAppRequestOperation (bench_client.cc:407): Sending op with proto 5 and index 1
20260313-060710-8765 07180 * GetNextOperation (app_request.cc:76): AppRequest batch composition: fanout=1 reads=1 writes=0
20260313-060710-8766 07180 * ExecuteNextAppRequestOperation (bench_client.cc:407): Sending op with proto 5 and index 1
20260313-060711-0797 07180 * GetNextOperation (app_request.cc:76): AppRequest batch composition: fanout=1 reads=0 writes=1
20260313-060711-0798 07180 * ExecuteNextAppRequestOperation (bench_client.cc:407): Sending op with proto 5 and index 0
20260313-060711-4821 07180 * GetNextOperation (app_request.cc:76): AppRequest batch composition: fanout=1 reads=1 writes=0
20260313-060711-4821 07180 * ExecuteNextAppRequestOperation (bench_client.cc:407): Sending op with proto 5 and index 1
20260313-060711-6842 07180 * GetNextOperation (app_request.cc:76): AppRequest batch composition: fanout=1 reads=1 writes=0
20260313-060711-6843 07180 * ExecuteNextAppRequestOperation (bench_client.cc:407): Sending op with proto 5 and index 1
20260313-060711-8860 07180 * GetNextOperation (app_request.cc:76): AppRequest batch composition: fanout=1 reads=1 writes=0
20260313-060711-8860 07180 * ExecuteNextAppRequestOperation (bench_client.cc:407): Sending op with proto 5 and index 1
20260313-060712-0883 07180 * GetNextOperation (app_request.cc:76): AppRequest batch composition: fanout=1 reads=1 writes=0
20260313-060712-0883 07180 * ExecuteNextAppRequestOperation (bench_client.cc:407): Sending op with proto 5 and index 1
20260313-060712-2913 07180 * GetNextOperation (app_request.cc:76): AppRequest batch composition: fanout=1 reads=0 writes=1
20260313-060712-2914 07180 * ExecuteNextAppRequestOperation (bench_client.cc:407): Sending op with proto 5 and index 0
20260313-060712-6946 07180 * GetNextOperation (app_request.cc:76): AppRequest batch composition: fanout=1 reads=1 writes=0
20260313-060712-6947 07180 * ExecuteNextAppRequestOperation (bench_client.cc:407): Sending op with proto 5 and index 1
20260313-060712-8962 07180 * GetNextOperation (app_request.cc:76): AppRequest batch composition: fanout=1 reads=1 writes=0
20260313-060712-8962 07180 * ExecuteNextAppRequestOperation (bench_client.cc:407): Sending op with proto 5 and index 1
20260313-060713-0989 07180 * GetNextOperation (app_request.cc:76): AppRequest batch composition: fanout=1 reads=1 writes=0
20260313-060713-0989 07180 * ExecuteNextAppRequestOperation (bench_client.cc:407): Sending op with proto 5 and index 1
20260313-060713-3019 07180 * GetNextOperation (app_request.cc:76): AppRequest batch composition: fanout=1 reads=1 writes=0
20260313-060713-3020 07180 * ExecuteNextAppRequestOperation (bench_client.cc:407): Sending op with proto 5 and index 1
20260313-060713-5038 07180 * GetNextOperation (app_request.cc:76): AppRequest batch composition: fanout=1 reads=1 writes=0
20260313-060713-5039 07180 * ExecuteNextAppRequestOperation (bench_client.cc:407): Sending op with proto 5 and index 1
20260313-060713-7060 07180 * GetNextOperation (app_request.cc:76): AppRequest batch composition: fanout=1 reads=1 writes=0
20260313-060713-7061 07180 * ExecuteNextAppRequestOperation (bench_client.cc:407): Sending op with proto 5 and index 1
20260313-060713-9090 07180 * GetNextOperation (app_request.cc:76): AppRequest batch composition: fanout=1 reads=0 writes=1
20260313-060713-9091 07180 * ExecuteNextAppRequestOperation (bench_client.cc:407): Sending op with proto 5 and index 0
20260313-060714-3129 07180 * GetNextOperation (app_request.cc:76): AppRequest batch composition: fanout=1 reads=1 writes=0
20260313-060714-3130 07180 * ExecuteNextAppRequestOperation (bench_client.cc:407): Sending op with proto 5 and index 1
20260313-060714-7164 07180 * GetNextOperation (app_request.cc:76): AppRequest batch composition: fanout=1 reads=1 writes=0
20260313-060714-7165 07180 * ExecuteNextAppRequestOperation (bench_client.cc:407): Sending op with proto 5 and index 1
20260313-060714-9198 07180 * GetNextOperation (app_request.cc:76): AppRequest batch composition: fanout=1 reads=1 writes=0
20260313-060714-9199 07180 * ExecuteNextAppRequestOperation (bench_client.cc:407): Sending op with proto 5 and index 1
20260313-060715-1233 07180 * GetNextOperation (app_request.cc:76): AppRequest batch composition: fanout=1 reads=0 writes=1
20260313-060715-1233 07180 * ExecuteNextAppRequestOperation (bench_client.cc:407): Sending op with proto 5 and index 0
20260313-060715-5258 07180 * GetNextOperation (app_request.cc:76): AppRequest batch composition: fanout=1 reads=1 writes=0
20260313-060715-5259 07180 * ExecuteNextAppRequestOperation (bench_client.cc:407): Sending op with proto 5 and index 1
20260313-060715-7283 07180 * GetNextOperation (app_request.cc:76): AppRequest batch composition: fanout=1 reads=1 writes=0
20260313-060715-7284 07180 * ExecuteNextAppRequestOperation (bench_client.cc:407): Sending op with proto 5 and index 1
20260313-060715-9298 07180 * GetNextOperation (app_request.cc:76): AppRequest batch composition: fanout=1 reads=1 writes=0
20260313-060715-9299 07180 * ExecuteNextAppRequestOperation (bench_client.cc:407): Sending op with proto 5 and index 1
20260313-060716-1328 07180 * GetNextOperation (app_request.cc:76): AppRequest batch composition: fanout=1 reads=1 writes=0
20260313-060716-1328 07180 * ExecuteNextAppRequestOperation (bench_client.cc:407): Sending op with proto 5 and index 1
20260313-060716-3349 07180 * GetNextOperation (app_request.cc:76): AppRequest batch composition: fanout=1 reads=1 writes=0
20260313-060716-3350 07180 * ExecuteNextAppRequestOperation (bench_client.cc:407): Sending op with proto 5 and index 1
20260313-060716-5384 07180 * GetNextOperation (app_request.cc:76): AppRequest batch composition: fanout=1 reads=0 writes=1
20260313-060716-5384 07180 * ExecuteNextAppRequestOperation (bench_client.cc:407): Sending op with proto 5 and index 0
20260313-060716-9419 07180 * GetNextOperation (app_request.cc:76): AppRequest batch composition: fanout=1 reads=1 writes=0
20260313-060716-9420 07180 * ExecuteNextAppRequestOperation (bench_client.cc:407): Sending op with proto 5 and index 1
20260313-060717-1447 07180 * GetNextOperation (app_request.cc:76): AppRequest batch composition: fanout=1 reads=1 writes=0
20260313-060717-1448 07180 * ExecuteNextAppRequestOperation (bench_client.cc:407): Sending op with proto 5 and index 1
20260313-060717-3468 07180 * GetNextOperation (app_request.cc:76): AppRequest batch composition: fanout=1 reads=1 writes=0
20260313-060717-3469 07180 * ExecuteNextAppRequestOperation (bench_client.cc:407): Sending op with proto 5 and index 1
20260313-060717-5493 07180 * GetNextOperation (app_request.cc:76): AppRequest batch composition: fanout=1 reads=1 writes=0
20260313-060717-5494 07180 * ExecuteNextAppRequestOperation (bench_client.cc:407): Sending op with proto 5 and index 1
20260313-060717-7514 07180 * GetNextOperation (app_request.cc:76): AppRequest batch composition: fanout=1 reads=1 writes=0
20260313-060717-7515 07180 * ExecuteNextAppRequestOperation (bench_client.cc:407): Sending op with proto 5 and index 1
20260313-060717-9540 07180 * GetNextOperation (app_request.cc:76): AppRequest batch composition: fanout=1 reads=1 writes=0
20260313-060717-9541 07180 * ExecuteNextAppRequestOperation (bench_client.cc:407): Sending op with proto 5 and index 1
20260313-060718-1572 07180 * GetNextOperation (app_request.cc:76): AppRequest batch composition: fanout=1 reads=1 writes=0
20260313-060718-1573 07180 * ExecuteNextAppRequestOperation (bench_client.cc:407): Sending op with proto 5 and index 1
20260313-060718-3595 07180 * GetNextOperation (app_request.cc:76): AppRequest batch composition: fanout=1 reads=1 writes=0
20260313-060718-3596 07180 * ExecuteNextAppRequestOperation (bench_client.cc:407): Sending op with proto 5 and index 1
20260313-060718-5618 07180 * GetNextOperation (app_request.cc:76): AppRequest batch composition: fanout=1 reads=1 writes=0
20260313-060718-5619 07180 * ExecuteNextAppRequestOperation (bench_client.cc:407): Sending op with proto 5 and index 1
20260313-060718-7642 07180 * GetNextOperation (app_request.cc:76): AppRequest batch composition: fanout=1 reads=1 writes=0
20260313-060718-7642 07180 * ExecuteNextAppRequestOperation (bench_client.cc:407): Sending op with proto 5 and index 1
20260313-060718-9673 07180 * GetNextOperation (app_request.cc:76): AppRequest batch composition: fanout=1 reads=1 writes=0
20260313-060718-9674 07180 * ExecuteNextAppRequestOperation (bench_client.cc:407): Sending op with proto 5 and index 1
20260313-060719-1696 07180 * GetNextOperation (app_request.cc:76): AppRequest batch composition: fanout=1 reads=1 writes=0
20260313-060719-1697 07180 * ExecuteNextAppRequestOperation (bench_client.cc:407): Sending op with proto 5 and index 1
20260313-060719-3715 07180 * GetNextOperation (app_request.cc:76): AppRequest batch composition: fanout=1 reads=1 writes=0
20260313-060719-3716 07180 * ExecuteNextAppRequestOperation (bench_client.cc:407): Sending op with proto 5 and index 1
20260313-060719-5748 07180 * GetNextOperation (app_request.cc:76): AppRequest batch composition: fanout=1 reads=1 writes=0
20260313-060719-5749 07180 * ExecuteNextAppRequestOperation (bench_client.cc:407): Sending op with proto 5 and index 1
20260313-060719-7770 07180 * GetNextOperation (app_request.cc:76): AppRequest batch composition: fanout=1 reads=1 writes=0
20260313-060719-7771 07180 * ExecuteNextAppRequestOperation (bench_client.cc:407): Sending op with proto 5 and index 1
20260313-060719-9788 07180 * GetNextOperation (app_request.cc:76): AppRequest batch composition: fanout=1 reads=1 writes=0
20260313-060719-9789 07180 * ExecuteNextAppRequestOperation (bench_client.cc:407): Sending op with proto 5 and index 1
20260313-060720-1814 07180 * GetNextOperation (app_request.cc:76): AppRequest batch composition: fanout=1 reads=1 writes=0
20260313-060720-1815 07180 * ExecuteNextAppRequestOperation (bench_client.cc:407): Sending op with proto 5 and index 1
20260313-060720-3843 07180 * GetNextOperation (app_request.cc:76): AppRequest batch composition: fanout=1 reads=1 writes=0
20260313-060720-3844 07180 * ExecuteNextAppRequestOperation (bench_client.cc:407): Sending op with proto 5 and index 1
20260313-060720-5874 07180 * GetNextOperation (app_request.cc:76): AppRequest batch composition: fanout=1 reads=1 writes=0
20260313-060720-5875 07180 * ExecuteNextAppRequestOperation (bench_client.cc:407): Sending op with proto 5 and index 1
20260313-060720-7905 07180 * GetNextOperation (app_request.cc:76): AppRequest batch composition: fanout=1 reads=1 writes=0
20260313-060720-7906 07180 * ExecuteNextAppRequestOperation (bench_client.cc:407): Sending op with proto 5 and index 1
20260313-060720-9921 07180 * GetNextOperation (app_request.cc:76): AppRequest batch composition: fanout=1 reads=1 writes=0
20260313-060720-9922 07180 * ExecuteNextAppRequestOperation (bench_client.cc:407): Sending op with proto 5 and index 1
20260313-060721-1941 07180 * GetNextOperation (app_request.cc:76): AppRequest batch composition: fanout=1 reads=1 writes=0
20260313-060721-1942 07180 * ExecuteNextAppRequestOperation (bench_client.cc:407): Sending op with proto 5 and index 1
20260313-060721-3973 07180 * GetNextOperation (app_request.cc:76): AppRequest batch composition: fanout=1 reads=1 writes=0
20260313-060721-3973 07180 * ExecuteNextAppRequestOperation (bench_client.cc:407): Sending op with proto 5 and index 1
20260313-060721-8013 07180 * GetNextOperation (app_request.cc:76): AppRequest batch composition: fanout=1 reads=1 writes=0
20260313-060721-8013 07180 * ExecuteNextAppRequestOperation (bench_client.cc:407): Sending op with proto 5 and index 1
20260313-060722-0046 07180 * GetNextOperation (app_request.cc:76): AppRequest batch composition: fanout=1 reads=1 writes=0
20260313-060722-0047 07180 * ExecuteNextAppRequestOperation (bench_client.cc:407): Sending op with proto 5 and index 1
20260313-060722-2066 07180 * GetNextOperation (app_request.cc:76): AppRequest batch composition: fanout=1 reads=1 writes=0
20260313-060722-2067 07180 * ExecuteNextAppRequestOperation (bench_client.cc:407): Sending op with proto 5 and index 1
20260313-060722-4094 07180 * GetNextOperation (app_request.cc:76): AppRequest batch composition: fanout=1 reads=1 writes=0
20260313-060722-4095 07180 * ExecuteNextAppRequestOperation (bench_client.cc:407): Sending op with proto 5 and index 1
20260313-060722-6118 07180 * GetNextOperation (app_request.cc:76): AppRequest batch composition: fanout=1 reads=0 writes=1
20260313-060722-6119 07180 * ExecuteNextAppRequestOperation (bench_client.cc:407): Sending op with proto 5 and index 0
20260313-060723-0149 07180 * GetNextOperation (app_request.cc:76): AppRequest batch composition: fanout=1 reads=1 writes=0
20260313-060723-0150 07180 * ExecuteNextAppRequestOperation (bench_client.cc:407): Sending op with proto 5 and index 1
20260313-060723-2180 07180 * GetNextOperation (app_request.cc:76): AppRequest batch composition: fanout=1 reads=1 writes=0
20260313-060723-2181 07180 * ExecuteNextAppRequestOperation (bench_client.cc:407): Sending op with proto 5 and index 1
20260313-060723-4207 07180 * GetNextOperation (app_request.cc:76): AppRequest batch composition: fanout=1 reads=1 writes=0
20260313-060723-4208 07180 * ExecuteNextAppRequestOperation (bench_client.cc:407): Sending op with proto 5 and index 1
20260313-060723-6235 07180 * GetNextOperation (app_request.cc:76): AppRequest batch composition: fanout=1 reads=1 writes=0
20260313-060723-6236 07180 * ExecuteNextAppRequestOperation (bench_client.cc:407): Sending op with proto 5 and index 1
20260313-060723-8267 07180 * GetNextOperation (app_request.cc:76): AppRequest batch composition: fanout=1 reads=1 writes=0
20260313-060723-8268 07180 * ExecuteNextAppRequestOperation (bench_client.cc:407): Sending op with proto 5 and index 1
20260313-060724-0301 07180 * GetNextOperation (app_request.cc:76): AppRequest batch composition: fanout=1 reads=1 writes=0
20260313-060724-0302 07180 * ExecuteNextAppRequestOperation (bench_client.cc:407): Sending op with proto 5 and index 1
20260313-060724-2324 07180 * GetNextOperation (app_request.cc:76): AppRequest batch composition: fanout=1 reads=1 writes=0
20260313-060724-2325 07180 * ExecuteNextAppRequestOperation (bench_client.cc:407): Sending op with proto 5 and index 1
20260313-060724-4353 07180 * GetNextOperation (app_request.cc:76): AppRequest batch composition: fanout=1 reads=1 writes=0
20260313-060724-4354 07180 * ExecuteNextAppRequestOperation (bench_client.cc:407): Sending op with proto 5 and index 1
20260313-060724-6383 07180 * GetNextOperation (app_request.cc:76): AppRequest batch composition: fanout=1 reads=1 writes=0
20260313-060724-6383 07180 * ExecuteNextAppRequestOperation (bench_client.cc:407): Sending op with proto 5 and index 1
20260313-060725-0404 07180 * Finish          (bench_client.cc:921): Completed 99 requests in 23.265907 seconds
20260313-060725-0404 07180 * Finish          (bench_client.cc:922): 1 outstanding transactions.
20260313-060725-0408 07180 * GetNextOperation (app_request.cc:76): AppRequest batch composition: fanout=1 reads=1 writes=0
20260313-060725-0409 07180 * ExecuteNextAppRequestOperation (bench_client.cc:407): Sending op with proto 5 and index 1
Session continued: 0
last_service: , current_state: 0
Session destroyed: 18446744073709551615
last_service: , current_state: 0
Session continued: 0
last_service: , current_state: 0
Session destroyed: 18446744073709551615
last_service: , current_state: 0
Session destroyed: 0
last_service: , current_state: 0
20260313-060726-9644 07180 * FlushStats      (benchmark.cc:916): Flushing stats to /mnt/extra/experiments/2026-04-13-06-06-26/out/client-2-1-0-stats-0.json.
20260313-060726-9647 07180 * FlushStats      (benchmark.cc:928): All done!
20260313-060729-0407 07180 * Cleanup         (bench_client.cc:749): Aborting 0 outstanding transactions.
20260313-060729-0408 07180 * CooldownDone    (bench_client.cc:779): Finished cooldown period.
20260313-060729-0409 07180 * CooldownDone    (bench_client.cc:786): Median latency is 201376765 ns (201 ms)
20260313-060729-0409 07180 * CooldownDone    (bench_client.cc:795): Average latency is 231490454 ns (231 ms)
20260313-060729-0410 07180 * CooldownDone    (bench_client.cc:799): 90th percentile latency is 402200586 ns (402 ms)
20260313-060729-0410 07180 * CooldownDone    (bench_client.cc:803): 95th percentile latency is 402323492 ns (402 ms)
20260313-060729-0411 07180 * CooldownDone    (bench_client.cc:807): 99th percentile latency is 402385529 ns (402 ms)
20260313-060729-0411 07180 * LATENCY total: 201 ms 231 ms/134 ms 402 ms (100 samples, 23 s total)
20260313-060729-0412 07180 *     134 ms |         85 | ==================================================
20260313-060729-0412 07180 *     268 ms |         15 | ========
20260313-060729-0413 07180 * Stop            (tcptransport.cc:605): [TCP SUMMARY] outgoingCreated=50 outgoingClosed=0 incomingCreated=0 incomingClosed=0 outgoingPeak=50 incomingPeak=0
Inserted events:
  0x55deadda1390 [fd  7] Read Persist Internal
  0x55deaddc98b0 [fd  9] Read Persist
  0x55deaddd69f0 [fd  10] Read Persist
  0x55deaddcaca0 [fd  11] Read Persist
  0x55deaddcb0e0 [fd  12] Read Persist
  0x55deaddca900 [fd  13] Read Persist
  0x55deaddca0b0 [fd  14] Read Persist
  0x55deaddd7840 [fd  15] Read Persist
  0x55deaddd8060 [fd  16] Read Persist
  0x55deaddd8880 [fd  17] Read Persist
  0x55deaddd90a0 [fd  18] Read Persist
  0x55deaddd98c0 [fd  19] Read Persist
  0x55deaddda0e0 [fd  20] Read Persist
  0x55deaddda900 [fd  21] Read Persist
  0x55deadddb120 [fd  22] Read Persist
  0x55deadddb940 [fd  23] Read Persist
  0x55deadddc260 [fd  24] Read Persist
  0x55deadddcc00 [fd  25] Read Persist
  0x55deadddd800 [fd  26] Read Persist
  0x55deaddde1a0 [fd  27] Read Persist
  0x55deadddeb40 [fd  28] Read Persist
  0x55deadddf4e0 [fd  29] Read Persist
  0x55deadddf9a0 [fd  30] Read Persist
  0x55deadde3dc0 [fd  31] Read Persist
  0x55deadddffc0 [fd  32] Read Persist
  0x55deaddc7fe0 [fd  33] Read Persist
  0x55deaddc8a60 [fd  34] Read Persist
  0x55deadde4130 [fd  35] Read Persist
  0x55deaddc95a0 [fd  36] Read Persist
  0x55deadde23b0 [fd  37] Read Persist
  0x55deadde3280 [fd  38] Read Persist
  0x55deaddfc120 [fd  39] Read Persist
  0x55deaddfc880 [fd  40] Read Persist
  0x55deaddfda90 [fd  41] Read Persist
  0x55deaddfe3d0 [fd  42] Read Persist
  0x55deaddfed40 [fd  43] Read Persist
  0x55deaddfffd0 [fd  44] Read Persist
  0x55deade00910 [fd  45] Read Persist
  0x55deade01780 [fd  46] Read Persist
  0x55deade029e0 [fd  47] Read Persist
  0x55deade03320 [fd  48] Read Persist
  0x55deade03c90 [fd  49] Read Persist
  0x55deade04ea0 [fd  50] Read Persist
  0x55deade057e0 [fd  51] Read Persist
  0x55deade06150 [fd  52] Read Persist
  0x55deade073e0 [fd  53] Read Persist
  0x55deade07d00 [fd  54] Read Persist
  0x55deade08670 [fd  55] Read Persist
  0x55deade098b0 [fd  56] Read Persist
  0x55deade0a1d0 [fd  57] Read Persist
  0x55deade0ab40 [fd  58] Read Persist
Active events:
20260313-060729-0422 07180 * main            (benchmark.cc:875): Cleaning up after experiment.
20260313-060729-0423 07180 * FlushStats      (benchmark.cc:916): Flushing stats to /mnt/extra/experiments/2026-04-13-06-06-26/out/client-2-1-0-stats-0.json.
20260313-060729-0425 07180 * FlushStats      (benchmark.cc:928): All done!
