20260313-150312-2350 08470 * main            (server.cc:217):    Starting server.
20260313-150312-2363 08470 * main            (server.cc:335):    Creating a default paritioner!
20260313-150314-1726 08470 * main            (server.cc:513):    Done loading server.
20260313-150405-5929 08470 ! TCPIncomingEventCallback (tcptransport.cc:938): [TCP INCOMING 121] EOF, lifetime=30955.99 ms
20260313-150405-6266 08470 ! TCPIncomingEventCallback (tcptransport.cc:938): [TCP INCOMING 117] EOF, lifetime=31185.13 ms
20260313-150405-6374 08470 ! TCPIncomingEventCallback (tcptransport.cc:938): [TCP INCOMING 124] EOF, lifetime=30985.42 ms
20260313-150405-8020 08470 ! TCPIncomingEventCallback (tcptransport.cc:938): [TCP INCOMING 119] EOF, lifetime=31173.05 ms
20260313-150407-4223 08470 ! TCPIncomingEventCallback (tcptransport.cc:938): [TCP INCOMING 123] EOF, lifetime=32776.37 ms
20260313-150408-2243 08470 ! TCPIncomingEventCallback (tcptransport.cc:938): [TCP INCOMING 122] EOF, lifetime=33583.57 ms
20260313-150409-2214 08470 ! TCPIncomingEventCallback (tcptransport.cc:938): [TCP INCOMING 118] EOF, lifetime=34594.40 ms
20260313-150409-6412 08470 ! TCPIncomingEventCallback (tcptransport.cc:938): [TCP INCOMING 120] EOF, lifetime=35005.23 ms
20260313-150416-1208 08470 * Cleanup         (server.cc:589):    Gracefully exiting after signal 15.
20260313-150416-1209 08470 * Stop            (tcptransport.cc:601): [TCP SUMMARY] outgoingCreated=59 outgoingClosed=0 incomingCreated=67 incomingClosed=8 outgoingPeak=125 incomingPeak=37
Inserted events:
  0x5634912c7d00 [fd  9] Read Persist Internal
  0x5634912cfa60 [fd  10] Read Persist
  0x5634912dae70 [fd  11] Read Persist
  0x56349d925d00 [fd  12] Read Persist
  0x56349d925f20 [fd  13] Read Persist
  0x56349d926140 [fd  14] Read Persist
  0x56349d926360 [fd  15] Read Persist
  0x56349d926580 [fd  16] Read Persist
  0x56349d9267a0 [fd  17] Read Persist
  0x56349d9269c0 [fd  18] Read Persist
  0x56349d926be0 [fd  19] Read Persist
  0x56349d926e00 [fd  20] Read Persist
  0x56349d9174c0 [fd  21] Read Persist
  0x56349d922f40 [fd  22] Read Persist
  0x56349d921310 [fd  23] Read Persist
  0x56349d918960 [fd  24] Read Persist
  0x56349d918d20 [fd  25] Read Persist
  0x56349d921830 [fd  26] Read Persist
  0x56349d922520 [fd  27] Read Persist
  0x56349d917c40 [fd  28] Read Persist
  0x56349d917fe0 [fd  29] Read Persist
  0x56349d918380 [fd  30] Read Persist
  0x56349d91eaa0 [fd  31] Read Persist
  0x56349d91f000 [fd  32] Read Persist
  0x56349d91f7a0 [fd  33] Read Persist
  0x56349d91fbc0 [fd  34] Read Persist
  0x56349d920120 [fd  35] Read Persist
  0x56349d927020 [fd  36] Read Persist
  0x56349d9273b0 [fd  37] Read Persist
  0x56349d927940 [fd  38] Read Persist
  0x56349d927ed0 [fd  39] Read Persist
  0x56349d928460 [fd  40] Read Persist
  0x56349d9289f0 [fd  41] Read Persist
  0x56349d928f80 [fd  42] Read Persist
  0x56349d929510 [fd  43] Read Persist
  0x56349d929aa0 [fd  44] Read Persist
  0x56349d92a030 [fd  45] Read Persist
  0x56349d92a5c0 [fd  46] Read Persist
  0x56349d92ab50 [fd  47] Read Persist
  0x56349d92b0e0 [fd  48] Read Persist
  0x56349d92b8f0 [fd  49] Read Persist
  0x56349d92bd10 [fd  50] Read Persist
  0x56349d92bf30 [fd  51] Read Persist
  0x56349d92c1e0 [fd  52] Read Persist
  0x56349d92c580 [fd  53] Read Persist
  0x56349d92c920 [fd  54] Read Persist
  0x56349d92ccc0 [fd  55] Read Persist
  0x56349d92d060 [fd  56] Read Persist
  0x56349d92d400 [fd  57] Read Persist
  0x56349d92d7a0 [fd  58] Read Persist
  0x56349d92db40 [fd  59] Read Persist
  0x56349d92dee0 [fd  60] Read Persist
  0x56349d92e280 [fd  61] Read Persist
  0x56349d92e620 [fd  62] Read Persist
  0x56349d92e9c0 [fd  63] Read Persist
  0x56349d92ed90 [fd  64] Read Persist
  0x5634912d6920 [fd  65] Read Persist
  0x56349d92f100 [fd  66] Read Persist
  0x56349d92f320 [fd  67] Read Persist
  0x56349d92f660 [fd  68] Read Persist
  0x56349d92f9a0 [fd  69] Read Persist
  0x56349d92fce0 [fd  70] Read Persist
  0x56349d930020 [fd  71] Read Persist
  0x56349d930430 [fd  72] Read Persist
  0x56349d9308b0 [fd  73] Read Persist
  0x56349d930d50 [fd  74] Read Persist
  0x56349d9311f0 [fd  75] Read Persist
  0x56349d931690 [fd  76] Read Persist
  0x56349d931b30 [fd  77] Read Persist
  0x56349d931fd0 [fd  78] Read Persist
  0x56349d932520 [fd  79] Read Persist
  0x56349d9329e0 [fd  80] Read Persist
  0x56349d932ea0 [fd  81] Read Persist
  0x56349d933360 [fd  82] Read Persist
  0x56349d933820 [fd  83] Read Persist
  0x56349d933ce0 [fd  84] Read Persist
  0x56349d9341a0 [fd  85] Read Persist
  0x56349d934730 [fd  86] Read Persist
  0x56349d934cc0 [fd  87] Read Persist
  0x56349d935250 [fd  88] Read Persist
  0x56349d9357e0 [fd  89] Read Persist
  0x56349d935d70 [fd  90] Read Persist
  0x56349d936d80 [fd  91] Read Persist
  0x56349d937310 [fd  92] Read Persist
  0x56349d9378a0 [fd  93] Read Persist
  0x56349d937e30 [fd  94] Read Persist
  0x56349d9383c0 [fd  95] Read Persist
  0x56349d938950 [fd  96] Read Persist
  0x56349d938ee0 [fd  97] Read Persist
  0x56349d939470 [fd  98] Read Persist
  0x56349d939a00 [fd  99] Read Persist
  0x56349d939f90 [fd  100] Read Persist
  0x56349d93a520 [fd  101] Read Persist
  0x56349d93aab0 [fd  102] Read Persist
  0x56349d93b040 [fd  103] Read Persist
  0x56349d93b5d0 [fd  104] Read Persist
  0x56349d93bb60 [fd  105] Read Persist
  0x56349d93c0f0 [fd  106] Read Persist
  0x56349d93c680 [fd  107] Read Persist
  0x56349d93caa0 [fd  108] Read Persist
  0x56349d93ccc0 [fd  109] Read Persist
  0x56349d93cf70 [fd  110] Read Persist
  0x56349d93d310 [fd  111] Read Persist
  0x56349d93d6b0 [fd  112] Read Persist
  0x56349d93da50 [fd  113] Read Persist
  0x56349d93ddf0 [fd  114] Read Persist
  0x56349d93e190 [fd  115] Read Persist
  0x56349d93e530 [fd  116] Read Persist
  0x56349d93e8d0 [fd  117] Read Persist
  0x56349d93ec70 [fd  118] Read Persist
  0x56349d925960 [fd  119] Read Persist
  0x56349d924770 [fd  120] Read Persist
  0x56349d924bb0 [fd  121] Read Persist
  0x56349d93eff0 [fd  122] Read Persist
  0x56349d93f210 [fd  123] Read Persist
  0x56349d93f550 [fd  124] Read Persist
  0x56349d93f890 [fd  125] Read Persist
  0x56349d93fbd0 [fd  126] Read Persist
  0x56349d93ff10 [fd  127] Read Persist
  0x56349d960560 [fd  136] Read Persist
  0x56349d9609a0 [fd  137] Read Persist
Active events:
20260313-150416-1217 08470 * Cleanup         (server.cc:593):    Exporting stats to /mnt/extra/experiments/2026-04-13-15-03-04/out/server-0-5-1-stats-0.json.
20260313-150416-1219 08470 * Close           (replica.cc:815):   [1] ReadStatsSummary clean=79 dirty=7 total=86
20260313-150416-1219 08470 * Close           (replica.cc:817):   [1] ReadStatsDepth depth=1 count=7
20260313-150416-1219 08470 * Close           (replica.cc:820):   [1] ReadStatsClient client=24 clean=79 dirty=7
