20260313-055542-2294 01712 * main            (server.cc:217):    Starting server.
20260313-055542-2299 01712 * main            (server.cc:335):    Creating a default paritioner!
20260313-055544-1625 01712 * main            (server.cc:513):    Done loading server.
20260313-055604-2390 01712 * SendRequest     (client.cc:198):    Sending client request with id 1 (shardtag=107374182401 predlist_size=1)
20260313-055604-4082 01712 * SendRequest     (client.cc:198):    Sending client request with id 2 (shardtag=141733920769 predlist_size=1)
20260313-055604-4236 01712 * SendRequest     (client.cc:198):    Sending client request with id 3 (shardtag=124554051585 predlist_size=0)
20260313-055604-7253 01712 ! ReceiveMessage  (replica.cc:680):   [0] Ignoring stray ReplyMessage delivered to replica listener
20260313-055604-7388 01712 ! ReceiveMessage  (replica.cc:680):   [0] Ignoring stray ReplyMessage delivered to replica listener
20260313-055604-9080 01712 ! ReceiveMessage  (replica.cc:680):   [0] Ignoring stray ReplyMessage delivered to replica listener
20260313-055605-0294 01712 * SendRequest     (client.cc:198):    Sending client request with id 4 (shardtag=124554051586 predlist_size=1)
20260313-055605-0954 01712 * SendRequest     (client.cc:198):    Sending client request with id 5 (shardtag=73014444033 predlist_size=1)
20260313-055605-0956 01712 * SendRequest     (client.cc:198):    Sending client request with id 6 (shardtag=73014444034 predlist_size=1)
20260313-055605-1112 01712 * SendRequest     (client.cc:198):    Sending client request with id 7 (shardtag=141733920770 predlist_size=1)
20260313-055605-1196 01712 * SendRequest     (client.cc:198):    Sending client request with id 8 (shardtag=38654705665 predlist_size=1)
20260313-055605-5216 01712 ! ReceiveMessage  (replica.cc:680):   [0] Ignoring stray ReplyMessage delivered to replica listener
20260313-055605-5324 01712 ! ReceiveMessage  (replica.cc:680):   [0] Ignoring stray ReplyMessage delivered to replica listener
20260313-055605-5982 01712 ! ReceiveMessage  (replica.cc:680):   [0] Ignoring stray ReplyMessage delivered to replica listener
20260313-055605-5985 01712 ! ReceiveMessage  (replica.cc:680):   [0] Ignoring stray ReplyMessage delivered to replica listener
20260313-055605-6144 01712 ! ReceiveMessage  (replica.cc:680):   [0] Ignoring stray ReplyMessage delivered to replica listener
20260313-055605-6470 01712 * SendRequest     (client.cc:198):    Sending client request with id 9 (shardtag=107374182402 predlist_size=0)
20260313-055605-7002 01712 * SendRequest     (client.cc:198):    Sending client request with id 10 (shardtag=73014444035 predlist_size=1)
20260313-055605-8162 01712 * SendRequest     (client.cc:198):    Sending client request with id 11 (shardtag=141733920771 predlist_size=1)
20260313-055605-8245 01712 * SendRequest     (client.cc:198):    Sending client request with id 12 (shardtag=38654705666 predlist_size=1)
20260313-055605-9487 01712 ! ReceiveMessage  (replica.cc:680):   [0] Ignoring stray ReplyMessage delivered to replica listener
20260313-055606-2187 01712 ! ReceiveMessage  (replica.cc:680):   [0] Ignoring stray ReplyMessage delivered to replica listener
20260313-055606-2270 01712 ! ReceiveMessage  (replica.cc:680):   [0] Ignoring stray ReplyMessage delivered to replica listener
20260313-055606-3033 01712 ! ReceiveMessage  (replica.cc:680):   [0] Ignoring stray ReplyMessage delivered to replica listener
20260313-055606-4270 01712 * SendRequest     (client.cc:198):    Sending client request with id 13 (shardtag=90194313217 predlist_size=0)
20260313-055606-4272 01712 * SendRequest     (client.cc:198):    Sending client request with id 14 (shardtag=90194313218 predlist_size=1)
20260313-055606-4273 01712 * SendRequest     (client.cc:198):    Sending client request with id 15 (shardtag=90194313219 predlist_size=1)
20260313-055606-4275 01712 * SendRequest     (client.cc:198):    Sending client request with id 16 (shardtag=90194313220 predlist_size=1)
20260313-055606-5216 01712 * SendRequest     (client.cc:198):    Sending client request with id 17 (shardtag=141733920772 predlist_size=0)
20260313-055606-5294 01712 * SendRequest     (client.cc:198):    Sending client request with id 18 (shardtag=38654705667 predlist_size=1)
20260313-055606-7299 01712 ! ReceiveMessage  (replica.cc:680):   [0] Ignoring stray ReplyMessage delivered to replica listener
20260313-055606-7302 01712 ! ReceiveMessage  (replica.cc:680):   [0] Ignoring stray ReplyMessage delivered to replica listener
20260313-055606-7305 01712 ! ReceiveMessage  (replica.cc:680):   [0] Ignoring stray ReplyMessage delivered to replica listener
20260313-055606-7308 01712 ! ReceiveMessage  (replica.cc:680):   [0] Ignoring stray ReplyMessage delivered to replica listener
20260313-055606-8233 01712 ! ReceiveMessage  (replica.cc:680):   [0] Ignoring stray ReplyMessage delivered to replica listener
20260313-055606-9584 01712 * SendRequest     (client.cc:198):    Sending client request with id 19 (shardtag=107374182403 predlist_size=0)
20260313-055607-0320 01712 ! ReceiveMessage  (replica.cc:680):   [0] Ignoring stray ReplyMessage delivered to replica listener
20260313-055607-2601 01712 ! ReceiveMessage  (replica.cc:680):   [0] Ignoring stray ReplyMessage delivered to replica listener
20260313-055607-2761 01712 * SendRequest     (client.cc:198):    Sending client request with id 20 (shardtag=21474836481 predlist_size=1)
20260313-055607-6782 01712 ! ReceiveMessage  (replica.cc:680):   [0] Ignoring stray ReplyMessage delivered to replica listener
20260313-055607-7187 01712 * SendRequest     (client.cc:198):    Sending client request with id 21 (shardtag=73014444036 predlist_size=1)
20260313-055608-1213 01712 ! ReceiveMessage  (replica.cc:680):   [0] Ignoring stray ReplyMessage delivered to replica listener
20260313-055608-3705 01712 * SendRequest     (client.cc:198):    Sending client request with id 22 (shardtag=107374182404 predlist_size=1)
20260313-055608-8729 01712 ! ReceiveMessage  (replica.cc:680):   [0] Ignoring stray ReplyMessage delivered to replica listener
20260313-055608-9629 01712 * SendRequest     (client.cc:198):    Sending client request with id 23 (shardtag=124554051587 predlist_size=1)
20260313-055609-0321 01712 * SendRequest     (client.cc:198):    Sending client request with id 24 (shardtag=73014444037 predlist_size=1)
20260313-055609-0749 01712 * SendRequest     (client.cc:198):    Sending client request with id 25 (shardtag=107374182405 predlist_size=1)
20260313-055609-2529 01712 * SendRequest     (client.cc:198):    Sending client request with id 26 (shardtag=38654705668 predlist_size=1)
20260313-055609-2532 01712 * SendRequest     (client.cc:198):    Sending client request with id 27 (shardtag=38654705669 predlist_size=1)
20260313-055609-4661 01712 ! ReceiveMessage  (replica.cc:680):   [0] Ignoring stray ReplyMessage delivered to replica listener
20260313-055609-5773 01712 ! ReceiveMessage  (replica.cc:680):   [0] Ignoring stray ReplyMessage delivered to replica listener
20260313-055609-6355 01712 ! ReceiveMessage  (replica.cc:680):   [0] Ignoring stray ReplyMessage delivered to replica listener
20260313-055609-6686 01712 * SendRequest     (client.cc:198):    Sending client request with id 28 (shardtag=124554051588 predlist_size=0)
20260313-055609-7370 01712 * SendRequest     (client.cc:198):    Sending client request with id 29 (shardtag=73014444038 predlist_size=0)
20260313-055609-7555 01712 ! ReceiveMessage  (replica.cc:680):   [0] Ignoring stray ReplyMessage delivered to replica listener
20260313-055609-7557 01712 ! ReceiveMessage  (replica.cc:680):   [0] Ignoring stray ReplyMessage delivered to replica listener
20260313-055609-7797 01712 * SendRequest     (client.cc:198):    Sending client request with id 30 (shardtag=107374182406 predlist_size=1)
20260313-055609-8488 01712 * SendRequest     (client.cc:198):    Sending client request with id 31 (shardtag=141733920773 predlist_size=1)
20260313-055609-9703 01712 ! ReceiveMessage  (replica.cc:680):   [0] Ignoring stray ReplyMessage delivered to replica listener
20260313-055610-0386 01712 ! ReceiveMessage  (replica.cc:680):   [0] Ignoring stray ReplyMessage delivered to replica listener
20260313-055610-1592 01712 * SendRequest     (client.cc:198):    Sending client request with id 32 (shardtag=90194313221 predlist_size=0)
20260313-055610-2509 01712 ! ReceiveMessage  (replica.cc:680):   [0] Ignoring stray ReplyMessage delivered to replica listener
20260313-055610-2822 01712 ! ReceiveMessage  (replica.cc:680):   [0] Ignoring stray ReplyMessage delivered to replica listener
20260313-055610-4472 01712 * SendRequest     (client.cc:198):    Sending client request with id 33 (shardtag=55834574849 predlist_size=0)
20260313-055610-4613 01712 ! ReceiveMessage  (replica.cc:680):   [0] Ignoring stray ReplyMessage delivered to replica listener
20260313-055610-7489 01712 ! ReceiveMessage  (replica.cc:680):   [0] Ignoring stray ReplyMessage delivered to replica listener
20260313-055610-8053 01712 * SendRequest     (client.cc:198):    Sending client request with id 34 (shardtag=21474836482 predlist_size=1)
20260313-055610-9815 01712 * SendRequest     (client.cc:198):    Sending client request with id 35 (shardtag=124554051589 predlist_size=1)
20260313-055611-0489 01712 * SendRequest     (client.cc:198):    Sending client request with id 36 (shardtag=73014444039 predlist_size=1)
20260313-055611-0491 01712 * SendRequest     (client.cc:198):    Sending client request with id 37 (shardtag=73014444040 predlist_size=1)
20260313-055611-1697 01712 * SendRequest     (client.cc:198):    Sending client request with id 38 (shardtag=38654705670 predlist_size=1)
20260313-055611-3079 01712 ! ReceiveMessage  (replica.cc:680):   [0] Ignoring stray ReplyMessage delivered to replica listener
20260313-055611-3838 01712 ! ReceiveMessage  (replica.cc:680):   [0] Ignoring stray ReplyMessage delivered to replica listener
20260313-055611-4507 01712 ! ReceiveMessage  (replica.cc:680):   [0] Ignoring stray ReplyMessage delivered to replica listener
20260313-055611-4510 01712 ! ReceiveMessage  (replica.cc:680):   [0] Ignoring stray ReplyMessage delivered to replica listener
20260313-055611-5722 01712 ! ReceiveMessage  (replica.cc:680):   [0] Ignoring stray ReplyMessage delivered to replica listener
20260313-055611-6533 01712 * SendRequest     (client.cc:198):    Sending client request with id 39 (shardtag=73014444041 predlist_size=1)
20260313-055611-6877 01712 * SendRequest     (client.cc:198):    Sending client request with id 40 (shardtag=124554051590 predlist_size=1)
20260313-055611-8599 01712 * SendRequest     (client.cc:198):    Sending client request with id 41 (shardtag=55834574850 predlist_size=0)
20260313-055611-8762 01712 * SendRequest     (client.cc:198):    Sending client request with id 42 (shardtag=38654705671 predlist_size=1)
20260313-055612-0896 01712 ! ReceiveMessage  (replica.cc:680):   [0] Ignoring stray ReplyMessage delivered to replica listener
20260313-055612-1560 01712 ! ReceiveMessage  (replica.cc:680):   [0] Ignoring stray ReplyMessage delivered to replica listener
20260313-055612-1616 01712 ! ReceiveMessage  (replica.cc:680):   [0] Ignoring stray ReplyMessage delivered to replica listener
20260313-055612-1760 01712 * SendRequest     (client.cc:198):    Sending client request with id 43 (shardtag=90194313222 predlist_size=1)
20260313-055612-2164 01712 * SendRequest     (client.cc:198):    Sending client request with id 44 (shardtag=21474836483 predlist_size=0)
20260313-055612-2784 01712 ! ReceiveMessage  (replica.cc:680):   [0] Ignoring stray ReplyMessage delivered to replica listener
20260313-055612-3010 01712 * SendRequest     (client.cc:198):    Sending client request with id 45 (shardtag=107374182407 predlist_size=1)
20260313-055612-5180 01712 ! ReceiveMessage  (replica.cc:680):   [0] Ignoring stray ReplyMessage delivered to replica listener
20260313-055612-5708 01712 * SendRequest     (client.cc:198):    Sending client request with id 46 (shardtag=141733920774 predlist_size=1)
20260313-055612-5781 01712 ! ReceiveMessage  (replica.cc:680):   [0] Ignoring stray ReplyMessage delivered to replica listener
20260313-055612-5817 01712 * SendRequest     (client.cc:198):    Sending client request with id 47 (shardtag=38654705672 predlist_size=0)
20260313-055612-5819 01712 * SendRequest     (client.cc:198):    Sending client request with id 48 (shardtag=38654705673 predlist_size=1)
20260313-055612-5820 01712 * SendRequest     (client.cc:198):    Sending client request with id 49 (shardtag=38654705674 predlist_size=1)
20260313-055612-8841 01712 ! ReceiveMessage  (replica.cc:680):   [0] Ignoring stray ReplyMessage delivered to replica listener
20260313-055612-8845 01712 ! ReceiveMessage  (replica.cc:680):   [0] Ignoring stray ReplyMessage delivered to replica listener
20260313-055612-8846 01712 ! ReceiveMessage  (replica.cc:680):   [0] Ignoring stray ReplyMessage delivered to replica listener
20260313-055612-9041 01712 ! ReceiveMessage  (replica.cc:680):   [0] Ignoring stray ReplyMessage delivered to replica listener
20260313-055613-0072 01712 * SendRequest     (client.cc:198):    Sending client request with id 50 (shardtag=107374182408 predlist_size=0)
20260313-055613-0731 01712 ! ReceiveMessage  (replica.cc:680):   [0] Ignoring stray ReplyMessage delivered to replica listener
20260313-055613-2707 01712 * SendRequest     (client.cc:198):    Sending client request with id 51 (shardtag=55834574851 predlist_size=1)
20260313-055613-3088 01712 ! ReceiveMessage  (replica.cc:680):   [0] Ignoring stray ReplyMessage delivered to replica listener
20260313-055613-6131 01712 * SendRequest     (client.cc:198):    Sending client request with id 52 (shardtag=107374182409 predlist_size=0)
20260313-055613-6732 01712 ! ReceiveMessage  (replica.cc:680):   [0] Ignoring stray ReplyMessage delivered to replica listener
20260313-055613-7040 01712 * SendRequest     (client.cc:198):    Sending client request with id 53 (shardtag=124554051591 predlist_size=0)
20260313-055613-7041 01712 * SendRequest     (client.cc:198):    Sending client request with id 54 (shardtag=124554051592 predlist_size=1)
20260313-055613-8826 01712 * SendRequest     (client.cc:198):    Sending client request with id 55 (shardtag=141733920775 predlist_size=1)
20260313-055613-9146 01712 ! ReceiveMessage  (replica.cc:680):   [0] Ignoring stray ReplyMessage delivered to replica listener
20260313-055613-9765 01712 * SendRequest     (client.cc:198):    Sending client request with id 56 (shardtag=55834574852 predlist_size=0)
20260313-055614-0060 01712 ! ReceiveMessage  (replica.cc:680):   [0] Ignoring stray ReplyMessage delivered to replica listener
20260313-055614-2071 01712 ! ReceiveMessage  (replica.cc:680):   [0] Ignoring stray ReplyMessage delivered to replica listener
20260313-055614-2781 01712 ! ReceiveMessage  (replica.cc:680):   [0] Ignoring stray ReplyMessage delivered to replica listener
20260313-055614-2847 01712 ! ReceiveMessage  (replica.cc:680):   [0] Ignoring stray ReplyMessage delivered to replica listener
20260313-055614-3177 01712 * SendRequest     (client.cc:198):    Sending client request with id 57 (shardtag=107374182410 predlist_size=1)
20260313-055614-4766 01712 * SendRequest     (client.cc:198):    Sending client request with id 58 (shardtag=73014444042 predlist_size=1)
20260313-055614-4984 01712 * SendRequest     (client.cc:198):    Sending client request with id 59 (shardtag=38654705675 predlist_size=1)
20260313-055614-6506 01712 * SendRequest     (client.cc:198):    Sending client request with id 60 (shardtag=21474836484 predlist_size=0)
20260313-055614-6509 01712 * SendRequest     (client.cc:198):    Sending client request with id 61 (shardtag=21474836485 predlist_size=1)
20260313-055614-8784 01712 ! ReceiveMessage  (replica.cc:680):   [0] Ignoring stray ReplyMessage delivered to replica listener
20260313-055614-9208 01712 ! ReceiveMessage  (replica.cc:680):   [0] Ignoring stray ReplyMessage delivered to replica listener
20260313-055614-9526 01712 ! ReceiveMessage  (replica.cc:680):   [0] Ignoring stray ReplyMessage delivered to replica listener
20260313-055615-1014 01712 ! ReceiveMessage  (replica.cc:680):   [0] Ignoring stray ReplyMessage delivered to replica listener
20260313-055615-1953 01712 * SendRequest     (client.cc:198):    Sending client request with id 62 (shardtag=141733920776 predlist_size=1)
20260313-055615-2541 01712 ! ReceiveMessage  (replica.cc:680):   [0] Ignoring stray ReplyMessage delivered to replica listener
20260313-055615-3884 01712 * SendRequest     (client.cc:198):    Sending client request with id 63 (shardtag=55834574853 predlist_size=1)
20260313-055615-3885 01712 * SendRequest     (client.cc:198):    Sending client request with id 64 (shardtag=55834574854 predlist_size=1)
20260313-055615-5980 01712 ! ReceiveMessage  (replica.cc:680):   [0] Ignoring stray ReplyMessage delivered to replica listener
20260313-055615-6050 01712 * SendRequest     (client.cc:198):    Sending client request with id 65 (shardtag=90194313223 predlist_size=1)
20260313-055615-7220 01712 * SendRequest     (client.cc:198):    Sending client request with id 66 (shardtag=124554051593 predlist_size=1)
20260313-055615-7904 01712 ! ReceiveMessage  (replica.cc:680):   [0] Ignoring stray ReplyMessage delivered to replica listener
20260313-055615-7906 01712 ! ReceiveMessage  (replica.cc:680):   [0] Ignoring stray ReplyMessage delivered to replica listener
20260313-055615-8879 01712 * SendRequest     (client.cc:198):    Sending client request with id 67 (shardtag=73014444043 predlist_size=1)
20260313-055615-8881 01712 * SendRequest     (client.cc:198):    Sending client request with id 68 (shardtag=73014444044 predlist_size=1)
20260313-055616-0072 01712 ! ReceiveMessage  (replica.cc:680):   [0] Ignoring stray ReplyMessage delivered to replica listener
20260313-055616-1240 01712 ! ReceiveMessage  (replica.cc:680):   [0] Ignoring stray ReplyMessage delivered to replica listener
20260313-055616-2896 01712 ! ReceiveMessage  (replica.cc:680):   [0] Ignoring stray ReplyMessage delivered to replica listener
20260313-055616-2899 01712 ! ReceiveMessage  (replica.cc:680):   [0] Ignoring stray ReplyMessage delivered to replica listener
20260313-055616-3104 01712 * SendRequest     (client.cc:198):    Sending client request with id 69 (shardtag=90194313224 predlist_size=0)
20260313-055616-3329 01712 * SendRequest     (client.cc:198):    Sending client request with id 70 (shardtag=107374182411 predlist_size=1)
20260313-055616-6121 01712 ! ReceiveMessage  (replica.cc:680):   [0] Ignoring stray ReplyMessage delivered to replica listener
20260313-055616-9363 01712 ! ReceiveMessage  (replica.cc:680):   [0] Ignoring stray ReplyMessage delivered to replica listener
20260313-055617-8797 01712 * SendRequest     (client.cc:198):    Sending client request with id 71 (shardtag=21474836486 predlist_size=1)
20260313-055617-9265 01712 * SendRequest     (client.cc:198):    Sending client request with id 72 (shardtag=38654705676 predlist_size=1)
20260313-055617-9267 01712 * SendRequest     (client.cc:198):    Sending client request with id 73 (shardtag=38654705677 predlist_size=1)
20260313-055618-3278 01712 * SendRequest     (client.cc:198):    Sending client request with id 74 (shardtag=90194313225 predlist_size=1)
20260313-055618-3286 01712 ! ReceiveMessage  (replica.cc:680):   [0] Ignoring stray ReplyMessage delivered to replica listener
20260313-055618-3445 01712 * SendRequest     (client.cc:198):    Sending client request with id 75 (shardtag=124554051594 predlist_size=1)
20260313-055618-3826 01712 ! ReceiveMessage  (replica.cc:680):   [0] Ignoring stray ReplyMessage delivered to replica listener
20260313-055618-5108 01712 * SendRequest     (client.cc:198):    Sending client request with id 76 (shardtag=73014444045 predlist_size=1)
20260313-055618-5296 01712 ! ReceiveMessage  (replica.cc:680):   [0] Ignoring stray ReplyMessage delivered to replica listener
20260313-055618-6186 01712 * SendRequest     (client.cc:198):    Sending client request with id 77 (shardtag=55834574855 predlist_size=1)
20260313-055618-7465 01712 ! ReceiveMessage  (replica.cc:680):   [0] Ignoring stray ReplyMessage delivered to replica listener
20260313-055618-8307 01712 ! ReceiveMessage  (replica.cc:680):   [0] Ignoring stray ReplyMessage delivered to replica listener
20260313-055618-9127 01712 ! ReceiveMessage  (replica.cc:680):   [0] Ignoring stray ReplyMessage delivered to replica listener
20260313-055619-0500 01712 * SendRequest     (client.cc:198):    Sending client request with id 78 (shardtag=124554051595 predlist_size=0)
20260313-055619-0550 01712 * SendRequest     (client.cc:198):    Sending client request with id 79 (shardtag=107374182412 predlist_size=1)
20260313-055619-2217 01712 ! ReceiveMessage  (replica.cc:680):   [0] Ignoring stray ReplyMessage delivered to replica listener
20260313-055619-3516 01712 ! ReceiveMessage  (replica.cc:680):   [0] Ignoring stray ReplyMessage delivered to replica listener
20260313-055619-4586 01712 ! ReceiveMessage  (replica.cc:680):   [0] Ignoring stray ReplyMessage delivered to replica listener
20260313-055619-8204 01712 * SendRequest     (client.cc:198):    Sending client request with id 80 (shardtag=73014444046 predlist_size=1)
20260313-055619-9429 01712 * SendRequest     (client.cc:198):    Sending client request with id 81 (shardtag=38654705678 predlist_size=1)
20260313-055619-9431 01712 * SendRequest     (client.cc:198):    Sending client request with id 82 (shardtag=38654705679 predlist_size=1)
20260313-055620-0293 01712 * SendRequest     (client.cc:198):    Sending client request with id 83 (shardtag=55834574856 predlist_size=1)
20260313-055620-2443 01712 * SendRequest     (client.cc:198):    Sending client request with id 84 (shardtag=90194313226 predlist_size=0)
20260313-055620-2445 01712 * SendRequest     (client.cc:198):    Sending client request with id 85 (shardtag=90194313227 predlist_size=1)
20260313-055620-4233 01712 ! ReceiveMessage  (replica.cc:680):   [0] Ignoring stray ReplyMessage delivered to replica listener
20260313-055620-4453 01712 ! ReceiveMessage  (replica.cc:680):   [0] Ignoring stray ReplyMessage delivered to replica listener
20260313-055620-4456 01712 ! ReceiveMessage  (replica.cc:680):   [0] Ignoring stray ReplyMessage delivered to replica listener
20260313-055620-5415 01712 * SendRequest     (client.cc:198):    Sending client request with id 86 (shardtag=141733920777 predlist_size=1)
20260313-055620-5464 01712 ! ReceiveMessage  (replica.cc:680):   [0] Ignoring stray ReplyMessage delivered to replica listener
20260313-055620-6321 01712 ! ReceiveMessage  (replica.cc:680):   [0] Ignoring stray ReplyMessage delivered to replica listener
20260313-055620-8480 01712 ! ReceiveMessage  (replica.cc:680):   [0] Ignoring stray ReplyMessage delivered to replica listener
20260313-055621-1301 01712 * SendRequest     (client.cc:198):    Sending client request with id 87 (shardtag=73014444047 predlist_size=0)
20260313-055621-1445 01712 ! ReceiveMessage  (replica.cc:680):   [0] Ignoring stray ReplyMessage delivered to replica listener
20260313-055621-1662 01712 * SendRequest     (client.cc:198):    Sending client request with id 88 (shardtag=124554051596 predlist_size=1)
20260313-055621-1664 01712 * SendRequest     (client.cc:198):    Sending client request with id 89 (shardtag=124554051597 predlist_size=1)
20260313-055621-4318 01712 ! ReceiveMessage  (replica.cc:680):   [0] Ignoring stray ReplyMessage delivered to replica listener
20260313-055621-5684 01712 ! ReceiveMessage  (replica.cc:680):   [0] Ignoring stray ReplyMessage delivered to replica listener
20260313-055621-7692 01712 ! ReceiveMessage  (replica.cc:680):   [0] Ignoring stray ReplyMessage delivered to replica listener
20260313-055621-7760 01712 * SendRequest     (client.cc:198):    Sending client request with id 90 (shardtag=107374182413 predlist_size=1)
20260313-055621-8725 01712 * SendRequest     (client.cc:198):    Sending client request with id 91 (shardtag=124554051598 predlist_size=1)
20260313-055622-0485 01712 * SendRequest     (client.cc:198):    Sending client request with id 92 (shardtag=55834574857 predlist_size=1)
20260313-055622-3614 01712 * SendRequest     (client.cc:198):    Sending client request with id 93 (shardtag=90194313228 predlist_size=1)
20260313-055622-3793 01712 ! ReceiveMessage  (replica.cc:680):   [0] Ignoring stray ReplyMessage delivered to replica listener
20260313-055622-4757 01712 ! ReceiveMessage  (replica.cc:680):   [0] Ignoring stray ReplyMessage delivered to replica listener
20260313-055622-4826 01712 * SendRequest     (client.cc:198):    Sending client request with id 94 (shardtag=107374182414 predlist_size=1)
20260313-055622-5414 01712 * SendRequest     (client.cc:198):    Sending client request with id 95 (shardtag=73014444048 predlist_size=1)
20260313-055622-5515 01712 ! ReceiveMessage  (replica.cc:680):   [0] Ignoring stray ReplyMessage delivered to replica listener
20260313-055622-6549 01712 * SendRequest     (client.cc:198):    Sending client request with id 96 (shardtag=55834574858 predlist_size=1)
20260313-055622-7641 01712 ! ReceiveMessage  (replica.cc:680):   [0] Ignoring stray ReplyMessage delivered to replica listener
20260313-055622-9852 01712 ! ReceiveMessage  (replica.cc:680):   [0] Ignoring stray ReplyMessage delivered to replica listener
20260313-055623-0578 01712 ! ReceiveMessage  (replica.cc:680):   [0] Ignoring stray ReplyMessage delivered to replica listener
20260313-055623-0676 01712 * SendRequest     (client.cc:198):    Sending client request with id 97 (shardtag=90194313229 predlist_size=1)
20260313-055623-1444 01712 ! ReceiveMessage  (replica.cc:680):   [0] Ignoring stray ReplyMessage delivered to replica listener
20260313-055623-1631 01712 * SendRequest     (client.cc:198):    Sending client request with id 98 (shardtag=141733920778 predlist_size=1)
20260313-055623-2843 01712 * SendRequest     (client.cc:198):    Sending client request with id 99 (shardtag=124554051599 predlist_size=0)
20260313-055623-5651 01712 ! ReceiveMessage  (replica.cc:680):   [0] Ignoring stray ReplyMessage delivered to replica listener
20260313-055623-5698 01712 ! ReceiveMessage  (replica.cc:680):   [0] Ignoring stray ReplyMessage delivered to replica listener
20260313-055623-5859 01712 ! ReceiveMessage  (replica.cc:680):   [0] Ignoring stray ReplyMessage delivered to replica listener
20260313-055623-7330 01712 * SendRequest     (client.cc:198):    Sending client request with id 100 (shardtag=21474836487 predlist_size=0)
20260313-055623-7332 01712 * SendRequest     (client.cc:198):    Sending client request with id 101 (shardtag=21474836488 predlist_size=1)
20260313-055623-9667 01712 * SendRequest     (client.cc:198):    Sending client request with id 102 (shardtag=55834574859 predlist_size=1)
20260313-055624-0351 01712 ! ReceiveMessage  (replica.cc:680):   [0] Ignoring stray ReplyMessage delivered to replica listener
20260313-055624-3365 01712 ! ReceiveMessage  (replica.cc:680):   [0] Ignoring stray ReplyMessage delivered to replica listener
20260313-055624-3696 01712 ! ReceiveMessage  (replica.cc:680):   [0] Ignoring stray ReplyMessage delivered to replica listener
20260313-055624-5733 01712 * SendRequest     (client.cc:198):    Sending client request with id 103 (shardtag=141733920779 predlist_size=0)
20260313-055624-8749 01712 ! ReceiveMessage  (replica.cc:680):   [0] Ignoring stray ReplyMessage delivered to replica listener
20260313-055625-0832 01712 * SendRequest     (client.cc:198):    Sending client request with id 104 (shardtag=90194313230 predlist_size=0)
20260313-055625-0834 01712 * SendRequest     (client.cc:198):    Sending client request with id 105 (shardtag=90194313231 predlist_size=1)
20260313-055625-2890 01712 * SendRequest     (client.cc:198):    Sending client request with id 106 (shardtag=38654705680 predlist_size=1)
20260313-055625-3853 01712 ! ReceiveMessage  (replica.cc:680):   [0] Ignoring stray ReplyMessage delivered to replica listener
20260313-055625-3857 01712 ! ReceiveMessage  (replica.cc:680):   [0] Ignoring stray ReplyMessage delivered to replica listener
20260313-055625-5890 01712 * SendRequest     (client.cc:198):    Sending client request with id 107 (shardtag=90194313232 predlist_size=1)
20260313-055625-8921 01712 ! ReceiveMessage  (replica.cc:680):   [0] Ignoring stray ReplyMessage delivered to replica listener
20260313-055626-0043 01712 * SendRequest     (client.cc:198):    Sending client request with id 108 (shardtag=124554051600 predlist_size=1)
20260313-055626-0910 01712 ! ReceiveMessage  (replica.cc:680):   [0] Ignoring stray ReplyMessage delivered to replica listener
20260313-055626-2949 01712 * SendRequest     (client.cc:198):    Sending client request with id 109 (shardtag=90194313233 predlist_size=1)
20260313-055626-5900 01712 * SendRequest     (client.cc:198):    Sending client request with id 110 (shardtag=55834574860 predlist_size=1)
20260313-055626-6078 01712 ! ReceiveMessage  (replica.cc:680):   [0] Ignoring stray ReplyMessage delivered to replica listener
20260313-055626-6971 01712 ! ReceiveMessage  (replica.cc:680):   [0] Ignoring stray ReplyMessage delivered to replica listener
20260313-055626-6986 01712 * SendRequest     (client.cc:198):    Sending client request with id 111 (shardtag=38654705681 predlist_size=1)
20260313-055626-9921 01712 ! ReceiveMessage  (replica.cc:680):   [0] Ignoring stray ReplyMessage delivered to replica listener
20260313-055627-2011 01712 ! ReceiveMessage  (replica.cc:680):   [0] Ignoring stray ReplyMessage delivered to replica listener
20260313-055627-7680 01712 * SendRequest     (client.cc:198):    Sending client request with id 112 (shardtag=21474836489 predlist_size=1)
20260313-055627-9199 01712 * SendRequest     (client.cc:198):    Sending client request with id 113 (shardtag=124554051601 predlist_size=1)
20260313-055628-0005 01712 * SendRequest     (client.cc:198):    Sending client request with id 114 (shardtag=55834574861 predlist_size=1)
20260313-055628-1699 01712 ! ReceiveMessage  (replica.cc:680):   [0] Ignoring stray ReplyMessage delivered to replica listener
20260313-055628-3125 01712 * SendRequest     (client.cc:198):    Sending client request with id 115 (shardtag=90194313234 predlist_size=0)
20260313-055628-3127 01712 * SendRequest     (client.cc:198):    Sending client request with id 116 (shardtag=90194313235 predlist_size=1)
20260313-055628-3128 01712 * SendRequest     (client.cc:198):    Sending client request with id 117 (shardtag=90194313236 predlist_size=1)
20260313-055628-5229 01712 ! ReceiveMessage  (replica.cc:680):   [0] Ignoring stray ReplyMessage delivered to replica listener
20260313-055628-6032 01712 ! ReceiveMessage  (replica.cc:680):   [0] Ignoring stray ReplyMessage delivered to replica listener
20260313-055628-6149 01712 ! ReceiveMessage  (replica.cc:680):   [0] Ignoring stray ReplyMessage delivered to replica listener
20260313-055628-6152 01712 ! ReceiveMessage  (replica.cc:680):   [0] Ignoring stray ReplyMessage delivered to replica listener
20260313-055628-6160 01712 * SendRequest     (client.cc:198):    Sending client request with id 118 (shardtag=38654705682 predlist_size=1)
20260313-055628-8163 01712 ! ReceiveMessage  (replica.cc:680):   [0] Ignoring stray ReplyMessage delivered to replica listener
20260313-055629-1186 01712 ! ReceiveMessage  (replica.cc:680):   [0] Ignoring stray ReplyMessage delivered to replica listener
20260313-055629-1815 01712 * SendRequest     (client.cc:198):    Sending client request with id 119 (shardtag=21474836490 predlist_size=1)
20260313-055629-1971 01712 * SendRequest     (client.cc:198):    Sending client request with id 120 (shardtag=73014444049 predlist_size=1)
20260313-055629-2121 01712 * SendRequest     (client.cc:198):    Sending client request with id 121 (shardtag=141733920780 predlist_size=1)
20260313-055629-3224 01712 * SendRequest     (client.cc:198):    Sending client request with id 122 (shardtag=38654705683 predlist_size=1)
20260313-055629-7845 01712 ! ReceiveMessage  (replica.cc:680):   [0] Ignoring stray ReplyMessage delivered to replica listener
20260313-055629-8001 01712 ! ReceiveMessage  (replica.cc:680):   [0] Ignoring stray ReplyMessage delivered to replica listener
20260313-055629-8148 01712 ! ReceiveMessage  (replica.cc:680):   [0] Ignoring stray ReplyMessage delivered to replica listener
20260313-055629-8874 01712 * SendRequest     (client.cc:198):    Sending client request with id 123 (shardtag=21474836491 predlist_size=1)
20260313-055629-9253 01712 ! ReceiveMessage  (replica.cc:680):   [0] Ignoring stray ReplyMessage delivered to replica listener
20260313-055630-1189 01712 * SendRequest     (client.cc:198):    Sending client request with id 124 (shardtag=55834574862 predlist_size=0)
20260313-055630-1191 01712 * SendRequest     (client.cc:198):    Sending client request with id 125 (shardtag=55834574863 predlist_size=1)
20260313-055630-1192 01712 * SendRequest     (client.cc:198):    Sending client request with id 126 (shardtag=55834574864 predlist_size=1)
20260313-055630-4213 01712 ! ReceiveMessage  (replica.cc:680):   [0] Ignoring stray ReplyMessage delivered to replica listener
20260313-055630-4216 01712 ! ReceiveMessage  (replica.cc:680):   [0] Ignoring stray ReplyMessage delivered to replica listener
20260313-055630-4218 01712 ! ReceiveMessage  (replica.cc:680):   [0] Ignoring stray ReplyMessage delivered to replica listener
20260313-055630-4418 01712 * SendRequest     (client.cc:198):    Sending client request with id 127 (shardtag=124554051602 predlist_size=1)
20260313-055630-4912 01712 ! ReceiveMessage  (replica.cc:680):   [0] Ignoring stray ReplyMessage delivered to replica listener
20260313-055630-5063 01712 * SendRequest     (client.cc:198):    Sending client request with id 128 (shardtag=73014444050 predlist_size=1)
20260313-055630-5942 01712 * SendRequest     (client.cc:198):    Sending client request with id 129 (shardtag=21474836492 predlist_size=1)
20260313-055630-6242 01712 * SendRequest     (client.cc:198):    Sending client request with id 130 (shardtag=55834574865 predlist_size=1)
20260313-055630-9082 01712 ! ReceiveMessage  (replica.cc:680):   [0] Ignoring stray ReplyMessage delivered to replica listener
20260313-055630-9368 01712 * SendRequest     (client.cc:198):    Sending client request with id 131 (shardtag=90194313237 predlist_size=1)
20260313-055630-9445 01712 ! ReceiveMessage  (replica.cc:680):   [0] Ignoring stray ReplyMessage delivered to replica listener
20260313-055631-0969 01712 ! ReceiveMessage  (replica.cc:680):   [0] Ignoring stray ReplyMessage delivered to replica listener
20260313-055631-2271 01712 ! ReceiveMessage  (replica.cc:680):   [0] Ignoring stray ReplyMessage delivered to replica listener
20260313-055631-3288 01712 * SendRequest     (client.cc:198):    Sending client request with id 132 (shardtag=55834574866 predlist_size=1)
20260313-055631-5398 01712 ! ReceiveMessage  (replica.cc:680):   [0] Ignoring stray ReplyMessage delivered to replica listener
20260313-055631-6432 01712 * SendRequest     (client.cc:198):    Sending client request with id 133 (shardtag=90194313238 predlist_size=1)
20260313-055631-9318 01712 ! ReceiveMessage  (replica.cc:680):   [0] Ignoring stray ReplyMessage delivered to replica listener
20260313-055632-1461 01712 ! ReceiveMessage  (replica.cc:680):   [0] Ignoring stray ReplyMessage delivered to replica listener
20260313-055635-3291 01712 ! TCPIncomingEventCallback (tcptransport.cc:942): [TCP INCOMING 121] EOF, lifetime=30929.34 ms
20260313-055635-3383 01712 ! TCPIncomingEventCallback (tcptransport.cc:942): [TCP INCOMING 123] EOF, lifetime=30924.99 ms
20260313-055635-4545 01712 ! TCPIncomingEventCallback (tcptransport.cc:942): [TCP INCOMING 117] EOF, lifetime=31216.76 ms
20260313-055635-6418 01712 ! TCPIncomingEventCallback (tcptransport.cc:942): [TCP INCOMING 124] EOF, lifetime=31228.28 ms
20260313-055635-8350 01712 ! TCPIncomingEventCallback (tcptransport.cc:942): [TCP INCOMING 122] EOF, lifetime=31426.96 ms
20260313-055635-8531 01712 ! TCPIncomingEventCallback (tcptransport.cc:942): [TCP INCOMING 125] EOF, lifetime=31429.71 ms
20260313-055635-9056 01712 ! TCPIncomingEventCallback (tcptransport.cc:942): [TCP INCOMING 126] EOF, lifetime=31449.88 ms
20260313-055635-9188 01712 ! TCPIncomingEventCallback (tcptransport.cc:942): [TCP INCOMING 120] EOF, lifetime=31532.34 ms
20260313-055642-4134 01712 * Cleanup         (server.cc:589):    Gracefully exiting after signal 15.
20260313-055642-4135 01712 * Stop            (tcptransport.cc:605): [TCP SUMMARY] outgoingCreated=59 outgoingClosed=0 incomingCreated=67 incomingClosed=8 outgoingPeak=118 incomingPeak=37
Inserted events:
  0x55914ac090d0 [fd  9] Read Persist Internal
  0x55914ac10e30 [fd  10] Read Persist
  0x55914ac1c2e0 [fd  11] Read Persist
  0x559157267310 [fd  12] Read Persist
  0x559157267530 [fd  13] Read Persist
  0x559157267750 [fd  14] Read Persist
  0x559157267970 [fd  15] Read Persist
  0x559157267b90 [fd  16] Read Persist
  0x559157267db0 [fd  17] Read Persist
  0x559157267fd0 [fd  18] Read Persist
  0x5591572681f0 [fd  19] Read Persist
  0x559157268410 [fd  20] Read Persist
  0x559157268630 [fd  21] Read Persist
  0x5591572688e0 [fd  22] Read Persist
  0x559157268c20 [fd  23] Read Persist
  0x559157268f60 [fd  24] Read Persist
  0x5591572692a0 [fd  25] Read Persist
  0x559157269600 [fd  26] Read Persist
  0x559157264550 [fd  27] Read Persist
  0x559157262990 [fd  28] Read Persist
  0x559157259dd0 [fd  29] Read Persist
  0x55915725a190 [fd  30] Read Persist
  0x559157259200 [fd  31] Read Persist
  0x559157262e40 [fd  32] Read Persist
  0x559157263d80 [fd  33] Read Persist
  0x5591572600b0 [fd  34] Read Persist
  0x5591572604f0 [fd  35] Read Persist
  0x5591572609b0 [fd  36] Read Persist
  0x559157260f60 [fd  37] Read Persist
  0x559157261380 [fd  38] Read Persist
  0x5591572618b0 [fd  39] Read Persist
  0x5591572699a0 [fd  40] Read Persist
  0x559157269d20 [fd  41] Read Persist
  0x55915726a130 [fd  42] Read Persist
  0x55915726a670 [fd  43] Read Persist
  0x55915726ac00 [fd  44] Read Persist
  0x55915726b190 [fd  45] Read Persist
  0x55915726b720 [fd  46] Read Persist
  0x55915726bcb0 [fd  47] Read Persist
  0x55915726c240 [fd  48] Read Persist
  0x55915726ca50 [fd  49] Read Persist
  0x55915726cfe0 [fd  50] Read Persist
  0x55915726d570 [fd  51] Read Persist
  0x55915726db00 [fd  52] Read Persist
  0x55915726e090 [fd  53] Read Persist
  0x55915726e620 [fd  54] Read Persist
  0x55915726ebb0 [fd  55] Read Persist
  0x55915726efd0 [fd  56] Read Persist
  0x55915726f1f0 [fd  57] Read Persist
  0x55915726f4a0 [fd  58] Read Persist
  0x55915726f840 [fd  59] Read Persist
  0x55915726fbe0 [fd  60] Read Persist
  0x55915726ff80 [fd  61] Read Persist
  0x559157270320 [fd  62] Read Persist
  0x5591572706c0 [fd  63] Read Persist
  0x559157270a60 [fd  64] Read Persist
  0x55914ac18980 [fd  65] Read Persist
  0x55914ac17ba0 [fd  66] Read Persist
  0x559157270da0 [fd  67] Read Persist
  0x559157270fc0 [fd  68] Read Persist
  0x5591572711e0 [fd  69] Read Persist
  0x559157271400 [fd  70] Read Persist
  0x559157271620 [fd  71] Read Persist
  0x559157271aa0 [fd  72] Read Persist
  0x559157271f40 [fd  73] Read Persist
  0x5591572723e0 [fd  74] Read Persist
  0x559157272880 [fd  75] Read Persist
  0x559157272d20 [fd  76] Read Persist
  0x5591572731c0 [fd  77] Read Persist
  0x559157273660 [fd  78] Read Persist
  0x559157273b00 [fd  79] Read Persist
  0x559157273fa0 [fd  80] Read Persist
  0x559157274440 [fd  81] Read Persist
  0x5591572748e0 [fd  82] Read Persist
  0x559157274d80 [fd  83] Read Persist
  0x559157275220 [fd  84] Read Persist
  0x5591572756c0 [fd  85] Read Persist
  0x559157275c10 [fd  86] Read Persist
  0x5591572760d0 [fd  87] Read Persist
  0x559157276590 [fd  88] Read Persist
  0x559157276a50 [fd  89] Read Persist
  0x559157276f10 [fd  90] Read Persist
  0x559157277e50 [fd  91] Read Persist
  0x559157278310 [fd  92] Read Persist
  0x5591572788a0 [fd  93] Read Persist
  0x559157278e30 [fd  94] Read Persist
  0x5591572793c0 [fd  95] Read Persist
  0x559157279950 [fd  96] Read Persist
  0x559157279ee0 [fd  97] Read Persist
  0x55915727a470 [fd  98] Read Persist
  0x55915727aa00 [fd  99] Read Persist
  0x55915727af90 [fd  100] Read Persist
  0x55915727b520 [fd  101] Read Persist
  0x55915727bab0 [fd  102] Read Persist
  0x55915727c040 [fd  103] Read Persist
  0x55915727c5d0 [fd  104] Read Persist
  0x55915727cb60 [fd  105] Read Persist
  0x55915727d0f0 [fd  106] Read Persist
  0x55915727d680 [fd  107] Read Persist
  0x55915727dc10 [fd  108] Read Persist
  0x55915727e1a0 [fd  109] Read Persist
  0x55915727e730 [fd  110] Read Persist
  0x55915727ecc0 [fd  111] Read Persist
  0x55915727f250 [fd  112] Read Persist
  0x55915727f7e0 [fd  113] Read Persist
  0x55915727fd70 [fd  114] Read Persist
  0x5591572812d0 [fd  115] Read Persist
  0x559157266440 [fd  116] Read Persist
  0x55915728f490 [fd  117] Read Persist
  0x55915728f6b0 [fd  118] Read Persist
  0x55915728f8d0 [fd  119] Read Persist
  0x55915728faf0 [fd  120] Read Persist
  0x55915728fe30 [fd  121] Read Persist
  0x559157280a50 [fd  122] Read Persist
  0x55915728ec70 [fd  123] Read Persist
  0x55915728f0c0 [fd  124] Read Persist
  0x55915728c7e0 [fd  125] Read Persist
  0x55915728cc50 [fd  126] Read Persist
  0x55915728d0c0 [fd  127] Read Persist
  0x559157291dc0 [fd  129] Read Persist
  0x559157290170 [fd  130] Read Persist
Active events:
20260313-055642-4154 01712 * Cleanup         (server.cc:593):    Exporting stats to /mnt/extra/experiments/2026-04-13-05-55-32/out/server-0-5-0-stats-0.json.
