20260313-144408-8800 04741 * main            (server.cc:217):    Starting server.
20260313-144408-8813 04741 * main            (server.cc:335):    Creating a default paritioner!
20260313-144410-6890 04741 * main            (server.cc:513):    Done loading server.
20260313-144502-4581 04741 ! TCPIncomingEventCallback (tcptransport.cc:938): [TCP INCOMING 117] EOF, lifetime=31355.83 ms
20260313-144502-6207 04741 ! TCPIncomingEventCallback (tcptransport.cc:938): [TCP INCOMING 118] EOF, lifetime=31361.83 ms
20260313-144502-6392 04741 ! TCPIncomingEventCallback (tcptransport.cc:938): [TCP INCOMING 119] EOF, lifetime=31358.34 ms
20260313-144502-6420 04741 ! TCPIncomingEventCallback (tcptransport.cc:938): [TCP INCOMING 120] EOF, lifetime=31357.62 ms
20260313-144502-6443 04741 ! TCPIncomingEventCallback (tcptransport.cc:938): [TCP INCOMING 121] EOF, lifetime=31358.24 ms
20260313-144502-6546 04741 ! TCPIncomingEventCallback (tcptransport.cc:938): [TCP INCOMING 122] EOF, lifetime=31362.55 ms
20260313-144502-6582 04741 ! TCPIncomingEventCallback (tcptransport.cc:938): [TCP INCOMING 124] EOF, lifetime=31361.74 ms
20260313-144502-6597 04741 ! TCPIncomingEventCallback (tcptransport.cc:938): [TCP INCOMING 123] EOF, lifetime=31365.52 ms
20260313-144509-1921 04741 * Cleanup         (server.cc:589):    Gracefully exiting after signal 15.
20260313-144509-1922 04741 * Stop            (tcptransport.cc:601): [TCP SUMMARY] outgoingCreated=59 outgoingClosed=0 incomingCreated=67 incomingClosed=8 outgoingPeak=125 incomingPeak=37
Inserted events:
  0x556a507b3d00 [fd  9] Read Persist Internal
  0x556a507bba60 [fd  10] Read Persist
  0x556a507c6cd0 [fd  11] Read Persist
  0x556a591507e0 [fd  12] Read Persist
  0x556a5914d610 [fd  13] Read Persist
  0x556a591516b0 [fd  14] Read Persist
  0x556a59146b70 [fd  15] Read Persist
  0x556a59146ed0 [fd  16] Read Persist
  0x556a591459a0 [fd  17] Read Persist
  0x556a59145de0 [fd  18] Read Persist
  0x556a59146220 [fd  19] Read Persist
  0x556a5915fe20 [fd  20] Read Persist
  0x556a59160040 [fd  21] Read Persist
  0x556a59160380 [fd  22] Read Persist
  0x556a591606c0 [fd  23] Read Persist
  0x556a59160a00 [fd  24] Read Persist
  0x556a59160d40 [fd  25] Read Persist
  0x556a59161080 [fd  26] Read Persist
  0x556a591613c0 [fd  27] Read Persist
  0x556a591617d0 [fd  28] Read Persist
  0x556a59161d60 [fd  29] Read Persist
  0x556a591622c0 [fd  30] Read Persist
  0x556a59162850 [fd  31] Read Persist
  0x556a59162de0 [fd  32] Read Persist
  0x556a59163580 [fd  33] Read Persist
  0x556a59163b10 [fd  34] Read Persist
  0x556a591640a0 [fd  35] Read Persist
  0x556a59164630 [fd  36] Read Persist
  0x556a59164bc0 [fd  37] Read Persist
  0x556a59165150 [fd  38] Read Persist
  0x556a591656e0 [fd  39] Read Persist
  0x556a59165c70 [fd  40] Read Persist
  0x556a59166200 [fd  41] Read Persist
  0x556a59166790 [fd  42] Read Persist
  0x556a59166d20 [fd  43] Read Persist
  0x556a591672b0 [fd  44] Read Persist
  0x556a59167840 [fd  45] Read Persist
  0x556a59167dd0 [fd  46] Read Persist
  0x556a59168360 [fd  47] Read Persist
  0x556a591688f0 [fd  48] Read Persist
  0x556a59169100 [fd  49] Read Persist
  0x556a59169690 [fd  50] Read Persist
  0x556a59169c20 [fd  51] Read Persist
  0x556a5916a040 [fd  52] Read Persist
  0x556a5916a260 [fd  53] Read Persist
  0x556a5916a510 [fd  54] Read Persist
  0x556a5916a8b0 [fd  55] Read Persist
  0x556a5916ac50 [fd  56] Read Persist
  0x556a5916aff0 [fd  57] Read Persist
  0x556a5916b390 [fd  58] Read Persist
  0x556a5916b730 [fd  59] Read Persist
  0x556a5916bad0 [fd  60] Read Persist
  0x556a5916be70 [fd  61] Read Persist
  0x556a5916c210 [fd  62] Read Persist
  0x556a5916c5b0 [fd  63] Read Persist
  0x556a5916c950 [fd  64] Read Persist
  0x556a507c3620 [fd  65] Read Persist
  0x556a507c2510 [fd  66] Read Persist
  0x556a5916d0a0 [fd  67] Read Persist
  0x556a5916d350 [fd  68] Read Persist
  0x556a5916d690 [fd  69] Read Persist
  0x556a5916d9d0 [fd  70] Read Persist
  0x556a5916dd10 [fd  71] Read Persist
  0x556a5916e150 [fd  72] Read Persist
  0x556a5916e620 [fd  73] Read Persist
  0x556a5916eac0 [fd  74] Read Persist
  0x556a5916ef60 [fd  75] Read Persist
  0x556a5916f400 [fd  76] Read Persist
  0x556a5916f8a0 [fd  77] Read Persist
  0x556a5916fd40 [fd  78] Read Persist
  0x556a591701e0 [fd  79] Read Persist
  0x556a59170680 [fd  80] Read Persist
  0x556a59170b20 [fd  81] Read Persist
  0x556a59170fc0 [fd  82] Read Persist
  0x556a59171510 [fd  83] Read Persist
  0x556a591719d0 [fd  84] Read Persist
  0x556a59171e90 [fd  85] Read Persist
  0x556a59172350 [fd  86] Read Persist
  0x556a59172810 [fd  87] Read Persist
  0x556a59172cd0 [fd  88] Read Persist
  0x556a59173190 [fd  89] Read Persist
  0x556a59173720 [fd  90] Read Persist
  0x556a59174730 [fd  91] Read Persist
  0x556a59174cc0 [fd  92] Read Persist
  0x556a59175250 [fd  93] Read Persist
  0x556a591757e0 [fd  94] Read Persist
  0x556a59175d70 [fd  95] Read Persist
  0x556a59176300 [fd  96] Read Persist
  0x556a59176890 [fd  97] Read Persist
  0x556a59176e20 [fd  98] Read Persist
  0x556a591773b0 [fd  99] Read Persist
  0x556a59177940 [fd  100] Read Persist
  0x556a59177ed0 [fd  101] Read Persist
  0x556a59178460 [fd  102] Read Persist
  0x556a591789f0 [fd  103] Read Persist
  0x556a59178f80 [fd  104] Read Persist
  0x556a59179510 [fd  105] Read Persist
  0x556a59179aa0 [fd  106] Read Persist
  0x556a5917a090 [fd  107] Read Persist
  0x556a5917a620 [fd  108] Read Persist
  0x556a5917abb0 [fd  109] Read Persist
  0x556a5917afd0 [fd  110] Read Persist
  0x556a5917b1f0 [fd  111] Read Persist
  0x556a5917b410 [fd  112] Read Persist
  0x556a5917b7b0 [fd  113] Read Persist
  0x556a5917bb50 [fd  114] Read Persist
  0x556a5917bef0 [fd  115] Read Persist
  0x556a5917c290 [fd  116] Read Persist
  0x556a5917c630 [fd  117] Read Persist
  0x556a5917c9d0 [fd  118] Read Persist
  0x556a5917cd70 [fd  119] Read Persist
  0x556a5917d110 [fd  120] Read Persist
  0x556a5917d4b0 [fd  121] Read Persist
  0x556a5917d850 [fd  122] Read Persist
  0x556a5917dbf0 [fd  123] Read Persist
  0x556a5917df90 [fd  124] Read Persist
  0x556a5917e360 [fd  125] Read Persist
  0x556a5917e730 [fd  126] Read Persist
  0x556a5917eb00 [fd  127] Read Persist
  0x556a5919ac90 [fd  136] Read Persist
  0x556a5919b160 [fd  137] Read Persist
  0x556a5917f0e0 [fd  -1] Timeout=1776113110.067380
Active events:
20260313-144509-1943 04741 * Cleanup         (server.cc:593):    Exporting stats to /mnt/extra/experiments/2026-04-13-14-44-00/out/server-0-8-0-stats-0.json.
