20260313-144250-6567 23874 * main            (benchmark.cc:405): Starting benchmark.
20260313-144251-4928 23874 * main            (benchmark.cc:624): Creating a default paritioner!
20260313-144251-4936 23874 * Client          (client.cc:76):     Initializing StrongStore client with id [2]
20260313-144251-4948 23874 * ShardClient     (shardclient.cc:62): success in sending register client: for client id 2 1
20260313-144251-4949 23874 * ShardClient     (shardclient.cc:62): success in sending register client: for client id 2 1
20260313-144251-4950 23874 * ShardClient     (shardclient.cc:62): success in sending register client: for client id 2 1
20260313-144251-4954 23874 * ShardClient     (shardclient.cc:62): success in sending register client: for client id 2 1
20260313-144251-4955 23874 * ShardClient     (shardclient.cc:62): success in sending register client: for client id 2 1
20260313-144251-4955 23874 * ShardClient     (shardclient.cc:62): success in sending register client: for client id 2 1
20260313-144251-4960 23874 * ShardClient     (shardclient.cc:62): success in sending register client: for client id 2 1
20260313-144251-4961 23874 * ShardClient     (shardclient.cc:62): success in sending register client: for client id 2 1
20260313-144251-4961 23874 * ShardClient     (shardclient.cc:62): success in sending register client: for client id 2 1
20260313-144251-4967 23874 * ShardClient     (shardclient.cc:62): success in sending register client: for client id 2 1
20260313-144251-4967 23874 * ShardClient     (shardclient.cc:62): success in sending register client: for client id 2 1
20260313-144251-4968 23874 * ShardClient     (shardclient.cc:62): success in sending register client: for client id 2 1
20260313-144251-4973 23874 * ShardClient     (shardclient.cc:62): success in sending register client: for client id 2 1
20260313-144251-4973 23874 * ShardClient     (shardclient.cc:62): success in sending register client: for client id 2 1
20260313-144251-4974 23874 * ShardClient     (shardclient.cc:62): success in sending register client: for client id 2 1
20260313-144251-4978 23874 * ShardClient     (shardclient.cc:62): success in sending register client: for client id 2 1
20260313-144251-4979 23874 * ShardClient     (shardclient.cc:62): success in sending register client: for client id 2 1
20260313-144251-4979 23874 * ShardClient     (shardclient.cc:62): success in sending register client: for client id 2 1
20260313-144251-4984 23874 * ShardClient     (shardclient.cc:62): success in sending register client: for client id 2 1
20260313-144251-4985 23874 * ShardClient     (shardclient.cc:62): success in sending register client: for client id 2 1
20260313-144251-4985 23874 * ShardClient     (shardclient.cc:62): success in sending register client: for client id 2 1
20260313-144251-4990 23874 * ShardClient     (shardclient.cc:62): success in sending register client: for client id 2 1
20260313-144251-4990 23874 * ShardClient     (shardclient.cc:62): success in sending register client: for client id 2 1
20260313-144251-4991 23874 * ShardClient     (shardclient.cc:62): success in sending register client: for client id 2 1
20260313-144251-4995 23874 * ShardClient     (shardclient.cc:62): success in sending register client: for client id 2 1
20260313-144251-4996 23874 * ShardClient     (shardclient.cc:62): success in sending register client: for client id 2 1
20260313-144251-4996 23874 * ShardClient     (shardclient.cc:62): success in sending register client: for client id 2 1
20260313-144251-5001 23874 * ShardClient     (shardclient.cc:62): success in sending register client: for client id 2 1
20260313-144251-5002 23874 * ShardClient     (shardclient.cc:62): success in sending register client: for client id 2 1
20260313-144251-5002 23874 * ShardClient     (shardclient.cc:62): success in sending register client: for client id 2 1
20260313-144251-5002 23874 * BenchmarkClient (bench_client.cc:90): starting benchclient, issueConcurrent: 0; fanout: 4
Session created: 0
last_service: , current_state: 0
Session continued: 0
last_service: , current_state: 0
Session destroyed: 18446744073709551615
last_service: , current_state: 0
20260313-144251-5399 23874 * ExecuteNextAppRequestOperation (bench_client.cc:414): Sending op with proto 4 and index 0
20260313-144252-1079 23874 * ReceiveOperationResponse (bench_client.cc:547): AppRequest reply timeline: pos=0 status=0 issue_to_reply_ms=568 batch_age_ms=568
20260313-144252-1080 23874 * ExecuteNextAppRequestOperation (bench_client.cc:414): Sending op with proto 4 and index 0
20260313-144252-5100 23874 * ReceiveOperationResponse (bench_client.cc:547): AppRequest reply timeline: pos=1 status=0 issue_to_reply_ms=402 batch_age_ms=970
20260313-144252-5101 23874 * ExecuteNextAppRequestOperation (bench_client.cc:414): Sending op with proto 4 and index 1
20260313-144252-7111 23874 * ReceiveOperationResponse (bench_client.cc:547): AppRequest reply timeline: pos=2 status=0 issue_to_reply_ms=201 batch_age_ms=1171
20260313-144252-7112 23874 * GetNextOperation (app_request.cc:76): AppRequest batch composition: fanout=4 reads=2 writes=2
20260313-144252-7113 23874 * ExecuteNextAppRequestOperation (bench_client.cc:414): Sending op with proto 4 and index 1
20260313-144252-9125 23874 * ReceiveOperationResponse (bench_client.cc:547): AppRequest reply timeline: pos=3 status=0 issue_to_reply_ms=202 batch_age_ms=1373
20260313-144252-9126 23874 * ReceiveOperationResponse (bench_client.cc:562): AppRequest batch done: fanout=4 total_reply_ms=1373
20260313-144252-9135 23874 * ExecuteNextAppRequestOperation (bench_client.cc:414): Sending op with proto 4 and index 0
20260313-144253-3153 23874 * ReceiveOperationResponse (bench_client.cc:547): AppRequest reply timeline: pos=0 status=0 issue_to_reply_ms=401 batch_age_ms=401
20260313-144253-3155 23874 * ExecuteNextAppRequestOperation (bench_client.cc:414): Sending op with proto 4 and index 1
20260313-144253-5165 23874 * ReceiveOperationResponse (bench_client.cc:547): AppRequest reply timeline: pos=1 status=0 issue_to_reply_ms=201 batch_age_ms=603
20260313-144253-5166 23874 * ExecuteNextAppRequestOperation (bench_client.cc:414): Sending op with proto 4 and index 0
20260313-144253-9186 23874 * ReceiveOperationResponse (bench_client.cc:547): AppRequest reply timeline: pos=2 status=0 issue_to_reply_ms=402 batch_age_ms=1005
20260313-144253-9188 23874 * GetNextOperation (app_request.cc:76): AppRequest batch composition: fanout=4 reads=1 writes=3
20260313-144253-9188 23874 * ExecuteNextAppRequestOperation (bench_client.cc:414): Sending op with proto 4 and index 0
20260313-144254-3207 23874 * ReceiveOperationResponse (bench_client.cc:547): AppRequest reply timeline: pos=3 status=0 issue_to_reply_ms=402 batch_age_ms=1407
20260313-144254-3208 23874 * ReceiveOperationResponse (bench_client.cc:562): AppRequest batch done: fanout=4 total_reply_ms=1407
20260313-144254-3224 23874 * ExecuteNextAppRequestOperation (bench_client.cc:414): Sending op with proto 4 and index 1
20260313-144254-5235 23874 * ReceiveOperationResponse (bench_client.cc:547): AppRequest reply timeline: pos=0 status=0 issue_to_reply_ms=201 batch_age_ms=201
20260313-144254-5236 23874 * ExecuteNextAppRequestOperation (bench_client.cc:414): Sending op with proto 4 and index 1
20260313-144254-9253 23874 * ReceiveOperationResponse (bench_client.cc:547): AppRequest reply timeline: pos=1 status=0 issue_to_reply_ms=401 batch_age_ms=602
20260313-144254-9254 23874 * ExecuteNextAppRequestOperation (bench_client.cc:414): Sending op with proto 4 and index 1
20260313-144255-1265 23874 * ReceiveOperationResponse (bench_client.cc:547): AppRequest reply timeline: pos=2 status=0 issue_to_reply_ms=202 batch_age_ms=804
20260313-144255-1267 23874 * GetNextOperation (app_request.cc:76): AppRequest batch composition: fanout=4 reads=3 writes=1
20260313-144255-1268 23874 * ExecuteNextAppRequestOperation (bench_client.cc:414): Sending op with proto 4 and index 0
20260313-144255-5286 23874 * ReceiveOperationResponse (bench_client.cc:547): AppRequest reply timeline: pos=3 status=0 issue_to_reply_ms=402 batch_age_ms=1206
20260313-144255-5287 23874 * ReceiveOperationResponse (bench_client.cc:562): AppRequest batch done: fanout=4 total_reply_ms=1206
20260313-144255-5296 23874 * ExecuteNextAppRequestOperation (bench_client.cc:414): Sending op with proto 4 and index 0
20260313-144255-5399 23874 * WarmupDone      (bench_client.cc:744): Completed warmup period of 4 seconds with 3 requests
20260313-144255-9317 23874 * ReceiveOperationResponse (bench_client.cc:547): AppRequest reply timeline: pos=0 status=0 issue_to_reply_ms=402 batch_age_ms=402
20260313-144255-9318 23874 * ExecuteNextAppRequestOperation (bench_client.cc:414): Sending op with proto 4 and index 0
20260313-144256-3338 23874 * ReceiveOperationResponse (bench_client.cc:547): AppRequest reply timeline: pos=1 status=0 issue_to_reply_ms=402 batch_age_ms=804
20260313-144256-3339 23874 * ExecuteNextAppRequestOperation (bench_client.cc:414): Sending op with proto 4 and index 1
20260313-144256-5349 23874 * ReceiveOperationResponse (bench_client.cc:547): AppRequest reply timeline: pos=2 status=0 issue_to_reply_ms=201 batch_age_ms=1005
20260313-144256-5350 23874 * GetNextOperation (app_request.cc:76): AppRequest batch composition: fanout=4 reads=2 writes=2
20260313-144256-5351 23874 * ExecuteNextAppRequestOperation (bench_client.cc:414): Sending op with proto 4 and index 1
20260313-144256-7362 23874 * ReceiveOperationResponse (bench_client.cc:547): AppRequest reply timeline: pos=3 status=0 issue_to_reply_ms=201 batch_age_ms=1206
20260313-144256-7363 23874 * ReceiveOperationResponse (bench_client.cc:562): AppRequest batch done: fanout=4 total_reply_ms=1206
20260313-144256-7376 23874 * ExecuteNextAppRequestOperation (bench_client.cc:414): Sending op with proto 4 and index 1
20260313-144256-9387 23874 * ReceiveOperationResponse (bench_client.cc:547): AppRequest reply timeline: pos=0 status=0 issue_to_reply_ms=201 batch_age_ms=201
20260313-144256-9389 23874 * ExecuteNextAppRequestOperation (bench_client.cc:414): Sending op with proto 4 and index 1
20260313-144257-3410 23874 * ReceiveOperationResponse (bench_client.cc:547): AppRequest reply timeline: pos=1 status=0 issue_to_reply_ms=402 batch_age_ms=603
20260313-144257-3412 23874 * ExecuteNextAppRequestOperation (bench_client.cc:414): Sending op with proto 4 and index 0
20260313-144257-7430 23874 * ReceiveOperationResponse (bench_client.cc:547): AppRequest reply timeline: pos=2 status=0 issue_to_reply_ms=402 batch_age_ms=1005
20260313-144257-7432 23874 * GetNextOperation (app_request.cc:76): AppRequest batch composition: fanout=4 reads=3 writes=1
20260313-144257-7432 23874 * ExecuteNextAppRequestOperation (bench_client.cc:414): Sending op with proto 4 and index 1
20260313-144257-9443 23874 * ReceiveOperationResponse (bench_client.cc:547): AppRequest reply timeline: pos=3 status=0 issue_to_reply_ms=201 batch_age_ms=1206
20260313-144257-9444 23874 * ReceiveOperationResponse (bench_client.cc:562): AppRequest batch done: fanout=4 total_reply_ms=1206
20260313-144257-9465 23874 * ExecuteNextAppRequestOperation (bench_client.cc:414): Sending op with proto 4 and index 1
20260313-144258-1479 23874 * ReceiveOperationResponse (bench_client.cc:547): AppRequest reply timeline: pos=0 status=0 issue_to_reply_ms=201 batch_age_ms=201
20260313-144258-1480 23874 * ExecuteNextAppRequestOperation (bench_client.cc:414): Sending op with proto 4 and index 0
20260313-144258-5498 23874 * ReceiveOperationResponse (bench_client.cc:547): AppRequest reply timeline: pos=1 status=0 issue_to_reply_ms=402 batch_age_ms=603
20260313-144258-5500 23874 * ExecuteNextAppRequestOperation (bench_client.cc:414): Sending op with proto 4 and index 0
20260313-144258-9521 23874 * ReceiveOperationResponse (bench_client.cc:547): AppRequest reply timeline: pos=2 status=0 issue_to_reply_ms=402 batch_age_ms=1005
20260313-144258-9522 23874 * GetNextOperation (app_request.cc:76): AppRequest batch composition: fanout=4 reads=1 writes=3
20260313-144258-9523 23874 * ExecuteNextAppRequestOperation (bench_client.cc:414): Sending op with proto 4 and index 0
20260313-144259-3543 23874 * ReceiveOperationResponse (bench_client.cc:547): AppRequest reply timeline: pos=3 status=0 issue_to_reply_ms=402 batch_age_ms=1407
20260313-144259-3544 23874 * ReceiveOperationResponse (bench_client.cc:562): AppRequest batch done: fanout=4 total_reply_ms=1407
20260313-144259-3551 23874 * ExecuteNextAppRequestOperation (bench_client.cc:414): Sending op with proto 4 and index 1
20260313-144259-7568 23874 * ReceiveOperationResponse (bench_client.cc:547): AppRequest reply timeline: pos=0 status=0 issue_to_reply_ms=402 batch_age_ms=402
20260313-144259-7570 23874 * ExecuteNextAppRequestOperation (bench_client.cc:414): Sending op with proto 4 and index 0
20260313-144300-1588 23874 * ReceiveOperationResponse (bench_client.cc:547): AppRequest reply timeline: pos=1 status=0 issue_to_reply_ms=402 batch_age_ms=804
20260313-144300-1590 23874 * ExecuteNextAppRequestOperation (bench_client.cc:414): Sending op with proto 4 and index 1
20260313-144300-3600 23874 * ReceiveOperationResponse (bench_client.cc:547): AppRequest reply timeline: pos=2 status=0 issue_to_reply_ms=201 batch_age_ms=1005
20260313-144300-3602 23874 * GetNextOperation (app_request.cc:76): AppRequest batch composition: fanout=4 reads=3 writes=1
20260313-144300-3602 23874 * ExecuteNextAppRequestOperation (bench_client.cc:414): Sending op with proto 4 and index 1
20260313-144300-5613 23874 * ReceiveOperationResponse (bench_client.cc:547): AppRequest reply timeline: pos=3 status=0 issue_to_reply_ms=201 batch_age_ms=1206
20260313-144300-5614 23874 * ReceiveOperationResponse (bench_client.cc:562): AppRequest batch done: fanout=4 total_reply_ms=1206
20260313-144300-5633 23874 * ExecuteNextAppRequestOperation (bench_client.cc:414): Sending op with proto 4 and index 1
20260313-144300-9648 23874 * ReceiveOperationResponse (bench_client.cc:547): AppRequest reply timeline: pos=0 status=0 issue_to_reply_ms=402 batch_age_ms=402
20260313-144300-9649 23874 * ExecuteNextAppRequestOperation (bench_client.cc:414): Sending op with proto 4 and index 1
20260313-144301-1661 23874 * ReceiveOperationResponse (bench_client.cc:547): AppRequest reply timeline: pos=1 status=0 issue_to_reply_ms=201 batch_age_ms=603
20260313-144301-1662 23874 * ExecuteNextAppRequestOperation (bench_client.cc:414): Sending op with proto 4 and index 0
20260313-144301-5688 23874 * ReceiveOperationResponse (bench_client.cc:547): AppRequest reply timeline: pos=2 status=0 issue_to_reply_ms=402 batch_age_ms=1006
20260313-144301-5689 23874 * GetNextOperation (app_request.cc:76): AppRequest batch composition: fanout=4 reads=3 writes=1
20260313-144301-5690 23874 * ExecuteNextAppRequestOperation (bench_client.cc:414): Sending op with proto 4 and index 1
20260313-144301-7701 23874 * ReceiveOperationResponse (bench_client.cc:547): AppRequest reply timeline: pos=3 status=0 issue_to_reply_ms=201 batch_age_ms=1207
20260313-144301-7702 23874 * ReceiveOperationResponse (bench_client.cc:562): AppRequest batch done: fanout=4 total_reply_ms=1207
20260313-144301-7710 23874 * ExecuteNextAppRequestOperation (bench_client.cc:414): Sending op with proto 4 and index 0
20260313-144302-1731 23874 * ReceiveOperationResponse (bench_client.cc:547): AppRequest reply timeline: pos=0 status=0 issue_to_reply_ms=402 batch_age_ms=402
20260313-144302-1732 23874 * ExecuteNextAppRequestOperation (bench_client.cc:414): Sending op with proto 4 and index 1
20260313-144302-3742 23874 * ReceiveOperationResponse (bench_client.cc:547): AppRequest reply timeline: pos=1 status=0 issue_to_reply_ms=201 batch_age_ms=603
20260313-144302-3744 23874 * ExecuteNextAppRequestOperation (bench_client.cc:414): Sending op with proto 4 and index 0
20260313-144302-7764 23874 * ReceiveOperationResponse (bench_client.cc:547): AppRequest reply timeline: pos=2 status=0 issue_to_reply_ms=402 batch_age_ms=1005
20260313-144302-7765 23874 * GetNextOperation (app_request.cc:76): AppRequest batch composition: fanout=4 reads=1 writes=3
20260313-144302-7766 23874 * ExecuteNextAppRequestOperation (bench_client.cc:414): Sending op with proto 4 and index 0
20260313-144303-1787 23874 * ReceiveOperationResponse (bench_client.cc:547): AppRequest reply timeline: pos=3 status=0 issue_to_reply_ms=402 batch_age_ms=1408
20260313-144303-1788 23874 * ReceiveOperationResponse (bench_client.cc:562): AppRequest batch done: fanout=4 total_reply_ms=1408
20260313-144303-1799 23874 * ExecuteNextAppRequestOperation (bench_client.cc:414): Sending op with proto 4 and index 0
20260313-144303-5822 23874 * ReceiveOperationResponse (bench_client.cc:547): AppRequest reply timeline: pos=0 status=0 issue_to_reply_ms=402 batch_age_ms=402
20260313-144303-5823 23874 * ExecuteNextAppRequestOperation (bench_client.cc:414): Sending op with proto 4 and index 1
20260313-144303-7834 23874 * ReceiveOperationResponse (bench_client.cc:547): AppRequest reply timeline: pos=1 status=0 issue_to_reply_ms=201 batch_age_ms=603
20260313-144303-7836 23874 * ExecuteNextAppRequestOperation (bench_client.cc:414): Sending op with proto 4 and index 0
20260313-144304-1855 23874 * ReceiveOperationResponse (bench_client.cc:547): AppRequest reply timeline: pos=2 status=0 issue_to_reply_ms=402 batch_age_ms=1006
20260313-144304-1857 23874 * GetNextOperation (app_request.cc:76): AppRequest batch composition: fanout=4 reads=1 writes=3
20260313-144304-1857 23874 * ExecuteNextAppRequestOperation (bench_client.cc:414): Sending op with proto 4 and index 0
20260313-144304-5877 23874 * ReceiveOperationResponse (bench_client.cc:547): AppRequest reply timeline: pos=3 status=0 issue_to_reply_ms=402 batch_age_ms=1408
20260313-144304-5878 23874 * ReceiveOperationResponse (bench_client.cc:562): AppRequest batch done: fanout=4 total_reply_ms=1408
20260313-144304-5896 23874 * ExecuteNextAppRequestOperation (bench_client.cc:414): Sending op with proto 4 and index 0
20260313-144304-9919 23874 * ReceiveOperationResponse (bench_client.cc:547): AppRequest reply timeline: pos=0 status=0 issue_to_reply_ms=402 batch_age_ms=402
20260313-144304-9920 23874 * ExecuteNextAppRequestOperation (bench_client.cc:414): Sending op with proto 4 and index 0
20260313-144305-3940 23874 * ReceiveOperationResponse (bench_client.cc:547): AppRequest reply timeline: pos=1 status=0 issue_to_reply_ms=402 batch_age_ms=804
20260313-144305-3942 23874 * ExecuteNextAppRequestOperation (bench_client.cc:414): Sending op with proto 4 and index 0
20260313-144305-7961 23874 * ReceiveOperationResponse (bench_client.cc:547): AppRequest reply timeline: pos=2 status=0 issue_to_reply_ms=402 batch_age_ms=1206
20260313-144305-7963 23874 * GetNextOperation (app_request.cc:76): AppRequest batch composition: fanout=4 reads=0 writes=4
20260313-144305-7963 23874 * ExecuteNextAppRequestOperation (bench_client.cc:414): Sending op with proto 4 and index 0
20260313-144306-1983 23874 * ReceiveOperationResponse (bench_client.cc:547): AppRequest reply timeline: pos=3 status=0 issue_to_reply_ms=402 batch_age_ms=1608
20260313-144306-1984 23874 * ReceiveOperationResponse (bench_client.cc:562): AppRequest batch done: fanout=4 total_reply_ms=1608
20260313-144306-1991 23874 * ExecuteNextAppRequestOperation (bench_client.cc:414): Sending op with proto 4 and index 1
20260313-144306-6006 23874 * ReceiveOperationResponse (bench_client.cc:547): AppRequest reply timeline: pos=0 status=0 issue_to_reply_ms=402 batch_age_ms=402
20260313-144306-6007 23874 * ExecuteNextAppRequestOperation (bench_client.cc:414): Sending op with proto 4 and index 1
20260313-144306-8018 23874 * ReceiveOperationResponse (bench_client.cc:547): AppRequest reply timeline: pos=1 status=0 issue_to_reply_ms=201 batch_age_ms=603
20260313-144306-8019 23874 * ExecuteNextAppRequestOperation (bench_client.cc:414): Sending op with proto 4 and index 0
20260313-144307-2039 23874 * ReceiveOperationResponse (bench_client.cc:547): AppRequest reply timeline: pos=2 status=0 issue_to_reply_ms=402 batch_age_ms=1005
20260313-144307-2040 23874 * GetNextOperation (app_request.cc:76): AppRequest batch composition: fanout=4 reads=2 writes=2
20260313-144307-2041 23874 * ExecuteNextAppRequestOperation (bench_client.cc:414): Sending op with proto 4 and index 0
20260313-144307-6057 23874 * ReceiveOperationResponse (bench_client.cc:547): AppRequest reply timeline: pos=3 status=0 issue_to_reply_ms=402 batch_age_ms=1407
20260313-144307-6058 23874 * ReceiveOperationResponse (bench_client.cc:562): AppRequest batch done: fanout=4 total_reply_ms=1407
20260313-144307-6067 23874 * ExecuteNextAppRequestOperation (bench_client.cc:414): Sending op with proto 4 and index 0
20260313-144308-0086 23874 * ReceiveOperationResponse (bench_client.cc:547): AppRequest reply timeline: pos=0 status=0 issue_to_reply_ms=402 batch_age_ms=402
20260313-144308-0087 23874 * ExecuteNextAppRequestOperation (bench_client.cc:414): Sending op with proto 4 and index 1
20260313-144308-2098 23874 * ReceiveOperationResponse (bench_client.cc:547): AppRequest reply timeline: pos=1 status=0 issue_to_reply_ms=201 batch_age_ms=603
20260313-144308-2099 23874 * ExecuteNextAppRequestOperation (bench_client.cc:414): Sending op with proto 4 and index 1
20260313-144308-4110 23874 * ReceiveOperationResponse (bench_client.cc:547): AppRequest reply timeline: pos=2 status=0 issue_to_reply_ms=201 batch_age_ms=804
20260313-144308-4112 23874 * GetNextOperation (app_request.cc:76): AppRequest batch composition: fanout=4 reads=2 writes=2
20260313-144308-4112 23874 * ExecuteNextAppRequestOperation (bench_client.cc:414): Sending op with proto 4 and index 0
20260313-144308-8131 23874 * ReceiveOperationResponse (bench_client.cc:547): AppRequest reply timeline: pos=3 status=0 issue_to_reply_ms=402 batch_age_ms=1206
20260313-144308-8132 23874 * ReceiveOperationResponse (bench_client.cc:562): AppRequest batch done: fanout=4 total_reply_ms=1206
20260313-144308-8139 23874 * ExecuteNextAppRequestOperation (bench_client.cc:414): Sending op with proto 4 and index 1
20260313-144309-0150 23874 * ReceiveOperationResponse (bench_client.cc:547): AppRequest reply timeline: pos=0 status=0 issue_to_reply_ms=201 batch_age_ms=201
20260313-144309-0152 23874 * ExecuteNextAppRequestOperation (bench_client.cc:414): Sending op with proto 4 and index 1
20260313-144309-2163 23874 * ReceiveOperationResponse (bench_client.cc:547): AppRequest reply timeline: pos=1 status=0 issue_to_reply_ms=201 batch_age_ms=402
20260313-144309-2164 23874 * ExecuteNextAppRequestOperation (bench_client.cc:414): Sending op with proto 4 and index 1
20260313-144309-4175 23874 * ReceiveOperationResponse (bench_client.cc:547): AppRequest reply timeline: pos=2 status=0 issue_to_reply_ms=202 batch_age_ms=604
20260313-144309-4177 23874 * GetNextOperation (app_request.cc:76): AppRequest batch composition: fanout=4 reads=4 writes=0
20260313-144309-4177 23874 * ExecuteNextAppRequestOperation (bench_client.cc:414): Sending op with proto 4 and index 1
20260313-144309-6188 23874 * ReceiveOperationResponse (bench_client.cc:547): AppRequest reply timeline: pos=3 status=0 issue_to_reply_ms=201 batch_age_ms=805
20260313-144309-6188 23874 * ReceiveOperationResponse (bench_client.cc:562): AppRequest batch done: fanout=4 total_reply_ms=805
20260313-144309-6198 23874 * ExecuteNextAppRequestOperation (bench_client.cc:414): Sending op with proto 4 and index 1
20260313-144309-8208 23874 * ReceiveOperationResponse (bench_client.cc:547): AppRequest reply timeline: pos=0 status=0 issue_to_reply_ms=201 batch_age_ms=201
20260313-144309-8210 23874 * ExecuteNextAppRequestOperation (bench_client.cc:414): Sending op with proto 4 and index 1
20260313-144310-0220 23874 * ReceiveOperationResponse (bench_client.cc:547): AppRequest reply timeline: pos=1 status=0 issue_to_reply_ms=201 batch_age_ms=402
20260313-144310-0221 23874 * ExecuteNextAppRequestOperation (bench_client.cc:414): Sending op with proto 4 and index 1
20260313-144310-2232 23874 * ReceiveOperationResponse (bench_client.cc:547): AppRequest reply timeline: pos=2 status=0 issue_to_reply_ms=201 batch_age_ms=603
20260313-144310-2233 23874 * GetNextOperation (app_request.cc:76): AppRequest batch composition: fanout=4 reads=3 writes=1
20260313-144310-2234 23874 * ExecuteNextAppRequestOperation (bench_client.cc:414): Sending op with proto 4 and index 0
20260313-144310-6255 23874 * ReceiveOperationResponse (bench_client.cc:547): AppRequest reply timeline: pos=3 status=0 issue_to_reply_ms=403 batch_age_ms=1006
20260313-144310-6256 23874 * ReceiveOperationResponse (bench_client.cc:562): AppRequest batch done: fanout=4 total_reply_ms=1006
20260313-144310-6259 23874 * ExecuteNextAppRequestOperation (bench_client.cc:414): Sending op with proto 4 and index 1
20260313-144310-8267 23874 * ReceiveOperationResponse (bench_client.cc:547): AppRequest reply timeline: pos=0 status=0 issue_to_reply_ms=201 batch_age_ms=201
20260313-144310-8268 23874 * ExecuteNextAppRequestOperation (bench_client.cc:414): Sending op with proto 4 and index 0
20260313-144311-2290 23874 * ReceiveOperationResponse (bench_client.cc:547): AppRequest reply timeline: pos=1 status=0 issue_to_reply_ms=402 batch_age_ms=603
20260313-144311-2292 23874 * ExecuteNextAppRequestOperation (bench_client.cc:414): Sending op with proto 4 and index 1
20260313-144311-4302 23874 * ReceiveOperationResponse (bench_client.cc:547): AppRequest reply timeline: pos=2 status=0 issue_to_reply_ms=201 batch_age_ms=804
20260313-144311-4304 23874 * GetNextOperation (app_request.cc:76): AppRequest batch composition: fanout=4 reads=2 writes=2
20260313-144311-4304 23874 * ExecuteNextAppRequestOperation (bench_client.cc:414): Sending op with proto 4 and index 0
20260313-144311-8323 23874 * ReceiveOperationResponse (bench_client.cc:547): AppRequest reply timeline: pos=3 status=0 issue_to_reply_ms=402 batch_age_ms=1206
20260313-144311-8324 23874 * ReceiveOperationResponse (bench_client.cc:562): AppRequest batch done: fanout=4 total_reply_ms=1206
20260313-144311-8329 23874 * ExecuteNextAppRequestOperation (bench_client.cc:414): Sending op with proto 4 and index 1
20260313-144312-0339 23874 * ReceiveOperationResponse (bench_client.cc:547): AppRequest reply timeline: pos=0 status=0 issue_to_reply_ms=201 batch_age_ms=201
20260313-144312-0341 23874 * ExecuteNextAppRequestOperation (bench_client.cc:414): Sending op with proto 4 and index 1
20260313-144312-2351 23874 * ReceiveOperationResponse (bench_client.cc:547): AppRequest reply timeline: pos=1 status=0 issue_to_reply_ms=201 batch_age_ms=402
20260313-144312-2353 23874 * ExecuteNextAppRequestOperation (bench_client.cc:414): Sending op with proto 4 and index 1
20260313-144312-6369 23874 * ReceiveOperationResponse (bench_client.cc:547): AppRequest reply timeline: pos=2 status=0 issue_to_reply_ms=402 batch_age_ms=804
20260313-144312-6371 23874 * GetNextOperation (app_request.cc:76): AppRequest batch composition: fanout=4 reads=3 writes=1
20260313-144312-6371 23874 * ExecuteNextAppRequestOperation (bench_client.cc:414): Sending op with proto 4 and index 0
20260313-144313-0392 23874 * ReceiveOperationResponse (bench_client.cc:547): AppRequest reply timeline: pos=3 status=0 issue_to_reply_ms=402 batch_age_ms=1206
20260313-144313-0393 23874 * ReceiveOperationResponse (bench_client.cc:562): AppRequest batch done: fanout=4 total_reply_ms=1206
20260313-144313-0415 23874 * ExecuteNextAppRequestOperation (bench_client.cc:414): Sending op with proto 4 and index 0
20260313-144313-4435 23874 * ReceiveOperationResponse (bench_client.cc:547): AppRequest reply timeline: pos=0 status=0 issue_to_reply_ms=402 batch_age_ms=402
20260313-144313-4436 23874 * ExecuteNextAppRequestOperation (bench_client.cc:414): Sending op with proto 4 and index 1
20260313-144313-6447 23874 * ReceiveOperationResponse (bench_client.cc:547): AppRequest reply timeline: pos=1 status=0 issue_to_reply_ms=201 batch_age_ms=603
20260313-144313-6449 23874 * ExecuteNextAppRequestOperation (bench_client.cc:414): Sending op with proto 4 and index 1
20260313-144313-8458 23874 * ReceiveOperationResponse (bench_client.cc:547): AppRequest reply timeline: pos=2 status=0 issue_to_reply_ms=201 batch_age_ms=804
20260313-144313-8460 23874 * GetNextOperation (app_request.cc:76): AppRequest batch composition: fanout=4 reads=3 writes=1
20260313-144313-8460 23874 * ExecuteNextAppRequestOperation (bench_client.cc:414): Sending op with proto 4 and index 1
20260313-144314-0470 23874 * ReceiveOperationResponse (bench_client.cc:547): AppRequest reply timeline: pos=3 status=0 issue_to_reply_ms=201 batch_age_ms=1005
20260313-144314-0471 23874 * ReceiveOperationResponse (bench_client.cc:562): AppRequest batch done: fanout=4 total_reply_ms=1005
20260313-144314-0489 23874 * ExecuteNextAppRequestOperation (bench_client.cc:414): Sending op with proto 4 and index 0
20260313-144314-4510 23874 * ReceiveOperationResponse (bench_client.cc:547): AppRequest reply timeline: pos=0 status=0 issue_to_reply_ms=402 batch_age_ms=402
20260313-144314-4511 23874 * ExecuteNextAppRequestOperation (bench_client.cc:414): Sending op with proto 4 and index 0
20260313-144314-8529 23874 * ReceiveOperationResponse (bench_client.cc:547): AppRequest reply timeline: pos=1 status=0 issue_to_reply_ms=402 batch_age_ms=804
20260313-144314-8531 23874 * ExecuteNextAppRequestOperation (bench_client.cc:414): Sending op with proto 4 and index 0
20260313-144315-2550 23874 * ReceiveOperationResponse (bench_client.cc:547): AppRequest reply timeline: pos=2 status=0 issue_to_reply_ms=402 batch_age_ms=1206
20260313-144315-2552 23874 * GetNextOperation (app_request.cc:76): AppRequest batch composition: fanout=4 reads=1 writes=3
20260313-144315-2552 23874 * ExecuteNextAppRequestOperation (bench_client.cc:414): Sending op with proto 4 and index 1
20260313-144315-4563 23874 * ReceiveOperationResponse (bench_client.cc:547): AppRequest reply timeline: pos=3 status=0 issue_to_reply_ms=201 batch_age_ms=1407
20260313-144315-4564 23874 * ReceiveOperationResponse (bench_client.cc:562): AppRequest batch done: fanout=4 total_reply_ms=1407
20260313-144315-4586 23874 * ExecuteNextAppRequestOperation (bench_client.cc:414): Sending op with proto 4 and index 0
20260313-144315-8609 23874 * ReceiveOperationResponse (bench_client.cc:547): AppRequest reply timeline: pos=0 status=0 issue_to_reply_ms=402 batch_age_ms=402
20260313-144315-8611 23874 * ExecuteNextAppRequestOperation (bench_client.cc:414): Sending op with proto 4 and index 1
20260313-144316-0621 23874 * ReceiveOperationResponse (bench_client.cc:547): AppRequest reply timeline: pos=1 status=0 issue_to_reply_ms=201 batch_age_ms=603
20260313-144316-0623 23874 * ExecuteNextAppRequestOperation (bench_client.cc:414): Sending op with proto 4 and index 0
20260313-144316-4642 23874 * ReceiveOperationResponse (bench_client.cc:547): AppRequest reply timeline: pos=2 status=0 issue_to_reply_ms=402 batch_age_ms=1005
20260313-144316-4643 23874 * GetNextOperation (app_request.cc:76): AppRequest batch composition: fanout=4 reads=2 writes=2
20260313-144316-4644 23874 * ExecuteNextAppRequestOperation (bench_client.cc:414): Sending op with proto 4 and index 1
20260313-144316-6654 23874 * ReceiveOperationResponse (bench_client.cc:547): AppRequest reply timeline: pos=3 status=0 issue_to_reply_ms=200 batch_age_ms=1206
20260313-144316-6655 23874 * ReceiveOperationResponse (bench_client.cc:562): AppRequest batch done: fanout=4 total_reply_ms=1206
20260313-144316-6664 23874 * ExecuteNextAppRequestOperation (bench_client.cc:414): Sending op with proto 4 and index 0
20260313-144317-0683 23874 * ReceiveOperationResponse (bench_client.cc:547): AppRequest reply timeline: pos=0 status=0 issue_to_reply_ms=401 batch_age_ms=401
20260313-144317-0685 23874 * ExecuteNextAppRequestOperation (bench_client.cc:414): Sending op with proto 4 and index 1
20260313-144317-2696 23874 * ReceiveOperationResponse (bench_client.cc:547): AppRequest reply timeline: pos=1 status=0 issue_to_reply_ms=201 batch_age_ms=603
20260313-144317-2698 23874 * ExecuteNextAppRequestOperation (bench_client.cc:414): Sending op with proto 4 and index 1
20260313-144317-4707 23874 * ReceiveOperationResponse (bench_client.cc:547): AppRequest reply timeline: pos=2 status=0 issue_to_reply_ms=201 batch_age_ms=804
20260313-144317-4709 23874 * GetNextOperation (app_request.cc:76): AppRequest batch composition: fanout=4 reads=3 writes=1
20260313-144317-4709 23874 * ExecuteNextAppRequestOperation (bench_client.cc:414): Sending op with proto 4 and index 1
20260313-144317-6720 23874 * ReceiveOperationResponse (bench_client.cc:547): AppRequest reply timeline: pos=3 status=0 issue_to_reply_ms=201 batch_age_ms=1005
20260313-144317-6721 23874 * ReceiveOperationResponse (bench_client.cc:562): AppRequest batch done: fanout=4 total_reply_ms=1005
20260313-144317-6738 23874 * ExecuteNextAppRequestOperation (bench_client.cc:414): Sending op with proto 4 and index 0
20260313-144318-0759 23874 * ReceiveOperationResponse (bench_client.cc:547): AppRequest reply timeline: pos=0 status=0 issue_to_reply_ms=402 batch_age_ms=402
20260313-144318-0761 23874 * ExecuteNextAppRequestOperation (bench_client.cc:414): Sending op with proto 4 and index 0
20260313-144318-4786 23874 * ReceiveOperationResponse (bench_client.cc:547): AppRequest reply timeline: pos=1 status=0 issue_to_reply_ms=403 batch_age_ms=805
20260313-144318-4788 23874 * ExecuteNextAppRequestOperation (bench_client.cc:414): Sending op with proto 4 and index 0
20260313-144318-8808 23874 * ReceiveOperationResponse (bench_client.cc:547): AppRequest reply timeline: pos=2 status=0 issue_to_reply_ms=402 batch_age_ms=1207
20260313-144318-8809 23874 * GetNextOperation (app_request.cc:76): AppRequest batch composition: fanout=4 reads=0 writes=4
20260313-144318-8810 23874 * ExecuteNextAppRequestOperation (bench_client.cc:414): Sending op with proto 4 and index 0
20260313-144319-2830 23874 * ReceiveOperationResponse (bench_client.cc:547): AppRequest reply timeline: pos=3 status=0 issue_to_reply_ms=402 batch_age_ms=1609
20260313-144319-2831 23874 * ReceiveOperationResponse (bench_client.cc:562): AppRequest batch done: fanout=4 total_reply_ms=1609
20260313-144319-2832 23874 * Finish          (bench_client.cc:938): Completed 18 requests in 23.753657 seconds
20260313-144319-2832 23874 * Finish          (bench_client.cc:939): 1 outstanding transactions.
20260313-144319-2849 23874 * ExecuteNextAppRequestOperation (bench_client.cc:414): Sending op with proto 4 and index 0
20260313-144319-6868 23874 * ReceiveOperationResponse (bench_client.cc:547): AppRequest reply timeline: pos=0 status=0 issue_to_reply_ms=402 batch_age_ms=402
20260313-144319-6870 23874 * ExecuteNextAppRequestOperation (bench_client.cc:414): Sending op with proto 4 and index 1
20260313-144320-0885 23874 * ReceiveOperationResponse (bench_client.cc:547): AppRequest reply timeline: pos=1 status=0 issue_to_reply_ms=402 batch_age_ms=804
20260313-144320-0887 23874 * ExecuteNextAppRequestOperation (bench_client.cc:414): Sending op with proto 4 and index 0
20260313-144320-4910 23874 * ReceiveOperationResponse (bench_client.cc:547): AppRequest reply timeline: pos=2 status=0 issue_to_reply_ms=402 batch_age_ms=1206
20260313-144320-4911 23874 * GetNextOperation (app_request.cc:76): AppRequest batch composition: fanout=4 reads=1 writes=3
20260313-144320-4912 23874 * ExecuteNextAppRequestOperation (bench_client.cc:414): Sending op with proto 4 and index 0
20260313-144320-5399 23874 * FlushStats      (benchmark.cc:916): Flushing stats to /mnt/extra/experiments/2026-04-13-14-42-21/out/client-1-0-0-stats-0.json.
20260313-144320-5401 23874 * FlushStats      (benchmark.cc:928): All done!
20260313-144320-8931 23874 * ReceiveOperationResponse (bench_client.cc:547): AppRequest reply timeline: pos=3 status=0 issue_to_reply_ms=402 batch_age_ms=1608
20260313-144320-8932 23874 * ReceiveOperationResponse (bench_client.cc:562): AppRequest batch done: fanout=4 total_reply_ms=1608
Session continued: 0
last_service: , current_state: 0
Session destroyed: 18446744073709551615
last_service: , current_state: 0
Session continued: 0
last_service: , current_state: 0
Session destroyed: 18446744073709551615
last_service: , current_state: 0
Session destroyed: 0
last_service: , current_state: 0
20260313-144323-2835 23874 * Cleanup         (bench_client.cc:766): Aborting 0 outstanding transactions.
20260313-144323-2836 23874 * CooldownDone    (bench_client.cc:796): Finished cooldown period.
20260313-144323-2837 23874 * CooldownDone    (bench_client.cc:803): Median latency is 1206907113 ns (1206 ms)
20260313-144323-2837 23874 * CooldownDone    (bench_client.cc:812): Average latency is 1249137592 ns (1249 ms)
20260313-144323-2838 23874 * CooldownDone    (bench_client.cc:816): 90th percentile latency is 1608966632 ns (1608 ms)
20260313-144323-2838 23874 * CooldownDone    (bench_client.cc:820): 95th percentile latency is 1609433740 ns (1609 ms)
20260313-144323-2839 23874 * CooldownDone    (bench_client.cc:824): 99th percentile latency is 1609433740 ns (1609 ms)
20260313-144323-2839 23874 * LATENCY total: 805 ms 1249 ms/1073 ms 1609 ms (19 samples, 23 s total)
20260313-144323-2840 23874 *     536 ms |          4 | ====
20260313-144323-2840 23874 *    1073 ms |         15 | ===============
20260313-144323-2841 23874 * Stop            (tcptransport.cc:601): [TCP SUMMARY] outgoingCreated=30 outgoingClosed=0 incomingCreated=0 incomingClosed=0 outgoingPeak=30 incomingPeak=0
Inserted events:
  0x5604ad405390 [fd  7] Read Persist Internal
  0x5604ad424860 [fd  9] Read Persist
  0x5604ad429060 [fd  10] Read Persist
  0x5604ad4252c0 [fd  11] Read Persist
  0x5604ad423890 [fd  12] Read Persist
  0x5604ad426890 [fd  13] Read Persist
  0x5604ad424120 [fd  14] Read Persist
  0x5604ad429450 [fd  15] Read Persist
  0x5604ad4282c0 [fd  16] Read Persist
  0x5604ad428b40 [fd  17] Read Persist
  0x5604ad441450 [fd  18] Read Persist
  0x5604ad441a80 [fd  19] Read Persist
  0x5604ad442180 [fd  20] Read Persist
  0x5604ad443020 [fd  21] Read Persist
  0x5604ad443840 [fd  22] Read Persist
  0x5604ad444060 [fd  23] Read Persist
  0x5604ad444f90 [fd  24] Read Persist
  0x5604ad4457b0 [fd  25] Read Persist
  0x5604ad446230 [fd  26] Read Persist
  0x5604ad447160 [fd  27] Read Persist
  0x5604ad4479d0 [fd  28] Read Persist
  0x5604ad448320 [fd  29] Read Persist
  0x5604ad4494e0 [fd  30] Read Persist
  0x5604ad449e20 [fd  31] Read Persist
  0x5604ad44a790 [fd  32] Read Persist
  0x5604ad44bb40 [fd  33] Read Persist
  0x5604ad44c460 [fd  34] Read Persist
  0x5604ad44cdd0 [fd  35] Read Persist
  0x5604ad44e010 [fd  36] Read Persist
  0x5604ad44e8f0 [fd  37] Read Persist
  0x5604ad44f260 [fd  38] Read Persist
Active events:
20260313-144323-2847 23874 * main            (benchmark.cc:875): Cleaning up after experiment.
20260313-144323-2847 23874 * FlushStats      (benchmark.cc:916): Flushing stats to /mnt/extra/experiments/2026-04-13-14-42-21/out/client-1-0-0-stats-0.json.
20260313-144323-2849 23874 * FlushStats      (benchmark.cc:928): All done!
