20260313-152017-3564 11418 * main            (server.cc:217):    Starting server.
20260313-152017-3576 11418 * main            (server.cc:335):    Creating a default paritioner!
20260313-152019-1747 11418 * main            (server.cc:513):    Done loading server.
20260313-152112-5812 11418 ! TCPIncomingEventCallback (tcptransport.cc:938): [TCP INCOMING 117] EOF, lifetime=32993.32 ms
20260313-152112-5919 11418 ! TCPIncomingEventCallback (tcptransport.cc:938): [TCP INCOMING 118] EOF, lifetime=32991.35 ms
20260313-152112-7057 11418 ! TCPIncomingEventCallback (tcptransport.cc:938): [TCP INCOMING 119] EOF, lifetime=32989.16 ms
20260313-152112-7138 11418 ! TCPIncomingEventCallback (tcptransport.cc:938): [TCP INCOMING 120] EOF, lifetime=32990.81 ms
20260313-152112-7253 11418 ! TCPIncomingEventCallback (tcptransport.cc:938): [TCP INCOMING 121] EOF, lifetime=32996.43 ms
20260313-152112-7322 11418 ! TCPIncomingEventCallback (tcptransport.cc:938): [TCP INCOMING 122] EOF, lifetime=32989.28 ms
20260313-152112-7598 11418 ! TCPIncomingEventCallback (tcptransport.cc:938): [TCP INCOMING 124] EOF, lifetime=32986.30 ms
20260313-152112-7607 11418 ! TCPIncomingEventCallback (tcptransport.cc:938): [TCP INCOMING 123] EOF, lifetime=32995.42 ms
20260313-152119-2362 11418 * Cleanup         (server.cc:589):    Gracefully exiting after signal 15.
20260313-152119-2363 11418 * Stop            (tcptransport.cc:601): [TCP SUMMARY] outgoingCreated=58 outgoingClosed=0 incomingCreated=66 incomingClosed=8 outgoingPeak=96 incomingPeak=37
Inserted events:
  0x55f37992ed00 [fd  9] Read Persist Internal
  0x55f379936a60 [fd  10] Read Persist
  0x55f379941e70 [fd  11] Read Persist
  0x55f385f88da0 [fd  12] Read Persist
  0x55f385f88fc0 [fd  13] Read Persist
  0x55f385f891e0 [fd  14] Read Persist
  0x55f385f89400 [fd  15] Read Persist
  0x55f385f89620 [fd  16] Read Persist
  0x55f385f89840 [fd  17] Read Persist
  0x55f385f89a60 [fd  18] Read Persist
  0x55f385f89c80 [fd  19] Read Persist
  0x55f385f89ea0 [fd  20] Read Persist
  0x55f385f7a560 [fd  21] Read Persist
  0x55f385f85fe0 [fd  22] Read Persist
  0x55f385f843b0 [fd  23] Read Persist
  0x55f385f7ba00 [fd  24] Read Persist
  0x55f385f7bdc0 [fd  25] Read Persist
  0x55f385f848d0 [fd  26] Read Persist
  0x55f385f855c0 [fd  27] Read Persist
  0x55f385f7ace0 [fd  28] Read Persist
  0x55f385f7b080 [fd  29] Read Persist
  0x55f385f7b420 [fd  30] Read Persist
  0x55f385f81b40 [fd  31] Read Persist
  0x55f385f820a0 [fd  32] Read Persist
  0x55f385f82840 [fd  33] Read Persist
  0x55f385f82c60 [fd  34] Read Persist
  0x55f385f831c0 [fd  35] Read Persist
  0x55f385f8a0c0 [fd  36] Read Persist
  0x55f385f8a450 [fd  37] Read Persist
  0x55f385f8a9e0 [fd  38] Read Persist
  0x55f385f8af70 [fd  39] Read Persist
  0x55f385f8b500 [fd  40] Read Persist
  0x55f385f8ba90 [fd  41] Read Persist
  0x55f385f8c020 [fd  42] Read Persist
  0x55f385f8c5b0 [fd  43] Read Persist
  0x55f385f8cb40 [fd  44] Read Persist
  0x55f385f8d0d0 [fd  45] Read Persist
  0x55f385f8d660 [fd  46] Read Persist
  0x55f385f8dbf0 [fd  47] Read Persist
  0x55f385f8e180 [fd  48] Read Persist
  0x55f385f8e990 [fd  49] Read Persist
  0x55f385f8edb0 [fd  50] Read Persist
  0x55f385f8efd0 [fd  51] Read Persist
  0x55f385f8f280 [fd  52] Read Persist
  0x55f385f8f620 [fd  53] Read Persist
  0x55f385f8f9c0 [fd  54] Read Persist
  0x55f385f8fd60 [fd  55] Read Persist
  0x55f385f90100 [fd  56] Read Persist
  0x55f385f904a0 [fd  57] Read Persist
  0x55f385f90840 [fd  58] Read Persist
  0x55f385f90be0 [fd  59] Read Persist
  0x55f385f90f80 [fd  60] Read Persist
  0x55f385f91320 [fd  61] Read Persist
  0x55f385f916c0 [fd  62] Read Persist
  0x55f385f91a60 [fd  63] Read Persist
  0x55f385f91e30 [fd  64] Read Persist
  0x55f37993d920 [fd  65] Read Persist
  0x55f385f921a0 [fd  66] Read Persist
  0x55f385f923c0 [fd  67] Read Persist
  0x55f385f92700 [fd  68] Read Persist
  0x55f385f92a40 [fd  69] Read Persist
  0x55f385f92d80 [fd  70] Read Persist
  0x55f385f930c0 [fd  71] Read Persist
  0x55f385f934d0 [fd  72] Read Persist
  0x55f385f93950 [fd  73] Read Persist
  0x55f385f93df0 [fd  74] Read Persist
  0x55f385f94290 [fd  75] Read Persist
  0x55f385f94730 [fd  76] Read Persist
  0x55f385f94bd0 [fd  77] Read Persist
  0x55f385f95070 [fd  78] Read Persist
  0x55f385f955c0 [fd  79] Read Persist
  0x55f385f95a80 [fd  80] Read Persist
  0x55f385f95f40 [fd  81] Read Persist
  0x55f385f96400 [fd  82] Read Persist
  0x55f385f968c0 [fd  83] Read Persist
  0x55f385f96d80 [fd  84] Read Persist
  0x55f385f97240 [fd  85] Read Persist
  0x55f385f977d0 [fd  86] Read Persist
  0x55f385f97d60 [fd  87] Read Persist
  0x55f385f982f0 [fd  88] Read Persist
  0x55f385f98880 [fd  89] Read Persist
  0x55f385f98e10 [fd  90] Read Persist
  0x55f385f99e20 [fd  91] Read Persist
  0x55f385f9a3b0 [fd  92] Read Persist
  0x55f385f9a940 [fd  93] Read Persist
  0x55f385f9aed0 [fd  94] Read Persist
  0x55f385f9b460 [fd  95] Read Persist
  0x55f385f9b9f0 [fd  96] Read Persist
  0x55f385f9bf80 [fd  97] Read Persist
  0x55f385f9c510 [fd  98] Read Persist
  0x55f385f9caa0 [fd  99] Read Persist
  0x55f385f9d030 [fd  100] Read Persist
  0x55f385f9d5c0 [fd  101] Read Persist
  0x55f385f9db50 [fd  102] Read Persist
  0x55f385f9e0e0 [fd  103] Read Persist
  0x55f385f9e670 [fd  104] Read Persist
  0x55f385f9ec00 [fd  105] Read Persist
  0x55f385f9f190 [fd  106] Read Persist
  0x55f385f9f720 [fd  107] Read Persist
  0x55f385f9fb40 [fd  108] Read Persist
  0x55f385f9fd60 [fd  109] Read Persist
  0x55f385fa0010 [fd  110] Read Persist
  0x55f385fa03b0 [fd  111] Read Persist
  0x55f385fa0750 [fd  112] Read Persist
  0x55f385fa0af0 [fd  113] Read Persist
  0x55f385fa0e90 [fd  114] Read Persist
  0x55f385fa1230 [fd  115] Read Persist
  0x55f385fa15d0 [fd  116] Read Persist
  0x55f385fa1970 [fd  117] Read Persist
  0x55f385fa1d10 [fd  118] Read Persist
  0x55f385fa20b0 [fd  119] Read Persist
  0x55f385fa2450 [fd  120] Read Persist
  0x55f385fa27f0 [fd  121] Read Persist
  0x55f385fa2bc0 [fd  122] Read Persist
  0x55f385fa2f90 [fd  123] Read Persist
  0x55f385fa3360 [fd  124] Read Persist
  0x55f385fa3730 [fd  125] Read Persist
  0x55f385fa3b00 [fd  126] Read Persist
  0x55f385fa3f00 [fd  127] Read Persist
Active events:
20260313-152119-2382 11418 * Cleanup         (server.cc:593):    Exporting stats to /mnt/extra/experiments/2026-04-13-15-20-09/out/server-0-1-2-stats-0.json.
