20260313-064003-9878 22743 * main            (server.cc:217):    Starting server.
20260313-064003-9891 22743 * main            (server.cc:335):    Creating a default paritioner!
20260313-064005-8853 22743 * main            (server.cc:513):    Done loading server.
20260313-064104-9949 22743 ! TCPIncomingEventCallback (tcptransport.cc:942): [TCP INCOMING 117] EOF, lifetime=39167.00 ms
20260313-064105-1099 22743 ! TCPIncomingEventCallback (tcptransport.cc:942): [TCP INCOMING 118] EOF, lifetime=39170.35 ms
20260313-064105-1122 22743 ! TCPIncomingEventCallback (tcptransport.cc:942): [TCP INCOMING 119] EOF, lifetime=39163.98 ms
20260313-064105-1181 22743 ! TCPIncomingEventCallback (tcptransport.cc:942): [TCP INCOMING 121] EOF, lifetime=39157.92 ms
20260313-064105-1228 22743 ! TCPIncomingEventCallback (tcptransport.cc:942): [TCP INCOMING 122] EOF, lifetime=39161.59 ms
20260313-064105-1240 22743 ! TCPIncomingEventCallback (tcptransport.cc:942): [TCP INCOMING 120] EOF, lifetime=39165.78 ms
20260313-064105-1395 22743 ! TCPIncomingEventCallback (tcptransport.cc:942): [TCP INCOMING 123] EOF, lifetime=39167.38 ms
20260313-064105-1543 22743 ! TCPIncomingEventCallback (tcptransport.cc:942): [TCP INCOMING 124] EOF, lifetime=39170.39 ms
20260313-064111-6593 22743 * Cleanup         (server.cc:589):    Gracefully exiting after signal 15.
20260313-064111-6594 22743 * Stop            (tcptransport.cc:605): [TCP SUMMARY] outgoingCreated=58 outgoingClosed=0 incomingCreated=66 incomingClosed=8 outgoingPeak=114 incomingPeak=37
Inserted events:
  0x55d02e758d00 [fd  9] Read Persist Internal
  0x55d02e760a60 [fd  10] Read Persist
  0x55d02e76bcd0 [fd  11] Read Persist
  0x55d0370fb060 [fd  12] Read Persist
  0x55d0370f82a0 [fd  13] Read Persist
  0x55d0370f3310 [fd  14] Read Persist
  0x55d0370ec820 [fd  15] Read Persist
  0x55d0370ee190 [fd  16] Read Persist
  0x55d0370ebc10 [fd  17] Read Persist
  0x55d0370f7a10 [fd  18] Read Persist
  0x55d0370ebf80 [fd  19] Read Persist
  0x55d0370ec3c0 [fd  20] Read Persist
  0x55d037104900 [fd  21] Read Persist
  0x55d037104c40 [fd  22] Read Persist
  0x55d037104f80 [fd  23] Read Persist
  0x55d0371052c0 [fd  24] Read Persist
  0x55d037105600 [fd  25] Read Persist
  0x55d037105940 [fd  26] Read Persist
  0x55d037105c80 [fd  27] Read Persist
  0x55d037105fc0 [fd  28] Read Persist
  0x55d037106430 [fd  29] Read Persist
  0x55d037106770 [fd  30] Read Persist
  0x55d037106ab0 [fd  31] Read Persist
  0x55d037106df0 [fd  32] Read Persist
  0x55d037107340 [fd  33] Read Persist
  0x55d037107820 [fd  34] Read Persist
  0x55d037107ce0 [fd  35] Read Persist
  0x55d0371081a0 [fd  36] Read Persist
  0x55d037108660 [fd  37] Read Persist
  0x55d037108b20 [fd  38] Read Persist
  0x55d037108fe0 [fd  39] Read Persist
  0x55d0371094a0 [fd  40] Read Persist
  0x55d037109a30 [fd  41] Read Persist
  0x55d037109fc0 [fd  42] Read Persist
  0x55d03710a550 [fd  43] Read Persist
  0x55d03710aae0 [fd  44] Read Persist
  0x55d03710b070 [fd  45] Read Persist
  0x55d03710b600 [fd  46] Read Persist
  0x55d03710bb90 [fd  47] Read Persist
  0x55d03710c120 [fd  48] Read Persist
  0x55d03710c930 [fd  49] Read Persist
  0x55d03710cec0 [fd  50] Read Persist
  0x55d03710d450 [fd  51] Read Persist
  0x55d03710d9e0 [fd  52] Read Persist
  0x55d03710df70 [fd  53] Read Persist
  0x55d03710e500 [fd  54] Read Persist
  0x55d03710ea90 [fd  55] Read Persist
  0x55d03710f020 [fd  56] Read Persist
  0x55d03710f5b0 [fd  57] Read Persist
  0x55d03710fb40 [fd  58] Read Persist
  0x55d0371100d0 [fd  59] Read Persist
  0x55d037110660 [fd  60] Read Persist
  0x55d037110bf0 [fd  61] Read Persist
  0x55d037111180 [fd  62] Read Persist
  0x55d0371115a0 [fd  63] Read Persist
  0x55d0371117c0 [fd  64] Read Persist
  0x55d02e768620 [fd  65] Read Persist
  0x55d02e766a20 [fd  66] Read Persist
  0x55d02e767c00 [fd  67] Read Persist
  0x55d037111a70 [fd  68] Read Persist
  0x55d037111c90 [fd  69] Read Persist
  0x55d037111eb0 [fd  70] Read Persist
  0x55d037112160 [fd  71] Read Persist
  0x55d037112510 [fd  72] Read Persist
  0x55d037112980 [fd  73] Read Persist
  0x55d037112e20 [fd  74] Read Persist
  0x55d0371132c0 [fd  75] Read Persist
  0x55d037113760 [fd  76] Read Persist
  0x55d037113c00 [fd  77] Read Persist
  0x55d0371140a0 [fd  78] Read Persist
  0x55d037114540 [fd  79] Read Persist
  0x55d0371149e0 [fd  80] Read Persist
  0x55d037114e80 [fd  81] Read Persist
  0x55d037115320 [fd  82] Read Persist
  0x55d0371157c0 [fd  83] Read Persist
  0x55d037115c60 [fd  84] Read Persist
  0x55d037116100 [fd  85] Read Persist
  0x55d0371165a0 [fd  86] Read Persist
  0x55d037116a40 [fd  87] Read Persist
  0x55d037116ee0 [fd  88] Read Persist
  0x55d0371173e0 [fd  89] Read Persist
  0x55d037117850 [fd  90] Read Persist
  0x55d037118740 [fd  91] Read Persist
  0x55d037118bb0 [fd  92] Read Persist
  0x55d037119050 [fd  93] Read Persist
  0x55d0371194f0 [fd  94] Read Persist
  0x55d037119990 [fd  95] Read Persist
  0x55d037119e30 [fd  96] Read Persist
  0x55d03711a380 [fd  97] Read Persist
  0x55d03711a840 [fd  98] Read Persist
  0x55d03711ad00 [fd  99] Read Persist
  0x55d03711b1c0 [fd  100] Read Persist
  0x55d03711b680 [fd  101] Read Persist
  0x55d03711bb40 [fd  102] Read Persist
  0x55d03711c000 [fd  103] Read Persist
  0x55d03711c590 [fd  104] Read Persist
  0x55d03711cb20 [fd  105] Read Persist
  0x55d03711d0b0 [fd  106] Read Persist
  0x55d03711d640 [fd  107] Read Persist
  0x55d03711dbd0 [fd  108] Read Persist
  0x55d03711e160 [fd  109] Read Persist
  0x55d03711e6f0 [fd  110] Read Persist
  0x55d03711ec80 [fd  111] Read Persist
  0x55d03711f210 [fd  112] Read Persist
  0x55d03711f7a0 [fd  113] Read Persist
  0x55d03711fd30 [fd  114] Read Persist
  0x55d0371202c0 [fd  115] Read Persist
  0x55d037120850 [fd  116] Read Persist
  0x55d037120de0 [fd  117] Read Persist
  0x55d037121370 [fd  118] Read Persist
  0x55d037121900 [fd  119] Read Persist
  0x55d037121e90 [fd  120] Read Persist
  0x55d037122420 [fd  121] Read Persist
  0x55d0371229b0 [fd  122] Read Persist
  0x55d037122f40 [fd  123] Read Persist
  0x55d0371234d0 [fd  124] Read Persist
  0x55d037123a60 [fd  125] Read Persist
  0x55d037123e80 [fd  126] Read Persist
  0x55d0371240a0 [fd  127] Read Persist
  0x55d02e768890 [fd  -1] Timeout=1776084671.323095
Active events:
20260313-064111-6615 22743 * Cleanup         (server.cc:593):    Exporting stats to /mnt/extra/experiments/2026-04-13-06-39-55/out/server-0-9-2-stats-0.json.
