20260313-064003-6693 19278 * main            (server.cc:217):    Starting server.
20260313-064003-6702 19278 * main            (server.cc:335):    Creating a default paritioner!
20260313-064005-2829 19278 * main            (server.cc:513):    Done loading server.
20260313-064104-9946 19278 ! TCPIncomingEventCallback (tcptransport.cc:942): [TCP INCOMING 117] EOF, lifetime=39166.96 ms
20260313-064105-1096 19278 ! TCPIncomingEventCallback (tcptransport.cc:942): [TCP INCOMING 118] EOF, lifetime=39170.24 ms
20260313-064105-1119 19278 ! TCPIncomingEventCallback (tcptransport.cc:942): [TCP INCOMING 119] EOF, lifetime=39163.91 ms
20260313-064105-1178 19278 ! TCPIncomingEventCallback (tcptransport.cc:942): [TCP INCOMING 121] EOF, lifetime=39157.84 ms
20260313-064105-1224 19278 ! TCPIncomingEventCallback (tcptransport.cc:942): [TCP INCOMING 122] EOF, lifetime=39161.41 ms
20260313-064105-1237 19278 ! TCPIncomingEventCallback (tcptransport.cc:942): [TCP INCOMING 120] EOF, lifetime=39165.70 ms
20260313-064105-1392 19278 ! TCPIncomingEventCallback (tcptransport.cc:942): [TCP INCOMING 123] EOF, lifetime=39167.35 ms
20260313-064105-1540 19278 ! TCPIncomingEventCallback (tcptransport.cc:942): [TCP INCOMING 124] EOF, lifetime=39170.35 ms
20260313-064111-6487 19278 * Cleanup         (server.cc:589):    Gracefully exiting after signal 15.
20260313-064111-6487 19278 * Stop            (tcptransport.cc:605): [TCP SUMMARY] outgoingCreated=58 outgoingClosed=0 incomingCreated=66 incomingClosed=8 outgoingPeak=94 incomingPeak=37
Inserted events:
  0x55daab796d00 [fd  9] Read Persist Internal
  0x55daab79ea60 [fd  10] Read Persist
  0x55daab7a9cd0 [fd  11] Read Persist
  0x55dab4139060 [fd  12] Read Persist
  0x55dab41362a0 [fd  13] Read Persist
  0x55dab4131310 [fd  14] Read Persist
  0x55dab412a820 [fd  15] Read Persist
  0x55dab412c190 [fd  16] Read Persist
  0x55dab4129c10 [fd  17] Read Persist
  0x55dab4135a10 [fd  18] Read Persist
  0x55dab4129f80 [fd  19] Read Persist
  0x55dab412a3c0 [fd  20] Read Persist
  0x55dab4142900 [fd  21] Read Persist
  0x55dab4142c40 [fd  22] Read Persist
  0x55dab4142f80 [fd  23] Read Persist
  0x55dab41432c0 [fd  24] Read Persist
  0x55dab4143600 [fd  25] Read Persist
  0x55dab4143940 [fd  26] Read Persist
  0x55dab4143c80 [fd  27] Read Persist
  0x55dab4143fc0 [fd  28] Read Persist
  0x55dab4144430 [fd  29] Read Persist
  0x55dab4144770 [fd  30] Read Persist
  0x55dab4144b90 [fd  31] Read Persist
  0x55dab4145120 [fd  32] Read Persist
  0x55dab41458c0 [fd  33] Read Persist
  0x55dab4145e50 [fd  34] Read Persist
  0x55dab41463e0 [fd  35] Read Persist
  0x55dab4146970 [fd  36] Read Persist
  0x55dab4146f00 [fd  37] Read Persist
  0x55dab4147490 [fd  38] Read Persist
  0x55dab4147a20 [fd  39] Read Persist
  0x55dab4147fb0 [fd  40] Read Persist
  0x55dab4148540 [fd  41] Read Persist
  0x55dab4148ad0 [fd  42] Read Persist
  0x55dab4149060 [fd  43] Read Persist
  0x55dab41495f0 [fd  44] Read Persist
  0x55dab4149b80 [fd  45] Read Persist
  0x55dab414a110 [fd  46] Read Persist
  0x55dab414a6a0 [fd  47] Read Persist
  0x55dab414ac30 [fd  48] Read Persist
  0x55dab414b440 [fd  49] Read Persist
  0x55dab414b9d0 [fd  50] Read Persist
  0x55dab414bf60 [fd  51] Read Persist
  0x55dab414c4f0 [fd  52] Read Persist
  0x55dab414ca80 [fd  53] Read Persist
  0x55dab414cea0 [fd  54] Read Persist
  0x55dab414d0c0 [fd  55] Read Persist
  0x55dab414d370 [fd  56] Read Persist
  0x55dab414d680 [fd  57] Read Persist
  0x55dab414da20 [fd  58] Read Persist
  0x55dab414ddc0 [fd  59] Read Persist
  0x55dab414e160 [fd  60] Read Persist
  0x55dab414e500 [fd  61] Read Persist
  0x55dab414e8a0 [fd  62] Read Persist
  0x55dab414ec40 [fd  63] Read Persist
  0x55dab414efe0 [fd  64] Read Persist
  0x55daab7a6620 [fd  65] Read Persist
  0x55daab7a5960 [fd  66] Read Persist
  0x55dab414f320 [fd  67] Read Persist
  0x55dab414f540 [fd  68] Read Persist
  0x55dab414f760 [fd  69] Read Persist
  0x55dab414fb40 [fd  70] Read Persist
  0x55dab4150010 [fd  71] Read Persist
  0x55dab41504a0 [fd  72] Read Persist
  0x55dab4150910 [fd  73] Read Persist
  0x55dab4150db0 [fd  74] Read Persist
  0x55dab4151250 [fd  75] Read Persist
  0x55dab41516f0 [fd  76] Read Persist
  0x55dab4151c40 [fd  77] Read Persist
  0x55dab4152100 [fd  78] Read Persist
  0x55dab41525c0 [fd  79] Read Persist
  0x55dab4152a80 [fd  80] Read Persist
  0x55dab4152f40 [fd  81] Read Persist
  0x55dab4153400 [fd  82] Read Persist
  0x55dab41538c0 [fd  83] Read Persist
  0x55dab4153e50 [fd  84] Read Persist
  0x55dab41543e0 [fd  85] Read Persist
  0x55dab4154970 [fd  86] Read Persist
  0x55dab4154f00 [fd  87] Read Persist
  0x55dab4155490 [fd  88] Read Persist
  0x55dab4155a20 [fd  89] Read Persist
  0x55dab4155fb0 [fd  90] Read Persist
  0x55dab4156fc0 [fd  91] Read Persist
  0x55dab4157550 [fd  92] Read Persist
  0x55dab4157ae0 [fd  93] Read Persist
  0x55dab4158070 [fd  94] Read Persist
  0x55dab4158600 [fd  95] Read Persist
  0x55dab4158b90 [fd  96] Read Persist
  0x55dab4159120 [fd  97] Read Persist
  0x55dab41596b0 [fd  98] Read Persist
  0x55dab4159c40 [fd  99] Read Persist
  0x55dab415a1d0 [fd  100] Read Persist
  0x55dab415a760 [fd  101] Read Persist
  0x55dab415acf0 [fd  102] Read Persist
  0x55dab415b280 [fd  103] Read Persist
  0x55dab415b810 [fd  104] Read Persist
  0x55dab415bda0 [fd  105] Read Persist
  0x55dab415c1c0 [fd  106] Read Persist
  0x55dab415c3e0 [fd  107] Read Persist
  0x55dab415c690 [fd  108] Read Persist
  0x55dab415ca30 [fd  109] Read Persist
  0x55dab415cdd0 [fd  110] Read Persist
  0x55dab415d170 [fd  111] Read Persist
  0x55dab415d510 [fd  112] Read Persist
  0x55dab415d8b0 [fd  113] Read Persist
  0x55dab415dc50 [fd  114] Read Persist
  0x55dab415dff0 [fd  115] Read Persist
  0x55dab415e390 [fd  116] Read Persist
  0x55dab415e730 [fd  117] Read Persist
  0x55dab415ead0 [fd  118] Read Persist
  0x55dab415ee70 [fd  119] Read Persist
  0x55dab415f1b0 [fd  120] Read Persist
  0x55dab415f580 [fd  121] Read Persist
  0x55dab415f950 [fd  122] Read Persist
  0x55dab415fd20 [fd  123] Read Persist
  0x55dab41600f0 [fd  124] Read Persist
  0x55dab41604f0 [fd  125] Read Persist
  0x55dab41608f0 [fd  126] Read Persist
  0x55dab4160cf0 [fd  127] Read Persist
  0x55dab4161360 [fd  -1] Timeout=1776084671.322923
Active events:
20260313-064111-6508 19278 * Cleanup         (server.cc:593):    Exporting stats to /mnt/extra/experiments/2026-04-13-06-39-55/out/server-0-9-1-stats-0.json.
