20260216-154318-4386 21224 * main            (benchmark.cc:402): Starting benchmark.
20260216-154320-7789 21224 * main            (benchmark.cc:621): Creating a default paritioner!
20260216-154320-7792 21224 * Client          (client.cc:75):     Initializing StrongStore client with id [40]
20260216-154320-7792 21224 * BenchmarkClient (bench_client.cc:81): starting benchclient, issueConcurrent: 0; fanout: 1
Session created: 0
last_service: , current_state: 0
Session continued: 0
last_service: , current_state: 0
Session destroyed: 18446744073709551615
last_service: , current_state: 0
20260216-154325-9739 21224 * WarmupDone      (bench_client.cc:726): Completed warmup period of 5 seconds with 2126 requests
20260216-154356-9761 21224 * Finish          (bench_client.cc:920): Completed 13205 requests in 31.002878 seconds
20260216-154356-9762 21224 * Finish          (bench_client.cc:921): 1 outstanding transactions.
Session continued: 0
last_service: , current_state: 0
Session destroyed: 18446744073709551615
last_service: , current_state: 0
Session continued: 0
last_service: , current_state: 0
Session destroyed: 18446744073709551615
last_service: , current_state: 0
Session destroyed: 0
last_service: , current_state: 0
20260216-154359-9742 21224 * FlushStats      (benchmark.cc:890): Flushing stats to /mnt/extra/experiments/2026-03-16-15-42-54/out/client-0-0-40-stats-0.json.
20260216-154359-9744 21224 * FlushStats      (benchmark.cc:902): All done!
20260216-154401-9764 21224 * Cleanup         (bench_client.cc:748): Aborting 0 outstanding transactions.
20260216-154401-9765 21224 * CooldownDone    (bench_client.cc:778): Finished cooldown period.
20260216-154401-9985 21224 * CooldownDone    (bench_client.cc:785): Median latency is 2284126 ns (2284 us)
20260216-154401-9987 21224 * CooldownDone    (bench_client.cc:794): Average latency is 2305060 ns (2305 us)
20260216-154401-9987 21224 * CooldownDone    (bench_client.cc:798): 90th percentile latency is 2722948 ns (2722 us)
20260216-154401-9987 21224 * CooldownDone    (bench_client.cc:802): 95th percentile latency is 2866314 ns (2866 us)
20260216-154401-9987 21224 * CooldownDone    (bench_client.cc:806): 99th percentile latency is 3174467 ns (3174 us)
20260216-154401-9988 21224 * LATENCY total: 780 us 2305 us/2097 us 142 ms (13206 samples, 30 s total)
20260216-154401-9988 21224 *     524 us |          7 | 
20260216-154401-9988 21224 *    1048 us |       3280 | ================
20260216-154401-9988 21224 *    2097 us |       9908 | ==================================================
20260216-154401-9988 21224 *    4194 us |          7 | 
20260216-154401-9988 21224 *    8388 us |          1 | 
20260216-154401-9988 21224 *      16 ms |          1 | 
20260216-154401-9989 21224 *      33 ms |          0 |
20260216-154401-9989 21224 *      67 ms |          1 | 
20260216-154401-9989 21224 *     134 ms |          1 | 
20260216-154402-0440 21224 * Stop            (tcptransport.cc:581): [TCP SUMMARY] outgoingCreated=1 outgoingClosed=0 incomingCreated=0 incomingClosed=0 outgoingPeak=1 incomingPeak=0
Inserted events:
  0x55b27df20f60 [fd  7] Read Persist Internal
  0x55b27df37510 [fd  9] Read Persist
Active events:
20260216-154402-0443 21224 * main            (benchmark.cc:849): Cleaning up after experiment.
20260216-154402-0443 21224 * FlushStats      (benchmark.cc:890): Flushing stats to /mnt/extra/experiments/2026-03-16-15-42-54/out/client-0-0-40-stats-0.json.
20260216-154402-0444 21224 * FlushStats      (benchmark.cc:902): All done!
