20260216-154318-4274 21217 * main            (benchmark.cc:402): Starting benchmark.
20260216-154320-7842 21217 * main            (benchmark.cc:621): Creating a default paritioner!
20260216-154320-7844 21217 * Client          (client.cc:75):     Initializing StrongStore client with id [36]
20260216-154320-7845 21217 * BenchmarkClient (bench_client.cc:81): starting benchclient, issueConcurrent: 0; fanout: 1
Session created: 0
last_service: , current_state: 0
Session continued: 0
last_service: , current_state: 0
Session destroyed: 18446744073709551615
last_service: , current_state: 0
20260216-154325-9775 21217 * WarmupDone      (bench_client.cc:726): Completed warmup period of 5 seconds with 2150 requests
20260216-154356-9778 21217 * Finish          (bench_client.cc:920): Completed 13121 requests in 31.003289 seconds
20260216-154356-9779 21217 * Finish          (bench_client.cc:921): 1 outstanding transactions.
Session continued: 0
last_service: , current_state: 0
Session destroyed: 18446744073709551615
last_service: , current_state: 0
Session continued: 0
last_service: , current_state: 0
Session destroyed: 18446744073709551615
last_service: , current_state: 0
Session destroyed: 0
last_service: , current_state: 0
20260216-154359-9777 21217 * FlushStats      (benchmark.cc:890): Flushing stats to /mnt/extra/experiments/2026-03-16-15-42-54/out/client-0-0-36-stats-0.json.
20260216-154359-9779 21217 * FlushStats      (benchmark.cc:902): All done!
20260216-154401-9900 21217 * Cleanup         (bench_client.cc:748): Aborting 0 outstanding transactions.
20260216-154401-9901 21217 * CooldownDone    (bench_client.cc:778): Finished cooldown period.
20260216-154401-9943 21217 * CooldownDone    (bench_client.cc:785): Median latency is 2300450 ns (2300 us)
20260216-154401-9945 21217 * CooldownDone    (bench_client.cc:794): Average latency is 2319343 ns (2319 us)
20260216-154401-9945 21217 * CooldownDone    (bench_client.cc:798): 90th percentile latency is 2717019 ns (2717 us)
20260216-154401-9945 21217 * CooldownDone    (bench_client.cc:802): 95th percentile latency is 2854406 ns (2854 us)
20260216-154401-9945 21217 * CooldownDone    (bench_client.cc:806): 99th percentile latency is 3103796 ns (3103 us)
20260216-154401-9945 21217 * LATENCY total: 888 us 2319 us/2097 us 142 ms (13122 samples, 30 s total)
20260216-154401-9946 21217 *     524 us |          2 | 
20260216-154401-9946 21217 *    1048 us |       3013 | ==============
20260216-154401-9946 21217 *    2097 us |      10093 | ==================================================
20260216-154401-9946 21217 *    4194 us |         11 | 
20260216-154401-9946 21217 *    8388 us |          0 |
20260216-154401-9946 21217 *      16 ms |          1 | 
20260216-154401-9946 21217 *      33 ms |          0 |
20260216-154401-9947 21217 *      67 ms |          1 | 
20260216-154401-9947 21217 *     134 ms |          1 | 
20260216-154402-0226 21217 * Stop            (tcptransport.cc:581): [TCP SUMMARY] outgoingCreated=1 outgoingClosed=0 incomingCreated=0 incomingClosed=0 outgoingPeak=1 incomingPeak=0
Inserted events:
  0x5622e9837f60 [fd  7] Read Persist Internal
  0x5622e984e510 [fd  9] Read Persist
Active events:
20260216-154402-0226 21217 * main            (benchmark.cc:849): Cleaning up after experiment.
20260216-154402-0226 21217 * FlushStats      (benchmark.cc:890): Flushing stats to /mnt/extra/experiments/2026-03-16-15-42-54/out/client-0-0-36-stats-0.json.
20260216-154402-0228 21217 * FlushStats      (benchmark.cc:902): All done!
