20260313-150840-4054 14327 * main            (server.cc:217):    Starting server.
20260313-150840-4067 14327 * main            (server.cc:335):    Creating a default paritioner!
20260313-150842-3360 14327 * main            (server.cc:513):    Done loading server.
20260313-150933-7494 14327 ! TCPIncomingEventCallback (tcptransport.cc:938): [TCP INCOMING 117] EOF, lifetime=30932.59 ms
20260313-150933-7559 14327 ! TCPIncomingEventCallback (tcptransport.cc:938): [TCP INCOMING 118] EOF, lifetime=30933.49 ms
20260313-150933-7892 14327 ! TCPIncomingEventCallback (tcptransport.cc:938): [TCP INCOMING 119] EOF, lifetime=30928.63 ms
20260313-150933-9185 14327 ! TCPIncomingEventCallback (tcptransport.cc:938): [TCP INCOMING 120] EOF, lifetime=30937.06 ms
20260313-150933-9355 14327 ! TCPIncomingEventCallback (tcptransport.cc:938): [TCP INCOMING 121] EOF, lifetime=30938.41 ms
20260313-150933-9563 14327 ! TCPIncomingEventCallback (tcptransport.cc:938): [TCP INCOMING 123] EOF, lifetime=30925.52 ms
20260313-150933-9605 14327 ! TCPIncomingEventCallback (tcptransport.cc:938): [TCP INCOMING 124] EOF, lifetime=30921.08 ms
20260313-150933-9659 14327 ! TCPIncomingEventCallback (tcptransport.cc:938): [TCP INCOMING 122] EOF, lifetime=30941.94 ms
20260313-150940-4923 14327 * Cleanup         (server.cc:589):    Gracefully exiting after signal 15.
20260313-150940-4924 14327 * Stop            (tcptransport.cc:601): [TCP SUMMARY] outgoingCreated=59 outgoingClosed=0 incomingCreated=67 incomingClosed=8 outgoingPeak=125 incomingPeak=37
Inserted events:
  0x56347749dd00 [fd  9] Read Persist Internal
  0x5634774a5a60 [fd  10] Read Persist
  0x5634774b0e70 [fd  11] Read Persist
  0x563483b5aac0 [fd  12] Read Persist
  0x563483b5ace0 [fd  13] Read Persist
  0x563483b5af00 [fd  14] Read Persist
  0x563483b52d70 [fd  15] Read Persist
  0x563483b57d00 [fd  16] Read Persist
  0x563483b4c520 [fd  17] Read Persist
  0x563483b560d0 [fd  18] Read Persist
  0x563483b4dae0 [fd  19] Read Persist
  0x563483b565f0 [fd  20] Read Persist
  0x563483b572e0 [fd  21] Read Persist
  0x563483b4b610 [fd  22] Read Persist
  0x563483b4bb20 [fd  23] Read Persist
  0x563483b4c080 [fd  24] Read Persist
  0x563483b4cb50 [fd  25] Read Persist
  0x563483b4d0e0 [fd  26] Read Persist
  0x563483b4d670 [fd  27] Read Persist
  0x563483b53570 [fd  28] Read Persist
  0x563483b53c30 [fd  29] Read Persist
  0x563483b541c0 [fd  30] Read Persist
  0x563483b54750 [fd  31] Read Persist
  0x563483b54ce0 [fd  32] Read Persist
  0x563483b5b120 [fd  33] Read Persist
  0x563483b5b4f0 [fd  34] Read Persist
  0x563483b5ba80 [fd  35] Read Persist
  0x563483b5c010 [fd  36] Read Persist
  0x563483b5c5a0 [fd  37] Read Persist
  0x563483b5cb30 [fd  38] Read Persist
  0x563483b5d0c0 [fd  39] Read Persist
  0x563483b5d650 [fd  40] Read Persist
  0x563483b5dbe0 [fd  41] Read Persist
  0x563483b5e170 [fd  42] Read Persist
  0x563483b5e700 [fd  43] Read Persist
  0x563483b5eb20 [fd  44] Read Persist
  0x563483b5ed40 [fd  45] Read Persist
  0x563483b5eff0 [fd  46] Read Persist
  0x563483b5f390 [fd  47] Read Persist
  0x563483b5f730 [fd  48] Read Persist
  0x563483b5fd50 [fd  49] Read Persist
  0x563483b600f0 [fd  50] Read Persist
  0x563483b60490 [fd  51] Read Persist
  0x563483b60830 [fd  52] Read Persist
  0x563483b60bd0 [fd  53] Read Persist
  0x563483b60f70 [fd  54] Read Persist
  0x563483b61310 [fd  55] Read Persist
  0x563483b616b0 [fd  56] Read Persist
  0x563483b61a50 [fd  57] Read Persist
  0x563483b61e20 [fd  58] Read Persist
  0x563483b621f0 [fd  59] Read Persist
  0x563483b625c0 [fd  60] Read Persist
  0x563483b62990 [fd  61] Read Persist
  0x563483b62d60 [fd  62] Read Persist
  0x563483b63160 [fd  63] Read Persist
  0x563483b63560 [fd  64] Read Persist
  0x5634774ad5b0 [fd  65] Read Persist
  0x563483b63d70 [fd  66] Read Persist
  0x563483b640b0 [fd  67] Read Persist
  0x563483b643f0 [fd  68] Read Persist
  0x563483b64730 [fd  69] Read Persist
  0x563483b64a70 [fd  70] Read Persist
  0x563483b64db0 [fd  71] Read Persist
  0x563483b650f0 [fd  72] Read Persist
  0x563483b655b0 [fd  73] Read Persist
  0x563483b65a50 [fd  74] Read Persist
  0x563483b65f10 [fd  75] Read Persist
  0x563483b663d0 [fd  76] Read Persist
  0x563483b66890 [fd  77] Read Persist
  0x563483b66d50 [fd  78] Read Persist
  0x563483b67210 [fd  79] Read Persist
  0x563483b677a0 [fd  80] Read Persist
  0x563483b67d30 [fd  81] Read Persist
  0x563483b682c0 [fd  82] Read Persist
  0x563483b68850 [fd  83] Read Persist
  0x563483b68de0 [fd  84] Read Persist
  0x563483b69370 [fd  85] Read Persist
  0x563483b69900 [fd  86] Read Persist
  0x563483b69e90 [fd  87] Read Persist
  0x563483b6a420 [fd  88] Read Persist
  0x563483b6a9b0 [fd  89] Read Persist
  0x563483b6af40 [fd  90] Read Persist
  0x563483b6bf50 [fd  91] Read Persist
  0x563483b6c4e0 [fd  92] Read Persist
  0x563483b6ca70 [fd  93] Read Persist
  0x563483b6d000 [fd  94] Read Persist
  0x563483b6d590 [fd  95] Read Persist
  0x563483b6db20 [fd  96] Read Persist
  0x563483b6e0b0 [fd  97] Read Persist
  0x563483b6e640 [fd  98] Read Persist
  0x563483b6ebd0 [fd  99] Read Persist
  0x563483b6f160 [fd  100] Read Persist
  0x563483b6f6f0 [fd  101] Read Persist
  0x563483b6fb10 [fd  102] Read Persist
  0x563483b6fd30 [fd  103] Read Persist
  0x563483b6ffe0 [fd  104] Read Persist
  0x563483b70380 [fd  105] Read Persist
  0x563483b70720 [fd  106] Read Persist
  0x563483b70ac0 [fd  107] Read Persist
  0x563483b70e60 [fd  108] Read Persist
  0x563483b71200 [fd  109] Read Persist
  0x563483b715a0 [fd  110] Read Persist
  0x563483b71940 [fd  111] Read Persist
  0x563483b71ce0 [fd  112] Read Persist
  0x563483b72080 [fd  113] Read Persist
  0x563483b72420 [fd  114] Read Persist
  0x563483b727c0 [fd  115] Read Persist
  0x563483b72b90 [fd  116] Read Persist
  0x563483b72f60 [fd  117] Read Persist
  0x563483b73330 [fd  118] Read Persist
  0x563483b73700 [fd  119] Read Persist
  0x563483b73ad0 [fd  120] Read Persist
  0x563483b73ed0 [fd  121] Read Persist
  0x563483b742d0 [fd  122] Read Persist
  0x563483b746d0 [fd  123] Read Persist
  0x563483b74ad0 [fd  124] Read Persist
  0x563483b74ed0 [fd  125] Read Persist
  0x563483b752d0 [fd  126] Read Persist
  0x563483b756d0 [fd  127] Read Persist
  0x563483b95400 [fd  136] Read Persist
  0x563483b957e0 [fd  137] Read Persist
Active events:
20260313-150940-4944 14327 * Cleanup         (server.cc:593):    Exporting stats to /mnt/extra/experiments/2026-04-13-15-08-32/out/server-0-8-1-stats-0.json.
20260313-150940-4946 14327 * Close           (replica.cc:815):   [1] ReadStatsSummary clean=98 dirty=0 total=98
20260313-150940-4946 14327 * Close           (replica.cc:820):   [1] ReadStatsClient client=33 clean=98 dirty=0
