20260216-213457-0591 05797 * main            (benchmark.cc:402): Starting benchmark.
20260216-213458-8845 05797 * main            (benchmark.cc:621): Creating a default paritioner!
20260216-213458-8847 05797 * Client          (client.cc:75):     Initializing StrongStore client with id [32]
20260216-213458-8847 05797 * BenchmarkClient (bench_client.cc:81): starting benchclient, issueConcurrent: 0; fanout: 1
Session created: 0
last_service: , current_state: 0
Session continued: 0
last_service: , current_state: 0
Session destroyed: 18446744073709551615
last_service: , current_state: 0
20260216-213504-0885 05797 * WarmupDone      (bench_client.cc:739): Completed warmup period of 5 seconds with 3033 requests
20260216-213535-0890 05797 * Finish          (bench_client.cc:933): Completed 18830 requests in 31.000931 seconds
20260216-213535-0890 05797 * Finish          (bench_client.cc:934): 1 outstanding transactions.
Session continued: 0
last_service: , current_state: 0
Session destroyed: 18446744073709551615
last_service: , current_state: 0
Session continued: 0
last_service: , current_state: 0
Session destroyed: 18446744073709551615
last_service: , current_state: 0
Session destroyed: 0
last_service: , current_state: 0
20260216-213538-0887 05797 * FlushStats      (benchmark.cc:890): Flushing stats to /mnt/extra/experiments/2026-03-16-21-34-33/out/client-0-0-32-stats-0.json.
20260216-213538-0889 05797 * FlushStats      (benchmark.cc:902): All done!
20260216-213540-0958 05797 * Cleanup         (bench_client.cc:761): Aborting 0 outstanding transactions.
20260216-213540-0958 05797 * CooldownDone    (bench_client.cc:791): Finished cooldown period.
20260216-213540-1044 05797 * CooldownDone    (bench_client.cc:798): Median latency is 1598657 ns (1598 us)
20260216-213540-1046 05797 * CooldownDone    (bench_client.cc:807): Average latency is 1604809 ns (1604 us)
20260216-213540-1046 05797 * CooldownDone    (bench_client.cc:811): 90th percentile latency is 1935535 ns (1935 us)
20260216-213540-1047 05797 * CooldownDone    (bench_client.cc:815): 95th percentile latency is 2030711 ns (2030 us)
20260216-213540-1047 05797 * CooldownDone    (bench_client.cc:819): 99th percentile latency is 2234889 ns (2234 us)
20260216-213540-1047 05797 * LATENCY total: 513 us 1604 us/1048 us 8452 us (18831 samples, 30 s total)
20260216-213540-1047 05797 *     262 us |          1 | 
20260216-213540-1047 05797 *     524 us |        197 | 
20260216-213540-1047 05797 *    1048 us |      18077 | ==================================================
20260216-213540-1047 05797 *    2097 us |        549 | =
20260216-213540-1048 05797 *    4194 us |          6 | 
20260216-213540-1048 05797 *    8388 us |          1 | 
20260216-213540-1533 05797 * Stop            (tcptransport.cc:581): [TCP SUMMARY] outgoingCreated=1 outgoingClosed=0 incomingCreated=0 incomingClosed=0 outgoingPeak=1 incomingPeak=0
Inserted events:
  0x564ec2a40f60 [fd  7] Read Persist Internal
  0x564ec2a57510 [fd  9] Read Persist
Active events:
20260216-213540-1533 05797 * main            (benchmark.cc:849): Cleaning up after experiment.
20260216-213540-1533 05797 * FlushStats      (benchmark.cc:890): Flushing stats to /mnt/extra/experiments/2026-03-16-21-34-33/out/client-0-0-32-stats-0.json.
20260216-213540-1535 05797 * FlushStats      (benchmark.cc:902): All done!
