20250816-145900-3965 17680 * main            (benchmark.cc:390): Starting benchmark.
Session created: 0
last_service: , current_state: 0
Session continued: 0
last_service: , current_state: 0
Session destroyed: 18446744073709551615
last_service: , current_state: 0
20250816-145911-2898 17680 * WarmupDone      (bench_client.cc:545): Completed warmup period of 10 seconds with 5528 requests
20250816-145927-2901 17680 * Finish          (bench_client.cc:732): Completed 8578 requests in 16.002060 seconds
20250816-145927-2901 17680 * Finish          (bench_client.cc:733): 1 outstanding transactions.
Session continued: 0
last_service: spanner-2-1804289383, current_state: 2
Session destroyed: 18446744073709551615
last_service: , current_state: 0
Session continued: 0
last_service: spanner-2-1804289383, current_state: 2
Session destroyed: 18446744073709551615
last_service: , current_state: 0
Session destroyed: 0
last_service: spanner-2-1804289383, current_state: 2
20250816-145935-2901 17680 * FlushStats      (benchmark.cc:819): Flushing stats to /mnt/extra/experiments/2025-09-16-14-58-36/out/client-1-0-2-stats-0.json.
20250816-145937-2972 17680 * Cleanup         (bench_client.cc:567): Aborting 0 outstanding transactions.
20250816-145937-2973 17680 * CooldownDone    (bench_client.cc:597): Finished cooldown period.
20250816-145937-3058 17680 * CooldownDone    (bench_client.cc:604): Median latency is 1869903 ns (1869 us)
20250816-145937-3062 17680 * CooldownDone    (bench_client.cc:613): Average latency is 1819731 ns (1819 us)
20250816-145937-3063 17680 * CooldownDone    (bench_client.cc:617): 90th percentile latency is 3412805 ns (3412 us)
20250816-145937-3063 17680 * CooldownDone    (bench_client.cc:621): 95th percentile latency is 3745459 ns (3745 us)
20250816-145937-3064 17680 * CooldownDone    (bench_client.cc:625): 99th percentile latency is 4680138 ns (4680 us)
20250816-145937-3064 17680 * LATENCY total: 234 us 1819 us/1048 us 34 ms (8579 samples, 15 s total)
20250816-145937-3065 17680 *     131 us |         24 | 
20250816-145937-3065 17680 *     262 us |       1919 | ========================
20250816-145937-3066 17680 *     524 us |       2196 | ===========================
20250816-145937-3066 17680 *    1048 us |        301 | ===
20250816-145937-3066 17680 *    2097 us |       3962 | ==================================================
20250816-145937-3067 17680 *    4194 us |        161 | ==
20250816-145937-3067 17680 *    8388 us |          7 | 
20250816-145937-3068 17680 *      16 ms |          8 | 
20250816-145937-3068 17680 *      33 ms |          1 | 
Inserted events:
  0x55c6b4e93170 [fd  7] Read Persist Internal
  0x55c6b4eb2180 [fd  9] Read Persist
  0x55c6b4eb2b80 [fd  10] Read Persist
  0x55c6b4eb2f30 [fd  11] Read Persist
  0x55c6b4eb3460 [fd  12] Read Persist
  0x55c6b4eb4150 [fd  13] Read Persist
  0x55c6b4eb46c0 [fd  14] Read Persist
  0x55c6b4eb5100 [fd  15] Read Persist
  0x55c6b4eb6170 [fd  16] Read Persist
Active events:
20250816-145937-3074 17680 * main            (benchmark.cc:779): Cleaning up after experiment.
20250816-145937-3075 17680 * FlushStats      (benchmark.cc:819): Flushing stats to /mnt/extra/experiments/2025-09-16-14-58-36/out/client-1-0-2-stats-0.json.
