20260216-105907-9941 29202 * main            (benchmark.cc:402): Starting benchmark.
20260216-105909-1884 29202 * main            (benchmark.cc:621): Creating a default paritioner!
20260216-105909-1886 29202 * Client          (client.cc:75):     Initializing StrongStore client with id [19]
20260216-105909-1887 29202 * BenchmarkClient (bench_client.cc:81): starting benchclient, issueConcurrent: 1; fanout: 1
Session created: 0
last_service: , current_state: 0
Session continued: 0
last_service: , current_state: 0
Session destroyed: 18446744073709551615
last_service: , current_state: 0
20260216-105914-2876 29202 * WarmupDone      (bench_client.cc:726): Completed warmup period of 5 seconds with 2732 requests
20260216-105925-2880 29202 * Finish          (bench_client.cc:920): Completed 6165 requests in 11.000295 seconds
20260216-105925-2881 29202 * Finish          (bench_client.cc:921): 1 outstanding transactions.
Session continued: 0
last_service: , current_state: 0
Session destroyed: 18446744073709551615
last_service: , current_state: 0
Session continued: 0
last_service: , current_state: 0
Session destroyed: 18446744073709551615
last_service: , current_state: 0
Session destroyed: 0
last_service: , current_state: 0
20260216-105928-2878 29202 * FlushStats      (benchmark.cc:890): Flushing stats to /mnt/extra/experiments/2026-03-16-10-58-44/out/client-0-0-19-stats-0.json.
20260216-105928-2880 29202 * FlushStats      (benchmark.cc:902): All done!
20260216-105930-2882 29202 * Cleanup         (bench_client.cc:748): Aborting 0 outstanding transactions.
20260216-105930-2883 29202 * CooldownDone    (bench_client.cc:778): Finished cooldown period.
20260216-105930-2923 29202 * CooldownDone    (bench_client.cc:785): Median latency is 1734211 ns (1734 us)
20260216-105930-2925 29202 * CooldownDone    (bench_client.cc:794): Average latency is 1739636 ns (1739 us)
20260216-105930-2925 29202 * CooldownDone    (bench_client.cc:798): 90th percentile latency is 2002473 ns (2002 us)
20260216-105930-2926 29202 * CooldownDone    (bench_client.cc:802): 95th percentile latency is 2083024 ns (2083 us)
20260216-105930-2926 29202 * CooldownDone    (bench_client.cc:806): 99th percentile latency is 2301462 ns (2301 us)
20260216-105930-2926 29202 * LATENCY total: 841 us 1739 us/1048 us 54 ms (6166 samples, 10 s total)
20260216-105930-2927 29202 *     524 us |         56 | 
20260216-105930-2927 29202 *    1048 us |       5832 | ==================================================
20260216-105930-2927 29202 *    2097 us |        274 | ==
20260216-105930-2927 29202 *    4194 us |          2 | 
20260216-105930-2928 29202 *    8388 us |          0 |
20260216-105930-2928 29202 *      16 ms |          1 | 
20260216-105930-2928 29202 *      33 ms |          1 | 
20260216-105930-3084 29202 * Stop            (tcptransport.cc:581): [TCP SUMMARY] outgoingCreated=1 outgoingClosed=0 incomingCreated=0 incomingClosed=0 outgoingPeak=1 incomingPeak=0
Inserted events:
  0x55b8384eef60 [fd  7] Read Persist Internal
  0x55b838505510 [fd  9] Read Persist
Active events:
20260216-105930-3085 29202 * main            (benchmark.cc:849): Cleaning up after experiment.
20260216-105930-3085 29202 * FlushStats      (benchmark.cc:890): Flushing stats to /mnt/extra/experiments/2026-03-16-10-58-44/out/client-0-0-19-stats-0.json.
20260216-105930-3086 29202 * FlushStats      (benchmark.cc:902): All done!
