20260216-105908-0078 29226 * main            (benchmark.cc:402): Starting benchmark.
20260216-105909-1678 29226 * main            (benchmark.cc:621): Creating a default paritioner!
20260216-105909-1680 29226 * Client          (client.cc:75):     Initializing StrongStore client with id [31]
20260216-105909-1681 29226 * BenchmarkClient (bench_client.cc:81): starting benchclient, issueConcurrent: 1; fanout: 1
Session created: 0
last_service: , current_state: 0
Session continued: 0
last_service: , current_state: 0
Session destroyed: 18446744073709551615
last_service: , current_state: 0
20260216-105914-2666 29226 * WarmupDone      (bench_client.cc:726): Completed warmup period of 5 seconds with 2793 requests
20260216-105925-2684 29226 * Finish          (bench_client.cc:920): Completed 6257 requests in 11.001843 seconds
20260216-105925-2684 29226 * Finish          (bench_client.cc:921): 1 outstanding transactions.
Session continued: 0
last_service: , current_state: 0
Session destroyed: 18446744073709551615
last_service: , current_state: 0
Session continued: 0
last_service: , current_state: 0
Session destroyed: 18446744073709551615
last_service: , current_state: 0
Session destroyed: 0
last_service: , current_state: 0
20260216-105928-2670 29226 * FlushStats      (benchmark.cc:890): Flushing stats to /mnt/extra/experiments/2026-03-16-10-58-44/out/client-0-0-31-stats-0.json.
20260216-105928-2671 29226 * FlushStats      (benchmark.cc:902): All done!
20260216-105930-2686 29226 * Cleanup         (bench_client.cc:748): Aborting 0 outstanding transactions.
20260216-105930-2686 29226 * CooldownDone    (bench_client.cc:778): Finished cooldown period.
20260216-105930-2727 29226 * CooldownDone    (bench_client.cc:785): Median latency is 1718753 ns (1718 us)
20260216-105930-2729 29226 * CooldownDone    (bench_client.cc:794): Average latency is 1715963 ns (1715 us)
20260216-105930-2729 29226 * CooldownDone    (bench_client.cc:798): 90th percentile latency is 1985789 ns (1985 us)
20260216-105930-2729 29226 * CooldownDone    (bench_client.cc:802): 95th percentile latency is 2068445 ns (2068 us)
20260216-105930-2730 29226 * CooldownDone    (bench_client.cc:806): 99th percentile latency is 2318243 ns (2318 us)
20260216-105930-2730 29226 * LATENCY total: 852 us 1715 us/1048 us 55 ms (6258 samples, 10 s total)
20260216-105930-2730 29226 *     524 us |        100 | 
20260216-105930-2731 29226 *    1048 us |       5900 | ==================================================
20260216-105930-2731 29226 *    2097 us |        254 | ==
20260216-105930-2731 29226 *    4194 us |          2 | 
20260216-105930-2731 29226 *    8388 us |          0 |
20260216-105930-2732 29226 *      16 ms |          1 | 
20260216-105930-2732 29226 *      33 ms |          1 | 
20260216-105930-2734 29226 * Stop            (tcptransport.cc:581): [TCP SUMMARY] outgoingCreated=1 outgoingClosed=0 incomingCreated=0 incomingClosed=0 outgoingPeak=1 incomingPeak=0
Inserted events:
  0x5564db5a2f60 [fd  7] Read Persist Internal
  0x5564db5b9510 [fd  9] Read Persist
Active events:
20260216-105930-2735 29226 * main            (benchmark.cc:849): Cleaning up after experiment.
20260216-105930-2736 29226 * FlushStats      (benchmark.cc:890): Flushing stats to /mnt/extra/experiments/2026-03-16-10-58-44/out/client-0-0-31-stats-0.json.
20260216-105930-2737 29226 * FlushStats      (benchmark.cc:902): All done!
