20260313-062021-6544 05402 * main            (server.cc:217):    Starting server.
20260313-062021-6552 05402 * main            (server.cc:335):    Creating a default paritioner!
20260313-062023-4415 05402 * main            (server.cc:513):    Done loading server.
20260313-062123-1405 05402 ! TCPIncomingEventCallback (tcptransport.cc:942): [TCP INCOMING 117] EOF, lifetime=39163.92 ms
20260313-062123-2984 05402 ! TCPIncomingEventCallback (tcptransport.cc:942): [TCP INCOMING 118] EOF, lifetime=39174.31 ms
20260313-062123-3101 05402 ! TCPIncomingEventCallback (tcptransport.cc:942): [TCP INCOMING 121] EOF, lifetime=39163.26 ms
20260313-062123-3119 05402 ! TCPIncomingEventCallback (tcptransport.cc:942): [TCP INCOMING 120] EOF, lifetime=39165.99 ms
20260313-062123-3199 05402 ! TCPIncomingEventCallback (tcptransport.cc:942): [TCP INCOMING 119] EOF, lifetime=39175.03 ms
20260313-062123-3206 05402 ! TCPIncomingEventCallback (tcptransport.cc:942): [TCP INCOMING 122] EOF, lifetime=39167.42 ms
20260313-062123-4146 05402 ! TCPIncomingEventCallback (tcptransport.cc:942): [TCP INCOMING 123] EOF, lifetime=39165.18 ms
20260313-062123-4275 05402 ! TCPIncomingEventCallback (tcptransport.cc:942): [TCP INCOMING 124] EOF, lifetime=39168.09 ms
20260313-062129-9258 05402 * Cleanup         (server.cc:589):    Gracefully exiting after signal 15.
20260313-062129-9259 05402 * Stop            (tcptransport.cc:605): [TCP SUMMARY] outgoingCreated=59 outgoingClosed=0 incomingCreated=67 incomingClosed=8 outgoingPeak=125 incomingPeak=37
Inserted events:
  0x55898a6d4d00 [fd  9] Read Persist Internal
  0x55898a6dca60 [fd  10] Read Persist
  0x55898a6e7cd0 [fd  11] Read Persist
  0x558993054980 [fd  12] Read Persist
  0x5589930517b0 [fd  13] Read Persist
  0x558993055850 [fd  14] Read Persist
  0x55899304ad10 [fd  15] Read Persist
  0x55899304b070 [fd  16] Read Persist
  0x558993049b40 [fd  17] Read Persist
  0x558993049f80 [fd  18] Read Persist
  0x55899304a3c0 [fd  19] Read Persist
  0x558993063fc0 [fd  20] Read Persist
  0x5589930641e0 [fd  21] Read Persist
  0x558993064520 [fd  22] Read Persist
  0x558993064860 [fd  23] Read Persist
  0x558993064ba0 [fd  24] Read Persist
  0x558993064fb0 [fd  25] Read Persist
  0x5589930653c0 [fd  26] Read Persist
  0x5589930657d0 [fd  27] Read Persist
  0x558993065be0 [fd  28] Read Persist
  0x558993066220 [fd  29] Read Persist
  0x5589930667b0 [fd  30] Read Persist
  0x558993066d40 [fd  31] Read Persist
  0x5589930672d0 [fd  32] Read Persist
  0x558993067a70 [fd  33] Read Persist
  0x558993068000 [fd  34] Read Persist
  0x558993068590 [fd  35] Read Persist
  0x558993068b20 [fd  36] Read Persist
  0x5589930690b0 [fd  37] Read Persist
  0x558993069640 [fd  38] Read Persist
  0x558993069bd0 [fd  39] Read Persist
  0x55899306a160 [fd  40] Read Persist
  0x55899306a6f0 [fd  41] Read Persist
  0x55899306ac80 [fd  42] Read Persist
  0x55899306b210 [fd  43] Read Persist
  0x55899306b7a0 [fd  44] Read Persist
  0x55899306bd30 [fd  45] Read Persist
  0x55899306c2c0 [fd  46] Read Persist
  0x55899306c850 [fd  47] Read Persist
  0x55899306cde0 [fd  48] Read Persist
  0x55899306d4d0 [fd  49] Read Persist
  0x55899306d6f0 [fd  50] Read Persist
  0x55899306d9a0 [fd  51] Read Persist
  0x55899306dd40 [fd  52] Read Persist
  0x55899306e0e0 [fd  53] Read Persist
  0x55899306e480 [fd  54] Read Persist
  0x55899306e820 [fd  55] Read Persist
  0x55899306ebc0 [fd  56] Read Persist
  0x55899306ef60 [fd  57] Read Persist
  0x55899306f300 [fd  58] Read Persist
  0x55899306f6a0 [fd  59] Read Persist
  0x55899306fa40 [fd  60] Read Persist
  0x55899306fde0 [fd  61] Read Persist
  0x5589930701b0 [fd  62] Read Persist
  0x558993070580 [fd  63] Read Persist
  0x558993070950 [fd  64] Read Persist
  0x55898a6e4620 [fd  65] Read Persist
  0x558993070cc0 [fd  66] Read Persist
  0x558993070f70 [fd  67] Read Persist
  0x5589930712b0 [fd  68] Read Persist
  0x5589930715f0 [fd  69] Read Persist
  0x558993071980 [fd  70] Read Persist
  0x558993071df0 [fd  71] Read Persist
  0x558993072290 [fd  72] Read Persist
  0x5589930727b0 [fd  73] Read Persist
  0x558993072c50 [fd  74] Read Persist
  0x5589930730f0 [fd  75] Read Persist
  0x558993073590 [fd  76] Read Persist
  0x558993073a30 [fd  77] Read Persist
  0x558993073f80 [fd  78] Read Persist
  0x558993074440 [fd  79] Read Persist
  0x558993074900 [fd  80] Read Persist
  0x558993074dc0 [fd  81] Read Persist
  0x558993075280 [fd  82] Read Persist
  0x558993075740 [fd  83] Read Persist
  0x558993075c00 [fd  84] Read Persist
  0x558993076190 [fd  85] Read Persist
  0x558993076720 [fd  86] Read Persist
  0x558993076cb0 [fd  87] Read Persist
  0x558993077240 [fd  88] Read Persist
  0x5589930777d0 [fd  89] Read Persist
  0x558993077dc0 [fd  90] Read Persist
  0x558993078dd0 [fd  91] Read Persist
  0x558993079360 [fd  92] Read Persist
  0x5589930798f0 [fd  93] Read Persist
  0x558993079e80 [fd  94] Read Persist
  0x55899307a410 [fd  95] Read Persist
  0x55899307a9a0 [fd  96] Read Persist
  0x55899307af30 [fd  97] Read Persist
  0x55899307b4c0 [fd  98] Read Persist
  0x55899307ba50 [fd  99] Read Persist
  0x55899307bfe0 [fd  100] Read Persist
  0x55899307c570 [fd  101] Read Persist
  0x55899307cb00 [fd  102] Read Persist
  0x55899307d090 [fd  103] Read Persist
  0x55899307d620 [fd  104] Read Persist
  0x55899307da40 [fd  105] Read Persist
  0x55899307dc60 [fd  106] Read Persist
  0x55899307de80 [fd  107] Read Persist
  0x55899307e220 [fd  108] Read Persist
  0x55899307e5c0 [fd  109] Read Persist
  0x55899307e960 [fd  110] Read Persist
  0x55899307ed00 [fd  111] Read Persist
  0x55899307f0a0 [fd  112] Read Persist
  0x55899307f440 [fd  113] Read Persist
  0x55899307f7e0 [fd  114] Read Persist
  0x55899307fb80 [fd  115] Read Persist
  0x55899307ff20 [fd  116] Read Persist
  0x5589930802c0 [fd  117] Read Persist
  0x558993080660 [fd  118] Read Persist
  0x558993080a00 [fd  119] Read Persist
  0x558993080dd0 [fd  120] Read Persist
  0x5589930811a0 [fd  121] Read Persist
  0x558993081570 [fd  122] Read Persist
  0x558993081940 [fd  123] Read Persist
  0x558993081d10 [fd  124] Read Persist
  0x558993082110 [fd  125] Read Persist
  0x558993082510 [fd  126] Read Persist
  0x558993082910 [fd  127] Read Persist
  0x55899309f800 [fd  136] Read Persist
  0x55899309fc40 [fd  137] Read Persist
  0x55899309ebf0 [fd  -1] Timeout=1776082890.321728
Active events:
20260313-062129-9280 05402 * Cleanup         (server.cc:593):    Exporting stats to /mnt/extra/experiments/2026-04-13-06-20-13/out/server-0-4-0-stats-0.json.
