20260313-142832-3966 02034 * main            (server.cc:217):    Starting server.
20260313-142832-3979 02034 * main            (server.cc:335):    Creating a default paritioner!
20260313-142834-1852 02034 * main            (server.cc:513):    Done loading server.
20260313-142926-4970 02034 ! TCPIncomingEventCallback (tcptransport.cc:938): [TCP INCOMING 117] EOF, lifetime=31366.39 ms
20260313-142926-5163 02034 ! TCPIncomingEventCallback (tcptransport.cc:938): [TCP INCOMING 118] EOF, lifetime=31359.91 ms
20260313-142926-5449 02034 ! TCPIncomingEventCallback (tcptransport.cc:938): [TCP INCOMING 119] EOF, lifetime=31365.37 ms
20260313-142926-6584 02034 ! TCPIncomingEventCallback (tcptransport.cc:938): [TCP INCOMING 120] EOF, lifetime=31365.34 ms
20260313-142926-6885 02034 ! TCPIncomingEventCallback (tcptransport.cc:938): [TCP INCOMING 121] EOF, lifetime=31368.04 ms
20260313-142926-6956 02034 ! TCPIncomingEventCallback (tcptransport.cc:938): [TCP INCOMING 122] EOF, lifetime=31361.95 ms
20260313-142926-6995 02034 ! TCPIncomingEventCallback (tcptransport.cc:938): [TCP INCOMING 125] EOF, lifetime=31361.50 ms
20260313-142926-7106 02034 ! TCPIncomingEventCallback (tcptransport.cc:938): [TCP INCOMING 126] EOF, lifetime=31364.78 ms
20260313-142933-1548 02034 * Cleanup         (server.cc:589):    Gracefully exiting after signal 15.
20260313-142933-1549 02034 * Stop            (tcptransport.cc:601): [TCP SUMMARY] outgoingCreated=59 outgoingClosed=0 incomingCreated=67 incomingClosed=8 outgoingPeak=123 incomingPeak=37
Inserted events:
  0x55e3ff612d00 [fd  9] Read Persist Internal
  0x55e3ff61aa60 [fd  10] Read Persist
  0x55e3ff625cd0 [fd  11] Read Persist
  0x55e407f66a60 [fd  12] Read Persist
  0x55e407f63890 [fd  13] Read Persist
  0x55e407f67930 [fd  14] Read Persist
  0x55e407f5cdf0 [fd  15] Read Persist
  0x55e407f5d190 [fd  16] Read Persist
  0x55e407f5bc20 [fd  17] Read Persist
  0x55e407f5c060 [fd  18] Read Persist
  0x55e407f5c4a0 [fd  19] Read Persist
  0x55e407f76170 [fd  20] Read Persist
  0x55e407f764f0 [fd  21] Read Persist
  0x55e407f76900 [fd  22] Read Persist
  0x55e407f76d10 [fd  23] Read Persist
  0x55e407f77120 [fd  24] Read Persist
  0x55e407f77530 [fd  25] Read Persist
  0x55e407f77940 [fd  26] Read Persist
  0x55e407f77d50 [fd  27] Read Persist
  0x55e407f78180 [fd  28] Read Persist
  0x55e407f78840 [fd  29] Read Persist
  0x55e407f78dd0 [fd  30] Read Persist
  0x55e407f79360 [fd  31] Read Persist
  0x55e407f798f0 [fd  32] Read Persist
  0x55e407f7a090 [fd  33] Read Persist
  0x55e407f7a620 [fd  34] Read Persist
  0x55e407f7abb0 [fd  35] Read Persist
  0x55e407f7b140 [fd  36] Read Persist
  0x55e407f7b6d0 [fd  37] Read Persist
  0x55e407f7bc60 [fd  38] Read Persist
  0x55e407f7c1f0 [fd  39] Read Persist
  0x55e407f7c780 [fd  40] Read Persist
  0x55e407f7cd10 [fd  41] Read Persist
  0x55e407f7d2a0 [fd  42] Read Persist
  0x55e407f7d710 [fd  43] Read Persist
  0x55e407f7d930 [fd  44] Read Persist
  0x55e407f7dc00 [fd  45] Read Persist
  0x55e407f7dfa0 [fd  46] Read Persist
  0x55e407f7e340 [fd  47] Read Persist
  0x55e407f7e6e0 [fd  48] Read Persist
  0x55e407f7ed00 [fd  49] Read Persist
  0x55e407f7f0a0 [fd  50] Read Persist
  0x55e407f7f440 [fd  51] Read Persist
  0x55e407f7f7e0 [fd  52] Read Persist
  0x55e407f7fb80 [fd  53] Read Persist
  0x55e407f7ff20 [fd  54] Read Persist
  0x55e407f802f0 [fd  55] Read Persist
  0x55e407f806c0 [fd  56] Read Persist
  0x55e407f80a90 [fd  57] Read Persist
  0x55e407f80e60 [fd  58] Read Persist
  0x55e407f81230 [fd  59] Read Persist
  0x55e407f81600 [fd  60] Read Persist
  0x55e407f81a00 [fd  61] Read Persist
  0x55e407f81e00 [fd  62] Read Persist
  0x55e407f82200 [fd  63] Read Persist
  0x55e407f82600 [fd  64] Read Persist
  0x55e3ff622620 [fd  65] Read Persist
  0x55e407f82ea0 [fd  66] Read Persist
  0x55e407f831e0 [fd  67] Read Persist
  0x55e407f83520 [fd  68] Read Persist
  0x55e407f83860 [fd  69] Read Persist
  0x55e407f83ba0 [fd  70] Read Persist
  0x55e407f83f10 [fd  71] Read Persist
  0x55e407f84390 [fd  72] Read Persist
  0x55e407f849c0 [fd  73] Read Persist
  0x55e407f84e80 [fd  74] Read Persist
  0x55e407f85340 [fd  75] Read Persist
  0x55e407f85800 [fd  76] Read Persist
  0x55e407f85cc0 [fd  77] Read Persist
  0x55e407f86180 [fd  78] Read Persist
  0x55e407f86640 [fd  79] Read Persist
  0x55e407f86bd0 [fd  80] Read Persist
  0x55e407f87160 [fd  81] Read Persist
  0x55e407f876f0 [fd  82] Read Persist
  0x55e407f87c80 [fd  83] Read Persist
  0x55e407f88210 [fd  84] Read Persist
  0x55e407f887a0 [fd  85] Read Persist
  0x55e407f88d30 [fd  86] Read Persist
  0x55e407f892c0 [fd  87] Read Persist
  0x55e407f89850 [fd  88] Read Persist
  0x55e407f89de0 [fd  89] Read Persist
  0x55e407f8a370 [fd  90] Read Persist
  0x55e407f8b380 [fd  91] Read Persist
  0x55e407f8b910 [fd  92] Read Persist
  0x55e407f8bea0 [fd  93] Read Persist
  0x55e407f8c430 [fd  94] Read Persist
  0x55e407f8c9c0 [fd  95] Read Persist
  0x55e407f8cf50 [fd  96] Read Persist
  0x55e407f8d4e0 [fd  97] Read Persist
  0x55e407f8da70 [fd  98] Read Persist
  0x55e407f8e000 [fd  99] Read Persist
  0x55e407f8e420 [fd  100] Read Persist
  0x55e407f8e640 [fd  101] Read Persist
  0x55e407f8e860 [fd  102] Read Persist
  0x55e407f8ec00 [fd  103] Read Persist
  0x55e407f8efa0 [fd  104] Read Persist
  0x55e407f8f340 [fd  105] Read Persist
  0x55e407f8f6e0 [fd  106] Read Persist
  0x55e407f8fa80 [fd  107] Read Persist
  0x55e407f8fe20 [fd  108] Read Persist
  0x55e407f901c0 [fd  109] Read Persist
  0x55e407f90560 [fd  110] Read Persist
  0x55e407f90900 [fd  111] Read Persist
  0x55e407f90ca0 [fd  112] Read Persist
  0x55e407f91040 [fd  113] Read Persist
  0x55e407f913e0 [fd  114] Read Persist
  0x55e407f917b0 [fd  115] Read Persist
  0x55e407f91b80 [fd  116] Read Persist
  0x55e407f91f50 [fd  117] Read Persist
  0x55e407f92320 [fd  118] Read Persist
  0x55e407f926f0 [fd  119] Read Persist
  0x55e407f92af0 [fd  120] Read Persist
  0x55e407f92ef0 [fd  121] Read Persist
  0x55e407f93320 [fd  122] Read Persist
  0x55e407f936f0 [fd  123] Read Persist
  0x55e407f93af0 [fd  124] Read Persist
  0x55e407f93ef0 [fd  125] Read Persist
  0x55e407f94390 [fd  126] Read Persist
  0x55e407f94830 [fd  127] Read Persist
  0x55e407fb1170 [fd  134] Read Persist
  0x55e407fb15f0 [fd  135] Read Persist
  0x55e407f94fa0 [fd  -1] Timeout=1776112174.103935
Active events:
20260313-142933-1571 02034 * Cleanup         (server.cc:593):    Exporting stats to /mnt/extra/experiments/2026-04-13-14-28-24/out/server-0-0-0-stats-0.json.
