20260313-150840-5104 31527 * main            (server.cc:217):    Starting server.
20260313-150840-5117 31527 * main            (server.cc:335):    Creating a default paritioner!
20260313-150842-4033 31527 * main            (server.cc:513):    Done loading server.
20260313-150933-7495 31527 ! TCPIncomingEventCallback (tcptransport.cc:938): [TCP INCOMING 117] EOF, lifetime=30933.29 ms
20260313-150933-7560 31527 ! TCPIncomingEventCallback (tcptransport.cc:938): [TCP INCOMING 118] EOF, lifetime=30934.14 ms
20260313-150933-7894 31527 ! TCPIncomingEventCallback (tcptransport.cc:938): [TCP INCOMING 119] EOF, lifetime=30929.29 ms
20260313-150933-9186 31527 ! TCPIncomingEventCallback (tcptransport.cc:938): [TCP INCOMING 120] EOF, lifetime=30937.69 ms
20260313-150933-9356 31527 ! TCPIncomingEventCallback (tcptransport.cc:938): [TCP INCOMING 121] EOF, lifetime=30938.98 ms
20260313-150933-9564 31527 ! TCPIncomingEventCallback (tcptransport.cc:938): [TCP INCOMING 123] EOF, lifetime=30926.21 ms
20260313-150933-9606 31527 ! TCPIncomingEventCallback (tcptransport.cc:938): [TCP INCOMING 124] EOF, lifetime=30921.73 ms
20260313-150933-9660 31527 ! TCPIncomingEventCallback (tcptransport.cc:938): [TCP INCOMING 122] EOF, lifetime=30942.47 ms
20260313-150940-4974 31527 * Cleanup         (server.cc:589):    Gracefully exiting after signal 15.
20260313-150940-4975 31527 * Stop            (tcptransport.cc:601): [TCP SUMMARY] outgoingCreated=58 outgoingClosed=0 incomingCreated=66 incomingClosed=8 outgoingPeak=93 incomingPeak=37
Inserted events:
  0x559335b0ad00 [fd  9] Read Persist Internal
  0x559335b12a60 [fd  10] Read Persist
  0x559335b1de70 [fd  11] Read Persist
  0x55934218f8f0 [fd  12] Read Persist
  0x55934218fb10 [fd  13] Read Persist
  0x55934218fd30 [fd  14] Read Persist
  0x55934218ff50 [fd  15] Read Persist
  0x559342190170 [fd  16] Read Persist
  0x559342190390 [fd  17] Read Persist
  0x55934218cb30 [fd  18] Read Persist
  0x55934218af00 [fd  19] Read Persist
  0x559342180680 [fd  20] Read Persist
  0x559342180fc0 [fd  21] Read Persist
  0x559342182910 [fd  22] Read Persist
  0x55934218b420 [fd  23] Read Persist
  0x55934218c110 [fd  24] Read Persist
  0x559342181830 [fd  25] Read Persist
  0x559342181ca0 [fd  26] Read Persist
  0x559342182110 [fd  27] Read Persist
  0x559342182500 [fd  28] Read Persist
  0x559342188650 [fd  29] Read Persist
  0x559342188bc0 [fd  30] Read Persist
  0x559342189150 [fd  31] Read Persist
  0x559342189570 [fd  32] Read Persist
  0x559342189ba0 [fd  33] Read Persist
  0x559342189fc0 [fd  34] Read Persist
  0x5593421905b0 [fd  35] Read Persist
  0x559342190b40 [fd  36] Read Persist
  0x5593421910d0 [fd  37] Read Persist
  0x559342191660 [fd  38] Read Persist
  0x559342191bf0 [fd  39] Read Persist
  0x559342192180 [fd  40] Read Persist
  0x559342192710 [fd  41] Read Persist
  0x559342192ca0 [fd  42] Read Persist
  0x559342193230 [fd  43] Read Persist
  0x5593421937c0 [fd  44] Read Persist
  0x559342193d50 [fd  45] Read Persist
  0x5593421942e0 [fd  46] Read Persist
  0x559342194700 [fd  47] Read Persist
  0x559342194920 [fd  48] Read Persist
  0x559342194e50 [fd  49] Read Persist
  0x5593421951f0 [fd  50] Read Persist
  0x559342195590 [fd  51] Read Persist
  0x559342195930 [fd  52] Read Persist
  0x559342195cd0 [fd  53] Read Persist
  0x559342196070 [fd  54] Read Persist
  0x559342196410 [fd  55] Read Persist
  0x5593421967b0 [fd  56] Read Persist
  0x559342196b50 [fd  57] Read Persist
  0x559342196ef0 [fd  58] Read Persist
  0x559342197290 [fd  59] Read Persist
  0x559342197630 [fd  60] Read Persist
  0x5593421979d0 [fd  61] Read Persist
  0x559342197d70 [fd  62] Read Persist
  0x559342198140 [fd  63] Read Persist
  0x559342198510 [fd  64] Read Persist
  0x559335b1a5b0 [fd  65] Read Persist
  0x559335b197b0 [fd  66] Read Persist
  0x559342198d20 [fd  67] Read Persist
  0x559342199060 [fd  68] Read Persist
  0x5593421993a0 [fd  69] Read Persist
  0x5593421996e0 [fd  70] Read Persist
  0x559342199a20 [fd  71] Read Persist
  0x559342199e00 [fd  72] Read Persist
  0x55934219a2a0 [fd  73] Read Persist
  0x55934219a740 [fd  74] Read Persist
  0x55934219abe0 [fd  75] Read Persist
  0x55934219b130 [fd  76] Read Persist
  0x55934219b5f0 [fd  77] Read Persist
  0x55934219bab0 [fd  78] Read Persist
  0x55934219bf70 [fd  79] Read Persist
  0x55934219c430 [fd  80] Read Persist
  0x55934219c8f0 [fd  81] Read Persist
  0x55934219cdb0 [fd  82] Read Persist
  0x55934219d340 [fd  83] Read Persist
  0x55934219d8d0 [fd  84] Read Persist
  0x55934219de60 [fd  85] Read Persist
  0x55934219e3f0 [fd  86] Read Persist
  0x55934219e980 [fd  87] Read Persist
  0x55934219ef10 [fd  88] Read Persist
  0x55934219f4a0 [fd  89] Read Persist
  0x55934219fa30 [fd  90] Read Persist
  0x5593421a0a40 [fd  91] Read Persist
  0x5593421a0fd0 [fd  92] Read Persist
  0x5593421a1560 [fd  93] Read Persist
  0x5593421a1af0 [fd  94] Read Persist
  0x5593421a2080 [fd  95] Read Persist
  0x5593421a2610 [fd  96] Read Persist
  0x5593421a2ba0 [fd  97] Read Persist
  0x5593421a3130 [fd  98] Read Persist
  0x5593421a36c0 [fd  99] Read Persist
  0x5593421a3c50 [fd  100] Read Persist
  0x5593421a41e0 [fd  101] Read Persist
  0x5593421a4770 [fd  102] Read Persist
  0x5593421a4d00 [fd  103] Read Persist
  0x5593421a5290 [fd  104] Read Persist
  0x5593421a56b0 [fd  105] Read Persist
  0x5593421a58d0 [fd  106] Read Persist
  0x5593421a5b80 [fd  107] Read Persist
  0x5593421a5f20 [fd  108] Read Persist
  0x5593421a62c0 [fd  109] Read Persist
  0x5593421a6660 [fd  110] Read Persist
  0x5593421a6a00 [fd  111] Read Persist
  0x5593421a6da0 [fd  112] Read Persist
  0x5593421a7140 [fd  113] Read Persist
  0x5593421a74e0 [fd  114] Read Persist
  0x5593421a7880 [fd  115] Read Persist
  0x5593421a7c20 [fd  116] Read Persist
  0x5593421a7fc0 [fd  117] Read Persist
  0x5593421a8360 [fd  118] Read Persist
  0x5593421a8730 [fd  119] Read Persist
  0x5593421a8b00 [fd  120] Read Persist
  0x5593421a8ed0 [fd  121] Read Persist
  0x5593421a92a0 [fd  122] Read Persist
  0x5593421a9670 [fd  123] Read Persist
  0x5593421a9a70 [fd  124] Read Persist
  0x5593421a9e70 [fd  125] Read Persist
  0x5593421aa270 [fd  126] Read Persist
  0x5593421aa670 [fd  127] Read Persist
Active events:
20260313-150940-4996 31527 * Cleanup         (server.cc:593):    Exporting stats to /mnt/extra/experiments/2026-04-13-15-08-32/out/server-0-7-2-stats-0.json.
