20260313-151406-9761 28425 * main            (benchmark.cc:405): Starting benchmark.
20260313-151407-8208 28425 * main            (benchmark.cc:624): Creating a default paritioner!
20260313-151407-8216 28425 * Client          (client.cc:76):     Initializing StrongStore client with id [7]
20260313-151407-8228 28425 * ShardClient     (shardclient.cc:62): success in sending register client: for client id 7 1
20260313-151407-8229 28425 * ShardClient     (shardclient.cc:62): success in sending register client: for client id 7 1
20260313-151407-8229 28425 * ShardClient     (shardclient.cc:62): success in sending register client: for client id 7 1
20260313-151407-8234 28425 * ShardClient     (shardclient.cc:62): success in sending register client: for client id 7 1
20260313-151407-8234 28425 * ShardClient     (shardclient.cc:62): success in sending register client: for client id 7 1
20260313-151407-8235 28425 * ShardClient     (shardclient.cc:62): success in sending register client: for client id 7 1
20260313-151407-8239 28425 * ShardClient     (shardclient.cc:62): success in sending register client: for client id 7 1
20260313-151407-8240 28425 * ShardClient     (shardclient.cc:62): success in sending register client: for client id 7 1
20260313-151407-8240 28425 * ShardClient     (shardclient.cc:62): success in sending register client: for client id 7 1
20260313-151407-8245 28425 * ShardClient     (shardclient.cc:62): success in sending register client: for client id 7 1
20260313-151407-8246 28425 * ShardClient     (shardclient.cc:62): success in sending register client: for client id 7 1
20260313-151407-8246 28425 * ShardClient     (shardclient.cc:62): success in sending register client: for client id 7 1
20260313-151407-8251 28425 * ShardClient     (shardclient.cc:62): success in sending register client: for client id 7 1
20260313-151407-8251 28425 * ShardClient     (shardclient.cc:62): success in sending register client: for client id 7 1
20260313-151407-8252 28425 * ShardClient     (shardclient.cc:62): success in sending register client: for client id 7 1
20260313-151407-8257 28425 * ShardClient     (shardclient.cc:62): success in sending register client: for client id 7 1
20260313-151407-8258 28425 * ShardClient     (shardclient.cc:62): success in sending register client: for client id 7 1
20260313-151407-8258 28425 * ShardClient     (shardclient.cc:62): success in sending register client: for client id 7 1
20260313-151407-8263 28425 * ShardClient     (shardclient.cc:62): success in sending register client: for client id 7 1
20260313-151407-8264 28425 * ShardClient     (shardclient.cc:62): success in sending register client: for client id 7 1
20260313-151407-8264 28425 * ShardClient     (shardclient.cc:62): success in sending register client: for client id 7 1
20260313-151407-8269 28425 * ShardClient     (shardclient.cc:62): success in sending register client: for client id 7 1
20260313-151407-8269 28425 * ShardClient     (shardclient.cc:62): success in sending register client: for client id 7 1
20260313-151407-8270 28425 * ShardClient     (shardclient.cc:62): success in sending register client: for client id 7 1
20260313-151407-8274 28425 * ShardClient     (shardclient.cc:62): success in sending register client: for client id 7 1
20260313-151407-8275 28425 * ShardClient     (shardclient.cc:62): success in sending register client: for client id 7 1
20260313-151407-8275 28425 * ShardClient     (shardclient.cc:62): success in sending register client: for client id 7 1
20260313-151407-8280 28425 * ShardClient     (shardclient.cc:62): success in sending register client: for client id 7 1
20260313-151407-8280 28425 * ShardClient     (shardclient.cc:62): success in sending register client: for client id 7 1
20260313-151407-8281 28425 * ShardClient     (shardclient.cc:62): success in sending register client: for client id 7 1
20260313-151407-8281 28425 * BenchmarkClient (bench_client.cc:90): starting benchclient, issueConcurrent: 0; fanout: 4
Session created: 0
last_service: , current_state: 0
Session continued: 0
last_service: , current_state: 0
Session destroyed: 18446744073709551615
last_service: , current_state: 0
20260313-151407-8665 28425 * ExecuteNextAppRequestOperation (bench_client.cc:414): Sending op with proto 4 and index 1
20260313-151408-2274 28425 * ReceiveOperationResponse (bench_client.cc:547): AppRequest reply timeline: pos=0 status=0 issue_to_reply_ms=361 batch_age_ms=361
20260313-151408-2276 28425 * ExecuteNextAppRequestOperation (bench_client.cc:414): Sending op with proto 4 and index 1
20260313-151408-4319 28425 * ReceiveOperationResponse (bench_client.cc:547): AppRequest reply timeline: pos=1 status=0 issue_to_reply_ms=204 batch_age_ms=565
20260313-151408-4321 28425 * ExecuteNextAppRequestOperation (bench_client.cc:414): Sending op with proto 4 and index 1
20260313-151408-6331 28425 * ReceiveOperationResponse (bench_client.cc:547): AppRequest reply timeline: pos=2 status=0 issue_to_reply_ms=201 batch_age_ms=766
20260313-151408-6333 28425 * GetNextOperation (app_request.cc:76): AppRequest batch composition: fanout=4 reads=4 writes=0
20260313-151408-6334 28425 * ExecuteNextAppRequestOperation (bench_client.cc:414): Sending op with proto 4 and index 1
20260313-151408-8344 28425 * ReceiveOperationResponse (bench_client.cc:547): AppRequest reply timeline: pos=3 status=0 issue_to_reply_ms=201 batch_age_ms=968
20260313-151408-8345 28425 * ReceiveOperationResponse (bench_client.cc:562): AppRequest batch done: fanout=4 total_reply_ms=968
20260313-151408-8351 28425 * ExecuteNextAppRequestOperation (bench_client.cc:414): Sending op with proto 4 and index 1
20260313-151409-0394 28425 * ReceiveOperationResponse (bench_client.cc:547): AppRequest reply timeline: pos=0 status=0 issue_to_reply_ms=204 batch_age_ms=204
20260313-151409-0395 28425 * ExecuteNextAppRequestOperation (bench_client.cc:414): Sending op with proto 4 and index 1
20260313-151409-2407 28425 * ReceiveOperationResponse (bench_client.cc:547): AppRequest reply timeline: pos=1 status=0 issue_to_reply_ms=201 batch_age_ms=405
20260313-151409-2408 28425 * ExecuteNextAppRequestOperation (bench_client.cc:414): Sending op with proto 4 and index 1
20260313-151409-4418 28425 * ReceiveOperationResponse (bench_client.cc:547): AppRequest reply timeline: pos=2 status=0 issue_to_reply_ms=201 batch_age_ms=606
20260313-151409-4419 28425 * GetNextOperation (app_request.cc:76): AppRequest batch composition: fanout=4 reads=4 writes=0
20260313-151409-4420 28425 * ExecuteNextAppRequestOperation (bench_client.cc:414): Sending op with proto 4 and index 1
20260313-151409-6429 28425 * ReceiveOperationResponse (bench_client.cc:547): AppRequest reply timeline: pos=3 status=0 issue_to_reply_ms=201 batch_age_ms=807
20260313-151409-6430 28425 * ReceiveOperationResponse (bench_client.cc:562): AppRequest batch done: fanout=4 total_reply_ms=807
20260313-151409-6441 28425 * ExecuteNextAppRequestOperation (bench_client.cc:414): Sending op with proto 4 and index 1
20260313-151409-8450 28425 * ReceiveOperationResponse (bench_client.cc:547): AppRequest reply timeline: pos=0 status=0 issue_to_reply_ms=200 batch_age_ms=200
20260313-151409-8452 28425 * ExecuteNextAppRequestOperation (bench_client.cc:414): Sending op with proto 4 and index 1
20260313-151410-0463 28425 * ReceiveOperationResponse (bench_client.cc:547): AppRequest reply timeline: pos=1 status=0 issue_to_reply_ms=201 batch_age_ms=402
20260313-151410-0465 28425 * ExecuteNextAppRequestOperation (bench_client.cc:414): Sending op with proto 4 and index 1
20260313-151410-2475 28425 * ReceiveOperationResponse (bench_client.cc:547): AppRequest reply timeline: pos=2 status=0 issue_to_reply_ms=201 batch_age_ms=603
20260313-151410-2476 28425 * GetNextOperation (app_request.cc:76): AppRequest batch composition: fanout=4 reads=4 writes=0
20260313-151410-2477 28425 * ExecuteNextAppRequestOperation (bench_client.cc:414): Sending op with proto 4 and index 1
20260313-151410-4487 28425 * ReceiveOperationResponse (bench_client.cc:547): AppRequest reply timeline: pos=3 status=0 issue_to_reply_ms=201 batch_age_ms=804
20260313-151410-4488 28425 * ReceiveOperationResponse (bench_client.cc:562): AppRequest batch done: fanout=4 total_reply_ms=804
20260313-151410-4507 28425 * ExecuteNextAppRequestOperation (bench_client.cc:414): Sending op with proto 4 and index 1
20260313-151410-6518 28425 * ReceiveOperationResponse (bench_client.cc:547): AppRequest reply timeline: pos=0 status=0 issue_to_reply_ms=201 batch_age_ms=201
20260313-151410-6520 28425 * ExecuteNextAppRequestOperation (bench_client.cc:414): Sending op with proto 4 and index 1
20260313-151410-8530 28425 * ReceiveOperationResponse (bench_client.cc:547): AppRequest reply timeline: pos=1 status=0 issue_to_reply_ms=201 batch_age_ms=402
20260313-151410-8532 28425 * ExecuteNextAppRequestOperation (bench_client.cc:414): Sending op with proto 4 and index 1
20260313-151411-0542 28425 * ReceiveOperationResponse (bench_client.cc:547): AppRequest reply timeline: pos=2 status=0 issue_to_reply_ms=201 batch_age_ms=604
20260313-151411-0543 28425 * GetNextOperation (app_request.cc:76): AppRequest batch composition: fanout=4 reads=4 writes=0
20260313-151411-0544 28425 * ExecuteNextAppRequestOperation (bench_client.cc:414): Sending op with proto 4 and index 1
20260313-151411-2554 28425 * ReceiveOperationResponse (bench_client.cc:547): AppRequest reply timeline: pos=3 status=0 issue_to_reply_ms=201 batch_age_ms=805
20260313-151411-2555 28425 * ReceiveOperationResponse (bench_client.cc:562): AppRequest batch done: fanout=4 total_reply_ms=805
20260313-151411-2573 28425 * ExecuteNextAppRequestOperation (bench_client.cc:414): Sending op with proto 4 and index 1
20260313-151411-4583 28425 * ReceiveOperationResponse (bench_client.cc:547): AppRequest reply timeline: pos=0 status=0 issue_to_reply_ms=201 batch_age_ms=201
20260313-151411-4584 28425 * ExecuteNextAppRequestOperation (bench_client.cc:414): Sending op with proto 4 and index 1
20260313-151411-6593 28425 * ReceiveOperationResponse (bench_client.cc:547): AppRequest reply timeline: pos=1 status=0 issue_to_reply_ms=201 batch_age_ms=402
20260313-151411-6595 28425 * ExecuteNextAppRequestOperation (bench_client.cc:414): Sending op with proto 4 and index 1
20260313-151411-8604 28425 * ReceiveOperationResponse (bench_client.cc:547): AppRequest reply timeline: pos=2 status=0 issue_to_reply_ms=201 batch_age_ms=603
20260313-151411-8605 28425 * GetNextOperation (app_request.cc:76): AppRequest batch composition: fanout=4 reads=4 writes=0
20260313-151411-8606 28425 * ExecuteNextAppRequestOperation (bench_client.cc:414): Sending op with proto 4 and index 1
20260313-151411-8665 28425 * WarmupDone      (bench_client.cc:744): Completed warmup period of 4 seconds with 4 requests
20260313-151412-0617 28425 * ReceiveOperationResponse (bench_client.cc:547): AppRequest reply timeline: pos=3 status=0 issue_to_reply_ms=201 batch_age_ms=804
20260313-151412-0618 28425 * ReceiveOperationResponse (bench_client.cc:562): AppRequest batch done: fanout=4 total_reply_ms=804
20260313-151412-0638 28425 * ExecuteNextAppRequestOperation (bench_client.cc:414): Sending op with proto 4 and index 1
20260313-151412-2649 28425 * ReceiveOperationResponse (bench_client.cc:547): AppRequest reply timeline: pos=0 status=0 issue_to_reply_ms=201 batch_age_ms=201
20260313-151412-2655 28425 * ExecuteNextAppRequestOperation (bench_client.cc:414): Sending op with proto 4 and index 1
20260313-151412-4665 28425 * ReceiveOperationResponse (bench_client.cc:547): AppRequest reply timeline: pos=1 status=0 issue_to_reply_ms=201 batch_age_ms=403
20260313-151412-4666 28425 * ExecuteNextAppRequestOperation (bench_client.cc:414): Sending op with proto 4 and index 1
20260313-151412-6677 28425 * ReceiveOperationResponse (bench_client.cc:547): AppRequest reply timeline: pos=2 status=0 issue_to_reply_ms=201 batch_age_ms=604
20260313-151412-6678 28425 * GetNextOperation (app_request.cc:76): AppRequest batch composition: fanout=4 reads=4 writes=0
20260313-151412-6679 28425 * ExecuteNextAppRequestOperation (bench_client.cc:414): Sending op with proto 4 and index 1
20260313-151412-8689 28425 * ReceiveOperationResponse (bench_client.cc:547): AppRequest reply timeline: pos=3 status=0 issue_to_reply_ms=201 batch_age_ms=805
20260313-151412-8690 28425 * ReceiveOperationResponse (bench_client.cc:562): AppRequest batch done: fanout=4 total_reply_ms=805
20260313-151412-8700 28425 * ExecuteNextAppRequestOperation (bench_client.cc:414): Sending op with proto 4 and index 1
20260313-151413-0710 28425 * ReceiveOperationResponse (bench_client.cc:547): AppRequest reply timeline: pos=0 status=0 issue_to_reply_ms=201 batch_age_ms=201
20260313-151413-0712 28425 * ExecuteNextAppRequestOperation (bench_client.cc:414): Sending op with proto 4 and index 1
20260313-151413-2722 28425 * ReceiveOperationResponse (bench_client.cc:547): AppRequest reply timeline: pos=1 status=0 issue_to_reply_ms=201 batch_age_ms=403
20260313-151413-2723 28425 * ExecuteNextAppRequestOperation (bench_client.cc:414): Sending op with proto 4 and index 1
20260313-151413-4733 28425 * ReceiveOperationResponse (bench_client.cc:547): AppRequest reply timeline: pos=2 status=0 issue_to_reply_ms=201 batch_age_ms=604
20260313-151413-4735 28425 * GetNextOperation (app_request.cc:76): AppRequest batch composition: fanout=4 reads=4 writes=0
20260313-151413-4735 28425 * ExecuteNextAppRequestOperation (bench_client.cc:414): Sending op with proto 4 and index 1
20260313-151413-6746 28425 * ReceiveOperationResponse (bench_client.cc:547): AppRequest reply timeline: pos=3 status=0 issue_to_reply_ms=201 batch_age_ms=805
20260313-151413-6747 28425 * ReceiveOperationResponse (bench_client.cc:562): AppRequest batch done: fanout=4 total_reply_ms=805
20260313-151413-6754 28425 * ExecuteNextAppRequestOperation (bench_client.cc:414): Sending op with proto 4 and index 1
20260313-151413-8765 28425 * ReceiveOperationResponse (bench_client.cc:547): AppRequest reply timeline: pos=0 status=0 issue_to_reply_ms=201 batch_age_ms=201
20260313-151413-8767 28425 * ExecuteNextAppRequestOperation (bench_client.cc:414): Sending op with proto 4 and index 1
20260313-151414-0777 28425 * ReceiveOperationResponse (bench_client.cc:547): AppRequest reply timeline: pos=1 status=0 issue_to_reply_ms=201 batch_age_ms=402
20260313-151414-0779 28425 * ExecuteNextAppRequestOperation (bench_client.cc:414): Sending op with proto 4 and index 1
20260313-151414-2788 28425 * ReceiveOperationResponse (bench_client.cc:547): AppRequest reply timeline: pos=2 status=0 issue_to_reply_ms=201 batch_age_ms=603
20260313-151414-2790 28425 * GetNextOperation (app_request.cc:76): AppRequest batch composition: fanout=4 reads=4 writes=0
20260313-151414-2790 28425 * ExecuteNextAppRequestOperation (bench_client.cc:414): Sending op with proto 4 and index 1
20260313-151414-4801 28425 * ReceiveOperationResponse (bench_client.cc:547): AppRequest reply timeline: pos=3 status=0 issue_to_reply_ms=201 batch_age_ms=804
20260313-151414-4801 28425 * ReceiveOperationResponse (bench_client.cc:562): AppRequest batch done: fanout=4 total_reply_ms=804
20260313-151414-4813 28425 * ExecuteNextAppRequestOperation (bench_client.cc:414): Sending op with proto 4 and index 1
20260313-151414-6823 28425 * ReceiveOperationResponse (bench_client.cc:547): AppRequest reply timeline: pos=0 status=0 issue_to_reply_ms=201 batch_age_ms=201
20260313-151414-6825 28425 * ExecuteNextAppRequestOperation (bench_client.cc:414): Sending op with proto 4 and index 1
20260313-151414-8836 28425 * ReceiveOperationResponse (bench_client.cc:547): AppRequest reply timeline: pos=1 status=0 issue_to_reply_ms=201 batch_age_ms=402
20260313-151414-8838 28425 * ExecuteNextAppRequestOperation (bench_client.cc:414): Sending op with proto 4 and index 1
20260313-151415-0848 28425 * ReceiveOperationResponse (bench_client.cc:547): AppRequest reply timeline: pos=2 status=0 issue_to_reply_ms=201 batch_age_ms=603
20260313-151415-0849 28425 * GetNextOperation (app_request.cc:76): AppRequest batch composition: fanout=4 reads=4 writes=0
20260313-151415-0850 28425 * ExecuteNextAppRequestOperation (bench_client.cc:414): Sending op with proto 4 and index 1
20260313-151415-2859 28425 * ReceiveOperationResponse (bench_client.cc:547): AppRequest reply timeline: pos=3 status=0 issue_to_reply_ms=201 batch_age_ms=804
20260313-151415-2860 28425 * ReceiveOperationResponse (bench_client.cc:562): AppRequest batch done: fanout=4 total_reply_ms=804
20260313-151415-2879 28425 * ExecuteNextAppRequestOperation (bench_client.cc:414): Sending op with proto 4 and index 1
20260313-151415-4890 28425 * ReceiveOperationResponse (bench_client.cc:547): AppRequest reply timeline: pos=0 status=0 issue_to_reply_ms=201 batch_age_ms=201
20260313-151415-4891 28425 * ExecuteNextAppRequestOperation (bench_client.cc:414): Sending op with proto 4 and index 1
20260313-151415-6901 28425 * ReceiveOperationResponse (bench_client.cc:547): AppRequest reply timeline: pos=1 status=0 issue_to_reply_ms=200 batch_age_ms=402
20260313-151415-6903 28425 * ExecuteNextAppRequestOperation (bench_client.cc:414): Sending op with proto 4 and index 1
20260313-151415-8913 28425 * ReceiveOperationResponse (bench_client.cc:547): AppRequest reply timeline: pos=2 status=0 issue_to_reply_ms=201 batch_age_ms=604
20260313-151415-8914 28425 * GetNextOperation (app_request.cc:76): AppRequest batch composition: fanout=4 reads=4 writes=0
20260313-151415-8915 28425 * ExecuteNextAppRequestOperation (bench_client.cc:414): Sending op with proto 4 and index 1
20260313-151416-0925 28425 * ReceiveOperationResponse (bench_client.cc:547): AppRequest reply timeline: pos=3 status=0 issue_to_reply_ms=201 batch_age_ms=805
20260313-151416-0926 28425 * ReceiveOperationResponse (bench_client.cc:562): AppRequest batch done: fanout=4 total_reply_ms=805
20260313-151416-0933 28425 * ExecuteNextAppRequestOperation (bench_client.cc:414): Sending op with proto 4 and index 1
20260313-151416-2943 28425 * ReceiveOperationResponse (bench_client.cc:547): AppRequest reply timeline: pos=0 status=0 issue_to_reply_ms=201 batch_age_ms=201
20260313-151416-2945 28425 * ExecuteNextAppRequestOperation (bench_client.cc:414): Sending op with proto 4 and index 1
20260313-151416-4955 28425 * ReceiveOperationResponse (bench_client.cc:547): AppRequest reply timeline: pos=1 status=0 issue_to_reply_ms=201 batch_age_ms=402
20260313-151416-4956 28425 * ExecuteNextAppRequestOperation (bench_client.cc:414): Sending op with proto 4 and index 1
20260313-151416-6967 28425 * ReceiveOperationResponse (bench_client.cc:547): AppRequest reply timeline: pos=2 status=0 issue_to_reply_ms=201 batch_age_ms=603
20260313-151416-6968 28425 * GetNextOperation (app_request.cc:76): AppRequest batch composition: fanout=4 reads=4 writes=0
20260313-151416-6969 28425 * ExecuteNextAppRequestOperation (bench_client.cc:414): Sending op with proto 4 and index 1
20260313-151416-8980 28425 * ReceiveOperationResponse (bench_client.cc:547): AppRequest reply timeline: pos=3 status=0 issue_to_reply_ms=201 batch_age_ms=804
20260313-151416-8980 28425 * ReceiveOperationResponse (bench_client.cc:562): AppRequest batch done: fanout=4 total_reply_ms=804
20260313-151416-8997 28425 * ExecuteNextAppRequestOperation (bench_client.cc:414): Sending op with proto 4 and index 1
20260313-151417-1007 28425 * ReceiveOperationResponse (bench_client.cc:547): AppRequest reply timeline: pos=0 status=0 issue_to_reply_ms=201 batch_age_ms=201
20260313-151417-1009 28425 * ExecuteNextAppRequestOperation (bench_client.cc:414): Sending op with proto 4 and index 1
20260313-151417-3019 28425 * ReceiveOperationResponse (bench_client.cc:547): AppRequest reply timeline: pos=1 status=0 issue_to_reply_ms=201 batch_age_ms=402
20260313-151417-3021 28425 * ExecuteNextAppRequestOperation (bench_client.cc:414): Sending op with proto 4 and index 1
20260313-151417-5032 28425 * ReceiveOperationResponse (bench_client.cc:547): AppRequest reply timeline: pos=2 status=0 issue_to_reply_ms=202 batch_age_ms=604
20260313-151417-5033 28425 * GetNextOperation (app_request.cc:76): AppRequest batch composition: fanout=4 reads=4 writes=0
20260313-151417-5034 28425 * ExecuteNextAppRequestOperation (bench_client.cc:414): Sending op with proto 4 and index 1
20260313-151417-7041 28425 * ReceiveOperationResponse (bench_client.cc:547): AppRequest reply timeline: pos=3 status=0 issue_to_reply_ms=200 batch_age_ms=804
20260313-151417-7042 28425 * ReceiveOperationResponse (bench_client.cc:562): AppRequest batch done: fanout=4 total_reply_ms=804
20260313-151417-7062 28425 * ExecuteNextAppRequestOperation (bench_client.cc:414): Sending op with proto 4 and index 1
20260313-151417-9073 28425 * ReceiveOperationResponse (bench_client.cc:547): AppRequest reply timeline: pos=0 status=0 issue_to_reply_ms=201 batch_age_ms=201
20260313-151417-9074 28425 * ExecuteNextAppRequestOperation (bench_client.cc:414): Sending op with proto 4 and index 1
20260313-151418-1084 28425 * ReceiveOperationResponse (bench_client.cc:547): AppRequest reply timeline: pos=1 status=0 issue_to_reply_ms=201 batch_age_ms=402
20260313-151418-1086 28425 * ExecuteNextAppRequestOperation (bench_client.cc:414): Sending op with proto 4 and index 1
20260313-151418-3097 28425 * ReceiveOperationResponse (bench_client.cc:547): AppRequest reply timeline: pos=2 status=0 issue_to_reply_ms=201 batch_age_ms=603
20260313-151418-3098 28425 * GetNextOperation (app_request.cc:76): AppRequest batch composition: fanout=4 reads=4 writes=0
20260313-151418-3099 28425 * ExecuteNextAppRequestOperation (bench_client.cc:414): Sending op with proto 4 and index 1
20260313-151418-5109 28425 * ReceiveOperationResponse (bench_client.cc:547): AppRequest reply timeline: pos=3 status=0 issue_to_reply_ms=201 batch_age_ms=804
20260313-151418-5110 28425 * ReceiveOperationResponse (bench_client.cc:562): AppRequest batch done: fanout=4 total_reply_ms=804
20260313-151418-5123 28425 * ExecuteNextAppRequestOperation (bench_client.cc:414): Sending op with proto 4 and index 1
20260313-151418-7134 28425 * ReceiveOperationResponse (bench_client.cc:547): AppRequest reply timeline: pos=0 status=0 issue_to_reply_ms=201 batch_age_ms=201
20260313-151418-7136 28425 * ExecuteNextAppRequestOperation (bench_client.cc:414): Sending op with proto 4 and index 1
20260313-151418-9146 28425 * ReceiveOperationResponse (bench_client.cc:547): AppRequest reply timeline: pos=1 status=0 issue_to_reply_ms=201 batch_age_ms=402
20260313-151418-9148 28425 * ExecuteNextAppRequestOperation (bench_client.cc:414): Sending op with proto 4 and index 1
20260313-151419-1160 28425 * ReceiveOperationResponse (bench_client.cc:547): AppRequest reply timeline: pos=2 status=0 issue_to_reply_ms=201 batch_age_ms=603
20260313-151419-1162 28425 * GetNextOperation (app_request.cc:76): AppRequest batch composition: fanout=4 reads=4 writes=0
20260313-151419-1162 28425 * ExecuteNextAppRequestOperation (bench_client.cc:414): Sending op with proto 4 and index 1
20260313-151419-3173 28425 * ReceiveOperationResponse (bench_client.cc:547): AppRequest reply timeline: pos=3 status=0 issue_to_reply_ms=201 batch_age_ms=805
20260313-151419-3174 28425 * ReceiveOperationResponse (bench_client.cc:562): AppRequest batch done: fanout=4 total_reply_ms=805
20260313-151419-3177 28425 * ExecuteNextAppRequestOperation (bench_client.cc:414): Sending op with proto 4 and index 1
20260313-151419-5187 28425 * ReceiveOperationResponse (bench_client.cc:547): AppRequest reply timeline: pos=0 status=0 issue_to_reply_ms=201 batch_age_ms=201
20260313-151419-5189 28425 * ExecuteNextAppRequestOperation (bench_client.cc:414): Sending op with proto 4 and index 1
20260313-151419-7199 28425 * ReceiveOperationResponse (bench_client.cc:547): AppRequest reply timeline: pos=1 status=0 issue_to_reply_ms=201 batch_age_ms=402
20260313-151419-7200 28425 * ExecuteNextAppRequestOperation (bench_client.cc:414): Sending op with proto 4 and index 1
20260313-151419-9210 28425 * ReceiveOperationResponse (bench_client.cc:547): AppRequest reply timeline: pos=2 status=0 issue_to_reply_ms=201 batch_age_ms=603
20260313-151419-9212 28425 * GetNextOperation (app_request.cc:76): AppRequest batch composition: fanout=4 reads=4 writes=0
20260313-151419-9212 28425 * ExecuteNextAppRequestOperation (bench_client.cc:414): Sending op with proto 4 and index 1
20260313-151420-1223 28425 * ReceiveOperationResponse (bench_client.cc:547): AppRequest reply timeline: pos=3 status=0 issue_to_reply_ms=201 batch_age_ms=805
20260313-151420-1224 28425 * ReceiveOperationResponse (bench_client.cc:562): AppRequest batch done: fanout=4 total_reply_ms=805
20260313-151420-1244 28425 * ExecuteNextAppRequestOperation (bench_client.cc:414): Sending op with proto 4 and index 1
20260313-151420-3254 28425 * ReceiveOperationResponse (bench_client.cc:547): AppRequest reply timeline: pos=0 status=0 issue_to_reply_ms=201 batch_age_ms=201
20260313-151420-3255 28425 * ExecuteNextAppRequestOperation (bench_client.cc:414): Sending op with proto 4 and index 1
20260313-151420-5265 28425 * ReceiveOperationResponse (bench_client.cc:547): AppRequest reply timeline: pos=1 status=0 issue_to_reply_ms=201 batch_age_ms=402
20260313-151420-5267 28425 * ExecuteNextAppRequestOperation (bench_client.cc:414): Sending op with proto 4 and index 1
20260313-151420-7277 28425 * ReceiveOperationResponse (bench_client.cc:547): AppRequest reply timeline: pos=2 status=0 issue_to_reply_ms=201 batch_age_ms=603
20260313-151420-7279 28425 * GetNextOperation (app_request.cc:76): AppRequest batch composition: fanout=4 reads=4 writes=0
20260313-151420-7280 28425 * ExecuteNextAppRequestOperation (bench_client.cc:414): Sending op with proto 4 and index 1
20260313-151420-9290 28425 * ReceiveOperationResponse (bench_client.cc:547): AppRequest reply timeline: pos=3 status=0 issue_to_reply_ms=201 batch_age_ms=804
20260313-151420-9291 28425 * ReceiveOperationResponse (bench_client.cc:562): AppRequest batch done: fanout=4 total_reply_ms=804
20260313-151420-9304 28425 * ExecuteNextAppRequestOperation (bench_client.cc:414): Sending op with proto 4 and index 1
20260313-151421-1315 28425 * ReceiveOperationResponse (bench_client.cc:547): AppRequest reply timeline: pos=0 status=0 issue_to_reply_ms=201 batch_age_ms=201
20260313-151421-1317 28425 * ExecuteNextAppRequestOperation (bench_client.cc:414): Sending op with proto 4 and index 1
20260313-151421-3327 28425 * ReceiveOperationResponse (bench_client.cc:547): AppRequest reply timeline: pos=1 status=0 issue_to_reply_ms=201 batch_age_ms=402
20260313-151421-3329 28425 * ExecuteNextAppRequestOperation (bench_client.cc:414): Sending op with proto 4 and index 1
20260313-151421-5339 28425 * ReceiveOperationResponse (bench_client.cc:547): AppRequest reply timeline: pos=2 status=0 issue_to_reply_ms=201 batch_age_ms=603
20260313-151421-5341 28425 * GetNextOperation (app_request.cc:76): AppRequest batch composition: fanout=4 reads=4 writes=0
20260313-151421-5341 28425 * ExecuteNextAppRequestOperation (bench_client.cc:414): Sending op with proto 4 and index 1
20260313-151421-7352 28425 * ReceiveOperationResponse (bench_client.cc:547): AppRequest reply timeline: pos=3 status=0 issue_to_reply_ms=201 batch_age_ms=805
20260313-151421-7352 28425 * ReceiveOperationResponse (bench_client.cc:562): AppRequest batch done: fanout=4 total_reply_ms=805
20260313-151421-7371 28425 * ExecuteNextAppRequestOperation (bench_client.cc:414): Sending op with proto 4 and index 1
20260313-151421-9381 28425 * ReceiveOperationResponse (bench_client.cc:547): AppRequest reply timeline: pos=0 status=0 issue_to_reply_ms=200 batch_age_ms=200
20260313-151421-9383 28425 * ExecuteNextAppRequestOperation (bench_client.cc:414): Sending op with proto 4 and index 1
20260313-151422-1392 28425 * ReceiveOperationResponse (bench_client.cc:547): AppRequest reply timeline: pos=1 status=0 issue_to_reply_ms=201 batch_age_ms=402
20260313-151422-1394 28425 * ExecuteNextAppRequestOperation (bench_client.cc:414): Sending op with proto 4 and index 1
20260313-151422-3404 28425 * ReceiveOperationResponse (bench_client.cc:547): AppRequest reply timeline: pos=2 status=0 issue_to_reply_ms=201 batch_age_ms=603
20260313-151422-3406 28425 * GetNextOperation (app_request.cc:76): AppRequest batch composition: fanout=4 reads=4 writes=0
20260313-151422-3406 28425 * ExecuteNextAppRequestOperation (bench_client.cc:414): Sending op with proto 4 and index 1
20260313-151422-5417 28425 * ReceiveOperationResponse (bench_client.cc:547): AppRequest reply timeline: pos=3 status=0 issue_to_reply_ms=201 batch_age_ms=804
20260313-151422-5418 28425 * ReceiveOperationResponse (bench_client.cc:562): AppRequest batch done: fanout=4 total_reply_ms=804
20260313-151422-5435 28425 * ExecuteNextAppRequestOperation (bench_client.cc:414): Sending op with proto 4 and index 1
20260313-151422-7447 28425 * ReceiveOperationResponse (bench_client.cc:547): AppRequest reply timeline: pos=0 status=0 issue_to_reply_ms=201 batch_age_ms=201
20260313-151422-7448 28425 * ExecuteNextAppRequestOperation (bench_client.cc:414): Sending op with proto 4 and index 1
20260313-151422-9458 28425 * ReceiveOperationResponse (bench_client.cc:547): AppRequest reply timeline: pos=1 status=0 issue_to_reply_ms=201 batch_age_ms=402
20260313-151422-9459 28425 * ExecuteNextAppRequestOperation (bench_client.cc:414): Sending op with proto 4 and index 1
20260313-151423-1470 28425 * ReceiveOperationResponse (bench_client.cc:547): AppRequest reply timeline: pos=2 status=0 issue_to_reply_ms=201 batch_age_ms=603
20260313-151423-1472 28425 * GetNextOperation (app_request.cc:76): AppRequest batch composition: fanout=4 reads=4 writes=0
20260313-151423-1472 28425 * ExecuteNextAppRequestOperation (bench_client.cc:414): Sending op with proto 4 and index 1
20260313-151423-3482 28425 * ReceiveOperationResponse (bench_client.cc:547): AppRequest reply timeline: pos=3 status=0 issue_to_reply_ms=201 batch_age_ms=805
20260313-151423-3483 28425 * ReceiveOperationResponse (bench_client.cc:562): AppRequest batch done: fanout=4 total_reply_ms=805
20260313-151423-3494 28425 * ExecuteNextAppRequestOperation (bench_client.cc:414): Sending op with proto 4 and index 1
20260313-151423-5504 28425 * ReceiveOperationResponse (bench_client.cc:547): AppRequest reply timeline: pos=0 status=0 issue_to_reply_ms=201 batch_age_ms=201
20260313-151423-5506 28425 * ExecuteNextAppRequestOperation (bench_client.cc:414): Sending op with proto 4 and index 1
20260313-151423-7516 28425 * ReceiveOperationResponse (bench_client.cc:547): AppRequest reply timeline: pos=1 status=0 issue_to_reply_ms=201 batch_age_ms=402
20260313-151423-7518 28425 * ExecuteNextAppRequestOperation (bench_client.cc:414): Sending op with proto 4 and index 1
20260313-151423-9527 28425 * ReceiveOperationResponse (bench_client.cc:547): AppRequest reply timeline: pos=2 status=0 issue_to_reply_ms=201 batch_age_ms=603
20260313-151423-9528 28425 * GetNextOperation (app_request.cc:76): AppRequest batch composition: fanout=4 reads=4 writes=0
20260313-151423-9529 28425 * ExecuteNextAppRequestOperation (bench_client.cc:414): Sending op with proto 4 and index 1
20260313-151424-1538 28425 * ReceiveOperationResponse (bench_client.cc:547): AppRequest reply timeline: pos=3 status=0 issue_to_reply_ms=201 batch_age_ms=804
20260313-151424-1539 28425 * ReceiveOperationResponse (bench_client.cc:562): AppRequest batch done: fanout=4 total_reply_ms=804
20260313-151424-1558 28425 * ExecuteNextAppRequestOperation (bench_client.cc:414): Sending op with proto 4 and index 1
20260313-151424-3568 28425 * ReceiveOperationResponse (bench_client.cc:547): AppRequest reply timeline: pos=0 status=0 issue_to_reply_ms=201 batch_age_ms=201
20260313-151424-3570 28425 * ExecuteNextAppRequestOperation (bench_client.cc:414): Sending op with proto 4 and index 1
20260313-151424-5581 28425 * ReceiveOperationResponse (bench_client.cc:547): AppRequest reply timeline: pos=1 status=0 issue_to_reply_ms=201 batch_age_ms=402
20260313-151424-5582 28425 * ExecuteNextAppRequestOperation (bench_client.cc:414): Sending op with proto 4 and index 1
20260313-151424-7593 28425 * ReceiveOperationResponse (bench_client.cc:547): AppRequest reply timeline: pos=2 status=0 issue_to_reply_ms=201 batch_age_ms=604
20260313-151424-7594 28425 * GetNextOperation (app_request.cc:76): AppRequest batch composition: fanout=4 reads=4 writes=0
20260313-151424-7595 28425 * ExecuteNextAppRequestOperation (bench_client.cc:414): Sending op with proto 4 and index 1
20260313-151424-9609 28425 * ReceiveOperationResponse (bench_client.cc:547): AppRequest reply timeline: pos=3 status=0 issue_to_reply_ms=201 batch_age_ms=805
20260313-151424-9610 28425 * ReceiveOperationResponse (bench_client.cc:562): AppRequest batch done: fanout=4 total_reply_ms=805
20260313-151424-9629 28425 * ExecuteNextAppRequestOperation (bench_client.cc:414): Sending op with proto 4 and index 1
20260313-151425-1640 28425 * ReceiveOperationResponse (bench_client.cc:547): AppRequest reply timeline: pos=0 status=0 issue_to_reply_ms=201 batch_age_ms=201
20260313-151425-1642 28425 * ExecuteNextAppRequestOperation (bench_client.cc:414): Sending op with proto 4 and index 1
20260313-151425-3652 28425 * ReceiveOperationResponse (bench_client.cc:547): AppRequest reply timeline: pos=1 status=0 issue_to_reply_ms=201 batch_age_ms=403
20260313-151425-3654 28425 * ExecuteNextAppRequestOperation (bench_client.cc:414): Sending op with proto 4 and index 1
20260313-151425-5663 28425 * ReceiveOperationResponse (bench_client.cc:547): AppRequest reply timeline: pos=2 status=0 issue_to_reply_ms=201 batch_age_ms=604
20260313-151425-5664 28425 * GetNextOperation (app_request.cc:76): AppRequest batch composition: fanout=4 reads=4 writes=0
20260313-151425-5665 28425 * ExecuteNextAppRequestOperation (bench_client.cc:414): Sending op with proto 4 and index 1
20260313-151425-7675 28425 * ReceiveOperationResponse (bench_client.cc:547): AppRequest reply timeline: pos=3 status=0 issue_to_reply_ms=201 batch_age_ms=805
20260313-151425-7676 28425 * ReceiveOperationResponse (bench_client.cc:562): AppRequest batch done: fanout=4 total_reply_ms=805
20260313-151425-7692 28425 * ExecuteNextAppRequestOperation (bench_client.cc:414): Sending op with proto 4 and index 1
20260313-151425-9703 28425 * ReceiveOperationResponse (bench_client.cc:547): AppRequest reply timeline: pos=0 status=0 issue_to_reply_ms=201 batch_age_ms=201
20260313-151425-9704 28425 * ExecuteNextAppRequestOperation (bench_client.cc:414): Sending op with proto 4 and index 1
20260313-151426-1714 28425 * ReceiveOperationResponse (bench_client.cc:547): AppRequest reply timeline: pos=1 status=0 issue_to_reply_ms=201 batch_age_ms=402
20260313-151426-1716 28425 * ExecuteNextAppRequestOperation (bench_client.cc:414): Sending op with proto 4 and index 1
20260313-151426-3726 28425 * ReceiveOperationResponse (bench_client.cc:547): AppRequest reply timeline: pos=2 status=0 issue_to_reply_ms=201 batch_age_ms=603
20260313-151426-3727 28425 * GetNextOperation (app_request.cc:76): AppRequest batch composition: fanout=4 reads=4 writes=0
20260313-151426-3728 28425 * ExecuteNextAppRequestOperation (bench_client.cc:414): Sending op with proto 4 and index 1
20260313-151426-5738 28425 * ReceiveOperationResponse (bench_client.cc:547): AppRequest reply timeline: pos=3 status=0 issue_to_reply_ms=201 batch_age_ms=804
20260313-151426-5739 28425 * ReceiveOperationResponse (bench_client.cc:562): AppRequest batch done: fanout=4 total_reply_ms=804
20260313-151426-5758 28425 * ExecuteNextAppRequestOperation (bench_client.cc:414): Sending op with proto 4 and index 1
20260313-151426-7768 28425 * ReceiveOperationResponse (bench_client.cc:547): AppRequest reply timeline: pos=0 status=0 issue_to_reply_ms=201 batch_age_ms=201
20260313-151426-7769 28425 * ExecuteNextAppRequestOperation (bench_client.cc:414): Sending op with proto 4 and index 1
20260313-151426-9780 28425 * ReceiveOperationResponse (bench_client.cc:547): AppRequest reply timeline: pos=1 status=0 issue_to_reply_ms=201 batch_age_ms=402
20260313-151426-9781 28425 * ExecuteNextAppRequestOperation (bench_client.cc:414): Sending op with proto 4 and index 1
20260313-151427-1791 28425 * ReceiveOperationResponse (bench_client.cc:547): AppRequest reply timeline: pos=2 status=0 issue_to_reply_ms=200 batch_age_ms=603
20260313-151427-1793 28425 * GetNextOperation (app_request.cc:76): AppRequest batch composition: fanout=4 reads=4 writes=0
20260313-151427-1794 28425 * ExecuteNextAppRequestOperation (bench_client.cc:414): Sending op with proto 4 and index 1
20260313-151427-3804 28425 * ReceiveOperationResponse (bench_client.cc:547): AppRequest reply timeline: pos=3 status=0 issue_to_reply_ms=201 batch_age_ms=805
20260313-151427-3805 28425 * ReceiveOperationResponse (bench_client.cc:562): AppRequest batch done: fanout=4 total_reply_ms=805
20260313-151427-3825 28425 * ExecuteNextAppRequestOperation (bench_client.cc:414): Sending op with proto 4 and index 1
20260313-151427-5836 28425 * ReceiveOperationResponse (bench_client.cc:547): AppRequest reply timeline: pos=0 status=0 issue_to_reply_ms=201 batch_age_ms=201
20260313-151427-5838 28425 * ExecuteNextAppRequestOperation (bench_client.cc:414): Sending op with proto 4 and index 1
20260313-151427-7848 28425 * ReceiveOperationResponse (bench_client.cc:547): AppRequest reply timeline: pos=1 status=0 issue_to_reply_ms=201 batch_age_ms=402
20260313-151427-7850 28425 * ExecuteNextAppRequestOperation (bench_client.cc:414): Sending op with proto 4 and index 1
20260313-151427-9861 28425 * ReceiveOperationResponse (bench_client.cc:547): AppRequest reply timeline: pos=2 status=0 issue_to_reply_ms=201 batch_age_ms=603
20260313-151427-9862 28425 * GetNextOperation (app_request.cc:76): AppRequest batch composition: fanout=4 reads=4 writes=0
20260313-151427-9863 28425 * ExecuteNextAppRequestOperation (bench_client.cc:414): Sending op with proto 4 and index 1
20260313-151428-1873 28425 * ReceiveOperationResponse (bench_client.cc:547): AppRequest reply timeline: pos=3 status=0 issue_to_reply_ms=201 batch_age_ms=805
20260313-151428-1874 28425 * ReceiveOperationResponse (bench_client.cc:562): AppRequest batch done: fanout=4 total_reply_ms=805
20260313-151428-1882 28425 * ExecuteNextAppRequestOperation (bench_client.cc:414): Sending op with proto 4 and index 1
20260313-151428-3893 28425 * ReceiveOperationResponse (bench_client.cc:547): AppRequest reply timeline: pos=0 status=0 issue_to_reply_ms=201 batch_age_ms=201
20260313-151428-3895 28425 * ExecuteNextAppRequestOperation (bench_client.cc:414): Sending op with proto 4 and index 1
20260313-151428-5909 28425 * ReceiveOperationResponse (bench_client.cc:547): AppRequest reply timeline: pos=1 status=0 issue_to_reply_ms=201 batch_age_ms=402
20260313-151428-5911 28425 * ExecuteNextAppRequestOperation (bench_client.cc:414): Sending op with proto 4 and index 1
20260313-151428-7921 28425 * ReceiveOperationResponse (bench_client.cc:547): AppRequest reply timeline: pos=2 status=0 issue_to_reply_ms=201 batch_age_ms=603
20260313-151428-7923 28425 * GetNextOperation (app_request.cc:76): AppRequest batch composition: fanout=4 reads=4 writes=0
20260313-151428-7923 28425 * ExecuteNextAppRequestOperation (bench_client.cc:414): Sending op with proto 4 and index 1
20260313-151428-9934 28425 * ReceiveOperationResponse (bench_client.cc:547): AppRequest reply timeline: pos=3 status=0 issue_to_reply_ms=201 batch_age_ms=805
20260313-151428-9934 28425 * ReceiveOperationResponse (bench_client.cc:562): AppRequest batch done: fanout=4 total_reply_ms=805
20260313-151428-9939 28425 * ExecuteNextAppRequestOperation (bench_client.cc:414): Sending op with proto 4 and index 1
20260313-151429-1951 28425 * ReceiveOperationResponse (bench_client.cc:547): AppRequest reply timeline: pos=0 status=0 issue_to_reply_ms=201 batch_age_ms=201
20260313-151429-1952 28425 * ExecuteNextAppRequestOperation (bench_client.cc:414): Sending op with proto 4 and index 1
20260313-151429-3963 28425 * ReceiveOperationResponse (bench_client.cc:547): AppRequest reply timeline: pos=1 status=0 issue_to_reply_ms=201 batch_age_ms=403
20260313-151429-3965 28425 * ExecuteNextAppRequestOperation (bench_client.cc:414): Sending op with proto 4 and index 1
20260313-151429-5976 28425 * ReceiveOperationResponse (bench_client.cc:547): AppRequest reply timeline: pos=2 status=0 issue_to_reply_ms=201 batch_age_ms=604
20260313-151429-5977 28425 * GetNextOperation (app_request.cc:76): AppRequest batch composition: fanout=4 reads=4 writes=0
20260313-151429-5978 28425 * ExecuteNextAppRequestOperation (bench_client.cc:414): Sending op with proto 4 and index 1
20260313-151429-7989 28425 * ReceiveOperationResponse (bench_client.cc:547): AppRequest reply timeline: pos=3 status=0 issue_to_reply_ms=201 batch_age_ms=805
20260313-151429-7989 28425 * ReceiveOperationResponse (bench_client.cc:562): AppRequest batch done: fanout=4 total_reply_ms=805
20260313-151429-8001 28425 * ExecuteNextAppRequestOperation (bench_client.cc:414): Sending op with proto 4 and index 1
20260313-151430-0011 28425 * ReceiveOperationResponse (bench_client.cc:547): AppRequest reply timeline: pos=0 status=0 issue_to_reply_ms=201 batch_age_ms=201
20260313-151430-0013 28425 * ExecuteNextAppRequestOperation (bench_client.cc:414): Sending op with proto 4 and index 1
20260313-151430-2024 28425 * ReceiveOperationResponse (bench_client.cc:547): AppRequest reply timeline: pos=1 status=0 issue_to_reply_ms=201 batch_age_ms=403
20260313-151430-2026 28425 * ExecuteNextAppRequestOperation (bench_client.cc:414): Sending op with proto 4 and index 1
20260313-151430-4035 28425 * ReceiveOperationResponse (bench_client.cc:547): AppRequest reply timeline: pos=2 status=0 issue_to_reply_ms=201 batch_age_ms=604
20260313-151430-4037 28425 * GetNextOperation (app_request.cc:76): AppRequest batch composition: fanout=4 reads=4 writes=0
20260313-151430-4037 28425 * ExecuteNextAppRequestOperation (bench_client.cc:414): Sending op with proto 4 and index 1
20260313-151430-6048 28425 * ReceiveOperationResponse (bench_client.cc:547): AppRequest reply timeline: pos=3 status=0 issue_to_reply_ms=201 batch_age_ms=805
20260313-151430-6048 28425 * ReceiveOperationResponse (bench_client.cc:562): AppRequest batch done: fanout=4 total_reply_ms=805
20260313-151430-6061 28425 * ExecuteNextAppRequestOperation (bench_client.cc:414): Sending op with proto 4 and index 1
20260313-151430-8071 28425 * ReceiveOperationResponse (bench_client.cc:547): AppRequest reply timeline: pos=0 status=0 issue_to_reply_ms=200 batch_age_ms=200
20260313-151430-8073 28425 * ExecuteNextAppRequestOperation (bench_client.cc:414): Sending op with proto 4 and index 1
20260313-151431-0084 28425 * ReceiveOperationResponse (bench_client.cc:547): AppRequest reply timeline: pos=1 status=0 issue_to_reply_ms=201 batch_age_ms=402
20260313-151431-0085 28425 * ExecuteNextAppRequestOperation (bench_client.cc:414): Sending op with proto 4 and index 1
20260313-151431-2096 28425 * ReceiveOperationResponse (bench_client.cc:547): AppRequest reply timeline: pos=2 status=0 issue_to_reply_ms=201 batch_age_ms=603
20260313-151431-2098 28425 * GetNextOperation (app_request.cc:76): AppRequest batch composition: fanout=4 reads=4 writes=0
20260313-151431-2098 28425 * ExecuteNextAppRequestOperation (bench_client.cc:414): Sending op with proto 4 and index 1
20260313-151431-4108 28425 * ReceiveOperationResponse (bench_client.cc:547): AppRequest reply timeline: pos=3 status=0 issue_to_reply_ms=201 batch_age_ms=804
20260313-151431-4109 28425 * ReceiveOperationResponse (bench_client.cc:562): AppRequest batch done: fanout=4 total_reply_ms=804
20260313-151431-4120 28425 * ExecuteNextAppRequestOperation (bench_client.cc:414): Sending op with proto 4 and index 1
20260313-151431-6131 28425 * ReceiveOperationResponse (bench_client.cc:547): AppRequest reply timeline: pos=0 status=0 issue_to_reply_ms=201 batch_age_ms=201
20260313-151431-6133 28425 * ExecuteNextAppRequestOperation (bench_client.cc:414): Sending op with proto 4 and index 1
20260313-151431-8143 28425 * ReceiveOperationResponse (bench_client.cc:547): AppRequest reply timeline: pos=1 status=0 issue_to_reply_ms=201 batch_age_ms=403
20260313-151431-8145 28425 * ExecuteNextAppRequestOperation (bench_client.cc:414): Sending op with proto 4 and index 1
20260313-151432-0155 28425 * ReceiveOperationResponse (bench_client.cc:547): AppRequest reply timeline: pos=2 status=0 issue_to_reply_ms=201 batch_age_ms=604
20260313-151432-0156 28425 * GetNextOperation (app_request.cc:76): AppRequest batch composition: fanout=4 reads=4 writes=0
20260313-151432-0157 28425 * ExecuteNextAppRequestOperation (bench_client.cc:414): Sending op with proto 4 and index 1
20260313-151432-2166 28425 * ReceiveOperationResponse (bench_client.cc:547): AppRequest reply timeline: pos=3 status=0 issue_to_reply_ms=201 batch_age_ms=805
20260313-151432-2167 28425 * ReceiveOperationResponse (bench_client.cc:562): AppRequest batch done: fanout=4 total_reply_ms=805
20260313-151432-2189 28425 * ExecuteNextAppRequestOperation (bench_client.cc:414): Sending op with proto 4 and index 1
20260313-151432-4199 28425 * ReceiveOperationResponse (bench_client.cc:547): AppRequest reply timeline: pos=0 status=0 issue_to_reply_ms=201 batch_age_ms=201
20260313-151432-4201 28425 * ExecuteNextAppRequestOperation (bench_client.cc:414): Sending op with proto 4 and index 1
20260313-151432-6210 28425 * ReceiveOperationResponse (bench_client.cc:547): AppRequest reply timeline: pos=1 status=0 issue_to_reply_ms=201 batch_age_ms=402
20260313-151432-6212 28425 * ExecuteNextAppRequestOperation (bench_client.cc:414): Sending op with proto 4 and index 1
20260313-151432-8223 28425 * ReceiveOperationResponse (bench_client.cc:547): AppRequest reply timeline: pos=2 status=0 issue_to_reply_ms=201 batch_age_ms=604
20260313-151432-8225 28425 * GetNextOperation (app_request.cc:76): AppRequest batch composition: fanout=4 reads=4 writes=0
20260313-151432-8225 28425 * ExecuteNextAppRequestOperation (bench_client.cc:414): Sending op with proto 4 and index 1
20260313-151433-0235 28425 * ReceiveOperationResponse (bench_client.cc:547): AppRequest reply timeline: pos=3 status=0 issue_to_reply_ms=201 batch_age_ms=805
20260313-151433-0236 28425 * ReceiveOperationResponse (bench_client.cc:562): AppRequest batch done: fanout=4 total_reply_ms=805
20260313-151433-0247 28425 * ExecuteNextAppRequestOperation (bench_client.cc:414): Sending op with proto 4 and index 1
20260313-151433-2257 28425 * ReceiveOperationResponse (bench_client.cc:547): AppRequest reply timeline: pos=0 status=0 issue_to_reply_ms=201 batch_age_ms=201
20260313-151433-2259 28425 * ExecuteNextAppRequestOperation (bench_client.cc:414): Sending op with proto 4 and index 1
20260313-151433-4270 28425 * ReceiveOperationResponse (bench_client.cc:547): AppRequest reply timeline: pos=1 status=0 issue_to_reply_ms=201 batch_age_ms=402
20260313-151433-4272 28425 * ExecuteNextAppRequestOperation (bench_client.cc:414): Sending op with proto 4 and index 1
20260313-151433-6281 28425 * ReceiveOperationResponse (bench_client.cc:547): AppRequest reply timeline: pos=2 status=0 issue_to_reply_ms=200 batch_age_ms=603
20260313-151433-6283 28425 * GetNextOperation (app_request.cc:76): AppRequest batch composition: fanout=4 reads=4 writes=0
20260313-151433-6283 28425 * ExecuteNextAppRequestOperation (bench_client.cc:414): Sending op with proto 4 and index 1
20260313-151433-8295 28425 * ReceiveOperationResponse (bench_client.cc:547): AppRequest reply timeline: pos=3 status=0 issue_to_reply_ms=201 batch_age_ms=805
20260313-151433-8296 28425 * ReceiveOperationResponse (bench_client.cc:562): AppRequest batch done: fanout=4 total_reply_ms=805
20260313-151433-8303 28425 * ExecuteNextAppRequestOperation (bench_client.cc:414): Sending op with proto 4 and index 1
20260313-151434-0313 28425 * ReceiveOperationResponse (bench_client.cc:547): AppRequest reply timeline: pos=0 status=0 issue_to_reply_ms=201 batch_age_ms=201
20260313-151434-0314 28425 * ExecuteNextAppRequestOperation (bench_client.cc:414): Sending op with proto 4 and index 1
20260313-151434-2324 28425 * ReceiveOperationResponse (bench_client.cc:547): AppRequest reply timeline: pos=1 status=0 issue_to_reply_ms=201 batch_age_ms=402
20260313-151434-2325 28425 * ExecuteNextAppRequestOperation (bench_client.cc:414): Sending op with proto 4 and index 1
20260313-151434-4335 28425 * ReceiveOperationResponse (bench_client.cc:547): AppRequest reply timeline: pos=2 status=0 issue_to_reply_ms=201 batch_age_ms=603
20260313-151434-4337 28425 * GetNextOperation (app_request.cc:76): AppRequest batch composition: fanout=4 reads=4 writes=0
20260313-151434-4337 28425 * ExecuteNextAppRequestOperation (bench_client.cc:414): Sending op with proto 4 and index 1
20260313-151434-6346 28425 * ReceiveOperationResponse (bench_client.cc:547): AppRequest reply timeline: pos=3 status=0 issue_to_reply_ms=201 batch_age_ms=804
20260313-151434-6347 28425 * ReceiveOperationResponse (bench_client.cc:562): AppRequest batch done: fanout=4 total_reply_ms=804
20260313-151434-6365 28425 * ExecuteNextAppRequestOperation (bench_client.cc:414): Sending op with proto 4 and index 1
20260313-151434-8375 28425 * ReceiveOperationResponse (bench_client.cc:547): AppRequest reply timeline: pos=0 status=0 issue_to_reply_ms=201 batch_age_ms=201
20260313-151434-8376 28425 * ExecuteNextAppRequestOperation (bench_client.cc:414): Sending op with proto 4 and index 1
20260313-151435-0386 28425 * ReceiveOperationResponse (bench_client.cc:547): AppRequest reply timeline: pos=1 status=0 issue_to_reply_ms=201 batch_age_ms=402
20260313-151435-0387 28425 * ExecuteNextAppRequestOperation (bench_client.cc:414): Sending op with proto 4 and index 1
20260313-151435-2398 28425 * ReceiveOperationResponse (bench_client.cc:547): AppRequest reply timeline: pos=2 status=0 issue_to_reply_ms=201 batch_age_ms=603
20260313-151435-2399 28425 * GetNextOperation (app_request.cc:76): AppRequest batch composition: fanout=4 reads=4 writes=0
20260313-151435-2400 28425 * ExecuteNextAppRequestOperation (bench_client.cc:414): Sending op with proto 4 and index 1
20260313-151435-4411 28425 * ReceiveOperationResponse (bench_client.cc:547): AppRequest reply timeline: pos=3 status=0 issue_to_reply_ms=201 batch_age_ms=804
20260313-151435-4412 28425 * ReceiveOperationResponse (bench_client.cc:562): AppRequest batch done: fanout=4 total_reply_ms=804
20260313-151435-4413 28425 * Finish          (bench_client.cc:938): Completed 29 requests in 23.1184106 seconds
20260313-151435-4413 28425 * Finish          (bench_client.cc:939): 1 outstanding transactions.
20260313-151435-4428 28425 * ExecuteNextAppRequestOperation (bench_client.cc:414): Sending op with proto 4 and index 1
20260313-151435-6439 28425 * ReceiveOperationResponse (bench_client.cc:547): AppRequest reply timeline: pos=0 status=0 issue_to_reply_ms=201 batch_age_ms=201
20260313-151435-6440 28425 * ExecuteNextAppRequestOperation (bench_client.cc:414): Sending op with proto 4 and index 1
20260313-151435-8451 28425 * ReceiveOperationResponse (bench_client.cc:547): AppRequest reply timeline: pos=1 status=0 issue_to_reply_ms=201 batch_age_ms=402
20260313-151435-8453 28425 * ExecuteNextAppRequestOperation (bench_client.cc:414): Sending op with proto 4 and index 1
20260313-151436-0463 28425 * ReceiveOperationResponse (bench_client.cc:547): AppRequest reply timeline: pos=2 status=0 issue_to_reply_ms=201 batch_age_ms=604
20260313-151436-0465 28425 * GetNextOperation (app_request.cc:76): AppRequest batch composition: fanout=4 reads=4 writes=0
20260313-151436-0465 28425 * ExecuteNextAppRequestOperation (bench_client.cc:414): Sending op with proto 4 and index 1
20260313-151436-2475 28425 * ReceiveOperationResponse (bench_client.cc:547): AppRequest reply timeline: pos=3 status=0 issue_to_reply_ms=201 batch_age_ms=805
20260313-151436-2476 28425 * ReceiveOperationResponse (bench_client.cc:562): AppRequest batch done: fanout=4 total_reply_ms=805
Session continued: 0
last_service: , current_state: 0
Session destroyed: 18446744073709551615
last_service: , current_state: 0
Session continued: 0
last_service: , current_state: 0
Session destroyed: 18446744073709551615
last_service: , current_state: 0
Session destroyed: 0
last_service: , current_state: 0
20260313-151436-8669 28425 * FlushStats      (benchmark.cc:916): Flushing stats to /mnt/extra/experiments/2026-04-13-15-13-37/out/client-3-1-0-stats-0.json.
20260313-151436-8672 28425 * FlushStats      (benchmark.cc:928): All done!
20260313-151439-4415 28425 * Cleanup         (bench_client.cc:766): Aborting 0 outstanding transactions.
20260313-151439-4415 28425 * CooldownDone    (bench_client.cc:796): Finished cooldown period.
20260313-151439-4416 28425 * CooldownDone    (bench_client.cc:803): Median latency is 804877675 ns (804 ms)
20260313-151439-4416 28425 * CooldownDone    (bench_client.cc:812): Average latency is 804933801 ns (804 ms)
20260313-151439-4417 28425 * CooldownDone    (bench_client.cc:816): 90th percentile latency is 805340644 ns (805 ms)
20260313-151439-4417 28425 * CooldownDone    (bench_client.cc:820): 95th percentile latency is 805406842 ns (805 ms)
20260313-151439-4418 28425 * CooldownDone    (bench_client.cc:824): 99th percentile latency is 805407726 ns (805 ms)
20260313-151439-4418 28425 * LATENCY total: 804 ms 804 ms/536 ms 805 ms (30 samples, 24 s total)
20260313-151439-4419 28425 *     536 ms |         30 | ==============================
20260313-151439-4420 28425 * Stop            (tcptransport.cc:601): [TCP SUMMARY] outgoingCreated=30 outgoingClosed=0 incomingCreated=0 incomingClosed=0 outgoingPeak=30 incomingPeak=0
Inserted events:
  0x55a1a5f12390 [fd  7] Read Persist Internal
  0x55a1a5f31860 [fd  9] Read Persist
  0x55a1a5f36060 [fd  10] Read Persist
  0x55a1a5f322c0 [fd  11] Read Persist
  0x55a1a5f30890 [fd  12] Read Persist
  0x55a1a5f33890 [fd  13] Read Persist
  0x55a1a5f31120 [fd  14] Read Persist
  0x55a1a5f36450 [fd  15] Read Persist
  0x55a1a5f352c0 [fd  16] Read Persist
  0x55a1a5f35b40 [fd  17] Read Persist
  0x55a1a5f4e450 [fd  18] Read Persist
  0x55a1a5f4ea80 [fd  19] Read Persist
  0x55a1a5f4f180 [fd  20] Read Persist
  0x55a1a5f50020 [fd  21] Read Persist
  0x55a1a5f50840 [fd  22] Read Persist
  0x55a1a5f51060 [fd  23] Read Persist
  0x55a1a5f51f90 [fd  24] Read Persist
  0x55a1a5f527b0 [fd  25] Read Persist
  0x55a1a5f53230 [fd  26] Read Persist
  0x55a1a5f54160 [fd  27] Read Persist
  0x55a1a5f549d0 [fd  28] Read Persist
  0x55a1a5f55320 [fd  29] Read Persist
  0x55a1a5f564e0 [fd  30] Read Persist
  0x55a1a5f56e20 [fd  31] Read Persist
  0x55a1a5f57790 [fd  32] Read Persist
  0x55a1a5f58b40 [fd  33] Read Persist
  0x55a1a5f59460 [fd  34] Read Persist
  0x55a1a5f59dd0 [fd  35] Read Persist
  0x55a1a5f5b010 [fd  36] Read Persist
  0x55a1a5f5b8f0 [fd  37] Read Persist
  0x55a1a5f5c260 [fd  38] Read Persist
Active events:
20260313-151439-4425 28425 * main            (benchmark.cc:875): Cleaning up after experiment.
20260313-151439-4425 28425 * FlushStats      (benchmark.cc:916): Flushing stats to /mnt/extra/experiments/2026-04-13-15-13-37/out/client-3-1-0-stats-0.json.
20260313-151439-4428 28425 * FlushStats      (benchmark.cc:928): All done!
