#start,0,0
app,1433629696,31342015504,39
user_create,1433629696,31342015504,39
app,1355608064,32697676420,39
user_create,1355608064,32697676420,39
app,1303524864,34001253366,39
user_create,1303524864,34001253366,39
app,1399894272,35401199579,39
user_create,1399894272,35401199579,39
app,1488163584,36889415502,39
user_create,1488163584,36889415502,39
app,1447596288,38337064504,39
user_create,1447596288,38337064504,39
app,1295413248,39632529735,39
user_create,1295413248,39632529735,39
app,1474923264,41107505321,39
user_create,1474923264,41107505321,39
app,1579537664,42687095642,39
user_create,1579537664,42687095642,39
app,1365249280,44052396774,39
user_create,1365249280,44052396774,39
app,1415864832,45468314170,39
user_create,1415864832,45468314170,39
app,1374552320,46842918634,39
user_create,1374552320,46842918634,39
app,1551246336,48394217252,39
user_create,1551246336,48394217252,39
app,1773739008,50168008327,39
user_create,1773739008,50168008327,39
app,1684118528,51852179050,39
user_create,1684118528,51852179050,39
app,1369025536,53221256256,39
user_create,1369025536,53221256256,39
app,1172097536,54393405675,39
user_create,1172097536,54393405675,39
app,1461422080,55854880332,39
user_create,1461422080,55854880332,39
app,1683814656,57538749694,39
user_create,1683814656,57538749694,39
app,1491198976,59030003547,39
user_create,1491198976,59030003547,39
app,1591990784,60622046709,39
user_create,1591990784,60622046709,39
app,1565390080,62187488794,39
user_create,1565390080,62187488794,39
app,1446144256,63633687496,39
user_create,1446144256,63633687496,39
app,1697171968,65330912590,39
user_create,1697171968,65330912590,39
app,1232221696,66563186645,39
user_create,1232221696,66563186645,39
app,1565520384,68128759622,39
user_create,1565520384,68128759622,39
app,1656443136,69785255193,39
user_create,1656443136,69785255193,39
app,1537142016,71322449207,39
user_create,1537142016,71322449207,39
app,1433452288,72755954265,39
user_create,1433452288,72755954265,39
app,1263728128,74019734144,39
user_create,1263728128,74019734144,39
app,1199525120,75219311475,39
user_create,1199525120,75219311475,39
app,1355321600,76574687004,39
user_create,1355321600,76574687004,39
app,1623907584,78198646783,39
user_create,1623907584,78198646783,39
app,1788457472,79987169981,39
user_create,1788457472,79987169981,39
app,1230130432,81217366456,39
user_create,1230130432,81217366456,39
app,1262776576,82480195760,39
user_create,1262776576,82480195760,39
app,1264106496,83744355440,39
user_create,1264106496,83744355440,39
app,1565724672,85310132980,39
user_create,1565724672,85310132980,39
app,1383714560,86693899631,39
user_create,1383714560,86693899631,39
app,1387842048,88081794261,39
user_create,1387842048,88081794261,39
app,1536812032,89618658781,39
user_create,1536812032,89618658781,39
app,1185933824,90804644823,39
user_create,1185933824,90804644823,39
app,1335515904,92140212774,39
user_create,1335515904,92140212774,39
app,1282043648,93422308683,39
user_create,1282043648,93422308683,39
app,1355598592,94777959346,39
user_create,1355598592,94777959346,39
app,1370003968,96148015499,39
user_create,1370003968,96148015499,39
app,1446407680,97594475746,39
user_create,1446407680,97594475746,39
app,1297287168,98891815900,39
user_create,1297287168,98891815900,39
app,1592477952,100484346151,39
user_create,1592477952,100484346151,39
app,1217761024,101702160835,39
user_create,1217761024,101702160835,39
app,1592940800,103295154094,39
user_create,1592940800,103295154094,39
app,1538041856,104833248376,39
user_create,1538041856,104833248376,39
app,1520158464,106353459596,39
user_create,1520158464,106353459596,39
app,1579891456,107933403491,39
user_create,1579891456,107933403491,39
app,1236008704,109169464349,39
user_create,1236008704,109169464349,39
app,1787533312,110957051515,39
user_create,1787533312,110957051515,39
app,1218192384,112175296306,39
user_create,1218192384,112175296306,39
app,1727190272,113902539014,39
user_create,1727190272,113902539014,39
app,1395247872,115297839403,39
user_create,1395247872,115297839403,39
app,1552945408,116850836992,39
user_create,1552945408,116850836992,39
app,1139980288,117990869283,39
user_create,1139980288,117990869283,39
app,1670236672,119661158800,39
user_create,1670236672,119661158800,39
app,1382118400,121043329477,39
user_create,1382118400,121043329477,39
app,1445883136,122489267110,39
user_create,1445883136,122489267110,39
app,1373587968,123862907171,39
user_create,1373587968,123862907171,39
app,1231194880,125094154834,39
user_create,1231194880,125094154834,39
app,1296819200,126391026258,39
user_create,1296819200,126391026258,39
app,1434199808,127825278282,39
user_create,1434199808,127825278282,39
app,1434169344,129259500503,39
user_create,1434169344,129259500503,39
app,1249858816,130509411573,39
user_create,1249858816,130509411573,39
app,1199667456,131709133386,39
user_create,1199667456,131709133386,39
app,1591813632,133300999402,39
user_create,1591813632,133300999402,39
app,1185760768,134486812353,39
user_create,1185760768,134486812353,39
app,1296435712,135783300876,39
user_create,1296435712,135783300876,39
app,1383865600,137167219161,39
user_create,1383865600,137167219161,39
app,1200315392,138367599964,39
user_create,1200315392,138367599964,39
app,1401674496,139769326448,39
user_create,1401674496,139769326448,39
app,1459654656,141229033470,39
user_create,1459654656,141229033470,39
app,1108154880,142337241411,39
user_create,1108154880,142337241411,39
app,1302469632,143639762878,39
user_create,1302469632,143639762878,39
app,1460028160,145099843263,39
user_create,1460028160,145099843263,39
app,1774029568,146873925447,39
user_create,1774029568,146873925447,39
app,1578845952,148452860116,39
user_create,1578845952,148452860116,39
app,1383091456,149836005210,39
user_create,1383091456,149836005210,39
app,1520235264,151356305599,39
user_create,1520235264,151356305599,39
app,1683871744,153040230274,39
user_create,1683871744,153040230274,39
app,1433745408,154474028348,39
user_create,1433745408,154474028348,39
app,1295403520,155769484758,39
user_create,1295403520,155769484758,39
app,1282443520,157051980972,39
user_create,1282443520,157051980972,39
app,1566423040,158618457794,39
user_create,1566423040,158618457794,39
app,1139930880,159758440971,39
user_create,1139930880,159758440971,39
app,1580238336,161338732004,39
user_create,1580238336,161338732004,39
app,1342149120,162680933713,39
user_create,1342149120,162680933713,39
app,1387791104,164068777322,39
user_create,1387791104,164068777322,39
app,1336196352,165405061483,39
user_create,1336196352,165405061483,39
app,1217957120,166623071670,39
user_create,1217957120,166623071670,39
app,1433788928,168056913137,39
user_create,1433788928,168056913137,39
app,1218428160,169275396108,39
user_create,1218428160,169275396108,39
app,1294926336,170570375680,39
user_create,1294926336,170570375680,39
app,1296107008,171866535902,39
user_create,1296107008,171866535902,39
app,1492441856,173359030723,39
user_create,1492441856,173359030723,39
app,1492476672,174851560115,39
user_create,1492476672,174851560115,39
app,1335780352,176187392234,39
user_create,1335780352,176187392234,39
app,1400306176,177587750911,39
user_create,1400306176,177587750911,39
app,1231537152,178819340229,39
user_create,1231537152,178819340229,39
app,1434103040,180253496885,39
user_create,1434103040,180253496885,39
app,1278039296,181531588077,39
user_create,1278039296,181531588077,39
app,1609815808,183141456604,39
user_create,1609815808,183141456604,39
app,1296460800,184437969446,39
user_create,1296460800,184437969446,39
app,1277934080,185715955495,39
user_create,1277934080,185715955495,39
app,1462144000,187178151845,39
user_create,1462144000,187178151845,39
app,1609343744,188787557601,39
user_create,1609343744,188787557601,39
app,1519822848,190307433128,39
user_create,1519822848,190307433128,39
app,1401866496,191709352493,39
user_create,1401866496,191709352493,39
app,1460374528,193169779539,39
user_create,1460374528,193169779539,39
app,1656182528,194826014280,39
user_create,1656182528,194826014280,39
app,1461136640,196287202835,39
user_create,1461136640,196287202835,39
app,1695439872,197982707977,39
user_create,1695439872,197982707977,39
app,1249677056,199232437610,39
user_create,1249677056,199232437610,39
app,1566206464,200798697948,39
user_create,1566206464,200798697948,39
app,1448030976,202246781826,39
user_create,1448030976,202246781826,39
app,1336495872,203583330392,39
user_create,1336495872,203583330392,39
app,1185764864,204769147634,39
user_create,1185764864,204769147634,39
app,1373997056,206143199205,39
user_create,1373997056,206143199205,39
app,1140178432,207283430337,39
user_create,1140178432,207283430337,39
app,1235623424,208519106626,39
user_create,1235623424,208519106626,39
app,1295838720,209814997196,39
user_create,1295838720,209814997196,39
app,1683605504,211498655557,39
user_create,1683605504,211498655557,39
app,1500506880,212999215602,39
user_create,1500506880,212999215602,39
app,1264168192,214263436317,39
user_create,1264168192,214263436317,39
app,1789180928,216052670240,39
user_create,1789180928,216052670240,39
app,1297209856,217349932909,39
user_create,1297209856,217349932909,39
app,1324104192,218674089670,39
user_create,1324104192,218674089670,39
app,1296172288,219970315217,39
user_create,1296172288,219970315217,39
app,1552339456,221522720575,39
user_create,1552339456,221522720575,39
app,1684083200,223206856489,39
user_create,1684083200,223206856489,39
app,1303982080,224510891914,39
user_create,1303982080,224510891914,39
app,1356166656,225867111444,39
user_create,1356166656,225867111444,39
app,1107660800,226974824666,39
user_create,1107660800,226974824666,39
app,1609622016,228584499120,39
user_create,1609622016,228584499120,39
app,1291943936,229876495599,39
user_create,1291943936,229876495599,39
app,1726896128,231603444099,39
user_create,1726896128,231603444099,39
app,1295672576,232899168491,39
user_create,1295672576,232899168491,39
app,1445658624,234344879627,39
user_create,1445658624,234344879627,39
app,1356560640,235701492786,39
user_create,1356560640,235701492786,39
app,1342350336,237043895244,39
user_create,1342350336,237043895244,39
app,1296730112,238340677976,39
user_create,1296730112,238340677976,39
app,1200072960,239540804147,39
user_create,1200072960,239540804147,39
app,1296392448,240837276458,39
user_create,1296392448,240837276458,39
app,1492652288,242329982995,39
user_create,1492652288,242329982995,39
#end,242,329992,39
