20260216-111516-0295 32871 * main            (benchmark.cc:402): Starting benchmark.
20260216-111520-7008 32871 * main            (benchmark.cc:621): Creating a default paritioner!
20260216-111520-7010 32871 * Client          (client.cc:75):     Initializing StrongStore client with id [32]
20260216-111520-7011 32871 * BenchmarkClient (bench_client.cc:81): starting benchclient, issueConcurrent: 1; fanout: 1
Session created: 0
last_service: , current_state: 0
Session continued: 0
last_service: , current_state: 0
Session destroyed: 18446744073709551615
last_service: , current_state: 0
20260216-111526-0881 32871 * WarmupDone      (bench_client.cc:726): Completed warmup period of 5 seconds with 820 requests
20260216-111537-0915 32871 * Finish          (bench_client.cc:920): Completed 1847 requests in 11.009807 seconds
20260216-111537-0916 32871 * Finish          (bench_client.cc:921): 1 outstanding transactions.
Session continued: 0
last_service: , current_state: 0
Session destroyed: 18446744073709551615
last_service: , current_state: 0
Session continued: 0
last_service: , current_state: 0
Session destroyed: 18446744073709551615
last_service: , current_state: 0
Session destroyed: 0
last_service: , current_state: 0
20260216-111540-0873 32871 * FlushStats      (benchmark.cc:890): Flushing stats to /mnt/extra/experiments/2026-03-16-11-14-52/out/client-0-0-32-stats-0.json.
20260216-111540-0883 32871 * FlushStats      (benchmark.cc:902): All done!
20260216-111542-0943 32871 * Cleanup         (bench_client.cc:748): Aborting 0 outstanding transactions.
20260216-111542-0943 32871 * CooldownDone    (bench_client.cc:778): Finished cooldown period.
20260216-111542-0954 32871 * CooldownDone    (bench_client.cc:785): Median latency is 6006095 ns (6006 us)
20260216-111542-0955 32871 * CooldownDone    (bench_client.cc:794): Average latency is 5924092 ns (5924 us)
20260216-111542-0955 32871 * CooldownDone    (bench_client.cc:798): 90th percentile latency is 6859513 ns (6859 us)
20260216-111542-0956 32871 * CooldownDone    (bench_client.cc:802): 95th percentile latency is 7107748 ns (7107 us)
20260216-111542-0956 32871 * CooldownDone    (bench_client.cc:806): 99th percentile latency is 7871456 ns (7871 us)
20260216-111542-0956 32871 * LATENCY total: 2887 us 5924 us/4194 us 53 ms (1848 samples, 10 s total)
20260216-111542-0957 32871 *    2097 us |         84 | ==
20260216-111542-0957 32871 *    4194 us |       1759 | ==================================================
20260216-111542-0958 32871 *    8388 us |          3 | 
20260216-111542-0958 32871 *      16 ms |          1 | 
20260216-111542-0958 32871 *      33 ms |          1 | 
20260216-111542-0959 32871 * Stop            (tcptransport.cc:581): [TCP SUMMARY] outgoingCreated=1 outgoingClosed=0 incomingCreated=0 incomingClosed=0 outgoingPeak=1 incomingPeak=0
Inserted events:
  0x558364070f60 [fd  7] Read Persist Internal
  0x558364087560 [fd  9] Read Persist
Active events:
20260216-111542-0960 32871 * main            (benchmark.cc:849): Cleaning up after experiment.
20260216-111542-0960 32871 * FlushStats      (benchmark.cc:890): Flushing stats to /mnt/extra/experiments/2026-03-16-11-14-52/out/client-0-0-32-stats-0.json.
20260216-111542-0965 32871 * FlushStats      (benchmark.cc:902): All done!
