20260216-111515-9829 32813 * main            (benchmark.cc:402): Starting benchmark.
20260216-111520-6863 32813 * main            (benchmark.cc:621): Creating a default paritioner!
20260216-111520-6865 32813 * Client          (client.cc:75):     Initializing StrongStore client with id [2]
20260216-111520-6866 32813 * BenchmarkClient (bench_client.cc:81): starting benchclient, issueConcurrent: 1; fanout: 1
Session created: 0
last_service: , current_state: 0
Session continued: 0
last_service: , current_state: 0
Session destroyed: 18446744073709551615
last_service: , current_state: 0
20260216-111526-0949 32813 * WarmupDone      (bench_client.cc:726): Completed warmup period of 5 seconds with 829 requests
20260216-111537-0944 32813 * Finish          (bench_client.cc:920): Completed 1894 requests in 11.000638 seconds
20260216-111537-0944 32813 * Finish          (bench_client.cc:921): 1 outstanding transactions.
Session continued: 0
last_service: , current_state: 0
Session destroyed: 18446744073709551615
last_service: , current_state: 0
Session continued: 0
last_service: , current_state: 0
Session destroyed: 18446744073709551615
last_service: , current_state: 0
Session destroyed: 0
last_service: , current_state: 0
20260216-111540-0942 32813 * FlushStats      (benchmark.cc:890): Flushing stats to /mnt/extra/experiments/2026-03-16-11-14-52/out/client-0-0-2-stats-0.json.
20260216-111540-0950 32813 * FlushStats      (benchmark.cc:902): All done!
20260216-111542-0953 32813 * Cleanup         (bench_client.cc:748): Aborting 0 outstanding transactions.
20260216-111542-0953 32813 * CooldownDone    (bench_client.cc:778): Finished cooldown period.
20260216-111542-0959 32813 * CooldownDone    (bench_client.cc:785): Median latency is 5890775 ns (5890 us)
20260216-111542-0959 32813 * CooldownDone    (bench_client.cc:794): Average latency is 5773684 ns (5773 us)
20260216-111542-0959 32813 * CooldownDone    (bench_client.cc:798): 90th percentile latency is 6741684 ns (6741 us)
20260216-111542-0960 32813 * CooldownDone    (bench_client.cc:802): 95th percentile latency is 7026402 ns (7026 us)
20260216-111542-0960 32813 * CooldownDone    (bench_client.cc:806): 99th percentile latency is 7640044 ns (7640 us)
20260216-111542-0960 32813 * LATENCY total: 2982 us 5773 us/4194 us 54 ms (1895 samples, 10 s total)
20260216-111542-0960 32813 *    2097 us |        126 | ===
20260216-111542-0960 32813 *    4194 us |       1763 | ==================================================
20260216-111542-0960 32813 *    8388 us |          4 | 
20260216-111542-0961 32813 *      16 ms |          1 | 
20260216-111542-0961 32813 *      33 ms |          1 | 
20260216-111542-1319 32813 * Stop            (tcptransport.cc:581): [TCP SUMMARY] outgoingCreated=1 outgoingClosed=0 incomingCreated=0 incomingClosed=0 outgoingPeak=1 incomingPeak=0
Inserted events:
  0x561cb8a94f60 [fd  7] Read Persist Internal
  0x561cb8aab560 [fd  9] Read Persist
Active events:
20260216-111542-1321 32813 * main            (benchmark.cc:849): Cleaning up after experiment.
20260216-111542-1321 32813 * FlushStats      (benchmark.cc:890): Flushing stats to /mnt/extra/experiments/2026-03-16-11-14-52/out/client-0-0-2-stats-0.json.
20260216-111542-1363 32813 * FlushStats      (benchmark.cc:902): All done!
