basic_1BT,5971348,2836999092619,400
basic_1BT,4953955,2837004147120,400
basic_1BT,7276908,2837011450355,400
basic_1BT,6028938,2837017513215,400
basic_1BT,5767047,2837023317702,400
basic_1BT,6810063,2837030157358,400
basic_1BT,6603386,2837036801189,400
basic_1BT,5671037,2837042505999,400
basic_1BT,6041616,2837048585758,400
basic_1BT,6971577,2837055600785,400
basic_1BT,4668997,2837060306667,400
basic_1BT,6787978,2837067127552,400
basic_1BT,6721952,2837073887206,400
basic_1BT,5827349,2837079743714,400
basic_1BT,5944164,2837085717246,400
basic_1BT,4864797,2837090615196,400
basic_1BT,5420828,2837096063283,400
basic_1BT,6035518,2837102138940,400
basic_1BT,5261968,2837107428179,400
basic_1BT,6601094,2837114055215,400
basic_1BT,5357383,2837119445537,400
basic_1BT,6093463,2837125572563,400
basic_1BT,5393040,2837131003923,400
basic_1BT,5359526,2837136400931,400
basic_1BT,6893416,2837143346395,400
basic_1BT,8034990,2837151407108,400
basic_1BT,6025417,2837157470454,400
basic_1BT,5491507,2837162991238,400
basic_1BT,4189661,2837167210822,400
basic_1BT,6798602,2837174047687,400
basic_1BT,27806973,2837201883294,400
basic_1BT,5558762,2837207475642,400
basic_1BT,6021837,2837213534487,400
basic_1BT,5564393,2837219128439,400
basic_1BT,6694152,2837225862967,400
basic_1BT,6236392,2837232139058,400
basic_1BT,5391760,2837237565361,400
basic_1BT,3895379,2837241496049,400
basic_1BT,4993193,2837246525116,400
basic_1BT,4195810,2837250756486,400
basic_1BT,6324595,2837257104476,400
basic_1BT,6313470,2837263445910,400
basic_1BT,5559861,2837269041030,400
basic_1BT,4343819,2837273417311,400
basic_1BT,6119050,2837279561849,400
basic_1BT,7202155,2837286798691,400
basic_1BT,4494194,2837291352797,400
basic_1BT,3944163,2837295336903,400
basic_1BT,5473304,2837300838895,400
basic_1BT,6086421,2837306949967,400
basic_1BT,6146490,2837313134674,400
basic_1BT,6940181,2837320103503,400
basic_1BT,6988773,2837327128489,400
basic_1BT,5751743,2837332910930,400
basic_1BT,5563436,2837338502504,400
basic_1BT,6292991,2837344821702,400
basic_1BT,6778289,2837351634301,400
basic_1BT,6343272,2837358009498,400
basic_1BT,6804498,2837364845853,400
basic_1BT,6011815,2837370894705,400
basic_1BT,5543303,2837376467593,400
basic_1BT,5978776,2837382473322,400
basic_1BT,3666115,2837386165452,400
basic_1BT,3105590,2837389302095,400
basic_1BT,5861019,2837395191072,400
basic_1BT,6338000,2837401558124,400
basic_1BT,6269511,2837407858659,400
basic_1BT,5116538,2837413005888,400
basic_1BT,6191921,2837419229525,400
basic_1BT,4508903,2837423763930,400
basic_1BT,4729367,2837428519270,400
basic_1BT,5293626,2837433839323,400
basic_1BT,5522665,2837439389684,400
basic_1BT,5107911,2837444520712,400
basic_1BT,5907328,2837450454055,400
basic_1BT,6825678,2837457311565,400
basic_1BT,6156449,2837463497756,400
basic_1BT,5807756,2837469337317,400
basic_1BT,4645177,2837474015511,400
basic_1BT,6360831,2837480401820,400
basic_1BT,6194233,2837486630298,400
basic_1BT,5122001,2837491786046,400
basic_1BT,5960849,2837497779236,400
basic_1BT,6790564,2837504616026,400
basic_1BT,6321052,2837510963912,400
basic_1BT,4147491,2837515146128,400
basic_1BT,4586842,2837519768645,400
basic_1BT,4528508,2837524326713,400
basic_1BT,5701913,2837530055969,400
basic_1BT,6210259,2837536294123,400
basic_1BT,5310645,2837541632730,400
basic_1BT,5700401,2837547359328,400
basic_1BT,6671547,2837554063563,400
basic_1BT,5776207,2837559877184,400
basic_1BT,5613943,2837565524695,400
basic_1BT,6744093,2837572302165,400
basic_1BT,6184688,2837578514215,400
basic_1BT,4149872,2837582698385,400
basic_1BT,6544293,2837589271425,400
basic_1BT,6504810,2837595813367,400
basic_1BT,6426882,2837602274170,400
basic_1BT,6485026,2837608790606,400
basic_1BT,5195313,2837614015597,400
basic_1BT,5603941,2837619653845,400
basic_1BT,6670991,2837626359867,400
basic_1BT,5397584,2837631786071,400
basic_1BT,6961159,2837638784753,400
basic_1BT,5514852,2837644326114,400
basic_1BT,6647384,2837651003884,400
basic_1BT,6110439,2837657150771,400
basic_1BT,5679747,2837662861303,400
basic_1BT,5710087,2837668608423,400
basic_1BT,5840994,2837674481648,400
basic_1BT,6118713,2837680629499,400
basic_1BT,5706601,2837686386161,400
basic_1BT,6688971,2837693103647,400
basic_1BT,6245093,2837699382571,400
basic_1BT,4086720,2837703498817,400
basic_1BT,3438837,2837706975246,400
basic_1BT,5395691,2837712399443,400
basic_1BT,6522952,2837718947713,400
basic_1BT,5841173,2837724819227,400
basic_1BT,5659084,2837730509270,400
basic_1BT,5774868,2837736312336,400
basic_1BT,5847236,2837742184882,400
basic_1BT,3626290,2837745840624,400
basic_1BT,3598746,2837749479750,400
basic_1BT,6123157,2837755630821,400
basic_1BT,6771732,2837762428796,400
basic_1BT,7016241,2837769483752,400
basic_1BT,5830266,2837775346087,400
basic_1BT,5917370,2837781290309,400
basic_1BT,6234287,2837787551403,400
basic_1BT,6572657,2837794149281,400
basic_1BT,6659232,2837800842733,400
basic_1BT,7079960,2837807959622,400
basic_1BT,5302503,2837813286179,400
basic_1BT,5935170,2837819248292,400
basic_1BT,5149698,2837824426950,400
basic_1BT,6594274,2837831050317,400
basic_1BT,6489061,2837837571420,400
basic_1BT,6499646,2837844121098,400
basic_1BT,5602329,2837849753628,400
basic_1BT,5597366,2837855379240,400
basic_1BT,5544715,2837860953254,400
basic_1BT,3863920,2837864857263,400
basic_1BT,6905578,2837871792212,400
basic_1BT,5589229,2837877410855,400
basic_1BT,5639472,2837883082694,400
basic_1BT,7893859,2837891014410,400
basic_1BT,4549551,2837895591188,400
basic_1BT,3729988,2837899365087,400
basic_1BT,5324813,2837904719219,400
basic_1BT,6276765,2837911024111,400
basic_1BT,4741693,2837915797197,400
basic_1BT,3344690,2837919188203,400
basic_1BT,6562080,2837925781877,400
basic_1BT,5656374,2837931468975,400
basic_1BT,5305674,2837936806336,400
basic_1BT,5879636,2837942715033,400
basic_1BT,5353261,2837948094247,400
basic_1BT,6924034,2837955046962,400
basic_1BT,6457826,2837961532475,400
basic_1BT,6002552,2837967575621,400
basic_1BT,6098233,2837973703439,400
basic_1BT,5708624,2837979440662,400
basic_1BT,6633795,2837986114441,400
basic_1BT,4910060,2837991060779,400
basic_1BT,6066133,2837997161957,400
basic_1BT,6189779,2838003389386,400
basic_1BT,6637416,2838010057335,400
basic_1BT,7158344,2838017243775,400
basic_1BT,6222322,2838023495372,400
basic_1BT,4343755,2838027871505,400
basic_1BT,5648789,2838033551442,400
basic_1BT,4457070,2838038043111,400
basic_1BT,4807225,2838042881960,400
basic_1BT,5475921,2838048386843,400
basic_1BT,4679885,2838053095167,400
basic_1BT,6858807,2838059977559,400
basic_1BT,5120108,2838065147305,400
basic_1BT,7547591,2838072724465,400
basic_1BT,6257642,2838079011839,400
basic_1BT,6739879,2838085789379,400
basic_1BT,5912524,2838091749871,400
basic_1BT,4332130,2838096137401,400
basic_1BT,4561703,2838100740606,400
basic_1BT,5276656,2838106055043,400
basic_1BT,6515891,2838112597016,400
basic_1BT,5583030,2838118215652,400
basic_1BT,6428053,2838124674355,400
basic_1BT,6325007,2838131029175,400
basic_1BT,5208203,2838136267656,400
basic_1BT,5810641,2838142103074,400
basic_1BT,4755261,2838146889000,400
basic_1BT,7818083,2838154749203,400
basic_1BT,4083267,2838158860322,400
basic_1BT,5681888,2838164578742,400
basic_1BT,5296322,2838169912758,400
basic_1BT,4218828,2838174160843,400
basic_1BT,3761347,2838177948286,400
basic_1BT,4920552,2838182912203,400
basic_1BT,4496447,2838187446524,400
basic_1BT,5707022,2838193181909,400
basic_1BT,6169737,2838199383337,400
basic_1BT,5849419,2838205258420,400
basic_1BT,6838234,2838212124299,400
basic_1BT,5591427,2838217748018,400
basic_1BT,5441098,2838223220064,400
basic_1BT,6263214,2838229510305,400
basic_1BT,4878164,2838234428468,400
basic_1BT,6027920,2838240482561,400
basic_1BT,5700539,2838246222051,400
basic_1BT,5877179,2838252129070,400
basic_1BT,4788760,2838256947466,400
basic_1BT,4500068,2838261471967,400
basic_1BT,6121735,2838267617995,400
basic_1BT,5816901,2838273463817,400
basic_1BT,6399699,2838279893459,400
basic_1BT,4500807,2838284421065,400
basic_1BT,4951878,2838289401901,400
basic_1BT,4908360,2838294338811,400
basic_1BT,5821413,2838300190135,400
basic_1BT,4470577,2838304694137,400
basic_1BT,5627335,2838310358676,400
basic_1BT,5418003,2838315809337,400
basic_1BT,5489438,2838321324640,400
basic_1BT,5586170,2838326939255,400
basic_1BT,6490201,2838333479586,400
basic_1BT,6008572,2838339520270,400
basic_1BT,5076085,2838344627295,400
basic_1BT,6026941,2838350691862,400
basic_1BT,4919843,2838355640353,400
basic_1BT,3168260,2838358835936,400
basic_1BT,6131019,2838364995650,400
basic_1BT,5678418,2838370704105,400
basic_1BT,4959138,2838375700683,400
basic_1BT,7008924,2838382734667,400
basic_1BT,6638808,2838389400508,400
basic_1BT,6806900,2838396237258,400
basic_1BT,3572044,2838399836905,400
basic_1BT,4429162,2838404304072,400
basic_1BT,5184578,2838409520558,400
basic_1BT,5044221,2838414591541,400
basic_1BT,6541297,2838421159432,400
basic_1BT,6211141,2838427402081,400
basic_1BT,6709283,2838434146974,400
basic_1BT,5259362,2838439435652,400
basic_1BT,6624491,2838446094085,400
basic_1BT,5762249,2838451891203,400
basic_1BT,5678879,2838457596439,400
basic_1BT,5285372,2838462907327,400
basic_1BT,5533535,2838468469894,400
basic_1BT,5867816,2838474367959,400
basic_1BT,6733167,2838481136852,400
basic_1BT,6181238,2838487351977,400
basic_1BT,4357039,2838491742359,400
basic_1BT,5261933,2838497058198,400
basic_1BT,4896002,2838501981406,400
basic_1BT,4920102,2838506931090,400
basic_1BT,5924440,2838512886441,400
basic_1BT,6162916,2838519086798,400
basic_1BT,6553065,2838525667749,400
basic_1BT,4770565,2838530466079,400
basic_1BT,5744109,2838536245772,400
basic_1BT,6745531,2838543027684,400
basic_1BT,5864832,2838548921017,400
basic_1BT,5983385,2838554935215,400
basic_1BT,7297033,2838562273643,400
basic_1BT,6178521,2838568484696,400
basic_1BT,4319819,2838572830646,400
basic_1BT,5905709,2838578774875,400
basic_1BT,5432549,2838584238341,400
basic_1BT,5294612,2838589561571,400
basic_1BT,4890411,2838594485275,400
basic_1BT,6248176,2838600762516,400
basic_1BT,5592932,2838606381891,400
basic_1BT,6637589,2838613048104,400
basic_1BT,5895523,2838618975296,400
basic_1BT,6512205,2838625514892,400
basic_1BT,5258330,2838630803256,400
basic_1BT,6961217,2838637805571,400
basic_1BT,4442098,2838642276763,400
basic_1BT,5024548,2838647332421,400
basic_1BT,5032337,2838652394679,400
basic_1BT,5757478,2838658179430,400
basic_1BT,6541130,2838664747573,400
basic_1BT,6543049,2838671319521,400
basic_1BT,4256896,2838675610123,400
basic_1BT,3768160,2838679415708,400
basic_1BT,5299398,2838684743143,400
basic_1BT,6093525,2838690873649,400
basic_1BT,6292632,2838697205805,400
basic_1BT,5877260,2838703116408,400
basic_1BT,6472947,2838709636583,400
basic_1BT,5427053,2838715093337,400
basic_1BT,6691543,2838721824304,400
basic_1BT,6238890,2838728091997,400
basic_1BT,5940733,2838734073213,400
basic_1BT,4568557,2838738676451,400
basic_1BT,5052601,2838743766676,400
basic_1BT,4785273,2838748584226,400
basic_1BT,5693277,2838754303262,400
basic_1BT,4655648,2838758984696,400
basic_1BT,5043724,2838764078159,400
basic_1BT,7598298,2838771711600,400
basic_1BT,4999921,2838776739099,400
basic_1BT,6022380,2838782790566,400
basic_1BT,6053828,2838788871427,400
basic_1BT,7181911,2838796091755,400
basic_1BT,6150763,2838802271356,400
basic_1BT,7002841,2838809310632,400
basic_1BT,6182341,2838815532096,400
basic_1BT,6640160,2838822204969,400
basic_1BT,6416032,2838828655606,400
basic_1BT,6150120,2838834830352,400
basic_1BT,5667055,2838840522442,400
basic_1BT,5706085,2838846262092,400
basic_1BT,6820769,2838853117885,400
basic_1BT,5567997,2838858735851,400
basic_1BT,6512160,2838865269716,400
basic_1BT,5063074,2838870357721,400
basic_1BT,7583302,2838877980890,400
basic_1BT,4343796,2838882359071,400
basic_1BT,4397733,2838886793638,400
basic_1BT,5745811,2838892576511,400
basic_1BT,6061748,2838898661257,400
basic_1BT,5450271,2838904133965,400
basic_1BT,5669043,2838909829151,400
basic_1BT,6756366,2838916619489,400
basic_1BT,6011823,2838922665186,400
basic_1BT,6897351,2838929595856,400
basic_1BT,6578065,2838936208171,400
basic_1BT,6270490,2838942507762,400
basic_1BT,6074409,2838948611464,400
basic_1BT,6042011,2838954680886,400
basic_1BT,5968170,2838960675474,400
basic_1BT,6933430,2838967644008,400
basic_1BT,5583530,2838973262292,400
basic_1BT,6396202,2838979704560,400
basic_1BT,5686519,2838985416793,400
basic_1BT,7109947,2838992567084,400
basic_1BT,4517268,2838997133518,400
basic_1BT,7572715,2839004737190,400
basic_1BT,4792434,2839009556345,400
basic_1BT,5241388,2839014824994,400
basic_1BT,3656962,2839018521972,400
basic_1BT,6446894,2839024995014,400
basic_1BT,6537043,2839031563114,400
basic_1BT,6644987,2839038239055,400
basic_1BT,5891012,2839044154383,400
basic_1BT,4782419,2839048962299,400
basic_1BT,4874630,2839053868242,400
basic_1BT,4550508,2839058446488,400
basic_1BT,5638549,2839064110839,400
basic_1BT,6210084,2839070348367,400
basic_1BT,4846458,2839075229419,400
basic_1BT,6536509,2839081801697,400
basic_1BT,5921826,2839087753469,400
basic_1BT,5413255,2839093201812,400
basic_1BT,3993590,2839097235256,400
basic_1BT,5781551,2839103055404,400
basic_1BT,4937862,2839108037908,400
basic_1BT,7332059,2839115394152,400
basic_1BT,6161323,2839121583813,400
basic_1BT,6491761,2839128109929,400
basic_1BT,5708624,2839133847910,400
basic_1BT,6886654,2839140763715,400
basic_1BT,5912880,2839146709272,400
basic_1BT,4702536,2839151451513,400
basic_1BT,7002775,2839158478762,400
basic_1BT,4559616,2839163067418,400
basic_1BT,4398560,2839167507228,400
basic_1BT,5619979,2839173155268,400
basic_1BT,5746302,2839178927699,400
basic_1BT,5468147,2839184423383,400
basic_1BT,5642096,2839190094778,400
basic_1BT,5432508,2839195556621,400
basic_1BT,6471579,2839202057008,400
basic_1BT,6046354,2839208133045,400
basic_1BT,6235845,2839214401999,400
basic_1BT,5440246,2839219878882,400
basic_1BT,7238568,2839227150515,400
basic_1BT,4399262,2839231578856,400
basic_1BT,4019205,2839235627206,400
basic_1BT,5541921,2839241199647,400
basic_1BT,6380971,2839247614842,400
basic_1BT,5945578,2839253598107,400
basic_1BT,5226641,2839258851879,400
basic_1BT,6540242,2839265417912,400
basic_1BT,5895566,2839271344546,400
basic_1BT,6535257,2839277910655,400
basic_1BT,5915092,2839283851079,400
basic_1BT,6980493,2839290859495,400
basic_1BT,5041427,2839295938471,400
basic_1BT,5840411,2839301804431,400
basic_1BT,6782969,2839308620624,400
basic_1BT,5170677,2839313851141,400
basic_1BT,7041925,2839320921137,400
basic_1BT,5186282,2839326135905,400
basic_1BT,6099517,2839332265810,400
basic_1BT,5664205,2839337960848,400
basic_1BT,5864533,2839343861487,400
basic_1BT,4960014,2839348872069,400
basic_1BT,7357671,2839356254680,400
basic_1BT,4061084,2839360340902,400
basic_1BT,3093234,2839363462930,400
basic_1BT,4046062,2839367540021,400
basic_1BT,5360782,2839372928648,400
basic_1BT,5661110,2839378618157,400
basic_1BT,4470119,2839383135631,400
basic_1BT,5886998,2839389052221,400
basic_1BT,6017280,2839395099692,400
basic_1BT,6099074,2839401228149,400
basic_1BT,5993881,2839407251892,400
basic_1BT,5492922,2839412769568,400
basic_1BT,6387885,2839419184875,400
basic_1BT,5031927,2839424243931,400
basic_1BT,7411653,2839431682477,400
basic_1BT,7399145,2839439122546,400
basic_1BT,6166839,2839445322632,400
basic_1BT,5693477,2839451048075,400
basic_1BT,4306506,2839455379268,400
basic_1BT,3858845,2839459279903,400
basic_1BT,5414281,2839464721957,400
basic_1BT,6340402,2839471090398,400
basic_1BT,6540142,2839477659952,400
basic_1BT,6278632,2839483973839,400
basic_1BT,6703160,2839490702386,400
basic_1BT,4142272,2839494871414,400
basic_1BT,2804416,2839497706518,400
basic_1BT,4474994,2839502219074,400
basic_1BT,7630622,2839509878555,400
basic_1BT,6503921,2839516409688,400
basic_1BT,5816133,2839522251561,400
basic_1BT,4826135,2839527114134,400
basic_1BT,7643563,2839534786951,400
basic_1BT,4221835,2839539055619,400
basic_1BT,5317454,2839544400783,400
basic_1BT,5151231,2839549581881,400
basic_1BT,5402684,2839555014990,400
basic_1BT,5905955,2839560953746,400
basic_1BT,5568431,2839566557854,400
basic_1BT,6275764,2839572860052,400
basic_1BT,6941209,2839579826093,400
basic_1BT,6530560,2839586381842,400
basic_1BT,6276059,2839592694731,400
basic_1BT,5010356,2839597738323,400
basic_1BT,6516700,2839604280912,400
basic_1BT,5495487,2839609801818,400
basic_1BT,6271440,2839616104472,400
basic_1BT,10863341,2839626997105,400
basic_1BT,6245126,2839633271266,400
basic_1BT,5030909,2839638335522,400
basic_1BT,4211141,2839642575506,400
basic_1BT,6277500,2839648882863,400
basic_1BT,5872536,2839654794747,400
basic_1BT,6115656,2839660937713,400
basic_1BT,5771153,2839666740028,400
basic_1BT,5969722,2839672748758,400
basic_1BT,4892410,2839677669200,400
basic_1BT,5818072,2839683515420,400
basic_1BT,6089000,2839689632286,400
basic_1BT,7107843,2839696776044,400
basic_1BT,5524098,2839702325681,400
basic_1BT,4967168,2839707347140,400
basic_1BT,5995984,2839713373762,400
basic_1BT,5365176,2839718768127,400
basic_1BT,5831392,2839724629581,400
basic_1BT,5594241,2839730255955,400
basic_1BT,5672063,2839735965879,400
basic_1BT,5605298,2839741600246,400
basic_1BT,3343172,2839744983051,400
basic_1BT,5498690,2839750514675,400
basic_1BT,6337377,2839756877512,400
basic_1BT,4541536,2839761465351,400
basic_1BT,6721437,2839768215392,400
basic_1BT,4902820,2839773144234,400
basic_1BT,4786874,2839777970573,400
basic_1BT,4810173,2839782809844,400
basic_1BT,5012860,2839787850798,400
basic_1BT,5761673,2839793640188,400
basic_1BT,6797436,2839800466059,400
basic_1BT,6571278,2839807071774,400
basic_1BT,5410191,2839812514156,400
basic_1BT,5539527,2839818080588,400
basic_1BT,6169882,2839824278486,400
basic_1BT,6262364,2839830566257,400
basic_1BT,7030724,2839837623281,400
basic_1BT,5836179,2839843489245,400
basic_1BT,6557299,2839850077521,400
basic_1BT,7569639,2839857698457,400
basic_1BT,4915316,2839862651414,400
basic_1BT,4744110,2839867435464,400
basic_1BT,4679282,2839872146913,400
basic_1BT,6964999,2839879145042,400
basic_1BT,5433222,2839884612164,400
basic_1BT,5703519,2839890346586,400
basic_1BT,5710082,2839896087142,400
basic_1BT,5848130,2839901966180,400
basic_1BT,6764328,2839908763967,400
basic_1BT,5255895,2839914048697,400
basic_1BT,6173468,2839920255763,400
basic_1BT,6946716,2839927244232,400
basic_1BT,6438649,2839933709976,400
basic_1BT,6565643,2839940302433,400
basic_1BT,5871130,2839946206171,400
basic_1BT,6519572,2839952759241,400
basic_1BT,5247472,2839958035707,400
basic_1BT,5133056,2839963200452,400
basic_1BT,5127638,2839968360061,400
basic_1BT,5121242,2839973509373,400
basic_1BT,4943702,2839978481297,400
basic_1BT,5323185,2839983859964,400
basic_1BT,5642495,2839989528607,400
basic_1BT,4820573,2839994384387,400
basic_1BT,7472446,2840001881487,400
basic_1BT,5209721,2840007116658,400
basic_1BT,5815366,2840012967899,400
basic_1BT,7294954,2840020299825,400
basic_1BT,4763984,2840025090658,400
basic_1BT,6142888,2840031260443,400
basic_1BT,5642024,2840036941581,400
basic_1BT,4584004,2840041555969,400
basic_1BT,4849588,2840046434607,400
basic_1BT,5857662,2840052330211,400
basic_1BT,4058603,2840056420716,400
basic_1BT,7140250,2840063585193,400
basic_1BT,5460258,2840069074208,400
basic_1BT,4883735,2840074003649,400
basic_1BT,4735884,2840078772877,400
basic_1BT,6672019,2840085474049,400
basic_1BT,6168163,2840091667335,400
basic_1BT,6569053,2840098265184,400
basic_1BT,5995994,2840104291549,400
basic_1BT,4622418,2840108942357,400
basic_1BT,6152033,2840115121289,400
basic_1BT,6276678,2840121424986,400
basic_1BT,5133693,2840126610588,400
basic_1BT,5696692,2840132337141,400
basic_1BT,5605971,2840137971778,400
basic_1BT,6051479,2840144053623,400
basic_1BT,7667889,2840151756536,400
basic_1BT,5935084,2840157731543,400
basic_1BT,5703583,2840163464111,400
basic_1BT,5087440,2840168582022,400
basic_1BT,6278636,2840174891113,400
basic_1BT,5850685,2840180774679,400
basic_1BT,6561638,2840187378670,400
basic_1BT,6258439,2840193674634,400
basic_1BT,6541676,2840200248178,400
basic_1BT,4779680,2840205053728,400
basic_1BT,5539106,2840210618824,400
basic_1BT,7295641,2840217955653,400
basic_1BT,6112505,2840224103946,400
basic_1BT,6126990,2840230259803,400
basic_1BT,6260812,2840236561050,400
basic_1BT,4691727,2840241279402,400
basic_1BT,6481771,2840247805808,400
basic_1BT,6851370,2840254690876,400
basic_1BT,4762970,2840259491971,400
basic_1BT,6157340,2840265688938,400
basic_1BT,5388917,2840271116511,400
basic_1BT,4869018,2840276030196,400
basic_1BT,4632803,2840280694084,400
basic_1BT,6178863,2840286900432,400
basic_1BT,6316312,2840293246999,400
basic_1BT,4511296,2840297794343,400
basic_1BT,6350168,2840304168513,400
basic_1BT,5579364,2840309785541,400
basic_1BT,5193523,2840315006945,400
basic_1BT,4368270,2840319404262,400
basic_1BT,6472409,2840325907647,400
basic_1BT,5863910,2840331802839,400
basic_1BT,3839758,2840335667690,400
basic_1BT,4667892,2840340374046,400
basic_1BT,4403450,2840344805506,400
basic_1BT,3929436,2840348764184,400
basic_1BT,5942825,2840354737710,400
basic_1BT,7840957,2840362622450,400
basic_1BT,6377331,2840369026325,400
basic_1BT,5839848,2840374893437,400
basic_1BT,5764016,2840380684627,400
basic_1BT,6394300,2840387107609,400
basic_1BT,5794279,2840392932211,400
basic_1BT,5375680,2840398338236,400
basic_1BT,5542107,2840403914648,400
basic_1BT,6799864,2840410742311,400
basic_1BT,3981257,2840414759070,400
basic_1BT,7621826,2840422416157,400
basic_1BT,5832672,2840428277125,400
basic_1BT,7056745,2840435371608,400
basic_1BT,6167363,2840441566249,400
basic_1BT,6511090,2840448115556,400
basic_1BT,6296005,2840454446319,400
basic_1BT,4367978,2840458849069,400
basic_1BT,2738821,2840461614188,400
basic_1BT,6397435,2840468036292,400
basic_1BT,6703600,2840474769856,400
basic_1BT,4398019,2840479196289,400
basic_1BT,5094800,2840484319443,400
basic_1BT,4729259,2840489079402,400
basic_1BT,5880023,2840494991154,400
basic_1BT,6543090,2840501559742,400
basic_1BT,5959892,2840507548885,400
basic_1BT,5921796,2840513504422,400
basic_1BT,4210392,2840517745285,400
basic_1BT,5509570,2840523288476,400
basic_1BT,5526570,2840528851274,400
basic_1BT,4124221,2840533003525,400
basic_1BT,6626806,2840539662687,400
basic_1BT,5947882,2840545641291,400
basic_1BT,5888230,2840551558588,400
basic_1BT,6152300,2840557740085,400
basic_1BT,6249693,2840564018616,400
basic_1BT,6052400,2840570103577,400
basic_1BT,5417016,2840575548544,400
basic_1BT,5935005,2840581515711,400
basic_1BT,5320924,2840586864333,400
basic_1BT,5949904,2840592845666,400
basic_1BT,5655384,2840598529295,400
basic_1BT,4624530,2840603181850,400
basic_1BT,7409833,2840610619817,400
basic_1BT,5904470,2840616555115,400
basic_1BT,4093353,2840620674691,400
basic_1BT,5308741,2840626012781,400
basic_1BT,6253719,2840632300496,400
basic_1BT,7884283,2840640223331,400
basic_1BT,6085863,2840646338869,400
basic_1BT,4952941,2840651344109,400
basic_1BT,6781843,2840658165623,400
basic_1BT,5384680,2840663574908,400
basic_1BT,7061050,2840670660034,400
basic_1BT,5225215,2840675934008,400
basic_1BT,7003549,2840682977958,400
basic_1BT,6578535,2840689596686,400
basic_1BT,4386921,2840694017120,400
basic_1BT,3681054,2840697730679,400
basic_1BT,6231502,2840703994386,400
basic_1BT,6372417,2840710405996,400
basic_1BT,6291817,2840716729194,400
basic_1BT,6475393,2840723235476,400
basic_1BT,6512172,2840729785726,400
basic_1BT,5564866,2840735383413,400
basic_1BT,6026892,2840741436759,400
basic_1BT,6258155,2840747722824,400
basic_1BT,6641445,2840754394276,400
basic_1BT,6288933,2840760713735,400
basic_1BT,6453039,2840767198642,400
basic_1BT,5578184,2840772808555,400
basic_1BT,6307789,2840779144350,400
basic_1BT,5572582,2840784743133,400
basic_1BT,4833952,2840789605770,400
basic_1BT,6855660,2840796489139,400
basic_1BT,6443542,2840802960839,400
basic_1BT,6815088,2840809807475,400
basic_1BT,4852569,2840814689751,400
basic_1BT,5710516,2840820429475,400
basic_1BT,4381819,2840824852093,400
basic_1BT,4761684,2840829653169,400
basic_1BT,5720941,2840835399646,400
basic_1BT,5738286,2840841167556,400
basic_1BT,4053256,2840845260503,400
basic_1BT,5021605,2840850314590,400
basic_1BT,4797006,2840855137308,400
basic_1BT,6172563,2840861336699,400
basic_1BT,5765813,2840867130278,400
basic_1BT,6463002,2840873621826,400
basic_1BT,7551241,2840881202554,400
basic_1BT,6272748,2840887500388,400
basic_1BT,6450889,2840893977689,400
basic_1BT,6228760,2840900237188,400
basic_1BT,5804457,2840906076720,400
basic_1BT,6824061,2840912934864,400
basic_1BT,5917424,2840918880811,400
basic_1BT,6361104,2840925271889,400
basic_1BT,5981649,2840931284483,400
basic_1BT,5927569,2840937240550,400
basic_1BT,5812632,2840943078992,400
basic_1BT,4193976,2840947298254,400
basic_1BT,6963205,2840954289993,400
basic_1BT,6373139,2840960704081,400
basic_1BT,6439719,2840967191151,400
basic_1BT,6520640,2840973757151,400
basic_1BT,7404021,2840981195835,400
basic_1BT,5827011,2840987056900,400
basic_1BT,6646372,2840993739740,400
basic_1BT,6228008,2840999995159,400
basic_1BT,5274528,2841005319721,400
basic_1BT,6737207,2841012101323,400
basic_1BT,5541197,2841017670811,400
basic_1BT,5306309,2841023017193,400
basic_1BT,5276162,2841028331509,400
basic_1BT,6976269,2841035335350,400
basic_1BT,4201637,2841039576998,400
basic_1BT,3998518,2841043604004,400
basic_1BT,5647340,2841049281330,400
basic_1BT,6190218,2841055500516,400
basic_1BT,6644518,2841062183387,400
basic_1BT,5805042,2841068021111,400
basic_1BT,5583333,2841073632191,400
basic_1BT,5587010,2841079244562,400
basic_1BT,6561640,2841085834091,400
basic_1BT,5647056,2841091511136,400
basic_1BT,6671234,2841098208027,400
basic_1BT,5391115,2841103626089,400
basic_1BT,4022828,2841107673797,400
basic_1BT,6233514,2841113947286,400
basic_1BT,4748060,2841118725953,400
basic_1BT,4610204,2841123367033,400
basic_1BT,6092102,2841129491331,400
basic_1BT,7052800,2841136581669,400
basic_1BT,4411807,2841141018185,400
basic_1BT,5074153,2841146117513,400
basic_1BT,6270683,2841152425555,400
basic_1BT,3179556,2841155634236,400
basic_1BT,6150951,2841161813940,400
basic_1BT,6234366,2841168077288,400
basic_1BT,6465305,2841174567462,400
basic_1BT,4908560,2841179515910,400
basic_1BT,6976867,2841186518666,400
basic_1BT,5809972,2841192354989,400
basic_1BT,6243526,2841198624112,400
basic_1BT,6014020,2841204670840,400
basic_1BT,6550452,2841211258547,400
basic_1BT,4679220,2841215969766,400
basic_1BT,6719032,2841222739605,400
basic_1BT,4315363,2841227080480,400
basic_1BT,4780269,2841231889706,400
basic_1BT,4363166,2841236285296,400
basic_1BT,4216112,2841240535341,400
basic_1BT,7129639,2841247690443,400
basic_1BT,5612151,2841253332363,400
basic_1BT,6695215,2841260057962,400
basic_1BT,6081063,2841266172285,400
basic_1BT,5736018,2841271939899,400
basic_1BT,5707113,2841277676203,400
basic_1BT,5664058,2841283370593,400
basic_1BT,7598672,2841291002603,400
basic_1BT,6476390,2841297507789,400
basic_1BT,5944059,2841303483524,400
basic_1BT,6073765,2841309585674,400
basic_1BT,5764549,2841315386636,400
basic_1BT,6910060,2841322355228,400
basic_1BT,6029289,2841328414939,400
basic_1BT,6096417,2841334543714,400
basic_1BT,3961265,2841338534105,400
basic_1BT,4906554,2841343472013,400
basic_1BT,4569398,2841348069705,400
basic_1BT,5924955,2841354021278,400
basic_1BT,7100857,2841361147686,400
basic_1BT,6245658,2841367427395,400
basic_1BT,5536561,2841372996178,400
basic_1BT,6221792,2841379249696,400
basic_1BT,6282826,2841385556035,400
basic_1BT,6169444,2841391750455,400
basic_1BT,4324615,2841396109636,400
basic_1BT,4225547,2841400374872,400
basic_1BT,5719370,2841406126949,400
basic_1BT,5492844,2841411651308,400
basic_1BT,6332970,2841418007103,400
basic_1BT,6366356,2841424395677,400
basic_1BT,4441458,2841428864130,400
basic_1BT,5867683,2841434758099,400
basic_1BT,5127164,2841439919461,400
basic_1BT,5722080,2841445672313,400
basic_1BT,5397322,2841451097102,400
basic_1BT,5556527,2841456683199,400
basic_1BT,5497882,2841462212704,400
basic_1BT,5714781,2841467958459,400
basic_1BT,6512392,2841474500093,400
basic_1BT,7388915,2841481924830,400
basic_1BT,5180320,2841487131811,400
basic_1BT,5780581,2841492941818,400
basic_1BT,5450677,2841498441659,400
basic_1BT,6688242,2841505181290,400
basic_1BT,4705405,2841509913491,400
basic_1BT,5221416,2841515160481,400
basic_1BT,3718434,2841518924338,400
basic_1BT,6460433,2841525412823,400
basic_1BT,5796755,2841531236649,400
basic_1BT,6469221,2841537734492,400
basic_1BT,6213726,2841543977983,400
basic_1BT,4478933,2841548517026,400
basic_1BT,4038866,2841552595866,400
basic_1BT,5657839,2841558279806,400
basic_1BT,6349690,2841564656534,400
basic_1BT,5803832,2841570486934,400
basic_1BT,6681091,2841577198278,400
basic_1BT,6249133,2841583478580,400
basic_1BT,6762224,2841590271861,400
basic_1BT,6512999,2841596815348,400
basic_1BT,6298956,2841603145851,400
basic_1BT,6097553,2841609273540,400
basic_1BT,4803786,2841614105074,400
basic_1BT,5660719,2841619793453,400
basic_1BT,6197047,2841626020318,400
basic_1BT,6857942,2841632920027,400
basic_1BT,4762145,2841637713384,400
basic_1BT,7556444,2841645301950,400
basic_1BT,5411358,2841650747054,400
basic_1BT,6162562,2841656966778,400
basic_1BT,6726765,2841663721490,400
basic_1BT,6547787,2841670296661,400
basic_1BT,6412539,2841676741154,400
basic_1BT,4789734,2841681564031,400
basic_1BT,7833520,2841689430695,400
basic_1BT,6230109,2841695697344,400
basic_1BT,5874900,2841701604355,400
basic_1BT,6486410,2841708129999,400
basic_1BT,4542026,2841712704487,400
basic_1BT,4874761,2841717619693,400
basic_1BT,4193431,2841721851137,400
basic_1BT,5410898,2841727287500,400
basic_1BT,6292947,2841733607550,400
basic_1BT,5762800,2841739399325,400
basic_1BT,6661674,2841746094465,400
basic_1BT,6119204,2841752246638,400
basic_1BT,5597614,2841757875174,400
basic_1BT,6130589,2841764037498,400
basic_1BT,6455441,2841770524695,400
basic_1BT,5587237,2841776136610,400
basic_1BT,5702584,2841781866157,400
basic_1BT,6645565,2841788539644,400
basic_1BT,6604814,2841795176680,400
basic_1BT,5896554,2841801106011,400
basic_1BT,6203405,2841807351245,400
basic_1BT,5277113,2841812657557,400
basic_1BT,5106464,2841817792378,400
basic_1BT,6656593,2841824477197,400
basic_1BT,5856913,2841830361159,400
basic_1BT,3911930,2841834300038,400
basic_1BT,4887800,2841839216407,400
basic_1BT,5420419,2841844664854,400
basic_1BT,6288138,2841850986100,400
basic_1BT,6161434,2841857180703,400
basic_1BT,3869439,2841861076846,400
basic_1BT,3394623,2841864502147,400
basic_1BT,5480430,2841870009779,400
basic_1BT,6375513,2841876431655,400
basic_1BT,6455988,2841882929224,400
basic_1BT,6195010,2841889148998,400
basic_1BT,6658161,2841895835426,400
basic_1BT,6107655,2841901974435,400
basic_1BT,6096783,2841908102044,400
basic_1BT,6284483,2841914414635,400
basic_1BT,6005961,2841920446756,400
basic_1BT,5602756,2841926079252,400
basic_1BT,5796759,2841931904934,400
basic_1BT,4829598,2841936766273,400
basic_1BT,6653830,2841943460013,400
basic_1BT,6894879,2841950381925,400
basic_1BT,6217673,2841956625229,400
basic_1BT,6140764,2841962795157,400
basic_1BT,5052840,2841967877547,400
basic_1BT,5339694,2841973244800,400
basic_1BT,7152279,2841980430627,400
basic_1BT,5990504,2841986460820,400
basic_1BT,4133534,2841990622086,400
basic_1BT,2974736,2841993626992,400
basic_1BT,6228116,2841999881527,400
basic_1BT,6071253,2842005977833,400
basic_1BT,6058352,2842012069314,400
basic_1BT,6942832,2842019044700,400
basic_1BT,5004989,2842024083021,400
basic_1BT,6688581,2842030798719,400
basic_1BT,7303873,2842038138999,400
basic_1BT,6082895,2842044254296,400
basic_1BT,5395413,2842049681964,400
basic_1BT,6438550,2842056166095,400
basic_1BT,6337084,2842062533532,400
basic_1BT,3880604,2842066444074,400
basic_1BT,3565920,2842070041470,400
basic_1BT,6486841,2842076557562,400
basic_1BT,6168018,2842082755943,400
basic_1BT,5581168,2842088375520,400
basic_1BT,4695457,2842093096029,400
basic_1BT,6801399,2842099921893,400
basic_1BT,4530717,2842104489959,400
basic_1BT,4756032,2842109282702,400
basic_1BT,4777172,2842114091801,400
basic_1BT,6059310,2842120179092,400
basic_1BT,6528332,2842126734255,400
basic_1BT,5380765,2842132140882,400
basic_1BT,6373954,2842138544801,400
basic_1BT,6256667,2842144854436,400
basic_1BT,6279177,2842151166069,400
basic_1BT,5543140,2842156744086,400
basic_1BT,5778382,2842162551511,400
basic_1BT,6136687,2842168717070,400
basic_1BT,4223101,2842172974843,400
basic_1BT,3206728,2842176218996,400
basic_1BT,7376125,2842183621457,400
basic_1BT,5008975,2842188661710,400
basic_1BT,5846671,2842194539546,400
basic_1BT,5543328,2842200109367,400
basic_1BT,6374915,2842206509259,400
basic_1BT,6649976,2842213195108,400
basic_1BT,3870875,2842217094847,400
basic_1BT,6280117,2842223398552,400
basic_1BT,3662137,2842227088395,400
basic_1BT,5711380,2842232827460,400
basic_1BT,5967267,2842238839076,400
basic_1BT,6045552,2842244917393,400
basic_1BT,5996680,2842250948036,400
basic_1BT,6587120,2842257563104,400
basic_1BT,4068015,2842261663080,400
basic_1BT,5971132,2842267668661,400
basic_1BT,5110356,2842272802119,400
basic_1BT,5727317,2842278556448,400
basic_1BT,6496014,2842285080908,400
basic_1BT,6444484,2842291566287,400
basic_1BT,5076581,2842296671579,400
basic_1BT,5080345,2842301787372,400
basic_1BT,3761012,2842305580156,400
basic_1BT,3541879,2842309160590,400
basic_1BT,5699008,2842314886125,400
basic_1BT,5755291,2842320667489,400
basic_1BT,5404615,2842326101818,400
basic_1BT,6159448,2842332292199,400
basic_1BT,4512140,2842336834963,400
basic_1BT,5214670,2842342080532,400
basic_1BT,6182538,2842348287327,400
basic_1BT,5198908,2842353514008,400
basic_1BT,4706517,2842358247888,400
basic_1BT,6371156,2842364653311,400
basic_1BT,54608467,2842419299925,400
basic_1BT,6604970,2842425946306,400
basic_1BT,6475612,2842432456149,400
basic_1BT,6535821,2842439021506,400
basic_1BT,5926906,2842444980077,400
basic_1BT,6033652,2842451049789,400
basic_1BT,5685406,2842456762209,400
basic_1BT,6171478,2842462966279,400
basic_1BT,4444623,2842467444018,400
basic_1BT,5582672,2842473057474,400
basic_1BT,4038002,2842477125629,400
basic_1BT,5869978,2842483032684,400
basic_1BT,6056100,2842489123310,400
basic_1BT,5742285,2842494898579,400
basic_1BT,5742895,2842500668103,400
basic_1BT,6419072,2842507112942,400
basic_1BT,6166978,2842513308050,400
basic_1BT,7245921,2842520585263,400
basic_1BT,6234524,2842526885320,400
basic_1BT,5842468,2842532759896,400
basic_1BT,6572140,2842539367333,400
basic_1BT,5778496,2842545181280,400
basic_1BT,6532043,2842551741758,400
basic_1BT,6253434,2842558022511,400
basic_1BT,5646330,2842563698399,400
basic_1BT,5329553,2842569055355,400
basic_1BT,5275241,2842574357884,400
basic_1BT,5224657,2842579613566,400
basic_1BT,5119988,2842584773684,400
basic_1BT,4815692,2842589618174,400
basic_1BT,5746904,2842595393444,400
basic_1BT,6232203,2842601653186,400
basic_1BT,5968600,2842607649598,400
basic_1BT,6222015,2842613897410,400
basic_1BT,6087383,2842620019185,400
basic_1BT,4503914,2842624559912,400
basic_1BT,2964239,2842627563722,400
basic_1BT,4340171,2842631929280,400
basic_1BT,8182108,2842640136326,400
basic_1BT,6038440,2842646202515,400
basic_1BT,6884167,2842653128904,400
basic_1BT,6926568,2842660093103,400
basic_1BT,3993220,2842664117316,400
basic_1BT,3621127,2842667783470,400
basic_1BT,5888544,2842673700941,400
basic_1BT,5763737,2842679494129,400
basic_1BT,6374787,2842685896611,400
basic_1BT,6200023,2842692121947,400
basic_1BT,5830081,2842697977956,400
basic_1BT,5506106,2842703513244,400
basic_1BT,6555259,2842710099076,400
basic_1BT,6579009,2842716707528,400
basic_1BT,6219385,2842722955705,400
basic_1BT,4485850,2842727469450,400
basic_1BT,4570734,2842732070316,400
basic_1BT,4028373,2842736133821,400
basic_1BT,5822094,2842741985797,400
basic_1BT,5850858,2842747865893,400
basic_1BT,5928737,2842753820640,400
basic_1BT,5785190,2842759630844,400
basic_1BT,5864114,2842765523990,400
basic_1BT,6269353,2842771829294,400
basic_1BT,3834002,2842775690447,400
basic_1BT,3360529,2842779079452,400
basic_1BT,5665077,2842784771404,400
basic_1BT,6474010,2842791271685,400
basic_1BT,6004679,2842797308640,400
basic_1BT,5288750,2842802627962,400
basic_1BT,6370543,2842809021996,400
basic_1BT,6456200,2842815502887,400
basic_1BT,6140839,2842821674414,400
basic_1BT,4536778,2842826246422,400
basic_1BT,3048552,2842829319999,400
basic_1BT,4587983,2842833934211,400
basic_1BT,6981987,2842840938964,400
basic_1BT,6507357,2842847475783,400
basic_1BT,6014392,2842853518305,400
basic_1BT,5027848,2842858575023,400
basic_1BT,5820538,2842864433407,400
basic_1BT,4247900,2842868722777,400
basic_1BT,6439360,2842875195696,400
basic_1BT,5312942,2842880535297,400
basic_1BT,5617202,2842886178667,400
basic_1BT,6033029,2842892238287,400
basic_1BT,6483257,2842898758302,400
basic_1BT,6206191,2842905017885,400
basic_1BT,6102568,2842911144821,400
basic_1BT,6326943,2842917517927,400
basic_1BT,5947115,2842923495180,400
basic_1BT,6665221,2842930198365,400
basic_1BT,6222120,2842936452158,400
basic_1BT,6124998,2842942607140,400
basic_1BT,5720180,2842948352575,400
basic_1BT,5418841,2842953801045,400
basic_1BT,5891344,2842959726777,400
basic_1BT,7130977,2842966894194,400
basic_1BT,6489891,2842973414742,400
basic_1BT,6310077,2842979754613,400
basic_1BT,6357596,2842986155564,400
basic_1BT,5387868,2842991596041,400
basic_1BT,7100414,2842998730701,400
basic_1BT,6427867,2843005188952,400
basic_1BT,5903383,2843011122700,400
basic_1BT,5849369,2843016999520,400
basic_1BT,5985557,2843023015908,400
basic_1BT,6475136,2843029522100,400
basic_1BT,6483881,2843036035751,400
basic_1BT,6326885,2843042393032,400
basic_1BT,5920018,2843048342245,400
basic_1BT,6020756,2843054392734,400
basic_1BT,5800604,2843060223051,400
basic_1BT,4549492,2843064805881,400
basic_1BT,4973270,2843069814042,400
basic_1BT,6564636,2843076412738,400
basic_1BT,3925496,2843080371083,400
basic_1BT,5349178,2843085746700,400
basic_1BT,6700507,2843092478113,400
basic_1BT,5960763,2843098473309,400
basic_1BT,5419987,2843103926090,400
basic_1BT,5972421,2843109961853,400
basic_1BT,6767186,2843116755134,400
basic_1BT,5383313,2843122164669,400
basic_1BT,6961666,2843129154028,400
basic_1BT,6660862,2843135848423,400
basic_1BT,5407443,2843141289182,400
basic_1BT,5659305,2843146975695,400
basic_1BT,6077593,2843153081590,400
basic_1BT,5661771,2843158771796,400
basic_1BT,5929941,2843164728831,400
basic_1BT,7314316,2843172073294,400
basic_1BT,6752487,2843178856907,400
basic_1BT,6272951,2843185160501,400
basic_1BT,5384925,2843190575584,400
basic_1BT,6100143,2843196705873,400
basic_1BT,5363984,2843202104874,400
basic_1BT,6269434,2843208413032,400
basic_1BT,6498179,2843214940436,400
basic_1BT,6950914,2843221920549,400
basic_1BT,6768597,2843228721062,400
basic_1BT,6447931,2843235200794,400
basic_1BT,5702842,2843240944140,400
basic_1BT,5816683,2843246791707,400
basic_1BT,6698631,2843253528395,400
basic_1BT,5713774,2843259271945,400
basic_1BT,5598986,2843264907227,400
basic_1BT,7409965,2843272361400,400
basic_1BT,3888501,2843276278080,400
basic_1BT,8590149,2843284899921,400
basic_1BT,4707182,2843289640454,400
basic_1BT,6820413,2843296507116,400
basic_1BT,7590576,2843304142861,400
basic_1BT,6749139,2843310922829,400
basic_1BT,6392869,2843317354725,400
basic_1BT,6304264,2843323684863,400
basic_1BT,5713252,2843329426661,400
basic_1BT,5975591,2843335433266,400
basic_1BT,4744704,2843340215545,400
basic_1BT,2880055,2843343128877,400
basic_1BT,5550653,2843348703849,400
basic_1BT,6807134,2843355537661,400
basic_1BT,5520025,2843361095117,400
basic_1BT,4889755,2843366034895,400
basic_1BT,3695558,2843369763846,400
basic_1BT,6253334,2843376043939,400
basic_1BT,6190392,2843382260630,400
basic_1BT,6131340,2843388421387,400
basic_1BT,6156235,2843394610246,400
basic_1BT,6093856,2843400742784,400
basic_1BT,6284797,2843407051444,400
basic_1BT,5848020,2843412925850,400
basic_1BT,5760738,2843418726680,400
basic_1BT,7347094,2843426102090,400
basic_1BT,5961809,2843432095375,400
basic_1BT,5810053,2843437943011,400
basic_1BT,5616422,2843443596336,400
basic_1BT,7262100,2843450898266,400
basic_1BT,6649476,2843457584850,400
basic_1BT,6675825,2843464299054,400
basic_1BT,6312855,2843470648709,400
basic_1BT,7595370,2843478283829,400
basic_1BT,6322295,2843484636832,400
basic_1BT,6709778,2843491375908,400
basic_1BT,5905233,2843497310242,400
basic_1BT,6014060,2843503354339,400
basic_1BT,4941999,2843508325875,400
basic_1BT,6714004,2843515072986,400
basic_1BT,6239079,2843521338162,400
basic_1BT,5477408,2843526858340,400
basic_1BT,6731106,2843533618549,400
basic_1BT,6183455,2843539843101,400
basic_1BT,6571795,2843546451547,400
basic_1BT,4769734,2843551251205,400
basic_1BT,5335719,2843556615593,400
basic_1BT,5179235,2843561831214,400
basic_1BT,4822741,2843566687824,400
basic_1BT,6466136,2843573183601,400
basic_1BT,5515031,2843578725127,400
basic_1BT,6156978,2843584912619,400
basic_1BT,6952656,2843591896108,400
basic_1BT,5789335,2843597711365,400
basic_1BT,5339006,2843603085791,400
basic_1BT,5784146,2843608896763,400
basic_1BT,7377538,2843616314508,400
basic_1BT,5768794,2843622112915,400
basic_1BT,5712583,2843627855485,400
basic_1BT,6753136,2843634649097,400
basic_1BT,6180446,2843640869399,400
basic_1BT,6808064,2843647728167,400
basic_1BT,6605602,2843654365768,400
basic_1BT,4648655,2843659049428,400
basic_1BT,7435161,2843666522744,400
basic_1BT,5062681,2843671616608,400
basic_1BT,5946650,2843677616389,400
basic_1BT,6075797,2843683740683,400
basic_1BT,6575813,2843690341841,400
basic_1BT,6117714,2843696490204,400
basic_1BT,5976850,2843702497700,400
basic_1BT,6117864,2843708656898,400
basic_1BT,5859345,2843714544357,400
basic_1BT,6941999,2843721516045,400
basic_1BT,6429217,2843727978102,400
basic_1BT,6273487,2843734310130,400
basic_1BT,6344793,2843740682908,400
basic_1BT,6104142,2843746814154,400
basic_1BT,6356720,2843753209884,400
basic_1BT,5433396,2843758674412,400
basic_1BT,5960549,2843764667294,400
basic_1BT,5891061,2843770587946,400
basic_1BT,4981811,2843775607756,400
basic_1BT,6295607,2843781932650,400
basic_1BT,4886902,2843786851122,400
basic_1BT,8325934,2843795219921,400
basic_1BT,6056290,2843801304896,400
basic_1BT,6421949,2843807759513,400
basic_1BT,6588497,2843814383532,400
basic_1BT,5858728,2843820280971,400
basic_1BT,4871927,2843825184341,400
basic_1BT,5901940,2843831116644,400
basic_1BT,7653014,2843838805549,400
basic_1BT,4408704,2843843251865,400
basic_1BT,3115926,2843846403655,400
basic_1BT,6079070,2843852509054,400
basic_1BT,6693930,2843859239467,400
basic_1BT,5731746,2843865001659,400
basic_1BT,7195043,2843872227171,400
basic_1BT,5473446,2843877731358,400
basic_1BT,5612337,2843883370095,400
basic_1BT,6111957,2843889517483,400
basic_1BT,7575131,2843897126337,400
basic_1BT,6496750,2843903654120,400
basic_1BT,6847978,2843910532591,400
basic_1BT,5465120,2843916025720,400
basic_1BT,6435946,2843922493303,400
basic_1BT,6508321,2843929029063,400
basic_1BT,6153052,2843935222470,400
basic_1BT,5004067,2843940259236,400
basic_1BT,5465723,2843945749813,400
basic_1BT,6016083,2843951794955,400
basic_1BT,5754708,2843957582557,400
basic_1BT,4559621,2843962170550,400
basic_1BT,5226181,2843967429947,400
basic_1BT,5753569,2843973210070,400
basic_1BT,6084283,2843979341030,400
basic_1BT,6489316,2843985877450,400
basic_1BT,5991434,2843991901114,400
basic_1BT,6356945,2843998284808,400
basic_1BT,6227802,2844004542788,400
basic_1BT,5227418,2844009806366,400
basic_1BT,5055825,2844014901172,400
basic_1BT,5229340,2844020171189,400
basic_1BT,5984728,2844026181912,400
basic_1BT,4484519,2844030699880,400
basic_1BT,4812776,2844035540590,400
basic_1BT,6269480,2844041844489,400
basic_1BT,6358555,2844048240467,400
basic_1BT,5503285,2844053777362,400
basic_1BT,6239459,2844060048524,400
basic_1BT,6057617,2844066134786,400
basic_1BT,5482473,2844071651103,400
basic_1BT,5474256,2844077153707,400
basic_1BT,6682392,2844083864898,400
basic_1BT,6459879,2844090361045,400
basic_1BT,6309889,2844096700798,400
basic_1BT,5339678,2844102067109,400
basic_1BT,4528630,2844106621347,400
basic_1BT,6026093,2844112678882,400
basic_1BT,7136406,2844119851677,400
basic_1BT,6028550,2844125909718,400
basic_1BT,4126593,2844130069930,400
basic_1BT,3296602,2844133397318,400
basic_1BT,5749464,2844139176130,400
basic_1BT,6475038,2844145685050,400
basic_1BT,4343399,2844150056730,400
basic_1BT,6513505,2844156596787,400
basic_1BT,6340380,2844162965527,400
basic_1BT,6023361,2844169016580,400
basic_1BT,6339175,2844175382466,400
basic_1BT,6255047,2844181673608,400
basic_1BT,5714048,2844187419524,400
basic_1BT,6145597,2844193603687,400
basic_1BT,4887556,2844198519151,400
basic_1BT,6034410,2844204581423,400
basic_1BT,6520970,2844211130724,400
basic_1BT,4638219,2844215808867,400
basic_1BT,5214528,2844221050497,400
basic_1BT,4076835,2844225154409,400
basic_1BT,3850288,2844229037797,400
basic_1BT,6739294,2844235804951,400
basic_1BT,5969365,2844241799972,400
basic_1BT,6672309,2844248503956,400
basic_1BT,6659698,2844255197593,400
basic_1BT,6794593,2844262022564,400
basic_1BT,5742164,2844267804589,400
basic_1BT,4839935,2844272678511,400
basic_1BT,5155681,2844277876006,400
basic_1BT,4218325,2844282120809,400
basic_1BT,7310712,2844289458615,400
basic_1BT,5798848,2844295284226,400
basic_1BT,5856119,2844301171783,400
basic_1BT,7389708,2844308594547,400
basic_1BT,6003135,2844314624552,400
basic_1BT,5945260,2844320596526,400
basic_1BT,5440405,2844326068413,400
basic_1BT,6108429,2844332213586,400
basic_1BT,6025481,2844338279152,400
basic_1BT,6173729,2844344482274,400
basic_1BT,6358170,2844350883594,400
basic_1BT,5994574,2844356905228,400
basic_1BT,5806762,2844362748439,400
basic_1BT,6641190,2844369422382,400
basic_1BT,6713869,2844376168681,400
basic_1BT,6336780,2844382543512,400
basic_1BT,6269124,2844388842943,400
basic_1BT,4422347,2844393290730,400
basic_1BT,7129698,2844400450983,400
basic_1BT,4143074,2844404625982,400
basic_1BT,6386550,2844411051597,400
basic_1BT,6718022,2844417795934,400
basic_1BT,4829317,2844422655186,400
basic_1BT,4741418,2844427425778,400
basic_1BT,5214033,2844432668687,400
basic_1BT,5036393,2844437732766,400
basic_1BT,5301173,2844443060906,400
basic_1BT,6512774,2844449607383,400
basic_1BT,6344447,2844455981374,400
basic_1BT,6398561,2844462431341,400
basic_1BT,5866057,2844468326635,400
basic_1BT,5183227,2844473538827,400
basic_1BT,6670005,2844480238225,400
basic_1BT,4871895,2844485141397,400
basic_1BT,7096373,2844492277666,400
basic_1BT,5979251,2844498286534,400
basic_1BT,5524234,2844503839825,400
basic_1BT,6567828,2844510435823,400
basic_1BT,5716493,2844516197408,400
basic_1BT,7152653,2844523397594,400
basic_1BT,6359160,2844529781432,400
basic_1BT,6097418,2844535907537,400
basic_1BT,4866610,2844540808891,400
basic_1BT,5517635,2844546369445,400
basic_1BT,5523856,2844551916988,400
basic_1BT,4632184,2844556575496,400
basic_1BT,5412841,2844562013021,400
basic_1BT,5837126,2844567877354,400
basic_1BT,6271835,2844574178005,400
basic_1BT,6489263,2844580698022,400
basic_1BT,6275844,2844587007544,400
basic_1BT,4887707,2844591931078,400
basic_1BT,6496166,2844598461455,400
basic_1BT,6526233,2844605017877,400
basic_1BT,6236771,2844611291864,400
basic_1BT,6121914,2844617449463,400
basic_1BT,4477366,2844621954419,400
basic_1BT,4933665,2844626929073,400
basic_1BT,4757791,2844631712641,400
basic_1BT,5213766,2844636954156,400
basic_1BT,4653958,2844641637567,400
basic_1BT,7330706,2844648996131,400
basic_1BT,5008164,2844654036158,400
basic_1BT,5988993,2844660062431,400
basic_1BT,5545103,2844665637272,400
basic_1BT,7414764,2844673083049,400
basic_1BT,6713076,2844679837482,400
basic_1BT,5247208,2844685116210,400
basic_1BT,5857081,2844691005637,400
basic_1BT,6243733,2844697281964,400
basic_1BT,5034191,2844702343351,400
basic_1BT,6861691,2844709237485,400
basic_1BT,6049812,2844715318374,400
basic_1BT,5097128,2844720444680,400
basic_1BT,6200353,2844726683165,400
basic_1BT,4644364,2844731366434,400
basic_1BT,6744606,2844738156027,400
basic_1BT,5308954,2844743492824,400
basic_1BT,6231053,2844749751154,400
basic_1BT,7374304,2844757163700,400
basic_1BT,6023208,2844763228305,400
basic_1BT,6398617,2844769655051,400
basic_1BT,5936091,2844775625493,400
basic_1BT,4451188,2844780113526,400
basic_1BT,4661290,2844784810740,400
basic_1BT,4861653,2844789707591,400
basic_1BT,4338427,2844794084497,400
basic_1BT,6910425,2844801021191,400
basic_1BT,5340729,2844806393207,400
basic_1BT,6645358,2844813067185,400
basic_1BT,6361738,2844819466075,400
basic_1BT,6214309,2844825710467,400
basic_1BT,5821203,2844831559710,400
basic_1BT,5082692,2844836678809,400
basic_1BT,6769714,2844843477858,400
basic_1BT,6792871,2844850302041,400
basic_1BT,5914957,2844856249386,400
basic_1BT,6674119,2844862963640,400
basic_1BT,6059636,2844869055060,400
basic_1BT,7169224,2844876257306,400
basic_1BT,6638998,2844882938174,400
basic_1BT,6332707,2844889304386,400
basic_1BT,6659649,2844895995095,400
basic_1BT,7127454,2844903196301,400
basic_1BT,6132648,2844909357997,400
basic_1BT,6432544,2844915819917,400
basic_1BT,4771008,2844920619724,400
basic_1BT,3141870,2844923798116,400
basic_1BT,5437654,2844929267906,400
basic_1BT,5535419,2844934841196,400
basic_1BT,5909831,2844940778211,400
basic_1BT,6158099,2844946962809,400
basic_1BT,5895580,2844952885868,400
basic_1BT,4019846,2844956940954,400
basic_1BT,4246467,2844961216212,400
basic_1BT,6201418,2844967445854,400
basic_1BT,5717932,2844973192912,400
basic_1BT,5856624,2844979078887,400
basic_1BT,4828503,2844983946518,400
basic_1BT,6900649,2844990875933,400
basic_1BT,6715224,2844997616772,400
basic_1BT,5547648,2845003190292,400
basic_1BT,4425459,2845007652097,400
basic_1BT,4768996,2845012450753,400
basic_1BT,4846429,2845017348599,400
basic_1BT,5168697,2845022544205,400
basic_1BT,5349837,2845027921010,400
basic_1BT,6128015,2845034075400,400
basic_1BT,6232900,2845040336387,400
basic_1BT,6493025,2845046861965,400
basic_1BT,6025533,2845052923417,400
basic_1BT,6442198,2845059397200,400
basic_1BT,5407160,2845064832428,400
basic_1BT,5735458,2845070600094,400
basic_1BT,6456519,2845077092176,400
basic_1BT,3781169,2845080902799,400
basic_1BT,4571944,2845085505348,400
basic_1BT,5436694,2845090972684,400
basic_1BT,5977579,2845096975574,400
basic_1BT,5871750,2845102880439,400
basic_1BT,6523611,2845109432450,400
basic_1BT,6143425,2845115607517,400
basic_1BT,5941493,2845121579700,400
basic_1BT,7084847,2845128704748,400
basic_1BT,6334817,2845135064543,400
basic_1BT,5557176,2845140648582,400
basic_1BT,6185236,2845146862629,400
basic_1BT,4509002,2845151403959,400
basic_1BT,4945401,2845156378272,400
basic_1BT,3730280,2845160138352,400
basic_1BT,5262591,2845165430560,400
basic_1BT,5717516,2845171174043,400
basic_1BT,6939482,2845178150487,400
basic_1BT,5208783,2845183391953,400
basic_1BT,5332492,2845188753671,400
basic_1BT,5028212,2845193820752,400
basic_1BT,4424603,2845198271850,400
basic_1BT,6556915,2845204855386,400
basic_1BT,5374894,2845210259729,400
basic_1BT,5041286,2845215330436,400
basic_1BT,4657095,2845220017392,400
basic_1BT,5440957,2845225492151,400
basic_1BT,5320127,2845230860091,400
basic_1BT,5865523,2845236752950,400
basic_1BT,5415224,2845242200967,400
basic_1BT,6712389,2845248943826,400
basic_1BT,6385337,2845255361154,400
basic_1BT,6320497,2845261713260,400
basic_1BT,5470041,2845267209869,400
basic_1BT,5448874,2845272696375,400
basic_1BT,6058091,2845278783041,400
basic_1BT,6715266,2845285531345,400
basic_1BT,6629508,2845292188200,400
basic_1BT,5698025,2845297918677,400
basic_1BT,4617082,2845302578529,400
basic_1BT,8234698,2845310853203,400
basic_1BT,6543890,2845317428093,400
basic_1BT,6129486,2845323587276,400
basic_1BT,5325305,2845328946490,400
basic_1BT,5105704,2845334084853,400
basic_1BT,5656501,2845339768571,400
basic_1BT,4013212,2845343805652,400
basic_1BT,6089125,2845349926273,400
basic_1BT,4202877,2845354154339,400
basic_1BT,5129460,2845359322027,400
basic_1BT,5138724,2845364491334,400
basic_1BT,4800844,2845369325531,400
basic_1BT,7012815,2845376366936,400
basic_1BT,6362854,2845382758169,400
basic_1BT,5742693,2845388530459,400
basic_1BT,5807375,2845394370681,400
basic_1BT,6004849,2845400418259,400
basic_1BT,6166866,2845406613027,400
basic_1BT,7239274,2845413880094,400
basic_1BT,3961038,2845417866558,400
basic_1BT,4947728,2845422840187,400
basic_1BT,5036287,2845427908937,400
basic_1BT,5628088,2845433568564,400
basic_1BT,5211885,2845438811604,400
basic_1BT,7226873,2845446071860,400
basic_1BT,6761526,2845452861631,400
basic_1BT,6290334,2845459193699,400
basic_1BT,6179731,2845465409096,400
basic_1BT,6232972,2845471679295,400
basic_1BT,6308006,2845478033497,400
basic_1BT,6268649,2845484329571,400
basic_1BT,6488807,2845490848967,400
basic_1BT,6228738,2845497109906,400
basic_1BT,5713283,2845502854299,400
basic_1BT,5608931,2845508494598,400
basic_1BT,6609453,2845515131331,400
basic_1BT,5613161,2845520776405,400
basic_1BT,5626082,2845526435990,400
basic_1BT,5304761,2845531768812,400
basic_1BT,5429183,2845537231911,400
basic_1BT,5476034,2845542749042,400
basic_1BT,6837597,2845549613173,400
basic_1BT,5717763,2845555358363,400
basic_1BT,6724012,2845562113073,400
basic_1BT,5484232,2845567630400,400
basic_1BT,5912332,2845573574399,400
basic_1BT,6227911,2845579827310,400
basic_1BT,4202423,2845584053905,400
basic_1BT,5426206,2845589525217,400
basic_1BT,5042232,2845594596417,400
basic_1BT,5825616,2845600448241,400
basic_1BT,5526104,2845606011057,400
basic_1BT,5040110,2845611080679,400
basic_1BT,7426673,2845618547191,400
basic_1BT,6720925,2845625295245,400
basic_1BT,5829747,2845631157090,400
basic_1BT,4953727,2845636140715,400
basic_1BT,7212691,2845643393281,400
basic_1BT,6362512,2845649783920,400
basic_1BT,6211340,2845656022452,400
basic_1BT,5365135,2845661422530,400
basic_1BT,5984870,2845667439680,400
basic_1BT,5279031,2845672748495,400
basic_1BT,5730971,2845678525855,400
basic_1BT,7003552,2845685572496,400
basic_1BT,6292439,2845691899975,400
basic_1BT,4446051,2845696372526,400
basic_1BT,4607153,2845701015424,400
basic_1BT,4989128,2845706032330,400
basic_1BT,6238181,2845712297887,400
basic_1BT,6424678,2845718752187,400
basic_1BT,5890096,2845724672625,400
basic_1BT,4579258,2845729295309,400
basic_1BT,5179942,2845734505806,400
basic_1BT,4847134,2845739379778,400
basic_1BT,5349129,2845744760901,400
basic_1BT,5611020,2845750407209,400
basic_1BT,6558129,2845756995860,400
basic_1BT,6115268,2845763149185,400
basic_1BT,5592362,2845768773437,400
basic_1BT,5586331,2845774385191,400
basic_1BT,6322657,2845780733911,400
basic_1BT,5397632,2845786162901,400
basic_1BT,6193422,2845792387630,400
basic_1BT,6150975,2845798566764,400
basic_1BT,5478728,2845804073592,400
basic_1BT,5225961,2845809326840,400
basic_1BT,6773447,2845816126315,400
basic_1BT,6197286,2845822354917,400
basic_1BT,5544614,2845827930534,400
basic_1BT,6575415,2845834533926,400
basic_1BT,6281008,2845840843424,400
basic_1BT,6573316,2845847446718,400
basic_1BT,6678222,2845854155935,400
basic_1BT,5881954,2845860068495,400
basic_1BT,6135197,2845866235139,400
basic_1BT,5998261,2845872261483,400
basic_1BT,5720594,2845878010681,400
basic_1BT,6136127,2845884173209,400
basic_1BT,6585729,2845890784835,400
basic_1BT,5791816,2845896606347,400
basic_1BT,5311198,2845901949207,400
basic_1BT,5777867,2845907766846,400
basic_1BT,6312260,2845914111243,400
basic_1BT,6223529,2845920375395,400
basic_1BT,6309132,2845926718814,400
basic_1BT,4804038,2845931553187,400
basic_1BT,6546615,2845938159211,400
basic_1BT,7104798,2845945293698,400
basic_1BT,5511911,2845950837519,400
basic_1BT,7023424,2845957896659,400
basic_1BT,5979615,2845963905560,400
basic_1BT,6258208,2845970191029,400
basic_1BT,6153917,2845976373665,400
basic_1BT,6421390,2845982825160,400
basic_1BT,6332276,2845989192742,400
basic_1BT,5697615,2845994928744,400
basic_1BT,6161221,2846001121178,400
basic_1BT,6110560,2846007260233,400
basic_1BT,4815236,2846012101621,400
basic_1BT,7401561,2846019529210,400
basic_1BT,5020408,2846024580621,400
basic_1BT,6221925,2846030846719,400
basic_1BT,5584955,2846036462103,400
basic_1BT,7544034,2846044045159,400
basic_1BT,4363199,2846048444261,400
basic_1BT,5538067,2846054007296,400
basic_1BT,5554653,2846059588719,400
basic_1BT,4752842,2846064370737,400
basic_1BT,5160860,2846069571865,400
basic_1BT,5228734,2846074830569,400
basic_1BT,5948440,2846080810540,400
basic_1BT,6231322,2846087074259,400
basic_1BT,6162879,2846093264230,400
basic_1BT,6111332,2846099408921,400
basic_1BT,6970646,2846106419240,400
basic_1BT,6491528,2846112941618,400
basic_1BT,6951361,2846119933255,400
basic_1BT,6431078,2846126403963,400
basic_1BT,4085029,2846130518114,400
basic_1BT,8258932,2846138817867,400
basic_1BT,5724453,2846144571423,400
basic_1BT,6833018,2846151433526,400
basic_1BT,5882901,2846157348749,400
basic_1BT,5415553,2846162795479,400
basic_1BT,6695101,2846169521705,400
basic_1BT,7137052,2846176695879,400
basic_1BT,5871816,2846182596413,400
basic_1BT,5937593,2846188563056,400
basic_1BT,6176365,2846194767090,400
basic_1BT,4633172,2846199433101,400
basic_1BT,5271391,2846204740420,400
basic_1BT,4262899,2846209039077,400
basic_1BT,6001776,2846215064304,400
basic_1BT,6049895,2846221136329,400
basic_1BT,6431622,2846227598230,400
basic_1BT,5680382,2846233315103,400
basic_1BT,6982077,2846240334439,400
basic_1BT,5693034,2846246053865,400
basic_1BT,5798952,2846251878764,400
basic_1BT,5519340,2846257426819,400
basic_1BT,6393394,2846263859442,400
basic_1BT,5734085,2846269627593,400
basic_1BT,7186571,2846276867709,400
basic_1BT,6299385,2846283195675,400
basic_1BT,6389858,2846289613418,400
basic_1BT,4936518,2846294598256,400
basic_1BT,7426056,2846302052315,400
basic_1BT,6360187,2846308444557,400
basic_1BT,6602969,2846315083319,400
basic_1BT,4643517,2846319767523,400
basic_1BT,5533937,2846325336187,400
basic_1BT,7045193,2846332417392,400
basic_1BT,6549425,2846339008572,400
basic_1BT,4571618,2846343612208,400
basic_1BT,3284733,2846346929945,400
basic_1BT,5602139,2846352574825,400
basic_1BT,5522705,2846358130391,400
basic_1BT,6099436,2846364257670,400
basic_1BT,6051417,2846370337958,400
basic_1BT,7360976,2846377735699,400
basic_1BT,5462259,2846383229176,400
basic_1BT,6178524,2846389438414,400
basic_1BT,6471694,2846395936528,400
basic_1BT,5159053,2846401120513,400
basic_1BT,5354968,2846406506190,400
basic_1BT,7411671,2846413955605,400
basic_1BT,3974525,2846417959155,400
basic_1BT,8252903,2846426252158,400
basic_1BT,5494196,2846431776823,400
basic_1BT,4565288,2846436371253,400
basic_1BT,3302380,2846439707582,400
basic_1BT,5720154,2846445457815,400
basic_1BT,5290045,2846450779814,400
basic_1BT,6469071,2846457275731,400
basic_1BT,6495310,2846463799495,400
basic_1BT,6023693,2846469857874,400
basic_1BT,5869528,2846475758649,400
basic_1BT,6246582,2846482043808,400
basic_1BT,5399074,2846487466593,400
basic_1BT,6434399,2846493930656,400
basic_1BT,7090493,2846501053426,400
basic_1BT,5186312,2846506273563,400
basic_1BT,7513290,2846513822952,400
basic_1BT,6010311,2846519862085,400
basic_1BT,5824171,2846525711089,400
basic_1BT,5906590,2846531643784,400
basic_1BT,5934288,2846537602907,400
basic_1BT,4209534,2846541845629,400
basic_1BT,4896061,2846546770470,400
basic_1BT,6525147,2846553331780,400
basic_1BT,2890113,2846556245549,400
basic_1BT,5005951,2846561283087,400
basic_1BT,6458454,2846567768499,400
basic_1BT,4319527,2846572113920,400
basic_1BT,4663362,2846576809500,400
basic_1BT,5162472,2846582021238,400
basic_1BT,5447526,2846587503310,400
basic_1BT,6090067,2846593623572,400
basic_1BT,6289508,2846599944530,400
basic_1BT,6130157,2846606118730,400
basic_1BT,6876162,2846613023900,400
basic_1BT,5428144,2846618481735,400
basic_1BT,6569152,2846625080239,400
basic_1BT,5701222,2846630811342,400
basic_1BT,6670841,2846637517444,400
basic_1BT,4560478,2846642111987,400
basic_1BT,4968193,2846647111282,400
basic_1BT,4706170,2846651848413,400
basic_1BT,6222032,2846658101047,400
basic_1BT,5891524,2846664024940,400
basic_1BT,5919363,2846669974101,400
basic_1BT,5566643,2846675571960,400
basic_1BT,5797423,2846681407243,400
basic_1BT,6262510,2846687715132,400
basic_1BT,6167286,2846693908924,400
basic_1BT,4966449,2846698903621,400
basic_1BT,4899117,2846703831502,400
basic_1BT,4818572,2846708675532,400
basic_1BT,5343459,2846714049618,400
basic_1BT,4494553,2846718574027,400
basic_1BT,6513598,2846725116995,400
basic_1BT,6639104,2846731788066,400
basic_1BT,6664035,2846738492136,400
basic_1BT,6629765,2846745152439,400
basic_1BT,6245911,2846751429646,400
basic_1BT,6750645,2846758210796,400
basic_1BT,6205409,2846764446463,400
basic_1BT,5800364,2846770279649,400
basic_1BT,6333165,2846776639324,400
basic_1BT,6477075,2846783147194,400
basic_1BT,6272314,2846789458544,400
basic_1BT,6054039,2846795550318,400
basic_1BT,5545491,2846801124245,400
basic_1BT,6387789,2846807540388,400
basic_1BT,4316700,2846811892392,400
basic_1BT,6737613,2846818659145,400
basic_1BT,6556006,2846825241621,400
basic_1BT,5885803,2846831152545,400
basic_1BT,6579915,2846837766669,400
basic_1BT,5844163,2846843646951,400
basic_1BT,6176523,2846849857116,400
basic_1BT,6324943,2846856216707,400
basic_1BT,6118075,2846862363706,400
basic_1BT,4920319,2846867338579,400
basic_1BT,7780589,2846875165363,400
basic_1BT,5891260,2846881082228,400
basic_1BT,5877526,2846886992378,400
basic_1BT,4792420,2846891816535,400
basic_1BT,4743003,2846896597189,400
basic_1BT,4355224,2846900985939,400
basic_1BT,5971738,2846906988630,400
basic_1BT,5503545,2846912522389,400
basic_1BT,6574158,2846919128844,400
basic_1BT,6008737,2846925168125,400
basic_1BT,5488946,2846930687662,400
basic_1BT,6026909,2846936740680,400
basic_1BT,6062492,2846942837940,400
basic_1BT,6150993,2846949036838,400
basic_1BT,5366343,2846954425088,400
basic_1BT,6514272,2846960961296,400
basic_1BT,6674140,2846967656926,400
basic_1BT,4032610,2846971713023,400
basic_1BT,4301131,2846976062571,400
basic_1BT,4756871,2846980852922,400
basic_1BT,5982118,2846986865728,400
basic_1BT,6219210,2846993112801,400
basic_1BT,5546072,2846998705382,400
basic_1BT,6748570,2847005494976,400
basic_1BT,6414118,2847011944938,400
basic_1BT,6052962,2847018040331,400
basic_1BT,4643366,2847022711285,400
basic_1BT,5887742,2847028626055,400
basic_1BT,7224280,2847035880287,400
basic_1BT,6539943,2847042452010,400
basic_1BT,4445013,2847046940984,400
basic_1BT,4373641,2847051342015,400
basic_1BT,4964338,2847056340829,400
basic_1BT,5627334,2847061999415,400
basic_1BT,6241797,2847068267947,400
basic_1BT,5442281,2847073739576,400
basic_1BT,6445140,2847080214373,400
basic_1BT,6404207,2847086648063,400
basic_1BT,5670365,2847092351822,400
basic_1BT,5636223,2847098016643,400
basic_1BT,4705111,2847102755752,400
basic_1BT,5538099,2847108321483,400
basic_1BT,8491438,2847116848003,400
basic_1BT,6047288,2847122928529,400
basic_1BT,6078229,2847129047480,400
basic_1BT,4017427,2847133091597,400
basic_1BT,3000007,2847136120259,400
basic_1BT,5663749,2847141822273,400
basic_1BT,6195706,2847148073910,400
basic_1BT,5141473,2847153243742,400
basic_1BT,5950550,2847159221463,400
basic_1BT,4353094,2847163603708,400
basic_1BT,5058196,2847168692306,400
basic_1BT,6028743,2847174751626,400
basic_1BT,5683218,2847180463286,400
basic_1BT,6388612,2847186880683,400
basic_1BT,5785905,2847192701331,400
basic_1BT,6127750,2847198868989,400
basic_1BT,6149744,2847205049869,400
basic_1BT,4884175,2847209958697,400
basic_1BT,6389130,2847216382568,400
basic_1BT,6400127,2847222819814,400
basic_1BT,6567062,2847229414997,400
basic_1BT,4509880,2847233957072,400
basic_1BT,3324888,2847237318773,400
basic_1BT,5789567,2847243134759,400
basic_1BT,5839770,2847249005276,400
basic_1BT,6737328,2847255775669,400
basic_1BT,6279344,2847262086525,400
basic_1BT,5080189,2847267197940,400
basic_1BT,6761462,2847273989070,400
basic_1BT,5954490,2847279973990,400
basic_1BT,6081826,2847286082104,400
basic_1BT,5664083,2847291772234,400
basic_1BT,6570716,2847298378399,400
basic_1BT,6087012,2847304505838,400
basic_1BT,5704371,2847310244026,400
basic_1BT,5265427,2847315536665,400
basic_1BT,7228545,2847322797744,400
basic_1BT,5429858,2847328256494,400
basic_1BT,5757375,2847334042696,400
basic_1BT,6031158,2847340100257,400
basic_1BT,6598846,2847346726031,400
basic_1BT,6892561,2847353646583,400
basic_1BT,5961221,2847359636403,400
basic_1BT,5500584,2847365164379,400
basic_1BT,4573842,2847369770992,400
basic_1BT,4731293,2847374532437,400
basic_1BT,4055745,2847378622371,400
basic_1BT,6065889,2847384712640,400
basic_1BT,4938493,2847389675720,400
basic_1BT,5516113,2847395218197,400
basic_1BT,4872339,2847400118525,400
basic_1BT,5142403,2847405293590,400
basic_1BT,5916200,2847411239684,400
basic_1BT,5883320,2847417153758,400
basic_1BT,6402420,2847423588372,400
basic_1BT,6590464,2847430204133,400
basic_1BT,4630865,2847434865901,400
basic_1BT,6475605,2847441367829,400
basic_1BT,6684893,2847448089231,400
basic_1BT,6435787,2847454556665,400
basic_1BT,4705874,2847459291862,400
basic_1BT,5299768,2847464631228,400
basic_1BT,3618556,2847468285509,400
basic_1BT,6555653,2847474873231,400
basic_1BT,6003226,2847480905959,400
basic_1BT,5155492,2847486090749,400
basic_1BT,5796663,2847491914071,400
basic_1BT,6467648,2847498407656,400
basic_1BT,6294175,2847504730634,400
basic_1BT,5839615,2847510602734,400
basic_1BT,6241062,2847516880789,400
basic_1BT,6128261,2847523036190,400
basic_1BT,6472411,2847529536760,400
basic_1BT,4659829,2847534232548,400
basic_1BT,3503141,2847537766383,400
basic_1BT,5971845,2847543768036,400
basic_1BT,5482390,2847549278511,400
basic_1BT,6218363,2847555530733,400
basic_1BT,6284129,2847561843446,400
basic_1BT,4473410,2847566343191,400
basic_1BT,7208817,2847573576380,400
basic_1BT,5482152,2847579088235,400
basic_1BT,6055585,2847585191830,400
basic_1BT,5823139,2847591043356,400
basic_1BT,6676984,2847597751358,400
basic_1BT,6042417,2847603824384,400
basic_1BT,5406768,2847609264323,400
basic_1BT,5941921,2847615247942,400
basic_1BT,7131959,2847622422184,400
basic_1BT,4510074,2847626971834,400
basic_1BT,5977529,2847632979701,400
basic_1BT,5913530,2847638924766,400
basic_1BT,6737636,2847645700575,400
basic_1BT,6741300,2847652471487,400
basic_1BT,6861076,2847659373027,400
basic_1BT,6141338,2847665540503,400
basic_1BT,4408577,2847669999371,400
basic_1BT,5013380,2847675061773,400
basic_1BT,4976644,2847680070722,400
basic_1BT,5694263,2847685792310,400
basic_1BT,4905395,2847690722734,400
basic_1BT,6741647,2847697491062,400
basic_1BT,5888821,2847703414729,400
basic_1BT,5361997,2847708805725,400
basic_1BT,6413449,2847715257103,400
basic_1BT,3981986,2847719269658,400
basic_1BT,4387913,2847723693041,400
basic_1BT,4751466,2847728471941,400
basic_1BT,6273774,2847734772495,400
basic_1BT,5954175,2847740756946,400
basic_1BT,5292205,2847746081276,400
basic_1BT,6392168,2847752512905,400
basic_1BT,6255923,2847758795843,400
basic_1BT,4354942,2847763180084,400
basic_1BT,5714145,2847768928105,400
basic_1BT,7407972,2847776373997,400
basic_1BT,5614083,2847782030841,400
basic_1BT,6090280,2847788158742,400
basic_1BT,6165806,2847794365678,400
basic_1BT,6565669,2847800956462,400
basic_1BT,3825673,2847804812859,400
basic_1BT,3587381,2847808437810,400
basic_1BT,5626145,2847814094429,400
basic_1BT,6275798,2847820410471,400
basic_1BT,5558911,2847825995858,400
basic_1BT,4594817,2847830625942,400
basic_1BT,7037463,2847837704031,400
basic_1BT,7356892,2847845096431,400
basic_1BT,6976781,2847852106221,400
basic_1BT,5911493,2847858050366,400
basic_1BT,6561915,2847864644315,400
basic_1BT,6437797,2847871117438,400
basic_1BT,6471123,2847877616886,400
basic_1BT,6312220,2847883963692,400
basic_1BT,5748138,2847889743259,400
basic_1BT,5171999,2847894948806,400
basic_1BT,6378323,2847901355032,400
basic_1BT,6895327,2847908290262,400
basic_1BT,6438353,2847914759698,400
basic_1BT,5998678,2847920788418,400
basic_1BT,6276182,2847927093698,400
basic_1BT,5654513,2847932776884,400
basic_1BT,6668836,2847939479463,400
basic_1BT,6343359,2847945850954,400
basic_1BT,6047990,2847951926828,400
basic_1BT,6756084,2847958737351,400
basic_1BT,3884259,2847962662435,400
basic_1BT,5656879,2847968360085,400
basic_1BT,4128439,2847972533324,400
basic_1BT,3286148,2847975853340,400
basic_1BT,5875108,2847981758074,400
basic_1BT,3881645,2847985668666,400
basic_1BT,2951013,2847988647931,400
basic_1BT,2340667,2847991015880,400
basic_1BT,2057429,2847993094648,400
basic_1BT,1947730,2847995064006,400
#end,11,1953,400
