20260216-111516-0150 33016 * main            (benchmark.cc:402): Starting benchmark.
20260216-111520-7008 33016 * main            (benchmark.cc:621): Creating a default paritioner!
20260216-111520-7010 33016 * Client          (client.cc:75):     Initializing StrongStore client with id [101]
20260216-111520-7011 33016 * BenchmarkClient (bench_client.cc:81): starting benchclient, issueConcurrent: 1; fanout: 1
Session created: 0
last_service: , current_state: 0
Session continued: 0
last_service: , current_state: 0
Session destroyed: 18446744073709551615
last_service: , current_state: 0
20260216-111526-1159 33016 * WarmupDone      (bench_client.cc:726): Completed warmup period of 5 seconds with 833 requests
20260216-111537-1168 33016 * Finish          (bench_client.cc:920): Completed 1825 requests in 11.004308 seconds
20260216-111537-1168 33016 * Finish          (bench_client.cc:921): 1 outstanding transactions.
Session continued: 0
last_service: , current_state: 0
Session destroyed: 18446744073709551615
last_service: , current_state: 0
Session continued: 0
last_service: , current_state: 0
Session destroyed: 18446744073709551615
last_service: , current_state: 0
Session destroyed: 0
last_service: , current_state: 0
20260216-111540-1161 33016 * FlushStats      (benchmark.cc:890): Flushing stats to /mnt/extra/experiments/2026-03-16-11-14-52/out/client-0-0-101-stats-0.json.
20260216-111540-1171 33016 * FlushStats      (benchmark.cc:902): All done!
20260216-111542-1179 33016 * Cleanup         (bench_client.cc:748): Aborting 0 outstanding transactions.
20260216-111542-1180 33016 * CooldownDone    (bench_client.cc:778): Finished cooldown period.
20260216-111542-1191 33016 * CooldownDone    (bench_client.cc:785): Median latency is 6062059 ns (6062 us)
20260216-111542-1191 33016 * CooldownDone    (bench_client.cc:794): Average latency is 5992300 ns (5992 us)
20260216-111542-1192 33016 * CooldownDone    (bench_client.cc:798): 90th percentile latency is 6859969 ns (6859 us)
20260216-111542-1192 33016 * CooldownDone    (bench_client.cc:802): 95th percentile latency is 7151782 ns (7151 us)
20260216-111542-1192 33016 * CooldownDone    (bench_client.cc:806): 99th percentile latency is 7692159 ns (7692 us)
20260216-111542-1193 33016 * LATENCY total: 2853 us 5992 us/4194 us 54 ms (1826 samples, 10 s total)
20260216-111542-1193 33016 *    2097 us |         76 | ==
20260216-111542-1194 33016 *    4194 us |       1745 | ==================================================
20260216-111542-1194 33016 *    8388 us |          3 | 
20260216-111542-1194 33016 *      16 ms |          1 | 
20260216-111542-1194 33016 *      33 ms |          1 | 
20260216-111542-1765 33016 * Stop            (tcptransport.cc:581): [TCP SUMMARY] outgoingCreated=1 outgoingClosed=0 incomingCreated=0 incomingClosed=0 outgoingPeak=1 incomingPeak=0
Inserted events:
  0x55723e649f60 [fd  7] Read Persist Internal
  0x55723e660560 [fd  9] Read Persist
Active events:
20260216-111542-1766 33016 * main            (benchmark.cc:849): Cleaning up after experiment.
20260216-111542-1766 33016 * FlushStats      (benchmark.cc:890): Flushing stats to /mnt/extra/experiments/2026-03-16-11-14-52/out/client-0-0-101-stats-0.json.
20260216-111542-1771 33016 * FlushStats      (benchmark.cc:902): All done!
