20260216-111515-9829 32820 * main            (benchmark.cc:402): Starting benchmark.
20260216-111520-7385 32820 * main            (benchmark.cc:621): Creating a default paritioner!
20260216-111520-7387 32820 * Client          (client.cc:75):     Initializing StrongStore client with id [6]
20260216-111520-7388 32820 * BenchmarkClient (bench_client.cc:81): starting benchclient, issueConcurrent: 1; fanout: 1
Session created: 0
last_service: , current_state: 0
Session continued: 0
last_service: , current_state: 0
Session destroyed: 18446744073709551615
last_service: , current_state: 0
20260216-111526-1274 32820 * WarmupDone      (bench_client.cc:726): Completed warmup period of 5 seconds with 661 requests
20260216-111537-1283 32820 * Finish          (bench_client.cc:920): Completed 1908 requests in 11.002913 seconds
20260216-111537-1283 32820 * Finish          (bench_client.cc:921): 1 outstanding transactions.
Session continued: 0
last_service: , current_state: 0
Session destroyed: 18446744073709551615
last_service: , current_state: 0
Session continued: 0
last_service: , current_state: 0
Session destroyed: 18446744073709551615
last_service: , current_state: 0
Session destroyed: 0
last_service: , current_state: 0
20260216-111540-1275 32820 * FlushStats      (benchmark.cc:890): Flushing stats to /mnt/extra/experiments/2026-03-16-11-14-52/out/client-0-0-6-stats-0.json.
20260216-111540-1285 32820 * FlushStats      (benchmark.cc:902): All done!
20260216-111542-1293 32820 * Cleanup         (bench_client.cc:748): Aborting 0 outstanding transactions.
20260216-111542-1294 32820 * CooldownDone    (bench_client.cc:778): Finished cooldown period.
20260216-111542-1300 32820 * CooldownDone    (bench_client.cc:785): Median latency is 5843520 ns (5843 us)
20260216-111542-1300 32820 * CooldownDone    (bench_client.cc:794): Average latency is 5732046 ns (5732 us)
20260216-111542-1301 32820 * CooldownDone    (bench_client.cc:798): 90th percentile latency is 6717133 ns (6717 us)
20260216-111542-1301 32820 * CooldownDone    (bench_client.cc:802): 95th percentile latency is 7038288 ns (7038 us)
20260216-111542-1301 32820 * CooldownDone    (bench_client.cc:806): 99th percentile latency is 7622274 ns (7622 us)
20260216-111542-1301 32820 * LATENCY total: 1582 us 5732 us/4194 us 54 ms (1909 samples, 10 s total)
20260216-111542-1301 32820 *    1048 us |          2 | 
20260216-111542-1302 32820 *    2097 us |        138 | ===
20260216-111542-1302 32820 *    4194 us |       1765 | ==================================================
20260216-111542-1302 32820 *    8388 us |          2 | 
20260216-111542-1302 32820 *      16 ms |          1 | 
20260216-111542-1302 32820 *      33 ms |          1 | 
20260216-111542-2004 32820 * Stop            (tcptransport.cc:581): [TCP SUMMARY] outgoingCreated=1 outgoingClosed=0 incomingCreated=0 incomingClosed=0 outgoingPeak=1 incomingPeak=0
Inserted events:
  0x55b7d43a6f60 [fd  7] Read Persist Internal
  0x55b7d43bd560 [fd  9] Read Persist
Active events:
20260216-111542-2004 32820 * main            (benchmark.cc:849): Cleaning up after experiment.
20260216-111542-2005 32820 * FlushStats      (benchmark.cc:890): Flushing stats to /mnt/extra/experiments/2026-03-16-11-14-52/out/client-0-0-6-stats-0.json.
20260216-111542-2010 32820 * FlushStats      (benchmark.cc:902): All done!
