basic_1BT,6673811,2836963189359,976
basic_1BT,5185273,2836968435517,976
basic_1BT,6989198,2836975452039,976
basic_1BT,5700303,2836981183464,976
basic_1BT,6544545,2836987768268,976
basic_1BT,5774542,2836993580364,976
basic_1BT,7048055,2837000666295,976
basic_1BT,6334973,2837007027893,976
basic_1BT,5479021,2837012542869,976
basic_1BT,5826270,2837018395459,976
basic_1BT,7266654,2837025690520,976
basic_1BT,5478535,2837031196209,976
basic_1BT,6011213,2837037237134,976
basic_1BT,5846273,2837043112595,976
basic_1BT,6423867,2837049564336,976
basic_1BT,6249619,2837055841924,976
basic_1BT,5343980,2837061212930,976
basic_1BT,6415002,2837067660977,976
basic_1BT,6438861,2837074148270,976
basic_1BT,5380937,2837079558108,976
basic_1BT,6263819,2837085876574,976
basic_1BT,4707299,2837090611726,976
basic_1BT,5558750,2837096197010,976
basic_1BT,5731568,2837101955180,976
basic_1BT,7000608,2837108981683,976
basic_1BT,5065421,2837114090228,976
basic_1BT,5328161,2837119490388,976
basic_1BT,6270069,2837125790776,976
basic_1BT,5321308,2837131145178,976
basic_1BT,6730002,2837137902614,976
basic_1BT,4932914,2837142876965,976
basic_1BT,8138675,2837151042527,976
basic_1BT,6409687,2837157487924,976
basic_1BT,5781052,2837163307043,976
basic_1BT,5835792,2837169187684,976
basic_1BT,4506210,2837173755165,976
basic_1BT,3322620,2837177130448,976
basic_1BT,26447787,2837203603962,976
basic_1BT,5652199,2837209286492,976
basic_1BT,5359151,2837214675754,976
basic_1BT,5522442,2837220224961,976
basic_1BT,6337081,2837226590201,976
basic_1BT,6431264,2837233056813,976
basic_1BT,5001582,2837238096008,976
basic_1BT,5820888,2837243953529,976
basic_1BT,6099636,2837250078980,976
basic_1BT,7470292,2837257574779,976
basic_1BT,5992101,2837263594878,976
basic_1BT,6262644,2837269890629,976
basic_1BT,5723821,2837275640579,976
basic_1BT,5911957,2837281587921,976
basic_1BT,5754120,2837287369458,976
basic_1BT,6496440,2837293900423,976
basic_1BT,6227072,2837300153449,976
basic_1BT,6761135,2837306951140,976
basic_1BT,6582246,2837313604086,976
basic_1BT,6121501,2837319752664,976
basic_1BT,6427096,2837326210129,976
basic_1BT,6272402,2837332527260,976
basic_1BT,5618575,2837338182300,976
basic_1BT,6430998,2837344639284,976
basic_1BT,6863006,2837351559118,976
basic_1BT,5404701,2837357000221,976
basic_1BT,7650667,2837364687031,976
basic_1BT,6087823,2837370802317,976
basic_1BT,6512112,2837377347696,976
basic_1BT,5299857,2837382672073,976
basic_1BT,5985870,2837388681926,976
basic_1BT,6046406,2837394764116,976
basic_1BT,6586504,2837401383220,976
basic_1BT,5220060,2837406638443,976
basic_1BT,6488926,2837413157656,976
basic_1BT,6454661,2837419642623,976
basic_1BT,6679988,2837426384888,976
basic_1BT,6420009,2837432834894,976
basic_1BT,6397951,2837439268842,976
basic_1BT,5533740,2837444830622,976
basic_1BT,5821880,2837450680761,976
basic_1BT,6537767,2837457243422,976
basic_1BT,6987362,2837464283037,976
basic_1BT,5650381,2837469969403,976
basic_1BT,6379627,2837476382631,976
basic_1BT,6399730,2837482809026,976
basic_1BT,5693907,2837488529518,976
basic_1BT,5106633,2837493671267,976
basic_1BT,5706811,2837499409804,976
basic_1BT,6075894,2837505512074,976
basic_1BT,7045058,2837512602207,976
basic_1BT,5911975,2837518551425,976
basic_1BT,6069607,2837524644944,976
basic_1BT,4899167,2837529570998,976
basic_1BT,6367947,2837535968295,976
basic_1BT,5329230,2837541357659,976
basic_1BT,5743942,2837547143811,976
basic_1BT,6676582,2837553844389,976
basic_1BT,5057615,2837558954899,976
basic_1BT,5405744,2837564407387,976
basic_1BT,7281212,2837571728636,976
basic_1BT,7162792,2837578921628,976
basic_1BT,5340151,2837584289392,976
basic_1BT,5187196,2837589503135,976
basic_1BT,6717769,2837596246495,976
basic_1BT,5694539,2837601974769,976
basic_1BT,5921034,2837607934051,976
basic_1BT,7070582,2837615033543,976
basic_1BT,4968248,2837620057084,976
basic_1BT,6079011,2837626166926,976
basic_1BT,6071084,2837632278392,976
basic_1BT,6463512,2837638770125,976
basic_1BT,5487358,2837644284350,976
basic_1BT,6381274,2837650692805,976
basic_1BT,6571304,2837657289566,976
basic_1BT,5990287,2837663309791,976
basic_1BT,5324477,2837668662238,976
basic_1BT,5515978,2837674216744,976
basic_1BT,6914724,2837681157744,976
basic_1BT,5456392,2837686647792,976
basic_1BT,6494716,2837693168775,976
basic_1BT,6843033,2837700044491,976
basic_1BT,6782555,2837706882666,976
basic_1BT,5573981,2837712485264,976
basic_1BT,6241970,2837718763583,976
basic_1BT,6557216,2837725350752,976
basic_1BT,5678019,2837731055655,976
basic_1BT,5098976,2837736182312,976
basic_1BT,5855583,2837742065691,976
basic_1BT,6539801,2837748666702,976
basic_1BT,7438513,2837756140521,976
basic_1BT,6372700,2837762542845,976
basic_1BT,6545483,2837769120464,976
basic_1BT,7172106,2837776324730,976
basic_1BT,6153115,2837782509709,976
basic_1BT,6617021,2837789154969,976
basic_1BT,6714716,2837795897125,976
basic_1BT,6587300,2837802515156,976
basic_1BT,6493032,2837809041292,976
basic_1BT,5237105,2837814305649,976
basic_1BT,5600106,2837819933722,976
basic_1BT,5447430,2837825406923,976
basic_1BT,6498234,2837831940490,976
basic_1BT,6511306,2837838479412,976
basic_1BT,6267124,2837844774384,976
basic_1BT,5591006,2837850392356,976
basic_1BT,5697964,2837856117846,976
basic_1BT,5986612,2837862135759,976
basic_1BT,5356209,2837867518029,976
basic_1BT,6108712,2837873652991,976
basic_1BT,5451892,2837879139221,976
basic_1BT,5486576,2837884658103,976
basic_1BT,6745022,2837891455640,976
basic_1BT,6460992,2837897943218,976
basic_1BT,6287510,2837904258290,976
basic_1BT,7220028,2837911520019,976
basic_1BT,6141968,2837917694906,976
basic_1BT,7831133,2837925561123,976
basic_1BT,5772115,2837931363709,976
basic_1BT,5296375,2837936684162,976
basic_1BT,6501996,2837943215248,976
basic_1BT,5555526,2837948797371,976
basic_1BT,5900927,2837954725440,976
basic_1BT,6557380,2837961313739,976
basic_1BT,5972671,2837967315152,976
basic_1BT,5944568,2837973287361,976
basic_1BT,6545545,2837979859967,976
basic_1BT,6281539,2837986169453,976
basic_1BT,4638363,2837990835762,976
basic_1BT,3765090,2837994629792,976
basic_1BT,5393779,2838000049402,976
basic_1BT,6226400,2838006300544,976
basic_1BT,6486861,2838012814325,976
basic_1BT,5811156,2838018654271,976
basic_1BT,6020504,2838024703220,976
basic_1BT,6272099,2838031004395,976
basic_1BT,5574427,2838036608329,976
basic_1BT,6810342,2838043444841,976
basic_1BT,5961741,2838049433005,976
basic_1BT,5436933,2838054899307,976
basic_1BT,5122678,2838060049124,976
basic_1BT,6209041,2838066293880,976
basic_1BT,6564793,2838072884023,976
basic_1BT,6044338,2838078956780,976
basic_1BT,4391182,2838083375488,976
basic_1BT,5793961,2838089201127,976
basic_1BT,4636901,2838093864360,976
basic_1BT,5694730,2838099585887,976
basic_1BT,5910975,2838105522053,976
basic_1BT,6491497,2838112043355,976
basic_1BT,6464500,2838118559921,976
basic_1BT,6686172,2838125296584,976
basic_1BT,5266426,2838130590149,976
basic_1BT,5407812,2838136023688,976
basic_1BT,6766911,2838142854844,976
basic_1BT,5589603,2838148478650,976
basic_1BT,6178385,2838154685590,976
basic_1BT,5434147,2838160147357,976
basic_1BT,6796258,2838166989009,976
basic_1BT,6479254,2838173499955,976
basic_1BT,6529671,2838180057784,976
basic_1BT,7150631,2838187246961,976
basic_1BT,5613064,2838192889987,976
basic_1BT,5986232,2838198902327,976
basic_1BT,5591403,2838204524017,976
basic_1BT,6180188,2838210741370,976
basic_1BT,6699525,2838217470435,976
basic_1BT,5483839,2838222983909,976
basic_1BT,5479904,2838228489315,976
basic_1BT,7207104,2838235723299,976
basic_1BT,6885348,2838242647285,976
basic_1BT,5309060,2838247981995,976
basic_1BT,5974137,2838254714605,976
basic_1BT,6043956,2838260818822,976
basic_1BT,6810205,2838267659297,976
basic_1BT,5897368,2838273592792,976
basic_1BT,6525228,2838280142583,976
basic_1BT,6619788,2838286806137,976
basic_1BT,7180424,2838294019402,976
basic_1BT,5980675,2838300032346,976
basic_1BT,7145653,2838307211922,976
basic_1BT,6423970,2838313664697,976
basic_1BT,5902950,2838319594494,976
basic_1BT,5927455,2838325556384,976
basic_1BT,8146901,2838333734132,976
basic_1BT,6080772,2838339850264,976
basic_1BT,6014410,2838345893382,976
basic_1BT,6058752,2838351979422,976
basic_1BT,6986793,2838359013898,976
basic_1BT,6399504,2838365447750,976
basic_1BT,6399548,2838371901454,976
basic_1BT,5963062,2838377909643,976
basic_1BT,6210699,2838384147308,976
basic_1BT,6637270,2838390811469,976
basic_1BT,6301157,2838397142177,976
basic_1BT,5453474,2838402625085,976
basic_1BT,6792185,2838409491667,976
basic_1BT,5964034,2838415481318,976
basic_1BT,7009782,2838422519119,976
basic_1BT,5787644,2838428334912,976
basic_1BT,6619930,2838434979014,976
basic_1BT,5116249,2838440119498,976
basic_1BT,6421288,2838446579718,976
basic_1BT,5476166,2838452084535,976
basic_1BT,5675619,2838457799391,976
basic_1BT,5174219,2838463023366,976
basic_1BT,6112071,2838469160844,976
basic_1BT,6020378,2838475209767,976
basic_1BT,6411613,2838481647805,976
basic_1BT,5364089,2838487042514,976
basic_1BT,4737301,2838491807589,976
basic_1BT,7314663,2838499158984,976
basic_1BT,4940467,2838504123866,976
basic_1BT,5551362,2838509703214,976
basic_1BT,4950832,2838514688920,976
basic_1BT,5004011,2838519729354,976
basic_1BT,5655585,2838525411677,976
basic_1BT,5583574,2838531031966,976
basic_1BT,5866914,2838536924223,976
basic_1BT,6601310,2838543551298,976
basic_1BT,5779274,2838549398008,976
basic_1BT,6644283,2838556096064,976
basic_1BT,6531145,2838562665030,976
basic_1BT,6187884,2838568883739,976
basic_1BT,6119237,2838575026954,976
basic_1BT,5240026,2838580297638,976
basic_1BT,6648836,2838586972931,976
basic_1BT,7452864,2838594453262,976
basic_1BT,6300053,2838600788958,976
basic_1BT,5424778,2838606247176,976
basic_1BT,7052579,2838613334040,976
basic_1BT,5427637,2838618788662,976
basic_1BT,6052574,2838624871037,976
basic_1BT,6632191,2838631548008,976
basic_1BT,6388587,2838637961360,976
basic_1BT,4209741,2838642215978,976
basic_1BT,4855474,2838647097838,976
basic_1BT,4844663,2838651969141,976
basic_1BT,6386126,2838658381655,976
basic_1BT,7042053,2838665460224,976
basic_1BT,5728163,2838671214813,976
basic_1BT,7274001,2838678522837,976
basic_1BT,6193620,2838684773154,976
basic_1BT,5154412,2838689979907,976
basic_1BT,7389939,2838697404637,976
basic_1BT,4126732,2838701558290,976
basic_1BT,8191132,2838709793775,976
basic_1BT,5725361,2838715543702,976
basic_1BT,5483212,2838721053031,976
basic_1BT,7919544,2838729007650,976
basic_1BT,6997341,2838736035187,976
basic_1BT,5982030,2838742045750,976
basic_1BT,6350552,2838748435720,976
basic_1BT,5515819,2838753986381,976
basic_1BT,5668089,2838759683656,976
basic_1BT,5840348,2838765556036,976
basic_1BT,6635854,2838772238578,976
basic_1BT,5992133,2838778265814,976
basic_1BT,5034005,2838783327040,976
basic_1BT,5522504,2838788876334,976
basic_1BT,7538030,2838796447682,976
basic_1BT,6653012,2838803132830,976
basic_1BT,6234802,2838809392972,976
basic_1BT,6486870,2838815905930,976
basic_1BT,6557860,2838822494994,976
basic_1BT,6225739,2838828751947,976
basic_1BT,6248825,2838835025952,976
basic_1BT,5832822,2838840905949,976
basic_1BT,5992073,2838846926127,976
basic_1BT,6314844,2838853270765,976
basic_1BT,5486153,2838858796164,976
basic_1BT,6733909,2838865551883,976
basic_1BT,6146350,2838871724639,976
basic_1BT,5989919,2838877741556,976
basic_1BT,4836143,2838882613400,976
basic_1BT,4199353,2838886845664,976
basic_1BT,5625677,2838892501369,976
basic_1BT,5929037,2838898453229,976
basic_1BT,5275624,2838903758467,976
basic_1BT,5696460,2838909482143,976
basic_1BT,6548772,2838916058689,976
basic_1BT,6250306,2838922343091,976
basic_1BT,6516108,2838928885681,976
basic_1BT,6938804,2838935864866,976
basic_1BT,5820087,2838941720481,976
basic_1BT,6800607,2838948557044,976
basic_1BT,6090148,2838954673829,976
basic_1BT,6528980,2838961231121,976
basic_1BT,6977511,2838968236725,976
basic_1BT,5925785,2838974195977,976
basic_1BT,6339452,2838980573248,976
basic_1BT,5795771,2838986393951,976
basic_1BT,5281672,2838991709397,976
basic_1BT,4875447,2838996608513,976
basic_1BT,5587115,2839002242019,976
basic_1BT,4128446,2839006412464,976
basic_1BT,5456896,2839011893425,976
basic_1BT,5911197,2839017834286,976
basic_1BT,6505382,2839024374111,976
basic_1BT,6759827,2839031195784,976
basic_1BT,6691055,2839037916785,976
basic_1BT,6217326,2839044161905,976
basic_1BT,7306764,2839051511334,976
basic_1BT,6119782,2839057661590,976
basic_1BT,4230746,2839061940776,976
basic_1BT,4779347,2839066790007,976
basic_1BT,5100799,2839071919861,976
basic_1BT,6312921,2839078275837,976
basic_1BT,6300610,2839084600612,976
basic_1BT,6557078,2839091185160,976
basic_1BT,6808247,2839098030671,976
basic_1BT,6326696,2839104387817,976
basic_1BT,5933626,2839110348787,976
basic_1BT,5800084,2839116174686,976
basic_1BT,6168711,2839122371178,976
basic_1BT,6051731,2839128450136,976
basic_1BT,5908068,2839134382884,976
basic_1BT,6607620,2839141035213,976
basic_1BT,6155819,2839147217524,976
basic_1BT,5893580,2839153146653,976
basic_1BT,5986080,2839159162919,976
basic_1BT,6674358,2839165870554,976
basic_1BT,5785146,2839171682924,976
basic_1BT,6360029,2839178069532,976
basic_1BT,5574292,2839183670769,976
basic_1BT,4581556,2839188282281,976
basic_1BT,7060985,2839195380169,976
basic_1BT,6269683,2839201676845,976
basic_1BT,4251018,2839205956025,976
basic_1BT,3442039,2839209426525,976
basic_1BT,5405728,2839214874588,976
basic_1BT,5454108,2839220355861,976
basic_1BT,7504072,2839227895245,976
basic_1BT,6468153,2839234393440,976
basic_1BT,6224997,2839240681629,976
basic_1BT,5682003,2839246390188,976
basic_1BT,4756900,2839251169904,976
basic_1BT,6881835,2839258077958,976
basic_1BT,6515832,2839264647919,976
basic_1BT,3904205,2839268606830,976
basic_1BT,3585759,2839272219446,976
basic_1BT,6458116,2839278700636,976
basic_1BT,6703063,2839285428641,976
basic_1BT,6845357,2839292301521,976
basic_1BT,5640731,2839297973127,976
basic_1BT,5214603,2839303217982,976
basic_1BT,6256321,2839309505486,976
basic_1BT,5285179,2839314817772,976
basic_1BT,6289685,2839321159768,976
basic_1BT,5366352,2839326554112,976
basic_1BT,6101111,2839332682859,976
basic_1BT,5680142,2839338396963,976
basic_1BT,3818972,2839342249585,976
basic_1BT,5449726,2839347735976,976
basic_1BT,5719744,2839353481367,976
basic_1BT,4014637,2839357527547,976
basic_1BT,6814989,2839364372680,976
basic_1BT,6427095,2839370828359,976
basic_1BT,6117044,2839377005725,976
basic_1BT,5349830,2839382387302,976
basic_1BT,6314948,2839388734793,976
basic_1BT,5916977,2839394676536,976
basic_1BT,6027080,2839400768267,976
basic_1BT,6811298,2839407612217,976
basic_1BT,5534802,2839413171796,976
basic_1BT,6178524,2839419397796,976
basic_1BT,6004382,2839425429595,976
basic_1BT,6765689,2839432248796,976
basic_1BT,6929847,2839439207265,976
basic_1BT,6271706,2839445506813,976
basic_1BT,5699012,2839451244342,976
basic_1BT,6260415,2839457532711,976
basic_1BT,6859841,2839464436872,976
basic_1BT,6533938,2839470998035,976
basic_1BT,6546275,2839477572879,976
basic_1BT,6138922,2839483740218,976
basic_1BT,4749670,2839488516049,976
basic_1BT,4000472,2839492556290,976
basic_1BT,6217682,2839498802948,976
basic_1BT,5568613,2839504409125,976
basic_1BT,5887336,2839510327516,976
basic_1BT,6751856,2839517103435,976
basic_1BT,5701194,2839522830054,976
basic_1BT,6455620,2839529316307,976
basic_1BT,5800754,2839535147931,976
basic_1BT,5514820,2839540705816,976
basic_1BT,5587392,2839546322158,976
basic_1BT,7839040,2839554195116,976
basic_1BT,6218266,2839560441410,976
basic_1BT,6317567,2839566788963,976
basic_1BT,5911427,2839572727535,976
basic_1BT,6624224,2839579379860,976
basic_1BT,6530274,2839585945417,976
basic_1BT,6340500,2839592326671,976
basic_1BT,5357242,2839597722742,976
basic_1BT,5887413,2839603638572,976
basic_1BT,5298667,2839608987576,976
basic_1BT,7157599,2839616175684,976
basic_1BT,11270102,2839627474267,976
basic_1BT,5946424,2839633452278,976
basic_1BT,7610551,2839641094046,976
basic_1BT,6326753,2839647454487,976
basic_1BT,7142885,2839654633867,976
basic_1BT,6075765,2839660734168,976
basic_1BT,5734740,2839666494327,976
basic_1BT,6043818,2839672574788,976
basic_1BT,6245169,2839678854797,976
basic_1BT,5466580,2839684382604,976
basic_1BT,5979299,2839690401974,976
basic_1BT,6934353,2839697366511,976
basic_1BT,5850192,2839703243632,976
basic_1BT,6251685,2839709522298,976
basic_1BT,5822742,2839715382868,976
basic_1BT,6181510,2839721599211,976
basic_1BT,5799049,2839727429299,976
basic_1BT,4839932,2839732306626,976
basic_1BT,6262645,2839738598367,976
basic_1BT,5208256,2839743838281,976
basic_1BT,6905333,2839750785534,976
basic_1BT,6892818,2839757722672,976
basic_1BT,6146708,2839763897173,976
basic_1BT,5951684,2839769877885,976
basic_1BT,5641184,2839775544018,976
basic_1BT,5714769,2839781286995,976
basic_1BT,6192844,2839787519244,976
basic_1BT,6870849,2839794433600,976
basic_1BT,6068880,2839800528998,976
basic_1BT,5964542,2839806525262,976
basic_1BT,5880030,2839812438234,976
basic_1BT,6183114,2839818654402,976
basic_1BT,6124592,2839824805316,976
basic_1BT,5789244,2839830620579,976
basic_1BT,6467516,2839837137211,976
basic_1BT,7001699,2839844190609,976
basic_1BT,7319931,2839851564959,976
basic_1BT,6638749,2839858235850,976
basic_1BT,6982373,2839865242305,976
basic_1BT,6301480,2839871581221,976
basic_1BT,5912118,2839877529776,976
basic_1BT,6951118,2839884507920,976
basic_1BT,5701675,2839890278537,976
basic_1BT,5999369,2839896305168,976
basic_1BT,5188164,2839901521365,976
basic_1BT,7399882,2839908954352,976
basic_1BT,4715274,2839913721329,976
basic_1BT,5421201,2839919169718,976
basic_1BT,6977972,2839926182482,976
basic_1BT,6901351,2839933113230,976
basic_1BT,6645902,2839939786629,976
basic_1BT,6031090,2839945844224,976
basic_1BT,6320551,2839952209400,976
basic_1BT,5788498,2839958032983,976
basic_1BT,5153114,2839963220571,976
basic_1BT,5056988,2839968305386,976
basic_1BT,5081708,2839973412405,976
basic_1BT,5214171,2839978652450,976
basic_1BT,5742736,2839984423992,976
basic_1BT,6074049,2839990527354,976
basic_1BT,6379897,2839996935317,976
basic_1BT,5572803,2840002536622,976
basic_1BT,6172862,2840008739460,976
basic_1BT,6046729,2840014829532,976
basic_1BT,6541275,2840021403158,976
basic_1BT,6639174,2840028072353,976
basic_1BT,5831376,2840033931216,976
basic_1BT,5846312,2840039824884,976
basic_1BT,7042381,2840046893833,976
basic_1BT,6428811,2840053350770,976
basic_1BT,5777053,2840059157082,976
basic_1BT,6546605,2840065728673,976
basic_1BT,6128288,2840071881228,976
basic_1BT,6347757,2840078261633,976
basic_1BT,5251203,2840083551876,976
basic_1BT,7183711,2840090771406,976
basic_1BT,6820233,2840097615204,976
basic_1BT,6132959,2840103777198,976
basic_1BT,6146746,2840109996318,976
basic_1BT,6159591,2840116184668,976
basic_1BT,4963053,2840121190645,976
basic_1BT,5556145,2840126797397,976
basic_1BT,7220608,2840134042076,976
basic_1BT,6897644,2840140992592,976
basic_1BT,5268024,2840146293198,976
basic_1BT,5927272,2840152251465,976
basic_1BT,5264185,2840157548843,976
basic_1BT,6315839,2840163904482,976
basic_1BT,5011879,2840168943234,976
basic_1BT,6113347,2840175092428,976
basic_1BT,5665546,2840180792814,976
basic_1BT,4544915,2840185376927,976
basic_1BT,2969192,2840188370104,976
basic_1BT,5473561,2840193889286,976
basic_1BT,5876180,2840199791363,976
basic_1BT,5014626,2840204845643,976
basic_1BT,7652356,2840212565845,976
basic_1BT,6129118,2840218729115,976
basic_1BT,6173352,2840224933441,976
basic_1BT,5904646,2840230875897,976
basic_1BT,5822450,2840236721392,976
basic_1BT,5654187,2840242400012,976
basic_1BT,6136070,2840248574170,976
basic_1BT,6576979,2840255177667,976
basic_1BT,6257158,2840261470935,976
basic_1BT,6052281,2840267553816,976
basic_1BT,6066701,2840273651890,976
basic_1BT,6662512,2840280362999,976
basic_1BT,5701333,2840286090821,976
basic_1BT,7386260,2840293547518,976
basic_1BT,5718836,2840299296965,976
basic_1BT,6589204,2840305933507,976
basic_1BT,7456859,2840313415240,976
basic_1BT,6102003,2840319544886,976
basic_1BT,6491644,2840326066859,976
basic_1BT,5364064,2840331470032,976
basic_1BT,6516759,2840338016884,976
basic_1BT,6037508,2840344084420,976
basic_1BT,4468863,2840348580210,976
basic_1BT,5246486,2840353864637,976
basic_1BT,5378312,2840359277621,976
basic_1BT,4434213,2840363748066,976
basic_1BT,5630922,2840369402328,976
basic_1BT,6127577,2840375559621,976
basic_1BT,5854045,2840381446608,976
basic_1BT,6398825,2840387873426,976
basic_1BT,5674346,2840393576130,976
basic_1BT,5850029,2840399455404,976
basic_1BT,5709159,2840405189648,976
basic_1BT,5789301,2840411005528,976
basic_1BT,6676881,2840417755185,976
basic_1BT,5411680,2840423195027,976
basic_1BT,6201434,2840429426593,976
basic_1BT,6812812,2840436267435,976
basic_1BT,6316813,2840442631515,976
basic_1BT,6166979,2840448831645,976
basic_1BT,5910890,2840454774799,976
basic_1BT,6398881,2840461196495,976
basic_1BT,6865406,2840468092873,976
basic_1BT,5889012,2840474010795,976
basic_1BT,7961047,2840482007772,976
basic_1BT,6457400,2840488495480,976
basic_1BT,6601956,2840495131969,976
basic_1BT,6564339,2840501737635,976
basic_1BT,6075175,2840507841115,976
basic_1BT,5739338,2840513608561,976
basic_1BT,7379721,2840521019449,976
basic_1BT,5358211,2840526412501,976
basic_1BT,5477626,2840531925487,976
basic_1BT,7131250,2840539091241,976
basic_1BT,5831236,2840544966517,976
basic_1BT,7155962,2840552177358,976
basic_1BT,5395172,2840557599189,976
basic_1BT,6058584,2840563691429,976
basic_1BT,4620178,2840568337020,976
basic_1BT,5349315,2840573714879,976
basic_1BT,5755532,2840579498932,976
basic_1BT,7359700,2840586885592,976
basic_1BT,5412262,2840592323370,976
basic_1BT,6044779,2840598419815,976
basic_1BT,4622402,2840603076018,976
basic_1BT,7613568,2840610728119,976
basic_1BT,6114688,2840616869105,976
basic_1BT,6678691,2840623575708,976
basic_1BT,5761581,2840629371305,976
basic_1BT,5088799,2840634488500,976
basic_1BT,5564215,2840640077093,976
basic_1BT,7395517,2840647499085,976
basic_1BT,5546763,2840653094919,976
basic_1BT,6615498,2840659738910,976
basic_1BT,5605518,2840665371722,976
basic_1BT,5516557,2840670916824,976
basic_1BT,5149141,2840676115559,976
basic_1BT,6923587,2840683065984,976
basic_1BT,6480012,2840689577685,976
basic_1BT,6904820,2840696517087,976
basic_1BT,4438594,2840701004258,976
basic_1BT,5556997,2840706603264,976
basic_1BT,5131202,2840711766501,976
basic_1BT,5556436,2840717393717,976
basic_1BT,6331307,2840723753505,976
basic_1BT,6047650,2840729829557,976
basic_1BT,4940201,2840734793734,976
basic_1BT,5609492,2840740425605,976
basic_1BT,7728592,2840748222044,976
basic_1BT,6659698,2840754919506,976
basic_1BT,6340836,2840761295003,976
basic_1BT,6551140,2840767876451,976
basic_1BT,6137608,2840774044760,976
basic_1BT,6151132,2840780222146,976
basic_1BT,5599348,2840785848353,976
basic_1BT,6572408,2840792466256,976
basic_1BT,5488792,2840797982495,976
basic_1BT,6265697,2840804295212,976
basic_1BT,6171445,2840810493077,976
basic_1BT,6395974,2840816914030,976
basic_1BT,5897901,2840822836712,976
basic_1BT,6966159,2840829841091,976
basic_1BT,6476679,2840836350056,976
basic_1BT,5325630,2840841707450,976
basic_1BT,6104801,2840847864734,976
basic_1BT,6365976,2840854255124,976
basic_1BT,7257257,2840861545230,976
basic_1BT,4462907,2840866047646,976
basic_1BT,6942220,2840873017790,976
basic_1BT,7696010,2840880754750,976
basic_1BT,6853360,2840887637430,976
basic_1BT,6444016,2840894116745,976
basic_1BT,6370141,2840900515779,976
basic_1BT,5715187,2840906258587,976
basic_1BT,6732893,2840913040012,976
basic_1BT,6314194,2840919382989,976
basic_1BT,6182125,2840925589326,976
basic_1BT,5808552,2840931422705,976
basic_1BT,6477211,2840937927639,976
basic_1BT,6394494,2840944372427,976
basic_1BT,4973954,2840949386601,976
basic_1BT,5091275,2840954518520,976
basic_1BT,5883061,2840960434976,976
basic_1BT,8459738,2840968944627,976
basic_1BT,6436490,2840975406916,976
basic_1BT,6108523,2840981549412,976
basic_1BT,5476672,2840987062167,976
basic_1BT,6227083,2840993318648,976
basic_1BT,5084261,2840998426800,976
basic_1BT,7151421,2841005601789,976
basic_1BT,6589277,2841012221657,976
basic_1BT,5959640,2841018218297,976
basic_1BT,5274384,2841023518586,976
basic_1BT,5472150,2841029034296,976
basic_1BT,6699863,2841035770898,976
basic_1BT,6035085,2841041871201,976
basic_1BT,5646090,2841047563473,976
basic_1BT,6627770,2841054231929,976
basic_1BT,6613727,2841060873066,976
basic_1BT,8116384,2841069024511,976
basic_1BT,5852124,2841074906900,976
basic_1BT,5365719,2841080297794,976
basic_1BT,6018893,2841086342036,976
basic_1BT,6082905,2841092451351,976
basic_1BT,6277176,2841098758879,976
basic_1BT,4611726,2841103396564,976
basic_1BT,6354644,2841109775512,976
basic_1BT,6628658,2841116437643,976
basic_1BT,6706682,2841123174393,976
basic_1BT,6075026,2841129316858,976
basic_1BT,7655392,2841137008142,976
basic_1BT,5603430,2841142640528,976
basic_1BT,4253867,2841146950404,976
basic_1BT,8226004,2841155213030,976
basic_1BT,7149738,2841162405893,976
basic_1BT,6247258,2841168692427,976
basic_1BT,6491013,2841175216141,976
basic_1BT,5563515,2841180807095,976
basic_1BT,5674390,2841186508567,976
basic_1BT,6559202,2841193108328,976
basic_1BT,6216464,2841199353158,976
basic_1BT,5291235,2841204671565,976
basic_1BT,6146420,2841210844554,976
basic_1BT,6313060,2841217208054,976
basic_1BT,6466283,2841223736787,976
basic_1BT,6283997,2841230048748,976
basic_1BT,6366091,2841236466063,976
basic_1BT,5431923,2841241946669,976
basic_1BT,5672187,2841247656808,976
basic_1BT,5557843,2841253240378,976
basic_1BT,6751227,2841260024541,976
basic_1BT,6252338,2841266307261,976
basic_1BT,5402196,2841271747921,976
basic_1BT,5613711,2841277422644,976
basic_1BT,6154823,2841283605551,976
basic_1BT,7233955,2841290868980,976
basic_1BT,6016919,2841296914533,976
basic_1BT,5948627,2841302907852,976
basic_1BT,6326726,2841309258902,976
basic_1BT,6345025,2841315631237,976
basic_1BT,7065764,2841322730865,976
basic_1BT,6053014,2841328825478,976
basic_1BT,5578034,2841334436995,976
basic_1BT,6561332,2841341023736,976
basic_1BT,6293383,2841347346816,976
basic_1BT,6415238,2841353790589,976
basic_1BT,6031078,2841359849949,976
basic_1BT,6723474,2841366599537,976
basic_1BT,5572190,2841372201496,976
basic_1BT,7114565,2841379348237,976
basic_1BT,6456452,2841385833153,976
basic_1BT,6261821,2841392122981,976
basic_1BT,6775151,2841398927561,976
basic_1BT,4225819,2841403183106,976
basic_1BT,3531981,2841406749583,976
basic_1BT,5742261,2841412515382,976
basic_1BT,6291076,2841418834342,976
basic_1BT,6679171,2841425540600,976
basic_1BT,6102220,2841431673419,976
basic_1BT,6074963,2841437779413,976
basic_1BT,5937331,2841443739697,976
basic_1BT,5514270,2841449287407,976
basic_1BT,5953652,2841455275524,976
basic_1BT,6715933,2841462017661,976
basic_1BT,6446966,2841468525582,976
basic_1BT,6610596,2841475162395,976
basic_1BT,5890590,2841481081068,976
basic_1BT,6331909,2841487450373,976
basic_1BT,5492860,2841492974054,976
basic_1BT,6107078,2841499134225,976
basic_1BT,6487876,2841505655063,976
basic_1BT,5564253,2841511260322,976
basic_1BT,6528816,2841517829203,976
basic_1BT,6372399,2841524279719,976
basic_1BT,7910361,2841532239906,976
basic_1BT,7021779,2841539293873,976
basic_1BT,6342731,2841545668441,976
basic_1BT,6434564,2841552127070,976
basic_1BT,6334723,2841558504216,976
basic_1BT,6513863,2841565053718,976
basic_1BT,6220800,2841571323890,976
basic_1BT,5973888,2841577326486,976
basic_1BT,6599641,2841583954421,976
basic_1BT,5773497,2841589762495,976
basic_1BT,6655886,2841596450720,976
basic_1BT,5533135,2841602010955,976
basic_1BT,4498213,2841606545223,976
basic_1BT,5918092,2841612489935,976
basic_1BT,6983161,2841619501111,976
basic_1BT,6866995,2841626425068,976
basic_1BT,6272651,2841632724993,976
basic_1BT,4850106,2841637617801,976
basic_1BT,4876114,2841642519344,976
basic_1BT,5919280,2841648468059,976
basic_1BT,4401856,2841652912986,976
basic_1BT,5425554,2841658363033,976
basic_1BT,6412510,2841664802791,976
basic_1BT,6220107,2841671047786,976
basic_1BT,7212612,2841678314318,976
basic_1BT,5744557,2841684086744,976
basic_1BT,5710644,2841689835422,976
basic_1BT,6668128,2841696540436,976
basic_1BT,5921123,2841702506200,976
basic_1BT,6332942,2841708876567,976
basic_1BT,4437537,2841713342336,976
basic_1BT,7339631,2841720708542,976
basic_1BT,4626378,2841725359810,976
basic_1BT,7378465,2841732762154,976
basic_1BT,5168444,2841737987481,976
basic_1BT,7214564,2841745263513,976
basic_1BT,5479525,2841750771955,976
basic_1BT,6653755,2841757461540,976
basic_1BT,5739868,2841763244289,976
basic_1BT,7435241,2841770708775,976
basic_1BT,5469067,2841776205498,976
basic_1BT,5577177,2841781810779,976
basic_1BT,7153854,2841788995234,976
basic_1BT,6260114,2841795289404,976
basic_1BT,4759187,2841800106595,976
basic_1BT,7146370,2841807287915,976
basic_1BT,5190441,2841812511517,976
basic_1BT,4855513,2841817396724,976
basic_1BT,6343759,2841823774744,976
basic_1BT,7433806,2841831244956,976
basic_1BT,6879060,2841838150925,976
basic_1BT,6689830,2841844872766,976
basic_1BT,6773875,2841851690773,976
basic_1BT,5374609,2841857089282,976
basic_1BT,6568856,2841863681014,976
basic_1BT,6486498,2841870216716,976
basic_1BT,6487453,2841876735857,976
basic_1BT,5873869,2841882640164,976
basic_1BT,4647745,2841887326012,976
basic_1BT,7746508,2841895101887,976
basic_1BT,5989102,2841901128606,976
basic_1BT,4490388,2841905672367,976
basic_1BT,7717550,2841913436377,976
basic_1BT,5989921,2841919450977,976
basic_1BT,5411503,2841924886787,976
basic_1BT,6302578,2841931236603,976
basic_1BT,5481619,2841936746479,976
basic_1BT,6462299,2841943250479,976
basic_1BT,6475067,2841949756995,976
basic_1BT,7177785,2841956968748,976
basic_1BT,6084998,2841963083574,976
basic_1BT,4743142,2841967854809,976
basic_1BT,5795275,2841973676751,976
basic_1BT,6772227,2841980505766,976
basic_1BT,5957068,2841986498966,976
basic_1BT,6181841,2841992711041,976
basic_1BT,7168310,2841999913539,976
basic_1BT,5937878,2842005883472,976
basic_1BT,6585697,2842012511419,976
basic_1BT,4001797,2842016541265,976
basic_1BT,4189199,2842020763570,976
basic_1BT,5755363,2842026546925,976
basic_1BT,6060602,2842032634991,976
basic_1BT,6218360,2842038879343,976
basic_1BT,6080837,2842044998853,976
basic_1BT,5335233,2842050371880,976
basic_1BT,6058250,2842056459220,976
basic_1BT,6531900,2842063039998,976
basic_1BT,6639032,2842069707892,976
basic_1BT,6030132,2842075781842,976
basic_1BT,6685835,2842082508704,976
basic_1BT,5114297,2842087651096,976
basic_1BT,6890643,2842094580559,976
basic_1BT,5596673,2842100206913,976
basic_1BT,5192605,2842105435176,976
basic_1BT,7456302,2842112925724,976
basic_1BT,6598832,2842119555021,976
basic_1BT,6525906,2842126110350,976
basic_1BT,6743973,2842132890714,976
basic_1BT,6413445,2842139334352,976
basic_1BT,5932776,2842145294060,976
basic_1BT,6424716,2842151745155,976
basic_1BT,4992992,2842156762237,976
basic_1BT,6059501,2842162873362,976
basic_1BT,6580335,2842169480078,976
basic_1BT,6527179,2842176036998,976
basic_1BT,6649759,2842182719990,976
basic_1BT,4828895,2842187586566,976
basic_1BT,6731149,2842194353027,976
basic_1BT,5829948,2842200214116,976
basic_1BT,6081628,2842206322138,976
basic_1BT,6425182,2842212782664,976
basic_1BT,6661449,2842219472952,976
basic_1BT,6613685,2842226115257,976
basic_1BT,6530806,2842232682582,976
basic_1BT,6178413,2842238897802,976
basic_1BT,6184919,2842245108273,976
basic_1BT,5523135,2842250656640,976
basic_1BT,6574959,2842257278486,976
basic_1BT,7048515,2842264358028,976
basic_1BT,7090285,2842271483736,976
basic_1BT,5842761,2842277359829,976
basic_1BT,5734831,2842283125631,976
basic_1BT,5750015,2842288909422,976
basic_1BT,6847129,2842295791480,976
basic_1BT,6809803,2842302630281,976
basic_1BT,6406533,2842309067938,976
basic_1BT,6021200,2842315115879,976
basic_1BT,6040601,2842321183205,976
basic_1BT,5022158,2842326232142,976
basic_1BT,6071562,2842332329793,976
basic_1BT,4033351,2842336397856,976
basic_1BT,3740145,2842340173858,976
basic_1BT,6424439,2842346624810,976
basic_1BT,5408848,2842352069167,976
basic_1BT,6550518,2842358643402,976
basic_1BT,7036557,2842365719652,976
basic_1BT,54674762,2842420425223,976
basic_1BT,6113004,2842426578966,976
basic_1BT,6193546,2842432806916,976
basic_1BT,6284289,2842439145592,976
basic_1BT,6024827,2842445193852,976
basic_1BT,6285862,2842451523293,976
basic_1BT,5532903,2842457084257,976
basic_1BT,6515336,2842463629975,976
basic_1BT,6153255,2842469808368,976
basic_1BT,5613930,2842475481270,976
basic_1BT,6174359,2842481703105,976
basic_1BT,6316265,2842488049206,976
basic_1BT,7328765,2842495412617,976
basic_1BT,5399116,2842500841420,976
basic_1BT,6365988,2842507240127,976
basic_1BT,6631561,2842513899973,976
basic_1BT,7250325,2842521208538,976
basic_1BT,6161998,2842527399474,976
basic_1BT,5670475,2842533113902,976
basic_1BT,6305497,2842539448741,976
basic_1BT,6606959,2842546088477,976
basic_1BT,6477409,2842552604500,976
basic_1BT,6006374,2842558639852,976
basic_1BT,6068689,2842564737131,976
basic_1BT,5950861,2842570721604,976
basic_1BT,5373358,2842576121557,976
basic_1BT,5620937,2842581770780,976
basic_1BT,7960516,2842589758535,976
basic_1BT,6664291,2842596448199,976
basic_1BT,6185698,2842602680194,976
basic_1BT,5763432,2842608475949,976
basic_1BT,6056796,2842614558666,976
basic_1BT,5400064,2842619991990,976
basic_1BT,6952569,2842626990345,976
basic_1BT,6833629,2842633884552,976
basic_1BT,6799828,2842640759095,976
basic_1BT,6828872,2842647649129,976
basic_1BT,6150867,2842653827447,976
basic_1BT,6818797,2842660674333,976
basic_1BT,6878764,2842667588929,976
basic_1BT,5794733,2842673413057,976
basic_1BT,5225416,2842678664074,976
basic_1BT,5628067,2842684317194,976
basic_1BT,6274456,2842690619121,976
basic_1BT,7758708,2842698419236,976
basic_1BT,5610894,2842704061115,976
basic_1BT,5908420,2842710000585,976
basic_1BT,6455038,2842716483578,976
basic_1BT,6561456,2842723099818,976
basic_1BT,6052214,2842729179854,976
basic_1BT,6186448,2842735392548,976
basic_1BT,6144164,2842741563175,976
basic_1BT,5805278,2842747402089,976
basic_1BT,7709287,2842755155177,976
basic_1BT,5579071,2842760762573,976
basic_1BT,5598009,2842766395765,976
basic_1BT,6077095,2842772518856,976
basic_1BT,5982846,2842778534825,976
basic_1BT,5751558,2842784339328,976
basic_1BT,6595654,2842790965196,976
basic_1BT,5427984,2842796428147,976
basic_1BT,6350229,2842802841041,976
basic_1BT,6510162,2842809377426,976
basic_1BT,6886459,2842816291653,976
basic_1BT,5313764,2842821652009,976
basic_1BT,7442356,2842829127679,976
basic_1BT,6868482,2842836025951,976
basic_1BT,5262095,2842841324218,976
basic_1BT,6375716,2842847730641,976
basic_1BT,5761345,2842853524401,976
basic_1BT,5184548,2842858736559,976
basic_1BT,4773837,2842863534063,976
basic_1BT,4017438,2842867575766,976
basic_1BT,6997264,2842874616422,976
basic_1BT,6660422,2842881305058,976
basic_1BT,6056747,2842887391949,976
basic_1BT,6439507,2842893861292,976
basic_1BT,6000250,2842899888648,976
basic_1BT,6126798,2842906042638,976
basic_1BT,6300220,2842912370129,976
basic_1BT,4889330,2842917295280,976
basic_1BT,5134487,2842922492830,976
basic_1BT,8078565,2842930596011,976
basic_1BT,6179957,2842936803066,976
basic_1BT,6514725,2842943349047,976
basic_1BT,5707546,2842949088146,976
basic_1BT,5188094,2842954300869,976
basic_1BT,6305187,2842960631162,976
basic_1BT,6304498,2842966986680,976
basic_1BT,6171476,2842973206345,976
basic_1BT,5483391,2842978722008,976
basic_1BT,5019748,2842983765796,976
basic_1BT,6462965,2842990255811,976
basic_1BT,6204093,2842996485939,976
basic_1BT,5536942,2843002052088,976
basic_1BT,5553050,2843007635279,976
basic_1BT,4982514,2843012654402,976
basic_1BT,6198637,2843018881798,976
basic_1BT,5581067,2843024496945,976
basic_1BT,5356168,2843029882101,976
basic_1BT,5960529,2843035892638,976
basic_1BT,7604067,2843043527468,976
basic_1BT,5295140,2843048853550,976
basic_1BT,6261811,2843055144404,976
basic_1BT,6127927,2843061298393,976
basic_1BT,5903519,2843067231935,976
basic_1BT,5382506,2843072640938,976
basic_1BT,6980279,2843079668767,976
basic_1BT,6165793,2843085870642,976
basic_1BT,6667388,2843092565898,976
basic_1BT,6720131,2843099314405,976
basic_1BT,5472162,2843104814646,976
basic_1BT,6072895,2843110916624,976
basic_1BT,5007007,2843115947767,976
basic_1BT,5398903,2843121378138,976
basic_1BT,6486066,2843127899766,976
basic_1BT,7011149,2843134938511,976
basic_1BT,6089325,2843141072657,976
basic_1BT,6040804,2843147152434,976
basic_1BT,6451613,2843153631781,976
basic_1BT,5397270,2843159061959,976
basic_1BT,6108591,2843165207294,976
basic_1BT,6398390,2843171631306,976
basic_1BT,5940557,2843177606831,976
basic_1BT,6765991,2843184404595,976
basic_1BT,4664094,2843189093523,976
basic_1BT,6247757,2843195365565,976
basic_1BT,6005309,2843201410128,976
basic_1BT,6912810,2843208387227,976
basic_1BT,6461017,2843214879041,976
basic_1BT,6759245,2843221669313,976
basic_1BT,6249054,2843227955767,976
basic_1BT,7369526,2843235356804,976
basic_1BT,5673051,2843241060264,976
basic_1BT,6012024,2843247100428,976
basic_1BT,6443082,2843253577101,976
basic_1BT,6410021,2843260031859,976
basic_1BT,4980606,2843265067248,976
basic_1BT,6488654,2843271591239,976
basic_1BT,6824668,2843278448319,976
basic_1BT,6087080,2843284562237,976
basic_1BT,5203975,2843289793819,976
basic_1BT,6241246,2843296076179,976
basic_1BT,8043620,2843304179001,976
basic_1BT,7234367,2843311442182,976
basic_1BT,6530798,2843318005333,976
basic_1BT,6313767,2843324370764,976
basic_1BT,5759259,2843330153759,976
basic_1BT,6105834,2843336285496,976
basic_1BT,6693331,2843343007325,976
basic_1BT,5672943,2843348712978,976
basic_1BT,6961577,2843355717487,976
basic_1BT,5495984,2843361247285,976
basic_1BT,4737059,2843366010864,976
basic_1BT,3455411,2843369498905,976
basic_1BT,6009125,2843375558994,976
basic_1BT,6034329,2843381620457,976
basic_1BT,6321223,2843387966896,976
basic_1BT,5969457,2843393968821,976
basic_1BT,6464390,2843400473711,976
basic_1BT,6217751,2843406718806,976
basic_1BT,6483319,2843413228637,976
basic_1BT,5396250,2843418666535,976
basic_1BT,4968948,2843423662012,976
basic_1BT,4760914,2843428448723,976
basic_1BT,5990551,2843434463405,976
basic_1BT,5363781,2843439855732,976
basic_1BT,5536136,2843445420572,976
basic_1BT,5697778,2843451143733,976
basic_1BT,6368844,2843457548045,976
basic_1BT,6151068,2843463726800,976
basic_1BT,7286305,2843471041654,976
basic_1BT,5918533,2843477014400,976
basic_1BT,6792987,2843483840889,976
basic_1BT,6702148,2843490570197,976
basic_1BT,6527436,2843497128958,976
basic_1BT,6663548,2843503833820,976
basic_1BT,4697704,2843508560622,976
basic_1BT,6248919,2843514832745,976
basic_1BT,6806933,2843521662984,976
basic_1BT,4599423,2843526288802,976
basic_1BT,4711781,2843531046101,976
basic_1BT,3214095,2843534297589,976
basic_1BT,7078663,2843541409449,976
basic_1BT,5433473,2843546872986,976
basic_1BT,5605653,2843552506159,976
basic_1BT,6866738,2843559406631,976
basic_1BT,6748731,2843566180181,976
basic_1BT,6435878,2843572641548,976
basic_1BT,6369266,2843579040557,976
basic_1BT,6541500,2843585618258,976
basic_1BT,6474238,2843592129307,976
basic_1BT,5910466,2843598069218,976
basic_1BT,5365522,2843603459951,976
basic_1BT,5969843,2843609454743,976
basic_1BT,6647479,2843616128772,976
basic_1BT,5766890,2843621930969,976
basic_1BT,6590852,2843628550750,976
basic_1BT,6822529,2843635405885,976
basic_1BT,6299885,2843641736515,976
basic_1BT,5849040,2843647610325,976
basic_1BT,6506535,2843654142115,976
basic_1BT,4985491,2843659165327,976
basic_1BT,7182835,2843666374661,976
basic_1BT,5678630,2843672083388,976
basic_1BT,6159039,2843678293533,976
basic_1BT,5865621,2843684184161,976
basic_1BT,6819910,2843691041047,976
basic_1BT,5261903,2843696337014,976
basic_1BT,6752800,2843703119524,976
basic_1BT,5672621,2843708821109,976
basic_1BT,5375958,2843714232819,976
basic_1BT,6236028,2843720503533,976
basic_1BT,6402159,2843726936831,976
basic_1BT,4587898,2843731551904,976
basic_1BT,5928459,2843737518510,976
basic_1BT,6442691,2843743986982,976
basic_1BT,3413026,2843747439792,976
basic_1BT,6450695,2843753941172,976
basic_1BT,6126501,2843760109020,976
basic_1BT,6537806,2843766698031,976
basic_1BT,5521568,2843772250158,976
basic_1BT,5907770,2843778187216,976
basic_1BT,5361875,2843783576036,976
basic_1BT,6333943,2843789936722,976
basic_1BT,5959368,2843795922868,976
basic_1BT,6053888,2843802001296,976
basic_1BT,6266553,2843808307725,976
basic_1BT,6696111,2843815055355,976
basic_1BT,6068188,2843821155449,976
basic_1BT,6408018,2843827598849,976
basic_1BT,5942474,2843833568855,976
basic_1BT,5862506,2843839488895,976
basic_1BT,6404535,2843845946537,976
basic_1BT,7105906,2843853121786,976
basic_1BT,5632448,2843858786671,976
basic_1BT,6510535,2843865328706,976
basic_1BT,6478069,2843871833313,976
basic_1BT,6374839,2843878242631,976
basic_1BT,5963105,2843884238182,976
basic_1BT,6116732,2843890381004,976
basic_1BT,6563169,2843896989422,976
basic_1BT,6351670,2843903375818,976
basic_1BT,6552558,2843909958859,976
basic_1BT,5105257,2843915125207,976
basic_1BT,7079363,2843922236919,976
basic_1BT,6458930,2843928722133,976
basic_1BT,5717875,2843934466121,976
basic_1BT,5512682,2843940020317,976
basic_1BT,7938663,2843947990509,976
basic_1BT,5974741,2843954013478,976
basic_1BT,6769226,2843960812527,976
basic_1BT,6413657,2843967256667,976
basic_1BT,4063013,2843971355649,976
basic_1BT,5365451,2843976755143,976
basic_1BT,4240176,2843981030140,976
basic_1BT,5636524,2843986704739,976
basic_1BT,6171057,2843992900847,976
basic_1BT,6546535,2843999474752,976
basic_1BT,6837806,2844006373463,976
basic_1BT,5266671,2844011678841,976
basic_1BT,5627589,2844017335981,976
basic_1BT,5433173,2844022800449,976
basic_1BT,6568795,2844029398481,976
basic_1BT,5998039,2844035423840,976
basic_1BT,6996066,2844042447079,976
basic_1BT,5867269,2844048344723,976
basic_1BT,5343948,2844053720700,976
basic_1BT,6149449,2844059909146,976
basic_1BT,5695106,2844065627977,976
basic_1BT,6176692,2844071837172,976
basic_1BT,5190013,2844077062053,976
basic_1BT,6298382,2844083389146,976
basic_1BT,6514277,2844089937046,976
basic_1BT,6164135,2844096145863,976
basic_1BT,6686317,2844102866568,976
basic_1BT,6640569,2844109534756,976
basic_1BT,5455629,2844115015844,976
basic_1BT,4749522,2844119791820,976
basic_1BT,5883495,2844125705407,976
basic_1BT,7289338,2844133027668,976
basic_1BT,6330930,2844139387871,976
basic_1BT,5703269,2844145117251,976
basic_1BT,4604713,2844149765247,976
basic_1BT,6884513,2844156676847,976
basic_1BT,6390569,2844163096541,976
basic_1BT,6071190,2844169196284,976
basic_1BT,6072359,2844175308390,976
basic_1BT,7082155,2844182459984,976
basic_1BT,5734969,2844188222572,976
basic_1BT,5246991,2844193497892,976
basic_1BT,6688831,2844200231572,976
basic_1BT,5744409,2844206005186,976
basic_1BT,5654626,2844211685436,976
basic_1BT,5929109,2844217646863,976
basic_1BT,7340004,2844225020460,976
basic_1BT,6799216,2844231848533,976
basic_1BT,6072461,2844237948748,976
basic_1BT,5878563,2844243856972,976
basic_1BT,5697284,2844249582088,976
basic_1BT,6678378,2844256296478,976
basic_1BT,6272275,2844262598591,976
basic_1BT,5900776,2844268528029,976
basic_1BT,3882254,2844272441397,976
basic_1BT,5182869,2844277648538,976
basic_1BT,4894047,2844282573943,976
basic_1BT,6306064,2844288907130,976
basic_1BT,6501993,2844295444218,976
basic_1BT,6132202,2844301606422,976
basic_1BT,6334074,2844307964704,976
basic_1BT,6412111,2844314438679,976
basic_1BT,6205866,2844320678241,976
basic_1BT,5350877,2844326072304,976
basic_1BT,7024850,2844333155241,976
basic_1BT,5932364,2844339110823,976
basic_1BT,5111547,2844344246226,976
basic_1BT,6087778,2844350359966,976
basic_1BT,6742268,2844357128051,976
basic_1BT,5415022,2844362578742,976
basic_1BT,5701550,2844368309517,976
basic_1BT,7290254,2844375628516,976
basic_1BT,5865126,2844381523495,976
basic_1BT,7539701,2844389099350,976
basic_1BT,4977785,2844394106153,976
basic_1BT,5829429,2844399970242,976
basic_1BT,7067448,2844407067053,976
basic_1BT,5930766,2844413025611,976
basic_1BT,5281884,2844418336733,976
basic_1BT,7527152,2844425898843,976
basic_1BT,5842696,2844431770433,976
basic_1BT,5534504,2844437333125,976
basic_1BT,6209062,2844443572640,976
basic_1BT,6524986,2844450127043,976
basic_1BT,5928609,2844456083948,976
basic_1BT,6237460,2844462349723,976
basic_1BT,6608344,2844469007941,976
basic_1BT,5314275,2844474349801,976
basic_1BT,6197061,2844480573809,976
basic_1BT,5277640,2844485878983,976
basic_1BT,6336077,2844492243229,976
basic_1BT,5712925,2844497984794,976
basic_1BT,5457187,2844503467163,976
basic_1BT,7247481,2844510738908,976
basic_1BT,5659066,2844516435117,976
basic_1BT,6731325,2844523197359,976
basic_1BT,6498199,2844529738338,976
basic_1BT,4243412,2844534012647,976
basic_1BT,3065218,2844537101705,976
basic_1BT,5806092,2844542931891,976
basic_1BT,5884876,2844548843434,976
basic_1BT,5423206,2844554304281,976
basic_1BT,6310315,2844560643006,976
basic_1BT,7000212,2844567679177,976
basic_1BT,7059186,2844574796214,976
basic_1BT,5695502,2844580527456,976
basic_1BT,8160377,2844588722778,976
basic_1BT,5891712,2844594643145,976
basic_1BT,5407094,2844600078645,976
basic_1BT,5746724,2844605850623,976
basic_1BT,6707774,2844612608803,976
basic_1BT,6314018,2844618951669,976
basic_1BT,6527453,2844625508251,976
basic_1BT,5794841,2844631328015,976
basic_1BT,6437359,2844637797212,976
basic_1BT,5719840,2844643554690,976
basic_1BT,5732441,2844649316650,976
basic_1BT,4748457,2844654092618,976
basic_1BT,8042182,2844662172516,976
basic_1BT,5026831,2844667226695,976
basic_1BT,6859190,2844674155618,976
basic_1BT,5551573,2844679745706,976
basic_1BT,5641045,2844685425772,976
basic_1BT,6050727,2844691503035,976
basic_1BT,5818440,2844697364735,976
basic_1BT,6057507,2844703454476,976
basic_1BT,5876153,2844709360916,976
basic_1BT,5452023,2844714838827,976
basic_1BT,5646311,2844720509008,976
basic_1BT,7297532,2844727862815,976
basic_1BT,5833600,2844733744006,976
basic_1BT,5776258,2844739546499,976
basic_1BT,5424027,2844745007758,976
basic_1BT,4479265,2844749513239,976
basic_1BT,3279025,2844752817425,976
basic_1BT,6264612,2844759108325,976
basic_1BT,5395395,2844764531188,976
basic_1BT,6179699,2844770740683,976
basic_1BT,6453145,2844777222691,976
basic_1BT,6683203,2844783942552,976
basic_1BT,6729304,2844790707451,976
basic_1BT,5399439,2844796135906,976
basic_1BT,6053552,2844802218450,976
basic_1BT,6149905,2844808395609,976
basic_1BT,5891449,2844814314529,976
basic_1BT,5137948,2844819478237,976
basic_1BT,6873806,2844826415647,976
basic_1BT,6051282,2844832494777,976
basic_1BT,5920115,2844838443624,976
basic_1BT,5786425,2844844258411,976
basic_1BT,6037688,2844850328298,976
basic_1BT,5885606,2844856266542,976
basic_1BT,6685696,2844862987627,976
basic_1BT,5976593,2844868990439,976
basic_1BT,5253791,2844874311250,976
basic_1BT,4560009,2844878903397,976
basic_1BT,4754095,2844883695372,976
basic_1BT,7016108,2844890742693,976
basic_1BT,6780084,2844897553192,976
basic_1BT,6093616,2844903673651,976
basic_1BT,6683040,2844910403131,976
basic_1BT,6853037,2844917282468,976
basic_1BT,6759009,2844924072613,976
basic_1BT,5735079,2844929844388,976
basic_1BT,5975680,2844935844860,976
basic_1BT,5634673,2844941503841,976
basic_1BT,5971229,2844947502230,976
basic_1BT,6198842,2844953736623,976
basic_1BT,6092958,2844959867371,976
basic_1BT,7408612,2844967341238,976
basic_1BT,6512983,2844973881201,976
basic_1BT,6235231,2844980146278,976
basic_1BT,5998317,2844986175474,976
basic_1BT,5996445,2844992200577,976
basic_1BT,5650158,2844997877448,976
basic_1BT,3710677,2845001623667,976
basic_1BT,8500766,2845010160660,976
basic_1BT,6721548,2845016911315,976
basic_1BT,5962083,2845022901566,976
basic_1BT,5149365,2845028085512,976
basic_1BT,6269285,2845034382665,976
basic_1BT,6582584,2845040996381,976
basic_1BT,7002335,2845048054123,976
basic_1BT,5857221,2845053940269,976
basic_1BT,5083276,2845059052874,976
basic_1BT,6086125,2845065175382,976
basic_1BT,5878760,2845071080776,976
basic_1BT,5455266,2845076562774,976
basic_1BT,6719058,2845083308717,976
basic_1BT,6108504,2845089447411,976
basic_1BT,6094056,2845095570188,976
basic_1BT,6932809,2845102538953,976
basic_1BT,7184526,2845109766039,976
basic_1BT,5737857,2845115540560,976
basic_1BT,5935366,2845121504948,976
basic_1BT,6585290,2845128119984,976
basic_1BT,6001359,2845134156990,976
basic_1BT,6582007,2845140787013,976
basic_1BT,6291848,2845147104820,976
basic_1BT,3750384,2845150885208,976
basic_1BT,8455843,2845159373347,976
basic_1BT,5567199,2845164967604,976
basic_1BT,6002803,2845170997063,976
basic_1BT,4439533,2845175470439,976
basic_1BT,3739782,2845179251057,976
basic_1BT,6642591,2845185921711,976
basic_1BT,5892910,2845191843121,976
basic_1BT,6624282,2845198496248,976
basic_1BT,6870548,2845205392232,976
basic_1BT,6261927,2845211686663,976
basic_1BT,6127201,2845217870840,976
basic_1BT,5473510,2845223368222,976
basic_1BT,6095661,2845229486143,976
basic_1BT,5545743,2845235059235,976
basic_1BT,6384508,2845241487037,976
basic_1BT,6394375,2845247928645,976
basic_1BT,6632277,2845254593592,976
basic_1BT,6653909,2845261284137,976
basic_1BT,4704926,2845266014067,976
basic_1BT,6178287,2845272214751,976
basic_1BT,5947960,2845278203356,976
basic_1BT,7022842,2845285303628,976
basic_1BT,6422330,2845291752638,976
basic_1BT,6133636,2845297916315,976
basic_1BT,3904299,2845301863260,976
basic_1BT,5499048,2845307400123,976
basic_1BT,3889555,2845311313026,976
basic_1BT,6309170,2845317645769,976
basic_1BT,4305120,2845321976236,976
basic_1BT,5247956,2845327248289,976
basic_1BT,4033892,2845331309844,976
basic_1BT,6148443,2845337502988,976
basic_1BT,7226615,2845344754605,976
basic_1BT,6034624,2845350819707,976
basic_1BT,5638164,2845356487846,976
basic_1BT,5896781,2845362423195,976
basic_1BT,6115872,2845368570104,976
basic_1BT,7661883,2845376258371,976
basic_1BT,6653995,2845382943488,976
basic_1BT,5885741,2845388868109,976
basic_1BT,5891515,2845394788487,976
basic_1BT,5646151,2845400461557,976
basic_1BT,5787540,2845406276853,976
basic_1BT,6550362,2845412854901,976
basic_1BT,6871492,2845419764626,976
basic_1BT,4798710,2845424595129,976
basic_1BT,3453200,2845428071877,976
basic_1BT,6009447,2845434113135,976
basic_1BT,5514026,2845439655438,976
basic_1BT,5979008,2845445662306,976
basic_1BT,6283067,2845451973474,976
basic_1BT,5100255,2845457120415,976
basic_1BT,4843709,2845461991561,976
basic_1BT,5205131,2845467223938,976
basic_1BT,5425433,2845472674325,976
basic_1BT,5998341,2845478697961,976
basic_1BT,6140661,2845484875058,976
basic_1BT,5483045,2845490385253,976
basic_1BT,6354074,2845496772941,976
basic_1BT,6136896,2845502937223,976
basic_1BT,5596862,2845508563620,976
basic_1BT,6090790,2845514705538,976
basic_1BT,6012959,2845520777697,976
basic_1BT,5682212,2845526500203,976
basic_1BT,5846543,2845532379111,976
basic_1BT,5550416,2845537958155,976
basic_1BT,5509328,2845543501909,976
basic_1BT,6223420,2845549769681,976
basic_1BT,4927608,2845554723815,976
basic_1BT,3948011,2845558711949,976
basic_1BT,6296911,2845565044238,976
basic_1BT,9486639,2845574566884,976
basic_1BT,6709813,2845581305889,976
basic_1BT,6591569,2845587933852,976
basic_1BT,6799100,2845594770721,976
basic_1BT,5869988,2845600674073,976
basic_1BT,6217976,2845606916689,976
basic_1BT,6025226,2845612967083,976
basic_1BT,6455259,2845619450234,976
basic_1BT,6637456,2845626120013,976
basic_1BT,6111381,2845632302656,976
basic_1BT,5803277,2845638129328,976
basic_1BT,5879603,2845644049684,976
basic_1BT,5765757,2845649842065,976
basic_1BT,6528623,2845656397697,976
basic_1BT,5903346,2845662353607,976
basic_1BT,5508177,2845667892555,976
basic_1BT,5512151,2845673437195,976
basic_1BT,6855999,2845680318684,976
basic_1BT,5505203,2845685855285,976
basic_1BT,6217617,2845692105276,976
basic_1BT,4543764,2845696680265,976
basic_1BT,4689893,2845701436464,976
basic_1BT,4853190,2845706322796,976
basic_1BT,5972545,2845712323140,976
basic_1BT,6241503,2845718594324,976
basic_1BT,6475373,2845725107515,976
basic_1BT,6951505,2845732108955,976
basic_1BT,6300789,2845738445230,976
basic_1BT,5508786,2845743984832,976
basic_1BT,6581816,2845750616539,976
basic_1BT,5585288,2845756241023,976
basic_1BT,5781936,2845762070251,976
basic_1BT,5522287,2845767626768,976
basic_1BT,6343117,2845774022306,976
basic_1BT,5687132,2845779737468,976
basic_1BT,5453664,2845785265986,976
basic_1BT,6782302,2845792083173,976
basic_1BT,6308410,2845798419334,976
basic_1BT,6485492,2845804941701,976
basic_1BT,5869245,2845810837731,976
basic_1BT,5227551,2845816103086,976
basic_1BT,6051283,2845822200420,976
basic_1BT,5414799,2845827641541,976
basic_1BT,6558542,2845834225299,976
basic_1BT,5591018,2845839849122,976
basic_1BT,6148756,2845846022828,976
basic_1BT,6901874,2845852957478,976
basic_1BT,6039149,2845859034449,976
basic_1BT,6316681,2845865414766,976
basic_1BT,5186859,2845870626700,976
basic_1BT,6851305,2845877506256,976
basic_1BT,6597987,2845884144467,976
basic_1BT,7010536,2845891182424,976
basic_1BT,6119323,2845897369504,976
basic_1BT,5189992,2845902587622,976
basic_1BT,5172626,2845907785443,976
basic_1BT,6295006,2845914109475,976
basic_1BT,6071001,2845920221914,976
basic_1BT,5904711,2845926153928,976
basic_1BT,6025730,2845932234297,976
basic_1BT,6105372,2845938370660,976
basic_1BT,5823236,2845944225928,976
basic_1BT,6549171,2845950822312,976
basic_1BT,4480161,2845955338740,976
basic_1BT,6214538,2845961581943,976
basic_1BT,6182806,2845967792548,976
basic_1BT,7546321,2845975374190,976
basic_1BT,6484992,2845981897342,976
basic_1BT,6728550,2845988666140,976
basic_1BT,7272811,2845995975369,976
basic_1BT,6270308,2846002318178,976
basic_1BT,5909105,2846008254845,976
basic_1BT,5644293,2846013926767,976
basic_1BT,5722195,2846019676252,976
basic_1BT,5350718,2846025068517,976
basic_1BT,6272815,2846031368993,976
basic_1BT,5651935,2846037049031,976
basic_1BT,6648729,2846043725955,976
basic_1BT,6248913,2846050018006,976
basic_1BT,6504882,2846056551870,976
basic_1BT,5685254,2846062265868,976
basic_1BT,6294280,2846068587531,976
basic_1BT,5876703,2846074505979,976
basic_1BT,4743606,2846079277962,976
basic_1BT,5060221,2846084379371,976
basic_1BT,3468814,2846087881494,976
basic_1BT,6065238,2846093976769,976
basic_1BT,5893447,2846099896094,976
basic_1BT,6382887,2846106344142,976
basic_1BT,7990948,2846114386877,976
basic_1BT,6211576,2846120628871,976
basic_1BT,5633984,2846126294847,976
basic_1BT,6140198,2846132460449,976
basic_1BT,5953895,2846138442547,976
basic_1BT,5665055,2846144132492,976
basic_1BT,3937049,2846148106476,976
basic_1BT,4147023,2846152279963,976
basic_1BT,6044291,2846158351632,976
basic_1BT,6216117,2846164599773,976
basic_1BT,6173677,2846170799358,976
basic_1BT,6795730,2846177629204,976
basic_1BT,6435469,2846184094954,976
basic_1BT,5935874,2846190073591,976
basic_1BT,6220411,2846196321894,976
basic_1BT,6474533,2846202822897,976
basic_1BT,6333814,2846209183205,976
basic_1BT,6265104,2846215496431,976
basic_1BT,6529441,2846222049603,976
basic_1BT,5430206,2846227515617,976
basic_1BT,6478922,2846234022263,976
basic_1BT,5747948,2846239800742,976
basic_1BT,5842906,2846245685735,976
basic_1BT,6319990,2846252040438,976
basic_1BT,5929745,2846257996394,976
basic_1BT,5626835,2846263661170,976
basic_1BT,6315406,2846270007876,976
basic_1BT,6344948,2846276378383,976
basic_1BT,6056743,2846282459539,976
basic_1BT,5898048,2846288428990,976
basic_1BT,5830242,2846294288610,976
basic_1BT,7022163,2846301341823,976
basic_1BT,4815340,2846306193881,976
basic_1BT,5063630,2846311281905,976
basic_1BT,4979924,2846316289432,976
basic_1BT,6216064,2846322532425,976
basic_1BT,5510624,2846328072117,976
basic_1BT,5624045,2846333727384,976
basic_1BT,6594506,2846340349539,976
basic_1BT,6986519,2846347400011,976
basic_1BT,6491662,2846353920349,976
basic_1BT,6997239,2846360947958,976
basic_1BT,6664810,2846367642849,976
basic_1BT,6577352,2846374245108,976
basic_1BT,5239777,2846379514541,976
basic_1BT,5875041,2846385420216,976
basic_1BT,5374239,2846390823504,976
basic_1BT,6245357,2846397097662,976
basic_1BT,5236733,2846402362166,976
basic_1BT,5449001,2846407844392,976
basic_1BT,6035996,2846413904208,976
basic_1BT,3915757,2846417867269,976
basic_1BT,5469439,2846423369017,976
basic_1BT,3806346,2846427201689,976
basic_1BT,6083311,2846433311860,976
basic_1BT,6162969,2846439499421,976
basic_1BT,5834295,2846445359420,976
basic_1BT,5163500,2846450550825,976
basic_1BT,6135889,2846456712218,976
basic_1BT,7112803,2846463852175,976
basic_1BT,6019376,2846469901579,976
basic_1BT,5984006,2846475915336,976
basic_1BT,4454054,2846480399736,976
basic_1BT,6970015,2846487392654,976
basic_1BT,6136519,2846493565017,976
basic_1BT,7171785,2846500770395,976
basic_1BT,6517170,2846507321239,976
basic_1BT,5531974,2846512877765,976
basic_1BT,6562943,2846519475201,976
basic_1BT,5776455,2846525278499,976
basic_1BT,5794075,2846531164890,976
basic_1BT,6775795,2846537974024,976
basic_1BT,4784324,2846542784739,976
basic_1BT,5568347,2846548385512,976
basic_1BT,7018065,2846555429930,976
basic_1BT,5237522,2846560695409,976
basic_1BT,6775841,2846567509840,976
basic_1BT,4588544,2846572134989,976
basic_1BT,4496213,2846576669407,976
basic_1BT,5255766,2846581955900,976
basic_1BT,5734266,2846587716759,976
basic_1BT,6683229,2846594426122,976
basic_1BT,6802793,2846601260399,976
basic_1BT,6235472,2846607527773,976
basic_1BT,6179325,2846613734015,976
basic_1BT,6169116,2846619929996,976
basic_1BT,5596033,2846625557365,976
basic_1BT,6308284,2846631893074,976
basic_1BT,6592636,2846638512591,976
basic_1BT,6169813,2846644708869,976
basic_1BT,6675487,2846651415684,976
basic_1BT,5510124,2846656956196,976
basic_1BT,7184006,2846664167430,976
basic_1BT,5332461,2846669528947,976
basic_1BT,5759446,2846675316469,976
basic_1BT,6096125,2846681484143,976
basic_1BT,5985762,2846687496840,976
basic_1BT,6356241,2846693897032,976
basic_1BT,6410058,2846700338010,976
basic_1BT,5209932,2846705576633,976
basic_1BT,6262658,2846711873912,976
basic_1BT,6523158,2846718447576,976
basic_1BT,6665282,2846725158408,976
basic_1BT,6305600,2846731497632,976
basic_1BT,6059021,2846737587236,976
basic_1BT,7920007,2846745566719,976
basic_1BT,6506361,2846752110182,976
basic_1BT,6576530,2846758723796,976
basic_1BT,6151559,2846764902958,976
basic_1BT,5664597,2846770595127,976
basic_1BT,5596144,2846776218294,976
basic_1BT,6435910,2846782686658,976
basic_1BT,6573784,2846789320215,976
basic_1BT,5655361,2846795011956,976
basic_1BT,5713358,2846800760153,976
basic_1BT,6890679,2846807679525,976
basic_1BT,6066520,2846813772561,976
basic_1BT,5962796,2846819762573,976
basic_1BT,5298307,2846825097180,976
basic_1BT,6378526,2846831503851,976
basic_1BT,3841656,2846835378007,976
basic_1BT,4031412,2846839438584,976
basic_1BT,5314769,2846844783708,976
basic_1BT,5833932,2846850650138,976
basic_1BT,6658058,2846857335627,976
basic_1BT,6385573,2846863747509,976
basic_1BT,6166121,2846869942823,976
basic_1BT,6117414,2846876102133,976
basic_1BT,6025312,2846882162103,976
basic_1BT,6215502,2846888406459,976
basic_1BT,6504868,2846894958609,976
basic_1BT,5514881,2846900501426,976
basic_1BT,5084485,2846905613906,976
basic_1BT,5603994,2846911247845,976
basic_1BT,6515840,2846917791359,976
basic_1BT,6438170,2846924268749,976
basic_1BT,6198505,2846930495994,976
basic_1BT,6502987,2846937061257,976
basic_1BT,6756732,2846943848946,976
basic_1BT,5917310,2846949802089,976
basic_1BT,5424573,2846955255613,976
basic_1BT,6334223,2846961619385,976
basic_1BT,6965987,2846968632931,976
basic_1BT,6099271,2846974759859,976
basic_1BT,6126746,2846980917386,976
basic_1BT,6857504,2846987799863,976
basic_1BT,6398676,2846994240182,976
basic_1BT,4579780,2846998850545,976
basic_1BT,6849350,2847005759260,976
basic_1BT,6411986,2847012210554,976
basic_1BT,6019266,2847018255557,976
basic_1BT,6080446,2847024365322,976
basic_1BT,5453123,2847029869283,976
basic_1BT,6810117,2847036743697,976
basic_1BT,6545252,2847043327125,976
basic_1BT,6506568,2847049883379,976
basic_1BT,5609160,2847055532132,976
basic_1BT,6373634,2847061936142,976
basic_1BT,6290503,2847068259076,976
basic_1BT,4729833,2847073016610,976
basic_1BT,4758904,2847077807532,976
basic_1BT,3965245,2847081798675,976
basic_1BT,5427518,2847087253213,976
basic_1BT,4936066,2847092212203,976
basic_1BT,5863883,2847098111335,976
basic_1BT,4337805,2847102481330,976
basic_1BT,5590377,2847108105470,976
basic_1BT,6692002,2847114833303,976
basic_1BT,5353569,2847120223417,976
basic_1BT,2930813,2847123189721,976
basic_1BT,6597126,2847129825674,976
basic_1BT,6431233,2847136280682,976
basic_1BT,3741700,2847140051785,976
basic_1BT,4770599,2847144874920,976
basic_1BT,4602177,2847149511732,976
basic_1BT,6814935,2847156350082,976
basic_1BT,7252540,2847163632007,976
basic_1BT,6729901,2847170390039,976
basic_1BT,6144547,2847176565515,976
basic_1BT,4827793,2847181423732,976
basic_1BT,6433925,2847187882344,976
basic_1BT,6007667,2847193917868,976
basic_1BT,5817576,2847199762852,976
basic_1BT,6238985,2847206040133,976
basic_1BT,6148471,2847212212636,976
basic_1BT,5389271,2847217649477,976
basic_1BT,6411216,2847224112190,976
basic_1BT,5734176,2847229878882,976
basic_1BT,6912487,2847236829477,976
basic_1BT,6209666,2847243065264,976
basic_1BT,5782414,2847248872749,976
basic_1BT,5966738,2847254863930,976
basic_1BT,6091023,2847260985994,976
basic_1BT,5175715,2847266211394,976
basic_1BT,6664788,2847272903071,976
basic_1BT,6021468,2847278951743,976
basic_1BT,5955512,2847284932574,976
basic_1BT,5586582,2847290546642,976
basic_1BT,6492210,2847297065460,976
basic_1BT,5574530,2847302680064,976
basic_1BT,6213280,2847308928027,976
basic_1BT,5727908,2847314683688,976
basic_1BT,6647780,2847321371498,976
basic_1BT,6122108,2847327543722,976
basic_1BT,6273078,2847333855373,976
basic_1BT,6789540,2847340672748,976
basic_1BT,6304741,2847347012283,976
basic_1BT,5513241,2847352556758,976
basic_1BT,6408129,2847359005940,976
basic_1BT,5618500,2847364704792,976
basic_1BT,7243633,2847371979173,976
basic_1BT,6067724,2847378341454,976
basic_1BT,6410980,2847384779584,976
basic_1BT,5744395,2847390548204,976
basic_1BT,3240556,2847393815587,976
basic_1BT,5567623,2847399409628,976
basic_1BT,4941438,2847404390840,976
basic_1BT,5296999,2847409716245,976
basic_1BT,6666186,2847416411965,976
basic_1BT,6542462,2847422984173,976
basic_1BT,6443451,2847429460190,976
basic_1BT,6574406,2847436073472,976
basic_1BT,5296172,2847441402917,976
basic_1BT,4531841,2847445967135,976
basic_1BT,4730355,2847450731773,976
basic_1BT,5148182,2847455905787,976
basic_1BT,5924733,2847461855023,976
basic_1BT,6439361,2847468319549,976
basic_1BT,6682632,2847475029523,976
basic_1BT,6403815,2847481474072,976
basic_1BT,5926003,2847487431591,976
basic_1BT,5486902,2847492941246,976
basic_1BT,5154252,2847498118187,976
basic_1BT,3885547,2847502030837,976
basic_1BT,5804647,2847507861978,976
basic_1BT,8378563,2847516264107,976
basic_1BT,7322024,2847523621014,976
basic_1BT,6609012,2847530262408,976
basic_1BT,6373479,2847536664785,976
basic_1BT,6757085,2847543453889,976
basic_1BT,5485282,2847548985892,976
basic_1BT,4511732,2847553523439,976
basic_1BT,5376651,2847558928927,976
basic_1BT,3728678,2847562698256,976
basic_1BT,5915687,2847568644341,976
basic_1BT,5864621,2847574539680,976
basic_1BT,6825628,2847581409510,976
basic_1BT,5631514,2847587066400,976
basic_1BT,5524603,2847592619780,976
basic_1BT,4505976,2847597165737,976
basic_1BT,6583173,2847603792922,976
basic_1BT,5333492,2847609150453,976
basic_1BT,7350934,2847616535817,976
basic_1BT,6557037,2847623125614,976
basic_1BT,5321784,2847628479227,976
basic_1BT,7969608,2847636492643,976
basic_1BT,6209899,2847642729227,976
basic_1BT,5552564,2847648310872,976
basic_1BT,6077720,2847654456683,976
basic_1BT,5731904,2847660214895,976
basic_1BT,6577807,2847666817257,976
basic_1BT,6637862,2847673508818,976
basic_1BT,5634402,2847679171204,976
basic_1BT,5741799,2847684938631,976
basic_1BT,5888032,2847690852083,976
basic_1BT,6465041,2847697360637,976
basic_1BT,5323579,2847702711746,976
basic_1BT,6184699,2847708944077,976
basic_1BT,6064926,2847715034042,976
basic_1BT,6584542,2847721644088,976
basic_1BT,5726560,2847727397680,976
basic_1BT,6990923,2847734418829,976
basic_1BT,5771360,2847740215128,976
basic_1BT,4947692,2847745188283,976
basic_1BT,4514939,2847749734083,976
basic_1BT,4171859,2847753934734,976
basic_1BT,5275689,2847759236426,976
basic_1BT,5758559,2847765046745,976
basic_1BT,5344538,2847770422377,976
basic_1BT,5988881,2847776449829,976
basic_1BT,6538242,2847783016087,976
basic_1BT,5729164,2847788769223,976
basic_1BT,5610198,2847794414871,976
basic_1BT,6722766,2847801165151,976
basic_1BT,6507536,2847807720498,976
basic_1BT,6379585,2847814130865,976
basic_1BT,6223821,2847820386709,976
basic_1BT,5535631,2847825951899,976
basic_1BT,6599395,2847832587316,976
basic_1BT,4797539,2847837413761,976
basic_1BT,6755136,2847844204236,976
basic_1BT,7911436,2847852183334,976
basic_1BT,6055916,2847858266993,976
basic_1BT,6549042,2847864843575,976
basic_1BT,6171628,2847871047748,976
basic_1BT,6666609,2847877753395,976
basic_1BT,5381947,2847883161246,976
basic_1BT,6452163,2847889650655,976
basic_1BT,5877565,2847895555923,976
basic_1BT,6233905,2847901838046,976
basic_1BT,5823338,2847907705655,976
basic_1BT,6114791,2847913848244,976
basic_1BT,6870368,2847920750760,976
basic_1BT,6100402,2847926878436,976
basic_1BT,6339079,2847933246914,976
basic_1BT,5636582,2847938914641,976
basic_1BT,7339137,2847946292734,976
basic_1BT,5860158,2847952177349,976
basic_1BT,6559238,2847958776448,976
#end,11,2282,976
