20260216-111516-0199 32974 * main            (benchmark.cc:402): Starting benchmark.
20260216-111521-1640 32974 * main            (benchmark.cc:621): Creating a default paritioner!
20260216-111521-1643 32974 * Client          (client.cc:75):     Initializing StrongStore client with id [83]
20260216-111521-1644 32974 * BenchmarkClient (bench_client.cc:81): starting benchclient, issueConcurrent: 1; fanout: 1
Session created: 0
last_service: , current_state: 0
Session continued: 0
last_service: , current_state: 0
Session destroyed: 18446744073709551615
last_service: , current_state: 0
20260216-111526-2203 32974 * WarmupDone      (bench_client.cc:726): Completed warmup period of 5 seconds with 814 requests
20260216-111537-2203 32974 * Finish          (bench_client.cc:920): Completed 1965 requests in 11.001496 seconds
20260216-111537-2203 32974 * Finish          (bench_client.cc:921): 1 outstanding transactions.
Session continued: 0
last_service: , current_state: 0
Session destroyed: 18446744073709551615
last_service: , current_state: 0
Session continued: 0
last_service: , current_state: 0
Session destroyed: 18446744073709551615
last_service: , current_state: 0
Session destroyed: 0
last_service: , current_state: 0
20260216-111540-2204 32974 * FlushStats      (benchmark.cc:890): Flushing stats to /mnt/extra/experiments/2026-03-16-11-14-52/out/client-0-0-83-stats-0.json.
20260216-111540-2215 32974 * FlushStats      (benchmark.cc:902): All done!
20260216-111542-2215 32974 * Cleanup         (bench_client.cc:748): Aborting 0 outstanding transactions.
20260216-111542-2216 32974 * CooldownDone    (bench_client.cc:778): Finished cooldown period.
20260216-111542-2220 32974 * CooldownDone    (bench_client.cc:785): Median latency is 5961714 ns (5961 us)
20260216-111542-2221 32974 * CooldownDone    (bench_client.cc:794): Average latency is 5562090 ns (5562 us)
20260216-111542-2221 32974 * CooldownDone    (bench_client.cc:798): 90th percentile latency is 6840285 ns (6840 us)
20260216-111542-2221 32974 * CooldownDone    (bench_client.cc:802): 95th percentile latency is 7130215 ns (7130 us)
20260216-111542-2221 32974 * CooldownDone    (bench_client.cc:806): 99th percentile latency is 7744108 ns (7744 us)
20260216-111542-2222 32974 * LATENCY total: 359 us 5562 us/4194 us 54 ms (1966 samples, 10 s total)
20260216-111542-2222 32974 *     262 us |         52 | =
20260216-111542-2222 32974 *     524 us |        101 | ==
20260216-111542-2222 32974 *    1048 us |          3 | 
20260216-111542-2222 32974 *    2097 us |         70 | ==
20260216-111542-2222 32974 *    4194 us |       1735 | ==================================================
20260216-111542-2222 32974 *    8388 us |          3 | 
20260216-111542-2223 32974 *      16 ms |          1 | 
20260216-111542-2223 32974 *      33 ms |          1 | 
20260216-111542-2225 32974 * Stop            (tcptransport.cc:581): [TCP SUMMARY] outgoingCreated=1 outgoingClosed=0 incomingCreated=0 incomingClosed=0 outgoingPeak=1 incomingPeak=0
Inserted events:
  0x55e44abbcf60 [fd  7] Read Persist Internal
  0x55e44abd3560 [fd  9] Read Persist
Active events:
20260216-111542-2226 32974 * main            (benchmark.cc:849): Cleaning up after experiment.
20260216-111542-2227 32974 * FlushStats      (benchmark.cc:890): Flushing stats to /mnt/extra/experiments/2026-03-16-11-14-52/out/client-0-0-83-stats-0.json.
20260216-111542-2233 32974 * FlushStats      (benchmark.cc:902): All done!
