20260216-111515-9955 32883 * main            (benchmark.cc:402): Starting benchmark.
20260216-111520-6908 32883 * main            (benchmark.cc:621): Creating a default paritioner!
20260216-111520-6910 32883 * Client          (client.cc:75):     Initializing StrongStore client with id [36]
20260216-111520-6911 32883 * BenchmarkClient (bench_client.cc:81): starting benchclient, issueConcurrent: 1; fanout: 1
Session created: 0
last_service: , current_state: 0
Session continued: 0
last_service: , current_state: 0
Session destroyed: 18446744073709551615
last_service: , current_state: 0
20260216-111526-1062 32883 * WarmupDone      (bench_client.cc:726): Completed warmup period of 5 seconds with 824 requests
20260216-111537-1065 32883 * Finish          (bench_client.cc:920): Completed 1801 requests in 11.007319 seconds
20260216-111537-1066 32883 * Finish          (bench_client.cc:921): 1 outstanding transactions.
Session continued: 0
last_service: , current_state: 0
Session destroyed: 18446744073709551615
last_service: , current_state: 0
Session continued: 0
last_service: , current_state: 0
Session destroyed: 18446744073709551615
last_service: , current_state: 0
Session destroyed: 0
last_service: , current_state: 0
20260216-111540-1061 32883 * FlushStats      (benchmark.cc:890): Flushing stats to /mnt/extra/experiments/2026-03-16-11-14-52/out/client-0-0-36-stats-0.json.
20260216-111540-1071 32883 * FlushStats      (benchmark.cc:902): All done!
20260216-111542-1075 32883 * Cleanup         (bench_client.cc:748): Aborting 0 outstanding transactions.
20260216-111542-1076 32883 * CooldownDone    (bench_client.cc:778): Finished cooldown period.
20260216-111542-1087 32883 * CooldownDone    (bench_client.cc:785): Median latency is 6102849 ns (6102 us)
20260216-111542-1087 32883 * CooldownDone    (bench_client.cc:794): Average latency is 6071754 ns (6071 us)
20260216-111542-1088 32883 * CooldownDone    (bench_client.cc:798): 90th percentile latency is 6956395 ns (6956 us)
20260216-111542-1088 32883 * CooldownDone    (bench_client.cc:802): 95th percentile latency is 7263823 ns (7263 us)
20260216-111542-1088 32883 * CooldownDone    (bench_client.cc:806): 99th percentile latency is 7769925 ns (7769 us)
20260216-111542-1089 32883 * LATENCY total: 3134 us 6071 us/4194 us 55 ms (1802 samples, 10 s total)
20260216-111542-1089 32883 *    2097 us |         64 | =
20260216-111542-1090 32883 *    4194 us |       1735 | ==================================================
20260216-111542-1090 32883 *    8388 us |          1 | 
20260216-111542-1090 32883 *      16 ms |          1 | 
20260216-111542-1090 32883 *      33 ms |          1 | 
20260216-111542-1441 32883 * Stop            (tcptransport.cc:581): [TCP SUMMARY] outgoingCreated=1 outgoingClosed=0 incomingCreated=0 incomingClosed=0 outgoingPeak=1 incomingPeak=0
Inserted events:
  0x55560998bf60 [fd  7] Read Persist Internal
  0x5556099a2560 [fd  9] Read Persist
Active events:
20260216-111542-1442 32883 * main            (benchmark.cc:849): Cleaning up after experiment.
20260216-111542-1442 32883 * FlushStats      (benchmark.cc:890): Flushing stats to /mnt/extra/experiments/2026-03-16-11-14-52/out/client-0-0-36-stats-0.json.
20260216-111542-1448 32883 * FlushStats      (benchmark.cc:902): All done!
