basic_appreq,704645683,270536462860795,0
basic_appreq,503821497,270536968783198,0
basic_appreq,604351504,270537574296169,0
basic_appreq,503765632,270538078889440,0
basic_appreq,503701473,270538583833844,0
basic_appreq,403510857,270538988271551,0
basic_appreq,403744230,270539392234444,0
basic_appreq,503913676,270539897463474,0
basic_appreq,604094491,270540503028785,0
basic_appreq,604279551,270541108091753,0
basic_appreq,503449637,270541613488954,0
basic_appreq,704246754,270542319606278,0
basic_appreq,403728925,270542723590797,0
basic_appreq,403976841,270543128760021,0
basic_appreq,704505386,270543834237853,0
basic_appreq,704551742,270544540398151,0
basic_appreq,503994754,270545045436988,0
basic_appreq,704685627,270545750734443,0
basic_appreq,503995695,270546256815678,0
basic_appreq,503726792,270546762307911,0
basic_appreq,604085416,270547367047277,0
basic_appreq,303339297,270547671333120,0
basic_appreq,604174584,270548276527741,0
basic_appreq,503970949,270548781410090,0
basic_appreq,403696930,270549187028248,0
basic_appreq,604707018,270549793302981,0
basic_appreq,503755313,270550297267657,0
basic_appreq,503548330,270550802336382,0
basic_appreq,503902064,270551308267074,0
basic_appreq,604149140,270551913322441,0
basic_appreq,504193090,270552418877739,0
basic_appreq,503705202,270552924508544,0
basic_appreq,503923179,270553429654290,0
basic_appreq,503860335,270553935189670,0
basic_appreq,504253842,270554439812039,0
basic_appreq,503881006,270554944701100,0
basic_appreq,503635201,270555449482502,0
basic_appreq,604139844,270556055688265,0
basic_appreq,503691775,270556560668693,0
basic_appreq,503619450,270557066262589,0
basic_appreq,604052897,270557671887120,0
basic_appreq,403649095,270558075955916,0
basic_appreq,503839707,270558579913943,0
basic_appreq,503769826,270559085277912,0
#end,23,327081,0
