20260313-144408-8801 04739 * main            (server.cc:217):    Starting server.
20260313-144408-8808 04739 * main            (server.cc:335):    Creating a default paritioner!
20260313-144410-6751 04739 * main            (server.cc:513):    Done loading server.
20260313-144502-4580 04739 ! TCPIncomingEventCallback (tcptransport.cc:938): [TCP INCOMING 117] EOF, lifetime=31359.60 ms
20260313-144502-6206 04739 ! TCPIncomingEventCallback (tcptransport.cc:938): [TCP INCOMING 118] EOF, lifetime=31365.44 ms
20260313-144502-6390 04739 ! TCPIncomingEventCallback (tcptransport.cc:938): [TCP INCOMING 119] EOF, lifetime=31362.18 ms
20260313-144502-6418 04739 ! TCPIncomingEventCallback (tcptransport.cc:938): [TCP INCOMING 120] EOF, lifetime=31361.45 ms
20260313-144502-6441 04739 ! TCPIncomingEventCallback (tcptransport.cc:938): [TCP INCOMING 121] EOF, lifetime=31362.08 ms
20260313-144502-6544 04739 ! TCPIncomingEventCallback (tcptransport.cc:938): [TCP INCOMING 122] EOF, lifetime=31366.19 ms
20260313-144502-6579 04739 ! TCPIncomingEventCallback (tcptransport.cc:938): [TCP INCOMING 124] EOF, lifetime=31365.67 ms
20260313-144502-6595 04739 ! TCPIncomingEventCallback (tcptransport.cc:938): [TCP INCOMING 123] EOF, lifetime=31369.31 ms
20260313-144509-1921 04739 * Cleanup         (server.cc:589):    Gracefully exiting after signal 15.
20260313-144509-1922 04739 * Stop            (tcptransport.cc:601): [TCP SUMMARY] outgoingCreated=58 outgoingClosed=0 incomingCreated=66 incomingClosed=8 outgoingPeak=98 incomingPeak=37
Inserted events:
  0x55e81bcc4d00 [fd  9] Read Persist Internal
  0x55e81bccca60 [fd  10] Read Persist
  0x55e81bcd7cd0 [fd  11] Read Persist
  0x55e824621610 [fd  12] Read Persist
  0x55e82461e850 [fd  13] Read Persist
  0x55e8246198c0 [fd  14] Read Persist
  0x55e82461cc40 [fd  15] Read Persist
  0x55e824614740 [fd  16] Read Persist
  0x55e82461df70 [fd  17] Read Persist
  0x55e824612350 [fd  18] Read Persist
  0x55e82461d930 [fd  19] Read Persist
  0x55e824612650 [fd  20] Read Persist
  0x55e824612a90 [fd  21] Read Persist
  0x55e82462aeb0 [fd  22] Read Persist
  0x55e82462b1f0 [fd  23] Read Persist
  0x55e82462b530 [fd  24] Read Persist
  0x55e82462b870 [fd  25] Read Persist
  0x55e82462bbb0 [fd  26] Read Persist
  0x55e82462bef0 [fd  27] Read Persist
  0x55e82462c230 [fd  28] Read Persist
  0x55e82462c770 [fd  29] Read Persist
  0x55e82462cb80 [fd  30] Read Persist
  0x55e82462d090 [fd  31] Read Persist
  0x55e82462d620 [fd  32] Read Persist
  0x55e82462ddc0 [fd  33] Read Persist
  0x55e82462e350 [fd  34] Read Persist
  0x55e82462e8e0 [fd  35] Read Persist
  0x55e82462ee70 [fd  36] Read Persist
  0x55e82462f400 [fd  37] Read Persist
  0x55e82462f990 [fd  38] Read Persist
  0x55e82462ff20 [fd  39] Read Persist
  0x55e8246304b0 [fd  40] Read Persist
  0x55e824630a40 [fd  41] Read Persist
  0x55e824630fd0 [fd  42] Read Persist
  0x55e824631560 [fd  43] Read Persist
  0x55e824631af0 [fd  44] Read Persist
  0x55e824632080 [fd  45] Read Persist
  0x55e824632610 [fd  46] Read Persist
  0x55e824632ba0 [fd  47] Read Persist
  0x55e824633130 [fd  48] Read Persist
  0x55e824633940 [fd  49] Read Persist
  0x55e824633ed0 [fd  50] Read Persist
  0x55e8246342f0 [fd  51] Read Persist
  0x55e824634510 [fd  52] Read Persist
  0x55e8246347c0 [fd  53] Read Persist
  0x55e824634b60 [fd  54] Read Persist
  0x55e824634f00 [fd  55] Read Persist
  0x55e8246352a0 [fd  56] Read Persist
  0x55e824635640 [fd  57] Read Persist
  0x55e8246359e0 [fd  58] Read Persist
  0x55e824635d80 [fd  59] Read Persist
  0x55e824636120 [fd  60] Read Persist
  0x55e8246364c0 [fd  61] Read Persist
  0x55e824636860 [fd  62] Read Persist
  0x55e824636c00 [fd  63] Read Persist
  0x55e824636fa0 [fd  64] Read Persist
  0x55e81bcd4620 [fd  65] Read Persist
  0x55e8246372e0 [fd  66] Read Persist
  0x55e824637500 [fd  67] Read Persist
  0x55e824637c50 [fd  68] Read Persist
  0x55e824637f00 [fd  69] Read Persist
  0x55e824638240 [fd  70] Read Persist
  0x55e824638620 [fd  71] Read Persist
  0x55e824638ac0 [fd  72] Read Persist
  0x55e824638f60 [fd  73] Read Persist
  0x55e824639400 [fd  74] Read Persist
  0x55e824639900 [fd  75] Read Persist
  0x55e824639d70 [fd  76] Read Persist
  0x55e82463a1e0 [fd  77] Read Persist
  0x55e82463a680 [fd  78] Read Persist
  0x55e82463ab20 [fd  79] Read Persist
  0x55e82463afc0 [fd  80] Read Persist
  0x55e82463b4e0 [fd  81] Read Persist
  0x55e82463b9d0 [fd  82] Read Persist
  0x55e82463be90 [fd  83] Read Persist
  0x55e82463c350 [fd  84] Read Persist
  0x55e82463c810 [fd  85] Read Persist
  0x55e82463ccd0 [fd  86] Read Persist
  0x55e82463d190 [fd  87] Read Persist
  0x55e82463d720 [fd  88] Read Persist
  0x55e82463dcb0 [fd  89] Read Persist
  0x55e82463e240 [fd  90] Read Persist
  0x55e82463f250 [fd  91] Read Persist
  0x55e82463f7e0 [fd  92] Read Persist
  0x55e82463fd70 [fd  93] Read Persist
  0x55e824640300 [fd  94] Read Persist
  0x55e824640890 [fd  95] Read Persist
  0x55e824640e20 [fd  96] Read Persist
  0x55e8246413b0 [fd  97] Read Persist
  0x55e824641940 [fd  98] Read Persist
  0x55e824641ed0 [fd  99] Read Persist
  0x55e824642460 [fd  100] Read Persist
  0x55e8246429f0 [fd  101] Read Persist
  0x55e824642f80 [fd  102] Read Persist
  0x55e824643510 [fd  103] Read Persist
  0x55e824643aa0 [fd  104] Read Persist
  0x55e824644030 [fd  105] Read Persist
  0x55e8246445c0 [fd  106] Read Persist
  0x55e824644b50 [fd  107] Read Persist
  0x55e8246450e0 [fd  108] Read Persist
  0x55e824645670 [fd  109] Read Persist
  0x55e824645a90 [fd  110] Read Persist
  0x55e824645cb0 [fd  111] Read Persist
  0x55e824645f60 [fd  112] Read Persist
  0x55e824646300 [fd  113] Read Persist
  0x55e8246466a0 [fd  114] Read Persist
  0x55e824646a40 [fd  115] Read Persist
  0x55e824646de0 [fd  116] Read Persist
  0x55e824647180 [fd  117] Read Persist
  0x55e824647520 [fd  118] Read Persist
  0x55e8246478c0 [fd  119] Read Persist
  0x55e824647c60 [fd  120] Read Persist
  0x55e824621270 [fd  121] Read Persist
  0x55e824620080 [fd  122] Read Persist
  0x55e8246204c0 [fd  123] Read Persist
  0x55e824648000 [fd  124] Read Persist
  0x55e824648220 [fd  125] Read Persist
  0x55e824648560 [fd  126] Read Persist
  0x55e8246488a0 [fd  127] Read Persist
  0x55e824648df0 [fd  -1] Timeout=1776113709.152391
Active events:
20260313-144509-1942 04739 * Cleanup         (server.cc:593):    Exporting stats to /mnt/extra/experiments/2026-04-13-14-44-00/out/server-0-1-2-stats-0.json.
