20260313-061323-3217 14413 * main            (server.cc:217):    Starting server.
20260313-061323-3230 14413 * main            (server.cc:335):    Creating a default paritioner!
20260313-061325-2375 14413 * main            (server.cc:513):    Done loading server.
20260313-061350-6225 14413 * HandlePrepare   (replica.cc:709):   [2] Tail batch: size=1 pending_ooo=0 avg_batch_size=1.00 total_ops=1
20260313-061353-2078 14413 * HandlePrepare   (replica.cc:709):   [2] Tail batch: size=1 pending_ooo=0 avg_batch_size=1.00 total_ops=2
20260313-061359-6535 14413 * HandlePrepare   (replica.cc:709):   [2] Tail batch: size=1 pending_ooo=0 avg_batch_size=1.00 total_ops=3
20260313-061400-6145 14413 * HandlePrepare   (replica.cc:709):   [2] Tail batch: size=1 pending_ooo=0 avg_batch_size=1.00 total_ops=4
20260313-061403-4678 14413 * HandlePrepare   (replica.cc:709):   [2] Tail batch: size=1 pending_ooo=0 avg_batch_size=1.00 total_ops=5
20260313-061405-0256 14413 * HandlePrepare   (replica.cc:709):   [2] Tail batch: size=1 pending_ooo=0 avg_batch_size=1.00 total_ops=6
20260313-061405-3643 14413 * HandlePrepare   (replica.cc:709):   [2] Tail batch: size=1 pending_ooo=0 avg_batch_size=1.00 total_ops=7
20260313-061406-0848 14413 * HandlePrepare   (replica.cc:709):   [2] Tail batch: size=1 pending_ooo=0 avg_batch_size=1.00 total_ops=8
20260313-061407-1414 14413 * HandlePrepare   (replica.cc:709):   [2] Tail batch: size=1 pending_ooo=0 avg_batch_size=1.00 total_ops=9
20260313-061412-1364 14413 * HandlePrepare   (replica.cc:709):   [2] Tail batch: size=1 pending_ooo=0 avg_batch_size=1.00 total_ops=10
20260313-061412-4910 14413 * HandlePrepare   (replica.cc:709):   [2] Tail batch: size=1 pending_ooo=0 avg_batch_size=1.00 total_ops=11
20260313-061412-7266 14413 * HandlePrepare   (replica.cc:709):   [2] Tail batch: size=1 pending_ooo=0 avg_batch_size=1.00 total_ops=12
20260313-061416-6943 14413 ! TCPIncomingEventCallback (tcptransport.cc:942): [TCP INCOMING 120] EOF, lifetime=30994.73 ms
20260313-061416-7281 14413 ! TCPIncomingEventCallback (tcptransport.cc:942): [TCP INCOMING 122] EOF, lifetime=30989.55 ms
20260313-061416-7418 14413 ! TCPIncomingEventCallback (tcptransport.cc:942): [TCP INCOMING 117] EOF, lifetime=31196.17 ms
20260313-061416-7808 14413 ! TCPIncomingEventCallback (tcptransport.cc:942): [TCP INCOMING 118] EOF, lifetime=31214.27 ms
20260313-061417-2854 14413 ! TCPIncomingEventCallback (tcptransport.cc:942): [TCP INCOMING 119] EOF, lifetime=31597.36 ms
20260313-061417-3315 14413 ! TCPIncomingEventCallback (tcptransport.cc:942): [TCP INCOMING 123] EOF, lifetime=31589.97 ms
20260313-061417-5027 14413 ! TCPIncomingEventCallback (tcptransport.cc:942): [TCP INCOMING 121] EOF, lifetime=31791.51 ms
20260313-061417-6194 14413 ! TCPIncomingEventCallback (tcptransport.cc:942): [TCP INCOMING 124] EOF, lifetime=31793.15 ms
20260313-061424-0439 14413 * Cleanup         (server.cc:589):    Gracefully exiting after signal 15.
20260313-061424-0440 14413 * Stop            (tcptransport.cc:605): [TCP SUMMARY] outgoingCreated=58 outgoingClosed=0 incomingCreated=66 incomingClosed=8 outgoingPeak=96 incomingPeak=37
Inserted events:
  0x56353c78bd00 [fd  9] Read Persist Internal
  0x56353c793a60 [fd  10] Read Persist
  0x56353c79ee70 [fd  11] Read Persist
  0x563548de5da0 [fd  12] Read Persist
  0x563548de5fc0 [fd  13] Read Persist
  0x563548de61e0 [fd  14] Read Persist
  0x563548de6400 [fd  15] Read Persist
  0x563548de6620 [fd  16] Read Persist
  0x563548de6840 [fd  17] Read Persist
  0x563548de6a60 [fd  18] Read Persist
  0x563548de6c80 [fd  19] Read Persist
  0x563548de6ea0 [fd  20] Read Persist
  0x563548de70c0 [fd  21] Read Persist
  0x563548de72e0 [fd  22] Read Persist
  0x563548de2fe0 [fd  23] Read Persist
  0x563548de13b0 [fd  24] Read Persist
  0x563548dd8a00 [fd  25] Read Persist
  0x563548dd8dc0 [fd  26] Read Persist
  0x563548de18d0 [fd  27] Read Persist
  0x563548de25c0 [fd  28] Read Persist
  0x563548dd7ce0 [fd  29] Read Persist
  0x563548dd8150 [fd  30] Read Persist
  0x563548ddeb40 [fd  31] Read Persist
  0x563548ddf0f0 [fd  32] Read Persist
  0x563548ddf890 [fd  33] Read Persist
  0x563548ddfcb0 [fd  34] Read Persist
  0x563548de00f0 [fd  35] Read Persist
  0x563548de0530 [fd  36] Read Persist
  0x563548de7620 [fd  37] Read Persist
  0x563548de7840 [fd  38] Read Persist
  0x563548de7dd0 [fd  39] Read Persist
  0x563548de8360 [fd  40] Read Persist
  0x563548de88f0 [fd  41] Read Persist
  0x563548de8e80 [fd  42] Read Persist
  0x563548de9410 [fd  43] Read Persist
  0x563548de99a0 [fd  44] Read Persist
  0x563548de9f30 [fd  45] Read Persist
  0x563548dea4c0 [fd  46] Read Persist
  0x563548deaa50 [fd  47] Read Persist
  0x563548deafe0 [fd  48] Read Persist
  0x563548deb7f0 [fd  49] Read Persist
  0x563548debd80 [fd  50] Read Persist
  0x563548dec310 [fd  51] Read Persist
  0x563548dec730 [fd  52] Read Persist
  0x563548dec950 [fd  53] Read Persist
  0x563548decc00 [fd  54] Read Persist
  0x563548decfa0 [fd  55] Read Persist
  0x563548ded340 [fd  56] Read Persist
  0x563548ded6e0 [fd  57] Read Persist
  0x563548deda80 [fd  58] Read Persist
  0x563548dede20 [fd  59] Read Persist
  0x563548dee1c0 [fd  60] Read Persist
  0x563548dee560 [fd  61] Read Persist
  0x563548dee900 [fd  62] Read Persist
  0x563548deeca0 [fd  63] Read Persist
  0x563548def040 [fd  64] Read Persist
  0x56353c79b5b0 [fd  65] Read Persist
  0x56353c79a920 [fd  66] Read Persist
  0x563548def410 [fd  67] Read Persist
  0x563548def750 [fd  68] Read Persist
  0x563548defa90 [fd  69] Read Persist
  0x563548defdd0 [fd  70] Read Persist
  0x563548df0110 [fd  71] Read Persist
  0x563548df04d0 [fd  72] Read Persist
  0x563548df0970 [fd  73] Read Persist
  0x563548df0e10 [fd  74] Read Persist
  0x563548df12b0 [fd  75] Read Persist
  0x563548df1750 [fd  76] Read Persist
  0x563548df1bf0 [fd  77] Read Persist
  0x563548df2090 [fd  78] Read Persist
  0x563548df25e0 [fd  79] Read Persist
  0x563548df2aa0 [fd  80] Read Persist
  0x563548df2f60 [fd  81] Read Persist
  0x563548df3420 [fd  82] Read Persist
  0x563548df38e0 [fd  83] Read Persist
  0x563548df3da0 [fd  84] Read Persist
  0x563548df4260 [fd  85] Read Persist
  0x563548df47f0 [fd  86] Read Persist
  0x563548df4d80 [fd  87] Read Persist
  0x563548df5310 [fd  88] Read Persist
  0x563548df58a0 [fd  89] Read Persist
  0x563548df5e30 [fd  90] Read Persist
  0x563548df6e40 [fd  91] Read Persist
  0x563548df73d0 [fd  92] Read Persist
  0x563548df7960 [fd  93] Read Persist
  0x563548df7ef0 [fd  94] Read Persist
  0x563548df8480 [fd  95] Read Persist
  0x563548df8a10 [fd  96] Read Persist
  0x563548df8fa0 [fd  97] Read Persist
  0x563548df9530 [fd  98] Read Persist
  0x563548df9ac0 [fd  99] Read Persist
  0x563548dfa050 [fd  100] Read Persist
  0x563548dfa5e0 [fd  101] Read Persist
  0x563548dfab70 [fd  102] Read Persist
  0x563548dfb100 [fd  103] Read Persist
  0x563548dfb690 [fd  104] Read Persist
  0x563548dfbc20 [fd  105] Read Persist
  0x563548dfc1b0 [fd  106] Read Persist
  0x563548dfc740 [fd  107] Read Persist
  0x563548dfcb60 [fd  108] Read Persist
  0x563548dfcd80 [fd  109] Read Persist
  0x563548dfd030 [fd  110] Read Persist
  0x563548dfd3d0 [fd  111] Read Persist
  0x563548dfd770 [fd  112] Read Persist
  0x563548dfdb10 [fd  113] Read Persist
  0x563548dfdeb0 [fd  114] Read Persist
  0x563548dfe250 [fd  115] Read Persist
  0x563548dfe5f0 [fd  116] Read Persist
  0x563548dfe990 [fd  117] Read Persist
  0x563548dfed30 [fd  118] Read Persist
  0x563548dff0d0 [fd  119] Read Persist
  0x563548dff470 [fd  120] Read Persist
  0x563548dff810 [fd  121] Read Persist
  0x563548dffbe0 [fd  122] Read Persist
  0x563548dfffb0 [fd  123] Read Persist
  0x563548e00380 [fd  124] Read Persist
  0x563548e00750 [fd  125] Read Persist
  0x563548e00b20 [fd  126] Read Persist
  0x563548e00f20 [fd  127] Read Persist
Active events:
20260313-061424-0460 14413 * Cleanup         (server.cc:593):    Exporting stats to /mnt/extra/experiments/2026-04-13-06-13-15/out/server-0-1-2-stats-0.json.
