20260313-060433-3132 17046 * main            (server.cc:217):    Starting server.
20260313-060433-3138 17046 * main            (server.cc:335):    Creating a default paritioner!
20260313-060435-1567 17046 * main            (server.cc:513):    Done loading server.
20260313-060535-0731 17046 ! TCPIncomingEventCallback (tcptransport.cc:942): [TCP INCOMING 117] EOF, lifetime=39173.43 ms
20260313-060535-0825 17046 ! TCPIncomingEventCallback (tcptransport.cc:942): [TCP INCOMING 118] EOF, lifetime=39168.27 ms
20260313-060535-0860 17046 ! TCPIncomingEventCallback (tcptransport.cc:942): [TCP INCOMING 119] EOF, lifetime=39163.20 ms
20260313-060535-0873 17046 ! TCPIncomingEventCallback (tcptransport.cc:942): [TCP INCOMING 121] EOF, lifetime=39163.75 ms
20260313-060535-0875 17046 ! TCPIncomingEventCallback (tcptransport.cc:942): [TCP INCOMING 122] EOF, lifetime=39163.14 ms
20260313-060535-0880 17046 ! TCPIncomingEventCallback (tcptransport.cc:942): [TCP INCOMING 120] EOF, lifetime=39165.12 ms
20260313-060535-0977 17046 ! TCPIncomingEventCallback (tcptransport.cc:942): [TCP INCOMING 123] EOF, lifetime=39173.28 ms
20260313-060535-1082 17046 ! TCPIncomingEventCallback (tcptransport.cc:942): [TCP INCOMING 124] EOF, lifetime=39167.11 ms
20260313-060541-5720 17046 * Cleanup         (server.cc:589):    Gracefully exiting after signal 15.
20260313-060541-5722 17046 * Stop            (tcptransport.cc:605): [TCP SUMMARY] outgoingCreated=58 outgoingClosed=0 incomingCreated=66 incomingClosed=8 outgoingPeak=93 incomingPeak=37
Inserted events:
  0x55bae54aad00 [fd  9] Read Persist Internal
  0x55bae54b2a60 [fd  10] Read Persist
  0x55bae54bdcd0 [fd  11] Read Persist
  0x55baede2ee50 [fd  12] Read Persist
  0x55baede2c090 [fd  13] Read Persist
  0x55baede27100 [fd  14] Read Persist
  0x55baede2a480 [fd  15] Read Persist
  0x55baede21f80 [fd  16] Read Persist
  0x55baede2b7b0 [fd  17] Read Persist
  0x55baede1fb90 [fd  18] Read Persist
  0x55baede2b170 [fd  19] Read Persist
  0x55baede1fe90 [fd  20] Read Persist
  0x55baede202d0 [fd  21] Read Persist
  0x55baede386f0 [fd  22] Read Persist
  0x55baede38b00 [fd  23] Read Persist
  0x55baede38f10 [fd  24] Read Persist
  0x55baede39320 [fd  25] Read Persist
  0x55baede39730 [fd  26] Read Persist
  0x55baede39b40 [fd  27] Read Persist
  0x55baede39f50 [fd  28] Read Persist
  0x55baede3a490 [fd  29] Read Persist
  0x55baede3a8f0 [fd  30] Read Persist
  0x55baede3ae80 [fd  31] Read Persist
  0x55baede3b410 [fd  32] Read Persist
  0x55baede3bbb0 [fd  33] Read Persist
  0x55baede3c140 [fd  34] Read Persist
  0x55baede3c6d0 [fd  35] Read Persist
  0x55baede3cc60 [fd  36] Read Persist
  0x55baede3d1f0 [fd  37] Read Persist
  0x55baede3d780 [fd  38] Read Persist
  0x55baede3dd10 [fd  39] Read Persist
  0x55baede3e2a0 [fd  40] Read Persist
  0x55baede3e830 [fd  41] Read Persist
  0x55baede3edc0 [fd  42] Read Persist
  0x55baede3f350 [fd  43] Read Persist
  0x55baede3f8e0 [fd  44] Read Persist
  0x55baede3fd00 [fd  45] Read Persist
  0x55baede3ff20 [fd  46] Read Persist
  0x55baede401d0 [fd  47] Read Persist
  0x55baede40570 [fd  48] Read Persist
  0x55baede40b90 [fd  49] Read Persist
  0x55baede40f30 [fd  50] Read Persist
  0x55baede412d0 [fd  51] Read Persist
  0x55baede41670 [fd  52] Read Persist
  0x55baede41a10 [fd  53] Read Persist
  0x55baede41db0 [fd  54] Read Persist
  0x55baede42150 [fd  55] Read Persist
  0x55baede424f0 [fd  56] Read Persist
  0x55baede42890 [fd  57] Read Persist
  0x55baede42c30 [fd  58] Read Persist
  0x55baede42fd0 [fd  59] Read Persist
  0x55baede43370 [fd  60] Read Persist
  0x55baede43740 [fd  61] Read Persist
  0x55baede43b10 [fd  62] Read Persist
  0x55baede43ee0 [fd  63] Read Persist
  0x55baede442b0 [fd  64] Read Persist
  0x55bae54ba620 [fd  65] Read Persist
  0x55baede44a30 [fd  66] Read Persist
  0x55baede44ce0 [fd  67] Read Persist
  0x55baede45020 [fd  68] Read Persist
  0x55baede45360 [fd  69] Read Persist
  0x55baede456a0 [fd  70] Read Persist
  0x55baede45f20 [fd  71] Read Persist
  0x55baede46300 [fd  72] Read Persist
  0x55baede46770 [fd  73] Read Persist
  0x55baede46c10 [fd  74] Read Persist
  0x55baede470b0 [fd  75] Read Persist
  0x55baede475d0 [fd  76] Read Persist
  0x55baede47ac0 [fd  77] Read Persist
  0x55baede47f80 [fd  78] Read Persist
  0x55baede48440 [fd  79] Read Persist
  0x55baede48900 [fd  80] Read Persist
  0x55baede48dc0 [fd  81] Read Persist
  0x55baede49280 [fd  82] Read Persist
  0x55baede49810 [fd  83] Read Persist
  0x55baede49da0 [fd  84] Read Persist
  0x55baede4a330 [fd  85] Read Persist
  0x55baede4a8c0 [fd  86] Read Persist
  0x55baede4ae50 [fd  87] Read Persist
  0x55baede4b3e0 [fd  88] Read Persist
  0x55baede4b970 [fd  89] Read Persist
  0x55baede4bf00 [fd  90] Read Persist
  0x55baede4cf10 [fd  91] Read Persist
  0x55baede4d4a0 [fd  92] Read Persist
  0x55baede4da30 [fd  93] Read Persist
  0x55baede4dfc0 [fd  94] Read Persist
  0x55baede4e550 [fd  95] Read Persist
  0x55baede4eae0 [fd  96] Read Persist
  0x55baede4f070 [fd  97] Read Persist
  0x55baede4f600 [fd  98] Read Persist
  0x55baede4fb90 [fd  99] Read Persist
  0x55baede50120 [fd  100] Read Persist
  0x55baede506b0 [fd  101] Read Persist
  0x55baede50c40 [fd  102] Read Persist
  0x55baede511d0 [fd  103] Read Persist
  0x55baede51760 [fd  104] Read Persist
  0x55baede51b80 [fd  105] Read Persist
  0x55baede51da0 [fd  106] Read Persist
  0x55baede52050 [fd  107] Read Persist
  0x55baede523f0 [fd  108] Read Persist
  0x55baede52790 [fd  109] Read Persist
  0x55baede52b30 [fd  110] Read Persist
  0x55baede52ed0 [fd  111] Read Persist
  0x55baede531e0 [fd  112] Read Persist
  0x55baede53580 [fd  113] Read Persist
  0x55baede53920 [fd  114] Read Persist
  0x55baede53cc0 [fd  115] Read Persist
  0x55baede54060 [fd  116] Read Persist
  0x55baede54400 [fd  117] Read Persist
  0x55baede547a0 [fd  118] Read Persist
  0x55baede54b70 [fd  119] Read Persist
  0x55baede54f40 [fd  120] Read Persist
  0x55baede55310 [fd  121] Read Persist
  0x55baede556e0 [fd  122] Read Persist
  0x55baede55ab0 [fd  123] Read Persist
  0x55baede55eb0 [fd  124] Read Persist
  0x55baede562b0 [fd  125] Read Persist
  0x55baede566b0 [fd  126] Read Persist
  0x55baede56ab0 [fd  127] Read Persist
  0x55baede571b0 [fd  -1] Timeout=1776082541.417603
Active events:
20260313-060541-5742 17046 * Cleanup         (server.cc:593):    Exporting stats to /mnt/extra/experiments/2026-04-13-06-04-25/out/server-0-4-2-stats-0.json.
