20260313-060433-4240 02392 * main            (server.cc:217):    Starting server.
20260313-060433-4252 02392 * main            (server.cc:335):    Creating a default paritioner!
20260313-060435-2056 02392 * main            (server.cc:513):    Done loading server.
20260313-060535-0726 02392 ! TCPIncomingEventCallback (tcptransport.cc:942): [TCP INCOMING 117] EOF, lifetime=39173.63 ms
20260313-060535-0820 02392 ! TCPIncomingEventCallback (tcptransport.cc:942): [TCP INCOMING 118] EOF, lifetime=39168.30 ms
20260313-060535-0855 02392 ! TCPIncomingEventCallback (tcptransport.cc:942): [TCP INCOMING 119] EOF, lifetime=39163.20 ms
20260313-060535-0869 02392 ! TCPIncomingEventCallback (tcptransport.cc:942): [TCP INCOMING 122] EOF, lifetime=39163.04 ms
20260313-060535-0870 02392 ! TCPIncomingEventCallback (tcptransport.cc:942): [TCP INCOMING 121] EOF, lifetime=39163.93 ms
20260313-060535-0875 02392 ! TCPIncomingEventCallback (tcptransport.cc:942): [TCP INCOMING 120] EOF, lifetime=39165.16 ms
20260313-060535-0972 02392 ! TCPIncomingEventCallback (tcptransport.cc:942): [TCP INCOMING 123] EOF, lifetime=39173.33 ms
20260313-060535-1077 02392 ! TCPIncomingEventCallback (tcptransport.cc:942): [TCP INCOMING 124] EOF, lifetime=39167.13 ms
20260313-060541-5899 02392 * Cleanup         (server.cc:589):    Gracefully exiting after signal 15.
20260313-060541-5900 02392 * Stop            (tcptransport.cc:605): [TCP SUMMARY] outgoingCreated=59 outgoingClosed=0 incomingCreated=67 incomingClosed=8 outgoingPeak=125 incomingPeak=37
Inserted events:
  0x55c3cb2aed00 [fd  9] Read Persist Internal
  0x55c3cb2b6a60 [fd  10] Read Persist
  0x55c3cb2c1cd0 [fd  11] Read Persist
  0x55c3d3c2e980 [fd  12] Read Persist
  0x55c3d3c2b7b0 [fd  13] Read Persist
  0x55c3d3c2f850 [fd  14] Read Persist
  0x55c3d3c24d10 [fd  15] Read Persist
  0x55c3d3c25070 [fd  16] Read Persist
  0x55c3d3c23b40 [fd  17] Read Persist
  0x55c3d3c23f80 [fd  18] Read Persist
  0x55c3d3c243c0 [fd  19] Read Persist
  0x55c3d3c3dfc0 [fd  20] Read Persist
  0x55c3d3c3e1e0 [fd  21] Read Persist
  0x55c3d3c3e520 [fd  22] Read Persist
  0x55c3d3c3e860 [fd  23] Read Persist
  0x55c3d3c3eba0 [fd  24] Read Persist
  0x55c3d3c3eee0 [fd  25] Read Persist
  0x55c3d3c3f2f0 [fd  26] Read Persist
  0x55c3d3c3f700 [fd  27] Read Persist
  0x55c3d3c3fb10 [fd  28] Read Persist
  0x55c3d3c40110 [fd  29] Read Persist
  0x55c3d3c406a0 [fd  30] Read Persist
  0x55c3d3c40c30 [fd  31] Read Persist
  0x55c3d3c411c0 [fd  32] Read Persist
  0x55c3d3c41960 [fd  33] Read Persist
  0x55c3d3c41ef0 [fd  34] Read Persist
  0x55c3d3c42480 [fd  35] Read Persist
  0x55c3d3c42a10 [fd  36] Read Persist
  0x55c3d3c42fa0 [fd  37] Read Persist
  0x55c3d3c43530 [fd  38] Read Persist
  0x55c3d3c43ac0 [fd  39] Read Persist
  0x55c3d3c44050 [fd  40] Read Persist
  0x55c3d3c445e0 [fd  41] Read Persist
  0x55c3d3c44b70 [fd  42] Read Persist
  0x55c3d3c45100 [fd  43] Read Persist
  0x55c3d3c45690 [fd  44] Read Persist
  0x55c3d3c45c20 [fd  45] Read Persist
  0x55c3d3c461b0 [fd  46] Read Persist
  0x55c3d3c46740 [fd  47] Read Persist
  0x55c3d3c46cd0 [fd  48] Read Persist
  0x55c3d3c474e0 [fd  49] Read Persist
  0x55c3d3c47900 [fd  50] Read Persist
  0x55c3d3c47b20 [fd  51] Read Persist
  0x55c3d3c47dd0 [fd  52] Read Persist
  0x55c3d3c48170 [fd  53] Read Persist
  0x55c3d3c48510 [fd  54] Read Persist
  0x55c3d3c488b0 [fd  55] Read Persist
  0x55c3d3c48c50 [fd  56] Read Persist
  0x55c3d3c48ff0 [fd  57] Read Persist
  0x55c3d3c49390 [fd  58] Read Persist
  0x55c3d3c49730 [fd  59] Read Persist
  0x55c3d3c49ad0 [fd  60] Read Persist
  0x55c3d3c49e70 [fd  61] Read Persist
  0x55c3d3c4a210 [fd  62] Read Persist
  0x55c3d3c4a5b0 [fd  63] Read Persist
  0x55c3d3c4a980 [fd  64] Read Persist
  0x55c3cb2be620 [fd  65] Read Persist
  0x55c3d3c4acf0 [fd  66] Read Persist
  0x55c3d3c4afa0 [fd  67] Read Persist
  0x55c3d3c4b2e0 [fd  68] Read Persist
  0x55c3d3c4b620 [fd  69] Read Persist
  0x55c3d3c4b9b0 [fd  70] Read Persist
  0x55c3d3c4be20 [fd  71] Read Persist
  0x55c3d3c4c2c0 [fd  72] Read Persist
  0x55c3d3c4c7e0 [fd  73] Read Persist
  0x55c3d3c4cc80 [fd  74] Read Persist
  0x55c3d3c4d120 [fd  75] Read Persist
  0x55c3d3c4d5c0 [fd  76] Read Persist
  0x55c3d3c4db10 [fd  77] Read Persist
  0x55c3d3c4dfd0 [fd  78] Read Persist
  0x55c3d3c4e490 [fd  79] Read Persist
  0x55c3d3c4e950 [fd  80] Read Persist
  0x55c3d3c4ee10 [fd  81] Read Persist
  0x55c3d3c4f2d0 [fd  82] Read Persist
  0x55c3d3c4f790 [fd  83] Read Persist
  0x55c3d3c4fd20 [fd  84] Read Persist
  0x55c3d3c502b0 [fd  85] Read Persist
  0x55c3d3c50840 [fd  86] Read Persist
  0x55c3d3c50dd0 [fd  87] Read Persist
  0x55c3d3c51360 [fd  88] Read Persist
  0x55c3d3c51950 [fd  89] Read Persist
  0x55c3d3c51ee0 [fd  90] Read Persist
  0x55c3d3c52ef0 [fd  91] Read Persist
  0x55c3d3c53480 [fd  92] Read Persist
  0x55c3d3c53a10 [fd  93] Read Persist
  0x55c3d3c53fa0 [fd  94] Read Persist
  0x55c3d3c54530 [fd  95] Read Persist
  0x55c3d3c54ac0 [fd  96] Read Persist
  0x55c3d3c55050 [fd  97] Read Persist
  0x55c3d3c555e0 [fd  98] Read Persist
  0x55c3d3c55b70 [fd  99] Read Persist
  0x55c3d3c56100 [fd  100] Read Persist
  0x55c3d3c56690 [fd  101] Read Persist
  0x55c3d3c56c20 [fd  102] Read Persist
  0x55c3d3c571b0 [fd  103] Read Persist
  0x55c3d3c575d0 [fd  104] Read Persist
  0x55c3d3c577f0 [fd  105] Read Persist
  0x55c3d3c57a10 [fd  106] Read Persist
  0x55c3d3c57db0 [fd  107] Read Persist
  0x55c3d3c58150 [fd  108] Read Persist
  0x55c3d3c584f0 [fd  109] Read Persist
  0x55c3d3c58890 [fd  110] Read Persist
  0x55c3d3c58c30 [fd  111] Read Persist
  0x55c3d3c58fd0 [fd  112] Read Persist
  0x55c3d3c59370 [fd  113] Read Persist
  0x55c3d3c59710 [fd  114] Read Persist
  0x55c3d3c59ab0 [fd  115] Read Persist
  0x55c3d3c59e50 [fd  116] Read Persist
  0x55c3d3c5a1f0 [fd  117] Read Persist
  0x55c3d3c5a590 [fd  118] Read Persist
  0x55c3d3c5a960 [fd  119] Read Persist
  0x55c3d3c5ad30 [fd  120] Read Persist
  0x55c3d3c5b100 [fd  121] Read Persist
  0x55c3d3c5b4d0 [fd  122] Read Persist
  0x55c3d3c5b8a0 [fd  123] Read Persist
  0x55c3d3c5bca0 [fd  124] Read Persist
  0x55c3d3c5c0a0 [fd  125] Read Persist
  0x55c3d3c5c4a0 [fd  126] Read Persist
  0x55c3d3c5c8a0 [fd  127] Read Persist
  0x55c3d3c79890 [fd  136] Read Persist
  0x55c3d3c79d10 [fd  137] Read Persist
  0x55c3d3c5cf70 [fd  -1] Timeout=1776081942.316761
Active events:
20260313-060541-5921 02392 * Cleanup         (server.cc:593):    Exporting stats to /mnt/extra/experiments/2026-04-13-06-04-25/out/server-0-4-0-stats-0.json.
