20250303-184940-2933 22587 * main            (benchmark.cc:397): Starting benchmark.
Session created: 0
last_service: , current_state: 0
Session continued: 0
last_service: , current_state: 0
Session destroyed: 18446744073709551615
last_service: , current_state: 0
20250303-184951-1356 22587 * WarmupDone      (bench_client.cc:687): Completed warmup period of 10 seconds with 854 requests
20250303-185012-1414 22587 * Finish          (bench_client.cc:885): Completed 3454 requests in 21.013002 seconds
20250303-185012-1415 22587 * Finish          (bench_client.cc:886): 1 outstanding transactions.
Session continued: 0
last_service: , current_state: 0
Session destroyed: 18446744073709551615
last_service: , current_state: 0
Session continued: 0
last_service: , current_state: 0
Session destroyed: 18446744073709551615
last_service: , current_state: 0
Session destroyed: 0
last_service: , current_state: 0
20250303-185020-1359 22587 * FlushStats      (benchmark.cc:842): Flushing stats to /mnt/extra/experiments/2025-04-03-18-49-31/out/client-0-0-6-stats-0.json.
20250303-185022-1417 22587 * Cleanup         (bench_client.cc:709): Aborting 0 outstanding transactions.
20250303-185022-1418 22587 * CooldownDone    (bench_client.cc:739): Finished cooldown period.
20250303-185022-1448 22587 * CooldownDone    (bench_client.cc:746): Median latency is 5822738 ns (5822 us)
20250303-185022-1450 22587 * CooldownDone    (bench_client.cc:755): Average latency is 6007460 ns (6007 us)
20250303-185022-1451 22587 * CooldownDone    (bench_client.cc:759): 90th percentile latency is 7654178 ns (7654 us)
20250303-185022-1452 22587 * CooldownDone    (bench_client.cc:763): 95th percentile latency is 7913962 ns (7913 us)
20250303-185022-1452 22587 * CooldownDone    (bench_client.cc:767): 99th percentile latency is 8772627 ns (8772 us)
20250303-185022-1453 22587 * LATENCY total: 3249 us 6007 us/4194 us 152 ms (3455 samples, 20 s total)
20250303-185022-1453 22587 *    2097 us |        254 | ====
20250303-185022-1454 22587 *    4194 us |       3145 | ==================================================
20250303-185022-1454 22587 *    8388 us |         53 | 
20250303-185022-1455 22587 *      16 ms |          0 |
20250303-185022-1455 22587 *      33 ms |          1 | 
20250303-185022-1455 22587 *      67 ms |          1 | 
20250303-185022-1456 22587 *     134 ms |          1 | 
Inserted events:
  0x5640f672f390 [fd  7] Read Persist Internal
  0x5640f6740560 [fd  9] Read Persist
Active events:
20250303-185022-1460 22587 * main            (benchmark.cc:802): Cleaning up after experiment.
20250303-185022-1461 22587 * FlushStats      (benchmark.cc:842): Flushing stats to /mnt/extra/experiments/2025-04-03-18-49-31/out/client-0-0-6-stats-0.json.
