20260216-145444-3149 12290 * main            (benchmark.cc:402): Starting benchmark.
20260216-145446-6413 12290 * main            (benchmark.cc:621): Creating a default paritioner!
20260216-145446-6416 12290 * Client          (client.cc:75):     Initializing StrongStore client with id [32]
20260216-145446-6417 12290 * BenchmarkClient (bench_client.cc:81): starting benchclient, issueConcurrent: 0; fanout: 1
Session created: 0
last_service: , current_state: 0
Session continued: 0
last_service: , current_state: 0
Session destroyed: 18446744073709551615
last_service: , current_state: 0
20260216-145451-8340 12290 * WarmupDone      (bench_client.cc:726): Completed warmup period of 5 seconds with 2173 requests
20260216-145502-8342 12290 * Finish          (bench_client.cc:920): Completed 4844 requests in 11.002032 seconds
20260216-145502-8343 12290 * Finish          (bench_client.cc:921): 1 outstanding transactions.
Session continued: 0
last_service: , current_state: 0
Session destroyed: 18446744073709551615
last_service: , current_state: 0
Session continued: 0
last_service: , current_state: 0
Session destroyed: 18446744073709551615
last_service: , current_state: 0
Session destroyed: 0
last_service: , current_state: 0
20260216-145505-8342 12290 * FlushStats      (benchmark.cc:890): Flushing stats to /mnt/extra/experiments/2026-03-16-14-54-20/out/client-0-0-32-stats-0.json.
20260216-145505-8344 12290 * FlushStats      (benchmark.cc:902): All done!
20260216-145507-8356 12290 * Cleanup         (bench_client.cc:748): Aborting 0 outstanding transactions.
20260216-145507-8357 12290 * CooldownDone    (bench_client.cc:778): Finished cooldown period.
20260216-145507-8385 12290 * CooldownDone    (bench_client.cc:785): Median latency is 2281634 ns (2281 us)
20260216-145507-8387 12290 * CooldownDone    (bench_client.cc:794): Average latency is 2234327 ns (2234 us)
20260216-145507-8387 12290 * CooldownDone    (bench_client.cc:798): 90th percentile latency is 2700634 ns (2700 us)
20260216-145507-8387 12290 * CooldownDone    (bench_client.cc:802): 95th percentile latency is 2812925 ns (2812 us)
20260216-145507-8388 12290 * CooldownDone    (bench_client.cc:806): 99th percentile latency is 3078822 ns (3078 us)
20260216-145507-8388 12290 * LATENCY total: 737 us 2234 us/2097 us 29 ms (4845 samples, 10 s total)
20260216-145507-8388 12290 *     524 us |         26 | 
20260216-145507-8389 12290 *    1048 us |       1442 | =====================
20260216-145507-8389 12290 *    2097 us |       3368 | ==================================================
20260216-145507-8389 12290 *    4194 us |          6 | 
20260216-145507-8389 12290 *    8388 us |          2 | 
20260216-145507-8390 12290 *      16 ms |          1 | 
20260216-145507-8391 12290 * Stop            (tcptransport.cc:581): [TCP SUMMARY] outgoingCreated=1 outgoingClosed=0 incomingCreated=0 incomingClosed=0 outgoingPeak=1 incomingPeak=0
Inserted events:
  0x55ae785adf60 [fd  7] Read Persist Internal
  0x55ae785c4510 [fd  9] Read Persist
Active events:
20260216-145507-8393 12290 * main            (benchmark.cc:849): Cleaning up after experiment.
20260216-145507-8393 12290 * FlushStats      (benchmark.cc:890): Flushing stats to /mnt/extra/experiments/2026-03-16-14-54-20/out/client-0-0-32-stats-0.json.
20260216-145507-8395 12290 * FlushStats      (benchmark.cc:902): All done!
