20260216-145444-3028 12247 * main            (benchmark.cc:402): Starting benchmark.
20260216-145446-6905 12247 * main            (benchmark.cc:621): Creating a default paritioner!
20260216-145446-6907 12247 * Client          (client.cc:75):     Initializing StrongStore client with id [10]
20260216-145446-6907 12247 * BenchmarkClient (bench_client.cc:81): starting benchclient, issueConcurrent: 0; fanout: 1
Session created: 0
last_service: , current_state: 0
Session continued: 0
last_service: , current_state: 0
Session destroyed: 18446744073709551615
last_service: , current_state: 0
20260216-145451-8797 12247 * WarmupDone      (bench_client.cc:726): Completed warmup period of 5 seconds with 2099 requests
20260216-145502-8800 12247 * Finish          (bench_client.cc:920): Completed 4719 requests in 11.000340 seconds
20260216-145502-8801 12247 * Finish          (bench_client.cc:921): 1 outstanding transactions.
Session continued: 0
last_service: , current_state: 0
Session destroyed: 18446744073709551615
last_service: , current_state: 0
Session continued: 0
last_service: , current_state: 0
Session destroyed: 18446744073709551615
last_service: , current_state: 0
Session destroyed: 0
last_service: , current_state: 0
20260216-145505-8798 12247 * FlushStats      (benchmark.cc:890): Flushing stats to /mnt/extra/experiments/2026-03-16-14-54-20/out/client-0-0-10-stats-0.json.
20260216-145505-8800 12247 * FlushStats      (benchmark.cc:902): All done!
20260216-145507-8803 12247 * Cleanup         (bench_client.cc:748): Aborting 0 outstanding transactions.
20260216-145507-8804 12247 * CooldownDone    (bench_client.cc:778): Finished cooldown period.
20260216-145507-8819 12247 * CooldownDone    (bench_client.cc:785): Median latency is 2331339 ns (2331 us)
20260216-145507-8820 12247 * CooldownDone    (bench_client.cc:794): Average latency is 2292066 ns (2292 us)
20260216-145507-8820 12247 * CooldownDone    (bench_client.cc:798): 90th percentile latency is 2741903 ns (2741 us)
20260216-145507-8821 12247 * CooldownDone    (bench_client.cc:802): 95th percentile latency is 2866602 ns (2866 us)
20260216-145507-8821 12247 * CooldownDone    (bench_client.cc:806): 99th percentile latency is 3115031 ns (3115 us)
20260216-145507-8821 12247 * LATENCY total: 452 us 2292 us/2097 us 31 ms (4720 samples, 10 s total)
20260216-145507-8821 12247 *     262 us |          4 | 
20260216-145507-8821 12247 *     524 us |          8 | 
20260216-145507-8822 12247 *    1048 us |       1177 | ================
20260216-145507-8822 12247 *    2097 us |       3523 | ==================================================
20260216-145507-8822 12247 *    4194 us |          6 | 
20260216-145507-8822 12247 *    8388 us |          1 | 
20260216-145507-8822 12247 *      16 ms |          1 | 
20260216-145507-9240 12247 * Stop            (tcptransport.cc:581): [TCP SUMMARY] outgoingCreated=1 outgoingClosed=0 incomingCreated=0 incomingClosed=0 outgoingPeak=1 incomingPeak=0
Inserted events:
  0x55dd8c8cef60 [fd  7] Read Persist Internal
  0x55dd8c8e5510 [fd  9] Read Persist
Active events:
20260216-145507-9241 12247 * main            (benchmark.cc:849): Cleaning up after experiment.
20260216-145507-9241 12247 * FlushStats      (benchmark.cc:890): Flushing stats to /mnt/extra/experiments/2026-03-16-14-54-20/out/client-0-0-10-stats-0.json.
20260216-145507-9243 12247 * FlushStats      (benchmark.cc:902): All done!
