20250304-125318-6473 01156 * main            (benchmark.cc:397): Starting benchmark.
Session created: 0
last_service: , current_state: 0
Session continued: 0
last_service: , current_state: 0
Session destroyed: 18446744073709551615
last_service: , current_state: 0
20250304-125329-5069 01156 * WarmupDone      (bench_client.cc:719): Completed warmup period of 10 seconds with 1508 requests
20250304-125350-5079 01156 * Finish          (bench_client.cc:917): Completed 10264 requests in 21.002205 seconds
20250304-125350-5080 01156 * Finish          (bench_client.cc:918): 1 outstanding transactions.
Session continued: 0
last_service: spanner-0-1804289383, current_state: 2
Session destroyed: 18446744073709551615
last_service: , current_state: 0
Session continued: 0
last_service: spanner-0-1804289383, current_state: 2
Session destroyed: 18446744073709551615
last_service: , current_state: 0
Session destroyed: 0
last_service: spanner-0-1804289383, current_state: 2
20250304-125358-5072 01156 * FlushStats      (benchmark.cc:843): Flushing stats to /mnt/extra/experiments/2025-04-04-12-53-09/out/client-0-0-0-stats-0.json.
20250304-125400-5134 01156 * Cleanup         (bench_client.cc:741): Aborting 0 outstanding transactions.
20250304-125400-5135 01156 * CooldownDone    (bench_client.cc:771): Finished cooldown period.
20250304-125400-5237 01156 * CooldownDone    (bench_client.cc:778): Median latency is 1800643 ns (1800 us)
20250304-125400-5241 01156 * CooldownDone    (bench_client.cc:787): Average latency is 1982296 ns (1982 us)
20250304-125400-5242 01156 * CooldownDone    (bench_client.cc:791): 90th percentile latency is 2743473 ns (2743 us)
20250304-125400-5242 01156 * CooldownDone    (bench_client.cc:795): 95th percentile latency is 2869612 ns (2869 us)
20250304-125400-5243 01156 * CooldownDone    (bench_client.cc:799): 99th percentile latency is 3114976 ns (3114 us)
20250304-125400-5243 01156 * LATENCY total: 1064 us 1982 us/1048 us 34 ms (10265 samples, 20 s total)
20250304-125400-5244 01156 *    1048 us |       7686 | ==================================================
20250304-125400-5244 01156 *    2097 us |       2570 | ================
20250304-125400-5244 01156 *    4194 us |          4 | 
20250304-125400-5245 01156 *    8388 us |          3 | 
20250304-125400-5245 01156 *      16 ms |          1 | 
20250304-125400-5246 01156 *      33 ms |          1 | 
Inserted events:
  0x5633b4f50390 [fd  7] Read Persist Internal
  0x5633b4f61ee0 [fd  9] Read Persist
Active events:
20250304-125400-5251 01156 * main            (benchmark.cc:803): Cleaning up after experiment.
20250304-125400-5252 01156 * FlushStats      (benchmark.cc:843): Flushing stats to /mnt/extra/experiments/2025-04-04-12-53-09/out/client-0-0-0-stats-0.json.
