20260217-120435-2669 34003 * main            (benchmark.cc:402): Starting benchmark.
20260217-120436-9981 34003 * main            (benchmark.cc:621): Creating a default paritioner!
20260217-120436-9983 34003 * Client          (client.cc:77):     Initializing StrongStore client with id [47]
20260217-120436-9983 34003 * BenchmarkClient (bench_client.cc:81): starting benchclient, issueConcurrent: 0; fanout: 1
Session created: 0
last_service: , current_state: 0
Session continued: 0
last_service: , current_state: 0
Session destroyed: 18446744073709551615
last_service: , current_state: 0
20260217-120442-2333 34003 * WarmupDone      (bench_client.cc:739): Completed warmup period of 5 seconds with 2926 requests
20260217-120513-2333 34003 * Finish          (bench_client.cc:933): Completed 18042 requests in 31.000725 seconds
20260217-120513-2333 34003 * Finish          (bench_client.cc:934): 1 outstanding transactions.
Session continued: 0
last_service: , current_state: 0
Session destroyed: 18446744073709551615
last_service: , current_state: 0
Session continued: 0
last_service: , current_state: 0
Session destroyed: 18446744073709551615
last_service: , current_state: 0
Session destroyed: 0
last_service: , current_state: 0
20260217-120516-2334 34003 * FlushStats      (benchmark.cc:890): Flushing stats to /mnt/extra/experiments/2026-03-17-12-04-11/out/client-0-0-47-stats-0.json.
20260217-120516-2336 34003 * FlushStats      (benchmark.cc:902): All done!
20260217-120518-2335 34003 * Cleanup         (bench_client.cc:761): Aborting 0 outstanding transactions.
20260217-120518-2336 34003 * CooldownDone    (bench_client.cc:791): Finished cooldown period.
20260217-120518-2432 34003 * CooldownDone    (bench_client.cc:798): Median latency is 1681974 ns (1681 us)
20260217-120518-2434 34003 * CooldownDone    (bench_client.cc:807): Average latency is 1676413 ns (1676 us)
20260217-120518-2434 34003 * CooldownDone    (bench_client.cc:811): 90th percentile latency is 1972669 ns (1972 us)
20260217-120518-2434 34003 * CooldownDone    (bench_client.cc:815): 95th percentile latency is 2062547 ns (2062 us)
20260217-120518-2435 34003 * CooldownDone    (bench_client.cc:819): 99th percentile latency is 2252146 ns (2252 us)
20260217-120518-2435 34003 * LATENCY total: 516 us 1676 us/1048 us 8372 us (18043 samples, 30 s total)
20260217-120518-2435 34003 *     262 us |          1 | 
20260217-120518-2435 34003 *     524 us |        112 | 
20260217-120518-2435 34003 *    1048 us |      17263 | ==================================================
20260217-120518-2435 34003 *    2097 us |        657 | =
20260217-120518-2435 34003 *    4194 us |         10 | 
20260217-120518-2538 34003 * Stop            (tcptransport.cc:581): [TCP SUMMARY] outgoingCreated=1 outgoingClosed=0 incomingCreated=0 incomingClosed=0 outgoingPeak=1 incomingPeak=0
Inserted events:
  0x557ec663af60 [fd  7] Read Persist Internal
  0x557ec6651510 [fd  9] Read Persist
Active events:
20260217-120518-2539 34003 * main            (benchmark.cc:849): Cleaning up after experiment.
20260217-120518-2539 34003 * FlushStats      (benchmark.cc:890): Flushing stats to /mnt/extra/experiments/2026-03-17-12-04-11/out/client-0-0-47-stats-0.json.
20260217-120518-2541 34003 * FlushStats      (benchmark.cc:902): All done!
