20260217-154538-7052 05573 * main            (server.cc:213):    Starting server.
20260217-154538-7056 05573 * main            (server.cc:331):    Creating a default paritioner!
20260217-154550-7366 05573 * main            (server.cc:490):    Done loading server.
20260217-154643-8820 05573 ! TCPIncomingEventCallback (tcptransport.cc:936): [TCP INCOMING 3] EOF, lifetime=41014.75 ms
20260217-154643-9163 05573 ! TCPIncomingEventCallback (tcptransport.cc:936): [TCP INCOMING 8] EOF, lifetime=41026.48 ms
20260217-154643-9238 05573 ! TCPIncomingEventCallback (tcptransport.cc:936): [TCP INCOMING 9] EOF, lifetime=41027.73 ms
20260217-154643-9240 05573 ! TCPIncomingEventCallback (tcptransport.cc:936): [TCP INCOMING 16] EOF, lifetime=41018.21 ms
20260217-154643-9243 05573 ! TCPIncomingEventCallback (tcptransport.cc:936): [TCP INCOMING 10] EOF, lifetime=41023.61 ms
20260217-154643-9245 05573 ! TCPIncomingEventCallback (tcptransport.cc:936): [TCP INCOMING 23] EOF, lifetime=41014.53 ms
20260217-154643-9269 05573 ! TCPIncomingEventCallback (tcptransport.cc:936): [TCP INCOMING 33] EOF, lifetime=41008.70 ms
20260217-154643-9271 05573 ! TCPIncomingEventCallback (tcptransport.cc:936): [TCP INCOMING 28] EOF, lifetime=41014.40 ms
20260217-154643-9304 05573 ! TCPIncomingEventCallback (tcptransport.cc:936): [TCP INCOMING 11] EOF, lifetime=41029.60 ms
20260217-154643-9322 05573 ! TCPIncomingEventCallback (tcptransport.cc:936): [TCP INCOMING 13] EOF, lifetime=41029.18 ms
20260217-154643-9331 05573 ! TCPIncomingEventCallback (tcptransport.cc:936): [TCP INCOMING 18] EOF, lifetime=41026.23 ms
20260217-154643-9340 05573 ! TCPIncomingEventCallback (tcptransport.cc:936): [TCP INCOMING 22] EOF, lifetime=41025.38 ms
20260217-154643-9346 05573 ! TCPIncomingEventCallback (tcptransport.cc:936): [TCP INCOMING 19] EOF, lifetime=41027.00 ms
20260217-154643-9381 05573 ! TCPIncomingEventCallback (tcptransport.cc:936): [TCP INCOMING 17] EOF, lifetime=41032.08 ms
20260217-154643-9476 05573 ! TCPIncomingEventCallback (tcptransport.cc:936): [TCP INCOMING 12] EOF, lifetime=41045.36 ms
20260217-154643-9477 05573 ! TCPIncomingEventCallback (tcptransport.cc:936): [TCP INCOMING 15] EOF, lifetime=41041.96 ms
20260217-154643-9479 05573 ! TCPIncomingEventCallback (tcptransport.cc:936): [TCP INCOMING 24] EOF, lifetime=41037.45 ms
20260217-154643-9481 05573 ! TCPIncomingEventCallback (tcptransport.cc:936): [TCP INCOMING 21] EOF, lifetime=41039.82 ms
20260217-154643-9488 05573 ! TCPIncomingEventCallback (tcptransport.cc:936): [TCP INCOMING 35] EOF, lifetime=41025.26 ms
20260217-154643-9489 05573 ! TCPIncomingEventCallback (tcptransport.cc:936): [TCP INCOMING 26] EOF, lifetime=41037.26 ms
20260217-154643-9490 05573 ! TCPIncomingEventCallback (tcptransport.cc:936): [TCP INCOMING 25] EOF, lifetime=41038.07 ms
20260217-154643-9627 05573 ! TCPIncomingEventCallback (tcptransport.cc:936): [TCP INCOMING 20] EOF, lifetime=41054.79 ms
20260217-154643-9632 05573 ! TCPIncomingEventCallback (tcptransport.cc:936): [TCP INCOMING 37] EOF, lifetime=41036.78 ms
20260217-154643-9635 05573 ! TCPIncomingEventCallback (tcptransport.cc:936): [TCP INCOMING 31] EOF, lifetime=41048.27 ms
20260217-154643-9637 05573 ! TCPIncomingEventCallback (tcptransport.cc:936): [TCP INCOMING 32] EOF, lifetime=41048.25 ms
20260217-154643-9645 05573 ! TCPIncomingEventCallback (tcptransport.cc:936): [TCP INCOMING 14] EOF, lifetime=41060.52 ms
20260217-154643-9649 05573 ! TCPIncomingEventCallback (tcptransport.cc:936): [TCP INCOMING 36] EOF, lifetime=41039.74 ms
20260217-154643-9656 05573 ! TCPIncomingEventCallback (tcptransport.cc:936): [TCP INCOMING 29] EOF, lifetime=41052.58 ms
20260217-154643-9789 05573 ! TCPIncomingEventCallback (tcptransport.cc:936): [TCP INCOMING 27] EOF, lifetime=41066.85 ms
20260217-154643-9790 05573 ! TCPIncomingEventCallback (tcptransport.cc:936): [TCP INCOMING 30] EOF, lifetime=41065.77 ms
20260217-154643-9790 05573 ! TCPIncomingEventCallback (tcptransport.cc:936): [TCP INCOMING 34] EOF, lifetime=41059.05 ms
20260217-154643-9796 05573 ! TCPIncomingEventCallback (tcptransport.cc:936): [TCP INCOMING 38] EOF, lifetime=41050.47 ms
20260217-154650-5445 05573 * Cleanup         (server.cc:548):    Gracefully exiting after signal 15.
20260217-154650-5447 05573 * Stop            (tcptransport.cc:581): [TCP SUMMARY] outgoingCreated=3 outgoingClosed=0 incomingCreated=35 incomingClosed=32 outgoingPeak=4 incomingPeak=32
Inserted events:
  0x555aa8cbb2f0 [fd  9] Read Persist Internal
  0x555aa8cb6420 [fd  10] Read Persist
  0x555aa8cb8a20 [fd  11] Read Persist
  0x555afea35760 [fd  12] Read Persist
  0x555afea35fa0 [fd  13] Read Persist
  0x555afea377d0 [fd  15] Read Persist
  0x555afea49260 [fd  16] Read Persist
  0x555afea36c30 [fd  17] Read Persist
  0x555afea63550 [fd  18] Read Persist
  0x555afea38ed0 [fd  -1] Timeout=1773784010.931733
Active events:
20260217-154650-5449 05573 * Cleanup         (server.cc:552):    Exporting stats to /mnt/extra/experiments/2026-03-17-15-45-36/out/server-0-0-0-stats-0.json.
