20260217-154927-2311 05838 * main            (server.cc:213):    Starting server.
20260217-154927-2316 05838 * main            (server.cc:331):    Creating a default paritioner!
20260217-154939-3977 05838 * main            (server.cc:490):    Done loading server.
20260217-155040-0741 05838 ! TCPIncomingEventCallback (tcptransport.cc:936): [TCP INCOMING 8] EOF, lifetime=40980.54 ms
20260217-155040-0852 05838 ! TCPIncomingEventCallback (tcptransport.cc:936): [TCP INCOMING 3] EOF, lifetime=41007.91 ms
20260217-155040-1367 05838 ! TCPIncomingEventCallback (tcptransport.cc:936): [TCP INCOMING 9] EOF, lifetime=41010.05 ms
20260217-155040-1431 05838 ! TCPIncomingEventCallback (tcptransport.cc:936): [TCP INCOMING 14] EOF, lifetime=40977.50 ms
20260217-155040-1502 05838 ! TCPIncomingEventCallback (tcptransport.cc:936): [TCP INCOMING 12] EOF, lifetime=40988.69 ms
20260217-155040-1504 05838 ! TCPIncomingEventCallback (tcptransport.cc:936): [TCP INCOMING 10] EOF, lifetime=41017.29 ms
20260217-155040-1512 05838 ! TCPIncomingEventCallback (tcptransport.cc:936): [TCP INCOMING 13] EOF, lifetime=40989.57 ms
20260217-155040-1513 05838 ! TCPIncomingEventCallback (tcptransport.cc:936): [TCP INCOMING 11] EOF, lifetime=41018.24 ms
20260217-155040-1566 05838 ! TCPIncomingEventCallback (tcptransport.cc:936): [TCP INCOMING 19] EOF, lifetime=40983.03 ms
20260217-155040-1568 05838 ! TCPIncomingEventCallback (tcptransport.cc:936): [TCP INCOMING 22] EOF, lifetime=40979.07 ms
20260217-155040-1570 05838 ! TCPIncomingEventCallback (tcptransport.cc:936): [TCP INCOMING 24] EOF, lifetime=40978.92 ms
20260217-155040-1576 05838 ! TCPIncomingEventCallback (tcptransport.cc:936): [TCP INCOMING 25] EOF, lifetime=40979.12 ms
20260217-155040-1595 05838 ! TCPIncomingEventCallback (tcptransport.cc:936): [TCP INCOMING 27] EOF, lifetime=40978.17 ms
20260217-155040-1678 05838 ! TCPIncomingEventCallback (tcptransport.cc:936): [TCP INCOMING 37] EOF, lifetime=40981.36 ms
20260217-155040-1681 05838 ! TCPIncomingEventCallback (tcptransport.cc:936): [TCP INCOMING 32] EOF, lifetime=40983.50 ms
20260217-155040-1708 05838 ! TCPIncomingEventCallback (tcptransport.cc:936): [TCP INCOMING 40] EOF, lifetime=40980.43 ms
20260217-155040-1742 05838 ! TCPIncomingEventCallback (tcptransport.cc:936): [TCP INCOMING 16] EOF, lifetime=41004.71 ms
20260217-155040-1748 05838 ! TCPIncomingEventCallback (tcptransport.cc:936): [TCP INCOMING 42] EOF, lifetime=40979.82 ms
20260217-155040-1749 05838 ! TCPIncomingEventCallback (tcptransport.cc:936): [TCP INCOMING 15] EOF, lifetime=41007.76 ms
20260217-155040-1750 05838 ! TCPIncomingEventCallback (tcptransport.cc:936): [TCP INCOMING 39] EOF, lifetime=40984.79 ms
20260217-155040-1787 05838 ! TCPIncomingEventCallback (tcptransport.cc:936): [TCP INCOMING 23] EOF, lifetime=41000.88 ms
20260217-155040-1815 05838 ! TCPIncomingEventCallback (tcptransport.cc:936): [TCP INCOMING 20] EOF, lifetime=41006.19 ms
20260217-155040-1816 05838 ! TCPIncomingEventCallback (tcptransport.cc:936): [TCP INCOMING 21] EOF, lifetime=41005.71 ms
20260217-155040-1817 05838 ! TCPIncomingEventCallback (tcptransport.cc:936): [TCP INCOMING 18] EOF, lifetime=41008.64 ms
20260217-155040-1818 05838 ! TCPIncomingEventCallback (tcptransport.cc:936): [TCP INCOMING 17] EOF, lifetime=41012.26 ms
20260217-155040-1865 05838 ! TCPIncomingEventCallback (tcptransport.cc:936): [TCP INCOMING 26] EOF, lifetime=41007.54 ms
20260217-155040-1908 05838 ! TCPIncomingEventCallback (tcptransport.cc:936): [TCP INCOMING 28] EOF, lifetime=41007.62 ms
20260217-155040-1922 05838 ! TCPIncomingEventCallback (tcptransport.cc:936): [TCP INCOMING 34] EOF, lifetime=41006.35 ms
20260217-155040-1923 05838 ! TCPIncomingEventCallback (tcptransport.cc:936): [TCP INCOMING 36] EOF, lifetime=41006.30 ms
20260217-155040-1927 05838 ! TCPIncomingEventCallback (tcptransport.cc:936): [TCP INCOMING 30] EOF, lifetime=41008.43 ms
20260217-155040-1934 05838 ! TCPIncomingEventCallback (tcptransport.cc:936): [TCP INCOMING 33] EOF, lifetime=41008.04 ms
20260217-155040-1936 05838 ! TCPIncomingEventCallback (tcptransport.cc:936): [TCP INCOMING 57] EOF, lifetime=40983.50 ms
20260217-155040-1961 05838 ! TCPIncomingEventCallback (tcptransport.cc:936): [TCP INCOMING 31] EOF, lifetime=41011.68 ms
20260217-155040-1983 05838 ! TCPIncomingEventCallback (tcptransport.cc:936): [TCP INCOMING 35] EOF, lifetime=41012.33 ms
20260217-155040-2004 05838 ! TCPIncomingEventCallback (tcptransport.cc:936): [TCP INCOMING 41] EOF, lifetime=41009.04 ms
20260217-155040-2025 05838 ! TCPIncomingEventCallback (tcptransport.cc:936): [TCP INCOMING 43] EOF, lifetime=41004.40 ms
20260217-155040-2026 05838 ! TCPIncomingEventCallback (tcptransport.cc:936): [TCP INCOMING 38] EOF, lifetime=41014.14 ms
20260217-155040-2062 05838 ! TCPIncomingEventCallback (tcptransport.cc:936): [TCP INCOMING 29] EOF, lifetime=41022.85 ms
20260217-155040-2096 05838 ! TCPIncomingEventCallback (tcptransport.cc:936): [TCP INCOMING 44] EOF, lifetime=41011.17 ms
20260217-155040-2105 05838 ! TCPIncomingEventCallback (tcptransport.cc:936): [TCP INCOMING 48] EOF, lifetime=41006.29 ms
20260217-155040-2109 05838 ! TCPIncomingEventCallback (tcptransport.cc:936): [TCP INCOMING 64] EOF, lifetime=40997.21 ms
20260217-155040-2110 05838 ! TCPIncomingEventCallback (tcptransport.cc:936): [TCP INCOMING 49] EOF, lifetime=41006.77 ms
20260217-155040-2111 05838 ! TCPIncomingEventCallback (tcptransport.cc:936): [TCP INCOMING 51] EOF, lifetime=41005.94 ms
20260217-155040-2125 05838 ! TCPIncomingEventCallback (tcptransport.cc:936): [TCP INCOMING 46] EOF, lifetime=41010.50 ms
20260217-155040-2129 05838 ! TCPIncomingEventCallback (tcptransport.cc:936): [TCP INCOMING 53] EOF, lifetime=41004.22 ms
20260217-155040-2155 05838 ! TCPIncomingEventCallback (tcptransport.cc:936): [TCP INCOMING 56] EOF, lifetime=41005.43 ms
20260217-155040-2156 05838 ! TCPIncomingEventCallback (tcptransport.cc:936): [TCP INCOMING 52] EOF, lifetime=41007.68 ms
20260217-155040-2161 05838 ! TCPIncomingEventCallback (tcptransport.cc:936): [TCP INCOMING 55] EOF, lifetime=41006.45 ms
20260217-155040-2162 05838 ! TCPIncomingEventCallback (tcptransport.cc:936): [TCP INCOMING 47] EOF, lifetime=41012.65 ms
20260217-155040-2163 05838 ! TCPIncomingEventCallback (tcptransport.cc:936): [TCP INCOMING 54] EOF, lifetime=41007.02 ms
20260217-155040-2175 05838 ! TCPIncomingEventCallback (tcptransport.cc:936): [TCP INCOMING 79] EOF, lifetime=40989.62 ms
20260217-155040-2179 05838 ! TCPIncomingEventCallback (tcptransport.cc:936): [TCP INCOMING 45] EOF, lifetime=41018.49 ms
20260217-155040-2190 05838 ! TCPIncomingEventCallback (tcptransport.cc:936): [TCP INCOMING 65] EOF, lifetime=41004.74 ms
20260217-155040-2252 05838 ! TCPIncomingEventCallback (tcptransport.cc:936): [TCP INCOMING 50] EOF, lifetime=41020.34 ms
20260217-155040-2341 05838 ! TCPIncomingEventCallback (tcptransport.cc:936): [TCP INCOMING 60] EOF, lifetime=41022.88 ms
20260217-155040-2361 05838 ! TCPIncomingEventCallback (tcptransport.cc:936): [TCP INCOMING 66] EOF, lifetime=41019.86 ms
20260217-155040-2376 05838 ! TCPIncomingEventCallback (tcptransport.cc:936): [TCP INCOMING 95] EOF, lifetime=41003.41 ms
20260217-155040-2382 05838 ! TCPIncomingEventCallback (tcptransport.cc:936): [TCP INCOMING 90] EOF, lifetime=41005.94 ms
20260217-155040-2393 05838 ! TCPIncomingEventCallback (tcptransport.cc:936): [TCP INCOMING 84] EOF, lifetime=41008.69 ms
20260217-155040-2395 05838 ! TCPIncomingEventCallback (tcptransport.cc:936): [TCP INCOMING 83] EOF, lifetime=41009.23 ms
20260217-155040-2450 05838 ! TCPIncomingEventCallback (tcptransport.cc:936): [TCP INCOMING 106] EOF, lifetime=41005.58 ms
20260217-155040-2455 05838 ! TCPIncomingEventCallback (tcptransport.cc:936): [TCP INCOMING 101] EOF, lifetime=41007.88 ms
20260217-155040-2469 05838 ! TCPIncomingEventCallback (tcptransport.cc:936): [TCP INCOMING 114] EOF, lifetime=41003.84 ms
20260217-155040-2470 05838 ! TCPIncomingEventCallback (tcptransport.cc:936): [TCP INCOMING 113] EOF, lifetime=41004.36 ms
20260217-155040-2476 05838 ! TCPIncomingEventCallback (tcptransport.cc:936): [TCP INCOMING 120] EOF, lifetime=40999.65 ms
20260217-155040-2487 05838 ! TCPIncomingEventCallback (tcptransport.cc:936): [TCP INCOMING 102] EOF, lifetime=41010.66 ms
20260217-155040-2493 05838 ! TCPIncomingEventCallback (tcptransport.cc:936): [TCP INCOMING 118] EOF, lifetime=41004.35 ms
20260217-155040-2496 05838 ! TCPIncomingEventCallback (tcptransport.cc:936): [TCP INCOMING 93] EOF, lifetime=41016.37 ms
20260217-155040-2513 05838 ! TCPIncomingEventCallback (tcptransport.cc:936): [TCP INCOMING 115] EOF, lifetime=41007.57 ms
20260217-155040-2517 05838 ! TCPIncomingEventCallback (tcptransport.cc:936): [TCP INCOMING 119] EOF, lifetime=41004.34 ms
20260217-155040-2518 05838 ! TCPIncomingEventCallback (tcptransport.cc:936): [TCP INCOMING 122] EOF, lifetime=41002.62 ms
20260217-155040-2577 05838 ! TCPIncomingEventCallback (tcptransport.cc:936): [TCP INCOMING 104] EOF, lifetime=41018.66 ms
20260217-155040-2590 05838 ! TCPIncomingEventCallback (tcptransport.cc:936): [TCP INCOMING 89] EOF, lifetime=41027.12 ms
20260217-155040-2591 05838 ! TCPIncomingEventCallback (tcptransport.cc:936): [TCP INCOMING 116] EOF, lifetime=41015.05 ms
20260217-155040-2604 05838 ! TCPIncomingEventCallback (tcptransport.cc:936): [TCP INCOMING 71] EOF, lifetime=41040.28 ms
20260217-155040-2606 05838 ! TCPIncomingEventCallback (tcptransport.cc:936): [TCP INCOMING 128] EOF, lifetime=41004.07 ms
20260217-155040-2615 05838 ! TCPIncomingEventCallback (tcptransport.cc:936): [TCP INCOMING 97] EOF, lifetime=41026.53 ms
20260217-155040-2638 05838 ! TCPIncomingEventCallback (tcptransport.cc:936): [TCP INCOMING 99] EOF, lifetime=41028.01 ms
20260217-155040-2654 05838 ! TCPIncomingEventCallback (tcptransport.cc:936): [TCP INCOMING 98] EOF, lifetime=41029.62 ms
20260217-155040-2680 05838 ! TCPIncomingEventCallback (tcptransport.cc:936): [TCP INCOMING 111] EOF, lifetime=41026.14 ms
20260217-155040-2681 05838 ! TCPIncomingEventCallback (tcptransport.cc:936): [TCP INCOMING 112] EOF, lifetime=41025.80 ms
20260217-155040-2706 05838 ! TCPIncomingEventCallback (tcptransport.cc:936): [TCP INCOMING 85] EOF, lifetime=41039.63 ms
20260217-155040-2710 05838 ! TCPIncomingEventCallback (tcptransport.cc:936): [TCP INCOMING 86] EOF, lifetime=41039.54 ms
20260217-155040-2711 05838 ! TCPIncomingEventCallback (tcptransport.cc:936): [TCP INCOMING 62] EOF, lifetime=41058.88 ms
20260217-155040-2728 05838 ! TCPIncomingEventCallback (tcptransport.cc:936): [TCP INCOMING 126] EOF, lifetime=41020.37 ms
20260217-155040-2739 05838 ! TCPIncomingEventCallback (tcptransport.cc:936): [TCP INCOMING 110] EOF, lifetime=41033.79 ms
20260217-155040-2745 05838 ! TCPIncomingEventCallback (tcptransport.cc:936): [TCP INCOMING 68] EOF, lifetime=41056.71 ms
20260217-155040-2746 05838 ! TCPIncomingEventCallback (tcptransport.cc:936): [TCP INCOMING 74] EOF, lifetime=41051.63 ms
20260217-155040-2765 05838 ! TCPIncomingEventCallback (tcptransport.cc:936): [TCP INCOMING 92] EOF, lifetime=41044.18 ms
20260217-155040-2784 05838 ! TCPIncomingEventCallback (tcptransport.cc:936): [TCP INCOMING 58] EOF, lifetime=41068.07 ms
20260217-155040-2821 05838 ! TCPIncomingEventCallback (tcptransport.cc:936): [TCP INCOMING 88] EOF, lifetime=41050.23 ms
20260217-155040-2904 05838 ! TCPIncomingEventCallback (tcptransport.cc:936): [TCP INCOMING 59] EOF, lifetime=41079.24 ms
20260217-155040-2906 05838 ! TCPIncomingEventCallback (tcptransport.cc:936): [TCP INCOMING 109] EOF, lifetime=41050.79 ms
20260217-155040-2906 05838 ! TCPIncomingEventCallback (tcptransport.cc:936): [TCP INCOMING 75] EOF, lifetime=41066.21 ms
20260217-155040-2908 05838 ! TCPIncomingEventCallback (tcptransport.cc:936): [TCP INCOMING 63] EOF, lifetime=41078.49 ms
20260217-155040-2919 05838 ! TCPIncomingEventCallback (tcptransport.cc:936): [TCP INCOMING 70] EOF, lifetime=41073.37 ms
20260217-155040-2920 05838 ! TCPIncomingEventCallback (tcptransport.cc:936): [TCP INCOMING 78] EOF, lifetime=41064.33 ms
20260217-155040-2939 05838 ! TCPIncomingEventCallback (tcptransport.cc:936): [TCP INCOMING 61] EOF, lifetime=41081.94 ms
20260217-155040-2982 05838 ! TCPIncomingEventCallback (tcptransport.cc:936): [TCP INCOMING 76] EOF, lifetime=41072.67 ms
20260217-155040-2983 05838 ! TCPIncomingEventCallback (tcptransport.cc:936): [TCP INCOMING 73] EOF, lifetime=41076.33 ms
20260217-155040-2984 05838 ! TCPIncomingEventCallback (tcptransport.cc:936): [TCP INCOMING 77] EOF, lifetime=41070.76 ms
20260217-155040-2986 05838 ! TCPIncomingEventCallback (tcptransport.cc:936): [TCP INCOMING 81] EOF, lifetime=41069.44 ms
20260217-155040-2986 05838 ! TCPIncomingEventCallback (tcptransport.cc:936): [TCP INCOMING 87] EOF, lifetime=41067.00 ms
20260217-155040-2990 05838 ! TCPIncomingEventCallback (tcptransport.cc:936): [TCP INCOMING 96] EOF, lifetime=41064.20 ms
20260217-155040-3022 05838 ! TCPIncomingEventCallback (tcptransport.cc:936): [TCP INCOMING 82] EOF, lifetime=41072.23 ms
20260217-155040-3062 05838 ! TCPIncomingEventCallback (tcptransport.cc:936): [TCP INCOMING 124] EOF, lifetime=41056.25 ms
20260217-155040-3063 05838 ! TCPIncomingEventCallback (tcptransport.cc:936): [TCP INCOMING 107] EOF, lifetime=41066.56 ms
20260217-155040-3064 05838 ! TCPIncomingEventCallback (tcptransport.cc:936): [TCP INCOMING 129] EOF, lifetime=41049.14 ms
20260217-155040-3066 05838 ! TCPIncomingEventCallback (tcptransport.cc:936): [TCP INCOMING 103] EOF, lifetime=41068.14 ms
20260217-155040-3143 05838 ! TCPIncomingEventCallback (tcptransport.cc:936): [TCP INCOMING 125] EOF, lifetime=41062.41 ms
20260217-155040-3144 05838 ! TCPIncomingEventCallback (tcptransport.cc:936): [TCP INCOMING 121] EOF, lifetime=41065.27 ms
20260217-155040-3145 05838 ! TCPIncomingEventCallback (tcptransport.cc:936): [TCP INCOMING 105] EOF, lifetime=41075.11 ms
20260217-155040-3146 05838 ! TCPIncomingEventCallback (tcptransport.cc:936): [TCP INCOMING 117] EOF, lifetime=41069.66 ms
20260217-155040-3147 05838 ! TCPIncomingEventCallback (tcptransport.cc:936): [TCP INCOMING 94] EOF, lifetime=41080.96 ms
20260217-155040-3148 05838 ! TCPIncomingEventCallback (tcptransport.cc:936): [TCP INCOMING 123] EOF, lifetime=41065.47 ms
20260217-155040-3149 05838 ! TCPIncomingEventCallback (tcptransport.cc:936): [TCP INCOMING 100] EOF, lifetime=41077.60 ms
20260217-155040-3150 05838 ! TCPIncomingEventCallback (tcptransport.cc:936): [TCP INCOMING 69] EOF, lifetime=41096.72 ms
20260217-155040-3187 05838 ! TCPIncomingEventCallback (tcptransport.cc:936): [TCP INCOMING 80] EOF, lifetime=41089.69 ms
20260217-155040-3220 05838 ! TCPIncomingEventCallback (tcptransport.cc:936): [TCP INCOMING 130] EOF, lifetime=41064.04 ms
20260217-155040-3222 05838 ! TCPIncomingEventCallback (tcptransport.cc:936): [TCP INCOMING 108] EOF, lifetime=41082.42 ms
20260217-155040-3223 05838 ! TCPIncomingEventCallback (tcptransport.cc:936): [TCP INCOMING 67] EOF, lifetime=41104.57 ms
20260217-155040-3223 05838 ! TCPIncomingEventCallback (tcptransport.cc:936): [TCP INCOMING 131] EOF, lifetime=41063.71 ms
20260217-155040-3266 05838 ! TCPIncomingEventCallback (tcptransport.cc:936): [TCP INCOMING 132] EOF, lifetime=41066.80 ms
20260217-155040-3300 05838 ! TCPIncomingEventCallback (tcptransport.cc:936): [TCP INCOMING 133] EOF, lifetime=41069.66 ms
20260217-155040-3302 05838 ! TCPIncomingEventCallback (tcptransport.cc:936): [TCP INCOMING 91] EOF, lifetime=41097.88 ms
20260217-155040-3303 05838 ! TCPIncomingEventCallback (tcptransport.cc:936): [TCP INCOMING 72] EOF, lifetime=41109.39 ms
20260217-155040-3303 05838 ! TCPIncomingEventCallback (tcptransport.cc:936): [TCP INCOMING 127] EOF, lifetime=41077.37 ms
20260217-155040-3343 05838 ! TCPIncomingEventCallback (tcptransport.cc:936): [TCP INCOMING 134] EOF, lifetime=41073.10 ms
20260217-155048-1636 05838 * Cleanup         (server.cc:548):    Gracefully exiting after signal 15.
20260217-155048-1637 05838 * Stop            (tcptransport.cc:581): [TCP SUMMARY] outgoingCreated=3 outgoingClosed=0 incomingCreated=131 incomingClosed=128 outgoingPeak=4 incomingPeak=128
Inserted events:
  0x5578a814a2f0 [fd  9] Read Persist Internal
  0x5578a8145420 [fd  10] Read Persist
  0x5578a8147a20 [fd  11] Read Persist
  0x5578fdec4760 [fd  12] Read Persist
  0x5578fdec4fa0 [fd  13] Read Persist
  0x5578fdec67d0 [fd  15] Read Persist
  0x5578fded8260 [fd  16] Read Persist
  0x5578fdec5c30 [fd  17] Read Persist
  0x5578fdef2550 [fd  18] Read Persist
  0x5578fdf10760 [fd  -1] Timeout=1773784248.263435
Active events:
20260217-155048-1640 05838 * Cleanup         (server.cc:552):    Exporting stats to /mnt/extra/experiments/2026-03-17-15-49-24/out/server-0-0-0-stats-0.json.
