basic_appreq,703190660,269503351224064,32
basic_appreq,704572157,269504057168715,32
basic_appreq,704887180,269504762565941,32
basic_appreq,704447977,269505467893352,32
basic_appreq,704547795,269506173202407,32
basic_appreq,704411298,269506878175695,32
basic_appreq,604185019,269507484361114,32
basic_appreq,604478150,269508090391415,32
basic_appreq,603988521,269508696466219,32
basic_appreq,503951317,269509200836330,32
basic_appreq,604280017,269509806289509,32
basic_appreq,603813464,269510410332516,32
basic_appreq,604035182,269511015835299,32
basic_appreq,603810650,269511621119454,32
basic_appreq,704324352,269512325761158,32
basic_appreq,704387915,269513030403129,32
basic_appreq,604206977,269513636370541,32
basic_appreq,704320443,269514340769356,32
basic_appreq,603994254,269514946684178,32
basic_appreq,503900705,269515451192526,32
basic_appreq,704559812,269516157249001,32
basic_appreq,704681730,269516862743801,32
basic_appreq,704535333,269517567705751,32
basic_appreq,704674474,269518274383561,32
basic_appreq,704200943,269518979024131,32
basic_appreq,705766646,269519685418932,32
basic_appreq,604371494,269520290392129,32
basic_appreq,705230892,269520996978336,32
basic_appreq,604425189,269521602871638,32
basic_appreq,704727210,269522308942300,32
basic_appreq,503634833,269522813866634,32
basic_appreq,704855078,269523520761883,32
basic_appreq,603970162,269524125067825,32
basic_appreq,604603310,269524731301625,32
basic_appreq,604121964,269525336959594,32
basic_appreq,704448932,269526041936578,32
basic_appreq,504101518,269526546325073,32
#end,23,898309,32
