20260216-110055-5909 29673 * main            (benchmark.cc:402): Starting benchmark.
20260216-110100-2714 29673 * main            (benchmark.cc:621): Creating a default paritioner!
20260216-110100-2716 29673 * Client          (client.cc:75):     Initializing StrongStore client with id [22]
20260216-110100-2717 29673 * BenchmarkClient (bench_client.cc:81): starting benchclient, issueConcurrent: 1; fanout: 1
Session created: 0
last_service: , current_state: 0
Session continued: 0
last_service: , current_state: 0
Session destroyed: 18446744073709551615
last_service: , current_state: 0
20260216-110105-6876 29673 * WarmupDone      (bench_client.cc:726): Completed warmup period of 5 seconds with 791 requests
20260216-110116-6883 29673 * Finish          (bench_client.cc:920): Completed 2218 requests in 11.001728 seconds
20260216-110116-6883 29673 * Finish          (bench_client.cc:921): 1 outstanding transactions.
Session continued: 0
last_service: , current_state: 0
Session destroyed: 18446744073709551615
last_service: , current_state: 0
Session continued: 0
last_service: , current_state: 0
Session destroyed: 18446744073709551615
last_service: , current_state: 0
Session destroyed: 0
last_service: , current_state: 0
20260216-110119-6877 29673 * FlushStats      (benchmark.cc:890): Flushing stats to /mnt/extra/experiments/2026-03-16-11-00-31/out/client-0-0-22-stats-0.json.
20260216-110119-6879 29673 * FlushStats      (benchmark.cc:902): All done!
20260216-110121-6890 29673 * Cleanup         (bench_client.cc:748): Aborting 0 outstanding transactions.
20260216-110121-6890 29673 * CooldownDone    (bench_client.cc:778): Finished cooldown period.
20260216-110121-6903 29673 * CooldownDone    (bench_client.cc:785): Median latency is 4975640 ns (4975 us)
20260216-110121-6904 29673 * CooldownDone    (bench_client.cc:794): Average latency is 4914395 ns (4914 us)
20260216-110121-6905 29673 * CooldownDone    (bench_client.cc:798): 90th percentile latency is 5589431 ns (5589 us)
20260216-110121-6905 29673 * CooldownDone    (bench_client.cc:802): 95th percentile latency is 5790786 ns (5790 us)
20260216-110121-6905 29673 * CooldownDone    (bench_client.cc:806): 99th percentile latency is 6236470 ns (6236 us)
20260216-110121-6906 29673 * LATENCY total: 1911 us 4914 us/4194 us 53 ms (2219 samples, 10 s total)
20260216-110121-6906 29673 *    1048 us |          1 | 
20260216-110121-6906 29673 *    2097 us |        299 | =======
20260216-110121-6907 29673 *    4194 us |       1915 | ==================================================
20260216-110121-6907 29673 *    8388 us |          3 | 
20260216-110121-6907 29673 *      16 ms |          0 |
20260216-110121-6908 29673 *      33 ms |          1 | 
20260216-110121-7760 29673 * Stop            (tcptransport.cc:581): [TCP SUMMARY] outgoingCreated=1 outgoingClosed=0 incomingCreated=0 incomingClosed=0 outgoingPeak=1 incomingPeak=0
Inserted events:
  0x5621b626ff60 [fd  7] Read Persist Internal
  0x5621b6286510 [fd  9] Read Persist
Active events:
20260216-110121-7762 29673 * main            (benchmark.cc:849): Cleaning up after experiment.
20260216-110121-7762 29673 * FlushStats      (benchmark.cc:890): Flushing stats to /mnt/extra/experiments/2026-03-16-11-00-31/out/client-0-0-22-stats-0.json.
20260216-110121-7764 29673 * FlushStats      (benchmark.cc:902): All done!
