basic_appreq,4489401,1976551194540,1696
basic_appreq,5724493,1976557054750,1696
basic_appreq,4161752,1976561257897,1696
basic_appreq,4860189,1976566160601,1696
basic_appreq,5542926,1976571751849,1696
basic_appreq,5242010,1976577034107,1696
basic_appreq,5515356,1976582589622,1696
basic_appreq,5975999,1976588602695,1696
basic_appreq,5432299,1976594076652,1696
basic_appreq,5420788,1976599557088,1696
basic_appreq,4988041,1976604611146,1696
basic_appreq,5611595,1976610272766,1696
basic_appreq,4475526,1976614788902,1696
basic_appreq,4696203,1976619540118,1696
basic_appreq,4893718,1976624473884,1696
basic_appreq,5871800,1976630385337,1696
basic_appreq,5898731,1976636332415,1696
basic_appreq,5524108,1976641904098,1696
basic_appreq,5664381,1976647609815,1696
basic_appreq,5337928,1976652986303,1696
basic_appreq,5613647,1976658643246,1696
basic_appreq,5655370,1976664345481,1696
basic_appreq,5441301,1976669832715,1696
basic_appreq,5445445,1976675328389,1696
basic_appreq,4725309,1976680095837,1696
basic_appreq,4667381,1976684809515,1696
basic_appreq,9545565,1976694395211,1696
basic_appreq,5020387,1976699466017,1696
basic_appreq,3918806,1976703425034,1696
basic_appreq,5823412,1976709301253,1696
basic_appreq,5029636,1976714369946,1696
basic_appreq,4917354,1976719326167,1696
basic_appreq,5593138,1976724981433,1696
basic_appreq,5483687,1976730515138,1696
basic_appreq,4228151,1976734786332,1696
basic_appreq,5614172,1976740453570,1696
basic_appreq,5524809,1976746017971,1696
basic_appreq,3636858,1976749697543,1696
basic_appreq,4802216,1976754538465,1696
basic_appreq,5861017,1976760438529,1696
basic_appreq,4753802,1976765230253,1696
basic_appreq,3793987,1976769065961,1696
basic_appreq,5174398,1976774282558,1696
basic_appreq,5127015,1976779450850,1696
basic_appreq,5450242,1976784942981,1696
basic_appreq,4666274,1976789651673,1696
basic_appreq,5496007,1976795205122,1696
basic_appreq,4788776,1976800034207,1696
basic_appreq,5463491,1976805554282,1696
basic_appreq,4923278,1976810519208,1696
basic_appreq,5165490,1976815737416,1696
basic_appreq,5601234,1976821378286,1696
basic_appreq,4702211,1976826120319,1696
basic_appreq,5787742,1976831960912,1696
basic_appreq,5916015,1976837943950,1696
basic_appreq,5964821,1976843949456,1696
basic_appreq,5174456,1976849163294,1696
basic_appreq,5292345,1976854500152,1696
basic_appreq,5021997,1976859561441,1696
basic_appreq,5562942,1976865164811,1696
basic_appreq,5116813,1976870322793,1696
basic_appreq,5207669,1976875570827,1696
basic_appreq,5402521,1976881011904,1696
basic_appreq,5178722,1976886233925,1696
basic_appreq,3524329,1976889797632,1696
basic_appreq,5211554,1976895057604,1696
basic_appreq,5703889,1976900799219,1696
basic_appreq,5448989,1976906292763,1696
basic_appreq,5415633,1976911757831,1696
basic_appreq,5994031,1976917795876,1696
basic_appreq,5474365,1976923315506,1696
basic_appreq,4623490,1976927982068,1696
basic_appreq,4558997,1976932624219,1696
basic_appreq,6262537,1976938925841,1696
basic_appreq,5504223,1976944478678,1696
basic_appreq,5111514,1976949629577,1696
basic_appreq,5149535,1976954821685,1696
basic_appreq,5104627,1976959971275,1696
basic_appreq,5062294,1976965100605,1696
basic_appreq,4785197,1976969928469,1696
basic_appreq,5312059,1976975285984,1696
basic_appreq,5569451,1976980895425,1696
basic_appreq,5973534,1976986914975,1696
basic_appreq,4987494,1976991942548,1696
basic_appreq,5631785,1976997626740,1696
basic_appreq,5064098,1977002733896,1696
basic_appreq,6044061,1977008819763,1696
basic_appreq,6009950,1977014877361,1696
basic_appreq,3855323,1977018773084,1696
basic_appreq,5376507,1977024186634,1696
basic_appreq,4825353,1977029048611,1696
basic_appreq,5659345,1977034748478,1696
basic_appreq,5051659,1977039838501,1696
basic_appreq,4331899,1977044209821,1696
basic_appreq,5267320,1977049515885,1696
basic_appreq,6146876,1977055704833,1696
basic_appreq,5918445,1977061661270,1696
basic_appreq,5186855,1977066891909,1696
basic_appreq,5137032,1977072068486,1696
basic_appreq,4465465,1977076572357,1696
basic_appreq,4772898,1977081397301,1696
basic_appreq,4582471,1977086019886,1696
basic_appreq,4568854,1977090627885,1696
basic_appreq,5087475,1977095764706,1696
basic_appreq,5184727,1977100980910,1696
basic_appreq,5299497,1977106330972,1696
basic_appreq,5919659,1977112286906,1696
basic_appreq,5163198,1977117495588,1696
basic_appreq,5067546,1977122607376,1696
basic_appreq,4921765,1977127570958,1696
basic_appreq,5043830,1977132654457,1696
basic_appreq,4823708,1977137522729,1696
basic_appreq,5303958,1977142865603,1696
basic_appreq,4355298,1977147278771,1696
basic_appreq,4673150,1977151993040,1696
basic_appreq,4841272,1977156899664,1696
basic_appreq,4875413,1977161807785,1696
basic_appreq,5192028,1977167036567,1696
basic_appreq,5536140,1977172629145,1696
basic_appreq,5126502,1977177794165,1696
basic_appreq,5393953,1977183229243,1696
basic_appreq,5280202,1977188551533,1696
basic_appreq,5295111,1977193887617,1696
basic_appreq,5679895,1977199608150,1696
basic_appreq,5072998,1977204721351,1696
basic_appreq,4689470,1977209451960,1696
basic_appreq,5197144,1977214691382,1696
basic_appreq,4844691,1977219576354,1696
basic_appreq,5295239,1977224928376,1696
basic_appreq,5201641,1977230177206,1696
basic_appreq,5035814,1977235255589,1696
basic_appreq,5038013,1977240334758,1696
basic_appreq,5270876,1977245667601,1696
basic_appreq,6528437,1977252254315,1696
basic_appreq,5099832,1977257394344,1696
basic_appreq,5047225,1977262482645,1696
basic_appreq,5228667,1977267751680,1696
basic_appreq,5340517,1977273134620,1696
basic_appreq,5300657,1977278476176,1696
basic_appreq,5129384,1977283645462,1696
basic_appreq,4731695,1977288420162,1696
basic_appreq,4940581,1977293404160,1696
basic_appreq,5231420,1977298692498,1696
basic_appreq,3642053,1977302382064,1696
basic_appreq,4259203,1977306688069,1696
basic_appreq,4715727,1977311454408,1696
basic_appreq,4917405,1977316414525,1696
basic_appreq,4431589,1977320885093,1696
basic_appreq,3789723,1977324721740,1696
basic_appreq,5318735,1977330072116,1696
basic_appreq,5456337,1977335566499,1696
basic_appreq,5401334,1977341008731,1696
basic_appreq,5524599,1977346576909,1696
basic_appreq,5721525,1977352339567,1696
basic_appreq,4972979,1977357353969,1696
basic_appreq,4040106,1977361433955,1696
basic_appreq,5716141,1977367221608,1696
basic_appreq,5298541,1977372552991,1696
basic_appreq,5332635,1977377924310,1696
basic_appreq,5383499,1977383347364,1696
basic_appreq,5236429,1977388623897,1696
basic_appreq,5234796,1977393899049,1696
basic_appreq,4919108,1977398858372,1696
basic_appreq,5233960,1977404134179,1696
basic_appreq,4551712,1977408728967,1696
basic_appreq,4892229,1977413662687,1696
basic_appreq,3567056,1977417276433,1696
basic_appreq,4556020,1977421876449,1696
basic_appreq,4327639,1977426248582,1696
basic_appreq,4918985,1977431207797,1696
basic_appreq,5058917,1977436307989,1696
basic_appreq,5430174,1977441778080,1696
basic_appreq,5489107,1977447307531,1696
basic_appreq,5406080,1977452751275,1696
basic_appreq,5086446,1977457880496,1696
basic_appreq,5095558,1977463015139,1696
basic_appreq,4668248,1977467725922,1696
basic_appreq,5339412,1977473116299,1696
basic_appreq,5619840,1977478778779,1696
basic_appreq,5432036,1977484263469,1696
basic_appreq,5395510,1977489711962,1696
basic_appreq,5364014,1977495114409,1696
basic_appreq,5588068,1977500743713,1696
basic_appreq,4841648,1977505628482,1696
basic_appreq,3608155,1977509298938,1696
basic_appreq,4704260,1977514045778,1696
basic_appreq,3880648,1977517968518,1696
basic_appreq,5074346,1977523080223,1696
basic_appreq,4515809,1977527635715,1696
basic_appreq,5997425,1977533686908,1696
basic_appreq,4932538,1977538655224,1696
basic_appreq,4960155,1977543654907,1696
basic_appreq,5196944,1977548890825,1696
basic_appreq,4860621,1977553794095,1696
basic_appreq,3601653,1977557451704,1696
basic_appreq,4857433,1977562351629,1696
basic_appreq,4054321,1977566450539,1696
basic_appreq,5388880,1977571878548,1696
basic_appreq,5237612,1977577159570,1696
basic_appreq,5409854,1977582609906,1696
basic_appreq,5181988,1977587833371,1696
basic_appreq,4925648,1977592801254,1696
basic_appreq,5227755,1977598069616,1696
basic_appreq,5152402,1977603265498,1696
basic_appreq,5130048,1977608435493,1696
basic_appreq,5154925,1977613646901,1696
basic_appreq,5149766,1977618837324,1696
basic_appreq,5355365,1977624228835,1696
basic_appreq,4357397,1977628639225,1696
basic_appreq,3584013,1977632263572,1696
basic_appreq,4574358,1977636876601,1696
basic_appreq,4349009,1977641270006,1696
basic_appreq,5529895,1977646841399,1696
basic_appreq,3696670,1977650571452,1696
basic_appreq,5769069,1977656388415,1696
basic_appreq,4051111,1977660477630,1696
basic_appreq,4199758,1977664715284,1696
basic_appreq,3392067,1977668157659,1696
basic_appreq,6042085,1977674233503,1696
basic_appreq,5119636,1977679393176,1696
basic_appreq,5092301,1977684525106,1696
basic_appreq,5658574,1977690238955,1696
basic_appreq,5487307,1977695765380,1696
basic_appreq,5931692,1977701754941,1696
basic_appreq,5179568,1977706976293,1696
basic_appreq,3424514,1977710455146,1696
basic_appreq,4457907,1977714953630,1696
basic_appreq,4091716,1977719106658,1696
basic_appreq,5314521,1977724457388,1696
basic_appreq,5458012,1977729957448,1696
basic_appreq,5479436,1977735478348,1696
basic_appreq,4816831,1977740332243,1696
basic_appreq,4508077,1977744880758,1696
basic_appreq,5206887,1977750142153,1696
basic_appreq,5393930,1977755582172,1696
basic_appreq,5542747,1977761166856,1696
basic_appreq,3169929,1977764379485,1696
basic_appreq,3522151,1977767954046,1696
basic_appreq,5376530,1977773366792,1696
basic_appreq,4727767,1977778136158,1696
basic_appreq,4244154,1977782419213,1696
basic_appreq,4971866,1977787441219,1696
basic_appreq,4206249,1977791684277,1696
basic_appreq,5011674,1977796745092,1696
basic_appreq,5069715,1977801848155,1696
basic_appreq,4817950,1977806705955,1696
basic_appreq,3329261,1977810084355,1696
basic_appreq,3424449,1977813551702,1696
basic_appreq,5539083,1977819127081,1696
basic_appreq,4617490,1977823779995,1696
basic_appreq,5029709,1977828850757,1696
basic_appreq,4870661,1977833762381,1696
basic_appreq,3240483,1977837051010,1696
basic_appreq,4753752,1977841854887,1696
basic_appreq,4518244,1977846414018,1696
basic_appreq,4843888,1977851295640,1696
basic_appreq,5058050,1977856391962,1696
basic_appreq,5021409,1977861465267,1696
basic_appreq,5549422,1977867068743,1696
basic_appreq,5236823,1977872372705,1696
basic_appreq,5419482,1977877842359,1696
basic_appreq,4713623,1977882594383,1696
basic_appreq,5011351,1977887640610,1696
basic_appreq,5177150,1977892857317,1696
basic_appreq,4711382,1977897605542,1696
basic_appreq,4704940,1977902362181,1696
basic_appreq,5230127,1977907655474,1696
basic_appreq,3470520,1977911170380,1696
basic_appreq,4341398,1977915555467,1696
basic_appreq,5188507,1977920792511,1696
basic_appreq,4344639,1977925177046,1696
basic_appreq,3523989,1977928753070,1696
basic_appreq,5637853,1977934429868,1696
basic_appreq,5128748,1977939598994,1696
basic_appreq,4394411,1977944034573,1696
basic_appreq,5068201,1977949152609,1696
basic_appreq,5401716,1977954606082,1696
basic_appreq,4553660,1977959199540,1696
basic_appreq,4385756,1977963623502,1696
basic_appreq,5387333,1977969056851,1696
basic_appreq,4913729,1977974011369,1696
basic_appreq,3411331,1977977463682,1696
basic_appreq,4569769,1977982091881,1696
basic_appreq,3963225,1977986092259,1696
basic_appreq,4795394,1977990931803,1696
basic_appreq,5261182,1977996239321,1696
basic_appreq,5034465,1978001324443,1696
basic_appreq,4502618,1978005862817,1696
basic_appreq,4819116,1978010722462,1696
basic_appreq,6310771,1978017079742,1696
basic_appreq,5217782,1978022340008,1696
basic_appreq,5034615,1978027416635,1696
basic_appreq,4673682,1978032136422,1696
basic_appreq,5393107,1978037579845,1696
basic_appreq,3239280,1978040857700,1696
basic_appreq,4725742,1978045632891,1696
basic_appreq,4865037,1978050537814,1696
basic_appreq,4921721,1978055510027,1696
basic_appreq,4986505,1978060540059,1696
basic_appreq,4829493,1978065412599,1696
basic_appreq,5220015,1978070674136,1696
basic_appreq,5536455,1978076255202,1696
basic_appreq,5373857,1978081671466,1696
basic_appreq,3010266,1978084735485,1696
basic_appreq,3531675,1978088318316,1696
basic_appreq,4548953,1978092903989,1696
basic_appreq,4550261,1978097492620,1696
basic_appreq,4555875,1978102091157,1696
basic_appreq,4967823,1978107107645,1696
basic_appreq,4725429,1978111871041,1696
basic_appreq,4474429,1978116384432,1696
basic_appreq,4743415,1978121169702,1696
basic_appreq,4641905,1978125848742,1696
basic_appreq,4889285,1978130773318,1696
basic_appreq,4862043,1978135670221,1696
basic_appreq,5159055,1978140872685,1696
basic_appreq,5425998,1978146342065,1696
basic_appreq,5046834,1978151430455,1696
basic_appreq,5268350,1978156747276,1696
basic_appreq,4970050,1978161785546,1696
basic_appreq,5326273,1978167158965,1696
basic_appreq,5102010,1978172312330,1696
basic_appreq,5140313,1978177514239,1696
basic_appreq,5325220,1978182889945,1696
basic_appreq,5746369,1978188698969,1696
basic_appreq,4125980,1978192867181,1696
basic_appreq,5069138,1978198001483,1696
basic_appreq,5010495,1978203053422,1696
basic_appreq,5452188,1978208538999,1696
basic_appreq,5735208,1978214307424,1696
basic_appreq,4940490,1978219292349,1696
basic_appreq,4874327,1978224205711,1696
basic_appreq,5299725,1978229554566,1696
basic_appreq,5751090,1978235350434,1696
basic_appreq,5091121,1978240483571,1696
basic_appreq,4913313,1978245439397,1696
basic_appreq,5321551,1978250809666,1696
basic_appreq,5628715,1978256512503,1696
basic_appreq,5294450,1978261847918,1696
basic_appreq,5346612,1978267237775,1696
basic_appreq,5724802,1978273008498,1696
basic_appreq,5403680,1978278455584,1696
basic_appreq,5276766,1978283785131,1696
basic_appreq,5078270,1978288903238,1696
basic_appreq,5381223,1978294324116,1696
basic_appreq,5213497,1978299595907,1696
basic_appreq,5095466,1978304739138,1696
basic_appreq,4854860,1978309647454,1696
basic_appreq,5967162,1978315656100,1696
basic_appreq,4909258,1978320604078,1696
basic_appreq,5192472,1978325835879,1696
basic_appreq,4992018,1978330875322,1696
basic_appreq,5639063,1978336557108,1696
basic_appreq,5007205,1978341616255,1696
basic_appreq,3829790,1978345489347,1696
basic_appreq,4606726,1978350135786,1696
basic_appreq,4510943,1978354694539,1696
basic_appreq,5094626,1978359830449,1696
basic_appreq,4519251,1978364403685,1696
basic_appreq,4453888,1978368895025,1696
basic_appreq,4575795,1978373511054,1696
basic_appreq,3921482,1978377472981,1696
basic_appreq,5132946,1978382654467,1696
basic_appreq,4618454,1978387306729,1696
basic_appreq,5113415,1978392455788,1696
basic_appreq,4369022,1978396866179,1696
basic_appreq,5716832,1978402625666,1696
basic_appreq,4870228,1978407535947,1696
basic_appreq,3722749,1978411305331,1696
basic_appreq,4510497,1978415854696,1696
basic_appreq,4371545,1978420268142,1696
basic_appreq,3441572,1978423753212,1696
basic_appreq,5223886,1978429017546,1696
basic_appreq,5102515,1978434161959,1696
basic_appreq,5651784,1978439851994,1696
basic_appreq,5077782,1978444974631,1696
basic_appreq,4806026,1978449821027,1696
basic_appreq,5270284,1978455148166,1696
basic_appreq,5476483,1978460678158,1696
basic_appreq,4300840,1978465022774,1696
basic_appreq,5740794,1978470806355,1696
basic_appreq,5324215,1978476168331,1696
basic_appreq,4960675,1978481170898,1696
basic_appreq,5342853,1978486557718,1696
basic_appreq,5252534,1978491851806,1696
basic_appreq,5341350,1978497234927,1696
basic_appreq,3349713,1978500635593,1696
basic_appreq,4028110,1978504713929,1696
basic_appreq,4029918,1978508782077,1696
basic_appreq,4862635,1978513687468,1696
basic_appreq,4742586,1978518469405,1696
basic_appreq,4816509,1978523324284,1696
basic_appreq,4902149,1978528265920,1696
basic_appreq,5336541,1978533645174,1696
basic_appreq,4637802,1978538341256,1696
basic_appreq,4549491,1978542942814,1696
basic_appreq,4621528,1978547606758,1696
basic_appreq,5006350,1978552652023,1696
basic_appreq,5555400,1978558258308,1696
basic_appreq,5087416,1978563382099,1696
basic_appreq,5682655,1978569111183,1696
basic_appreq,3627201,1978572779303,1696
basic_appreq,4481900,1978577313123,1696
basic_appreq,5033940,1978582385003,1696
basic_appreq,4882410,1978587310233,1696
basic_appreq,3385417,1978590754425,1696
basic_appreq,4652276,1978595446951,1696
basic_appreq,4813653,1978600299198,1696
basic_appreq,4967919,1978605306292,1696
basic_appreq,3484603,1978608834140,1696
basic_appreq,5193817,1978614081138,1696
basic_appreq,4300283,1978618420418,1696
basic_appreq,4036284,1978622495128,1696
basic_appreq,5033080,1978627568347,1696
basic_appreq,4780488,1978632384774,1696
basic_appreq,5095624,1978637520405,1696
basic_appreq,5228313,1978642791825,1696
basic_appreq,3622980,1978646461619,1696
basic_appreq,4510262,1978651011503,1696
basic_appreq,3979607,1978655030091,1696
basic_appreq,4768116,1978659833015,1696
basic_appreq,4895318,1978664768414,1696
basic_appreq,5811940,1978670617213,1696
basic_appreq,5587749,1978676250612,1696
basic_appreq,4804611,1978681095124,1696
basic_appreq,3306873,1978684443731,1696
basic_appreq,3425861,1978687910059,1696
basic_appreq,5243265,1978693201798,1696
basic_appreq,5211901,1978698456039,1696
basic_appreq,5196237,1978703689767,1696
basic_appreq,3665236,1978707390797,1696
basic_appreq,4521820,1978711954254,1696
basic_appreq,4752441,1978716745444,1696
basic_appreq,4753481,1978721551945,1696
basic_appreq,4135014,1978725724731,1696
basic_appreq,5025316,1978730786764,1696
basic_appreq,4407588,1978735234491,1696
basic_appreq,4338062,1978739606607,1696
basic_appreq,5278459,1978744927795,1696
basic_appreq,4508290,1978749470789,1696
basic_appreq,5373903,1978754884042,1696
basic_appreq,5253898,1978760185705,1696
basic_appreq,4944750,1978765168188,1696
basic_appreq,4704987,1978769912992,1696
basic_appreq,4646395,1978774600444,1696
basic_appreq,5056390,1978779695875,1696
basic_appreq,3397055,1978783144098,1696
basic_appreq,4656851,1978787837647,1696
basic_appreq,3593485,1978791471450,1696
basic_appreq,4884506,1978796391282,1696
basic_appreq,4947987,1978801381925,1696
basic_appreq,4698090,1978806123120,1696
basic_appreq,4460824,1978810625053,1696
basic_appreq,4204076,1978814867034,1696
basic_appreq,3935210,1978818846377,1696
basic_appreq,4188032,1978823072213,1696
basic_appreq,3392155,1978826497906,1696
basic_appreq,4627430,1978831159774,1696
basic_appreq,4125081,1978835319020,1696
basic_appreq,5213368,1978840569293,1696
basic_appreq,3655380,1978844261450,1696
basic_appreq,4322251,1978848620414,1696
basic_appreq,4316782,1978852976307,1696
basic_appreq,4001005,1978857013637,1696
basic_appreq,4911357,1978861963957,1696
basic_appreq,5365001,1978867371620,1696
basic_appreq,3988599,1978871411442,1696
basic_appreq,3888956,1978875341815,1696
basic_appreq,3747443,1978879125954,1696
basic_appreq,5284041,1978884451334,1696
basic_appreq,5063973,1978889564064,1696
basic_appreq,3244275,1978892848686,1696
basic_appreq,3999170,1978896886991,1696
basic_appreq,4042052,1978900965861,1696
basic_appreq,5356956,1978906361298,1696
basic_appreq,4778846,1978911177012,1696
basic_appreq,4758455,1978915970678,1696
basic_appreq,4684463,1978920714290,1696
basic_appreq,4925514,1978925676785,1696
basic_appreq,4846869,1978930556889,1696
basic_appreq,3689716,1978934286622,1696
basic_appreq,4424391,1978938750336,1696
basic_appreq,5350949,1978944142138,1696
basic_appreq,5166551,1978949353336,1696
basic_appreq,4647413,1978954038578,1696
basic_appreq,3681328,1978957755470,1696
basic_appreq,5135306,1978962926882,1696
basic_appreq,4639704,1978967600598,1696
basic_appreq,5558100,1978973194930,1696
basic_appreq,4842114,1978978072291,1696
basic_appreq,5209514,1978983317746,1696
basic_appreq,3218389,1978986574260,1696
basic_appreq,3477268,1978990089056,1696
basic_appreq,5160488,1978995290694,1696
basic_appreq,5193348,1979000523638,1696
basic_appreq,4609280,1979005172952,1696
basic_appreq,4461162,1979009670576,1696
basic_appreq,4853997,1979014563027,1696
basic_appreq,4625859,1979019226831,1696
basic_appreq,4451103,1979023716060,1696
basic_appreq,5206681,1979028961379,1696
basic_appreq,3420804,1979032413892,1696
basic_appreq,3261690,1979035707831,1696
basic_appreq,4777841,1979040521759,1696
basic_appreq,4198817,1979044756752,1696
basic_appreq,5021202,1979049822324,1696
basic_appreq,5605145,1979055468157,1696
basic_appreq,5503398,1979061011568,1696
basic_appreq,4947641,1979065995814,1696
basic_appreq,4970777,1979071011416,1696
basic_appreq,4289841,1979075340538,1696
basic_appreq,4812927,1979080192657,1696
basic_appreq,4947661,1979085182610,1696
basic_appreq,5216030,1979090473083,1696
basic_appreq,5387688,1979095898433,1696
basic_appreq,3534881,1979099471323,1696
basic_appreq,4577268,1979104085567,1696
basic_appreq,4313146,1979108438446,1696
basic_appreq,4617346,1979113095818,1696
basic_appreq,5047014,1979118180013,1696
basic_appreq,3503522,1979121717374,1696
basic_appreq,4520470,1979126271157,1696
basic_appreq,4820150,1979131133976,1696
basic_appreq,5466378,1979136639877,1696
basic_appreq,4918691,1979141594378,1696
basic_appreq,3243797,1979144884624,1696
basic_appreq,3406267,1979148330844,1696
basic_appreq,5191127,1979153558980,1696
basic_appreq,5125556,1979158722772,1696
basic_appreq,5230481,1979163990610,1696
basic_appreq,5596809,1979169655098,1696
basic_appreq,4654672,1979174356035,1696
basic_appreq,4724254,1979179124318,1696
basic_appreq,4875159,1979184034576,1696
basic_appreq,4951526,1979189022691,1696
basic_appreq,5375047,1979194434640,1696
basic_appreq,3413658,1979197883548,1696
basic_appreq,4354219,1979202277530,1696
basic_appreq,4128988,1979206444088,1696
basic_appreq,4750504,1979211233485,1696
basic_appreq,4269305,1979215543550,1696
basic_appreq,5007163,1979220588537,1696
basic_appreq,4457078,1979225100305,1696
basic_appreq,3537586,1979228678915,1696
basic_appreq,4589119,1979233301420,1696
basic_appreq,4878069,1979238222179,1696
basic_appreq,5214232,1979243473945,1696
basic_appreq,4715970,1979248231949,1696
basic_appreq,3833763,1979252105639,1696
basic_appreq,5220814,1979257362393,1696
basic_appreq,5321798,1979262722624,1696
basic_appreq,5001117,1979267759577,1696
basic_appreq,5009627,1979272811761,1696
basic_appreq,5269479,1979278120064,1696
basic_appreq,5295576,1979283457363,1696
basic_appreq,5319527,1979288816820,1696
basic_appreq,4921664,1979293776355,1696
basic_appreq,5014450,1979298834684,1696
basic_appreq,5405739,1979304279757,1696
basic_appreq,5291724,1979309608597,1696
basic_appreq,5111786,1979314762883,1696
basic_appreq,3284679,1979318112647,1696
basic_appreq,4483946,1979322635531,1696
basic_appreq,4576226,1979327265273,1696
basic_appreq,5022068,1979332326692,1696
basic_appreq,4607873,1979336986857,1696
basic_appreq,3362753,1979340388429,1696
basic_appreq,5372536,1979345793990,1696
basic_appreq,5246404,1979351084049,1696
basic_appreq,5229506,1979356358409,1696
basic_appreq,5348928,1979361746449,1696
basic_appreq,5110558,1979366895326,1696
basic_appreq,5467839,1979372411963,1696
basic_appreq,5172768,1979377624274,1696
basic_appreq,3575152,1979381238781,1696
basic_appreq,3643377,1979384922031,1696
basic_appreq,5254644,1979390218876,1696
basic_appreq,4592576,1979394854462,1696
basic_appreq,4628195,1979399536259,1696
basic_appreq,3963139,1979403537461,1696
basic_appreq,4087028,1979407658339,1696
basic_appreq,4253047,1979411950683,1696
basic_appreq,5077378,1979417066777,1696
basic_appreq,4943835,1979422050281,1696
basic_appreq,5053537,1979427140777,1696
basic_appreq,6169145,1979433353644,1696
basic_appreq,5124478,1979438535200,1696
basic_appreq,5591548,1979444166952,1696
basic_appreq,5342983,1979449553143,1696
basic_appreq,5974236,1979455584357,1696
basic_appreq,4849049,1979460480664,1696
basic_appreq,5946919,1979466470849,1696
basic_appreq,5233959,1979471747889,1696
basic_appreq,5101206,1979476889285,1696
basic_appreq,4814976,1979481752117,1696
basic_appreq,5408261,1979487204348,1696
basic_appreq,5353335,1979492598362,1696
basic_appreq,5552241,1979498203970,1696
basic_appreq,5280368,1979503526066,1696
basic_appreq,3497948,1979507064917,1696
basic_appreq,3399405,1979510501812,1696
basic_appreq,5351312,1979515891427,1696
basic_appreq,5104441,1979521036348,1696
basic_appreq,5352399,1979526427110,1696
basic_appreq,5484645,1979531950052,1696
basic_appreq,5056059,1979537044605,1696
basic_appreq,4413285,1979541496998,1696
basic_appreq,4950941,1979546487057,1696
basic_appreq,5053627,1979551573470,1696
basic_appreq,5334514,1979556941474,1696
basic_appreq,5162443,1979562141716,1696
basic_appreq,4470147,1979566651003,1696
basic_appreq,5213000,1979571904220,1696
basic_appreq,5739509,1979577685540,1696
basic_appreq,3019792,1979580747647,1696
basic_appreq,3828300,1979584641937,1696
basic_appreq,4385599,1979589066740,1696
basic_appreq,5228840,1979594334123,1696
basic_appreq,4989786,1979599360338,1696
basic_appreq,5014877,1979604412132,1696
basic_appreq,4950119,1979609403230,1696
basic_appreq,4616257,1979614062757,1696
basic_appreq,5304305,1979619412547,1696
basic_appreq,5020927,1979624475030,1696
basic_appreq,5114461,1979629644100,1696
basic_appreq,5112625,1979634795415,1696
basic_appreq,4883770,1979639719145,1696
basic_appreq,4690098,1979644454456,1696
basic_appreq,6403918,1979650912447,1696
basic_appreq,5247658,1979656203872,1696
basic_appreq,5180880,1979661423890,1696
basic_appreq,5156150,1979666617559,1696
basic_appreq,5105425,1979671765968,1696
basic_appreq,4499180,1979676306745,1696
basic_appreq,5321413,1979681679165,1696
basic_appreq,3223622,1979684944331,1696
basic_appreq,4497733,1979689489877,1696
basic_appreq,4450235,1979693978983,1696
basic_appreq,5218564,1979699235038,1696
basic_appreq,4661961,1979703933793,1696
basic_appreq,5194381,1979709169193,1696
basic_appreq,5244902,1979714459273,1696
basic_appreq,5321280,1979719840388,1696
basic_appreq,3159175,1979723043851,1696
basic_appreq,4767107,1979727855302,1696
basic_appreq,3989116,1979731885246,1696
basic_appreq,5408678,1979737336998,1696
basic_appreq,4757129,1979742135047,1696
basic_appreq,4797934,1979746975802,1696
basic_appreq,5538445,1979752567817,1696
basic_appreq,5317513,1979757925455,1696
basic_appreq,4487459,1979762453074,1696
basic_appreq,4184697,1979766686682,1696
basic_appreq,3865545,1979770591490,1696
basic_appreq,4756897,1979775384336,1696
basic_appreq,4770322,1979780197495,1696
basic_appreq,4542521,1979784780875,1696
basic_appreq,4197884,1979789023384,1696
basic_appreq,5686961,1979794762392,1696
basic_appreq,5240895,1979800037988,1696
basic_appreq,4919115,1979804993489,1696
basic_appreq,4203732,1979809239853,1696
basic_appreq,4871688,1979814164790,1696
basic_appreq,4430198,1979818631182,1696
basic_appreq,5016126,1979823686629,1696
basic_appreq,4771954,1979828496012,1696
basic_appreq,5778093,1979834323702,1696
basic_appreq,5170500,1979839536260,1696
basic_appreq,5531591,1979845119444,1696
basic_appreq,3517356,1979848703990,1696
basic_appreq,4770816,1979853514715,1696
basic_appreq,4575400,1979858140170,1696
basic_appreq,3780023,1979861957797,1696
basic_appreq,4527489,1979866524454,1696
basic_appreq,4937099,1979871500604,1696
basic_appreq,5033388,1979876574515,1696
basic_appreq,4601476,1979881212054,1696
basic_appreq,4780320,1979886027611,1696
basic_appreq,5209552,1979891278218,1696
basic_appreq,3043148,1979894375748,1696
basic_appreq,4793291,1979899213066,1696
basic_appreq,4015807,1979903272272,1696
basic_appreq,5059158,1979908372849,1696
basic_appreq,4532811,1979912947799,1696
basic_appreq,5885130,1979918882693,1696
basic_appreq,5062095,1979923980848,1696
basic_appreq,4404405,1979928482048,1696
basic_appreq,4740764,1979933259724,1696
basic_appreq,5250935,1979938551464,1696
basic_appreq,4739947,1979943330519,1696
basic_appreq,5128433,1979948492407,1696
basic_appreq,5448935,1979954019827,1696
basic_appreq,3405628,1979957485295,1696
basic_appreq,4378066,1979961902656,1696
basic_appreq,4062468,1979966002698,1696
basic_appreq,5072703,1979971116209,1696
basic_appreq,5510362,1979976661435,1696
basic_appreq,5591720,1979982291291,1696
basic_appreq,5164171,1979987494124,1696
basic_appreq,4973704,1979992520001,1696
basic_appreq,4860400,1979997426084,1696
basic_appreq,5265909,1980002736030,1696
basic_appreq,4665560,1980007446317,1696
basic_appreq,3840029,1980011349649,1696
basic_appreq,3914880,1980015304349,1696
basic_appreq,54811518,1980070158573,1696
basic_appreq,4895885,1980075094158,1696
basic_appreq,3885627,1980079026992,1696
basic_appreq,4733442,1980083796577,1696
basic_appreq,4877171,1980088714250,1696
basic_appreq,4156973,1980092917149,1696
basic_appreq,5087336,1980098043195,1696
basic_appreq,3385597,1980101477319,1696
basic_appreq,4246309,1980105767613,1696
basic_appreq,4935464,1980110741571,1696
basic_appreq,4004191,1980114797505,1696
basic_appreq,4965330,1980119803042,1696
basic_appreq,5319176,1980125173586,1696
basic_appreq,4415001,1980129625451,1696
basic_appreq,5234460,1980134900637,1696
basic_appreq,5246674,1980140188043,1696
basic_appreq,5202023,1980145445322,1696
basic_appreq,3667449,1980149157061,1696
basic_appreq,4412389,1980153608609,1696
basic_appreq,4149652,1980157797588,1696
basic_appreq,4861957,1980162696030,1696
basic_appreq,5011988,1980167744625,1696
basic_appreq,5393412,1980173176917,1696
basic_appreq,4905359,1980178129014,1696
basic_appreq,5193240,1980183365072,1696
basic_appreq,5118104,1980188517951,1696
basic_appreq,3284830,1980191841701,1696
basic_appreq,2949927,1980194830031,1696
basic_appreq,5488211,1980200356376,1696
basic_appreq,5086336,1980205482121,1696
basic_appreq,4630172,1980210150561,1696
basic_appreq,4731423,1980214916581,1696
basic_appreq,4436984,1980219396278,1696
basic_appreq,4747099,1980224180492,1696
basic_appreq,5137089,1980229358846,1696
basic_appreq,3460030,1980232863877,1696
basic_appreq,4844718,1980237751761,1696
basic_appreq,4835975,1980242626549,1696
basic_appreq,3582857,1980246251785,1696
basic_appreq,4733730,1980251024639,1696
basic_appreq,4669190,1980255730224,1696
basic_appreq,4678995,1980260448387,1696
basic_appreq,4845183,1980265333146,1696
basic_appreq,3130577,1980268516617,1696
basic_appreq,3413812,1980271970773,1696
basic_appreq,5395313,1980277430571,1696
basic_appreq,4456726,1980281928662,1696
basic_appreq,5599698,1980287572035,1696
basic_appreq,5781851,1980293411102,1696
basic_appreq,5742471,1980299203864,1696
basic_appreq,4191284,1980303431732,1696
basic_appreq,3384864,1980306855308,1696
basic_appreq,4575951,1980311470678,1696
basic_appreq,5261927,1980316770781,1696
basic_appreq,4817484,1980321627288,1696
basic_appreq,4536188,1980326203556,1696
basic_appreq,4931762,1980331173286,1696
basic_appreq,4901961,1980336114570,1696
basic_appreq,3629083,1980339801275,1696
basic_appreq,4936090,1980344774585,1696
basic_appreq,4659617,1980349468668,1696
basic_appreq,4712485,1980354217422,1696
basic_appreq,4436732,1980358694548,1696
basic_appreq,5188893,1980363924151,1696
basic_appreq,4917327,1980368879784,1696
basic_appreq,3574602,1980372509552,1696
basic_appreq,4324333,1980376870483,1696
basic_appreq,2680499,1980379591382,1696
basic_appreq,5360475,1980385000385,1696
basic_appreq,5689468,1980390733802,1696
basic_appreq,2966108,1980393746896,1696
basic_appreq,3681133,1980397470767,1696
basic_appreq,3977832,1980401483684,1696
basic_appreq,5484039,1980407004094,1696
basic_appreq,4781335,1980411820141,1696
basic_appreq,4396943,1980416253299,1696
basic_appreq,5747683,1980422042338,1696
basic_appreq,5424448,1980427504416,1696
basic_appreq,5248298,1980432789362,1696
basic_appreq,5321047,1980438149523,1696
basic_appreq,3284611,1980441485616,1696
basic_appreq,3164174,1980444686235,1696
basic_appreq,5272955,1980449995548,1696
basic_appreq,5481191,1980455523994,1696
basic_appreq,4339059,1980459902639,1696
basic_appreq,5243389,1980465186953,1696
basic_appreq,4200911,1980469422504,1696
basic_appreq,4598622,1980474058314,1696
basic_appreq,4384679,1980478477491,1696
basic_appreq,5980081,1980484507793,1696
basic_appreq,5131471,1980489680217,1696
basic_appreq,5211425,1980494933087,1696
basic_appreq,5452071,1980500442495,1696
basic_appreq,5432496,1980505916897,1696
basic_appreq,5061525,1980511022298,1696
basic_appreq,5614850,1980516678590,1696
basic_appreq,4729701,1980521449643,1696
basic_appreq,5387802,1980526879728,1696
basic_appreq,6086918,1980533011047,1696
basic_appreq,5106891,1980538160468,1696
basic_appreq,5138759,1980543340377,1696
basic_appreq,4987010,1980548370113,1696
basic_appreq,6120594,1980554552574,1696
basic_appreq,5075436,1980559671395,1696
basic_appreq,5267174,1980564984957,1696
basic_appreq,4999780,1980570025539,1696
basic_appreq,5526108,1980575597242,1696
basic_appreq,4704520,1980580343976,1696
basic_appreq,4549856,1980584938046,1696
basic_appreq,6027245,1980591014870,1696
basic_appreq,5126416,1980596181962,1696
basic_appreq,5563239,1980601792015,1696
basic_appreq,4816754,1980606653119,1696
basic_appreq,4644277,1980611340600,1696
basic_appreq,5008441,1980616389857,1696
basic_appreq,4950340,1980621397102,1696
basic_appreq,3980729,1980625438611,1696
basic_appreq,4403494,1980629883165,1696
basic_appreq,4530348,1980634454259,1696
basic_appreq,4786111,1980639280219,1696
basic_appreq,4710081,1980644037652,1696
basic_appreq,4541590,1980648617047,1696
basic_appreq,3821499,1980652482744,1696
basic_appreq,5130323,1980657649658,1696
basic_appreq,5235417,1980662928216,1696
basic_appreq,5103718,1980668076985,1696
basic_appreq,5272647,1980673394771,1696
basic_appreq,5134880,1980678570878,1696
basic_appreq,4855178,1980683468130,1696
basic_appreq,5051519,1980688559385,1696
basic_appreq,5366430,1980693967108,1696
basic_appreq,5265172,1980699275323,1696
basic_appreq,5141315,1980704458734,1696
basic_appreq,5461415,1980709973968,1696
basic_appreq,5558939,1980715577097,1696
basic_appreq,5033010,1980720665400,1696
basic_appreq,4812916,1980725516334,1696
basic_appreq,4635449,1980730190704,1696
basic_appreq,5198117,1980735426261,1696
basic_appreq,5444656,1980740910045,1696
basic_appreq,3090366,1980744039306,1696
basic_appreq,3423134,1980747499864,1696
basic_appreq,5248925,1980752784753,1696
basic_appreq,4944446,1980757768821,1696
basic_appreq,5652428,1980763470031,1696
basic_appreq,3497045,1980767011785,1696
basic_appreq,4203000,1980771249040,1696
basic_appreq,4624254,1980775912288,1696
basic_appreq,4847853,1980780798480,1696
basic_appreq,4762547,1980785597549,1696
basic_appreq,4540606,1980790175048,1696
basic_appreq,4466988,1980794679464,1696
basic_appreq,4432054,1980799152867,1696
basic_appreq,5544294,1980804738895,1696
basic_appreq,5041788,1980809825120,1696
basic_appreq,4616003,1980814492343,1696
basic_appreq,3402918,1980817945403,1696
basic_appreq,5332093,1980823318652,1696
basic_appreq,3127042,1980826491130,1696
basic_appreq,3789402,1980830320993,1696
basic_appreq,5216531,1980835574382,1696
basic_appreq,4857436,1980840468229,1696
basic_appreq,4897659,1980845406771,1696
basic_appreq,4929795,1980850378086,1696
basic_appreq,4580717,1980854998624,1696
basic_appreq,4908642,1980859944548,1696
basic_appreq,5031872,1980865010966,1696
basic_appreq,3348132,1980868399895,1696
basic_appreq,4324713,1980872761535,1696
basic_appreq,4859884,1980877657145,1696
basic_appreq,3431728,1980881124717,1696
basic_appreq,5494722,1980886656452,1696
basic_appreq,5078430,1980891776047,1696
basic_appreq,5018371,1980896832384,1696
basic_appreq,5046540,1980901918222,1696
basic_appreq,5245344,1980907226683,1696
basic_appreq,5684632,1980912950878,1696
basic_appreq,5447598,1980918436520,1696
basic_appreq,3549010,1980922023876,1696
basic_appreq,4198550,1980926261223,1696
basic_appreq,4360265,1980930663208,1696
basic_appreq,4392531,1980935098667,1696
basic_appreq,5497995,1980940637344,1696
basic_appreq,5919267,1980946616696,1696
basic_appreq,4281159,1980950958622,1696
basic_appreq,3889290,1980954886368,1696
basic_appreq,4545990,1980959467169,1696
basic_appreq,4042311,1980963545963,1696
basic_appreq,5289778,1980968875280,1696
basic_appreq,4810496,1980973724615,1696
basic_appreq,5162307,1980978929729,1696
basic_appreq,5141337,1980984112682,1696
basic_appreq,5016532,1980989170560,1696
basic_appreq,4536269,1980993744977,1696
basic_appreq,4298382,1980998080032,1696
basic_appreq,4952127,1981003086189,1696
basic_appreq,4286171,1981007409340,1696
basic_appreq,5033140,1981012483680,1696
basic_appreq,4509524,1981017033078,1696
basic_appreq,3135123,1981020211249,1696
basic_appreq,4367215,1981024613670,1696
basic_appreq,3136311,1981027790917,1696
basic_appreq,5599891,1981033425937,1696
basic_appreq,4791403,1981038256131,1696
basic_appreq,5231570,1981043536437,1696
basic_appreq,4768295,1981048360214,1696
basic_appreq,4878338,1981053279981,1696
basic_appreq,4748307,1981058072200,1696
basic_appreq,4603212,1981062710271,1696
basic_appreq,4631723,1981067379101,1696
basic_appreq,4914041,1981072328946,1696
basic_appreq,4454365,1981076816341,1696
basic_appreq,5078854,1981081936082,1696
basic_appreq,4419301,1981086397131,1696
basic_appreq,5007843,1981091450922,1696
basic_appreq,5602982,1981097098736,1696
basic_appreq,4517696,1981101653840,1696
basic_appreq,5056950,1981106760152,1696
basic_appreq,5454501,1981112249812,1696
basic_appreq,4644446,1981116933087,1696
basic_appreq,5059737,1981122029906,1696
basic_appreq,5069188,1981127137767,1696
basic_appreq,3635886,1981130813215,1696
basic_appreq,4758875,1981135608393,1696
basic_appreq,4664920,1981140319462,1696
basic_appreq,4528546,1981144891816,1696
basic_appreq,3578350,1981148523068,1696
basic_appreq,5164836,1981153722359,1696
basic_appreq,5429198,1981159194594,1696
basic_appreq,4427404,1981163663149,1696
basic_appreq,4357550,1981168056039,1696
basic_appreq,4213512,1981172306079,1696
basic_appreq,4840756,1981177195776,1696
basic_appreq,5361254,1981182596320,1696
basic_appreq,5476327,1981188110578,1696
basic_appreq,5471233,1981193615148,1696
basic_appreq,5628318,1981199281931,1696
basic_appreq,4825673,1981204147927,1696
basic_appreq,5402504,1981209605868,1696
basic_appreq,5865862,1981215532048,1696
basic_appreq,5363152,1981220947273,1696
basic_appreq,5257984,1981226255649,1696
basic_appreq,5337334,1981231633844,1696
basic_appreq,5418279,1981237099678,1696
basic_appreq,5005380,1981242163811,1696
basic_appreq,4876034,1981247104695,1696
basic_appreq,5663915,1981252814589,1696
basic_appreq,5422499,1981258278805,1696
basic_appreq,5020931,1981263343820,1696
basic_appreq,5476417,1981268873107,1696
basic_appreq,6280201,1981275192885,1696
basic_appreq,5490507,1981280724405,1696
basic_appreq,5297243,1981286064765,1696
basic_appreq,4918711,1981291027162,1696
basic_appreq,5622512,1981296703080,1696
basic_appreq,5459429,1981302204848,1696
basic_appreq,5569828,1981307822227,1696
basic_appreq,6582846,1981314470894,1696
basic_appreq,4999196,1981319509753,1696
basic_appreq,5074992,1981324627100,1696
basic_appreq,4889727,1981329573214,1696
basic_appreq,5471323,1981335084584,1696
basic_appreq,4920401,1981340042094,1696
basic_appreq,5248502,1981345324562,1696
basic_appreq,4843042,1981350209593,1696
basic_appreq,4608607,1981354856659,1696
basic_appreq,4558727,1981359451884,1696
basic_appreq,4935624,1981364425665,1696
basic_appreq,5029986,1981369494237,1696
basic_appreq,5005855,1981374544607,1696
basic_appreq,5070598,1981379675213,1696
basic_appreq,5553589,1981385280057,1696
basic_appreq,5118923,1981390458545,1696
basic_appreq,5770554,1981396283691,1696
basic_appreq,4016499,1981400350315,1696
basic_appreq,4952119,1981405347001,1696
basic_appreq,3069967,1981408483292,1696
basic_appreq,4688893,1981413221970,1696
basic_appreq,4120379,1981417380962,1696
basic_appreq,4553573,1981421976759,1696
basic_appreq,4592372,1981426606727,1696
basic_appreq,4678234,1981431327479,1696
basic_appreq,4909336,1981436275359,1696
basic_appreq,4710637,1981441027989,1696
basic_appreq,4981869,1981446074557,1696
basic_appreq,4963052,1981451075771,1696
basic_appreq,4859623,1981455985714,1696
basic_appreq,3772226,1981459830903,1696
basic_appreq,4458180,1981464327545,1696
basic_appreq,5198692,1981469565424,1696
basic_appreq,4130851,1981473735359,1696
basic_appreq,5380799,1981479152157,1696
basic_appreq,5443307,1981484639821,1696
basic_appreq,4542816,1981489220720,1696
basic_appreq,5795805,1981495067549,1696
basic_appreq,5425234,1981500528589,1696
basic_appreq,5631976,1981506209194,1696
basic_appreq,5313133,1981512803099,1696
basic_appreq,4865846,1981517713273,1696
basic_appreq,5175826,1981522931036,1696
basic_appreq,4197079,1981527178802,1696
basic_appreq,3814364,1981531034438,1696
basic_appreq,4837481,1981535911960,1696
basic_appreq,4892261,1981540850722,1696
basic_appreq,5253837,1981546150441,1696
basic_appreq,4708216,1981550897011,1696
basic_appreq,3168660,1981554120880,1696
basic_appreq,4960575,1981559119301,1696
basic_appreq,6421936,1981565599578,1696
basic_appreq,5102846,1981570742804,1696
basic_appreq,5670582,1981576459794,1696
basic_appreq,5423018,1981581924402,1696
basic_appreq,4816906,1981586782895,1696
basic_appreq,5298321,1981592119743,1696
basic_appreq,4585180,1981596751600,1696
basic_appreq,3335381,1981600128789,1696
basic_appreq,3465916,1981603637087,1696
basic_appreq,4753137,1981608427981,1696
basic_appreq,4308999,1981612776300,1696
basic_appreq,5462806,1981618305633,1696
basic_appreq,4721129,1981623091991,1696
basic_appreq,6460685,1981629612815,1696
basic_appreq,4964031,1981634612927,1696
basic_appreq,5015528,1981639673814,1696
basic_appreq,5451608,1981645166099,1696
basic_appreq,4851582,1981650055872,1696
basic_appreq,4560745,1981654654202,1696
basic_appreq,4987190,1981659702723,1696
basic_appreq,4917477,1981664662256,1696
basic_appreq,6125129,1981670835547,1696
basic_appreq,5219883,1981676097110,1696
basic_appreq,4860133,1981681008684,1696
basic_appreq,5296751,1981686348309,1696
basic_appreq,5703301,1981692102788,1696
basic_appreq,4902852,1981697046272,1696
basic_appreq,5834288,1981702933758,1696
basic_appreq,5538490,1981708526465,1696
basic_appreq,5468060,1981714040051,1696
basic_appreq,4584552,1981718664402,1696
basic_appreq,4727474,1981723430050,1696
basic_appreq,5070337,1981728539001,1696
basic_appreq,4825125,1981733402517,1696
basic_appreq,4438570,1981737884804,1696
basic_appreq,3002836,1981740946754,1696
basic_appreq,4521498,1981745504790,1696
basic_appreq,4535962,1981750083823,1696
basic_appreq,5079432,1981755208141,1696
basic_appreq,5386918,1981760634150,1696
basic_appreq,5324484,1981765996730,1696
basic_appreq,5019455,1981771056293,1696
basic_appreq,4119748,1981775213566,1696
basic_appreq,3782019,1981779040093,1696
basic_appreq,3358449,1981782454535,1696
basic_appreq,4605163,1981787099893,1696
basic_appreq,4614135,1981791748478,1696
basic_appreq,5460166,1981797250105,1696
basic_appreq,4699765,1981801987924,1696
basic_appreq,5289016,1981807314985,1696
basic_appreq,4775932,1981812135341,1696
basic_appreq,3222026,1981815405707,1696
basic_appreq,4382581,1981819829307,1696
basic_appreq,4202196,1981824075768,1696
basic_appreq,5262588,1981829376598,1696
basic_appreq,5550495,1981834968620,1696
basic_appreq,5338358,1981840346354,1696
basic_appreq,4449668,1981844835893,1696
basic_appreq,4626973,1981849502713,1696
basic_appreq,5230758,1981854776729,1696
basic_appreq,5452287,1981860268556,1696
basic_appreq,4894064,1981865200849,1696
basic_appreq,5385999,1981870642766,1696
basic_appreq,3314711,1981874017740,1696
basic_appreq,4254297,1981878311649,1696
basic_appreq,4430814,1981882787843,1696
basic_appreq,4669971,1981887491264,1696
basic_appreq,5527027,1981893057678,1696
basic_appreq,4693658,1981897793405,1696
basic_appreq,4606341,1981902441334,1696
basic_appreq,5070404,1981907549874,1696
basic_appreq,5336457,1981912920969,1696
basic_appreq,5175795,1981918132274,1696
basic_appreq,3679669,1981921860591,1696
basic_appreq,4188711,1981926089328,1696
basic_appreq,3197756,1981929332122,1696
basic_appreq,5562383,1981934935509,1696
basic_appreq,4656838,1981939630078,1696
basic_appreq,4436190,1981944107137,1696
basic_appreq,4638670,1981948789402,1696
basic_appreq,4862033,1981953686328,1696
basic_appreq,4881887,1981958602700,1696
basic_appreq,5283378,1981963930172,1696
basic_appreq,3232616,1981967209841,1696
basic_appreq,3496341,1981970742693,1696
basic_appreq,5548246,1981976342584,1696
basic_appreq,5188038,1981981566910,1696
basic_appreq,5258322,1981986865365,1696
basic_appreq,4793030,1981991696586,1696
basic_appreq,4978109,1981996713878,1696
basic_appreq,4598673,1982001351069,1696
basic_appreq,5037368,1982006428180,1696
basic_appreq,5253466,1982011743433,1696
basic_appreq,3090026,1982014893470,1696
basic_appreq,4409166,1982019348219,1696
basic_appreq,4068526,1982023464766,1696
basic_appreq,4984031,1982028489191,1696
basic_appreq,5017305,1982033544806,1696
basic_appreq,6032801,1982039642726,1696
basic_appreq,5493589,1982045175864,1696
basic_appreq,4951870,1982050168055,1696
basic_appreq,5239863,1982055474326,1696
basic_appreq,5058106,1982060594122,1696
basic_appreq,4951473,1982065592771,1696
basic_appreq,5327009,1982070960003,1696
basic_appreq,5221223,1982076217298,1696
basic_appreq,5142736,1982081402775,1696
basic_appreq,5499144,1982086950713,1696
basic_appreq,5358801,1982092351854,1696
basic_appreq,5398545,1982097790896,1696
basic_appreq,4947928,1982102783028,1696
basic_appreq,3519666,1982106352500,1696
basic_appreq,4496954,1982110887640,1696
basic_appreq,4247781,1982115185368,1696
basic_appreq,4500694,1982119741719,1696
basic_appreq,5259488,1982125042951,1696
basic_appreq,5361202,1982130444320,1696
basic_appreq,5444142,1982135952476,1696
basic_appreq,5497914,1982141496271,1696
basic_appreq,5389721,1982146927298,1696
basic_appreq,5558194,1982152525797,1696
basic_appreq,4785214,1982157350117,1696
basic_appreq,3547665,1982160957853,1696
basic_appreq,4526917,1982165529653,1696
basic_appreq,5239343,1982170824393,1696
basic_appreq,4094342,1982174958125,1696
basic_appreq,4739686,1982179741390,1696
basic_appreq,5396125,1982185173512,1696
basic_appreq,5364735,1982190591078,1696
basic_appreq,5176547,1982195807384,1696
basic_appreq,4154105,1982199998343,1696
basic_appreq,3462055,1982203527344,1696
basic_appreq,3961639,1982207539617,1696
basic_appreq,4379247,1982211962480,1696
basic_appreq,6044100,1982218073818,1696
basic_appreq,5047606,1982223161541,1696
basic_appreq,5305583,1982228507853,1696
basic_appreq,5614172,1982234161511,1696
basic_appreq,5470461,1982239671209,1696
basic_appreq,5399025,1982245112307,1696
basic_appreq,4452589,1982249605726,1696
basic_appreq,4844891,1982254485412,1696
basic_appreq,5316368,1982259838687,1696
basic_appreq,5018099,1982264895138,1696
basic_appreq,4696132,1982269632025,1696
basic_appreq,5434370,1982275111352,1696
basic_appreq,5128217,1982280281881,1696
basic_appreq,4758423,1982285093723,1696
basic_appreq,5053190,1982290188068,1696
basic_appreq,5012202,1982295242114,1696
basic_appreq,5330080,1982300609062,1696
basic_appreq,5199924,1982305846407,1696
basic_appreq,5371228,1982311264638,1696
basic_appreq,5085137,1982316397643,1696
basic_appreq,5218536,1982321664343,1696
basic_appreq,5662416,1982327376121,1696
basic_appreq,3076459,1982330507393,1696
basic_appreq,3596179,1982334147780,1696
basic_appreq,5272322,1982339460521,1696
basic_appreq,5054452,1982344553731,1696
basic_appreq,5507787,1982350102520,1696
basic_appreq,5092257,1982355242422,1696
basic_appreq,5579411,1982360862501,1696
basic_appreq,5284305,1982366189052,1696
basic_appreq,5460321,1982371689961,1696
basic_appreq,4628730,1982376359849,1696
basic_appreq,5279587,1982381680024,1696
basic_appreq,4511742,1982386233689,1696
basic_appreq,5603089,1982391892743,1696
basic_appreq,6366170,1982398301848,1696
basic_appreq,5262385,1982403604179,1696
basic_appreq,5332902,1982408978335,1696
basic_appreq,5217694,1982414236757,1696
basic_appreq,5294116,1982419570916,1696
basic_appreq,5291121,1982424901856,1696
basic_appreq,4981870,1982429924953,1696
basic_appreq,5726505,1982435698504,1696
basic_appreq,5997008,1982441761285,1696
basic_appreq,5574651,1982447378508,1696
basic_appreq,5719297,1982453141500,1696
basic_appreq,6081897,1982459264753,1696
basic_appreq,5302385,1982464608830,1696
basic_appreq,4500056,1982469150572,1696
basic_appreq,4642927,1982473833361,1696
basic_appreq,5083485,1982478968609,1696
basic_appreq,5295005,1982484314697,1696
basic_appreq,6224737,1982490579249,1696
basic_appreq,4715478,1982495334629,1696
basic_appreq,5519076,1982500900050,1696
basic_appreq,4953882,1982505895034,1696
basic_appreq,3567948,1982509512398,1696
basic_appreq,4394664,1982513949256,1696
basic_appreq,4333659,1982518328284,1696
basic_appreq,5185038,1982523555235,1696
basic_appreq,5384012,1982528976634,1696
basic_appreq,5232916,1982534251921,1696
basic_appreq,5484690,1982539780617,1696
basic_appreq,6106500,1982545933334,1696
basic_appreq,4840117,1982550811756,1696
basic_appreq,5017757,1982555866728,1696
basic_appreq,5632478,1982561558007,1696
basic_appreq,4606524,1982566217214,1696
basic_appreq,3245442,1982569515928,1696
basic_appreq,4931539,1982574495195,1696
basic_appreq,4350780,1982578886262,1696
basic_appreq,4575334,1982583512483,1696
basic_appreq,4504603,1982588055645,1696
basic_appreq,4467075,1982592569439,1696
basic_appreq,4582248,1982597188706,1696
basic_appreq,4636101,1982601867719,1696
basic_appreq,4565856,1982606467204,1696
basic_appreq,4747665,1982611247954,1696
basic_appreq,5249464,1982616558749,1696
basic_appreq,4658499,1982621261889,1696
basic_appreq,3619087,1982624925153,1696
basic_appreq,3598622,1982628563450,1696
basic_appreq,4918640,1982633535217,1696
basic_appreq,5322290,1982638896946,1696
basic_appreq,4546033,1982643480265,1696
basic_appreq,5480232,1982649017133,1696
basic_appreq,4843789,1982653897949,1696
basic_appreq,3490003,1982657434159,1696
basic_appreq,4564132,1982662037776,1696
basic_appreq,4842060,1982666930292,1696
basic_appreq,4413884,1982671381322,1696
basic_appreq,5276521,1982676698451,1696
basic_appreq,5342776,1982682083092,1696
basic_appreq,5457862,1982687583195,1696
basic_appreq,5517609,1982693141710,1696
basic_appreq,5579846,1982698767907,1696
basic_appreq,5156449,1982703971417,1696
basic_appreq,4986007,1982709023657,1696
basic_appreq,4825920,1982713893977,1696
basic_appreq,5788968,1982719731831,1696
basic_appreq,5196044,1982724988582,1696
basic_appreq,5369053,1982730419137,1696
basic_appreq,6455107,1982736939651,1696
basic_appreq,5468597,1982742452953,1696
basic_appreq,5307236,1982747800280,1696
basic_appreq,4785771,1982752625123,1696
basic_appreq,5046632,1982757711558,1696
basic_appreq,5241647,1982762990653,1696
basic_appreq,3415539,1982766448745,1696
basic_appreq,4535979,1982771028138,1696
basic_appreq,3718866,1982774787354,1696
basic_appreq,4643867,1982779480610,1696
basic_appreq,4923827,1982784445326,1696
basic_appreq,4551084,1982789033024,1696
basic_appreq,4787368,1982793862220,1696
basic_appreq,5471774,1982799371299,1696
basic_appreq,5093637,1982804500344,1696
basic_appreq,5171676,1982809728607,1696
basic_appreq,4362115,1982814135623,1696
basic_appreq,4864911,1982819038968,1696
basic_appreq,5023530,1982824103196,1696
basic_appreq,4691752,1982828854549,1696
basic_appreq,3863095,1982832771514,1696
basic_appreq,4474139,1982837285660,1696
basic_appreq,4454405,1982841777294,1696
basic_appreq,4621443,1982846440933,1696
basic_appreq,3942642,1982850424063,1696
basic_appreq,4996405,1982855463276,1696
basic_appreq,4531930,1982860034396,1696
basic_appreq,5477304,1982865551618,1696
basic_appreq,4261991,1982869856269,1696
basic_appreq,3700952,1982873598103,1696
basic_appreq,4809253,1982878443780,1696
basic_appreq,4046675,1982882535480,1696
basic_appreq,3656210,1982886229042,1696
basic_appreq,5099508,1982891367148,1696
basic_appreq,4807611,1982896214852,1696
basic_appreq,4784626,1982901038996,1696
basic_appreq,3944128,1982905022858,1696
basic_appreq,5192067,1982910253351,1696
basic_appreq,5091847,1982915382284,1696
basic_appreq,5270262,1982920693166,1696
basic_appreq,5492644,1982926227963,1696
basic_appreq,5099066,1982931365886,1696
basic_appreq,5254182,1982936676739,1696
basic_appreq,3134935,1982939856268,1696
basic_appreq,3369270,1982943263139,1696
basic_appreq,5387590,1982948687032,1696
basic_appreq,5673584,1982954398255,1696
basic_appreq,5164670,1982959599311,1696
basic_appreq,5756036,1982965410046,1696
basic_appreq,5365481,1982970815360,1696
basic_appreq,3444145,1982974299150,1696
basic_appreq,3507658,1982977841902,1696
basic_appreq,4724110,1982982602440,1696
basic_appreq,5021944,1982987664484,1696
basic_appreq,4603517,1982992315425,1696
basic_appreq,5078583,1982997432643,1696
basic_appreq,4063989,1983001539227,1696
basic_appreq,4173377,1983005769403,1696
basic_appreq,3727430,1983009534571,1696
basic_appreq,4638608,1983014211023,1696
basic_appreq,4868706,1983019122463,1696
basic_appreq,4879155,1983024042797,1696
basic_appreq,5307263,1983029389838,1696
basic_appreq,4856392,1983034297862,1696
basic_appreq,3948041,1983038285023,1696
basic_appreq,4249085,1983042576334,1696
basic_appreq,3483672,1983046099874,1696
basic_appreq,5460018,1983051596840,1696
basic_appreq,5175293,1983056810881,1696
basic_appreq,5185606,1983062038927,1696
basic_appreq,4761561,1983066844507,1696
basic_appreq,5730970,1983072617310,1696
basic_appreq,5295215,1983077952454,1696
basic_appreq,4647211,1983082639705,1696
basic_appreq,3458339,1983086143698,1696
basic_appreq,3408542,1983089590104,1696
basic_appreq,5845338,1983095489169,1696
basic_appreq,5164709,1983100696204,1696
basic_appreq,5094602,1983105832027,1696
basic_appreq,4902082,1983110774491,1696
basic_appreq,5140272,1983115954036,1696
basic_appreq,3300708,1983119294261,1696
basic_appreq,3439553,1983122767817,1696
basic_appreq,5382966,1983128202604,1696
basic_appreq,4438210,1983132682448,1696
basic_appreq,4992467,1983137714826,1696
basic_appreq,5627204,1983143384193,1696
basic_appreq,4979357,1983148401442,1696
basic_appreq,4892327,1983153337480,1696
basic_appreq,3519948,1983156897791,1696
basic_appreq,4281355,1983161214555,1696
basic_appreq,5562796,1983166816712,1696
basic_appreq,4025488,1983170880755,1696
basic_appreq,4378809,1983175295148,1696
basic_appreq,5322597,1983180652419,1696
basic_appreq,5425304,1983186115224,1696
basic_appreq,5706282,1983191864791,1696
basic_appreq,5539358,1983197456773,1696
basic_appreq,4365557,1983201887099,1696
basic_appreq,4743147,1983206689556,1696
basic_appreq,4531297,1983211289318,1696
basic_appreq,5302732,1983216663262,1696
basic_appreq,4883019,1983221578815,1696
basic_appreq,4969642,1983226588223,1696
basic_appreq,6523436,1983233156382,1696
basic_appreq,4934522,1983238132783,1696
basic_appreq,4539738,1983242715253,1696
basic_appreq,4983034,1983247739514,1696
basic_appreq,5386111,1983253163950,1696
basic_appreq,5465374,1983258673055,1696
basic_appreq,4629137,1983263354670,1696
basic_appreq,4978099,1983268394457,1696
basic_appreq,5291579,1983273727613,1696
basic_appreq,5445844,1983279212379,1696
basic_appreq,5871009,1983285136115,1696
basic_appreq,4025363,1983289226707,1696
basic_appreq,5199592,1983294473143,1696
basic_appreq,5567379,1983300088649,1696
basic_appreq,3204502,1983303335360,1696
basic_appreq,4742037,1983308122005,1696
basic_appreq,3564818,1983311729816,1696
basic_appreq,5221941,1983316987252,1696
basic_appreq,5533324,1983322558921,1696
basic_appreq,5430980,1983328030201,1696
basic_appreq,5942189,1983334014058,1696
basic_appreq,5514090,1983339570922,1696
basic_appreq,5411313,1983345022835,1696
basic_appreq,5504742,1983350567416,1696
basic_appreq,5143826,1983355753383,1696
basic_appreq,5034698,1983360841360,1696
basic_appreq,4624899,1983365506798,1696
basic_appreq,4914577,1983370461007,1696
basic_appreq,4769578,1983375265305,1696
basic_appreq,5708709,1983381025379,1696
basic_appreq,6139691,1983387222559,1696
basic_appreq,5687252,1983392953728,1696
basic_appreq,4789599,1983397784352,1696
basic_appreq,5121875,1983402946806,1696
basic_appreq,4446956,1983407436766,1696
basic_appreq,5090790,1983412570254,1696
basic_appreq,4668161,1983417271395,1696
basic_appreq,4840770,1983422146070,1696
basic_appreq,4891325,1983427081860,1696
basic_appreq,5620678,1983432763101,1696
basic_appreq,5424929,1983438234197,1696
basic_appreq,5188820,1983443473734,1696
basic_appreq,3133761,1983446673399,1696
basic_appreq,3598341,1983450316411,1696
basic_appreq,5478362,1983455835999,1696
basic_appreq,5199568,1983461074326,1696
basic_appreq,5579652,1983466697051,1696
basic_appreq,5753536,1983472491837,1696
basic_appreq,5026444,1983477559037,1696
basic_appreq,5644739,1983483245344,1696
basic_appreq,5477501,1983488763640,1696
basic_appreq,4775424,1983493579987,1696
basic_appreq,5704485,1983499325133,1696
basic_appreq,5133995,1983504501133,1696
basic_appreq,5108881,1983509659249,1696
basic_appreq,5388449,1983515090054,1696
basic_appreq,5057213,1983520190411,1696
basic_appreq,5270395,1983525504431,1696
basic_appreq,6388110,1983531943505,1696
basic_appreq,5493554,1983537477139,1696
basic_appreq,5042766,1983542560016,1696
basic_appreq,5157314,1983547757432,1696
basic_appreq,5128903,1983552933955,1696
basic_appreq,5632854,1983558625618,1696
basic_appreq,5314915,1983563982185,1696
basic_appreq,5515580,1983569563467,1696
basic_appreq,5385105,1983574991439,1696
basic_appreq,4560184,1983579589130,1696
basic_appreq,4306724,1983583936172,1696
basic_appreq,5752783,1983589730762,1696
basic_appreq,4613650,1983594379901,1696
basic_appreq,5198142,1983599618127,1696
basic_appreq,5202571,1983604866191,1696
basic_appreq,5262763,1983610175479,1696
basic_appreq,3384203,1983613614157,1696
basic_appreq,4436471,1983618095179,1696
basic_appreq,4073002,1983622219222,1696
basic_appreq,4915294,1983627176976,1696
basic_appreq,4943512,1983632175316,1696
basic_appreq,4797641,1983637011209,1696
basic_appreq,5242126,1983642294974,1696
basic_appreq,5196409,1983647556323,1696
basic_appreq,3499409,1983651107354,1696
basic_appreq,4977901,1983656124710,1696
basic_appreq,4050088,1983660221233,1696
basic_appreq,5020600,1983665283005,1696
basic_appreq,5134686,1983670455172,1696
basic_appreq,4630448,1983675124230,1696
basic_appreq,4932966,1983680093722,1696
basic_appreq,4842590,1983684974722,1696
basic_appreq,4185573,1983689198714,1696
basic_appreq,5205687,1983694446255,1696
basic_appreq,5215780,1983699706773,1696
basic_appreq,3099706,1983702852987,1696
basic_appreq,4682005,1983707579009,1696
basic_appreq,4696976,1983712318673,1696
basic_appreq,4322689,1983716679450,1696
basic_appreq,4922113,1983721642763,1696
basic_appreq,4638854,1983726322112,1696
basic_appreq,4158408,1983730522500,1696
basic_appreq,5167303,1983735732530,1696
basic_appreq,5188219,1983740960980,1696
basic_appreq,4670634,1983745672585,1696
basic_appreq,5200063,1983750915403,1696
basic_appreq,4438647,1983755387445,1696
basic_appreq,4430545,1983759854437,1696
basic_appreq,4697445,1983764589189,1696
basic_appreq,3823054,1983768461285,1696
basic_appreq,4295858,1983772801828,1696
basic_appreq,4413398,1983777259404,1696
basic_appreq,3402306,1983780701193,1696
basic_appreq,5215861,1983785951504,1696
basic_appreq,5181953,1983791175352,1696
basic_appreq,5359316,1983796589002,1696
basic_appreq,6135056,1983802763907,1696
basic_appreq,5600787,1983808405302,1696
basic_appreq,4598805,1983813044333,1696
basic_appreq,3818963,1983816937852,1696
basic_appreq,4133836,1983821108864,1696
basic_appreq,4373990,1983825522785,1696
basic_appreq,4649914,1983830206476,1696
basic_appreq,4712697,1983834950685,1696
basic_appreq,3819506,1983838811431,1696
basic_appreq,5242838,1983844090134,1696
basic_appreq,4831428,1983848958013,1696
basic_appreq,4463865,1983853461343,1696
basic_appreq,4721916,1983858222909,1696
basic_appreq,4268582,1983862531388,1696
basic_appreq,5335357,1983867914352,1696
basic_appreq,4775461,1983872728002,1696
basic_appreq,4680622,1983877448514,1696
basic_appreq,5439613,1983882927522,1696
basic_appreq,4643394,1983887609861,1696
basic_appreq,5266910,1983892915768,1696
basic_appreq,5195773,1983898148033,1696
basic_appreq,5185542,1983903376376,1696
basic_appreq,6014975,1983909430643,1696
basic_appreq,4295587,1983913766200,1696
basic_appreq,4836421,1983918647092,1696
basic_appreq,3386592,1983922070109,1696
basic_appreq,5022091,1983927134059,1696
basic_appreq,4376387,1983931548824,1696
basic_appreq,3914994,1983935503347,1696
basic_appreq,4385168,1983939927929,1696
basic_appreq,4637828,1983944605082,1696
basic_appreq,3600743,1983948248085,1696
basic_appreq,4762623,1983953047463,1696
basic_appreq,4771875,1983957856743,1696
basic_appreq,4335606,1983962242206,1696
basic_appreq,4520369,1983966806411,1696
basic_appreq,4643415,1983971488213,1696
basic_appreq,5060520,1983976594406,1696
basic_appreq,4630664,1983981263400,1696
basic_appreq,4651665,1983985953842,1696
basic_appreq,4542882,1983990533399,1696
basic_appreq,4728004,1983995307312,1696
basic_appreq,4467201,1983999808123,1696
basic_appreq,3765459,1984003613385,1696
basic_appreq,4538287,1984008188792,1696
basic_appreq,4542080,1984012769579,1696
basic_appreq,5544738,1984018353158,1696
basic_appreq,4906961,1984023298777,1696
basic_appreq,3612860,1984026955272,1696
basic_appreq,4257929,1984031250034,1696
basic_appreq,4588109,1984035873579,1696
basic_appreq,5050449,1984040959711,1696
basic_appreq,4709086,1984045707336,1696
basic_appreq,5326958,1984051083944,1696
basic_appreq,3301479,1984054427706,1696
basic_appreq,3818196,1984058286096,1696
basic_appreq,5015441,1984063340453,1696
basic_appreq,5507464,1984068889779,1696
basic_appreq,4732365,1984073658526,1696
basic_appreq,4597109,1984078295862,1696
basic_appreq,4628813,1984082963308,1696
basic_appreq,5352758,1984088361088,1696
basic_appreq,5339188,1984093749936,1696
basic_appreq,3273306,1984097062312,1696
basic_appreq,4736526,1984101838170,1696
basic_appreq,4616670,1984106492790,1696
basic_appreq,3230040,1984109760074,1696
basic_appreq,5305574,1984115111453,1696
basic_appreq,4985616,1984120133861,1696
basic_appreq,5172991,1984125368703,1696
basic_appreq,5383026,1984130789729,1696
basic_appreq,5406196,1984136233841,1696
basic_appreq,3114374,1984139395034,1696
basic_appreq,4803759,1984144235943,1696
basic_appreq,3848492,1984148122670,1696
basic_appreq,4682944,1984152840827,1696
basic_appreq,4653230,1984157529072,1696
basic_appreq,4671246,1984162235207,1696
basic_appreq,4698081,1984166967637,1696
basic_appreq,4967352,1984171968037,1696
basic_appreq,5007452,1984177037642,1696
basic_appreq,5383417,1984182460592,1696
basic_appreq,4304920,1984186804155,1696
basic_appreq,4917946,1984191771467,1696
basic_appreq,3638134,1984195452026,1696
basic_appreq,4372486,1984199862642,1696
basic_appreq,4645718,1984204547972,1696
basic_appreq,3965511,1984208549573,1696
basic_appreq,4595521,1984213180043,1696
basic_appreq,5492813,1984218720859,1696
basic_appreq,4724098,1984223482140,1696
basic_appreq,5455088,1984229002183,1696
basic_appreq,4876951,1984233917870,1696
basic_appreq,3321087,1984237273266,1696
basic_appreq,4420722,1984241727419,1696
basic_appreq,5243414,1984247007649,1696
basic_appreq,4368118,1984251413090,1696
basic_appreq,4644524,1984256096114,1696
basic_appreq,4599807,1984260738687,1696
basic_appreq,3449464,1984264236222,1696
basic_appreq,4903557,1984269173092,1696
basic_appreq,5042391,1984274254627,1696
basic_appreq,5247489,1984279539506,1696
basic_appreq,3172148,1984282769991,1696
basic_appreq,3436774,1984286247059,1696
basic_appreq,5130052,1984291417124,1696
basic_appreq,4353397,1984295816369,1696
basic_appreq,4912134,1984300765323,1696
basic_appreq,4731576,1984305551369,1696
basic_appreq,3752196,1984309341888,1696
basic_appreq,5097112,1984314481894,1696
basic_appreq,5157115,1984319678964,1696
basic_appreq,4606550,1984324331575,1696
basic_appreq,4687321,1984329059542,1696
basic_appreq,4558326,1984333656304,1696
basic_appreq,3185152,1984336882084,1696
basic_appreq,4085221,1984341026522,1696
basic_appreq,5269298,1984346333988,1696
basic_appreq,3429347,1984349802559,1696
basic_appreq,4534614,1984354372264,1696
basic_appreq,4295724,1984358704543,1696
basic_appreq,4989576,1984363732832,1696
basic_appreq,5466383,1984369238736,1696
basic_appreq,4683774,1984373960962,1696
basic_appreq,4651145,1984378648901,1696
basic_appreq,4205386,1984382892259,1696
basic_appreq,4641587,1984387573348,1696
basic_appreq,5260434,1984392877067,1696
basic_appreq,4673197,1984397587240,1696
basic_appreq,5492901,1984403117766,1696
basic_appreq,3551833,1984406708592,1696
basic_appreq,4458117,1984411203265,1696
basic_appreq,4412416,1984415657723,1696
basic_appreq,3999874,1984419697521,1696
basic_appreq,5234836,1984424968668,1696
basic_appreq,4680060,1984429693012,1696
basic_appreq,4521367,1984434253035,1696
basic_appreq,4639680,1984438930707,1696
basic_appreq,4659064,1984443622330,1696
basic_appreq,4855338,1984448509797,1696
basic_appreq,4660954,1984453207036,1696
basic_appreq,5190165,1984458440731,1696
basic_appreq,3464677,1984461944968,1696
basic_appreq,4751978,1984466735204,1696
basic_appreq,4478243,1984471258238,1696
basic_appreq,4179667,1984475477173,1696
basic_appreq,4345955,1984479862701,1696
basic_appreq,4528967,1984484429631,1696
basic_appreq,5065663,1984489544229,1696
basic_appreq,4893497,1984494481672,1696
basic_appreq,5915032,1984500445820,1696
basic_appreq,4014972,1984504501982,1696
basic_appreq,5369955,1984509914531,1696
basic_appreq,5642550,1984515599884,1696
basic_appreq,5455933,1984521101114,1696
basic_appreq,6019644,1984527179134,1696
basic_appreq,6357323,1984533589349,1696
basic_appreq,5363614,1984538992862,1696
basic_appreq,5433348,1984544470958,1696
basic_appreq,4671931,1984549184630,1696
basic_appreq,4850269,1984554079062,1696
basic_appreq,5174005,1984559306753,1696
basic_appreq,5908564,1984565282390,1696
basic_appreq,5053997,1984570380400,1696
basic_appreq,6228847,1984576650155,1696
basic_appreq,5724750,1984582416853,1696
basic_appreq,5027510,1984587489134,1696
basic_appreq,5133584,1984592663320,1696
basic_appreq,4844297,1984597557930,1696
basic_appreq,4635733,1984602232890,1696
basic_appreq,5141042,1984607413655,1696
basic_appreq,4203925,1984611681009,1696
basic_appreq,5799209,1984617540225,1696
basic_appreq,4530132,1984622109553,1696
basic_appreq,5063052,1984627227470,1696
basic_appreq,6099229,1984633391457,1696
basic_appreq,5211435,1984638657411,1696
basic_appreq,5291448,1984643990224,1696
basic_appreq,5647146,1984649703883,1696
basic_appreq,4931903,1984654682660,1696
basic_appreq,5182047,1984659907264,1696
basic_appreq,5973217,1984665923913,1696
basic_appreq,5215037,1984671181770,1696
basic_appreq,5417925,1984676644082,1696
basic_appreq,5397773,1984682088073,1696
basic_appreq,5206172,1984687334366,1696
basic_appreq,5223571,1984692597565,1696
basic_appreq,5194835,1984697834764,1696
basic_appreq,4576279,1984702451568,1696
basic_appreq,3715367,1984706208683,1696
basic_appreq,5442009,1984711698545,1696
basic_appreq,5232872,1984716972652,1696
basic_appreq,4204318,1984721218200,1696
basic_appreq,3669841,1984724928837,1696
basic_appreq,3837558,1984728814456,1696
basic_appreq,4638065,1984733496474,1696
basic_appreq,5288073,1984738827873,1696
basic_appreq,5203606,1984744081334,1696
basic_appreq,4407059,1984748524616,1696
basic_appreq,4123281,1984752683057,1696
basic_appreq,5125440,1984757848349,1696
basic_appreq,3550914,1984761442545,1696
basic_appreq,3672865,1984765158787,1696
basic_appreq,5424865,1984770622764,1696
basic_appreq,4769924,1984775431468,1696
basic_appreq,5463814,1984780942614,1696
basic_appreq,6104538,1984787091831,1696
basic_appreq,5528483,1984792661281,1696
basic_appreq,4533984,1984797234550,1696
basic_appreq,5185654,1984802459635,1696
basic_appreq,5691442,1984808209362,1696
basic_appreq,5545861,1984813809594,1696
basic_appreq,5316506,1984819165231,1696
basic_appreq,4841220,1984824045396,1696
basic_appreq,5027670,1984829117333,1696
basic_appreq,5468988,1984834636616,1696
basic_appreq,5074213,1984839749330,1696
basic_appreq,4646456,1984844439063,1696
basic_appreq,5478738,1984849975815,1696
basic_appreq,5173683,1984855194368,1696
basic_appreq,5500694,1984860736716,1696
basic_appreq,5812650,1984866588566,1696
basic_appreq,5360810,1984871986619,1696
basic_appreq,3080532,1984875132881,1696
basic_appreq,4887278,1984880056870,1696
basic_appreq,4490890,1984884588682,1696
basic_appreq,4598062,1984889228570,1696
basic_appreq,5544991,1984894810494,1696
basic_appreq,5333023,1984900181956,1696
basic_appreq,5096594,1984905320822,1696
basic_appreq,5271025,1984910636118,1696
basic_appreq,5906162,1984916598235,1696
basic_appreq,5350352,1984921987507,1696
basic_appreq,5475060,1984927500693,1696
basic_appreq,5474455,1984933014752,1696
basic_appreq,4580871,1984937633942,1696
basic_appreq,5298700,1984942977718,1696
basic_appreq,6247645,1984949277207,1696
basic_appreq,4934077,1984954250974,1696
basic_appreq,5450942,1984959740595,1696
basic_appreq,5044502,1984964826560,1696
basic_appreq,6070239,1984970946405,1696
basic_appreq,4921715,1984975912544,1696
basic_appreq,5573270,1984981524348,1696
basic_appreq,5350047,1984986919467,1696
basic_appreq,5150745,1984992115675,1696
basic_appreq,3916811,1984996078588,1696
basic_appreq,5818865,1985001938321,1696
basic_appreq,3615510,1985005592939,1696
basic_appreq,4479347,1985010115695,1696
basic_appreq,4793501,1985014945494,1696
basic_appreq,4873716,1985019858815,1696
basic_appreq,4275356,1985024173324,1696
basic_appreq,5206299,1985029418555,1696
basic_appreq,6588987,1985036046950,1696
basic_appreq,5251131,1985041337727,1696
basic_appreq,5455736,1985046832697,1696
basic_appreq,5652027,1985052527863,1696
basic_appreq,10889763,1985063475539,1696
basic_appreq,6243979,1985069774227,1696
basic_appreq,6925383,1985076744054,1696
basic_appreq,4778923,1985081571797,1696
basic_appreq,5421581,1985087032886,1696
basic_appreq,4498239,1985091568150,1696
basic_appreq,4961642,1985096567184,1696
basic_appreq,4921595,1985101525378,1696
basic_appreq,3362485,1985104930334,1696
basic_appreq,4968357,1985109934078,1696
basic_appreq,4256684,1985114229329,1696
basic_appreq,4614828,1985118880706,1696
basic_appreq,5262314,1985124182245,1696
basic_appreq,5049653,1985129276684,1696
basic_appreq,5168778,1985134497525,1696
basic_appreq,5142741,1985139695617,1696
basic_appreq,5426823,1985145187815,1696
basic_appreq,5224125,1985150455493,1696
basic_appreq,5414784,1985155914005,1696
basic_appreq,5121330,1985161081725,1696
basic_appreq,6285081,1985167409654,1696
basic_appreq,5000144,1985172451495,1696
basic_appreq,5166813,1985177656534,1696
basic_appreq,5314936,1985183015132,1696
basic_appreq,5456752,1985188510956,1696
basic_appreq,5487306,1985194043567,1696
basic_appreq,5610226,1985199692042,1696
basic_appreq,5725900,1985205457140,1696
basic_appreq,5252949,1985210748779,1696
basic_appreq,5393031,1985216180785,1696
basic_appreq,4544165,1985220766754,1696
basic_appreq,4859106,1985225669730,1696
basic_appreq,5409801,1985231118415,1696
basic_appreq,5397428,1985236555045,1696
basic_appreq,5104607,1985241713458,1696
basic_appreq,9826104,1985251594602,1696
basic_appreq,3594271,1985255230257,1696
basic_appreq,4531030,1985259808294,1696
basic_appreq,3413302,1985263268881,1696
basic_appreq,5294416,1985268604523,1696
basic_appreq,5594613,1985274241382,1696
basic_appreq,5448245,1985279731814,1696
basic_appreq,5318409,1985285090893,1696
basic_appreq,4855416,1985289984954,1696
basic_appreq,5507058,1985295546406,1696
basic_appreq,4753150,1985300339638,1696
basic_appreq,4318899,1985304696012,1696
basic_appreq,4427633,1985309162929,1696
basic_appreq,4622516,1985313821163,1696
basic_appreq,5491348,1985319357848,1696
basic_appreq,5313222,1985324717983,1696
basic_appreq,5448536,1985330217018,1696
basic_appreq,5381078,1985335649945,1696
basic_appreq,5812543,1985341508091,1696
basic_appreq,5160315,1985346709150,1696
basic_appreq,4543937,1985351309337,1696
basic_appreq,5201453,1985356550848,1696
basic_appreq,5392901,1985361998639,1696
basic_appreq,5592897,1985367633280,1696
basic_appreq,3298764,1985370974039,1696
basic_appreq,4569089,1985375582042,1696
basic_appreq,4692600,1985380323845,1696
basic_appreq,5467276,1985385837286,1696
basic_appreq,5112179,1985390996575,1696
basic_appreq,5637830,1985396680444,1696
basic_appreq,5523594,1985402248263,1696
basic_appreq,5389382,1985407683934,1696
basic_appreq,5190855,1985412920257,1696
basic_appreq,5599730,1985418564876,1696
basic_appreq,5499711,1985424112323,1696
basic_appreq,4956486,1985429114810,1696
basic_appreq,4755744,1985433912468,1696
basic_appreq,4843375,1985438800638,1696
basic_appreq,6003242,1985444860051,1696
basic_appreq,5120078,1985450030293,1696
basic_appreq,5326577,1985455399336,1696
basic_appreq,5667475,1985461110216,1696
basic_appreq,5511978,1985466662925,1696
basic_appreq,5744037,1985472455472,1696
basic_appreq,5047162,1985477544037,1696
basic_appreq,5634177,1985483223822,1696
basic_appreq,5313108,1985488579546,1696
basic_appreq,5019368,1985493638937,1696
basic_appreq,5279940,1985498961386,1696
basic_appreq,5293366,1985504298526,1696
basic_appreq,5625152,1985509976800,1696
basic_appreq,3117693,1985513145399,1696
basic_appreq,4597113,1985517795176,1696
basic_appreq,4481527,1985522316600,1696
basic_appreq,4374322,1985526738874,1696
basic_appreq,4672164,1985531443700,1696
basic_appreq,4733818,1985536217021,1696
basic_appreq,4940144,1985541197441,1696
basic_appreq,4886859,1985546122472,1696
basic_appreq,5143637,1985551305772,1696
basic_appreq,4534328,1985555883689,1696
basic_appreq,5304059,1985561233776,1696
basic_appreq,5401276,1985566677462,1696
basic_appreq,5503322,1985572230330,1696
basic_appreq,6171414,1985578455272,1696
basic_appreq,5854754,1985584368300,1696
basic_appreq,4296581,1985588706491,1696
basic_appreq,5475595,1985594235641,1696
basic_appreq,5396929,1985599672147,1696
basic_appreq,5717342,1985605431117,1696
basic_appreq,5172582,1985610667783,1696
basic_appreq,4666675,1985615374638,1696
basic_appreq,5579274,1985621015174,1696
basic_appreq,4885764,1985625943474,1696
basic_appreq,5382643,1985631378714,1696
basic_appreq,6523679,1985637946038,1696
basic_appreq,5398862,1985643386079,1696
basic_appreq,5407089,1985648832857,1696
basic_appreq,5394679,1985654269196,1696
basic_appreq,5287834,1985659598376,1696
basic_appreq,5391100,1985665036751,1696
basic_appreq,5273816,1985670365786,1696
basic_appreq,6473537,1985676897932,1696
basic_appreq,5190739,1985682133866,1696
basic_appreq,4383031,1985686575774,1696
basic_appreq,5140380,1985691757681,1696
basic_appreq,4528019,1985696340366,1696
basic_appreq,4603553,1985700988742,1696
basic_appreq,3777103,1985704805561,1696
basic_appreq,3368910,1985708221451,1696
basic_appreq,4485681,1985712743543,1696
basic_appreq,4821639,1985717601160,1696
basic_appreq,5337362,1985722991070,1696
basic_appreq,5229163,1985728254923,1696
basic_appreq,4883670,1985733188583,1696
basic_appreq,5000518,1985738227306,1696
basic_appreq,5033948,1985743306244,1696
basic_appreq,4266214,1985747632642,1696
basic_appreq,5196580,1985752877064,1696
basic_appreq,4831504,1985757746380,1696
basic_appreq,4584486,1985762364921,1696
basic_appreq,4943732,1985767365265,1696
basic_appreq,5330138,1985772749705,1696
basic_appreq,6215795,1985779026012,1696
basic_appreq,5651663,1985784735943,1696
basic_appreq,4650054,1985789426896,1696
basic_appreq,5226496,1985794696668,1696
basic_appreq,5324115,1985800056209,1696
basic_appreq,5722464,1985805832885,1696
basic_appreq,5421991,1985811301856,1696
basic_appreq,5558061,1985816898285,1696
basic_appreq,5063384,1985822016970,1696
basic_appreq,4772330,1985826828959,1696
basic_appreq,5035877,1985831915606,1696
basic_appreq,6475262,1985838432010,1696
basic_appreq,5366950,1985843838570,1696
basic_appreq,5040729,1985848919326,1696
basic_appreq,5160937,1985854122054,1696
basic_appreq,5394893,1985859564140,1696
basic_appreq,5394140,1985864996813,1696
basic_appreq,5250048,1985870288623,1696
basic_appreq,4612136,1985874938904,1696
basic_appreq,5513124,1985880498488,1696
basic_appreq,5187654,1985885728906,1696
basic_appreq,5497300,1985891264549,1696
basic_appreq,5476928,1985896794277,1696
basic_appreq,5580697,1985902436831,1696
basic_appreq,5692408,1985908173078,1696
basic_appreq,3167526,1985911407122,1696
basic_appreq,4756616,1985916202929,1696
basic_appreq,4621586,1985920860611,1696
basic_appreq,5454995,1985926371774,1696
basic_appreq,5326585,1985931738068,1696
basic_appreq,5423289,1985937202053,1696
basic_appreq,4737459,1985941978467,1696
basic_appreq,5798217,1985947816009,1696
basic_appreq,5383738,1985953248354,1696
basic_appreq,5670429,1985958958216,1696
basic_appreq,4843368,1985963853820,1696
basic_appreq,5287019,1985969179027,1696
basic_appreq,5276637,1985974494264,1696
basic_appreq,5360352,1985979893256,1696
basic_appreq,3035447,1985982982229,1696
basic_appreq,3454490,1985986474066,1696
basic_appreq,6027892,1985992540725,1696
basic_appreq,5290827,1985997869250,1696
basic_appreq,5232332,1986003139999,1696
basic_appreq,5384217,1986008562398,1696
basic_appreq,5191932,1986013792538,1696
basic_appreq,5741520,1986019581290,1696
basic_appreq,5263766,1986024890414,1696
basic_appreq,5672567,1986030601735,1696
basic_appreq,4967307,1986035607700,1696
basic_appreq,5699488,1986041347062,1696
basic_appreq,5567339,1986046951968,1696
basic_appreq,5108857,1986052104899,1696
basic_appreq,5729067,1986057872826,1696
basic_appreq,5172029,1986063084508,1696
basic_appreq,4972725,1986068097360,1696
basic_appreq,5320122,1986073462126,1696
basic_appreq,6227142,1986079731085,1696
basic_appreq,4929185,1986084704501,1696
basic_appreq,5064078,1986089815731,1696
basic_appreq,4877612,1986094737426,1696
basic_appreq,3372379,1986098154379,1696
basic_appreq,4838614,1986103031986,1696
basic_appreq,5035547,1986108104884,1696
basic_appreq,4735213,1986112877227,1696
basic_appreq,3713254,1986116628355,1696
basic_appreq,4796434,1986121477627,1696
basic_appreq,5263504,1986126777332,1696
basic_appreq,4732223,1986131548242,1696
basic_appreq,4804234,1986136392561,1696
basic_appreq,4485916,1986140913381,1696
basic_appreq,3455358,1986144408633,1696
basic_appreq,4815374,1986149258564,1696
basic_appreq,3598058,1986152897420,1696
basic_appreq,4435677,1986157370802,1696
basic_appreq,4584788,1986161994327,1696
basic_appreq,4905877,1986166937597,1696
basic_appreq,5247235,1986172221616,1696
basic_appreq,4870401,1986177133292,1696
basic_appreq,5276272,1986182450248,1696
basic_appreq,3154171,1986185646454,1696
basic_appreq,3315501,1986189006519,1696
basic_appreq,5109122,1986194152441,1696
basic_appreq,5177868,1986199383996,1696
basic_appreq,5468968,1986204887842,1696
basic_appreq,5055498,1986209983861,1696
basic_appreq,5242848,1986215278709,1696
basic_appreq,5733865,1986221056243,1696
basic_appreq,6143328,1986227250428,1696
basic_appreq,5043396,1986232335530,1696
basic_appreq,5527118,1986237904486,1696
basic_appreq,5320980,1986243269520,1696
basic_appreq,5306816,1986248621034,1696
basic_appreq,5393448,1986254055038,1696
basic_appreq,5431840,1986259529893,1696
basic_appreq,5470295,1986265045403,1696
basic_appreq,6478670,1986271579664,1696
basic_appreq,4904407,1986276526619,1696
basic_appreq,5078971,1986281647034,1696
basic_appreq,5172250,1986286860304,1696
basic_appreq,6096482,1986293004171,1696
basic_appreq,4052032,1986297097552,1696
basic_appreq,4614806,1986301761447,1696
basic_appreq,5129575,1986306932227,1696
basic_appreq,5733026,1986312698451,1696
basic_appreq,4987138,1986317720333,1696
basic_appreq,5300218,1986323059840,1696
basic_appreq,5694529,1986328798626,1696
basic_appreq,4682156,1986333522546,1696
basic_appreq,5218746,1986338791329,1696
basic_appreq,4729760,1986343562961,1696
basic_appreq,5323721,1986348941056,1696
basic_appreq,4594344,1986353572412,1696
basic_appreq,5049649,1986358678911,1696
basic_appreq,4667901,1986363386464,1696
basic_appreq,4653512,1986368078204,1696
basic_appreq,4820829,1986372941757,1696
basic_appreq,4803387,1986377784168,1696
basic_appreq,4443829,1986382267312,1696
basic_appreq,2958083,1986385278741,1696
basic_appreq,5007521,1986390327640,1696
basic_appreq,4760748,1986395127991,1696
basic_appreq,4585668,1986399759705,1696
basic_appreq,3361443,1986403170808,1696
basic_appreq,4526059,1986407732992,1696
basic_appreq,4817442,1986412589792,1696
basic_appreq,4527977,1986417163221,1696
basic_appreq,3602589,1986420814323,1696
basic_appreq,4641196,1986425495256,1696
basic_appreq,4646800,1986430185501,1696
basic_appreq,4301476,1986434527689,1696
basic_appreq,4424400,1986438990429,1696
basic_appreq,5260088,1986444298927,1696
basic_appreq,5399668,1986449736706,1696
basic_appreq,4937454,1986454712938,1696
basic_appreq,4986788,1986459739132,1696
basic_appreq,5180276,1986464969398,1696
basic_appreq,5261231,1986470276586,1696
basic_appreq,5890805,1986476219336,1696
basic_appreq,5280231,1986481545218,1696
basic_appreq,5072108,1986486658636,1696
basic_appreq,6161503,1986492871065,1696
basic_appreq,5285431,1986498205163,1696
basic_appreq,5259582,1986503506670,1696
basic_appreq,4966116,1986508513678,1696
basic_appreq,6069473,1986514646043,1696
basic_appreq,4912141,1986519599344,1696
basic_appreq,5162056,1986524802275,1696
basic_appreq,3433017,1986528289708,1696
basic_appreq,4539860,1986532869545,1696
basic_appreq,4491033,1986537412718,1696
basic_appreq,4660871,1986542117796,1696
basic_appreq,4207246,1986546376273,1696
basic_appreq,5386152,1986551796585,1696
basic_appreq,4965512,1986556795696,1696
basic_appreq,4766442,1986561607222,1696
basic_appreq,4697907,1986566344890,1696
basic_appreq,4456579,1986570836360,1696
basic_appreq,5117982,1986575991914,1696
basic_appreq,4543891,1986580604578,1696
basic_appreq,5616512,1986586272500,1696
basic_appreq,3581994,1986589899501,1696
basic_appreq,4451758,1986594406109,1696
basic_appreq,4700582,1986599144692,1696
basic_appreq,4341533,1986603527238,1696
basic_appreq,5387652,1986608956904,1696
basic_appreq,4572483,1986613571336,1696
basic_appreq,5389842,1986619003050,1696
basic_appreq,4439659,1986623478077,1696
basic_appreq,5400261,1986628923288,1696
basic_appreq,4610229,1986633579995,1696
basic_appreq,3815597,1986637447093,1696
basic_appreq,4990361,1986642478964,1696
basic_appreq,4236244,1986646754590,1696
basic_appreq,4584934,1986651380787,1696
basic_appreq,4954862,1986656383811,1696
basic_appreq,4921581,1986661351219,1696
basic_appreq,3730364,1986665124973,1696
basic_appreq,5628372,1986670785940,1696
basic_appreq,5573177,1986676401533,1696
basic_appreq,5253240,1986681710542,1696
basic_appreq,5686610,1986687439405,1696
basic_appreq,5431102,1986692910761,1696
basic_appreq,4911289,1986697876277,1696
basic_appreq,5449391,1986703373046,1696
basic_appreq,3290090,1986706729496,1696
basic_appreq,4782829,1986711592021,1696
basic_appreq,4655223,1986716290842,1696
basic_appreq,4101309,1986720431512,1696
basic_appreq,5050043,1986725516331,1696
basic_appreq,5328537,1986730886732,1696
basic_appreq,6083085,1986737008434,1696
basic_appreq,5309145,1986742358551,1696
basic_appreq,4605310,1986747010216,1696
basic_appreq,4791100,1986751842154,1696
basic_appreq,5780837,1986757675111,1696
basic_appreq,5537206,1986763251394,1696
basic_appreq,5179347,1986768467392,1696
basic_appreq,4748296,1986773256396,1696
basic_appreq,5278882,1986778585225,1696
basic_appreq,5245966,1986783876574,1696
basic_appreq,3174894,1986787091363,1696
basic_appreq,3951378,1986791083266,1696
basic_appreq,4719098,1986795842602,1696
basic_appreq,5425877,1986801309785,1696
basic_appreq,4731411,1986806082941,1696
basic_appreq,5069621,1986811191517,1696
basic_appreq,4690719,1986815920035,1696
basic_appreq,5257337,1986821214548,1696
basic_appreq,4430961,1986825683921,1696
basic_appreq,3446707,1986829171490,1696
basic_appreq,4242927,1986833448638,1696
basic_appreq,4822783,1986838313223,1696
basic_appreq,5187489,1986843540644,1696
basic_appreq,4714149,1986848303385,1696
basic_appreq,4949582,1986853297501,1696
basic_appreq,4468883,1986857822212,1696
basic_appreq,5039449,1986862900325,1696
basic_appreq,3395507,1986866339919,1696
basic_appreq,4433356,1986870816163,1696
basic_appreq,5082700,1986875937921,1696
basic_appreq,4773910,1986880750823,1696
basic_appreq,4144127,1986884934543,1696
basic_appreq,3694309,1986888667245,1696
basic_appreq,4736203,1986893444391,1696
basic_appreq,5673168,1986899163248,1696
basic_appreq,4736566,1986903939340,1696
basic_appreq,4510906,1986908487379,1696
basic_appreq,4741900,1986913266231,1696
basic_appreq,5314027,1986918614950,1696
basic_appreq,5328066,1986923981750,1696
basic_appreq,4948990,1986928994248,1696
basic_appreq,4990534,1986934023574,1696
basic_appreq,5348658,1986939407150,1696
basic_appreq,6472303,1986945917336,1696
basic_appreq,5231062,1986951193658,1696
basic_appreq,5036095,1986956278080,1696
basic_appreq,4131356,1986960448788,1696
basic_appreq,4866772,1986965359814,1696
basic_appreq,3583759,1986968998877,1696
basic_appreq,4212480,1986973248192,1696
basic_appreq,5082526,1986978371661,1696
basic_appreq,4007531,1986982417885,1696
basic_appreq,4282937,1986986740904,1696
basic_appreq,4593330,1986991370583,1696
basic_appreq,4316614,1986995726187,1696
basic_appreq,5578233,1987001351152,1696
basic_appreq,5236736,1987006621046,1696
basic_appreq,5063832,1987011724538,1696
basic_appreq,5175385,1987016951541,1696
basic_appreq,5629847,1987022632188,1696
basic_appreq,5518781,1987028190459,1696
basic_appreq,4860456,1987033094227,1696
basic_appreq,6108443,1987039253356,1696
basic_appreq,5244202,1987044538714,1696
basic_appreq,3444091,1987048036809,1696
basic_appreq,4457782,1987052532538,1696
basic_appreq,3603371,1987056172114,1696
basic_appreq,5511361,1987061720381,1696
basic_appreq,5197913,1987066957375,1696
basic_appreq,5348626,1987072344595,1696
basic_appreq,5500838,1987077888333,1696
basic_appreq,4628984,1987082556104,1696
basic_appreq,4563530,1987087156511,1696
basic_appreq,4421685,1987091618006,1696
basic_appreq,3295623,1987094949135,1696
basic_appreq,4658320,1987099646942,1696
basic_appreq,4865455,1987104544589,1696
basic_appreq,4422941,1987109006410,1696
basic_appreq,4364066,1987113413254,1696
basic_appreq,3967061,1987117416907,1696
basic_appreq,4593219,1987122046219,1696
basic_appreq,5554090,1987127639521,1696
basic_appreq,5808268,1987133487753,1696
basic_appreq,5569906,1987139118435,1696
basic_appreq,5463167,1987144622033,1696
basic_appreq,4332552,1987148993665,1696
basic_appreq,5136256,1987154166949,1696
basic_appreq,4765150,1987158973110,1696
basic_appreq,5835869,1987164849095,1696
basic_appreq,4652654,1987169546493,1696
basic_appreq,5662038,1987175265249,1696
basic_appreq,5935359,1987181249082,1696
basic_appreq,5166937,1987186456317,1696
basic_appreq,3492182,1987189992468,1696
basic_appreq,4528558,1987194564684,1696
basic_appreq,5479928,1987200080999,1696
basic_appreq,3222024,1987203354647,1696
basic_appreq,5394184,1987208798952,1696
basic_appreq,5015460,1987213853370,1696
basic_appreq,5218231,1987219113126,1696
basic_appreq,5831518,1987224981921,1696
basic_appreq,3072473,1987228091596,1696
basic_appreq,3354237,1987231490350,1696
basic_appreq,5343352,1987236871093,1696
basic_appreq,4040771,1987240947794,1696
basic_appreq,4604407,1987245589431,1696
basic_appreq,5237195,1987250878634,1696
basic_appreq,5253797,1987256167266,1696
basic_appreq,6024978,1987262236468,1696
basic_appreq,4930610,1987267208328,1696
basic_appreq,5271496,1987272522986,1696
basic_appreq,4534772,1987277111675,1696
basic_appreq,4415828,1987281583064,1696
basic_appreq,4903069,1987286523387,1696
basic_appreq,3912807,1987290498459,1696
basic_appreq,4598834,1987295139111,1696
basic_appreq,4067149,1987299258813,1696
basic_appreq,5030073,1987304322651,1696
basic_appreq,4031411,1987308394066,1696
basic_appreq,4394209,1987312829889,1696
basic_appreq,5174080,1987318047491,1696
basic_appreq,5343399,1987323423576,1696
basic_appreq,5133781,1987328590750,1696
basic_appreq,5090699,1987333731506,1696
basic_appreq,5248831,1987339016177,1696
basic_appreq,3265861,1987342342303,1696
basic_appreq,3751527,1987346138196,1696
basic_appreq,4654196,1987350833801,1696
basic_appreq,5272414,1987356146407,1696
basic_appreq,5211236,1987361397160,1696
basic_appreq,5252602,1987366694132,1696
basic_appreq,5473752,1987372207763,1696
basic_appreq,4270171,1987376516097,1696
basic_appreq,3521020,1987380085170,1696
basic_appreq,4838733,1987384967803,1696
basic_appreq,4425375,1987389435914,1696
basic_appreq,4122262,1987393614559,1696
basic_appreq,5052437,1987398709192,1696
basic_appreq,5151617,1987403906737,1696
basic_appreq,4840134,1987408794128,1696
basic_appreq,5315587,1987414150510,1696
basic_appreq,5038976,1987419228550,1696
basic_appreq,5369187,1987424640369,1696
basic_appreq,5176985,1987429858838,1696
basic_appreq,5527827,1987435428593,1696
basic_appreq,4562037,1987440062870,1696
basic_appreq,5145494,1987445276134,1696
basic_appreq,4270993,1987449585116,1696
basic_appreq,4676201,1987454296173,1696
basic_appreq,4933783,1987459264275,1696
basic_appreq,3295374,1987462603984,1696
basic_appreq,4431914,1987467086847,1696
basic_appreq,4908459,1987472041487,1696
basic_appreq,4648286,1987476738068,1696
basic_appreq,5252888,1987482031184,1696
basic_appreq,5217176,1987487290183,1696
basic_appreq,5266551,1987492603492,1696
basic_appreq,5463327,1987498110879,1696
basic_appreq,4240992,1987502397755,1696
basic_appreq,5739429,1987508195559,1696
basic_appreq,5673081,1987513905589,1696
basic_appreq,5217965,1987519170330,1696
basic_appreq,5162848,1987524374452,1696
basic_appreq,4927285,1987529342729,1696
basic_appreq,4472665,1987533864481,1696
basic_appreq,3945925,1987537839605,1696
basic_appreq,4067352,1987541954683,1696
basic_appreq,4014403,1987546017866,1696
basic_appreq,3170168,1987549216262,1696
#end,11,2539,1696
