20260216-110055-5873 29796 * main            (benchmark.cc:402): Starting benchmark.
20260216-110100-2964 29796 * main            (benchmark.cc:621): Creating a default paritioner!
20260216-110100-2966 29796 * Client          (client.cc:75):     Initializing StrongStore client with id [86]
20260216-110100-2967 29796 * BenchmarkClient (bench_client.cc:81): starting benchclient, issueConcurrent: 1; fanout: 1
Session created: 0
last_service: , current_state: 0
Session continued: 0
last_service: , current_state: 0
Session destroyed: 18446744073709551615
last_service: , current_state: 0
20260216-110105-6834 29796 * WarmupDone      (bench_client.cc:726): Completed warmup period of 5 seconds with 1015 requests
20260216-110116-6854 29796 * Finish          (bench_client.cc:920): Completed 2207 requests in 11.002450 seconds
20260216-110116-6855 29796 * Finish          (bench_client.cc:921): 1 outstanding transactions.
Session continued: 0
last_service: , current_state: 0
Session destroyed: 18446744073709551615
last_service: , current_state: 0
Session continued: 0
last_service: , current_state: 0
Session destroyed: 18446744073709551615
last_service: , current_state: 0
Session destroyed: 0
last_service: , current_state: 0
20260216-110119-6837 29796 * FlushStats      (benchmark.cc:890): Flushing stats to /mnt/extra/experiments/2026-03-16-11-00-31/out/client-0-0-86-stats-0.json.
20260216-110119-6839 29796 * FlushStats      (benchmark.cc:902): All done!
20260216-110121-6871 29796 * Cleanup         (bench_client.cc:748): Aborting 0 outstanding transactions.
20260216-110121-6872 29796 * CooldownDone    (bench_client.cc:778): Finished cooldown period.
20260216-110121-6885 29796 * CooldownDone    (bench_client.cc:785): Median latency is 5011462 ns (5011 us)
20260216-110121-6886 29796 * CooldownDone    (bench_client.cc:794): Average latency is 4939441 ns (4939 us)
20260216-110121-6886 29796 * CooldownDone    (bench_client.cc:798): 90th percentile latency is 5613446 ns (5613 us)
20260216-110121-6887 29796 * CooldownDone    (bench_client.cc:802): 95th percentile latency is 5810223 ns (5810 us)
20260216-110121-6887 29796 * CooldownDone    (bench_client.cc:806): 99th percentile latency is 6312383 ns (6312 us)
20260216-110121-6887 29796 * LATENCY total: 2944 us 4939 us/4194 us 54 ms (2208 samples, 10 s total)
20260216-110121-6888 29796 *    2097 us |        280 | =======
20260216-110121-6888 29796 *    4194 us |       1924 | ==================================================
20260216-110121-6888 29796 *    8388 us |          3 | 
20260216-110121-6889 29796 *      16 ms |          0 |
20260216-110121-6889 29796 *      33 ms |          1 | 
20260216-110121-7648 29796 * Stop            (tcptransport.cc:581): [TCP SUMMARY] outgoingCreated=1 outgoingClosed=0 incomingCreated=0 incomingClosed=0 outgoingPeak=1 incomingPeak=0
Inserted events:
  0x557cc183cf60 [fd  7] Read Persist Internal
  0x557cc1853510 [fd  9] Read Persist
Active events:
20260216-110121-7649 29796 * main            (benchmark.cc:849): Cleaning up after experiment.
20260216-110121-7649 29796 * FlushStats      (benchmark.cc:890): Flushing stats to /mnt/extra/experiments/2026-03-16-11-00-31/out/client-0-0-86-stats-0.json.
20260216-110121-7650 29796 * FlushStats      (benchmark.cc:902): All done!
