20260216-110055-5652 29726 * main            (benchmark.cc:402): Starting benchmark.
20260216-110100-2706 29726 * main            (benchmark.cc:621): Creating a default paritioner!
20260216-110100-2708 29726 * Client          (client.cc:75):     Initializing StrongStore client with id [47]
20260216-110100-2709 29726 * BenchmarkClient (bench_client.cc:81): starting benchclient, issueConcurrent: 1; fanout: 1
Session created: 0
last_service: , current_state: 0
Session continued: 0
last_service: , current_state: 0
Session destroyed: 18446744073709551615
last_service: , current_state: 0
20260216-110105-6769 29726 * WarmupDone      (bench_client.cc:726): Completed warmup period of 5 seconds with 1026 requests
20260216-110116-6779 29726 * Finish          (bench_client.cc:920): Completed 2208 requests in 11.004593 seconds
20260216-110116-6780 29726 * Finish          (bench_client.cc:921): 1 outstanding transactions.
Session continued: 0
last_service: , current_state: 0
Session destroyed: 18446744073709551615
last_service: , current_state: 0
Session continued: 0
last_service: , current_state: 0
Session destroyed: 18446744073709551615
last_service: , current_state: 0
Session destroyed: 0
last_service: , current_state: 0
20260216-110119-6772 29726 * FlushStats      (benchmark.cc:890): Flushing stats to /mnt/extra/experiments/2026-03-16-11-00-31/out/client-0-0-47-stats-0.json.
20260216-110119-6774 29726 * FlushStats      (benchmark.cc:902): All done!
20260216-110121-6812 29726 * Cleanup         (bench_client.cc:748): Aborting 0 outstanding transactions.
20260216-110121-6812 29726 * CooldownDone    (bench_client.cc:778): Finished cooldown period.
20260216-110121-6818 29726 * CooldownDone    (bench_client.cc:785): Median latency is 4986525 ns (4986 us)
20260216-110121-6819 29726 * CooldownDone    (bench_client.cc:794): Average latency is 4937811 ns (4937 us)
20260216-110121-6819 29726 * CooldownDone    (bench_client.cc:798): 90th percentile latency is 5627117 ns (5627 us)
20260216-110121-6819 29726 * CooldownDone    (bench_client.cc:802): 95th percentile latency is 5821382 ns (5821 us)
20260216-110121-6819 29726 * CooldownDone    (bench_client.cc:806): 99th percentile latency is 6302528 ns (6302 us)
20260216-110121-6820 29726 * LATENCY total: 2447 us 4937 us/4194 us 53 ms (2209 samples, 10 s total)
20260216-110121-6820 29726 *    2097 us |        276 | =======
20260216-110121-6820 29726 *    4194 us |       1929 | ==================================================
20260216-110121-6820 29726 *    8388 us |          3 | 
20260216-110121-6820 29726 *      16 ms |          0 |
20260216-110121-6820 29726 *      33 ms |          1 | 
20260216-110121-7319 29726 * Stop            (tcptransport.cc:581): [TCP SUMMARY] outgoingCreated=1 outgoingClosed=0 incomingCreated=0 incomingClosed=0 outgoingPeak=1 incomingPeak=0
Inserted events:
  0x55dd3b69ff60 [fd  7] Read Persist Internal
  0x55dd3b6b6510 [fd  9] Read Persist
Active events:
20260216-110121-7321 29726 * main            (benchmark.cc:849): Cleaning up after experiment.
20260216-110121-7321 29726 * FlushStats      (benchmark.cc:890): Flushing stats to /mnt/extra/experiments/2026-03-16-11-00-31/out/client-0-0-47-stats-0.json.
20260216-110121-7322 29726 * FlushStats      (benchmark.cc:902): All done!
