basic_appreq,5861935,1976534469701,1792
basic_appreq,5683905,1976540251226,1792
basic_appreq,5495639,1976545789090,1792
basic_appreq,5081420,1976550912993,1792
basic_appreq,3703469,1976554653558,1792
basic_appreq,5951342,1976560651408,1792
basic_appreq,4663393,1976565355220,1792
basic_appreq,5901731,1976571300486,1792
basic_appreq,5337387,1976576677625,1792
basic_appreq,5479784,1976582200638,1792
basic_appreq,5945172,1976588187301,1792
basic_appreq,3825080,1976592063260,1792
basic_appreq,4687301,1976596793455,1792
basic_appreq,5763801,1976602596244,1792
basic_appreq,5169591,1976607807224,1792
basic_appreq,5162303,1976613016260,1792
basic_appreq,4774962,1976617837865,1792
basic_appreq,4674344,1976622558868,1792
basic_appreq,5395982,1976627993242,1792
basic_appreq,5458933,1976633519115,1792
basic_appreq,5463779,1976639023616,1792
basic_appreq,5196379,1976644256927,1792
basic_appreq,5604313,1976649900765,1792
basic_appreq,5655633,1976655600134,1792
basic_appreq,3849441,1976659493064,1792
basic_appreq,5317728,1976664848273,1792
basic_appreq,6341383,1976671226887,1792
basic_appreq,4630300,1976675896402,1792
basic_appreq,5971314,1976681908874,1792
basic_appreq,5998331,1976687945234,1792
basic_appreq,9451351,1976697433896,1792
basic_appreq,5748627,1976703221348,1792
basic_appreq,6180772,1976709438124,1792
basic_appreq,5041524,1976714520360,1792
basic_appreq,5856231,1976720414720,1792
basic_appreq,4839282,1976725294890,1792
basic_appreq,5340702,1976730673276,1792
basic_appreq,5044929,1976735757661,1792
basic_appreq,5104924,1976740906937,1792
basic_appreq,5451319,1976746396567,1792
basic_appreq,5761903,1976752199516,1792
basic_appreq,5028877,1976757268758,1792
basic_appreq,4927924,1976762243394,1792
basic_appreq,5900144,1976768179959,1792
basic_appreq,5265968,1976773495018,1792
basic_appreq,5114828,1976778655924,1792
basic_appreq,5378195,1976784083332,1792
basic_appreq,5272062,1976789398170,1792
basic_appreq,4962778,1976794403754,1792
basic_appreq,5128829,1976799574859,1792
basic_appreq,5146268,1976804767061,1792
basic_appreq,5140394,1976809948859,1792
basic_appreq,4972103,1976814957967,1792
basic_appreq,5590856,1976820594641,1792
basic_appreq,5052335,1976825690874,1792
basic_appreq,5787148,1976831520474,1792
basic_appreq,5947816,1976837508103,1792
basic_appreq,5615295,1976843163923,1792
basic_appreq,5030594,1976848235687,1792
basic_appreq,5297751,1976853579333,1792
basic_appreq,4985125,1976858604253,1792
basic_appreq,5987508,1976864640633,1792
basic_appreq,5106167,1976869789100,1792
basic_appreq,5205147,1976875034557,1792
basic_appreq,3876848,1976878954553,1792
basic_appreq,4850302,1976883852834,1792
basic_appreq,5209536,1976889104586,1792
basic_appreq,5416792,1976894571302,1792
basic_appreq,5894267,1976900502909,1792
basic_appreq,5789302,1976906331263,1792
basic_appreq,4901012,1976911283133,1792
basic_appreq,5614153,1976916939311,1792
basic_appreq,4665422,1976921645749,1792
basic_appreq,5056114,1976926743726,1792
basic_appreq,5642113,1976932430120,1792
basic_appreq,5616654,1976938086424,1792
basic_appreq,4632553,1976942762832,1792
basic_appreq,5153906,1976947956554,1792
basic_appreq,5178021,1976953172595,1792
basic_appreq,5174188,1976958394950,1792
basic_appreq,5208110,1976963642723,1792
basic_appreq,5012063,1976968691759,1792
basic_appreq,5682320,1976974421811,1792
basic_appreq,4457195,1976978920175,1792
basic_appreq,4695254,1976983660678,1792
basic_appreq,5038694,1976988737749,1792
basic_appreq,5166838,1976993949879,1792
basic_appreq,6075809,1977000068174,1792
basic_appreq,5324883,1977005438452,1792
basic_appreq,3869377,1977009347699,1792
basic_appreq,6397831,1977015782723,1792
basic_appreq,5274254,1977021095193,1792
basic_appreq,5633593,1977026768822,1792
basic_appreq,5272436,1977032080420,1792
basic_appreq,5390475,1977037510682,1792
basic_appreq,6113978,1977043670340,1792
basic_appreq,5285655,1977048996399,1792
basic_appreq,6181821,1977055218771,1792
basic_appreq,4725617,1977059982293,1792
basic_appreq,5189987,1977065236071,1792
basic_appreq,4713862,1977069991664,1792
basic_appreq,5573986,1977075611708,1792
basic_appreq,3978294,1977079628711,1792
basic_appreq,4985142,1977084684374,1792
basic_appreq,5285351,1977090014751,1792
basic_appreq,4951262,1977095006171,1792
basic_appreq,5106580,1977100151538,1792
basic_appreq,3225302,1977103418899,1792
basic_appreq,4586387,1977108047809,1792
basic_appreq,4329700,1977112421491,1792
basic_appreq,5172839,1977117632502,1792
basic_appreq,5065018,1977122734977,1792
basic_appreq,4950882,1977127725408,1792
basic_appreq,5210730,1977132974057,1792
basic_appreq,4910752,1977137922115,1792
basic_appreq,5057961,1977143019829,1792
basic_appreq,4268785,1977147327649,1792
basic_appreq,4823849,1977152195825,1792
basic_appreq,4527203,1977156762878,1792
basic_appreq,5242928,1977162052425,1792
basic_appreq,4929881,1977167022651,1792
basic_appreq,4994534,1977172056096,1792
basic_appreq,5285950,1977177380419,1792
basic_appreq,5011754,1977182428597,1792
basic_appreq,5796139,1977188270079,1792
basic_appreq,5654005,1977193964469,1792
basic_appreq,5164037,1977199165944,1792
basic_appreq,5034043,1977204237304,1792
basic_appreq,4545909,1977208821115,1792
basic_appreq,5591891,1977214463255,1792
basic_appreq,5567125,1977220067211,1792
basic_appreq,5082106,1977225189872,1792
basic_appreq,5193546,1977230421393,1792
basic_appreq,5203415,1977235662306,1792
basic_appreq,5074253,1977240773516,1792
basic_appreq,5141510,1977245953672,1792
basic_appreq,5400807,1977251393022,1792
basic_appreq,4991835,1977256423025,1792
basic_appreq,4887506,1977261348843,1792
basic_appreq,5381534,1977266776087,1792
basic_appreq,5157208,1977271976392,1792
basic_appreq,6135289,1977278177654,1792
basic_appreq,5620284,1977283835208,1792
basic_appreq,5150264,1977289025221,1792
basic_appreq,5342098,1977294406173,1792
basic_appreq,5281708,1977299725907,1792
basic_appreq,5153070,1977304916742,1792
basic_appreq,4432712,1977309386196,1792
basic_appreq,4167106,1977313593300,1792
basic_appreq,4392655,1977318025518,1792
basic_appreq,5712785,1977323781847,1792
basic_appreq,3117582,1977326940559,1792
basic_appreq,4433190,1977331416048,1792
basic_appreq,4281704,1977335738259,1792
basic_appreq,4778429,1977340556240,1792
basic_appreq,4981091,1977345578124,1792
basic_appreq,6182257,1977351804256,1792
basic_appreq,5051806,1977356895203,1792
basic_appreq,4647017,1977361581575,1792
basic_appreq,4938011,1977366558624,1792
basic_appreq,5240338,1977371839086,1792
basic_appreq,5297069,1977377177034,1792
basic_appreq,5289586,1977382506705,1792
basic_appreq,5398314,1977387944771,1792
basic_appreq,5788715,1977393773442,1792
basic_appreq,4931268,1977398742882,1792
basic_appreq,5390581,1977404171710,1792
basic_appreq,4472071,1977408682953,1792
basic_appreq,4893175,1977413616669,1792
basic_appreq,3769111,1977417428974,1792
basic_appreq,4555536,1977422023612,1792
basic_appreq,3718379,1977425779888,1792
basic_appreq,4914935,1977430732307,1792
basic_appreq,5059103,1977435830445,1792
basic_appreq,5457884,1977441325322,1792
basic_appreq,5349739,1977446712967,1792
basic_appreq,5370434,1977452120299,1792
basic_appreq,4927078,1977457088479,1792
basic_appreq,5158326,1977462293279,1792
basic_appreq,3575820,1977465911394,1792
basic_appreq,4782695,1977470737448,1792
basic_appreq,4588569,1977475363571,1792
basic_appreq,3962913,1977479360606,1792
basic_appreq,5176673,1977484570170,1792
basic_appreq,5029956,1977489638697,1792
basic_appreq,5315668,1977494992937,1792
basic_appreq,5443651,1977500475442,1792
basic_appreq,5262207,1977505777995,1792
basic_appreq,3283301,1977509100301,1792
basic_appreq,4483024,1977513627518,1792
basic_appreq,3844055,1977517513348,1792
basic_appreq,5104740,1977522655349,1792
basic_appreq,3768972,1977526467500,1792
basic_appreq,4275149,1977530778761,1792
basic_appreq,4532764,1977535345875,1792
basic_appreq,3720005,1977539106304,1792
basic_appreq,4761349,1977543904588,1792
basic_appreq,5377053,1977549317928,1792
basic_appreq,5424246,1977554779302,1792
basic_appreq,5537491,1977560353962,1792
basic_appreq,4911051,1977565303584,1792
basic_appreq,5607457,1977570956230,1792
basic_appreq,5340707,1977576335940,1792
basic_appreq,5031465,1977581404387,1792
basic_appreq,5218957,1977586669151,1792
basic_appreq,5292051,1977592025371,1792
basic_appreq,5676988,1977597744941,1792
basic_appreq,5220684,1977603004049,1792
basic_appreq,5109906,1977608151332,1792
basic_appreq,4969443,1977613158703,1792
basic_appreq,5203309,1977618401100,1792
basic_appreq,3137671,1977621583729,1792
basic_appreq,3418243,1977625046760,1792
basic_appreq,4603531,1977629686317,1792
basic_appreq,4983154,1977634706724,1792
basic_appreq,4332697,1977639077362,1792
basic_appreq,4692825,1977643807572,1792
basic_appreq,4377063,1977648225772,1792
basic_appreq,4296558,1977652558893,1792
basic_appreq,4916437,1977657519216,1792
basic_appreq,4812685,1977662369836,1792
basic_appreq,5106460,1977667519532,1792
basic_appreq,3150979,1977670713200,1792
basic_appreq,3675855,1977674431084,1792
basic_appreq,5181319,1977679651541,1792
basic_appreq,5386100,1977685075664,1792
basic_appreq,5079999,1977690193022,1792
basic_appreq,3121298,1977693357822,1792
basic_appreq,4832185,1977698235079,1792
basic_appreq,3983086,1977702254405,1792
basic_appreq,5044892,1977707336811,1792
basic_appreq,5419139,1977712789747,1792
basic_appreq,5165294,1977717990597,1792
basic_appreq,3222483,1977721260614,1792
basic_appreq,4308197,1977725619200,1792
basic_appreq,4031494,1977729692786,1792
basic_appreq,5194737,1977734923506,1792
basic_appreq,5031600,1977739990749,1792
basic_appreq,5029458,1977745084427,1792
basic_appreq,4658384,1977749786069,1792
basic_appreq,5340538,1977755175628,1792
basic_appreq,3289117,1977758515590,1792
basic_appreq,3403389,1977761963745,1792
basic_appreq,5560909,1977767561221,1792
basic_appreq,5392637,1977772992020,1792
basic_appreq,4539808,1977777571520,1792
basic_appreq,4690584,1977782306285,1792
basic_appreq,4130359,1977786472226,1792
basic_appreq,4952274,1977791465535,1792
basic_appreq,5291693,1977796796059,1792
basic_appreq,4643265,1977801478552,1792
basic_appreq,5356576,1977806880290,1792
basic_appreq,3355838,1977810277341,1792
basic_appreq,3953436,1977814270908,1792
basic_appreq,4512625,1977818828105,1792
basic_appreq,4578127,1977823444230,1792
basic_appreq,5100227,1977828582239,1792
basic_appreq,5641433,1977834273557,1792
basic_appreq,4989398,1977839295705,1792
basic_appreq,3583165,1977842928035,1792
basic_appreq,4234657,1977847199851,1792
basic_appreq,3872186,1977851116638,1792
basic_appreq,4823355,1977855978633,1792
basic_appreq,5734582,1977861778313,1792
basic_appreq,5433645,1977867247667,1792
basic_appreq,5271257,1977872554722,1792
basic_appreq,4692557,1977877287370,1792
basic_appreq,4941079,1977882275635,1792
basic_appreq,4740613,1977887052667,1792
basic_appreq,5355468,1977892454977,1792
basic_appreq,3703258,1977896199362,1792
basic_appreq,4720140,1977900956091,1792
basic_appreq,4125736,1977905129248,1792
basic_appreq,4702091,1977909887835,1792
basic_appreq,3902660,1977913824083,1792
basic_appreq,4608383,1977918465790,1792
basic_appreq,4419025,1977922918418,1792
basic_appreq,5007946,1977927965934,1792
basic_appreq,5450620,1977933484619,1792
basic_appreq,3262148,1977936787622,1792
basic_appreq,4585769,1977941423312,1792
basic_appreq,4698201,1977946162716,1792
basic_appreq,5210911,1977951415234,1792
basic_appreq,3118461,1977954577788,1792
basic_appreq,4550454,1977959165875,1792
basic_appreq,4430321,1977963632276,1792
basic_appreq,5364035,1977969042024,1792
basic_appreq,4955132,1977974037427,1792
basic_appreq,3412876,1977977496110,1792
basic_appreq,4553106,1977982096034,1792
basic_appreq,3717647,1977985851823,1792
basic_appreq,4912766,1977990800362,1792
basic_appreq,5149325,1977995988261,1792
basic_appreq,5246697,1978001301745,1792
basic_appreq,4581358,1978005924199,1792
basic_appreq,4720635,1978010689563,1792
basic_appreq,3249390,1978013977333,1792
basic_appreq,4826953,1978018850870,1792
basic_appreq,3541776,1978022426840,1792
basic_appreq,5077536,1978027538696,1792
basic_appreq,4658488,1978032231330,1792
basic_appreq,5104945,1978037376613,1792
basic_appreq,3444018,1978040864946,1792
basic_appreq,4740660,1978045649845,1792
basic_appreq,5042335,1978050729109,1792
basic_appreq,4572004,1978055340921,1792
basic_appreq,5164867,1978060548667,1792
basic_appreq,4830552,1978065418735,1792
basic_appreq,5571781,1978071048435,1792
basic_appreq,4966089,1978076053441,1792
basic_appreq,6062004,1978082163813,1792
basic_appreq,5322907,1978087525371,1792
basic_appreq,4624108,1978092186951,1792
basic_appreq,4223366,1978096447473,1792
basic_appreq,4742745,1978101234622,1792
basic_appreq,4845714,1978106119196,1792
basic_appreq,3990600,1978110152496,1792
basic_appreq,4705295,1978114903305,1792
basic_appreq,5303271,1978120244320,1792
basic_appreq,3793490,1978124080309,1792
basic_appreq,4563525,1978128689361,1792
basic_appreq,4493077,1978133221192,1792
basic_appreq,4159388,1978137419274,1792
basic_appreq,4025694,1978141481725,1792
basic_appreq,5227418,1978146748758,1792
basic_appreq,4981102,1978151768259,1792
basic_appreq,4934001,1978156741127,1792
basic_appreq,5329402,1978162123205,1792
basic_appreq,5197120,1978167355233,1792
basic_appreq,4737550,1978172134246,1792
basic_appreq,5710906,1978177888882,1792
basic_appreq,4766499,1978182694192,1792
basic_appreq,5533224,1978188272097,1792
basic_appreq,4787600,1978193097779,1792
basic_appreq,4432110,1978197571841,1792
basic_appreq,4872776,1978202484003,1792
basic_appreq,5610925,1978208142285,1792
basic_appreq,2996205,1978211179646,1792
basic_appreq,3379455,1978214600097,1792
basic_appreq,5491981,1978220130096,1792
basic_appreq,5048512,1978225218915,1792
basic_appreq,5106796,1978230364598,1792
basic_appreq,5382105,1978235789209,1792
basic_appreq,5278367,1978241105835,1792
basic_appreq,5333226,1978246477390,1792
basic_appreq,5126036,1978251641778,1792
basic_appreq,5182162,1978256861901,1792
basic_appreq,5128285,1978262028098,1792
basic_appreq,5435319,1978267501596,1792
basic_appreq,5264593,1978272805291,1792
basic_appreq,5612031,1978278470326,1792
basic_appreq,5332248,1978283845194,1792
basic_appreq,5060851,1978288948560,1792
basic_appreq,5551133,1978294541793,1792
basic_appreq,4876609,1978299459321,1792
basic_appreq,5439727,1978304941995,1792
basic_appreq,5025437,1978310006298,1792
basic_appreq,5434301,1978315479356,1792
basic_appreq,4743249,1978320261215,1792
basic_appreq,5221640,1978325523874,1792
basic_appreq,6024532,1978331592576,1792
basic_appreq,5104845,1978336737708,1792
basic_appreq,5370514,1978342147232,1792
basic_appreq,5329239,1978347514013,1792
basic_appreq,4548442,1978352105749,1792
basic_appreq,4513679,1978356670768,1792
basic_appreq,4725109,1978361436623,1792
basic_appreq,5470294,1978366963753,1792
basic_appreq,4427336,1978371429627,1792
basic_appreq,3880280,1978375357138,1792
basic_appreq,4415219,1978379815215,1792
basic_appreq,4574568,1978384433742,1792
basic_appreq,4820777,1978389303916,1792
basic_appreq,3820108,1978393167198,1792
basic_appreq,4202081,1978397408153,1792
basic_appreq,5339027,1978402785744,1792
basic_appreq,5314859,1978408135197,1792
basic_appreq,5262221,1978413435132,1792
basic_appreq,4076725,1978417555466,1792
basic_appreq,5620632,1978423218923,1792
basic_appreq,5094950,1978428357312,1792
basic_appreq,5246758,1978433649740,1792
basic_appreq,5421788,1978439119512,1792
basic_appreq,5095140,1978444255078,1792
basic_appreq,4824206,1978449121038,1792
basic_appreq,5274745,1978454438215,1792
basic_appreq,5459615,1978459943969,1792
basic_appreq,3746172,1978463732497,1792
basic_appreq,4333067,1978468103139,1792
basic_appreq,4481965,1978472626223,1792
basic_appreq,4003454,1978476676478,1792
basic_appreq,5144539,1978481856467,1792
basic_appreq,5228926,1978487121294,1792
basic_appreq,5273505,1978492433346,1792
basic_appreq,5312235,1978497783437,1792
basic_appreq,4895275,1978502717772,1792
basic_appreq,5417174,1978508191267,1792
basic_appreq,5129092,1978513359892,1792
basic_appreq,4508097,1978517912060,1792
basic_appreq,5101463,1978523061495,1792
basic_appreq,4827513,1978527931742,1792
basic_appreq,3695800,1978531679574,1792
basic_appreq,4310169,1978536029770,1792
basic_appreq,4403368,1978540475433,1792
basic_appreq,5158150,1978545682345,1792
basic_appreq,4484842,1978550206324,1792
basic_appreq,4949325,1978555205262,1792
basic_appreq,3795348,1978559042956,1792
basic_appreq,4864347,1978563949584,1792
basic_appreq,5655443,1978569644713,1792
basic_appreq,4884544,1978574583692,1792
basic_appreq,5666709,1978580291157,1792
basic_appreq,4693243,1978585023777,1792
basic_appreq,5343394,1978590408091,1792
basic_appreq,4652386,1978595099057,1792
basic_appreq,4017109,1978599152563,1792
basic_appreq,3861801,1978603054787,1792
basic_appreq,5187408,1978608282620,1792
basic_appreq,3550887,1978611871969,1792
basic_appreq,4639586,1978616547960,1792
basic_appreq,5766020,1978622358265,1792
basic_appreq,5236783,1978627633480,1792
basic_appreq,4596244,1978632270005,1792
basic_appreq,4870638,1978637182514,1792
basic_appreq,3336185,1978640565697,1792
basic_appreq,4700404,1978645309770,1792
basic_appreq,4339156,1978649685661,1792
basic_appreq,4724605,1978654449461,1792
basic_appreq,5048442,1978659539165,1792
basic_appreq,3580906,1978663161060,1792
basic_appreq,4522144,1978667721220,1792
basic_appreq,4676086,1978672434982,1792
basic_appreq,5007592,1978677487165,1792
basic_appreq,4601601,1978682130574,1792
basic_appreq,5207215,1978687375948,1792
basic_appreq,5289470,1978692704188,1792
basic_appreq,4446831,1978697193306,1792
basic_appreq,4004112,1978701237383,1792
basic_appreq,4568416,1978705862504,1792
basic_appreq,4316063,1978710220736,1792
basic_appreq,4168289,1978714427077,1792
basic_appreq,4924184,1978719387609,1792
basic_appreq,5319014,1978724743043,1792
basic_appreq,4490251,1978729270358,1792
basic_appreq,4534536,1978733839816,1792
basic_appreq,5315360,1978739190215,1792
basic_appreq,5356265,1978744584800,1792
basic_appreq,4482509,1978749107910,1792
basic_appreq,3281309,1978752437411,1792
basic_appreq,4645045,1978757127927,1792
basic_appreq,3392293,1978760565736,1792
basic_appreq,4942505,1978765545230,1792
basic_appreq,4966003,1978770549906,1792
basic_appreq,4708363,1978775298228,1792
basic_appreq,4760084,1978780096116,1792
basic_appreq,4881127,1978785017878,1792
basic_appreq,5447703,1978790511242,1792
basic_appreq,3399056,1978793949736,1792
basic_appreq,4549368,1978798545149,1792
basic_appreq,4710476,1978803297234,1792
basic_appreq,4585033,1978807923092,1792
basic_appreq,4798718,1978812767761,1792
basic_appreq,4824475,1978817630229,1792
basic_appreq,4168106,1978821837833,1792
basic_appreq,4683465,1978826568356,1792
basic_appreq,4428993,1978831041508,1792
basic_appreq,4286475,1978835364662,1792
basic_appreq,5376478,1978840780192,1792
basic_appreq,4987888,1978845806877,1792
basic_appreq,4980741,1978850825332,1792
basic_appreq,5026385,1978855899460,1792
basic_appreq,3748692,1978859686007,1792
basic_appreq,4420881,1978864142004,1792
basic_appreq,3927544,1978868108101,1792
basic_appreq,5011428,1978873164497,1792
basic_appreq,5078113,1978878280432,1792
basic_appreq,5778797,1978884102958,1792
basic_appreq,2998738,1978887141319,1792
basic_appreq,3253196,1978890437901,1792
basic_appreq,4952643,1978895429661,1792
basic_appreq,5069302,1978900539210,1792
basic_appreq,5111790,1978905700013,1792
basic_appreq,4059183,1978909795453,1792
basic_appreq,4650259,1978914487870,1792
basic_appreq,3895326,1978918428328,1792
basic_appreq,4690399,1978923154576,1792
basic_appreq,5211368,1978928404742,1792
basic_appreq,5162691,1978933609625,1792
basic_appreq,4768294,1978938423111,1792
basic_appreq,3160332,1978941620239,1792
basic_appreq,4752539,1978946418803,1792
basic_appreq,3459098,1978949919525,1792
basic_appreq,4869214,1978954828100,1792
basic_appreq,5479594,1978960349822,1792
basic_appreq,3871635,1978964260693,1792
basic_appreq,3938558,1978968242788,1792
basic_appreq,5050615,1978973329457,1792
basic_appreq,4722724,1978978088781,1792
basic_appreq,5246511,1978983371489,1792
basic_appreq,3394673,1978986810064,1792
basic_appreq,4453984,1978991300208,1792
basic_appreq,4265036,1978995609879,1792
basic_appreq,5376579,1979001025554,1792
basic_appreq,4642990,1979005704169,1792
basic_appreq,4613943,1979010354920,1792
basic_appreq,4724993,1979015114125,1792
basic_appreq,4631343,1979019782515,1792
basic_appreq,4652571,1979024474688,1792
basic_appreq,4725183,1979029237822,1792
basic_appreq,5526323,1979034804049,1792
basic_appreq,3789259,1979038637358,1792
basic_appreq,4878026,1979043553448,1792
basic_appreq,4212373,1979047809785,1792
basic_appreq,4396093,1979052276088,1792
basic_appreq,3598624,1979055915417,1792
basic_appreq,5362251,1979061311297,1792
basic_appreq,5302966,1979066651461,1792
basic_appreq,4555881,1979071241987,1792
basic_appreq,4818338,1979076099787,1792
basic_appreq,4417177,1979080558261,1792
basic_appreq,5291683,1979085889643,1792
basic_appreq,4554003,1979090482847,1792
basic_appreq,5219612,1979095741420,1792
basic_appreq,3881212,1979099677298,1792
basic_appreq,4403722,1979104118506,1792
basic_appreq,4271860,1979108436278,1792
basic_appreq,4818083,1979113298992,1792
basic_appreq,4725447,1979118055885,1792
basic_appreq,3527247,1979121630054,1792
basic_appreq,4483570,1979126144173,1792
basic_appreq,5329802,1979131515492,1792
basic_appreq,5123579,1979136677281,1792
basic_appreq,4920772,1979141636400,1792
basic_appreq,3442200,1979145131206,1792
basic_appreq,4649807,1979149821602,1792
basic_appreq,3327032,1979153191347,1792
basic_appreq,4731840,1979157963738,1792
basic_appreq,6120689,1979164125132,1792
basic_appreq,5382424,1979169545700,1792
basic_appreq,4844048,1979174427969,1792
basic_appreq,5236199,1979179701259,1792
basic_appreq,4786359,1979184524013,1792
basic_appreq,5010432,1979189571222,1792
basic_appreq,4997922,1979194612629,1792
basic_appreq,5626608,1979200277418,1792
basic_appreq,4892683,1979205206041,1792
basic_appreq,4318349,1979209570131,1792
basic_appreq,4532056,1979214145227,1792
basic_appreq,3839557,1979218021504,1792
basic_appreq,3891618,1979221954983,1792
basic_appreq,3971754,1979225971829,1792
basic_appreq,4778408,1979230789002,1792
basic_appreq,5661130,1979236486751,1792
basic_appreq,4835387,1979241359068,1792
basic_appreq,4918664,1979246312670,1792
basic_appreq,5084131,1979251434004,1792
basic_appreq,4926417,1979256399284,1792
basic_appreq,5323472,1979261770328,1792
basic_appreq,5049076,1979266860392,1792
basic_appreq,5378375,1979272285398,1792
basic_appreq,5088444,1979277415430,1792
basic_appreq,5436716,1979282900961,1792
basic_appreq,5338516,1979288278224,1792
basic_appreq,4965744,1979293284259,1792
basic_appreq,3712728,1979297043272,1792
basic_appreq,4478169,1979301561534,1792
basic_appreq,3633644,1979305233267,1792
basic_appreq,5192747,1979310461415,1792
basic_appreq,4911333,1979315409878,1792
basic_appreq,5392734,1979320841936,1792
basic_appreq,4617720,1979325498443,1792
basic_appreq,4684715,1979330222219,1792
basic_appreq,4568571,1979334829554,1792
basic_appreq,4822995,1979339691307,1792
basic_appreq,5113498,1979344856202,1792
basic_appreq,4951091,1979349841795,1792
basic_appreq,6067682,1979355961119,1792
basic_appreq,5327589,1979361326994,1792
basic_appreq,5627846,1979366993567,1792
basic_appreq,5349466,1979372381881,1792
basic_appreq,5163867,1979377583459,1792
basic_appreq,3636852,1979381265749,1792
basic_appreq,3428183,1979384733468,1792
basic_appreq,5202985,1979389974909,1792
basic_appreq,4884755,1979394898281,1792
basic_appreq,4606913,1979399549448,1792
basic_appreq,3780987,1979403367736,1792
basic_appreq,4403459,1979407808439,1792
basic_appreq,4296007,1979412141782,1792
basic_appreq,4557837,1979416736154,1792
basic_appreq,3184922,1979419960946,1792
basic_appreq,4770730,1979424769807,1792
basic_appreq,3522107,1979428338737,1792
basic_appreq,5270111,1979433648584,1792
basic_appreq,5172154,1979438859622,1792
basic_appreq,5414102,1979444312448,1792
basic_appreq,5378159,1979449730439,1792
basic_appreq,5133503,1979454902472,1792
basic_appreq,3426730,1979458376592,1792
basic_appreq,4661572,1979463074793,1792
basic_appreq,3805732,1979466919938,1792
basic_appreq,5454984,1979472413803,1792
basic_appreq,5082066,1979477533997,1792
basic_appreq,5354952,1979482930524,1792
basic_appreq,5301394,1979488270403,1792
basic_appreq,5129928,1979493440301,1792
basic_appreq,5236455,1979498714752,1792
basic_appreq,5477629,1979504232194,1792
basic_appreq,5711061,1979509981747,1792
basic_appreq,5201882,1979515221230,1792
basic_appreq,5087866,1979520349217,1792
basic_appreq,5180233,1979525568414,1792
basic_appreq,5441374,1979531057059,1792
basic_appreq,5065603,1979536161803,1792
basic_appreq,4460530,1979540674770,1792
basic_appreq,5312142,1979546045464,1792
basic_appreq,5170626,1979551261680,1792
basic_appreq,5151918,1979556454614,1792
basic_appreq,4994818,1979561491417,1792
basic_appreq,3643560,1979565174924,1792
basic_appreq,4315873,1979569529193,1792
basic_appreq,4724641,1979574292967,1792
basic_appreq,4241950,1979578576124,1792
basic_appreq,5062648,1979583677018,1792
basic_appreq,5023034,1979588736886,1792
basic_appreq,5033403,1979593809221,1792
basic_appreq,5115245,1979598958326,1792
basic_appreq,4794795,1979603786205,1792
basic_appreq,4646643,1979608474498,1792
basic_appreq,4962712,1979613476967,1792
basic_appreq,5492241,1979619019598,1792
basic_appreq,5218829,1979624274622,1792
basic_appreq,4401547,1979628712325,1792
basic_appreq,5648165,1979634410197,1792
basic_appreq,5094045,1979639542879,1792
basic_appreq,4905469,1979644488965,1792
basic_appreq,5425774,1979649959613,1792
basic_appreq,5104857,1979655104201,1792
basic_appreq,5364529,1979660511930,1792
basic_appreq,5071387,1979665623274,1792
basic_appreq,3522963,1979669191930,1792
basic_appreq,4458163,1979673691655,1792
basic_appreq,3766828,1979677500224,1792
basic_appreq,5159405,1979682697568,1792
basic_appreq,5172688,1979687909498,1792
basic_appreq,5651386,1979693601245,1792
basic_appreq,5212265,1979698852325,1792
basic_appreq,4858167,1979703746117,1792
basic_appreq,3250628,1979707036102,1792
basic_appreq,4832148,1979711909650,1792
basic_appreq,3463124,1979715418558,1792
basic_appreq,5408509,1979720865102,1792
basic_appreq,5265573,1979726171624,1792
basic_appreq,5729728,1979731940116,1792
basic_appreq,5029509,1979737006313,1792
basic_appreq,5196138,1979742245990,1792
basic_appreq,5413381,1979747697329,1792
basic_appreq,4959276,1979752694700,1792
basic_appreq,5234531,1979757969111,1792
basic_appreq,4422665,1979762435254,1792
basic_appreq,4259121,1979766737891,1792
basic_appreq,3775210,1979770555947,1792
basic_appreq,4788750,1979775395533,1792
basic_appreq,4696196,1979780133229,1792
basic_appreq,4598109,1979784775224,1792
basic_appreq,4408490,1979789226298,1792
basic_appreq,5349893,1979794619516,1792
basic_appreq,3295385,1979797953197,1792
basic_appreq,4937653,1979802936214,1792
basic_appreq,4611571,1979807586592,1792
basic_appreq,4449960,1979812080191,1792
basic_appreq,4805169,1979816934226,1792
basic_appreq,4722850,1979821697043,1792
basic_appreq,4444671,1979826180311,1792
basic_appreq,5313658,1979831538989,1792
basic_appreq,4883325,1979836462795,1792
basic_appreq,3763110,1979840270135,1792
basic_appreq,5300441,1979845607531,1792
basic_appreq,5773709,1979851419869,1792
basic_appreq,4378986,1979855839015,1792
basic_appreq,5673880,1979861555205,1792
basic_appreq,4692533,1979866284816,1792
basic_appreq,4936654,1979871255291,1792
basic_appreq,5062130,1979876354985,1792
basic_appreq,5144319,1979881536133,1792
basic_appreq,5156028,1979886731213,1792
basic_appreq,4816252,1979891584983,1792
basic_appreq,5225887,1979896849059,1792
basic_appreq,5216420,1979902105898,1792
basic_appreq,3504728,1979905655792,1792
basic_appreq,4414976,1979910111811,1792
basic_appreq,5258413,1979915409224,1792
basic_appreq,3693561,1979919147293,1792
basic_appreq,5234167,1979924419662,1792
basic_appreq,4642352,1979929094836,1792
basic_appreq,4121248,1979933255899,1792
basic_appreq,5254463,1979938551641,1792
basic_appreq,4542477,1979943133050,1792
basic_appreq,5309663,1979948481927,1792
basic_appreq,5275650,1979953811401,1792
basic_appreq,3616396,1979957475426,1792
basic_appreq,4449977,1979961963795,1792
basic_appreq,3675522,1979965681502,1792
basic_appreq,4774021,1979970493363,1792
basic_appreq,5371699,1979975903713,1792
basic_appreq,5574850,1979981520836,1792
basic_appreq,3530742,1979985096994,1792
basic_appreq,4755439,1979989896222,1792
basic_appreq,4144558,1979994079121,1792
basic_appreq,4291557,1979998418423,1792
basic_appreq,4601003,1980003058329,1792
basic_appreq,4901466,1980007998111,1792
basic_appreq,4665271,1980012724215,1792
basic_appreq,54582670,1980067344542,1792
basic_appreq,5447476,1980072837023,1792
basic_appreq,5647286,1980078523844,1792
basic_appreq,3928189,1980082489765,1792
basic_appreq,4628519,1980087180595,1792
basic_appreq,5296514,1980092514158,1792
basic_appreq,5298891,1980097856216,1792
basic_appreq,3602442,1980101500715,1792
basic_appreq,4390893,1980105942667,1792
basic_appreq,4605400,1980110584631,1792
basic_appreq,3673968,1980114305714,1792
basic_appreq,4782441,1980119126413,1792
basic_appreq,5377093,1980124550917,1792
basic_appreq,4758988,1980129354890,1792
basic_appreq,3647934,1980133043413,1792
basic_appreq,4569331,1980137658972,1792
basic_appreq,4663815,1980142357108,1792
basic_appreq,4005169,1980146404029,1792
basic_appreq,4805287,1980151246949,1792
basic_appreq,5381401,1980156668992,1792
basic_appreq,5515770,1980162221170,1792
basic_appreq,5165318,1980167422198,1792
basic_appreq,3359363,1980170822170,1792
basic_appreq,4729022,1980175587644,1792
basic_appreq,5209423,1980180841538,1792
basic_appreq,4443522,1980185325398,1792
basic_appreq,4232560,1980189591544,1792
basic_appreq,5146863,1980194776812,1792
basic_appreq,5395517,1980200208359,1792
basic_appreq,5138434,1980205385360,1792
basic_appreq,4578835,1980210007860,1792
basic_appreq,4732972,1980214778113,1792
basic_appreq,4584018,1980219410706,1792
basic_appreq,5101028,1980224553131,1792
basic_appreq,5123890,1980229716947,1792
basic_appreq,5230544,1980234981615,1792
basic_appreq,4807355,1980239826870,1792
basic_appreq,2974099,1980242837285,1792
basic_appreq,4652657,1980247532558,1792
basic_appreq,4090294,1980251670387,1792
basic_appreq,4826020,1980256537884,1792
basic_appreq,4322139,1980260901085,1792
basic_appreq,4573042,1980265512620,1792
basic_appreq,6111411,1980271676560,1792
basic_appreq,5573969,1980277284291,1792
basic_appreq,4671651,1980281994240,1792
basic_appreq,5337090,1980287376058,1792
basic_appreq,3436143,1980290862730,1792
basic_appreq,4412749,1980295320275,1792
basic_appreq,3793155,1980299157801,1792
basic_appreq,4586778,1980303783794,1792
basic_appreq,5277907,1980309098687,1792
basic_appreq,4383743,1980313521945,1792
basic_appreq,3341447,1980316908451,1792
basic_appreq,4503310,1980321450691,1792
basic_appreq,3049685,1980324545231,1792
basic_appreq,4639259,1980329222043,1792
basic_appreq,4631223,1980333891307,1792
basic_appreq,4625914,1980338555242,1792
basic_appreq,3899995,1980342500542,1792
basic_appreq,4603662,1980347142190,1792
basic_appreq,4610941,1980351789389,1792
basic_appreq,4484462,1980356311796,1792
basic_appreq,4648310,1980361007113,1792
basic_appreq,4072858,1980365120630,1792
basic_appreq,4825215,1980369987693,1792
basic_appreq,4823875,1980374851488,1792
basic_appreq,4958434,1980379849396,1792
basic_appreq,5103380,1980384991667,1792
basic_appreq,5961117,1980390997390,1792
basic_appreq,5289293,1980396320211,1792
basic_appreq,4456887,1980400817216,1792
basic_appreq,5311097,1980406169147,1792
basic_appreq,4770962,1980410977247,1792
basic_appreq,3645018,1980414672319,1792
basic_appreq,4198216,1980418910011,1792
basic_appreq,3226459,1980422177481,1792
basic_appreq,5417677,1980427634260,1792
basic_appreq,5044057,1980432714926,1792
basic_appreq,5200980,1980437954913,1792
basic_appreq,3512397,1980441511707,1792
basic_appreq,3060040,1980444610276,1792
basic_appreq,5378700,1980450028207,1792
basic_appreq,5110846,1980455177837,1792
basic_appreq,4844871,1980460062629,1792
basic_appreq,5092348,1980465196065,1792
basic_appreq,4277550,1980469511863,1792
basic_appreq,4646854,1980474195952,1792
basic_appreq,4772637,1980479008836,1792
basic_appreq,5018395,1980484067115,1792
basic_appreq,5279410,1980489403779,1792
basic_appreq,5200796,1980494641439,1792
basic_appreq,5291891,1980499970090,1792
basic_appreq,5437532,1980505469856,1792
basic_appreq,5289263,1980510796649,1792
basic_appreq,5207886,1980516044717,1792
basic_appreq,4763762,1980520848303,1792
basic_appreq,5873734,1980526766229,1792
basic_appreq,5390768,1980532196270,1792
basic_appreq,5483507,1980537718833,1792
basic_appreq,5174810,1980542932340,1792
basic_appreq,6084052,1980549066217,1792
basic_appreq,5112142,1980554217028,1792
basic_appreq,5143999,1980559398552,1792
basic_appreq,4766386,1980564203517,1792
basic_appreq,5410103,1980569673773,1792
basic_appreq,5295215,1980575006149,1792
basic_appreq,5725281,1980580788067,1792
basic_appreq,4499898,1980585325600,1792
basic_appreq,5042782,1980590409065,1792
basic_appreq,5601388,1980596050685,1792
basic_appreq,5356231,1980601445931,1792
basic_appreq,4839204,1980606325102,1792
basic_appreq,5073522,1980611437872,1792
basic_appreq,5003146,1980616479330,1792
basic_appreq,5226736,1980621743961,1792
basic_appreq,3756286,1980625538911,1792
basic_appreq,4297665,1980629874975,1792
basic_appreq,4324347,1980634239048,1792
basic_appreq,5347853,1980639629509,1792
basic_appreq,4564531,1980644231778,1792
basic_appreq,4523953,1980648797271,1792
basic_appreq,3408478,1980652245532,1792
basic_appreq,5146607,1980657427226,1792
basic_appreq,5234845,1980662698426,1792
basic_appreq,5295986,1980668033026,1792
basic_appreq,5237745,1980673311450,1792
basic_appreq,5105360,1980678455221,1792
basic_appreq,5039326,1980683532222,1792
basic_appreq,5258910,1980688829535,1792
basic_appreq,5370571,1980694239249,1792
basic_appreq,5339805,1980699616790,1792
basic_appreq,5339669,1980704996278,1792
basic_appreq,4887920,1980709923019,1792
basic_appreq,3231087,1980713193036,1792
basic_appreq,4959580,1980718193994,1792
basic_appreq,4811725,1980723042520,1792
basic_appreq,4485640,1980727564503,1792
basic_appreq,4481778,1980732090294,1792
basic_appreq,4209593,1980736347589,1792
basic_appreq,4736143,1980741127387,1792
basic_appreq,5342318,1980746509369,1792
basic_appreq,3325895,1980749879260,1792
basic_appreq,4260194,1980754179946,1792
basic_appreq,4311837,1980758533713,1792
basic_appreq,5250852,1980763821417,1792
basic_appreq,4905114,1980768765342,1792
basic_appreq,4880649,1980773686155,1792
basic_appreq,4692050,1980778421532,1792
basic_appreq,4622749,1980783082557,1792
basic_appreq,5086375,1980788220407,1792
basic_appreq,4519541,1980792775449,1792
basic_appreq,4647629,1980797468296,1792
basic_appreq,4514953,1980802019698,1792
basic_appreq,5163969,1980807219780,1792
basic_appreq,4977646,1980812234015,1792
basic_appreq,5123559,1980817397889,1792
basic_appreq,3508573,1980820956958,1792
basic_appreq,4861849,1980825861905,1792
basic_appreq,4245824,1980830148631,1792
basic_appreq,5326945,1980835516271,1792
basic_appreq,4946942,1980840504230,1792
basic_appreq,4450425,1980844998975,1792
basic_appreq,4645732,1980849679924,1792
basic_appreq,4691266,1980854415602,1792
basic_appreq,5178863,1980859636844,1792
basic_appreq,5526211,1980865203110,1792
basic_appreq,3183789,1980868427291,1792
basic_appreq,4276789,1980872752085,1792
basic_appreq,4730048,1980877523212,1792
basic_appreq,3695669,1980881264685,1792
basic_appreq,5170361,1980886471086,1792
basic_appreq,4900387,1980891409260,1792
basic_appreq,5074842,1980896523744,1792
basic_appreq,5194180,1980901758433,1792
basic_appreq,3769251,1980905569308,1792
basic_appreq,4712348,1980910327395,1792
basic_appreq,4878549,1980915242301,1792
basic_appreq,3855057,1980919141049,1792
basic_appreq,4856681,1980924034131,1792
basic_appreq,4903969,1980928979734,1792
basic_appreq,4271540,1980933291759,1792
basic_appreq,4568781,1980937895152,1792
basic_appreq,4784559,1980942715525,1792
basic_appreq,4644320,1980947403077,1792
basic_appreq,4730618,1980952176129,1792
basic_appreq,5032970,1980957244344,1792
basic_appreq,5750507,1980963030521,1792
basic_appreq,5442844,1980968508807,1792
basic_appreq,4477862,1980973027429,1792
basic_appreq,3302870,1980976376070,1792
basic_appreq,4479639,1980980902322,1792
basic_appreq,3716544,1980984663499,1792
basic_appreq,4655070,1980989355029,1792
basic_appreq,4611643,1980994004686,1792
basic_appreq,4812684,1980998858733,1792
basic_appreq,4636459,1981003533845,1792
basic_appreq,4508913,1981008080483,1792
basic_appreq,4701192,1981012822042,1792
basic_appreq,4733351,1981017591458,1792
basic_appreq,4739063,1981022370695,1792
basic_appreq,4729450,1981027139098,1792
basic_appreq,5209417,1981032390971,1792
basic_appreq,3161365,1981035592186,1792
basic_appreq,5045537,1981040681292,1792
basic_appreq,4613971,1981045336268,1792
basic_appreq,4506477,1981049884613,1792
basic_appreq,4056061,1981053981113,1792
basic_appreq,4296686,1981058314472,1792
basic_appreq,4885886,1981063252940,1792
basic_appreq,4521747,1981067810356,1792
basic_appreq,5088816,1981072939306,1792
basic_appreq,4553484,1981077529963,1792
basic_appreq,4030423,1981081600893,1792
basic_appreq,4934616,1981086584698,1792
basic_appreq,4502725,1981091125613,1792
basic_appreq,4814896,1981095988017,1792
basic_appreq,5659953,1981101712469,1792
basic_appreq,4881123,1981106632480,1792
basic_appreq,5109559,1981111779515,1792
basic_appreq,4959226,1981116782173,1792
basic_appreq,3164907,1981119986531,1792
basic_appreq,4758293,1981124806359,1792
basic_appreq,4565817,1981129411215,1792
basic_appreq,4429148,1981133881668,1792
basic_appreq,4801987,1981138721277,1792
basic_appreq,4529180,1981143291362,1792
basic_appreq,4979016,1981148310771,1792
basic_appreq,5136151,1981153482986,1792
basic_appreq,5277371,1981158795398,1792
basic_appreq,4497494,1981163326833,1792
basic_appreq,4694278,1981168061773,1792
basic_appreq,4728374,1981172836512,1792
basic_appreq,4655381,1981177532810,1792
basic_appreq,4585594,1981182155993,1792
basic_appreq,5394220,1981187586504,1792
basic_appreq,3299020,1981190927522,1792
basic_appreq,4448356,1981195420323,1792
basic_appreq,3922130,1981199385798,1792
basic_appreq,5406780,1981204830986,1792
basic_appreq,5325024,1981210195327,1792
basic_appreq,5488488,1981215724207,1792
basic_appreq,5442771,1981221203793,1792
basic_appreq,5273709,1981226516687,1792
basic_appreq,5526284,1981232082095,1792
basic_appreq,5264540,1981237387040,1792
basic_appreq,5054499,1981242480633,1792
basic_appreq,4912263,1981247431886,1792
basic_appreq,5270678,1981252741258,1792
basic_appreq,5600546,1981258380909,1792
basic_appreq,5427414,1981263847034,1792
basic_appreq,5355904,1981269242691,1792
basic_appreq,5669369,1981274952460,1792
basic_appreq,5319673,1981280310330,1792
basic_appreq,5302475,1981285656311,1792
basic_appreq,5513365,1981291216870,1792
basic_appreq,5602919,1981296861918,1792
basic_appreq,5298088,1981302199150,1792
basic_appreq,5726784,1981307972951,1792
basic_appreq,5968466,1981314001790,1792
basic_appreq,5018956,1981319060262,1792
basic_appreq,5405298,1981324505406,1792
basic_appreq,4264586,1981328808033,1792
basic_appreq,5218275,1981334065650,1792
basic_appreq,5148557,1981339254270,1792
basic_appreq,3906610,1981343207824,1792
basic_appreq,4343981,1981347591062,1792
basic_appreq,4289965,1981351921865,1792
basic_appreq,5166236,1981357136356,1792
basic_appreq,4571057,1981361747622,1792
basic_appreq,4885083,1981366670336,1792
basic_appreq,4014437,1981370725655,1792
basic_appreq,4256683,1981375027351,1792
basic_appreq,5285057,1981380350887,1792
basic_appreq,5420846,1981385806738,1792
basic_appreq,5691818,1981391533828,1792
basic_appreq,5670538,1981397237932,1792
basic_appreq,4542127,1981401821352,1792
basic_appreq,4469151,1981406329624,1792
basic_appreq,5351929,1981411719257,1792
basic_appreq,5685378,1981417443364,1792
basic_appreq,4648791,1981422130796,1792
basic_appreq,4575641,1981426745799,1792
basic_appreq,4645651,1981431429765,1792
basic_appreq,4726545,1981436194033,1792
basic_appreq,4787490,1981441021003,1792
basic_appreq,4962111,1981446023167,1792
basic_appreq,4839540,1981450898162,1792
basic_appreq,5225372,1981456160377,1792
basic_appreq,3792063,1981459992079,1792
basic_appreq,4058103,1981464109376,1792
basic_appreq,5021510,1981469174480,1792
basic_appreq,4113883,1981473332081,1792
basic_appreq,5281339,1981478649011,1792
basic_appreq,5501105,1981484187707,1792
basic_appreq,3273462,1981487500340,1792
basic_appreq,4564424,1981492106550,1792
basic_appreq,3535357,1981495683234,1792
basic_appreq,5849214,1981501568102,1792
basic_appreq,5229282,1981506836214,1792
basic_appreq,5313869,1981512191474,1792
basic_appreq,5073076,1981517288529,1792
basic_appreq,3362995,1981520698989,1792
basic_appreq,4586002,1981525327730,1792
basic_appreq,5310167,1981530663692,1792
basic_appreq,4410173,1981535100311,1792
basic_appreq,3571742,1981538703501,1792
basic_appreq,4937297,1981543671735,1792
basic_appreq,4873886,1981548585916,1792
basic_appreq,5092625,1981553724282,1792
basic_appreq,5312365,1981559093596,1792
basic_appreq,5648111,1981564799617,1792
basic_appreq,5255689,1981570124088,1792
basic_appreq,5312159,1981575476735,1792
basic_appreq,3685920,1981579206473,1792
basic_appreq,4924400,1981584165880,1792
basic_appreq,2952633,1981587162199,1792
basic_appreq,5078991,1981592277595,1792
basic_appreq,4562556,1981596879055,1792
basic_appreq,3348068,1981600261455,1792
basic_appreq,4215200,1981604509455,1792
basic_appreq,3770049,1981608316609,1792
basic_appreq,4395014,1981612752279,1792
basic_appreq,5477469,1981618275050,1792
basic_appreq,4777005,1981623091280,1792
basic_appreq,6088393,1981629221525,1792
basic_appreq,4790802,1981634048058,1792
basic_appreq,4980152,1981639067492,1792
basic_appreq,5415865,1981644531494,1792
basic_appreq,3921870,1981648497119,1792
basic_appreq,5070441,1981653602632,1792
basic_appreq,3715010,1981657354352,1792
basic_appreq,4534351,1981661930002,1792
basic_appreq,3918623,1981665889815,1792
basic_appreq,5175990,1981671105935,1792
basic_appreq,5386669,1981676531658,1792
basic_appreq,4890509,1981681462625,1792
basic_appreq,5692366,1981687193769,1792
basic_appreq,5231290,1981692462370,1792
basic_appreq,5399533,1981697899210,1792
basic_appreq,5270447,1981703207663,1792
basic_appreq,5538744,1981708785020,1792
basic_appreq,4706822,1981713530342,1792
basic_appreq,4699223,1981718268436,1792
basic_appreq,4791092,1981723103351,1792
basic_appreq,4059864,1981727212332,1792
basic_appreq,4192783,1981731447079,1792
basic_appreq,4905636,1981736390296,1792
basic_appreq,4943028,1981741371315,1792
basic_appreq,4550133,1981745955318,1792
basic_appreq,4948038,1981750938249,1792
basic_appreq,4590293,1981755564793,1792
basic_appreq,4959487,1981760563139,1792
basic_appreq,5420052,1981766023988,1792
basic_appreq,4840027,1981770904332,1792
basic_appreq,4474694,1981775428262,1792
basic_appreq,3943894,1981779408473,1792
basic_appreq,4387898,1981783836321,1792
basic_appreq,4877966,1981788761814,1792
basic_appreq,4737523,1981793540536,1792
basic_appreq,3591992,1981797189322,1792
basic_appreq,4578132,1981801804222,1792
basic_appreq,5242267,1981807082956,1792
basic_appreq,5057633,1981812175484,1792
basic_appreq,3200248,1981815420180,1792
basic_appreq,4371898,1981819833759,1792
basic_appreq,3855626,1981823733970,1792
basic_appreq,5511458,1981829283623,1792
basic_appreq,5434769,1981834756752,1792
basic_appreq,5319367,1981840113401,1792
basic_appreq,4466069,1981844620480,1792
basic_appreq,4461835,1981849122246,1792
basic_appreq,5030388,1981854202276,1792
basic_appreq,5740538,1981859980973,1792
basic_appreq,3295650,1981863335605,1792
basic_appreq,4653129,1981868025914,1792
basic_appreq,3600066,1981871676639,1792
basic_appreq,5318147,1981877036272,1792
basic_appreq,5174830,1981882250106,1792
basic_appreq,4837819,1981887124707,1792
basic_appreq,3903656,1981891075781,1792
basic_appreq,4418821,1981895539451,1792
basic_appreq,4811999,1981900398552,1792
basic_appreq,4450561,1981904885530,1792
basic_appreq,4789911,1981909718279,1792
basic_appreq,3919532,1981913671818,1792
basic_appreq,5489137,1981919200480,1792
basic_appreq,4903005,1981924141706,1792
basic_appreq,4756468,1981928936202,1792
basic_appreq,5237505,1981934212554,1792
basic_appreq,4965999,1981939219451,1792
basic_appreq,4439582,1981943698372,1792
basic_appreq,4550077,1981948286557,1792
basic_appreq,4984759,1981953315118,1792
basic_appreq,3499724,1981956854084,1792
basic_appreq,4649345,1981961547942,1792
basic_appreq,5050392,1981966638413,1792
basic_appreq,4007276,1981970684689,1792
basic_appreq,5059635,1981975783706,1792
basic_appreq,5001370,1981980822139,1792
basic_appreq,3441919,1981984302317,1792
basic_appreq,4924715,1981989264110,1792
basic_appreq,4577268,1981993881561,1792
basic_appreq,4866601,1981998800692,1792
basic_appreq,4195134,1982003030628,1792
basic_appreq,3989409,1982007076585,1792
basic_appreq,5185820,1982012296069,1792
basic_appreq,5371028,1982017705243,1792
basic_appreq,5043299,1982022786286,1792
basic_appreq,4286059,1982027118218,1792
basic_appreq,3925433,1982031084500,1792
basic_appreq,4422932,1982035546743,1792
basic_appreq,4449195,1982040050789,1792
basic_appreq,5462721,1982045551263,1792
basic_appreq,5236997,1982050839489,1792
basic_appreq,5288675,1982056163279,1792
basic_appreq,4541653,1982060742385,1792
basic_appreq,5225533,1982066006161,1792
basic_appreq,4529229,1982070573716,1792
basic_appreq,5190943,1982075801531,1792
basic_appreq,5526844,1982081379225,1792
basic_appreq,5480137,1982086925833,1792
basic_appreq,5356840,1982092321514,1792
basic_appreq,5219177,1982097579940,1792
basic_appreq,5133367,1982102762879,1792
basic_appreq,3401074,1982106208732,1792
basic_appreq,4808121,1982111059060,1792
basic_appreq,3806691,1982114905759,1792
basic_appreq,4543785,1982119485073,1792
basic_appreq,5292392,1982124813138,1792
basic_appreq,5188147,1982130037740,1792
basic_appreq,5283656,1982135360815,1792
basic_appreq,3405933,1982138806591,1792
basic_appreq,4391827,1982143235297,1792
basic_appreq,4167237,1982147441014,1792
basic_appreq,5181947,1982152665263,1792
basic_appreq,5153658,1982157858978,1792
basic_appreq,5417460,1982163311236,1792
basic_appreq,4507829,1982167871473,1792
basic_appreq,4461680,1982172371555,1792
basic_appreq,4063910,1982176475445,1792
basic_appreq,4964438,1982181485801,1792
basic_appreq,3728185,1982185252977,1792
basic_appreq,5011371,1982190301959,1792
basic_appreq,5271387,1982195612437,1792
basic_appreq,4557665,1982200210579,1792
basic_appreq,3101169,1982203352050,1792
basic_appreq,3528810,1982206922366,1792
basic_appreq,4973343,1982211936959,1792
basic_appreq,5638093,1982217612185,1792
basic_appreq,5218943,1982222867881,1792
basic_appreq,5481080,1982228386529,1792
basic_appreq,5604342,1982234028389,1792
basic_appreq,5488077,1982239553996,1792
basic_appreq,5371973,1982244963276,1792
basic_appreq,3925690,1982248926955,1792
basic_appreq,5530200,1982254495551,1792
basic_appreq,5369658,1982259905019,1792
basic_appreq,5186203,1982265127581,1792
basic_appreq,5019804,1982270185144,1792
basic_appreq,4980212,1982275200955,1792
basic_appreq,5063579,1982280300079,1792
basic_appreq,4749332,1982285099190,1792
basic_appreq,4855263,1982289997966,1792
basic_appreq,5055582,1982295107151,1792
basic_appreq,5495506,1982300652156,1792
basic_appreq,5282885,1982305978309,1792
basic_appreq,5225910,1982311245004,1792
basic_appreq,4948108,1982316234880,1792
basic_appreq,5573575,1982321852742,1792
basic_appreq,5486008,1982327377934,1792
basic_appreq,3313559,1982330730693,1792
basic_appreq,4649844,1982335419892,1792
basic_appreq,4077109,1982339541595,1792
basic_appreq,5099328,1982344678881,1792
basic_appreq,5401732,1982350118037,1792
basic_appreq,5138114,1982355295644,1792
basic_appreq,5424821,1982360758249,1792
basic_appreq,5260464,1982366056769,1792
basic_appreq,5468426,1982371563759,1792
basic_appreq,4981122,1982376582522,1792
basic_appreq,5853107,1982382473938,1792
basic_appreq,4921140,1982387433106,1792
basic_appreq,5455582,1982392927048,1792
basic_appreq,5242196,1982398207166,1792
basic_appreq,5231253,1982403477052,1792
basic_appreq,5275119,1982408789527,1792
basic_appreq,5459910,1982414284901,1792
basic_appreq,5519761,1982419843528,1792
basic_appreq,5454282,1982425336290,1792
basic_appreq,5454247,1982430828628,1792
basic_appreq,5354929,1982436220744,1792
basic_appreq,5095147,1982441353833,1792
basic_appreq,5411482,1982446806157,1792
basic_appreq,5730731,1982452578843,1792
basic_appreq,6185899,1982458808183,1792
basic_appreq,5498353,1982464344390,1792
basic_appreq,4048266,1982468430224,1792
basic_appreq,5553004,1982474021003,1792
basic_appreq,5424246,1982479485215,1792
basic_appreq,5192081,1982484714878,1792
basic_appreq,5199072,1982489953155,1792
basic_appreq,4765978,1982494765368,1792
basic_appreq,5830185,1982500640415,1792
basic_appreq,5253092,1982505933651,1792
basic_appreq,3540652,1982509519569,1792
basic_appreq,4409450,1982513971798,1792
basic_appreq,4281403,1982518294649,1792
basic_appreq,5214402,1982523546775,1792
basic_appreq,5231173,1982528814209,1792
basic_appreq,5567616,1982534432241,1792
basic_appreq,4943294,1982539415013,1792
basic_appreq,3823600,1982543283184,1792
basic_appreq,4538194,1982547859623,1792
basic_appreq,4477321,1982552380778,1792
basic_appreq,4042891,1982556462962,1792
basic_appreq,5394466,1982561904907,1792
basic_appreq,4601308,1982566541096,1792
basic_appreq,4933497,1982571510140,1792
basic_appreq,4739302,1982576292463,1792
basic_appreq,4998927,1982581330540,1792
basic_appreq,3497610,1982584864442,1792
basic_appreq,4647925,1982589558710,1792
basic_appreq,4254481,1982593850768,1792
basic_appreq,4909638,1982598804965,1792
basic_appreq,4752307,1982603597427,1792
basic_appreq,4864517,1982608504399,1792
basic_appreq,4556040,1982613099250,1792
basic_appreq,3359323,1982616497889,1792
basic_appreq,4775313,1982621313266,1792
basic_appreq,3555026,1982624913495,1792
basic_appreq,2995006,1982627947225,1792
basic_appreq,5527076,1982633510397,1792
basic_appreq,5270675,1982638818430,1792
basic_appreq,4649827,1982643504210,1792
basic_appreq,5496157,1982649040541,1792
basic_appreq,5159971,1982654239897,1792
basic_appreq,5058736,1982659336628,1792
basic_appreq,4534397,1982663919690,1792
basic_appreq,4404995,1982668366463,1792
basic_appreq,5064346,1982673476089,1792
basic_appreq,3655857,1982677172354,1792
basic_appreq,5450867,1982682659275,1792
basic_appreq,5535780,1982688233180,1792
basic_appreq,5486467,1982693760201,1792
basic_appreq,5585503,1982699383135,1792
basic_appreq,5147989,1982704569175,1792
basic_appreq,5059731,1982709670819,1792
basic_appreq,5402036,1982715111776,1792
basic_appreq,5461304,1982720610669,1792
basic_appreq,5333453,1982725984159,1792
basic_appreq,5214386,1982731236059,1792
basic_appreq,5626739,1982736902004,1792
basic_appreq,5292645,1982742232974,1792
basic_appreq,5113267,1982747384250,1792
basic_appreq,5195029,1982752616597,1792
basic_appreq,5097605,1982757751926,1792
basic_appreq,5065859,1982762853517,1792
basic_appreq,3739332,1982766637581,1792
basic_appreq,4388201,1982771064847,1792
basic_appreq,3657663,1982774769356,1792
basic_appreq,4510511,1982779314582,1792
basic_appreq,4944236,1982784293236,1792
basic_appreq,4558397,1982788889011,1792
basic_appreq,4418655,1982793348157,1792
basic_appreq,5487127,1982798881569,1792
basic_appreq,3687147,1982802603749,1792
basic_appreq,4398810,1982807046180,1792
basic_appreq,3285460,1982810378672,1792
basic_appreq,4871342,1982815285507,1792
basic_appreq,4050785,1982819372536,1792
basic_appreq,5250316,1982824661490,1792
basic_appreq,4652307,1982829354859,1792
basic_appreq,4875961,1982834268711,1792
basic_appreq,5008436,1982839317101,1792
basic_appreq,4369101,1982843722265,1792
basic_appreq,5904477,1982849672569,1792
basic_appreq,5064499,1982854774596,1792
basic_appreq,4911639,1982859727991,1792
basic_appreq,3447435,1982863211743,1792
basic_appreq,4214976,1982867466714,1792
basic_appreq,5176734,1982872689413,1792
basic_appreq,3566979,1982876296686,1792
basic_appreq,5194161,1982881527886,1792
basic_appreq,4855128,1982886421844,1792
basic_appreq,4989893,1982891448545,1792
basic_appreq,4752004,1982896239237,1792
basic_appreq,5196543,1982901473266,1792
basic_appreq,3632514,1982905146248,1792
basic_appreq,5135107,1982910319451,1792
basic_appreq,4914413,1982915277504,1792
basic_appreq,5406229,1982920728595,1792
basic_appreq,5322824,1982926092161,1792
basic_appreq,5097125,1982931235759,1792
basic_appreq,5570714,1982936850800,1792
basic_appreq,5485445,1982942375292,1792
basic_appreq,3149693,1982945564254,1792
basic_appreq,3456568,1982949068210,1792
basic_appreq,5651141,1982954755278,1792
basic_appreq,4986377,1982959782358,1792
basic_appreq,5224079,1982965044686,1792
basic_appreq,3444482,1982968533873,1792
basic_appreq,4592224,1982973165019,1792
basic_appreq,4589662,1982977810543,1792
basic_appreq,4734866,1982982583695,1792
basic_appreq,4753966,1982987376110,1792
basic_appreq,4673226,1982992085915,1792
basic_appreq,4831854,1982996958143,1792
basic_appreq,4351232,1983001350177,1792
basic_appreq,4432364,1983005824688,1792
basic_appreq,3660716,1983009521516,1792
basic_appreq,4653017,1983014210468,1792
basic_appreq,4973195,1983019224282,1792
basic_appreq,4975792,1983024239015,1792
basic_appreq,4798728,1983029075638,1792
basic_appreq,5370480,1983034485149,1792
basic_appreq,3605802,1983038128439,1792
basic_appreq,4592211,1983042770229,1792
basic_appreq,4575815,1983047386582,1792
basic_appreq,3954659,1983051404670,1792
basic_appreq,5340664,1983056779369,1792
basic_appreq,5466897,1983062284163,1792
basic_appreq,4873876,1983067197634,1792
basic_appreq,5509072,1983072747465,1792
basic_appreq,5185162,1983077970708,1792
basic_appreq,4855017,1983082863980,1792
basic_appreq,5880486,1983088785218,1792
basic_appreq,5419481,1983094248005,1792
basic_appreq,5511183,1983099803997,1792
basic_appreq,3170530,1983103015977,1792
basic_appreq,4642436,1983107695934,1792
basic_appreq,3775467,1983111511398,1792
basic_appreq,4814951,1983116359183,1792
basic_appreq,5140481,1983121534741,1792
basic_appreq,3790656,1983125373711,1792
basic_appreq,4708996,1983130122176,1792
basic_appreq,4598704,1983134766140,1792
basic_appreq,4216855,1983139027170,1792
basic_appreq,4109439,1983143178044,1792
basic_appreq,5197575,1983148413812,1792
basic_appreq,5230949,1983153687199,1792
basic_appreq,5148453,1983158875695,1792
basic_appreq,4386720,1983163299834,1792
basic_appreq,3911521,1983167251072,1792
basic_appreq,4693412,1983171984454,1792
basic_appreq,5411235,1983177461414,1792
basic_appreq,3144501,1983180646346,1792
basic_appreq,5037879,1983185721365,1792
basic_appreq,3752367,1983189517715,1792
basic_appreq,4693910,1983194252076,1792
basic_appreq,3633720,1983197923145,1792
basic_appreq,4570981,1983202529041,1792
basic_appreq,4596674,1983207160824,1792
basic_appreq,4378389,1983211572479,1792
basic_appreq,4799897,1983216407511,1792
basic_appreq,5253110,1983221698759,1792
basic_appreq,5325795,1983227064271,1792
basic_appreq,5226318,1983232328086,1792
basic_appreq,4950370,1983237318236,1792
basic_appreq,4120744,1983241483064,1792
basic_appreq,5659759,1983247186890,1792
basic_appreq,5491703,1983252722693,1792
basic_appreq,3493290,1983256259572,1792
basic_appreq,4524290,1983260825613,1792
basic_appreq,4587422,1983265460675,1792
basic_appreq,4933265,1983270436132,1792
basic_appreq,3983984,1983274465382,1792
basic_appreq,5365675,1983279870803,1792
basic_appreq,5659686,1983285570506,1792
basic_appreq,4613819,1983290222524,1792
basic_appreq,4975019,1983295232181,1792
basic_appreq,5376555,1983300642996,1792
basic_appreq,4824405,1983305501929,1792
basic_appreq,5259084,1983310799746,1792
basic_appreq,5211933,1983316048819,1792
basic_appreq,5454847,1983321545541,1792
basic_appreq,3155025,1983324739067,1792
basic_appreq,3471929,1983328260943,1792
basic_appreq,5554859,1983333853032,1792
basic_appreq,5326656,1983339216949,1792
basic_appreq,5272876,1983344528363,1792
basic_appreq,5221884,1983349786794,1792
basic_appreq,5659072,1983355482474,1792
basic_appreq,4270273,1983359790342,1792
basic_appreq,5062896,1983364890818,1792
basic_appreq,5261938,1983370209744,1792
basic_appreq,5009752,1983375256500,1792
basic_appreq,5686454,1983380992461,1792
basic_appreq,5378659,1983386420279,1792
basic_appreq,5887049,1983392348871,1792
basic_appreq,3824494,1983396211201,1792
basic_appreq,3807614,1983400063514,1792
basic_appreq,5158150,1983405263498,1792
basic_appreq,4455931,1983409758918,1792
basic_appreq,4659036,1983414459164,1792
basic_appreq,3286036,1983417782798,1792
basic_appreq,5151052,1983422969247,1792
basic_appreq,4918459,1983427926362,1792
basic_appreq,5638137,1983433601485,1792
basic_appreq,5600723,1983439239468,1792
basic_appreq,5065646,1983444343444,1792
basic_appreq,5473058,1983449854226,1792
basic_appreq,5336799,1983455229249,1792
basic_appreq,5239800,1983460503421,1792
basic_appreq,5376178,1983465916954,1792
basic_appreq,5543555,1983471498344,1792
basic_appreq,4703086,1983476239837,1792
basic_appreq,5815252,1983482103062,1792
basic_appreq,5441718,1983487584586,1792
basic_appreq,5524336,1983493149994,1792
basic_appreq,5511631,1983498701314,1792
basic_appreq,5338078,1983504081187,1792
basic_appreq,4947601,1983509071304,1792
basic_appreq,5734971,1983514856148,1792
basic_appreq,6153902,1983521049298,1792
basic_appreq,4949619,1983526036474,1792
basic_appreq,4906612,1983530980920,1792
basic_appreq,5124720,1983536145666,1792
basic_appreq,6161615,1983542356076,1792
basic_appreq,5456351,1983547851479,1792
basic_appreq,4804675,1983552694731,1792
basic_appreq,4912826,1983557663442,1792
basic_appreq,6474840,1983564177647,1792
basic_appreq,5577426,1983569792832,1792
basic_appreq,4884845,1983574715880,1792
basic_appreq,4556715,1983579308618,1792
basic_appreq,4533503,1983583878940,1792
basic_appreq,5345807,1983589263925,1792
basic_appreq,3648476,1983592956183,1792
basic_appreq,4021617,1983597023732,1792
basic_appreq,2693486,1983599754251,1792
basic_appreq,4921699,1983604710722,1792
basic_appreq,5401308,1983610156994,1792
basic_appreq,3586074,1983613789451,1792
basic_appreq,4671415,1983618497893,1792
basic_appreq,3478304,1983622022449,1792
basic_appreq,5256707,1983627318938,1792
basic_appreq,4692857,1983632044518,1792
basic_appreq,5031844,1983637111817,1792
basic_appreq,5448257,1983642598561,1792
basic_appreq,5628869,1983648265769,1792
basic_appreq,5396025,1983653700651,1792
basic_appreq,5338259,1983659078058,1792
basic_appreq,3711024,1983662831184,1792
basic_appreq,4755398,1983667627695,1792
basic_appreq,4918369,1983672586930,1792
basic_appreq,4611073,1983677243170,1792
basic_appreq,4256530,1983681544411,1792
basic_appreq,4524297,1983686110045,1792
basic_appreq,4186855,1983690346870,1792
basic_appreq,4881256,1983695271755,1792
basic_appreq,5426245,1983700735902,1792
basic_appreq,5236649,1983706010396,1792
basic_appreq,4548906,1983710596833,1792
basic_appreq,4675952,1983715308426,1792
basic_appreq,4574568,1983719921217,1792
basic_appreq,4725817,1983724684726,1792
basic_appreq,5737595,1983730463318,1792
basic_appreq,5121180,1983735619941,1792
basic_appreq,5252876,1983740909572,1792
basic_appreq,4719058,1983745667381,1792
basic_appreq,5197905,1983750908561,1792
basic_appreq,4629020,1983755574020,1792
basic_appreq,4639529,1983760253993,1792
basic_appreq,4474191,1983764768799,1792
basic_appreq,3692736,1983768497792,1792
basic_appreq,4437744,1983772979679,1792
basic_appreq,4648341,1983777664287,1792
basic_appreq,4131854,1983781833311,1792
basic_appreq,4767492,1983786642364,1792
basic_appreq,4963529,1983791646546,1792
basic_appreq,5915762,1983797597895,1792
basic_appreq,5625915,1983803261136,1792
basic_appreq,5609408,1983808908135,1792
basic_appreq,4781459,1983813727118,1792
basic_appreq,4976420,1983818739983,1792
basic_appreq,4147315,1983822925824,1792
basic_appreq,4917061,1983827880332,1792
basic_appreq,4703346,1983832622442,1792
basic_appreq,5333142,1983838000680,1792
basic_appreq,3184668,1983841224890,1792
basic_appreq,4541368,1983845812457,1792
basic_appreq,4723796,1983850579181,1792
basic_appreq,4539303,1983855162494,1792
basic_appreq,5079315,1983860289842,1792
basic_appreq,4634898,1983864971098,1792
basic_appreq,4718126,1983869728456,1792
basic_appreq,3286901,1983873061024,1792
basic_appreq,4946220,1983878045333,1792
basic_appreq,5238183,1983883326671,1792
basic_appreq,4657954,1983888023986,1792
basic_appreq,4883558,1983892949181,1792
basic_appreq,5182403,1983898168119,1792
basic_appreq,5515064,1983903719285,1792
basic_appreq,5635497,1983909406909,1792
basic_appreq,4704904,1983914150740,1792
basic_appreq,4658197,1983918850952,1792
basic_appreq,5701310,1983924589017,1792
basic_appreq,3963220,1983928591994,1792
basic_appreq,4058663,1983932695794,1792
basic_appreq,3245230,1983935981182,1792
basic_appreq,4691866,1983940731118,1792
basic_appreq,4718366,1983945488242,1792
basic_appreq,5240606,1983950766825,1792
basic_appreq,4559753,1983955359051,1792
basic_appreq,4731657,1983960125586,1792
basic_appreq,4776260,1983964941151,1792
basic_appreq,4585322,1983969564617,1792
basic_appreq,4552294,1983974155969,1792
basic_appreq,4590016,1983978781670,1792
basic_appreq,4652204,1983983468435,1792
basic_appreq,4788154,1983988298187,1792
basic_appreq,4032468,1983992369181,1792
basic_appreq,4537743,1983996958102,1792
basic_appreq,5246347,1984002249530,1792
basic_appreq,5170346,1984007457434,1792
basic_appreq,4757408,1984012253862,1792
basic_appreq,5358999,1984017652323,1792
basic_appreq,3328514,1984021026766,1792
basic_appreq,5162792,1984026233820,1792
basic_appreq,3917798,1984030189661,1792
basic_appreq,5070837,1984035296545,1792
basic_appreq,5172069,1984040502773,1792
basic_appreq,3675612,1984044232466,1792
basic_appreq,4158789,1984048428729,1792
basic_appreq,4688759,1984053157157,1792
basic_appreq,4127026,1984057332096,1792
basic_appreq,5438341,1984062809762,1792
basic_appreq,5252321,1984068104622,1792
basic_appreq,5030231,1984073179176,1792
basic_appreq,4320425,1984077537704,1792
basic_appreq,5344138,1984082923860,1792
basic_appreq,5233875,1984088195658,1792
basic_appreq,5554208,1984093795015,1792
basic_appreq,3075541,1984096912637,1792
basic_appreq,4283334,1984101244892,1792
basic_appreq,4704753,1984105991737,1792
basic_appreq,3881709,1984109920050,1792
basic_appreq,5112440,1984115070945,1792
basic_appreq,5016089,1984120123102,1792
basic_appreq,4616486,1984124784798,1792
basic_appreq,6221987,1984131052221,1792
basic_appreq,5345732,1984136435389,1792
basic_appreq,5149366,1984141623292,1792
basic_appreq,3502211,1984145165544,1792
basic_appreq,4752037,1984149955774,1792
basic_appreq,4428411,1984154427187,1792
basic_appreq,4847496,1984159321040,1792
basic_appreq,4709817,1984164070482,1792
basic_appreq,4676602,1984168792564,1792
basic_appreq,4297462,1984173132663,1792
basic_appreq,4590136,1984177764650,1792
basic_appreq,5008930,1984182808995,1792
basic_appreq,4864980,1984187711045,1792
basic_appreq,4567866,1984192323448,1792
basic_appreq,4497622,1984196861030,1792
basic_appreq,5180320,1984202085306,1792
basic_appreq,3879082,1984206006566,1792
basic_appreq,4240665,1984210285283,1792
basic_appreq,5283265,1984215604962,1792
basic_appreq,3231049,1984218881054,1792
basic_appreq,4570104,1984223488766,1792
basic_appreq,3334092,1984226868746,1792
basic_appreq,4211593,1984231119762,1792
basic_appreq,3412401,1984234571592,1792
basic_appreq,5208743,1984239819767,1792
basic_appreq,5037815,1984244895511,1792
basic_appreq,4572190,1984249504024,1792
basic_appreq,4565726,1984254107244,1792
basic_appreq,4613720,1984258758967,1792
basic_appreq,4545198,1984263339794,1792
basic_appreq,5428229,1984268806734,1792
basic_appreq,3299571,1984272150853,1792
basic_appreq,4615390,1984276803065,1792
basic_appreq,3534558,1984280381077,1792
basic_appreq,5323826,1984285740450,1792
basic_appreq,5036107,1984290814457,1792
basic_appreq,4435052,1984295292482,1792
basic_appreq,5425527,1984300763238,1792
basic_appreq,5101185,1984305902628,1792
basic_appreq,3476461,1984309411493,1792
basic_appreq,4876104,1984314322639,1792
basic_appreq,3139857,1984317506691,1792
basic_appreq,4390353,1984321937540,1792
basic_appreq,5170062,1984327153198,1792
basic_appreq,4566893,1984331761125,1792
basic_appreq,4876001,1984336678095,1792
basic_appreq,4511288,1984341238144,1792
basic_appreq,5586606,1984346862928,1792
basic_appreq,5397389,1984352298612,1792
basic_appreq,5672374,1984358011455,1792
basic_appreq,5156457,1984363203191,1792
basic_appreq,3059067,1984366303836,1792
basic_appreq,4924146,1984371263957,1792
basic_appreq,4857536,1984376161606,1792
basic_appreq,3475842,1984379686079,1792
basic_appreq,4952054,1984384689309,1792
basic_appreq,4772720,1984389500205,1792
basic_appreq,4008075,1984393553038,1792
basic_appreq,4598519,1984398192602,1792
basic_appreq,5221663,1984403449513,1792
basic_appreq,5056681,1984408542133,1792
basic_appreq,4867084,1984413447728,1792
basic_appreq,5406847,1984418903294,1792
basic_appreq,5476309,1984424414347,1792
basic_appreq,4753284,1984429207121,1792
basic_appreq,4648079,1984433896490,1792
basic_appreq,4697466,1984438634069,1792
basic_appreq,4641250,1984443315583,1792
basic_appreq,4480617,1984447836318,1792
basic_appreq,5003903,1984452881404,1792
basic_appreq,3231909,1984456157723,1792
basic_appreq,4952109,1984461160805,1792
basic_appreq,4166558,1984465371787,1792
basic_appreq,4591359,1984470002755,1792
basic_appreq,4918166,1984474965460,1792
basic_appreq,4634938,1984479638566,1792
basic_appreq,4742788,1984484421636,1792
basic_appreq,5077404,1984489543467,1792
basic_appreq,5095181,1984494681890,1792
basic_appreq,5275075,1984499998402,1792
basic_appreq,4415448,1984504485368,1792
basic_appreq,5200579,1984509729349,1792
basic_appreq,5854670,1984515631247,1792
basic_appreq,5409415,1984521081108,1792
basic_appreq,5637268,1984526762230,1792
basic_appreq,5846605,1984532665308,1792
basic_appreq,5313886,1984538023161,1792
basic_appreq,5434032,1984543497524,1792
basic_appreq,5592380,1984549137101,1792
basic_appreq,4917508,1984554093150,1792
basic_appreq,5350729,1984559490688,1792
basic_appreq,5175285,1984564704105,1792
basic_appreq,5018098,1984569768655,1792
basic_appreq,5658095,1984575465998,1792
basic_appreq,5601826,1984581107039,1792
basic_appreq,6252586,1984587404376,1792
basic_appreq,5127522,1984592569843,1792
basic_appreq,4585675,1984597193948,1792
basic_appreq,5198327,1984602438094,1792
basic_appreq,5221550,1984607694973,1792
basic_appreq,4477444,1984612208866,1792
basic_appreq,4851362,1984617098917,1792
basic_appreq,5179447,1984622317223,1792
basic_appreq,5197772,1984627555069,1792
basic_appreq,5237187,1984632830880,1792
basic_appreq,5039366,1984637911997,1792
basic_appreq,5234163,1984643190647,1792
basic_appreq,5832692,1984649068587,1792
basic_appreq,4746381,1984653854076,1792
basic_appreq,5262546,1984659155376,1792
basic_appreq,6101374,1984665302707,1792
basic_appreq,5083274,1984670423807,1792
basic_appreq,5196589,1984675658248,1792
basic_appreq,5250072,1984680946562,1792
basic_appreq,5411503,1984686402606,1792
basic_appreq,5022236,1984691467256,1792
basic_appreq,6052309,1984697564530,1792
basic_appreq,4807522,1984702410491,1792
basic_appreq,3734059,1984706183047,1792
basic_appreq,5671841,1984711900432,1792
basic_appreq,5060751,1984716998119,1792
basic_appreq,4222875,1984721259978,1792
basic_appreq,3632882,1984724931577,1792
basic_appreq,3552487,1984728533236,1792
basic_appreq,4646900,1984733217199,1792
basic_appreq,5106889,1984738363072,1792
basic_appreq,5397180,1984743798963,1792
basic_appreq,4421392,1984748257552,1792
basic_appreq,4396371,1984752697990,1792
basic_appreq,5116154,1984757863410,1792
basic_appreq,3553214,1984761461654,1792
basic_appreq,3710879,1984765212344,1792
basic_appreq,5164835,1984770417674,1792
basic_appreq,5130282,1984775585360,1792
basic_appreq,5322186,1984780946026,1792
basic_appreq,5660654,1984786645752,1792
basic_appreq,5754863,1984792439589,1792
basic_appreq,4565986,1984797044575,1792
basic_appreq,5345228,1984802429226,1792
basic_appreq,5531608,1984808023659,1792
basic_appreq,5195664,1984813265685,1792
basic_appreq,5303123,1984818607991,1792
basic_appreq,5149181,1984823796189,1792
basic_appreq,5306355,1984829142343,1792
basic_appreq,5473884,1984834657106,1792
basic_appreq,4892531,1984839589279,1792
basic_appreq,4853744,1984844492686,1792
basic_appreq,5114454,1984849648781,1792
basic_appreq,5185140,1984854879774,1792
basic_appreq,3245786,1984858167372,1792
basic_appreq,4458281,1984862662998,1792
basic_appreq,4415009,1984867123209,1792
basic_appreq,5415571,1984872574380,1792
basic_appreq,4846453,1984877461454,1792
basic_appreq,5279192,1984882780346,1792
basic_appreq,5760124,1984888578299,1792
basic_appreq,5466395,1984894081581,1792
basic_appreq,5321973,1984899442698,1792
basic_appreq,5292748,1984904776262,1792
basic_appreq,5131976,1984909947269,1792
basic_appreq,5352928,1984915342563,1792
basic_appreq,5899897,1984921288283,1792
basic_appreq,5317168,1984926644766,1792
basic_appreq,5651288,1984932336850,1792
basic_appreq,5249169,1984937626107,1792
basic_appreq,5148607,1984942812669,1792
basic_appreq,5936018,1984948791399,1792
basic_appreq,3134873,1984951965424,1792
basic_appreq,4862588,1984956895037,1792
basic_appreq,3303765,1984960241366,1792
basic_appreq,5551552,1984965829960,1792
basic_appreq,5578002,1984971445349,1792
basic_appreq,4935267,1984976417753,1792
basic_appreq,5561814,1984982016705,1792
basic_appreq,5386248,1984987441767,1792
basic_appreq,5304858,1984992784873,1792
basic_appreq,4267246,1984997089673,1792
basic_appreq,5705019,1985002838679,1792
basic_appreq,5001548,1985007880340,1792
basic_appreq,4987528,1985012904498,1792
basic_appreq,4675926,1985017616914,1792
basic_appreq,5126464,1985022789267,1792
basic_appreq,4166499,1985026995940,1792
basic_appreq,4917324,1985031957110,1792
basic_appreq,3985788,1985035983864,1792
basic_appreq,5274802,1985041314424,1792
basic_appreq,5480235,1985046832306,1792
basic_appreq,5649181,1985052535431,1792
basic_appreq,11178614,1985063752712,1792
basic_appreq,6530535,1985070321751,1792
basic_appreq,5808842,1985076175138,1792
basic_appreq,3513155,1985079727124,1792
basic_appreq,4564006,1985084327167,1792
basic_appreq,4586655,1985088957587,1792
basic_appreq,4864576,1985093861344,1792
basic_appreq,4815344,1985098713501,1792
basic_appreq,3583522,1985102350437,1792
basic_appreq,5389757,1985107775714,1792
basic_appreq,4923896,1985112736788,1792
basic_appreq,5635702,1985118420956,1792
basic_appreq,5310114,1985123773012,1792
basic_appreq,4957375,1985128770891,1792
basic_appreq,5324665,1985134139309,1792
basic_appreq,5162418,1985139347783,1792
basic_appreq,5446952,1985144840486,1792
basic_appreq,5583715,1985150476450,1792
basic_appreq,5047018,1985155568329,1792
basic_appreq,5654754,1985161268677,1792
basic_appreq,5008003,1985166318031,1792
basic_appreq,5160997,1985171528300,1792
basic_appreq,4961784,1985176529613,1792
basic_appreq,6410926,1985182987916,1792
basic_appreq,5390856,1985188412210,1792
basic_appreq,5335983,1985193786242,1792
basic_appreq,5117805,1985198942553,1792
basic_appreq,5396145,1985204377773,1792
basic_appreq,5576708,1985210002130,1792
basic_appreq,6338912,1985216380899,1792
basic_appreq,4848455,1985221267418,1792
basic_appreq,4559312,1985225864667,1792
basic_appreq,5762228,1985231666842,1792
basic_appreq,5199302,1985236905576,1792
basic_appreq,5109825,1985242053754,1792
basic_appreq,10026122,1985252118168,1792
basic_appreq,5023742,1985257180189,1792
basic_appreq,5105058,1985262325668,1792
basic_appreq,5458236,1985267830920,1792
basic_appreq,5560807,1985273432682,1792
basic_appreq,3360614,1985276833941,1792
basic_appreq,4431633,1985281304684,1792
basic_appreq,3946174,1985285293373,1792
basic_appreq,4987899,1985290316869,1792
basic_appreq,4463361,1985294816107,1792
basic_appreq,4676983,1985299532547,1792
basic_appreq,4695417,1985304264918,1792
basic_appreq,4498657,1985308800240,1792
basic_appreq,3350876,1985312189575,1792
basic_appreq,4533720,1985316766765,1792
basic_appreq,3667039,1985320483294,1792
basic_appreq,5363432,1985325880340,1792
basic_appreq,5107522,1985331023944,1792
basic_appreq,5142245,1985336203800,1792
basic_appreq,5488198,1985341729767,1792
basic_appreq,5591895,1985347359275,1792
basic_appreq,4827092,1985352224834,1792
basic_appreq,4939715,1985357206697,1792
basic_appreq,5229325,1985362474783,1792
basic_appreq,5619635,1985368132494,1792
basic_appreq,5292812,1985373462874,1792
basic_appreq,5473272,1985378975377,1792
basic_appreq,5675025,1985384700507,1792
basic_appreq,4931612,1985389673593,1792
basic_appreq,5787568,1985395512034,1792
basic_appreq,5360422,1985400911762,1792
basic_appreq,5550398,1985406517033,1792
basic_appreq,5187444,1985411744273,1792
basic_appreq,5443640,1985417229637,1792
basic_appreq,5654563,1985422941078,1792
basic_appreq,5504351,1985428486427,1792
basic_appreq,5148824,1985433673991,1792
basic_appreq,5081709,1985438794346,1792
basic_appreq,6253769,1985445100429,1792
basic_appreq,4490672,1985449629112,1792
basic_appreq,5113886,1985454781314,1792
basic_appreq,6108692,1985460933949,1792
basic_appreq,5545423,1985466518891,1792
basic_appreq,5029659,1985471587102,1792
basic_appreq,4973016,1985476598364,1792
basic_appreq,5427281,1985482067422,1792
basic_appreq,5787826,1985487910054,1792
basic_appreq,6421381,1985494369621,1792
basic_appreq,5677374,1985500085906,1792
basic_appreq,4964952,1985505093078,1792
basic_appreq,5636701,1985510768675,1792
basic_appreq,4941991,1985515749964,1792
basic_appreq,3390111,1985519180539,1792
basic_appreq,4810627,1985524033693,1792
basic_appreq,4674980,1985528747109,1792
basic_appreq,4440572,1985533228513,1792
basic_appreq,5188549,1985538461425,1792
basic_appreq,5134943,1985543632545,1792
basic_appreq,4694713,1985548362832,1792
basic_appreq,3194602,1985551600053,1792
basic_appreq,4610444,1985556244781,1792
basic_appreq,4915123,1985561195871,1792
basic_appreq,5779485,1985567014437,1792
basic_appreq,4926896,1985571979532,1792
basic_appreq,5502347,1985577543535,1792
basic_appreq,3645793,1985581233781,1792
basic_appreq,4653742,1985585926435,1792
basic_appreq,3944220,1985589924155,1792
basic_appreq,4843937,1985594812713,1792
basic_appreq,5384521,1985600235907,1792
basic_appreq,5710419,1985605984077,1792
basic_appreq,5228831,1985611252049,1792
basic_appreq,5137676,1985616429886,1792
basic_appreq,5156298,1985621624668,1792
basic_appreq,5308537,1985626972122,1792
basic_appreq,5384344,1985632394701,1792
basic_appreq,5370604,1985637803032,1792
basic_appreq,5723376,1985643565212,1792
basic_appreq,5776678,1985649380658,1792
basic_appreq,5595250,1985655014642,1792
basic_appreq,5573448,1985660625634,1792
basic_appreq,5326774,1985665993280,1792
basic_appreq,5269482,1985671304616,1792
basic_appreq,5410170,1985676754097,1792
basic_appreq,5247874,1985682041095,1792
basic_appreq,4577125,1985686656516,1792
basic_appreq,4846522,1985691541522,1792
basic_appreq,5031372,1985696618593,1792
basic_appreq,4301835,1985700956792,1792
basic_appreq,3767797,1985704763604,1792
basic_appreq,2915551,1985707722793,1792
basic_appreq,4626932,1985712385475,1792
basic_appreq,4746574,1985717170933,1792
basic_appreq,5400143,1985722614232,1792
basic_appreq,3181266,1985725834697,1792
basic_appreq,4588336,1985730469427,1792
basic_appreq,4983734,1985735493777,1792
basic_appreq,3329437,1985738863838,1792
basic_appreq,4882977,1985743783171,1792
basic_appreq,4694437,1985748517920,1792
basic_appreq,4908070,1985753461257,1792
basic_appreq,4702994,1985758199639,1792
basic_appreq,4619758,1985762854325,1792
basic_appreq,5001587,1985767894187,1792
basic_appreq,5192235,1985773124795,1792
basic_appreq,5619264,1985778783442,1792
basic_appreq,5321666,1985784143971,1792
basic_appreq,3265070,1985787447904,1792
basic_appreq,4682280,1985792170942,1792
basic_appreq,4648364,1985796864371,1792
basic_appreq,3803718,1985800713142,1792
basic_appreq,5219214,1985805972877,1792
basic_appreq,5441548,1985811454218,1792
basic_appreq,5553192,1985817045892,1792
basic_appreq,5135305,1985822219823,1792
basic_appreq,5442039,1985827701629,1792
basic_appreq,4746117,1985832486213,1792
basic_appreq,5507766,1985838034214,1792
basic_appreq,5225739,1985843298333,1792
basic_appreq,5050604,1985848387770,1792
basic_appreq,5005280,1985853431844,1792
basic_appreq,5421851,1985858895834,1792
basic_appreq,3299571,1985862235526,1792
basic_appreq,4751352,1985867024831,1792
basic_appreq,4299082,1985871376266,1792
basic_appreq,4670811,1985876088558,1792
basic_appreq,4718637,1985880846202,1792
basic_appreq,5119332,1985886003901,1792
basic_appreq,5408669,1985891450491,1792
basic_appreq,5355443,1985896844004,1792
basic_appreq,5742351,1985902626496,1792
basic_appreq,5140467,1985907805820,1792
basic_appreq,3923170,1985911771413,1792
basic_appreq,4259416,1985916071040,1792
basic_appreq,4945868,1985921057390,1792
basic_appreq,4766055,1985925860177,1792
basic_appreq,6048590,1985931951547,1792
basic_appreq,5514538,1985937503563,1792
basic_appreq,5131562,1985942674871,1792
basic_appreq,5507752,1985948218055,1792
basic_appreq,5025762,1985953281672,1792
basic_appreq,5652085,1985958978818,1792
basic_appreq,4864005,1985963883940,1792
basic_appreq,5636693,1985969568907,1792
basic_appreq,5262035,1985974869371,1792
basic_appreq,5228838,1985980138062,1792
basic_appreq,5307658,1985985484473,1792
basic_appreq,5946015,1985991476221,1792
basic_appreq,5154652,1985996668888,1792
basic_appreq,5572229,1986002284496,1792
basic_appreq,5521820,1986007843008,1792
basic_appreq,5080549,1986012962521,1792
basic_appreq,5364211,1986018370799,1792
basic_appreq,5575336,1986023990839,1792
basic_appreq,5817698,1986029873478,1792
basic_appreq,4970937,1986034882630,1792
basic_appreq,5528194,1986040448231,1792
basic_appreq,5203694,1986045691196,1792
basic_appreq,5803925,1986051539692,1792
basic_appreq,5713486,1986057293268,1792
basic_appreq,5416060,1986062747948,1792
basic_appreq,4798981,1986067586131,1792
basic_appreq,3496518,1986071127681,1792
basic_appreq,4491756,1986075659965,1792
basic_appreq,4509953,1986080218307,1792
basic_appreq,4960477,1986085217155,1792
basic_appreq,5244212,1986090498987,1792
basic_appreq,5265730,1986095801973,1792
basic_appreq,5099398,1986100940756,1792
basic_appreq,4897151,1986105891601,1792
basic_appreq,4940905,1986110872826,1792
basic_appreq,5142132,1986116051245,1792
basic_appreq,4532783,1986120624624,1792
basic_appreq,5432606,1986126096566,1792
basic_appreq,4775379,1986130909721,1792
basic_appreq,5107869,1986136062709,1792
basic_appreq,5051157,1986141162306,1792
basic_appreq,5413685,1986146614213,1792
basic_appreq,3392728,1986150044999,1792
basic_appreq,4588567,1986154680092,1792
basic_appreq,4454538,1986159169684,1792
basic_appreq,5100253,1986164315346,1792
basic_appreq,4104487,1986168459150,1792
basic_appreq,4200503,1986172705789,1792
basic_appreq,4959508,1986177700541,1792
basic_appreq,5275874,1986183014229,1792
basic_appreq,5224584,1986188276434,1792
basic_appreq,5290483,1986193606035,1792
basic_appreq,5424616,1986199079252,1792
basic_appreq,5738361,1986204886414,1792
basic_appreq,4919992,1986209844354,1792
basic_appreq,5422994,1986215310452,1792
basic_appreq,6074703,1986221430411,1792
basic_appreq,5449474,1986226920660,1792
basic_appreq,4854964,1986231816134,1792
basic_appreq,5320064,1986237176008,1792
basic_appreq,6046705,1986243267194,1792
basic_appreq,5815142,1986249123505,1792
basic_appreq,5267541,1986254429105,1792
basic_appreq,5101038,1986259569695,1792
basic_appreq,5295425,1986264910460,1792
basic_appreq,5520362,1986270473512,1792
basic_appreq,5380831,1986275892470,1792
basic_appreq,6154328,1986282087493,1792
basic_appreq,5330831,1986287457545,1792
basic_appreq,5732689,1986293228641,1792
basic_appreq,4438002,1986297704159,1792
basic_appreq,4282940,1986302028305,1792
basic_appreq,5328297,1986307395187,1792
basic_appreq,5457081,1986312889750,1792
basic_appreq,4618188,1986317546705,1792
basic_appreq,5066816,1986322652661,1792
basic_appreq,5559368,1986328251098,1792
basic_appreq,3191911,1986331481089,1792
basic_appreq,4529292,1986336051772,1792
basic_appreq,5039797,1986341134055,1792
basic_appreq,4022253,1986345198700,1792
basic_appreq,4219072,1986349459677,1792
basic_appreq,4622725,1986354122502,1792
basic_appreq,4434787,1986358595258,1792
basic_appreq,4747397,1986363379610,1792
basic_appreq,4782277,1986368197447,1792
basic_appreq,4462899,1986372699771,1792
basic_appreq,5207616,1986377946775,1792
basic_appreq,4794794,1986382780166,1792
basic_appreq,4840017,1986387657767,1792
basic_appreq,4862434,1986392564309,1792
basic_appreq,2852207,1986395460154,1792
basic_appreq,4671684,1986400166276,1792
basic_appreq,4625764,1986404832096,1792
basic_appreq,4871500,1986409752210,1792
basic_appreq,4908012,1986414702738,1792
basic_appreq,5831738,1986420584060,1792
basic_appreq,4609060,1986425229318,1792
basic_appreq,4567616,1986429833016,1792
basic_appreq,4898157,1986434770220,1792
basic_appreq,4386506,1986439196036,1792
basic_appreq,4704633,1986443937645,1792
basic_appreq,5555801,1986449537456,1792
basic_appreq,4020660,1986453599445,1792
basic_appreq,3864885,1986457500569,1792
basic_appreq,4061314,1986461606544,1792
basic_appreq,4207100,1986465857136,1792
basic_appreq,5176146,1986471071641,1792
basic_appreq,5065128,1986476175323,1792
basic_appreq,5056400,1986481270644,1792
basic_appreq,5269612,1986486581322,1792
basic_appreq,5442611,1986492064404,1792
basic_appreq,5602772,1986497707684,1792
basic_appreq,5830305,1986503575717,1792
basic_appreq,5528819,1986509143243,1792
basic_appreq,5360783,1986514543130,1792
basic_appreq,5486630,1986520067837,1792
basic_appreq,5576655,1986525684221,1792
basic_appreq,5520402,1986531242701,1792
basic_appreq,4624479,1986535902687,1792
basic_appreq,4853832,1986540795837,1792
basic_appreq,5172678,1986546006111,1792
basic_appreq,5426555,1986551473352,1792
basic_appreq,4553338,1986556063175,1792
basic_appreq,5114724,1986561227503,1792
basic_appreq,4717540,1986565984050,1792
basic_appreq,4649706,1986570674793,1792
basic_appreq,4563689,1986575280841,1792
basic_appreq,4360617,1986579687060,1792
basic_appreq,3827806,1986583552159,1792
basic_appreq,3469252,1986587066195,1792
basic_appreq,5354645,1986592454531,1792
basic_appreq,4790079,1986597280262,1792
basic_appreq,5496160,1986602811973,1792
basic_appreq,5318678,1986608167896,1792
basic_appreq,4565146,1986612788285,1792
basic_appreq,3529898,1986616396293,1792
basic_appreq,4733533,1986621167701,1792
basic_appreq,4063730,1986625273025,1792
basic_appreq,4311987,1986629627236,1792
basic_appreq,4797023,1986634463568,1792
basic_appreq,4862088,1986639363577,1792
basic_appreq,4690007,1986644093209,1792
basic_appreq,5174296,1986649306839,1792
basic_appreq,4568449,1986653917378,1792
basic_appreq,3511435,1986657467304,1792
basic_appreq,4344999,1986661860350,1792
basic_appreq,4546158,1986666441312,1792
basic_appreq,4669853,1986671155594,1792
basic_appreq,5637988,1986676840464,1792
basic_appreq,5020187,1986681896185,1792
basic_appreq,5608735,1986687542106,1792
basic_appreq,5237911,1986692816897,1792
basic_appreq,5039293,1986697892366,1792
basic_appreq,5635253,1986703572980,1792
basic_appreq,3144935,1986706760581,1792
basic_appreq,4622709,1986711425064,1792
basic_appreq,4816062,1986716288060,1792
basic_appreq,4141354,1986720471734,1792
basic_appreq,5004063,1986725513337,1792
basic_appreq,5440366,1986730995527,1792
basic_appreq,5672096,1986736703053,1792
basic_appreq,5500401,1986742242364,1792
basic_appreq,5024242,1986747305727,1792
basic_appreq,5242781,1986752586521,1792
basic_appreq,4839940,1986757471473,1792
basic_appreq,5726574,1986763236052,1792
basic_appreq,5367399,1986768640875,1792
basic_appreq,5147955,1986773826591,1792
basic_appreq,5283943,1986779147719,1792
basic_appreq,5277241,1986784462567,1792
basic_appreq,5056754,1986789557513,1792
basic_appreq,5393746,1986794995085,1792
basic_appreq,3181453,1986798215132,1792
basic_appreq,4625171,1986802884202,1792
basic_appreq,5039299,1986807968150,1792
basic_appreq,3459155,1986811492501,1792
basic_appreq,5099769,1986816626958,1792
basic_appreq,4963078,1986821624405,1792
basic_appreq,4721521,1986826384338,1792
basic_appreq,4793987,1986831219006,1792
basic_appreq,4731006,1986835985066,1792
basic_appreq,4797124,1986840844745,1792
basic_appreq,4735067,1986845618642,1792
basic_appreq,4671032,1986850328758,1792
basic_appreq,5216041,1986855590910,1792
basic_appreq,4483948,1986860114005,1792
basic_appreq,3442538,1986863600310,1792
basic_appreq,5349882,1986868983852,1792
basic_appreq,4366787,1986873387992,1792
basic_appreq,4969861,1986878396874,1792
basic_appreq,5046446,1986883479518,1792
basic_appreq,4713872,1986888232093,1792
basic_appreq,4524538,1986892797757,1792
basic_appreq,5461972,1986898306477,1792
basic_appreq,4559314,1986902908983,1792
basic_appreq,4523699,1986907484211,1792
basic_appreq,4816272,1986912339147,1792
basic_appreq,5282932,1986917668564,1792
basic_appreq,3415265,1986921128304,1792
basic_appreq,5092410,1986926262582,1792
basic_appreq,4951276,1986931253117,1792
basic_appreq,3171813,1986934469691,1792
basic_appreq,5259124,1986939767779,1792
basic_appreq,5536357,1986945341907,1792
basic_appreq,5308627,1986950689158,1792
basic_appreq,4955500,1986955685637,1792
basic_appreq,4349602,1986960076314,1792
basic_appreq,5289461,1986965416474,1792
basic_appreq,3409896,1986968871148,1792
basic_appreq,4554673,1986973467456,1792
basic_appreq,4737749,1986978247548,1792
basic_appreq,4350608,1986982642117,1792
basic_appreq,4027643,1986986711442,1792
basic_appreq,4636847,1986991386736,1792
basic_appreq,4300816,1986995724463,1792
basic_appreq,5574030,1987001334595,1792
basic_appreq,5280371,1987006652117,1792
basic_appreq,4848576,1987011536346,1792
basic_appreq,5199035,1987016775282,1792
basic_appreq,5425707,1987022240447,1792
basic_appreq,5485645,1987027766460,1792
basic_appreq,3212618,1987031018003,1792
basic_appreq,4605233,1987035672391,1792
basic_appreq,4203474,1987039921970,1792
basic_appreq,5437332,1987045397514,1792
basic_appreq,4839950,1987050276432,1792
basic_appreq,4999600,1987055316520,1792
basic_appreq,5461860,1987060817614,1792
basic_appreq,5210770,1987066068642,1792
basic_appreq,5308663,1987071422508,1792
basic_appreq,3885232,1987075351412,1792
basic_appreq,4723134,1987080113079,1792
basic_appreq,4342030,1987084496516,1792
basic_appreq,4630904,1987089174258,1792
basic_appreq,4870267,1987094087873,1792
basic_appreq,3280853,1987097415312,1792
basic_appreq,5024530,1987102478193,1792
basic_appreq,4930514,1987107457434,1792
basic_appreq,5025310,1987112520521,1792
basic_appreq,4584419,1987117146419,1792
basic_appreq,4877458,1987122059926,1792
basic_appreq,5549037,1987127650374,1792
basic_appreq,5192205,1987132880768,1792
basic_appreq,5089905,1987138010306,1792
basic_appreq,5824337,1987143880670,1792
basic_appreq,4110307,1987148030749,1792
basic_appreq,5861712,1987153938345,1792
basic_appreq,4978799,1987158956015,1792
basic_appreq,5509707,1987164505638,1792
basic_appreq,4059383,1987168606497,1792
basic_appreq,3877606,1987172525166,1792
basic_appreq,3505687,1987176075899,1792
basic_appreq,5120758,1987181234621,1792
basic_appreq,5582202,1987186855054,1792
basic_appreq,5584029,1987192478255,1792
basic_appreq,3749075,1987196266964,1792
basic_appreq,4122789,1987200429155,1792
basic_appreq,4862521,1987205335312,1792
basic_appreq,3783142,1987209158622,1792
basic_appreq,4816385,1987214012750,1792
basic_appreq,4883388,1987218932655,1792
basic_appreq,6679482,1987225661656,1792
basic_appreq,5162806,1987230862847,1792
basic_appreq,5440844,1987236340836,1792
basic_appreq,4055905,1987240435270,1792
basic_appreq,4795419,1987245270813,1792
basic_appreq,4203141,1987249526651,1792
basic_appreq,4089075,1987253658877,1792
basic_appreq,4638420,1987258340585,1792
basic_appreq,4132891,1987262518681,1792
basic_appreq,4985469,1987267544337,1792
basic_appreq,5430762,1987273014538,1792
basic_appreq,4557287,1987277611306,1792
basic_appreq,4451738,1987282102286,1792
basic_appreq,4856116,1987287001627,1792
basic_appreq,4435088,1987291473932,1792
basic_appreq,4774375,1987296295046,1792
basic_appreq,5216831,1987301563259,1792
basic_appreq,4132684,1987305737583,1792
basic_appreq,3976766,1987309751855,1792
basic_appreq,4297616,1987314095735,1792
basic_appreq,4427658,1987318561713,1792
basic_appreq,5142093,1987323742146,1792
basic_appreq,5309876,1987329091862,1792
basic_appreq,4841324,1987333973082,1792
basic_appreq,5178772,1987339189045,1792
basic_appreq,5786412,1987345016383,1792
basic_appreq,4662738,1987349719720,1792
basic_appreq,5399273,1987355171720,1792
basic_appreq,5214139,1987360438816,1792
basic_appreq,3488710,1987363972411,1792
basic_appreq,4716311,1987368755460,1792
basic_appreq,3654297,1987372463193,1792
basic_appreq,4837126,1987377336148,1792
basic_appreq,5327307,1987382700078,1792
basic_appreq,4510870,1987387244500,1792
basic_appreq,5215725,1987392496776,1792
basic_appreq,4985853,1987397524961,1792
basic_appreq,5155434,1987402725079,1792
basic_appreq,5177437,1987407945810,1792
basic_appreq,5914250,1987413896098,1792
basic_appreq,5040177,1987418971485,1792
basic_appreq,5030204,1987424040446,1792
basic_appreq,5674484,1987429760671,1792
basic_appreq,5379719,1987435181045,1792
basic_appreq,4963399,1987440192159,1792
basic_appreq,4456659,1987444687510,1792
basic_appreq,4670097,1987449395905,1792
basic_appreq,4384024,1987453815733,1792
basic_appreq,3425133,1987457280196,1792
basic_appreq,4586315,1987461903553,1792
basic_appreq,3618771,1987465564809,1792
basic_appreq,4473504,1987470078280,1792
basic_appreq,5459224,1987475576917,1792
basic_appreq,5586134,1987481200198,1792
basic_appreq,5216219,1987486456501,1792
basic_appreq,5257072,1987491753737,1792
basic_appreq,5688889,1987497482550,1792
basic_appreq,4000073,1987501522994,1792
basic_appreq,5742508,1987507309770,1792
basic_appreq,5512082,1987512859376,1792
basic_appreq,3382173,1987516281438,1792
basic_appreq,4509264,1987520833258,1792
basic_appreq,4026293,1987524899384,1792
basic_appreq,4293289,1987529232644,1792
basic_appreq,2800856,1987532058055,1792
#end,11,3472,1792
