20260216-110055-5700 29773 * main            (benchmark.cc:402): Starting benchmark.
20260216-110100-2849 29773 * main            (benchmark.cc:621): Creating a default paritioner!
20260216-110100-2852 29773 * Client          (client.cc:75):     Initializing StrongStore client with id [74]
20260216-110100-2852 29773 * BenchmarkClient (bench_client.cc:81): starting benchclient, issueConcurrent: 1; fanout: 1
Session created: 0
last_service: , current_state: 0
Session continued: 0
last_service: , current_state: 0
Session destroyed: 18446744073709551615
last_service: , current_state: 0
20260216-110105-6843 29773 * WarmupDone      (bench_client.cc:726): Completed warmup period of 5 seconds with 1024 requests
20260216-110116-6864 29773 * Finish          (bench_client.cc:920): Completed 2234 requests in 11.003729 seconds
20260216-110116-6864 29773 * Finish          (bench_client.cc:921): 1 outstanding transactions.
Session continued: 0
last_service: , current_state: 0
Session destroyed: 18446744073709551615
last_service: , current_state: 0
Session continued: 0
last_service: , current_state: 0
Session destroyed: 18446744073709551615
last_service: , current_state: 0
Session destroyed: 0
last_service: , current_state: 0
20260216-110119-6843 29773 * FlushStats      (benchmark.cc:890): Flushing stats to /mnt/extra/experiments/2026-03-16-11-00-31/out/client-0-0-74-stats-0.json.
20260216-110119-6844 29773 * FlushStats      (benchmark.cc:902): All done!
20260216-110121-6865 29773 * Cleanup         (bench_client.cc:748): Aborting 0 outstanding transactions.
20260216-110121-6866 29773 * CooldownDone    (bench_client.cc:778): Finished cooldown period.
20260216-110121-6872 29773 * CooldownDone    (bench_client.cc:785): Median latency is 4959816 ns (4959 us)
20260216-110121-6872 29773 * CooldownDone    (bench_client.cc:794): Average latency is 4880483 ns (4880 us)
20260216-110121-6872 29773 * CooldownDone    (bench_client.cc:798): 90th percentile latency is 5587925 ns (5587 us)
20260216-110121-6873 29773 * CooldownDone    (bench_client.cc:802): 95th percentile latency is 5775553 ns (5775 us)
20260216-110121-6873 29773 * CooldownDone    (bench_client.cc:806): 99th percentile latency is 6403244 ns (6403 us)
20260216-110121-6873 29773 * LATENCY total: 2473 us 4880 us/4194 us 54 ms (2235 samples, 10 s total)
20260216-110121-6873 29773 *    2097 us |        327 | ========
20260216-110121-6873 29773 *    4194 us |       1904 | ==================================================
20260216-110121-6873 29773 *    8388 us |          3 | 
20260216-110121-6874 29773 *      16 ms |          0 |
20260216-110121-6874 29773 *      33 ms |          1 | 
20260216-110121-6885 29773 * Stop            (tcptransport.cc:581): [TCP SUMMARY] outgoingCreated=1 outgoingClosed=0 incomingCreated=0 incomingClosed=0 outgoingPeak=1 incomingPeak=0
Inserted events:
  0x563d198b3f60 [fd  7] Read Persist Internal
  0x563d198ca510 [fd  9] Read Persist
Active events:
20260216-110121-6886 29773 * main            (benchmark.cc:849): Cleaning up after experiment.
20260216-110121-6886 29773 * FlushStats      (benchmark.cc:890): Flushing stats to /mnt/extra/experiments/2026-03-16-11-00-31/out/client-0-0-74-stats-0.json.
20260216-110121-6887 29773 * FlushStats      (benchmark.cc:902): All done!
