20260313-061016-4321 04398 * main            (benchmark.cc:405): Starting benchmark.
20260313-061017-2728 04398 * main            (benchmark.cc:624): Creating a default paritioner!
20260313-061017-2735 04398 * Client          (client.cc:76):     Initializing StrongStore client with id [2]
20260313-061017-2747 04398 * ShardClient     (shardclient.cc:62): success in sending register client: for client id 2 1
20260313-061017-2748 04398 * ShardClient     (shardclient.cc:62): success in sending register client: for client id 2 1
20260313-061017-2748 04398 * ShardClient     (shardclient.cc:62): success in sending register client: for client id 2 1
20260313-061017-2753 04398 * ShardClient     (shardclient.cc:62): success in sending register client: for client id 2 1
20260313-061017-2753 04398 * ShardClient     (shardclient.cc:62): success in sending register client: for client id 2 1
20260313-061017-2754 04398 * ShardClient     (shardclient.cc:62): success in sending register client: for client id 2 1
20260313-061017-2758 04398 * ShardClient     (shardclient.cc:62): success in sending register client: for client id 2 1
20260313-061017-2759 04398 * ShardClient     (shardclient.cc:62): success in sending register client: for client id 2 1
20260313-061017-2759 04398 * ShardClient     (shardclient.cc:62): success in sending register client: for client id 2 1
20260313-061017-2764 04398 * ShardClient     (shardclient.cc:62): success in sending register client: for client id 2 1
20260313-061017-2765 04398 * ShardClient     (shardclient.cc:62): success in sending register client: for client id 2 1
20260313-061017-2766 04398 * ShardClient     (shardclient.cc:62): success in sending register client: for client id 2 1
20260313-061017-2771 04398 * ShardClient     (shardclient.cc:62): success in sending register client: for client id 2 1
20260313-061017-2772 04398 * ShardClient     (shardclient.cc:62): success in sending register client: for client id 2 1
20260313-061017-2772 04398 * ShardClient     (shardclient.cc:62): success in sending register client: for client id 2 1
20260313-061017-2777 04398 * ShardClient     (shardclient.cc:62): success in sending register client: for client id 2 1
20260313-061017-2777 04398 * ShardClient     (shardclient.cc:62): success in sending register client: for client id 2 1
20260313-061017-2778 04398 * ShardClient     (shardclient.cc:62): success in sending register client: for client id 2 1
20260313-061017-2783 04398 * ShardClient     (shardclient.cc:62): success in sending register client: for client id 2 1
20260313-061017-2783 04398 * ShardClient     (shardclient.cc:62): success in sending register client: for client id 2 1
20260313-061017-2784 04398 * ShardClient     (shardclient.cc:62): success in sending register client: for client id 2 1
20260313-061017-2788 04398 * ShardClient     (shardclient.cc:62): success in sending register client: for client id 2 1
20260313-061017-2789 04398 * ShardClient     (shardclient.cc:62): success in sending register client: for client id 2 1
20260313-061017-2789 04398 * ShardClient     (shardclient.cc:62): success in sending register client: for client id 2 1
20260313-061017-2794 04398 * ShardClient     (shardclient.cc:62): success in sending register client: for client id 2 1
20260313-061017-2794 04398 * ShardClient     (shardclient.cc:62): success in sending register client: for client id 2 1
20260313-061017-2794 04398 * ShardClient     (shardclient.cc:62): success in sending register client: for client id 2 1
20260313-061017-2799 04398 * ShardClient     (shardclient.cc:62): success in sending register client: for client id 2 1
20260313-061017-2800 04398 * ShardClient     (shardclient.cc:62): success in sending register client: for client id 2 1
20260313-061017-2800 04398 * ShardClient     (shardclient.cc:62): success in sending register client: for client id 2 1
20260313-061017-2800 04398 * BenchmarkClient (bench_client.cc:83): starting benchclient, issueConcurrent: 0; fanout: 1
Session created: 0
last_service: , current_state: 0
Session continued: 0
last_service: , current_state: 0
Session destroyed: 18446744073709551615
last_service: , current_state: 0
20260313-061017-3007 04398 * GetNextOperation (app_request.cc:76): AppRequest batch composition: fanout=1 reads=1 writes=0
20260313-061017-3007 04398 * ExecuteNextAppRequestOperation (bench_client.cc:407): Sending op with proto 2 and index 0
20260313-061017-8859 04398 * GetNextOperation (app_request.cc:76): AppRequest batch composition: fanout=1 reads=1 writes=0
20260313-061017-8860 04398 * ExecuteNextAppRequestOperation (bench_client.cc:407): Sending op with proto 2 and index 0
20260313-061018-2890 04398 * GetNextOperation (app_request.cc:76): AppRequest batch composition: fanout=1 reads=1 writes=0
20260313-061018-2891 04398 * ExecuteNextAppRequestOperation (bench_client.cc:407): Sending op with proto 2 and index 0
20260313-061018-6930 04398 * GetNextOperation (app_request.cc:76): AppRequest batch composition: fanout=1 reads=1 writes=0
20260313-061018-6930 04398 * ExecuteNextAppRequestOperation (bench_client.cc:407): Sending op with proto 2 and index 0
20260313-061019-0971 04398 * GetNextOperation (app_request.cc:76): AppRequest batch composition: fanout=1 reads=1 writes=0
20260313-061019-0972 04398 * ExecuteNextAppRequestOperation (bench_client.cc:407): Sending op with proto 2 and index 0
20260313-061019-4997 04398 * GetNextOperation (app_request.cc:76): AppRequest batch composition: fanout=1 reads=0 writes=1
20260313-061019-4998 04398 * ExecuteNextAppRequestOperation (bench_client.cc:407): Sending op with proto 2 and index 0
20260313-061019-9030 04398 * GetNextOperation (app_request.cc:76): AppRequest batch composition: fanout=1 reads=1 writes=0
20260313-061019-9031 04398 * ExecuteNextAppRequestOperation (bench_client.cc:407): Sending op with proto 2 and index 0
20260313-061020-3052 04398 * GetNextOperation (app_request.cc:76): AppRequest batch composition: fanout=1 reads=1 writes=0
20260313-061020-3053 04398 * ExecuteNextAppRequestOperation (bench_client.cc:407): Sending op with proto 2 and index 0
20260313-061020-7083 04398 * GetNextOperation (app_request.cc:76): AppRequest batch composition: fanout=1 reads=1 writes=0
20260313-061020-7084 04398 * ExecuteNextAppRequestOperation (bench_client.cc:407): Sending op with proto 2 and index 0
20260313-061021-1105 04398 * GetNextOperation (app_request.cc:76): AppRequest batch composition: fanout=1 reads=1 writes=0
20260313-061021-1106 04398 * ExecuteNextAppRequestOperation (bench_client.cc:407): Sending op with proto 2 and index 0
20260313-061021-3007 04398 * WarmupDone      (bench_client.cc:727): Completed warmup period of 4 seconds with 9 requests
20260313-061021-5136 04398 * GetNextOperation (app_request.cc:76): AppRequest batch composition: fanout=1 reads=1 writes=0
20260313-061021-5137 04398 * ExecuteNextAppRequestOperation (bench_client.cc:407): Sending op with proto 2 and index 0
20260313-061021-9162 04398 * GetNextOperation (app_request.cc:76): AppRequest batch composition: fanout=1 reads=1 writes=0
20260313-061021-9163 04398 * ExecuteNextAppRequestOperation (bench_client.cc:407): Sending op with proto 2 and index 0
20260313-061022-3195 04398 * GetNextOperation (app_request.cc:76): AppRequest batch composition: fanout=1 reads=1 writes=0
20260313-061022-3196 04398 * ExecuteNextAppRequestOperation (bench_client.cc:407): Sending op with proto 2 and index 0
20260313-061022-7226 04398 * GetNextOperation (app_request.cc:76): AppRequest batch composition: fanout=1 reads=1 writes=0
20260313-061022-7227 04398 * ExecuteNextAppRequestOperation (bench_client.cc:407): Sending op with proto 2 and index 0
20260313-061023-1258 04398 * GetNextOperation (app_request.cc:76): AppRequest batch composition: fanout=1 reads=1 writes=0
20260313-061023-1259 04398 * ExecuteNextAppRequestOperation (bench_client.cc:407): Sending op with proto 2 and index 0
20260313-061023-5286 04398 * GetNextOperation (app_request.cc:76): AppRequest batch composition: fanout=1 reads=0 writes=1
20260313-061023-5287 04398 * ExecuteNextAppRequestOperation (bench_client.cc:407): Sending op with proto 2 and index 0
20260313-061023-9312 04398 * GetNextOperation (app_request.cc:76): AppRequest batch composition: fanout=1 reads=1 writes=0
20260313-061023-9313 04398 * ExecuteNextAppRequestOperation (bench_client.cc:407): Sending op with proto 2 and index 0
20260313-061024-3345 04398 * GetNextOperation (app_request.cc:76): AppRequest batch composition: fanout=1 reads=1 writes=0
20260313-061024-3346 04398 * ExecuteNextAppRequestOperation (bench_client.cc:407): Sending op with proto 2 and index 0
20260313-061024-7371 04398 * GetNextOperation (app_request.cc:76): AppRequest batch composition: fanout=1 reads=1 writes=0
20260313-061024-7371 04398 * ExecuteNextAppRequestOperation (bench_client.cc:407): Sending op with proto 2 and index 0
20260313-061025-1393 04398 * GetNextOperation (app_request.cc:76): AppRequest batch composition: fanout=1 reads=1 writes=0
20260313-061025-1393 04398 * ExecuteNextAppRequestOperation (bench_client.cc:407): Sending op with proto 2 and index 0
20260313-061025-5430 04398 * GetNextOperation (app_request.cc:76): AppRequest batch composition: fanout=1 reads=1 writes=0
20260313-061025-5431 04398 * ExecuteNextAppRequestOperation (bench_client.cc:407): Sending op with proto 2 and index 0
20260313-061025-9464 04398 * GetNextOperation (app_request.cc:76): AppRequest batch composition: fanout=1 reads=1 writes=0
20260313-061025-9464 04398 * ExecuteNextAppRequestOperation (bench_client.cc:407): Sending op with proto 2 and index 0
20260313-061026-3496 04398 * GetNextOperation (app_request.cc:76): AppRequest batch composition: fanout=1 reads=1 writes=0
20260313-061026-3497 04398 * ExecuteNextAppRequestOperation (bench_client.cc:407): Sending op with proto 2 and index 0
20260313-061026-7528 04398 * GetNextOperation (app_request.cc:76): AppRequest batch composition: fanout=1 reads=1 writes=0
20260313-061026-7529 04398 * ExecuteNextAppRequestOperation (bench_client.cc:407): Sending op with proto 2 and index 0
20260313-061027-1555 04398 * GetNextOperation (app_request.cc:76): AppRequest batch composition: fanout=1 reads=1 writes=0
20260313-061027-1555 04398 * ExecuteNextAppRequestOperation (bench_client.cc:407): Sending op with proto 2 and index 0
20260313-061027-5595 04398 * GetNextOperation (app_request.cc:76): AppRequest batch composition: fanout=1 reads=1 writes=0
20260313-061027-5596 04398 * ExecuteNextAppRequestOperation (bench_client.cc:407): Sending op with proto 2 and index 0
20260313-061027-9619 04398 * GetNextOperation (app_request.cc:76): AppRequest batch composition: fanout=1 reads=0 writes=1
20260313-061027-9619 04398 * ExecuteNextAppRequestOperation (bench_client.cc:407): Sending op with proto 2 and index 0
20260313-061028-3652 04398 * GetNextOperation (app_request.cc:76): AppRequest batch composition: fanout=1 reads=0 writes=1
20260313-061028-3653 04398 * ExecuteNextAppRequestOperation (bench_client.cc:407): Sending op with proto 2 and index 0
20260313-061028-7693 04398 * GetNextOperation (app_request.cc:76): AppRequest batch composition: fanout=1 reads=1 writes=0
20260313-061028-7693 04398 * ExecuteNextAppRequestOperation (bench_client.cc:407): Sending op with proto 2 and index 0
20260313-061029-1733 04398 * GetNextOperation (app_request.cc:76): AppRequest batch composition: fanout=1 reads=1 writes=0
20260313-061029-1734 04398 * ExecuteNextAppRequestOperation (bench_client.cc:407): Sending op with proto 2 and index 0
20260313-061029-5767 04398 * GetNextOperation (app_request.cc:76): AppRequest batch composition: fanout=1 reads=1 writes=0
20260313-061029-5768 04398 * ExecuteNextAppRequestOperation (bench_client.cc:407): Sending op with proto 2 and index 0
20260313-061029-9795 04398 * GetNextOperation (app_request.cc:76): AppRequest batch composition: fanout=1 reads=1 writes=0
20260313-061029-9796 04398 * ExecuteNextAppRequestOperation (bench_client.cc:407): Sending op with proto 2 and index 0
20260313-061030-3833 04398 * GetNextOperation (app_request.cc:76): AppRequest batch composition: fanout=1 reads=1 writes=0
20260313-061030-3834 04398 * ExecuteNextAppRequestOperation (bench_client.cc:407): Sending op with proto 2 and index 0
20260313-061030-7872 04398 * GetNextOperation (app_request.cc:76): AppRequest batch composition: fanout=1 reads=1 writes=0
20260313-061030-7873 04398 * ExecuteNextAppRequestOperation (bench_client.cc:407): Sending op with proto 2 and index 0
20260313-061031-1907 04398 * GetNextOperation (app_request.cc:76): AppRequest batch composition: fanout=1 reads=1 writes=0
20260313-061031-1908 04398 * ExecuteNextAppRequestOperation (bench_client.cc:407): Sending op with proto 2 and index 0
20260313-061031-5933 04398 * GetNextOperation (app_request.cc:76): AppRequest batch composition: fanout=1 reads=1 writes=0
20260313-061031-5933 04398 * ExecuteNextAppRequestOperation (bench_client.cc:407): Sending op with proto 2 and index 0
20260313-061031-9964 04398 * GetNextOperation (app_request.cc:76): AppRequest batch composition: fanout=1 reads=1 writes=0
20260313-061031-9965 04398 * ExecuteNextAppRequestOperation (bench_client.cc:407): Sending op with proto 2 and index 0
20260313-061032-3985 04398 * GetNextOperation (app_request.cc:76): AppRequest batch composition: fanout=1 reads=1 writes=0
20260313-061032-3986 04398 * ExecuteNextAppRequestOperation (bench_client.cc:407): Sending op with proto 2 and index 0
20260313-061032-8010 04398 * GetNextOperation (app_request.cc:76): AppRequest batch composition: fanout=1 reads=1 writes=0
20260313-061032-8011 04398 * ExecuteNextAppRequestOperation (bench_client.cc:407): Sending op with proto 2 and index 0
20260313-061033-2041 04398 * GetNextOperation (app_request.cc:76): AppRequest batch composition: fanout=1 reads=1 writes=0
20260313-061033-2042 04398 * ExecuteNextAppRequestOperation (bench_client.cc:407): Sending op with proto 2 and index 0
20260313-061033-6072 04398 * GetNextOperation (app_request.cc:76): AppRequest batch composition: fanout=1 reads=1 writes=0
20260313-061033-6073 04398 * ExecuteNextAppRequestOperation (bench_client.cc:407): Sending op with proto 2 and index 0
20260313-061034-0102 04398 * GetNextOperation (app_request.cc:76): AppRequest batch composition: fanout=1 reads=1 writes=0
20260313-061034-0102 04398 * ExecuteNextAppRequestOperation (bench_client.cc:407): Sending op with proto 2 and index 0
20260313-061034-4131 04398 * GetNextOperation (app_request.cc:76): AppRequest batch composition: fanout=1 reads=1 writes=0
20260313-061034-4132 04398 * ExecuteNextAppRequestOperation (bench_client.cc:407): Sending op with proto 2 and index 0
20260313-061034-8163 04398 * GetNextOperation (app_request.cc:76): AppRequest batch composition: fanout=1 reads=1 writes=0
20260313-061034-8164 04398 * ExecuteNextAppRequestOperation (bench_client.cc:407): Sending op with proto 2 and index 0
20260313-061035-2201 04398 * GetNextOperation (app_request.cc:76): AppRequest batch composition: fanout=1 reads=1 writes=0
20260313-061035-2202 04398 * ExecuteNextAppRequestOperation (bench_client.cc:407): Sending op with proto 2 and index 0
20260313-061035-6224 04398 * GetNextOperation (app_request.cc:76): AppRequest batch composition: fanout=1 reads=1 writes=0
20260313-061035-6225 04398 * ExecuteNextAppRequestOperation (bench_client.cc:407): Sending op with proto 2 and index 0
20260313-061036-0262 04398 * GetNextOperation (app_request.cc:76): AppRequest batch composition: fanout=1 reads=1 writes=0
20260313-061036-0263 04398 * ExecuteNextAppRequestOperation (bench_client.cc:407): Sending op with proto 2 and index 0
20260313-061036-4285 04398 * GetNextOperation (app_request.cc:76): AppRequest batch composition: fanout=1 reads=1 writes=0
20260313-061036-4286 04398 * ExecuteNextAppRequestOperation (bench_client.cc:407): Sending op with proto 2 and index 0
20260313-061036-8314 04398 * GetNextOperation (app_request.cc:76): AppRequest batch composition: fanout=1 reads=1 writes=0
20260313-061036-8315 04398 * ExecuteNextAppRequestOperation (bench_client.cc:407): Sending op with proto 2 and index 0
20260313-061037-2347 04398 * GetNextOperation (app_request.cc:76): AppRequest batch composition: fanout=1 reads=1 writes=0
20260313-061037-2348 04398 * ExecuteNextAppRequestOperation (bench_client.cc:407): Sending op with proto 2 and index 0
20260313-061037-6392 04398 * GetNextOperation (app_request.cc:76): AppRequest batch composition: fanout=1 reads=1 writes=0
20260313-061037-6393 04398 * ExecuteNextAppRequestOperation (bench_client.cc:407): Sending op with proto 2 and index 0
20260313-061038-0434 04398 * GetNextOperation (app_request.cc:76): AppRequest batch composition: fanout=1 reads=1 writes=0
20260313-061038-0435 04398 * ExecuteNextAppRequestOperation (bench_client.cc:407): Sending op with proto 2 and index 0
20260313-061038-4472 04398 * GetNextOperation (app_request.cc:76): AppRequest batch composition: fanout=1 reads=1 writes=0
20260313-061038-4473 04398 * ExecuteNextAppRequestOperation (bench_client.cc:407): Sending op with proto 2 and index 0
20260313-061038-8507 04398 * GetNextOperation (app_request.cc:76): AppRequest batch composition: fanout=1 reads=1 writes=0
20260313-061038-8508 04398 * ExecuteNextAppRequestOperation (bench_client.cc:407): Sending op with proto 2 and index 0
20260313-061039-2547 04398 * GetNextOperation (app_request.cc:76): AppRequest batch composition: fanout=1 reads=1 writes=0
20260313-061039-2548 04398 * ExecuteNextAppRequestOperation (bench_client.cc:407): Sending op with proto 2 and index 0
20260313-061039-6586 04398 * GetNextOperation (app_request.cc:76): AppRequest batch composition: fanout=1 reads=1 writes=0
20260313-061039-6586 04398 * ExecuteNextAppRequestOperation (bench_client.cc:407): Sending op with proto 2 and index 0
20260313-061040-0616 04398 * GetNextOperation (app_request.cc:76): AppRequest batch composition: fanout=1 reads=1 writes=0
20260313-061040-0617 04398 * ExecuteNextAppRequestOperation (bench_client.cc:407): Sending op with proto 2 and index 0
20260313-061040-4645 04398 * GetNextOperation (app_request.cc:76): AppRequest batch composition: fanout=1 reads=1 writes=0
20260313-061040-4646 04398 * ExecuteNextAppRequestOperation (bench_client.cc:407): Sending op with proto 2 and index 0
20260313-061040-8674 04398 * GetNextOperation (app_request.cc:76): AppRequest batch composition: fanout=1 reads=1 writes=0
20260313-061040-8674 04398 * ExecuteNextAppRequestOperation (bench_client.cc:407): Sending op with proto 2 and index 0
20260313-061041-2696 04398 * GetNextOperation (app_request.cc:76): AppRequest batch composition: fanout=1 reads=1 writes=0
20260313-061041-2696 04398 * ExecuteNextAppRequestOperation (bench_client.cc:407): Sending op with proto 2 and index 0
20260313-061041-6730 04398 * GetNextOperation (app_request.cc:76): AppRequest batch composition: fanout=1 reads=1 writes=0
20260313-061041-6731 04398 * ExecuteNextAppRequestOperation (bench_client.cc:407): Sending op with proto 2 and index 0
20260313-061042-0762 04398 * GetNextOperation (app_request.cc:76): AppRequest batch composition: fanout=1 reads=1 writes=0
20260313-061042-0763 04398 * ExecuteNextAppRequestOperation (bench_client.cc:407): Sending op with proto 2 and index 0
20260313-061042-4802 04398 * GetNextOperation (app_request.cc:76): AppRequest batch composition: fanout=1 reads=1 writes=0
20260313-061042-4803 04398 * ExecuteNextAppRequestOperation (bench_client.cc:407): Sending op with proto 2 and index 0
20260313-061042-8838 04398 * GetNextOperation (app_request.cc:76): AppRequest batch composition: fanout=1 reads=1 writes=0
20260313-061042-8839 04398 * ExecuteNextAppRequestOperation (bench_client.cc:407): Sending op with proto 2 and index 0
20260313-061043-2870 04398 * GetNextOperation (app_request.cc:76): AppRequest batch composition: fanout=1 reads=1 writes=0
20260313-061043-2871 04398 * ExecuteNextAppRequestOperation (bench_client.cc:407): Sending op with proto 2 and index 0
20260313-061043-6895 04398 * GetNextOperation (app_request.cc:76): AppRequest batch composition: fanout=1 reads=1 writes=0
20260313-061043-6896 04398 * ExecuteNextAppRequestOperation (bench_client.cc:407): Sending op with proto 2 and index 0
20260313-061044-0923 04398 * GetNextOperation (app_request.cc:76): AppRequest batch composition: fanout=1 reads=1 writes=0
20260313-061044-0924 04398 * ExecuteNextAppRequestOperation (bench_client.cc:407): Sending op with proto 2 and index 0
20260313-061044-4942 04398 * Finish          (bench_client.cc:921): Completed 57 requests in 23.383718 seconds
20260313-061044-4942 04398 * Finish          (bench_client.cc:922): 1 outstanding transactions.
20260313-061044-4952 04398 * GetNextOperation (app_request.cc:76): AppRequest batch composition: fanout=1 reads=1 writes=0
20260313-061044-4953 04398 * ExecuteNextAppRequestOperation (bench_client.cc:407): Sending op with proto 2 and index 0
Session continued: 0
last_service: , current_state: 0
Session destroyed: 18446744073709551615
last_service: , current_state: 0
Session continued: 0
last_service: , current_state: 0
Session destroyed: 18446744073709551615
last_service: , current_state: 0
Session destroyed: 0
last_service: , current_state: 0
20260313-061046-3010 04398 * FlushStats      (benchmark.cc:916): Flushing stats to /mnt/extra/experiments/2026-04-13-06-09-47/out/client-1-0-0-stats-0.json.
20260313-061046-3012 04398 * FlushStats      (benchmark.cc:928): All done!
20260313-061048-4945 04398 * Cleanup         (bench_client.cc:749): Aborting 0 outstanding transactions.
20260313-061048-4946 04398 * CooldownDone    (bench_client.cc:779): Finished cooldown period.
20260313-061048-4946 04398 * CooldownDone    (bench_client.cc:786): Median latency is 402041369 ns (402 ms)
20260313-061048-4947 04398 * CooldownDone    (bench_client.cc:795): Average latency is 402046356 ns (402 ms)
20260313-061048-4947 04398 * CooldownDone    (bench_client.cc:799): 90th percentile latency is 402167072 ns (402 ms)
20260313-061048-4948 04398 * CooldownDone    (bench_client.cc:803): 95th percentile latency is 402225578 ns (402 ms)
20260313-061048-4948 04398 * CooldownDone    (bench_client.cc:807): 99th percentile latency is 402461307 ns (402 ms)
20260313-061048-4949 04398 * LATENCY total: 401 ms 402 ms/268 ms 402 ms (58 samples, 23 s total)
20260313-061048-4949 04398 *     268 ms |         58 | ==================================================
20260313-061048-4951 04398 * Stop            (tcptransport.cc:605): [TCP SUMMARY] outgoingCreated=30 outgoingClosed=0 incomingCreated=0 incomingClosed=0 outgoingPeak=30 incomingPeak=0
Inserted events:
  0x560acb219390 [fd  7] Read Persist Internal
  0x560acb238860 [fd  9] Read Persist
  0x560acb23d060 [fd  10] Read Persist
  0x560acb2392c0 [fd  11] Read Persist
  0x560acb237890 [fd  12] Read Persist
  0x560acb23a890 [fd  13] Read Persist
  0x560acb238120 [fd  14] Read Persist
  0x560acb23d450 [fd  15] Read Persist
  0x560acb23c2c0 [fd  16] Read Persist
  0x560acb23cb40 [fd  17] Read Persist
  0x560acb255450 [fd  18] Read Persist
  0x560acb255a80 [fd  19] Read Persist
  0x560acb256180 [fd  20] Read Persist
  0x560acb257020 [fd  21] Read Persist
  0x560acb257840 [fd  22] Read Persist
  0x560acb258060 [fd  23] Read Persist
  0x560acb258f90 [fd  24] Read Persist
  0x560acb2597b0 [fd  25] Read Persist
  0x560acb25a230 [fd  26] Read Persist
  0x560acb25b160 [fd  27] Read Persist
  0x560acb25b9d0 [fd  28] Read Persist
  0x560acb25c320 [fd  29] Read Persist
  0x560acb25d4e0 [fd  30] Read Persist
  0x560acb25de20 [fd  31] Read Persist
  0x560acb25e790 [fd  32] Read Persist
  0x560acb25fb40 [fd  33] Read Persist
  0x560acb260460 [fd  34] Read Persist
  0x560acb260dd0 [fd  35] Read Persist
  0x560acb262010 [fd  36] Read Persist
  0x560acb2628f0 [fd  37] Read Persist
  0x560acb263260 [fd  38] Read Persist
Active events:
20260313-061048-4957 04398 * main            (benchmark.cc:875): Cleaning up after experiment.
20260313-061048-4958 04398 * FlushStats      (benchmark.cc:916): Flushing stats to /mnt/extra/experiments/2026-04-13-06-09-47/out/client-1-0-0-stats-0.json.
20260313-061048-4960 04398 * FlushStats      (benchmark.cc:928): All done!
