20260313-060635-9203 13209 * main            (server.cc:217):    Starting server.
20260313-060635-9209 13209 * main            (server.cc:335):    Creating a default paritioner!
20260313-060637-8385 13209 * main            (server.cc:513):    Done loading server.
20260313-060658-4875 13209 * SendRequest     (client.cc:198):    Sending client request with id 1 (shardtag=8589934593 predlist_size=0)
20260313-060658-7896 13209 ! ReceiveMessage  (replica.cc:680):   [0] Ignoring stray ReplyMessage delivered to replica listener
20260313-060702-4781 13209 * SendRequest     (client.cc:198):    Sending client request with id 2 (shardtag=60129542149 predlist_size=0)
20260313-060702-7798 13209 ! ReceiveMessage  (replica.cc:680):   [0] Ignoring stray ReplyMessage delivered to replica listener
20260313-060703-8936 13209 * SendRequest     (client.cc:198):    Sending client request with id 3 (shardtag=60129542150 predlist_size=0)
20260313-060704-1952 13209 ! ReceiveMessage  (replica.cc:680):   [0] Ignoring stray ReplyMessage delivered to replica listener
20260313-060708-1279 13209 * SendRequest     (client.cc:198):    Sending client request with id 4 (shardtag=42949672963 predlist_size=0)
20260313-060708-4298 13209 ! ReceiveMessage  (replica.cc:680):   [0] Ignoring stray ReplyMessage delivered to replica listener
20260313-060709-5622 13209 * SendRequest     (client.cc:198):    Sending client request with id 5 (shardtag=94489280513 predlist_size=0)
20260313-060709-8638 13209 ! ReceiveMessage  (replica.cc:680):   [0] Ignoring stray ReplyMessage delivered to replica listener
20260313-060711-4395 13209 * SendRequest     (client.cc:198):    Sending client request with id 6 (shardtag=8589934601 predlist_size=0)
20260313-060711-7410 13209 ! ReceiveMessage  (replica.cc:680):   [0] Ignoring stray ReplyMessage delivered to replica listener
20260313-060714-0017 13209 * SendRequest     (client.cc:198):    Sending client request with id 7 (shardtag=60129542155 predlist_size=0)
20260313-060714-3034 13209 ! ReceiveMessage  (replica.cc:680):   [0] Ignoring stray ReplyMessage delivered to replica listener
20260313-060715-4122 13209 * SendRequest     (client.cc:198):    Sending client request with id 8 (shardtag=42949672965 predlist_size=0)
20260313-060715-7139 13209 ! ReceiveMessage  (replica.cc:680):   [0] Ignoring stray ReplyMessage delivered to replica listener
20260313-060717-4657 13209 * SendRequest     (client.cc:198):    Sending client request with id 9 (shardtag=111669149708 predlist_size=0)
20260313-060717-7674 13209 ! ReceiveMessage  (replica.cc:680):   [0] Ignoring stray ReplyMessage delivered to replica listener
20260313-060718-0358 13209 * SendRequest     (client.cc:198):    Sending client request with id 10 (shardtag=77309411335 predlist_size=0)
20260313-060718-3376 13209 ! ReceiveMessage  (replica.cc:680):   [0] Ignoring stray ReplyMessage delivered to replica listener
20260313-060722-7126 13209 * SendRequest     (client.cc:198):    Sending client request with id 11 (shardtag=94489280517 predlist_size=0)
20260313-060723-0143 13209 ! ReceiveMessage  (replica.cc:680):   [0] Ignoring stray ReplyMessage delivered to replica listener
20260313-060724-4970 13209 * SendRequest     (client.cc:198):    Sending client request with id 12 (shardtag=25769803795 predlist_size=0)
20260313-060724-7987 13209 ! ReceiveMessage  (replica.cc:680):   [0] Ignoring stray ReplyMessage delivered to replica listener
20260313-060728-9938 13209 ! TCPIncomingEventCallback (tcptransport.cc:942): [TCP INCOMING 117] EOF, lifetime=30914.53 ms
20260313-060729-1041 13209 ! TCPIncomingEventCallback (tcptransport.cc:942): [TCP INCOMING 118] EOF, lifetime=30910.60 ms
20260313-060729-1184 13209 ! TCPIncomingEventCallback (tcptransport.cc:942): [TCP INCOMING 119] EOF, lifetime=30910.35 ms
20260313-060729-1195 13209 ! TCPIncomingEventCallback (tcptransport.cc:942): [TCP INCOMING 121] EOF, lifetime=30887.46 ms
20260313-060729-1208 13209 ! TCPIncomingEventCallback (tcptransport.cc:942): [TCP INCOMING 120] EOF, lifetime=30897.15 ms
20260313-060729-1368 13209 ! TCPIncomingEventCallback (tcptransport.cc:942): [TCP INCOMING 123] EOF, lifetime=30901.13 ms
20260313-060729-1436 13209 ! TCPIncomingEventCallback (tcptransport.cc:942): [TCP INCOMING 122] EOF, lifetime=30908.09 ms
20260313-060729-1567 13209 ! TCPIncomingEventCallback (tcptransport.cc:942): [TCP INCOMING 124] EOF, lifetime=30914.17 ms
20260313-060735-5997 13209 * Cleanup         (server.cc:589):    Gracefully exiting after signal 15.
20260313-060735-5998 13209 * Stop            (tcptransport.cc:605): [TCP SUMMARY] outgoingCreated=59 outgoingClosed=0 incomingCreated=67 incomingClosed=8 outgoingPeak=125 incomingPeak=37
Inserted events:
  0x55b7fc0000d0 [fd  9] Read Persist Internal
  0x55b7fc007e30 [fd  10] Read Persist
  0x55b7fc0132e0 [fd  11] Read Persist
  0x55b808644b30 [fd  12] Read Persist
  0x55b808644d50 [fd  13] Read Persist
  0x55b808644f70 [fd  14] Read Persist
  0x55b808645190 [fd  15] Read Persist
  0x55b8086453b0 [fd  16] Read Persist
  0x55b8086455d0 [fd  17] Read Persist
  0x55b8086457f0 [fd  18] Read Persist
  0x55b808645a10 [fd  19] Read Persist
  0x55b808645c30 [fd  20] Read Persist
  0x55b808645e50 [fd  21] Read Persist
  0x55b808646100 [fd  22] Read Persist
  0x55b808646440 [fd  23] Read Persist
  0x55b808641d70 [fd  24] Read Persist
  0x55b8086401b0 [fd  25] Read Persist
  0x55b808636e70 [fd  26] Read Persist
  0x55b8086375f0 [fd  27] Read Persist
  0x55b8086379b0 [fd  28] Read Persist
  0x55b808636b90 [fd  29] Read Persist
  0x55b808640660 [fd  30] Read Persist
  0x55b808641350 [fd  31] Read Persist
  0x55b80863d8d0 [fd  32] Read Persist
  0x55b80863e090 [fd  33] Read Persist
  0x55b80863e620 [fd  34] Read Persist
  0x55b80863ea40 [fd  35] Read Persist
  0x55b80863ef70 [fd  36] Read Persist
  0x55b80863f4a0 [fd  37] Read Persist
  0x55b8086468e0 [fd  38] Read Persist
  0x55b808646cf0 [fd  39] Read Persist
  0x55b808647190 [fd  40] Read Persist
  0x55b808647720 [fd  41] Read Persist
  0x55b808647cb0 [fd  42] Read Persist
  0x55b808648240 [fd  43] Read Persist
  0x55b8086487d0 [fd  44] Read Persist
  0x55b808648d60 [fd  45] Read Persist
  0x55b8086492f0 [fd  46] Read Persist
  0x55b808649880 [fd  47] Read Persist
  0x55b808649e10 [fd  48] Read Persist
  0x55b80864a620 [fd  49] Read Persist
  0x55b80864abb0 [fd  50] Read Persist
  0x55b80864b140 [fd  51] Read Persist
  0x55b80864b6d0 [fd  52] Read Persist
  0x55b80864baf0 [fd  53] Read Persist
  0x55b80864bd10 [fd  54] Read Persist
  0x55b80864bfc0 [fd  55] Read Persist
  0x55b80864c360 [fd  56] Read Persist
  0x55b80864c700 [fd  57] Read Persist
  0x55b80864caa0 [fd  58] Read Persist
  0x55b80864ce40 [fd  59] Read Persist
  0x55b80864d1e0 [fd  60] Read Persist
  0x55b80864d580 [fd  61] Read Persist
  0x55b80864d920 [fd  62] Read Persist
  0x55b80864dcc0 [fd  63] Read Persist
  0x55b80864e060 [fd  64] Read Persist
  0x55b7fc00f980 [fd  65] Read Persist
  0x55b7fc00eba0 [fd  66] Read Persist
  0x55b80864e3a0 [fd  67] Read Persist
  0x55b80864e5c0 [fd  68] Read Persist
  0x55b80864e7e0 [fd  69] Read Persist
  0x55b80864eb20 [fd  70] Read Persist
  0x55b80864eeb0 [fd  71] Read Persist
  0x55b80864f350 [fd  72] Read Persist
  0x55b80864f7f0 [fd  73] Read Persist
  0x55b80864fc90 [fd  74] Read Persist
  0x55b808650130 [fd  75] Read Persist
  0x55b8086505d0 [fd  76] Read Persist
  0x55b808650a70 [fd  77] Read Persist
  0x55b808650f10 [fd  78] Read Persist
  0x55b8086513b0 [fd  79] Read Persist
  0x55b808651850 [fd  80] Read Persist
  0x55b808651da0 [fd  81] Read Persist
  0x55b808652260 [fd  82] Read Persist
  0x55b808652720 [fd  83] Read Persist
  0x55b808652be0 [fd  84] Read Persist
  0x55b8086530a0 [fd  85] Read Persist
  0x55b808653560 [fd  86] Read Persist
  0x55b808653a20 [fd  87] Read Persist
  0x55b808653fb0 [fd  88] Read Persist
  0x55b808654540 [fd  89] Read Persist
  0x55b808654ad0 [fd  90] Read Persist
  0x55b808655ae0 [fd  91] Read Persist
  0x55b808656070 [fd  92] Read Persist
  0x55b808656600 [fd  93] Read Persist
  0x55b808656b90 [fd  94] Read Persist
  0x55b808657120 [fd  95] Read Persist
  0x55b8086576b0 [fd  96] Read Persist
  0x55b808657c40 [fd  97] Read Persist
  0x55b8086581d0 [fd  98] Read Persist
  0x55b808658760 [fd  99] Read Persist
  0x55b808658cf0 [fd  100] Read Persist
  0x55b808659280 [fd  101] Read Persist
  0x55b808659810 [fd  102] Read Persist
  0x55b808659da0 [fd  103] Read Persist
  0x55b80865a330 [fd  104] Read Persist
  0x55b80865a8c0 [fd  105] Read Persist
  0x55b80865ae50 [fd  106] Read Persist
  0x55b80865b3e0 [fd  107] Read Persist
  0x55b80865b970 [fd  108] Read Persist
  0x55b80865bf00 [fd  109] Read Persist
  0x55b80865d4c0 [fd  110] Read Persist
  0x55b808643cb0 [fd  111] Read Persist
  0x55b80866b6e0 [fd  112] Read Persist
  0x55b80866b900 [fd  113] Read Persist
  0x55b80866bb20 [fd  114] Read Persist
  0x55b80866bd40 [fd  115] Read Persist
  0x55b80866b2d0 [fd  116] Read Persist
  0x55b80865cc40 [fd  117] Read Persist
  0x55b808668620 [fd  118] Read Persist
  0x55b808668a60 [fd  119] Read Persist
  0x55b808668ea0 [fd  120] Read Persist
  0x55b808669660 [fd  121] Read Persist
  0x55b808669ab0 [fd  122] Read Persist
  0x55b808669f20 [fd  123] Read Persist
  0x55b80866a390 [fd  124] Read Persist
  0x55b80866a800 [fd  125] Read Persist
  0x55b80866aca0 [fd  126] Read Persist
  0x55b80866c080 [fd  127] Read Persist
  0x55b808689e40 [fd  136] Read Persist
  0x55b80868a280 [fd  137] Read Persist
Active events:
20260313-060735-6021 13209 * Cleanup         (server.cc:593):    Exporting stats to /mnt/extra/experiments/2026-04-13-06-06-26/out/server-0-2-0-stats-0.json.
