20260313-062219-6538 19722 * main            (server.cc:217):    Starting server.
20260313-062219-6545 19722 * main            (server.cc:335):    Creating a default paritioner!
20260313-062221-5836 19722 * main            (server.cc:513):    Done loading server.
[libprotobuf ERROR google/protobuf/message_lite.cc:121] Can't parse message of type "replication.iocl_craq.proto.SuccessorRequestMessage" because it is missing required fields: s, succ_groupidx, succ_replicaidx
[libprotobuf ERROR google/protobuf/message_lite.cc:121] Can't parse message of type "replication.iocl_craq.proto.SuccessorRequestMessage" because it is missing required fields: s, succ_groupidx, succ_replicaidx
[libprotobuf ERROR google/protobuf/message_lite.cc:121] Can't parse message of type "replication.iocl_craq.proto.SuccessorRequestMessage" because it is missing required fields: s, succ_groupidx, succ_replicaidx
[libprotobuf ERROR google/protobuf/message_lite.cc:121] Can't parse message of type "replication.iocl_craq.proto.SuccessorRequestMessage" because it is missing required fields: s, succ_groupidx, succ_replicaidx
[libprotobuf ERROR google/protobuf/message_lite.cc:121] Can't parse message of type "replication.iocl_craq.proto.SuccessorRequestMessage" because it is missing required fields: s, succ_groupidx, succ_replicaidx
[libprotobuf ERROR google/protobuf/message_lite.cc:121] Can't parse message of type "replication.iocl_craq.proto.SuccessorRequestMessage" because it is missing required fields: s, succ_groupidx, succ_replicaidx
[libprotobuf ERROR google/protobuf/message_lite.cc:121] Can't parse message of type "replication.iocl_craq.proto.SuccessorRequestMessage" because it is missing required fields: s, succ_groupidx, succ_replicaidx
[libprotobuf ERROR google/protobuf/message_lite.cc:121] Can't parse message of type "replication.iocl_craq.proto.SuccessorRequestMessage" because it is missing required fields: s, succ_groupidx, succ_replicaidx
[libprotobuf ERROR google/protobuf/message_lite.cc:121] Can't parse message of type "replication.iocl_craq.proto.SuccessorRequestMessage" because it is missing required fields: s, succ_groupidx, succ_replicaidx
[libprotobuf ERROR google/protobuf/message_lite.cc:121] Can't parse message of type "replication.iocl_craq.proto.SuccessorRequestMessage" because it is missing required fields: s, succ_groupidx, succ_replicaidx
[libprotobuf ERROR google/protobuf/message_lite.cc:121] Can't parse message of type "replication.iocl_craq.proto.SuccessorRequestMessage" because it is missing required fields: s, succ_groupidx, succ_replicaidx
[libprotobuf ERROR google/protobuf/message_lite.cc:121] Can't parse message of type "replication.iocl_craq.proto.SuccessorRequestMessage" because it is missing required fields: s, succ_groupidx, succ_replicaidx
[libprotobuf ERROR google/protobuf/message_lite.cc:121] Can't parse message of type "replication.iocl_craq.proto.SuccessorRequestMessage" because it is missing required fields: s, succ_groupidx, succ_replicaidx
[libprotobuf ERROR google/protobuf/message_lite.cc:121] Can't parse message of type "replication.iocl_craq.proto.SuccessorRequestMessage" because it is missing required fields: s, succ_groupidx, succ_replicaidx
[libprotobuf ERROR google/protobuf/message_lite.cc:121] Can't parse message of type "replication.iocl_craq.proto.SuccessorRequestMessage" because it is missing required fields: s, succ_groupidx, succ_replicaidx
[libprotobuf ERROR google/protobuf/message_lite.cc:121] Can't parse message of type "replication.iocl_craq.proto.SuccessorRequestMessage" because it is missing required fields: s, succ_groupidx, succ_replicaidx
[libprotobuf ERROR google/protobuf/message_lite.cc:121] Can't parse message of type "replication.iocl_craq.proto.SuccessorRequestMessage" because it is missing required fields: s, succ_groupidx, succ_replicaidx
[libprotobuf ERROR google/protobuf/message_lite.cc:121] Can't parse message of type "replication.iocl_craq.proto.SuccessorRequestMessage" because it is missing required fields: s, succ_groupidx, succ_replicaidx
[libprotobuf ERROR google/protobuf/message_lite.cc:121] Can't parse message of type "replication.iocl_craq.proto.SuccessorRequestMessage" because it is missing required fields: s, succ_groupidx, succ_replicaidx
[libprotobuf ERROR google/protobuf/message_lite.cc:121] Can't parse message of type "replication.iocl_craq.proto.SuccessorRequestMessage" because it is missing required fields: s, succ_groupidx, succ_replicaidx
[libprotobuf ERROR google/protobuf/message_lite.cc:121] Can't parse message of type "replication.iocl_craq.proto.SuccessorRequestMessage" because it is missing required fields: s, succ_groupidx, succ_replicaidx
[libprotobuf ERROR google/protobuf/message_lite.cc:121] Can't parse message of type "replication.iocl_craq.proto.SuccessorRequestMessage" because it is missing required fields: s, succ_groupidx, succ_replicaidx
[libprotobuf ERROR google/protobuf/message_lite.cc:121] Can't parse message of type "replication.iocl_craq.proto.SuccessorRequestMessage" because it is missing required fields: s, succ_groupidx, succ_replicaidx
[libprotobuf ERROR google/protobuf/message_lite.cc:121] Can't parse message of type "replication.iocl_craq.proto.SuccessorRequestMessage" because it is missing required fields: s, succ_groupidx, succ_replicaidx
[libprotobuf ERROR google/protobuf/message_lite.cc:121] Can't parse message of type "replication.iocl_craq.proto.SuccessorRequestMessage" because it is missing required fields: s, succ_groupidx, succ_replicaidx
[libprotobuf ERROR google/protobuf/message_lite.cc:121] Can't parse message of type "replication.iocl_craq.proto.SuccessorRequestMessage" because it is missing required fields: s, succ_groupidx, succ_replicaidx
[libprotobuf ERROR google/protobuf/message_lite.cc:121] Can't parse message of type "replication.iocl_craq.proto.SuccessorRequestMessage" because it is missing required fields: s, succ_groupidx, succ_replicaidx
[libprotobuf ERROR google/protobuf/message_lite.cc:121] Can't parse message of type "replication.iocl_craq.proto.SuccessorRequestMessage" because it is missing required fields: s, succ_groupidx, succ_replicaidx
[libprotobuf ERROR google/protobuf/message_lite.cc:121] Can't parse message of type "replication.iocl_craq.proto.SuccessorRequestMessage" because it is missing required fields: s, succ_groupidx, succ_replicaidx
[libprotobuf ERROR google/protobuf/message_lite.cc:121] Can't parse message of type "replication.iocl_craq.proto.SuccessorRequestMessage" because it is missing required fields: s, succ_groupidx, succ_replicaidx
[libprotobuf ERROR google/protobuf/message_lite.cc:121] Can't parse message of type "replication.iocl_craq.proto.SuccessorRequestMessage" because it is missing required fields: s, succ_groupidx, succ_replicaidx
[libprotobuf ERROR google/protobuf/message_lite.cc:121] Can't parse message of type "replication.iocl_craq.proto.SuccessorRequestMessage" because it is missing required fields: s, succ_groupidx, succ_replicaidx
[libprotobuf ERROR google/protobuf/message_lite.cc:121] Can't parse message of type "replication.iocl_craq.proto.SuccessorRequestMessage" because it is missing required fields: s, succ_groupidx, succ_replicaidx
[libprotobuf ERROR google/protobuf/message_lite.cc:121] Can't parse message of type "replication.iocl_craq.proto.SuccessorRequestMessage" because it is missing required fields: s, succ_groupidx, succ_replicaidx
[libprotobuf ERROR google/protobuf/message_lite.cc:121] Can't parse message of type "replication.iocl_craq.proto.SuccessorRequestMessage" because it is missing required fields: s, succ_groupidx, succ_replicaidx
[libprotobuf ERROR google/protobuf/message_lite.cc:121] Can't parse message of type "replication.iocl_craq.proto.SuccessorRequestMessage" because it is missing required fields: s, succ_groupidx, succ_replicaidx
[libprotobuf ERROR google/protobuf/message_lite.cc:121] Can't parse message of type "replication.iocl_craq.proto.SuccessorRequestMessage" because it is missing required fields: s, succ_groupidx, succ_replicaidx
[libprotobuf ERROR google/protobuf/message_lite.cc:121] Can't parse message of type "replication.iocl_craq.proto.SuccessorRequestMessage" because it is missing required fields: s, succ_groupidx, succ_replicaidx
[libprotobuf ERROR google/protobuf/message_lite.cc:121] Can't parse message of type "replication.iocl_craq.proto.SuccessorRequestMessage" because it is missing required fields: s, succ_groupidx, succ_replicaidx
[libprotobuf ERROR google/protobuf/message_lite.cc:121] Can't parse message of type "replication.iocl_craq.proto.SuccessorRequestMessage" because it is missing required fields: s, succ_groupidx, succ_replicaidx
[libprotobuf ERROR google/protobuf/message_lite.cc:121] Can't parse message of type "replication.iocl_craq.proto.SuccessorRequestMessage" because it is missing required fields: s, succ_groupidx, succ_replicaidx
[libprotobuf ERROR google/protobuf/message_lite.cc:121] Can't parse message of type "replication.iocl_craq.proto.SuccessorRequestMessage" because it is missing required fields: s, succ_groupidx, succ_replicaidx
[libprotobuf ERROR google/protobuf/message_lite.cc:121] Can't parse message of type "replication.iocl_craq.proto.SuccessorRequestMessage" because it is missing required fields: s, succ_groupidx, succ_replicaidx
[libprotobuf ERROR google/protobuf/message_lite.cc:121] Can't parse message of type "replication.iocl_craq.proto.SuccessorRequestMessage" because it is missing required fields: s, succ_groupidx, succ_replicaidx
[libprotobuf ERROR google/protobuf/message_lite.cc:121] Can't parse message of type "replication.iocl_craq.proto.SuccessorRequestMessage" because it is missing required fields: s, succ_groupidx, succ_replicaidx
[libprotobuf ERROR google/protobuf/message_lite.cc:121] Can't parse message of type "replication.iocl_craq.proto.SuccessorRequestMessage" because it is missing required fields: s, succ_groupidx, succ_replicaidx
[libprotobuf ERROR google/protobuf/message_lite.cc:121] Can't parse message of type "replication.iocl_craq.proto.SuccessorRequestMessage" because it is missing required fields: s, succ_groupidx, succ_replicaidx
[libprotobuf ERROR google/protobuf/message_lite.cc:121] Can't parse message of type "replication.iocl_craq.proto.SuccessorRequestMessage" because it is missing required fields: s, succ_groupidx, succ_replicaidx
[libprotobuf ERROR google/protobuf/message_lite.cc:121] Can't parse message of type "replication.iocl_craq.proto.SuccessorRequestMessage" because it is missing required fields: s, succ_groupidx, succ_replicaidx
[libprotobuf ERROR google/protobuf/message_lite.cc:121] Can't parse message of type "replication.iocl_craq.proto.SuccessorRequestMessage" because it is missing required fields: s, succ_groupidx, succ_replicaidx
[libprotobuf ERROR google/protobuf/message_lite.cc:121] Can't parse message of type "replication.iocl_craq.proto.SuccessorRequestMessage" because it is missing required fields: s, succ_groupidx, succ_replicaidx
[libprotobuf ERROR google/protobuf/message_lite.cc:121] Can't parse message of type "replication.iocl_craq.proto.SuccessorRequestMessage" because it is missing required fields: s, succ_groupidx, succ_replicaidx
[libprotobuf ERROR google/protobuf/message_lite.cc:121] Can't parse message of type "replication.iocl_craq.proto.SuccessorRequestMessage" because it is missing required fields: s, succ_groupidx, succ_replicaidx
[libprotobuf ERROR google/protobuf/message_lite.cc:121] Can't parse message of type "replication.iocl_craq.proto.SuccessorRequestMessage" because it is missing required fields: s, succ_groupidx, succ_replicaidx
[libprotobuf ERROR google/protobuf/message_lite.cc:121] Can't parse message of type "replication.iocl_craq.proto.SuccessorRequestMessage" because it is missing required fields: s, succ_groupidx, succ_replicaidx
[libprotobuf ERROR google/protobuf/message_lite.cc:121] Can't parse message of type "replication.iocl_craq.proto.SuccessorRequestMessage" because it is missing required fields: s, succ_groupidx, succ_replicaidx
[libprotobuf ERROR google/protobuf/message_lite.cc:121] Can't parse message of type "replication.iocl_craq.proto.SuccessorRequestMessage" because it is missing required fields: s, succ_groupidx, succ_replicaidx
[libprotobuf ERROR google/protobuf/message_lite.cc:121] Can't parse message of type "replication.iocl_craq.proto.SuccessorRequestMessage" because it is missing required fields: s, succ_groupidx, succ_replicaidx
[libprotobuf ERROR google/protobuf/message_lite.cc:121] Can't parse message of type "replication.iocl_craq.proto.SuccessorRequestMessage" because it is missing required fields: s, succ_groupidx, succ_replicaidx
[libprotobuf ERROR google/protobuf/message_lite.cc:121] Can't parse message of type "replication.iocl_craq.proto.SuccessorRequestMessage" because it is missing required fields: s, succ_groupidx, succ_replicaidx
[libprotobuf ERROR google/protobuf/message_lite.cc:121] Can't parse message of type "replication.iocl_craq.proto.SuccessorRequestMessage" because it is missing required fields: s, succ_groupidx, succ_replicaidx
[libprotobuf ERROR google/protobuf/message_lite.cc:121] Can't parse message of type "replication.iocl_craq.proto.SuccessorRequestMessage" because it is missing required fields: s, succ_groupidx, succ_replicaidx
[libprotobuf ERROR google/protobuf/message_lite.cc:121] Can't parse message of type "replication.iocl_craq.proto.SuccessorRequestMessage" because it is missing required fields: s, succ_groupidx, succ_replicaidx
[libprotobuf ERROR google/protobuf/message_lite.cc:121] Can't parse message of type "replication.iocl_craq.proto.SuccessorRequestMessage" because it is missing required fields: s, succ_groupidx, succ_replicaidx
[libprotobuf ERROR google/protobuf/message_lite.cc:121] Can't parse message of type "replication.iocl_craq.proto.SuccessorRequestMessage" because it is missing required fields: s, succ_groupidx, succ_replicaidx
[libprotobuf ERROR google/protobuf/message_lite.cc:121] Can't parse message of type "replication.iocl_craq.proto.SuccessorRequestMessage" because it is missing required fields: s, succ_groupidx, succ_replicaidx
[libprotobuf ERROR google/protobuf/message_lite.cc:121] Can't parse message of type "replication.iocl_craq.proto.SuccessorRequestMessage" because it is missing required fields: s, succ_groupidx, succ_replicaidx
[libprotobuf ERROR google/protobuf/message_lite.cc:121] Can't parse message of type "replication.iocl_craq.proto.SuccessorRequestMessage" because it is missing required fields: s, succ_groupidx, succ_replicaidx
[libprotobuf ERROR google/protobuf/message_lite.cc:121] Can't parse message of type "replication.iocl_craq.proto.SuccessorRequestMessage" because it is missing required fields: s, succ_groupidx, succ_replicaidx
[libprotobuf ERROR google/protobuf/message_lite.cc:121] Can't parse message of type "replication.iocl_craq.proto.SuccessorRequestMessage" because it is missing required fields: s, succ_groupidx, succ_replicaidx
[libprotobuf ERROR google/protobuf/message_lite.cc:121] Can't parse message of type "replication.iocl_craq.proto.SuccessorRequestMessage" because it is missing required fields: s, succ_groupidx, succ_replicaidx
[libprotobuf ERROR google/protobuf/message_lite.cc:121] Can't parse message of type "replication.iocl_craq.proto.SuccessorRequestMessage" because it is missing required fields: s, succ_groupidx, succ_replicaidx
[libprotobuf ERROR google/protobuf/message_lite.cc:121] Can't parse message of type "replication.iocl_craq.proto.SuccessorRequestMessage" because it is missing required fields: s, succ_groupidx, succ_replicaidx
[libprotobuf ERROR google/protobuf/message_lite.cc:121] Can't parse message of type "replication.iocl_craq.proto.SuccessorRequestMessage" because it is missing required fields: s, succ_groupidx, succ_replicaidx
[libprotobuf ERROR google/protobuf/message_lite.cc:121] Can't parse message of type "replication.iocl_craq.proto.SuccessorRequestMessage" because it is missing required fields: s, succ_groupidx, succ_replicaidx
[libprotobuf ERROR google/protobuf/message_lite.cc:121] Can't parse message of type "replication.iocl_craq.proto.SuccessorRequestMessage" because it is missing required fields: s, succ_groupidx, succ_replicaidx
[libprotobuf ERROR google/protobuf/message_lite.cc:121] Can't parse message of type "replication.iocl_craq.proto.SuccessorRequestMessage" because it is missing required fields: s, succ_groupidx, succ_replicaidx
20260313-062241-6297 19722 * SendRequest     (client.cc:198):    Sending client request with id 1 (shardtag=12884901889 predlist_size=0)
[libprotobuf ERROR google/protobuf/message_lite.cc:121] Can't parse message of type "replication.iocl_craq.proto.SuccessorRequestMessage" because it is missing required fields: s, succ_groupidx, succ_replicaidx
[libprotobuf ERROR google/protobuf/message_lite.cc:121] Can't parse message of type "replication.iocl_craq.proto.SuccessorRequestMessage" because it is missing required fields: s, succ_groupidx, succ_replicaidx
[libprotobuf ERROR google/protobuf/message_lite.cc:121] Can't parse message of type "replication.iocl_craq.proto.SuccessorRequestMessage" because it is missing required fields: s, succ_groupidx, succ_replicaidx
[libprotobuf ERROR google/protobuf/message_lite.cc:121] Can't parse message of type "replication.iocl_craq.proto.SuccessorRequestMessage" because it is missing required fields: s, succ_groupidx, succ_replicaidx
[libprotobuf ERROR google/protobuf/message_lite.cc:121] Can't parse message of type "replication.iocl_craq.proto.SuccessorRequestMessage" because it is missing required fields: s, succ_groupidx, succ_replicaidx
[libprotobuf ERROR google/protobuf/message_lite.cc:121] Can't parse message of type "replication.iocl_craq.proto.SuccessorRequestMessage" because it is missing required fields: s, succ_groupidx, succ_replicaidx
[libprotobuf ERROR google/protobuf/message_lite.cc:121] Can't parse message of type "replication.iocl_craq.proto.SuccessorRequestMessage" because it is missing required fields: s, succ_groupidx, succ_replicaidx
[libprotobuf ERROR google/protobuf/message_lite.cc:121] Can't parse message of type "replication.iocl_craq.proto.SuccessorRequestMessage" because it is missing required fields: s, succ_groupidx, succ_replicaidx
[libprotobuf ERROR google/protobuf/message_lite.cc:121] Can't parse message of type "replication.iocl_craq.proto.SuccessorRequestMessage" because it is missing required fields: s, succ_groupidx, succ_replicaidx
[libprotobuf ERROR google/protobuf/message_lite.cc:121] Can't parse message of type "replication.iocl_craq.proto.SuccessorRequestMessage" because it is missing required fields: s, succ_groupidx, succ_replicaidx
[libprotobuf ERROR google/protobuf/message_lite.cc:121] Can't parse message of type "replication.iocl_craq.proto.SuccessorRequestMessage" because it is missing required fields: s, succ_groupidx, succ_replicaidx
[libprotobuf ERROR google/protobuf/message_lite.cc:121] Can't parse message of type "replication.iocl_craq.proto.SuccessorRequestMessage" because it is missing required fields: s, succ_groupidx, succ_replicaidx
[libprotobuf ERROR google/protobuf/message_lite.cc:121] Can't parse message of type "replication.iocl_craq.proto.SuccessorRequestMessage" because it is missing required fields: s, succ_groupidx, succ_replicaidx
[libprotobuf ERROR google/protobuf/message_lite.cc:121] Can't parse message of type "replication.iocl_craq.proto.SuccessorRequestMessage" because it is missing required fields: s, succ_groupidx, succ_replicaidx
[libprotobuf ERROR google/protobuf/message_lite.cc:121] Can't parse message of type "replication.iocl_craq.proto.SuccessorRequestMessage" because it is missing required fields: s, succ_groupidx, succ_replicaidx
[libprotobuf ERROR google/protobuf/message_lite.cc:121] Can't parse message of type "replication.iocl_craq.proto.SuccessorRequestMessage" because it is missing required fields: s, succ_groupidx, succ_replicaidx
[libprotobuf ERROR google/protobuf/message_lite.cc:121] Can't parse message of type "replication.iocl_craq.proto.SuccessorRequestMessage" because it is missing required fields: s, succ_groupidx, succ_replicaidx
[libprotobuf ERROR google/protobuf/message_lite.cc:121] Can't parse message of type "replication.iocl_craq.proto.SuccessorRequestMessage" because it is missing required fields: s, succ_groupidx, succ_replicaidx
[libprotobuf ERROR google/protobuf/message_lite.cc:121] Can't parse message of type "replication.iocl_craq.proto.SuccessorRequestMessage" because it is missing required fields: s, succ_groupidx, succ_replicaidx
[libprotobuf ERROR google/protobuf/message_lite.cc:121] Can't parse message of type "replication.iocl_craq.proto.SuccessorRequestMessage" because it is missing required fields: s, succ_groupidx, succ_replicaidx
[libprotobuf ERROR google/protobuf/message_lite.cc:121] Can't parse message of type "replication.iocl_craq.proto.SuccessorRequestMessage" because it is missing required fields: s, succ_groupidx, succ_replicaidx
[libprotobuf ERROR google/protobuf/message_lite.cc:121] Can't parse message of type "replication.iocl_craq.proto.SuccessorRequestMessage" because it is missing required fields: s, succ_groupidx, succ_replicaidx
[libprotobuf ERROR google/protobuf/message_lite.cc:121] Can't parse message of type "replication.iocl_craq.proto.SuccessorRequestMessage" because it is missing required fields: s, succ_groupidx, succ_replicaidx
[libprotobuf ERROR google/protobuf/message_lite.cc:121] Can't parse message of type "replication.iocl_craq.proto.SuccessorRequestMessage" because it is missing required fields: s, succ_groupidx, succ_replicaidx
[libprotobuf ERROR google/protobuf/message_lite.cc:121] Can't parse message of type "replication.iocl_craq.proto.SuccessorRequestMessage" because it is missing required fields: s, succ_groupidx, succ_replicaidx
[libprotobuf ERROR google/protobuf/message_lite.cc:121] Can't parse message of type "replication.iocl_craq.proto.SuccessorRequestMessage" because it is missing required fields: s, succ_groupidx, succ_replicaidx
[libprotobuf ERROR google/protobuf/message_lite.cc:121] Can't parse message of type "replication.iocl_craq.proto.SuccessorRequestMessage" because it is missing required fields: s, succ_groupidx, succ_replicaidx
[libprotobuf ERROR google/protobuf/message_lite.cc:121] Can't parse message of type "replication.iocl_craq.proto.SuccessorRequestMessage" because it is missing required fields: s, succ_groupidx, succ_replicaidx
[libprotobuf ERROR google/protobuf/message_lite.cc:121] Can't parse message of type "replication.iocl_craq.proto.SuccessorRequestMessage" because it is missing required fields: s, succ_groupidx, succ_replicaidx
[libprotobuf ERROR google/protobuf/message_lite.cc:121] Can't parse message of type "replication.iocl_craq.proto.SuccessorRequestMessage" because it is missing required fields: s, succ_groupidx, succ_replicaidx
20260313-062242-8520 19722 * SendRequest     (client.cc:198):    Sending client request with id 2 (shardtag=133143986178 predlist_size=0)
20260313-062244-0435 19722 * SendRequest     (client.cc:198):    Sending client request with id 3 (shardtag=98784247810 predlist_size=0)
20260313-062244-2649 19722 * SendRequest     (client.cc:198):    Sending client request with id 4 (shardtag=64424509441 predlist_size=0)
20260313-062245-8776 19722 * SendRequest     (client.cc:198):    Sending client request with id 5 (shardtag=30064771073 predlist_size=0)
20260313-062246-0985 19722 * SendRequest     (client.cc:198):    Sending client request with id 6 (shardtag=81604378626 predlist_size=0)
20260313-062248-3004 19722 * SendRequest     (client.cc:198):    Sending client request with id 7 (shardtag=133143986179 predlist_size=0)
20260313-062249-2929 19722 * SendRequest     (client.cc:198):    Sending client request with id 8 (shardtag=98784247813 predlist_size=0)
20260313-062250-9250 19722 * SendRequest     (client.cc:198):    Sending client request with id 9 (shardtag=133143986180 predlist_size=0)
20260313-062251-3264 19722 * SendRequest     (client.cc:198):    Sending client request with id 10 (shardtag=30064771076 predlist_size=0)
20260313-062251-5346 19722 * SendRequest     (client.cc:198):    Sending client request with id 11 (shardtag=64424509442 predlist_size=0)
20260313-062251-7317 19722 * SendRequest     (client.cc:198):    Sending client request with id 12 (shardtag=30064771077 predlist_size=0)
20260313-062252-3378 19722 * SendRequest     (client.cc:198):    Sending client request with id 13 (shardtag=47244640259 predlist_size=0)
20260313-062252-7396 19722 * SendRequest     (client.cc:198):    Sending client request with id 14 (shardtag=30064771079 predlist_size=0)
20260313-062252-7421 19722 * SendRequest     (client.cc:198):    Sending client request with id 15 (shardtag=47244640260 predlist_size=0)
20260313-062252-9378 19722 * SendRequest     (client.cc:198):    Sending client request with id 16 (shardtag=12884901894 predlist_size=0)
20260313-062253-1520 19722 * SendRequest     (client.cc:198):    Sending client request with id 17 (shardtag=64424509443 predlist_size=0)
20260313-062253-3366 19722 * SendRequest     (client.cc:198):    Sending client request with id 18 (shardtag=98784247814 predlist_size=0)
20260313-062253-5381 19722 * SendRequest     (client.cc:198):    Sending client request with id 19 (shardtag=98784247815 predlist_size=0)
20260313-062254-5644 19722 * SendRequest     (client.cc:198):    Sending client request with id 20 (shardtag=64424509444 predlist_size=0)
20260313-062255-9716 19722 * SendRequest     (client.cc:198):    Sending client request with id 21 (shardtag=47244640261 predlist_size=0)
20260313-062256-7863 19722 * SendRequest     (client.cc:198):    Sending client request with id 22 (shardtag=64424509445 predlist_size=0)
20260313-062256-9679 19722 * SendRequest     (client.cc:198):    Sending client request with id 23 (shardtag=98784247817 predlist_size=0)
20260313-062258-2098 19722 * SendRequest     (client.cc:198):    Sending client request with id 24 (shardtag=81604378627 predlist_size=0)
20260313-062259-2067 19722 * SendRequest     (client.cc:198):    Sending client request with id 25 (shardtag=64424509446 predlist_size=0)
20260313-062300-0100 19722 * SendRequest     (client.cc:198):    Sending client request with id 26 (shardtag=133143986181 predlist_size=0)
20260313-062300-4352 19722 * SendRequest     (client.cc:198):    Sending client request with id 27 (shardtag=81604378629 predlist_size=0)
20260313-062301-2226 19722 * SendRequest     (client.cc:198):    Sending client request with id 28 (shardtag=133143986182 predlist_size=0)
20260313-062301-2430 19722 * SendRequest     (client.cc:198):    Sending client request with id 29 (shardtag=81604378630 predlist_size=0)
20260313-062302-8327 19722 * SendRequest     (client.cc:198):    Sending client request with id 30 (shardtag=30064771081 predlist_size=0)
20260313-062304-6447 19722 * SendRequest     (client.cc:198):    Sending client request with id 31 (shardtag=12884901898 predlist_size=0)
20260313-062306-2600 19722 * SendRequest     (client.cc:198):    Sending client request with id 32 (shardtag=12884901901 predlist_size=0)
20260313-062306-6975 19722 * SendRequest     (client.cc:198):    Sending client request with id 33 (shardtag=81604378633 predlist_size=0)
20260313-062307-2645 19722 * SendRequest     (client.cc:198):    Sending client request with id 34 (shardtag=115964116997 predlist_size=0)
20260313-062307-6760 19722 * SendRequest     (client.cc:198):    Sending client request with id 35 (shardtag=98784247820 predlist_size=0)
20260313-062307-6855 19722 * SendRequest     (client.cc:198):    Sending client request with id 36 (shardtag=133143986183 predlist_size=0)
20260313-062307-8812 19722 * SendRequest     (client.cc:198):    Sending client request with id 37 (shardtag=47244640263 predlist_size=0)
20260313-062312-3162 19722 ! TCPIncomingEventCallback (tcptransport.cc:942): [TCP INCOMING 117] EOF, lifetime=30866.84 ms
20260313-062312-3163 19722 ! TCPIncomingEventCallback (tcptransport.cc:942): [TCP INCOMING 118] EOF, lifetime=30862.93 ms
20260313-062312-4790 19722 ! TCPIncomingEventCallback (tcptransport.cc:942): [TCP INCOMING 119] EOF, lifetime=30859.77 ms
20260313-062312-4793 19722 ! TCPIncomingEventCallback (tcptransport.cc:942): [TCP INCOMING 120] EOF, lifetime=30856.32 ms
20260313-062312-4866 19722 ! TCPIncomingEventCallback (tcptransport.cc:942): [TCP INCOMING 121] EOF, lifetime=30863.66 ms
20260313-062312-4868 19722 ! TCPIncomingEventCallback (tcptransport.cc:942): [TCP INCOMING 123] EOF, lifetime=30860.13 ms
20260313-062312-4881 19722 ! TCPIncomingEventCallback (tcptransport.cc:942): [TCP INCOMING 124] EOF, lifetime=30859.05 ms
20260313-062312-4883 19722 ! TCPIncomingEventCallback (tcptransport.cc:942): [TCP INCOMING 129] EOF, lifetime=30855.34 ms
20260313-062312-4885 19722 ! TCPIncomingEventCallback (tcptransport.cc:942): [TCP INCOMING 128] EOF, lifetime=30855.85 ms
20260313-062312-4886 19722 ! TCPIncomingEventCallback (tcptransport.cc:942): [TCP INCOMING 131] EOF, lifetime=30852.26 ms
20260313-062312-6839 19722 ! TCPIncomingEventCallback (tcptransport.cc:942): [TCP INCOMING 122] EOF, lifetime=31058.25 ms
20260313-062312-6840 19722 ! TCPIncomingEventCallback (tcptransport.cc:942): [TCP INCOMING 125] EOF, lifetime=31054.47 ms
20260313-062312-6954 19722 ! TCPIncomingEventCallback (tcptransport.cc:942): [TCP INCOMING 132] EOF, lifetime=31058.83 ms
20260313-062312-6956 19722 ! TCPIncomingEventCallback (tcptransport.cc:942): [TCP INCOMING 134] EOF, lifetime=31055.00 ms
20260313-062312-6985 19722 ! TCPIncomingEventCallback (tcptransport.cc:942): [TCP INCOMING 130] EOF, lifetime=31063.50 ms
20260313-062312-6987 19722 ! TCPIncomingEventCallback (tcptransport.cc:942): [TCP INCOMING 133] EOF, lifetime=31060.13 ms
20260313-062319-1477 19722 * Cleanup         (server.cc:589):    Gracefully exiting after signal 15.
20260313-062319-1477 19722 * Stop            (tcptransport.cc:605): [TCP SUMMARY] outgoingCreated=59 outgoingClosed=0 incomingCreated=75 incomingClosed=16 outgoingPeak=126 incomingPeak=38
Inserted events:
  0x55dea00cf0d0 [fd  9] Read Persist Internal
  0x55dea00d6e30 [fd  10] Read Persist
  0x55dea00e22e0 [fd  11] Read Persist
  0x55deac72bc50 [fd  12] Read Persist
  0x55deac72be70 [fd  13] Read Persist
  0x55deac72c090 [fd  14] Read Persist
  0x55deac72c2b0 [fd  15] Read Persist
  0x55deac72c4d0 [fd  16] Read Persist
  0x55deac72c6f0 [fd  17] Read Persist
  0x55deac72c910 [fd  18] Read Persist
  0x55deac72cb30 [fd  19] Read Persist
  0x55deac72cd50 [fd  20] Read Persist
  0x55deac72cf70 [fd  21] Read Persist
  0x55deac72d220 [fd  22] Read Persist
  0x55deac72d560 [fd  23] Read Persist
  0x55deac72d8a0 [fd  24] Read Persist
  0x55deac72dbe0 [fd  25] Read Persist
  0x55deac72df40 [fd  26] Read Persist
  0x55deac72e2e0 [fd  27] Read Persist
  0x55deac72e680 [fd  28] Read Persist
  0x55deac72eb50 [fd  29] Read Persist
  0x55deac72eef0 [fd  30] Read Persist
  0x55deac72f290 [fd  31] Read Persist
  0x55deac72f630 [fd  32] Read Persist
  0x55deac728e90 [fd  33] Read Persist
  0x55deac7272d0 [fd  34] Read Persist
  0x55deac71e710 [fd  35] Read Persist
  0x55deac71ead0 [fd  36] Read Persist
  0x55deac727780 [fd  37] Read Persist
  0x55deac728470 [fd  38] Read Persist
  0x55deac724a80 [fd  39] Read Persist
  0x55deac7252f0 [fd  40] Read Persist
  0x55deac7258a0 [fd  41] Read Persist
  0x55deac725cc0 [fd  42] Read Persist
  0x55deac726100 [fd  43] Read Persist
  0x55deac726540 [fd  44] Read Persist
  0x55deac72fcb0 [fd  45] Read Persist
  0x55deac7300c0 [fd  46] Read Persist
  0x55deac7304d0 [fd  47] Read Persist
  0x55deac7308e0 [fd  48] Read Persist
  0x55deac730f70 [fd  49] Read Persist
  0x55deac731410 [fd  50] Read Persist
  0x55deac7319a0 [fd  51] Read Persist
  0x55deac731f30 [fd  52] Read Persist
  0x55deac7324c0 [fd  53] Read Persist
  0x55deac732a50 [fd  54] Read Persist
  0x55deac732fe0 [fd  55] Read Persist
  0x55deac733570 [fd  56] Read Persist
  0x55deac733b00 [fd  57] Read Persist
  0x55deac734090 [fd  58] Read Persist
  0x55deac734620 [fd  59] Read Persist
  0x55deac734bb0 [fd  60] Read Persist
  0x55deac735140 [fd  61] Read Persist
  0x55deac735560 [fd  62] Read Persist
  0x55deac735780 [fd  63] Read Persist
  0x55deac735a30 [fd  64] Read Persist
  0x55dea00dd2b0 [fd  65] Read Persist
  0x55dea00de980 [fd  66] Read Persist
  0x55dea00dd880 [fd  67] Read Persist
  0x55dea00ddc50 [fd  68] Read Persist
  0x55dea00de020 [fd  69] Read Persist
  0x55deac735d70 [fd  70] Read Persist
  0x55deac746bd0 [fd  71] Read Persist
  0x55deac746df0 [fd  72] Read Persist
  0x55deac747010 [fd  73] Read Persist
  0x55deac7473a0 [fd  74] Read Persist
  0x55deac747780 [fd  75] Read Persist
  0x55deac747b50 [fd  76] Read Persist
  0x55deac747fe0 [fd  77] Read Persist
  0x55deac748420 [fd  78] Read Persist
  0x55deac748860 [fd  79] Read Persist
  0x55deac748ca0 [fd  80] Read Persist
  0x55deac7490e0 [fd  81] Read Persist
  0x55deac736ab0 [fd  82] Read Persist
  0x55deac736840 [fd  83] Read Persist
  0x55deac7494d0 [fd  84] Read Persist
  0x55deac7496f0 [fd  85] Read Persist
  0x55deac749910 [fd  86] Read Persist
  0x55deac749c50 [fd  87] Read Persist
  0x55deac749f90 [fd  88] Read Persist
  0x55deac74aae0 [fd  89] Read Persist
  0x55deac74ae20 [fd  90] Read Persist
  0x55deac74bbe0 [fd  91] Read Persist
  0x55deac74bf20 [fd  92] Read Persist
  0x55deac74c260 [fd  93] Read Persist
  0x55deac74c5a0 [fd  94] Read Persist
  0x55deac74c8e0 [fd  95] Read Persist
  0x55deac74cc20 [fd  96] Read Persist
  0x55deac74d070 [fd  97] Read Persist
  0x55deac74d600 [fd  98] Read Persist
  0x55deac74db90 [fd  99] Read Persist
  0x55deac74e120 [fd  100] Read Persist
  0x55deac74e6b0 [fd  101] Read Persist
  0x55deac74ec40 [fd  102] Read Persist
  0x55deac74f1d0 [fd  103] Read Persist
  0x55deac74f760 [fd  104] Read Persist
  0x55deac74fcf0 [fd  105] Read Persist
  0x55deac750280 [fd  106] Read Persist
  0x55deac750810 [fd  107] Read Persist
  0x55deac750da0 [fd  108] Read Persist
  0x55deac751330 [fd  109] Read Persist
  0x55deac7518c0 [fd  110] Read Persist
  0x55deac751e50 [fd  111] Read Persist
  0x55deac7523e0 [fd  112] Read Persist
  0x55deac752970 [fd  113] Read Persist
  0x55deac752f00 [fd  114] Read Persist
  0x55deac753490 [fd  115] Read Persist
  0x55deac753a20 [fd  116] Read Persist
  0x55deac753fb0 [fd  117] Read Persist
  0x55deac754540 [fd  118] Read Persist
  0x55deac754ad0 [fd  119] Read Persist
  0x55deac72b0d0 [fd  120] Read Persist
  0x55deac758dc0 [fd  121] Read Persist
  0x55deac759210 [fd  122] Read Persist
  0x55deac759680 [fd  123] Read Persist
  0x55deac759af0 [fd  124] Read Persist
  0x55deac759f60 [fd  125] Read Persist
  0x55deac75a3d0 [fd  126] Read Persist
  0x55deac75a870 [fd  127] Read Persist
  0x55deac75b1b0 [fd  137] Read Persist
  0x55deac757a60 [fd  138] Read Persist
Active events:
20260313-062319-1496 19722 * Cleanup         (server.cc:593):    Exporting stats to /mnt/extra/experiments/2026-04-13-06-22-10/out/server-0-3-1-stats-0.json.
20260313-062319-1498 19722 * Close           (replica.cc:1228):  [1] ReadStatsSummary clean=32 dirty=5 total=37
20260313-062319-1498 19722 * Close           (replica.cc:1230):  [1] ReadStatsDepth depth=1 count=5
20260313-062319-1499 19722 * Close           (replica.cc:1233):  [1] ReadStatsClient client=18 clean=32 dirty=5
