20260217-115610-1415 32618 * main            (benchmark.cc:402): Starting benchmark.
20260217-115610-6955 32618 * main            (benchmark.cc:621): Creating a default paritioner!
20260217-115610-6957 32618 * Client          (client.cc:77):     Initializing StrongStore client with id [0]
20260217-115610-6958 32618 * BenchmarkClient (bench_client.cc:81): starting benchclient, issueConcurrent: 0; fanout: 1
Session created: 0
last_service: , current_state: 0
Session continued: 0
last_service: , current_state: 0
Session destroyed: 18446744073709551615
last_service: , current_state: 0
20260217-115615-7630 32618 * WarmupDone      (bench_client.cc:739): Completed warmup period of 5 seconds with 12463 requests
20260217-115646-7633 32618 * Finish          (bench_client.cc:933): Completed 79429 requests in 31.000341 seconds
20260217-115646-7633 32618 * Finish          (bench_client.cc:934): 1 outstanding transactions.
Session continued: 0
last_service: , current_state: 0
Session destroyed: 18446744073709551615
last_service: , current_state: 0
Session continued: 0
last_service: , current_state: 0
Session destroyed: 18446744073709551615
last_service: , current_state: 0
Session destroyed: 0
last_service: , current_state: 0
20260217-115649-7633 32618 * FlushStats      (benchmark.cc:890): Flushing stats to /mnt/extra/experiments/2026-03-17-11-55-46/out/client-0-0-0-stats-0.json.
20260217-115649-7635 32618 * FlushStats      (benchmark.cc:902): All done!
20260217-115651-7636 32618 * Cleanup         (bench_client.cc:761): Aborting 0 outstanding transactions.
20260217-115651-7636 32618 * CooldownDone    (bench_client.cc:791): Finished cooldown period.
20260217-115651-7988 32618 * CooldownDone    (bench_client.cc:798): Median latency is 357541 ns (357 us)
20260217-115651-7998 32618 * CooldownDone    (bench_client.cc:807): Average latency is 362042 ns (362 us)
20260217-115651-7998 32618 * CooldownDone    (bench_client.cc:811): 90th percentile latency is 459050 ns (459 us)
20260217-115651-7998 32618 * CooldownDone    (bench_client.cc:815): 95th percentile latency is 466288 ns (466 us)
20260217-115651-7998 32618 * CooldownDone    (bench_client.cc:819): 99th percentile latency is 479091 ns (479 us)
20260217-115651-7998 32618 * LATENCY total: 210 us 362 us/262 us 6045 us (79430 samples, 28 s total)
20260217-115651-7999 32618 *     131 us |       3155 | ==
20260217-115651-7999 32618 *     262 us |      76256 | ==================================================
20260217-115651-7999 32618 *     524 us |         14 | 
20260217-115651-7999 32618 *    1048 us |          0 |
20260217-115651-7999 32618 *    2097 us |          3 | 
20260217-115651-7999 32618 *    4194 us |          2 | 
20260217-115651-8005 32618 * Stop            (tcptransport.cc:581): [TCP SUMMARY] outgoingCreated=1 outgoingClosed=0 incomingCreated=0 incomingClosed=0 outgoingPeak=1 incomingPeak=0
Inserted events:
  0x555afd00cf60 [fd  7] Read Persist Internal
  0x555afd023510 [fd  9] Read Persist
Active events:
20260217-115651-8006 32618 * main            (benchmark.cc:849): Cleaning up after experiment.
20260217-115651-8006 32618 * FlushStats      (benchmark.cc:890): Flushing stats to /mnt/extra/experiments/2026-03-17-11-55-46/out/client-0-0-0-stats-0.json.
20260217-115651-8007 32618 * FlushStats      (benchmark.cc:902): All done!
