20260313-061142-9147 11777 * main            (server.cc:217):    Starting server.
20260313-061142-9160 11777 * main            (server.cc:335):    Creating a default paritioner!
20260313-061144-8067 11777 * main            (server.cc:513):    Done loading server.
20260313-061205-6309 11777 * SendRequest     (client.cc:198):    Sending client request with id 1 (shardtag=81604378625 predlist_size=0)
20260313-061205-9329 11777 ! ReceiveMessage  (replica.cc:680):   [0] Ignoring stray ReplyMessage delivered to replica listener
20260313-061207-6324 11777 * SendRequest     (client.cc:198):    Sending client request with id 2 (shardtag=64424509441 predlist_size=0)
20260313-061207-6405 11777 * SendRequest     (client.cc:198):    Sending client request with id 3 (shardtag=150323855364 predlist_size=1)
20260313-061207-9341 11777 ! ReceiveMessage  (replica.cc:680):   [0] Ignoring stray ReplyMessage delivered to replica listener
20260313-061207-9422 11777 ! ReceiveMessage  (replica.cc:680):   [0] Ignoring stray ReplyMessage delivered to replica listener
20260313-061208-2467 11777 * SendRequest     (client.cc:198):    Sending client request with id 4 (shardtag=150323855365 predlist_size=1)
20260313-061208-5490 11777 ! ReceiveMessage  (replica.cc:680):   [0] Ignoring stray ReplyMessage delivered to replica listener
20260313-061209-9685 11777 * SendRequest     (client.cc:198):    Sending client request with id 5 (shardtag=47244640261 predlist_size=0)
20260313-061210-2702 11777 ! ReceiveMessage  (replica.cc:680):   [0] Ignoring stray ReplyMessage delivered to replica listener
20260313-061211-4642 11777 * SendRequest     (client.cc:198):    Sending client request with id 6 (shardtag=64424509446 predlist_size=1)
20260313-061211-8661 11777 ! ReceiveMessage  (replica.cc:680):   [0] Ignoring stray ReplyMessage delivered to replica listener
20260313-061215-7839 11777 * SendRequest     (client.cc:198):    Sending client request with id 7 (shardtag=115964117002 predlist_size=1)
20260313-061216-1860 11777 ! ReceiveMessage  (replica.cc:680):   [0] Ignoring stray ReplyMessage delivered to replica listener
20260313-061217-5770 11777 * SendRequest     (client.cc:198):    Sending client request with id 8 (shardtag=133143986187 predlist_size=1)
20260313-061217-8320 11777 * SendRequest     (client.cc:198):    Sending client request with id 9 (shardtag=150323855374 predlist_size=1)
20260313-061218-0797 11777 ! ReceiveMessage  (replica.cc:680):   [0] Ignoring stray ReplyMessage delivered to replica listener
20260313-061218-1335 11777 ! ReceiveMessage  (replica.cc:680):   [0] Ignoring stray ReplyMessage delivered to replica listener
20260313-061219-0466 11777 * SendRequest     (client.cc:198):    Sending client request with id 10 (shardtag=150323855375 predlist_size=1)
20260313-061219-4486 11777 ! ReceiveMessage  (replica.cc:680):   [0] Ignoring stray ReplyMessage delivered to replica listener
20260313-061219-7579 11777 * SendRequest     (client.cc:198):    Sending client request with id 11 (shardtag=47244640270 predlist_size=1)
20260313-061220-0596 11777 ! ReceiveMessage  (replica.cc:680):   [0] Ignoring stray ReplyMessage delivered to replica listener
20260313-061220-1512 11777 * SendRequest     (client.cc:198):    Sending client request with id 12 (shardtag=81604378636 predlist_size=0)
20260313-061220-4529 11777 ! ReceiveMessage  (replica.cc:680):   [0] Ignoring stray ReplyMessage delivered to replica listener
20260313-061220-8408 11777 * SendRequest     (client.cc:198):    Sending client request with id 13 (shardtag=64424509455 predlist_size=1)
20260313-061221-0678 11777 * SendRequest     (client.cc:198):    Sending client request with id 14 (shardtag=47244640271 predlist_size=1)
20260313-061221-1424 11777 ! ReceiveMessage  (replica.cc:680):   [0] Ignoring stray ReplyMessage delivered to replica listener
20260313-061221-5705 11777 ! ReceiveMessage  (replica.cc:680):   [0] Ignoring stray ReplyMessage delivered to replica listener
20260313-061222-0677 11777 * SendRequest     (client.cc:198):    Sending client request with id 15 (shardtag=81604378638 predlist_size=1)
20260313-061222-2792 11777 * SendRequest     (client.cc:198):    Sending client request with id 16 (shardtag=30064771087 predlist_size=1)
20260313-061222-4698 11777 ! ReceiveMessage  (replica.cc:680):   [0] Ignoring stray ReplyMessage delivered to replica listener
20260313-061222-7819 11777 ! ReceiveMessage  (replica.cc:680):   [0] Ignoring stray ReplyMessage delivered to replica listener
20260313-061223-8897 11777 * SendRequest     (client.cc:198):    Sending client request with id 17 (shardtag=150323855378 predlist_size=1)
20260313-061224-1918 11777 ! ReceiveMessage  (replica.cc:680):   [0] Ignoring stray ReplyMessage delivered to replica listener
20260313-061224-4648 11777 * SendRequest     (client.cc:198):    Sending client request with id 18 (shardtag=115964117007 predlist_size=1)
20260313-061224-8667 11777 ! ReceiveMessage  (replica.cc:680):   [0] Ignoring stray ReplyMessage delivered to replica listener
20260313-061226-0868 11777 * SendRequest     (client.cc:198):    Sending client request with id 19 (shardtag=64424509461 predlist_size=1)
20260313-061226-3884 11777 ! ReceiveMessage  (replica.cc:680):   [0] Ignoring stray ReplyMessage delivered to replica listener
20260313-061227-3576 11777 * SendRequest     (client.cc:198):    Sending client request with id 20 (shardtag=133143986191 predlist_size=1)
20260313-061227-7600 11777 ! ReceiveMessage  (replica.cc:680):   [0] Ignoring stray ReplyMessage delivered to replica listener
20260313-061227-9245 11777 * SendRequest     (client.cc:198):    Sending client request with id 21 (shardtag=47244640278 predlist_size=1)
20260313-061228-2265 11777 ! ReceiveMessage  (replica.cc:680):   [0] Ignoring stray ReplyMessage delivered to replica listener
20260313-061231-9587 11777 * SendRequest     (client.cc:198):    Sending client request with id 22 (shardtag=47244640281 predlist_size=0)
20260313-061232-2602 11777 ! ReceiveMessage  (replica.cc:680):   [0] Ignoring stray ReplyMessage delivered to replica listener
20260313-061232-6049 11777 * SendRequest     (client.cc:198):    Sending client request with id 23 (shardtag=133143986193 predlist_size=0)
20260313-061232-9065 11777 ! ReceiveMessage  (replica.cc:680):   [0] Ignoring stray ReplyMessage delivered to replica listener
20260313-061236-3397 11777 ! TCPIncomingEventCallback (tcptransport.cc:942): [TCP INCOMING 118] EOF, lifetime=30848.10 ms
20260313-061236-5739 11777 ! TCPIncomingEventCallback (tcptransport.cc:942): [TCP INCOMING 125] EOF, lifetime=30939.01 ms
20260313-061236-6067 11777 ! TCPIncomingEventCallback (tcptransport.cc:942): [TCP INCOMING 117] EOF, lifetime=31137.22 ms
20260313-061236-6642 11777 ! TCPIncomingEventCallback (tcptransport.cc:942): [TCP INCOMING 126] EOF, lifetime=31027.17 ms
20260313-061236-7408 11777 ! TCPIncomingEventCallback (tcptransport.cc:942): [TCP INCOMING 119] EOF, lifetime=31123.29 ms
20260313-061236-7695 11777 ! TCPIncomingEventCallback (tcptransport.cc:942): [TCP INCOMING 120] EOF, lifetime=31143.99 ms
20260313-061236-7750 11777 ! TCPIncomingEventCallback (tcptransport.cc:942): [TCP INCOMING 121] EOF, lifetime=31146.31 ms
20260313-061236-8680 11777 ! TCPIncomingEventCallback (tcptransport.cc:942): [TCP INCOMING 122] EOF, lifetime=31237.29 ms
20260313-061243-3039 11777 * Cleanup         (server.cc:589):    Gracefully exiting after signal 15.
20260313-061243-3039 11777 * Stop            (tcptransport.cc:605): [TCP SUMMARY] outgoingCreated=59 outgoingClosed=0 incomingCreated=67 incomingClosed=8 outgoingPeak=123 incomingPeak=37
Inserted events:
  0x556556a060d0 [fd  9] Read Persist Internal
  0x556556a0de30 [fd  10] Read Persist
  0x556556a192e0 [fd  11] Read Persist
  0x556563088140 [fd  12] Read Persist
  0x556563086430 [fd  13] Read Persist
  0x55656307dd80 [fd  14] Read Persist
  0x556563086a30 [fd  15] Read Persist
  0x556563087720 [fd  16] Read Persist
  0x55656307c7c0 [fd  17] Read Persist
  0x55656307cbb0 [fd  18] Read Persist
  0x55656307d240 [fd  19] Read Persist
  0x55656307d660 [fd  20] Read Persist
  0x55656307da50 [fd  21] Read Persist
  0x55656307b8b0 [fd  22] Read Persist
  0x55656307bd70 [fd  23] Read Persist
  0x55656307c2d0 [fd  24] Read Persist
  0x5565630832f0 [fd  25] Read Persist
  0x556563083880 [fd  26] Read Persist
  0x556563083e10 [fd  27] Read Persist
  0x5565630843a0 [fd  28] Read Persist
  0x556563084a60 [fd  29] Read Persist
  0x556563084fc0 [fd  30] Read Persist
  0x556563085550 [fd  31] Read Persist
  0x55656308afd0 [fd  32] Read Persist
  0x55656308b6f0 [fd  33] Read Persist
  0x55656308bc80 [fd  34] Read Persist
  0x55656308c210 [fd  35] Read Persist
  0x55656308c7a0 [fd  36] Read Persist
  0x55656308cd30 [fd  37] Read Persist
  0x55656308d2c0 [fd  38] Read Persist
  0x55656308d850 [fd  39] Read Persist
  0x55656308dde0 [fd  40] Read Persist
  0x55656308e200 [fd  41] Read Persist
  0x55656308e420 [fd  42] Read Persist
  0x55656308e6d0 [fd  43] Read Persist
  0x55656308ea90 [fd  44] Read Persist
  0x55656308ee30 [fd  45] Read Persist
  0x55656308f1d0 [fd  46] Read Persist
  0x55656308f570 [fd  47] Read Persist
  0x55656308f910 [fd  48] Read Persist
  0x55656308ff30 [fd  49] Read Persist
  0x5565630902d0 [fd  50] Read Persist
  0x556563090670 [fd  51] Read Persist
  0x556563090a10 [fd  52] Read Persist
  0x556563090db0 [fd  53] Read Persist
  0x556563091150 [fd  54] Read Persist
  0x5565630914f0 [fd  55] Read Persist
  0x5565630918c0 [fd  56] Read Persist
  0x556563091c90 [fd  57] Read Persist
  0x556563092060 [fd  58] Read Persist
  0x556563092430 [fd  59] Read Persist
  0x556563092800 [fd  60] Read Persist
  0x556563092c00 [fd  61] Read Persist
  0x556563093000 [fd  62] Read Persist
  0x556563093400 [fd  63] Read Persist
  0x556563093800 [fd  64] Read Persist
  0x556556a15980 [fd  65] Read Persist
  0x556563094010 [fd  66] Read Persist
  0x556563094350 [fd  67] Read Persist
  0x556563094690 [fd  68] Read Persist
  0x5565630949d0 [fd  69] Read Persist
  0x556563094d10 [fd  70] Read Persist
  0x556563095130 [fd  71] Read Persist
  0x5565630955d0 [fd  72] Read Persist
  0x556563095a90 [fd  73] Read Persist
  0x556563095f50 [fd  74] Read Persist
  0x556563096410 [fd  75] Read Persist
  0x5565630968d0 [fd  76] Read Persist
  0x556563096d90 [fd  77] Read Persist
  0x556563097320 [fd  78] Read Persist
  0x5565630978b0 [fd  79] Read Persist
  0x556563097e40 [fd  80] Read Persist
  0x5565630983d0 [fd  81] Read Persist
  0x556563098960 [fd  82] Read Persist
  0x556563098ef0 [fd  83] Read Persist
  0x556563099480 [fd  84] Read Persist
  0x556563099a10 [fd  85] Read Persist
  0x556563099fa0 [fd  86] Read Persist
  0x55656309a530 [fd  87] Read Persist
  0x55656309aac0 [fd  88] Read Persist
  0x55656309b050 [fd  89] Read Persist
  0x55656309b5e0 [fd  90] Read Persist
  0x55656309c5f0 [fd  91] Read Persist
  0x55656309cb80 [fd  92] Read Persist
  0x55656309d110 [fd  93] Read Persist
  0x55656309d6a0 [fd  94] Read Persist
  0x55656309dc30 [fd  95] Read Persist
  0x55656309e1c0 [fd  96] Read Persist
  0x55656309e750 [fd  97] Read Persist
  0x55656309ece0 [fd  98] Read Persist
  0x55656309f270 [fd  99] Read Persist
  0x5565630a0830 [fd  100] Read Persist
  0x55656308a080 [fd  101] Read Persist
  0x55656309ffb0 [fd  102] Read Persist
  0x5565630aea90 [fd  103] Read Persist
  0x5565630aecb0 [fd  104] Read Persist
  0x5565630ab9d0 [fd  105] Read Persist
  0x5565630ac600 [fd  106] Read Persist
  0x5565630aca40 [fd  107] Read Persist
  0x5565630ace80 [fd  108] Read Persist
  0x5565630ad2c0 [fd  109] Read Persist
  0x5565630ad730 [fd  110] Read Persist
  0x5565630adba0 [fd  111] Read Persist
  0x5565630ae010 [fd  112] Read Persist
  0x5565630ae480 [fd  113] Read Persist
  0x5565630aeed0 [fd  114] Read Persist
  0x5565630af0f0 [fd  115] Read Persist
  0x5565630af310 [fd  116] Read Persist
  0x5565630af530 [fd  117] Read Persist
  0x5565630af870 [fd  118] Read Persist
  0x5565630afbb0 [fd  119] Read Persist
  0x5565630afef0 [fd  120] Read Persist
  0x5565630b0230 [fd  121] Read Persist
  0x5565630b0570 [fd  122] Read Persist
  0x5565630b0950 [fd  123] Read Persist
  0x5565630b0df0 [fd  124] Read Persist
  0x5565630b1290 [fd  125] Read Persist
  0x5565630b1730 [fd  126] Read Persist
  0x5565630b1bd0 [fd  127] Read Persist
  0x5565630cfc30 [fd  134] Read Persist
  0x5565630cfe50 [fd  135] Read Persist
Active events:
20260313-061243-3058 11777 * Cleanup         (server.cc:593):    Exporting stats to /mnt/extra/experiments/2026-04-13-06-11-34/out/server-0-7-0-stats-0.json.
