20260217-154831-0178 28216 * main            (benchmark.cc:402): Starting benchmark.
20260217-154835-7061 28216 * main            (benchmark.cc:621): Creating a default paritioner!
20260217-154835-7064 28216 * Client          (client.cc:77):     Initializing StrongStore client with id [26]
20260217-154835-7065 28216 * BenchmarkClient (bench_client.cc:81): starting benchclient, issueConcurrent: 0; fanout: 1
Session created: 0
last_service: , current_state: 0
Session continued: 0
last_service: , current_state: 0
Session destroyed: 18446744073709551615
last_service: , current_state: 0
20260217-154841-2865 28216 * WarmupDone      (bench_client.cc:739): Completed warmup period of 5 seconds with 1729 requests
20260217-154912-2867 28216 * Finish          (bench_client.cc:933): Completed 13183 requests in 31.001199 seconds
20260217-154912-2867 28216 * Finish          (bench_client.cc:934): 1 outstanding transactions.
Session continued: 0
last_service: , current_state: 0
Session destroyed: 18446744073709551615
last_service: , current_state: 0
Session continued: 0
last_service: , current_state: 0
Session destroyed: 18446744073709551615
last_service: , current_state: 0
Session destroyed: 0
last_service: , current_state: 0
20260217-154915-2868 28216 * FlushStats      (benchmark.cc:890): Flushing stats to /mnt/extra/experiments/2026-03-17-15-48-06/out/client-0-0-26-stats-0.json.
20260217-154915-2870 28216 * FlushStats      (benchmark.cc:902): All done!
20260217-154917-2949 28216 * Cleanup         (bench_client.cc:761): Aborting 0 outstanding transactions.
20260217-154917-2950 28216 * CooldownDone    (bench_client.cc:791): Finished cooldown period.
20260217-154917-3036 28216 * CooldownDone    (bench_client.cc:798): Median latency is 2297196 ns (2297 us)
20260217-154917-3040 28216 * CooldownDone    (bench_client.cc:807): Average latency is 2298409 ns (2298 us)
20260217-154917-3041 28216 * CooldownDone    (bench_client.cc:811): 90th percentile latency is 2859616 ns (2859 us)
20260217-154917-3041 28216 * CooldownDone    (bench_client.cc:815): 95th percentile latency is 3011526 ns (3011 us)
20260217-154917-3041 28216 * CooldownDone    (bench_client.cc:819): 99th percentile latency is 3306051 ns (3306 us)
20260217-154917-3042 28216 * LATENCY total: 315 us 2298 us/2097 us 4994 us (13184 samples, 30 s total)
20260217-154917-3042 28216 *     262 us |          8 | 
20260217-154917-3043 28216 *     524 us |         49 | 
20260217-154917-3043 28216 *    1048 us |       3902 | =====================
20260217-154917-3043 28216 *    2097 us |       9222 | ==================================================
20260217-154917-3043 28216 *    4194 us |          3 | 
20260217-154917-3047 28216 * Stop            (tcptransport.cc:581): [TCP SUMMARY] outgoingCreated=1 outgoingClosed=0 incomingCreated=0 incomingClosed=0 outgoingPeak=1 incomingPeak=0
Inserted events:
  0x55809c482ef0 [fd  7] Read Persist Internal
  0x55809c48f500 [fd  9] Read Persist
Active events:
20260217-154917-3048 28216 * main            (benchmark.cc:849): Cleaning up after experiment.
20260217-154917-3049 28216 * FlushStats      (benchmark.cc:890): Flushing stats to /mnt/extra/experiments/2026-03-17-15-48-06/out/client-0-0-26-stats-0.json.
20260217-154917-3163 28216 * FlushStats      (benchmark.cc:902): All done!
