20260216-205940-7798 40653 * main            (benchmark.cc:402): Starting benchmark.
20260216-205941-9946 40653 * main            (benchmark.cc:621): Creating a default paritioner!
20260216-205941-9948 40653 * Client          (client.cc:75):     Initializing StrongStore client with id [29]
20260216-205941-9949 40653 * BenchmarkClient (bench_client.cc:81): starting benchclient, issueConcurrent: 0; fanout: 1
Session created: 0
last_service: , current_state: 0
Session continued: 0
last_service: , current_state: 0
Session destroyed: 18446744073709551615
last_service: , current_state: 0
20260216-205947-1923 40653 * WarmupDone      (bench_client.cc:739): Completed warmup period of 5 seconds with 4056 requests
20260216-210018-1923 40653 * Finish          (bench_client.cc:933): Completed 25327 requests in 31.001120 seconds
20260216-210018-1923 40653 * Finish          (bench_client.cc:934): 1 outstanding transactions.
Session continued: 0
last_service: , current_state: 0
Session destroyed: 18446744073709551615
last_service: , current_state: 0
Session continued: 0
last_service: , current_state: 0
Session destroyed: 18446744073709551615
last_service: , current_state: 0
Session destroyed: 0
last_service: , current_state: 0
20260216-210021-1925 40653 * FlushStats      (benchmark.cc:890): Flushing stats to /mnt/extra/experiments/2026-03-16-20-59-16/out/client-0-0-29-stats-0.json.
20260216-210021-1927 40653 * FlushStats      (benchmark.cc:902): All done!
20260216-210023-1925 40653 * Cleanup         (bench_client.cc:761): Aborting 0 outstanding transactions.
20260216-210023-1926 40653 * CooldownDone    (bench_client.cc:791): Finished cooldown period.
20260216-210023-2075 40653 * CooldownDone    (bench_client.cc:798): Median latency is 1190636 ns (1190 us)
20260216-210023-2319 40653 * CooldownDone    (bench_client.cc:807): Average latency is 1183530 ns (1183 us)
20260216-210023-2320 40653 * CooldownDone    (bench_client.cc:811): 90th percentile latency is 1403829 ns (1403 us)
20260216-210023-2320 40653 * CooldownDone    (bench_client.cc:815): 95th percentile latency is 1473791 ns (1473 us)
20260216-210023-2320 40653 * CooldownDone    (bench_client.cc:819): 99th percentile latency is 1615192 ns (1615 us)
20260216-210023-2321 40653 * LATENCY total: 275 us 1183 us/1048 us 7537 us (25328 samples, 29 s total)
20260216-210023-2321 40653 *     262 us |         27 | 
20260216-210023-2321 40653 *     524 us |       5707 | ==============
20260216-210023-2321 40653 *    1048 us |      19581 | ==================================================
20260216-210023-2321 40653 *    2097 us |          4 | 
20260216-210023-2321 40653 *    4194 us |          9 | 
20260216-210023-2326 40653 * Stop            (tcptransport.cc:581): [TCP SUMMARY] outgoingCreated=1 outgoingClosed=0 incomingCreated=0 incomingClosed=0 outgoingPeak=1 incomingPeak=0
Inserted events:
  0x55a19d96ef60 [fd  7] Read Persist Internal
  0x55a19d985510 [fd  9] Read Persist
Active events:
20260216-210023-2328 40653 * main            (benchmark.cc:849): Cleaning up after experiment.
20260216-210023-2328 40653 * FlushStats      (benchmark.cc:890): Flushing stats to /mnt/extra/experiments/2026-03-16-20-59-16/out/client-0-0-29-stats-0.json.
20260216-210023-2330 40653 * FlushStats      (benchmark.cc:902): All done!
