20260313-061838-9821 06718 * main            (server.cc:217):    Starting server.
20260313-061838-9834 06718 * main            (server.cc:335):    Creating a default paritioner!
20260313-061840-8979 06718 * main            (server.cc:513):    Done loading server.
20260313-061933-5973 06718 ! TCPIncomingEventCallback (tcptransport.cc:942): [TCP INCOMING 123] EOF, lifetime=31779.21 ms
20260313-061934-4785 06718 ! TCPIncomingEventCallback (tcptransport.cc:942): [TCP INCOMING 117] EOF, lifetime=32792.95 ms
20260313-061935-1746 06718 ! TCPIncomingEventCallback (tcptransport.cc:942): [TCP INCOMING 121] EOF, lifetime=33381.37 ms
20260313-061935-1967 06718 ! TCPIncomingEventCallback (tcptransport.cc:942): [TCP INCOMING 124] EOF, lifetime=33377.82 ms
20260313-061935-5604 06718 ! TCPIncomingEventCallback (tcptransport.cc:942): [TCP INCOMING 118] EOF, lifetime=33781.37 ms
20260313-061935-8182 06718 ! TCPIncomingEventCallback (tcptransport.cc:942): [TCP INCOMING 126] EOF, lifetime=33985.12 ms
20260313-061936-0040 06718 ! TCPIncomingEventCallback (tcptransport.cc:942): [TCP INCOMING 122] EOF, lifetime=34190.31 ms
20260313-061936-6148 06718 ! TCPIncomingEventCallback (tcptransport.cc:942): [TCP INCOMING 125] EOF, lifetime=34789.17 ms
20260313-061943-0531 06718 * Cleanup         (server.cc:589):    Gracefully exiting after signal 15.
20260313-061943-0532 06718 * Stop            (tcptransport.cc:605): [TCP SUMMARY] outgoingCreated=59 outgoingClosed=0 incomingCreated=67 incomingClosed=8 outgoingPeak=119 incomingPeak=37
Inserted events:
  0x562685e18d00 [fd  9] Read Persist Internal
  0x562685e20a60 [fd  10] Read Persist
  0x562685e2be70 [fd  11] Read Persist
  0x56269246c740 [fd  12] Read Persist
  0x56269246c960 [fd  13] Read Persist
  0x562692469980 [fd  14] Read Persist
  0x56269245e1a0 [fd  15] Read Persist
  0x562692467d50 [fd  16] Read Persist
  0x5626924649f0 [fd  17] Read Persist
  0x56269245f760 [fd  18] Read Persist
  0x562692468270 [fd  19] Read Persist
  0x562692468f60 [fd  20] Read Persist
  0x56269245d290 [fd  21] Read Persist
  0x56269245d6b0 [fd  22] Read Persist
  0x56269245dbc0 [fd  23] Read Persist
  0x56269245e680 [fd  24] Read Persist
  0x56269245ebe0 [fd  25] Read Persist
  0x56269245f140 [fd  26] Read Persist
  0x562692464f40 [fd  27] Read Persist
  0x5626924654b0 [fd  28] Read Persist
  0x562692465b70 [fd  29] Read Persist
  0x562692466100 [fd  30] Read Persist
  0x562692466690 [fd  31] Read Persist
  0x562692466c20 [fd  32] Read Persist
  0x56269246cc70 [fd  33] Read Persist
  0x56269246d200 [fd  34] Read Persist
  0x56269246d790 [fd  35] Read Persist
  0x56269246dd20 [fd  36] Read Persist
  0x56269246e2b0 [fd  37] Read Persist
  0x56269246e840 [fd  38] Read Persist
  0x56269246edd0 [fd  39] Read Persist
  0x56269246f360 [fd  40] Read Persist
  0x56269246f8f0 [fd  41] Read Persist
  0x56269246fe80 [fd  42] Read Persist
  0x5626924702a0 [fd  43] Read Persist
  0x5626924704c0 [fd  44] Read Persist
  0x562692470770 [fd  45] Read Persist
  0x562692470b10 [fd  46] Read Persist
  0x562692470eb0 [fd  47] Read Persist
  0x562692471250 [fd  48] Read Persist
  0x562692471870 [fd  49] Read Persist
  0x562692471c10 [fd  50] Read Persist
  0x562692471fb0 [fd  51] Read Persist
  0x562692472350 [fd  52] Read Persist
  0x5626924726f0 [fd  53] Read Persist
  0x562692472a90 [fd  54] Read Persist
  0x562692472e30 [fd  55] Read Persist
  0x5626924731d0 [fd  56] Read Persist
  0x562692473570 [fd  57] Read Persist
  0x562692473940 [fd  58] Read Persist
  0x562692473d10 [fd  59] Read Persist
  0x5626924740e0 [fd  60] Read Persist
  0x5626924744b0 [fd  61] Read Persist
  0x562692474880 [fd  62] Read Persist
  0x562692474c80 [fd  63] Read Persist
  0x562692475080 [fd  64] Read Persist
  0x562685e285b0 [fd  65] Read Persist
  0x562692475890 [fd  66] Read Persist
  0x562692475bd0 [fd  67] Read Persist
  0x562692475f10 [fd  68] Read Persist
  0x562692476250 [fd  69] Read Persist
  0x562692476590 [fd  70] Read Persist
  0x5626924768d0 [fd  71] Read Persist
  0x562692476d10 [fd  72] Read Persist
  0x5626924771b0 [fd  73] Read Persist
  0x562692477670 [fd  74] Read Persist
  0x562692477b30 [fd  75] Read Persist
  0x562692477ff0 [fd  76] Read Persist
  0x5626924784b0 [fd  77] Read Persist
  0x562692478970 [fd  78] Read Persist
  0x562692478f00 [fd  79] Read Persist
  0x562692479490 [fd  80] Read Persist
  0x562692479a20 [fd  81] Read Persist
  0x562692479fb0 [fd  82] Read Persist
  0x56269247a540 [fd  83] Read Persist
  0x56269247aad0 [fd  84] Read Persist
  0x56269247b060 [fd  85] Read Persist
  0x56269247b5f0 [fd  86] Read Persist
  0x56269247bb80 [fd  87] Read Persist
  0x56269247c110 [fd  88] Read Persist
  0x56269247c6a0 [fd  89] Read Persist
  0x56269247cc30 [fd  90] Read Persist
  0x56269247dc40 [fd  91] Read Persist
  0x56269247e1d0 [fd  92] Read Persist
  0x56269247e760 [fd  93] Read Persist
  0x56269247ecf0 [fd  94] Read Persist
  0x56269247f280 [fd  95] Read Persist
  0x56269247f810 [fd  96] Read Persist
  0x56269247fda0 [fd  97] Read Persist
  0x562692480330 [fd  98] Read Persist
  0x5626924808c0 [fd  99] Read Persist
  0x562692480e50 [fd  100] Read Persist
  0x562692481270 [fd  101] Read Persist
  0x562692481490 [fd  102] Read Persist
  0x562692481740 [fd  103] Read Persist
  0x562692481ae0 [fd  104] Read Persist
  0x562692481e80 [fd  105] Read Persist
  0x562692482220 [fd  106] Read Persist
  0x5626924825c0 [fd  107] Read Persist
  0x562692482960 [fd  108] Read Persist
  0x562692482d00 [fd  109] Read Persist
  0x5626924830a0 [fd  110] Read Persist
  0x562692483440 [fd  111] Read Persist
  0x5626924837e0 [fd  112] Read Persist
  0x562692483b80 [fd  113] Read Persist
  0x562692483f20 [fd  114] Read Persist
  0x5626924842f0 [fd  115] Read Persist
  0x5626924846c0 [fd  116] Read Persist
  0x562692484a90 [fd  117] Read Persist
  0x562692484e60 [fd  118] Read Persist
  0x562692485230 [fd  119] Read Persist
  0x562692485630 [fd  120] Read Persist
  0x562692485a30 [fd  121] Read Persist
  0x562692485e30 [fd  122] Read Persist
  0x562692486230 [fd  123] Read Persist
  0x562692486630 [fd  124] Read Persist
  0x562692486a30 [fd  125] Read Persist
  0x562692486e30 [fd  126] Read Persist
  0x5626924872d0 [fd  127] Read Persist
  0x56269248a320 [fd  130] Read Persist
  0x56269248a760 [fd  131] Read Persist
Active events:
20260313-061943-0553 06718 * Cleanup         (server.cc:593):    Exporting stats to /mnt/extra/experiments/2026-04-13-06-18-31/out/server-0-0-1-stats-0.json.
20260313-061943-0555 06718 * Close           (replica.cc:815):   [1] ReadStatsSummary clean=89 dirty=3 total=92
20260313-061943-0556 06718 * Close           (replica.cc:817):   [1] ReadStatsDepth depth=1 count=3
20260313-061943-0556 06718 * Close           (replica.cc:820):   [1] ReadStatsClient client=9 clean=89 dirty=3
