20260313-055721-7601 14962 * main            (server.cc:217):    Starting server.
20260313-055721-7614 14962 * main            (server.cc:335):    Creating a default paritioner!
20260313-055723-5316 14962 * main            (server.cc:513):    Done loading server.
20260313-055814-9323 14962 ! TCPIncomingEventCallback (tcptransport.cc:942): [TCP INCOMING 117] EOF, lifetime=31376.81 ms
20260313-055815-0878 14962 ! TCPIncomingEventCallback (tcptransport.cc:942): [TCP INCOMING 118] EOF, lifetime=31367.46 ms
20260313-055815-1078 14962 ! TCPIncomingEventCallback (tcptransport.cc:942): [TCP INCOMING 120] EOF, lifetime=31356.87 ms
20260313-055815-1191 14962 ! TCPIncomingEventCallback (tcptransport.cc:942): [TCP INCOMING 122] EOF, lifetime=31359.58 ms
20260313-055815-1239 14962 ! TCPIncomingEventCallback (tcptransport.cc:942): [TCP INCOMING 121] EOF, lifetime=31369.98 ms
20260313-055815-1261 14962 ! TCPIncomingEventCallback (tcptransport.cc:942): [TCP INCOMING 119] EOF, lifetime=31379.88 ms
20260313-055815-1406 14962 ! TCPIncomingEventCallback (tcptransport.cc:942): [TCP INCOMING 123] EOF, lifetime=31379.79 ms
20260313-055815-2514 14962 ! TCPIncomingEventCallback (tcptransport.cc:942): [TCP INCOMING 124] EOF, lifetime=31382.04 ms
20260313-055821-6780 14962 * Cleanup         (server.cc:589):    Gracefully exiting after signal 15.
20260313-055821-6781 14962 * Stop            (tcptransport.cc:605): [TCP SUMMARY] outgoingCreated=58 outgoingClosed=0 incomingCreated=66 incomingClosed=8 outgoingPeak=102 incomingPeak=37
Inserted events:
  0x55c3bb0e3d00 [fd  9] Read Persist Internal
  0x55c3bb0eba60 [fd  10] Read Persist
  0x55c3bb0f6e70 [fd  11] Read Persist
  0x55c3c7740640 [fd  12] Read Persist
  0x55c3c7740860 [fd  13] Read Persist
  0x55c3c7740a80 [fd  14] Read Persist
  0x55c3c7740ca0 [fd  15] Read Persist
  0x55c3c7740ec0 [fd  16] Read Persist
  0x55c3c77410e0 [fd  17] Read Persist
  0x55c3c7741300 [fd  18] Read Persist
  0x55c3c7741520 [fd  19] Read Persist
  0x55c3c7741740 [fd  20] Read Persist
  0x55c3c7741960 [fd  21] Read Persist
  0x55c3c7741b80 [fd  22] Read Persist
  0x55c3c7741ec0 [fd  23] Read Persist
  0x55c3c7742200 [fd  24] Read Persist
  0x55c3c7742540 [fd  25] Read Persist
  0x55c3c7742880 [fd  26] Read Persist
  0x55c3c7742bc0 [fd  27] Read Persist
  0x55c3c7742f40 [fd  28] Read Persist
  0x55c3c7743410 [fd  29] Read Persist
  0x55c3c77437b0 [fd  30] Read Persist
  0x55c3c7743b50 [fd  31] Read Persist
  0x55c3c7743ef0 [fd  32] Read Persist
  0x55c3c77444a0 [fd  33] Read Persist
  0x55c3c773d880 [fd  34] Read Persist
  0x55c3c773bcc0 [fd  35] Read Persist
  0x55c3c77332a0 [fd  36] Read Persist
  0x55c3c7733660 [fd  37] Read Persist
  0x55c3c7739560 [fd  38] Read Persist
  0x55c3c773c170 [fd  39] Read Persist
  0x55c3c773ce60 [fd  40] Read Persist
  0x55c3c7739ce0 [fd  41] Read Persist
  0x55c3c773a2c0 [fd  42] Read Persist
  0x55c3c773a6e0 [fd  43] Read Persist
  0x55c3c773ab20 [fd  44] Read Persist
  0x55c3c773af60 [fd  45] Read Persist
  0x55c3c77449a0 [fd  46] Read Persist
  0x55c3c7744db0 [fd  47] Read Persist
  0x55c3c77451c0 [fd  48] Read Persist
  0x55c3c7745850 [fd  49] Read Persist
  0x55c3c7745c60 [fd  50] Read Persist
  0x55c3c7746150 [fd  51] Read Persist
  0x55c3c77466e0 [fd  52] Read Persist
  0x55c3c7746c70 [fd  53] Read Persist
  0x55c3c7747200 [fd  54] Read Persist
  0x55c3c7747790 [fd  55] Read Persist
  0x55c3c7747d20 [fd  56] Read Persist
  0x55c3c77482b0 [fd  57] Read Persist
  0x55c3c7748840 [fd  58] Read Persist
  0x55c3c7748dd0 [fd  59] Read Persist
  0x55c3c7749360 [fd  60] Read Persist
  0x55c3c77498f0 [fd  61] Read Persist
  0x55c3c7749e80 [fd  62] Read Persist
  0x55c3c774a2a0 [fd  63] Read Persist
  0x55c3c774a4c0 [fd  64] Read Persist
  0x55c3bb0f35b0 [fd  65] Read Persist
  0x55c3bb0f1b10 [fd  66] Read Persist
  0x55c3bb0f23c0 [fd  67] Read Persist
  0x55c3bb0f2790 [fd  68] Read Persist
  0x55c3bb0f2b60 [fd  69] Read Persist
  0x55c3c774a770 [fd  70] Read Persist
  0x55c3c774a990 [fd  71] Read Persist
  0x55c3c774acd0 [fd  72] Read Persist
  0x55c3c774b100 [fd  73] Read Persist
  0x55c3c774b5a0 [fd  74] Read Persist
  0x55c3c774ba40 [fd  75] Read Persist
  0x55c3c774bee0 [fd  76] Read Persist
  0x55c3c774c380 [fd  77] Read Persist
  0x55c3c774c820 [fd  78] Read Persist
  0x55c3c774ccc0 [fd  79] Read Persist
  0x55c3c774d160 [fd  80] Read Persist
  0x55c3c774d600 [fd  81] Read Persist
  0x55c3c774daa0 [fd  82] Read Persist
  0x55c3c774df40 [fd  83] Read Persist
  0x55c3c774e3e0 [fd  84] Read Persist
  0x55c3c774e930 [fd  85] Read Persist
  0x55c3c774edf0 [fd  86] Read Persist
  0x55c3c774f2b0 [fd  87] Read Persist
  0x55c3c774f770 [fd  88] Read Persist
  0x55c3c774fc30 [fd  89] Read Persist
  0x55c3c77500f0 [fd  90] Read Persist
  0x55c3c7751030 [fd  91] Read Persist
  0x55c3c77515c0 [fd  92] Read Persist
  0x55c3c7751b50 [fd  93] Read Persist
  0x55c3c77520e0 [fd  94] Read Persist
  0x55c3c7752670 [fd  95] Read Persist
  0x55c3c7752c00 [fd  96] Read Persist
  0x55c3c7753190 [fd  97] Read Persist
  0x55c3c7753720 [fd  98] Read Persist
  0x55c3c7753cb0 [fd  99] Read Persist
  0x55c3c7754240 [fd  100] Read Persist
  0x55c3c77547d0 [fd  101] Read Persist
  0x55c3c7754d60 [fd  102] Read Persist
  0x55c3c77552f0 [fd  103] Read Persist
  0x55c3c7755880 [fd  104] Read Persist
  0x55c3c7755e10 [fd  105] Read Persist
  0x55c3c77563a0 [fd  106] Read Persist
  0x55c3c7756930 [fd  107] Read Persist
  0x55c3c7756ec0 [fd  108] Read Persist
  0x55c3c7757450 [fd  109] Read Persist
  0x55c3c77579e0 [fd  110] Read Persist
  0x55c3c7757f70 [fd  111] Read Persist
  0x55c3c7758500 [fd  112] Read Persist
  0x55c3c7758a90 [fd  113] Read Persist
  0x55c3c7758eb0 [fd  114] Read Persist
  0x55c3c77590d0 [fd  115] Read Persist
  0x55c3c7759380 [fd  116] Read Persist
  0x55c3c7759720 [fd  117] Read Persist
  0x55c3c7759ac0 [fd  118] Read Persist
  0x55c3c7759e60 [fd  119] Read Persist
  0x55c3c775a200 [fd  120] Read Persist
  0x55c3c775a5a0 [fd  121] Read Persist
  0x55c3c775a940 [fd  122] Read Persist
  0x55c3c775ace0 [fd  123] Read Persist
  0x55c3c77402a0 [fd  124] Read Persist
  0x55c3c773f0b0 [fd  125] Read Persist
  0x55c3c773f4a0 [fd  126] Read Persist
  0x55c3c775af90 [fd  127] Read Persist
Active events:
20260313-055821-6801 14962 * Cleanup         (server.cc:593):    Exporting stats to /mnt/extra/experiments/2026-04-13-05-57-13/out/server-0-3-1-stats-0.json.
