20260313-151205-7384 09137 * main            (server.cc:217):    Starting server.
20260313-151205-7397 09137 * main            (server.cc:335):    Creating a default paritioner!
20260313-151207-6283 09137 * main            (server.cc:513):    Done loading server.
20260313-151258-8684 09137 ! TCPIncomingEventCallback (tcptransport.cc:938): [TCP INCOMING 117] EOF, lifetime=31012.55 ms
20260313-151259-0035 09137 ! TCPIncomingEventCallback (tcptransport.cc:938): [TCP INCOMING 118] EOF, lifetime=31128.74 ms
20260313-151259-0135 09137 ! TCPIncomingEventCallback (tcptransport.cc:938): [TCP INCOMING 122] EOF, lifetime=31016.86 ms
20260313-151259-0374 09137 ! TCPIncomingEventCallback (tcptransport.cc:938): [TCP INCOMING 123] EOF, lifetime=31002.70 ms
20260313-151259-0480 09137 ! TCPIncomingEventCallback (tcptransport.cc:938): [TCP INCOMING 124] EOF, lifetime=31011.20 ms
20260313-151259-2079 09137 ! TCPIncomingEventCallback (tcptransport.cc:938): [TCP INCOMING 120] EOF, lifetime=31227.08 ms
20260313-151259-2103 09137 ! TCPIncomingEventCallback (tcptransport.cc:938): [TCP INCOMING 119] EOF, lifetime=31230.56 ms
20260313-151259-2945 09137 ! TCPIncomingEventCallback (tcptransport.cc:938): [TCP INCOMING 121] EOF, lifetime=31311.51 ms
20260313-151305-8241 09137 * Cleanup         (server.cc:589):    Gracefully exiting after signal 15.
20260313-151305-8243 09137 * Stop            (tcptransport.cc:601): [TCP SUMMARY] outgoingCreated=58 outgoingClosed=0 incomingCreated=66 incomingClosed=8 outgoingPeak=96 incomingPeak=37
Inserted events:
  0x56449dda90d0 [fd  9] Read Persist Internal
  0x56449ddb0e30 [fd  10] Read Persist
  0x56449ddbc2e0 [fd  11] Read Persist
  0x5644aa3edb80 [fd  12] Read Persist
  0x5644aa3edda0 [fd  13] Read Persist
  0x5644aa3edfc0 [fd  14] Read Persist
  0x5644aa3ee1e0 [fd  15] Read Persist
  0x5644aa3ee400 [fd  16] Read Persist
  0x5644aa3ee620 [fd  17] Read Persist
  0x5644aa3ee840 [fd  18] Read Persist
  0x5644aa3eea60 [fd  19] Read Persist
  0x5644aa3eec80 [fd  20] Read Persist
  0x5644aa3eeea0 [fd  21] Read Persist
  0x5644aa3ef150 [fd  22] Read Persist
  0x5644aa3ef490 [fd  23] Read Persist
  0x5644aa3ef7d0 [fd  24] Read Persist
  0x5644aa3eadc0 [fd  25] Read Persist
  0x5644aa3e9200 [fd  26] Read Persist
  0x5644aa3dfe70 [fd  27] Read Persist
  0x5644aa3e05f0 [fd  28] Read Persist
  0x5644aa3e0b20 [fd  29] Read Persist
  0x5644aa3dfa20 [fd  30] Read Persist
  0x5644aa3e96b0 [fd  31] Read Persist
  0x5644aa3ea3a0 [fd  32] Read Persist
  0x5644aa3e6ce0 [fd  33] Read Persist
  0x5644aa3e7270 [fd  34] Read Persist
  0x5644aa3e7800 [fd  35] Read Persist
  0x5644aa3e7c20 [fd  36] Read Persist
  0x5644aa3e8060 [fd  37] Read Persist
  0x5644aa3efb10 [fd  38] Read Persist
  0x5644aa3efe00 [fd  39] Read Persist
  0x5644aa3f0210 [fd  40] Read Persist
  0x5644aa3f0640 [fd  41] Read Persist
  0x5644aa3f0bd0 [fd  42] Read Persist
  0x5644aa3f1160 [fd  43] Read Persist
  0x5644aa3f16f0 [fd  44] Read Persist
  0x5644aa3f1c80 [fd  45] Read Persist
  0x5644aa3f2210 [fd  46] Read Persist
  0x5644aa3f27a0 [fd  47] Read Persist
  0x5644aa3f2d30 [fd  48] Read Persist
  0x5644aa3f3540 [fd  49] Read Persist
  0x5644aa3f3ad0 [fd  50] Read Persist
  0x5644aa3f4060 [fd  51] Read Persist
  0x5644aa3f45f0 [fd  52] Read Persist
  0x5644aa3f4b80 [fd  53] Read Persist
  0x5644aa3f4fa0 [fd  54] Read Persist
  0x5644aa3f51c0 [fd  55] Read Persist
  0x5644aa3f5470 [fd  56] Read Persist
  0x5644aa3f5810 [fd  57] Read Persist
  0x5644aa3f5bb0 [fd  58] Read Persist
  0x5644aa3f5f50 [fd  59] Read Persist
  0x5644aa3f62f0 [fd  60] Read Persist
  0x5644aa3f6690 [fd  61] Read Persist
  0x5644aa3f6a30 [fd  62] Read Persist
  0x5644aa3f6dd0 [fd  63] Read Persist
  0x5644aa3f7170 [fd  64] Read Persist
  0x56449ddb7010 [fd  65] Read Persist
  0x56449ddb8980 [fd  66] Read Persist
  0x56449ddb7d40 [fd  67] Read Persist
  0x5644aa3f74b0 [fd  68] Read Persist
  0x5644aa3f77f0 [fd  69] Read Persist
  0x5644aa3f7b30 [fd  70] Read Persist
  0x5644aa3f7ef0 [fd  71] Read Persist
  0x5644aa3f8370 [fd  72] Read Persist
  0x5644aa3f8810 [fd  73] Read Persist
  0x5644aa3f8cb0 [fd  74] Read Persist
  0x5644aa3f9150 [fd  75] Read Persist
  0x5644aa3f95f0 [fd  76] Read Persist
  0x5644aa3f9a90 [fd  77] Read Persist
  0x5644aa3f9f30 [fd  78] Read Persist
  0x5644aa3fa480 [fd  79] Read Persist
  0x5644aa3fa940 [fd  80] Read Persist
  0x5644aa3fae00 [fd  81] Read Persist
  0x5644aa3fb2c0 [fd  82] Read Persist
  0x5644aa3fb780 [fd  83] Read Persist
  0x5644aa3fbc40 [fd  84] Read Persist
  0x5644aa3fc100 [fd  85] Read Persist
  0x5644aa3fc690 [fd  86] Read Persist
  0x5644aa3fcc20 [fd  87] Read Persist
  0x5644aa3fd1b0 [fd  88] Read Persist
  0x5644aa3fd740 [fd  89] Read Persist
  0x5644aa3fdcd0 [fd  90] Read Persist
  0x5644aa3fece0 [fd  91] Read Persist
  0x5644aa3ff270 [fd  92] Read Persist
  0x5644aa3ff800 [fd  93] Read Persist
  0x5644aa3ffd90 [fd  94] Read Persist
  0x5644aa400320 [fd  95] Read Persist
  0x5644aa4008b0 [fd  96] Read Persist
  0x5644aa400e40 [fd  97] Read Persist
  0x5644aa4013d0 [fd  98] Read Persist
  0x5644aa401960 [fd  99] Read Persist
  0x5644aa401ef0 [fd  100] Read Persist
  0x5644aa402480 [fd  101] Read Persist
  0x5644aa402a10 [fd  102] Read Persist
  0x5644aa402fa0 [fd  103] Read Persist
  0x5644aa403530 [fd  104] Read Persist
  0x5644aa403ac0 [fd  105] Read Persist
  0x5644aa404050 [fd  106] Read Persist
  0x5644aa4045e0 [fd  107] Read Persist
  0x5644aa405ba0 [fd  108] Read Persist
  0x5644aa3ecd00 [fd  109] Read Persist
  0x5644aa413d80 [fd  110] Read Persist
  0x5644aa413fa0 [fd  111] Read Persist
  0x5644aa4141c0 [fd  112] Read Persist
  0x5644aa4143e0 [fd  113] Read Persist
  0x5644aa414600 [fd  114] Read Persist
  0x5644aa414940 [fd  115] Read Persist
  0x5644aa414c80 [fd  116] Read Persist
  0x5644aa410cc0 [fd  117] Read Persist
  0x5644aa405320 [fd  118] Read Persist
  0x5644aa413970 [fd  119] Read Persist
  0x5644aa411070 [fd  120] Read Persist
  0x5644aa4114e0 [fd  121] Read Persist
  0x5644aa411d00 [fd  122] Read Persist
  0x5644aa4121a0 [fd  123] Read Persist
  0x5644aa412640 [fd  124] Read Persist
  0x5644aa412ae0 [fd  125] Read Persist
  0x5644aa412f80 [fd  126] Read Persist
  0x5644aa414fc0 [fd  127] Read Persist
Active events:
20260313-151305-8263 09137 * Cleanup         (server.cc:593):    Exporting stats to /mnt/extra/experiments/2026-04-13-15-11-56/out/server-0-2-0-stats-0.json.
