20260217-134143-1582 10598 * main            (benchmark.cc:402): Starting benchmark.
20260217-134147-8036 10598 * main            (benchmark.cc:621): Creating a default paritioner!
20260217-134147-8319 10598 * Client          (client.cc:77):     Initializing StrongStore client with id [5]
20260217-134147-8320 10598 * BenchmarkClient (bench_client.cc:81): starting benchclient, issueConcurrent: 0; fanout: 1
Session created: 0
last_service: , current_state: 0
Session continued: 0
last_service: , current_state: 0
Session destroyed: 18446744073709551615
last_service: , current_state: 0
20260217-134153-4116 10598 * WarmupDone      (bench_client.cc:739): Completed warmup period of 5 seconds with 971 requests
20260217-134224-4162 10598 * Finish          (bench_client.cc:933): Completed 5999 requests in 31.008377 seconds
20260217-134224-4163 10598 * Finish          (bench_client.cc:934): 1 outstanding transactions.
Session continued: 0
last_service: , current_state: 0
Session destroyed: 18446744073709551615
last_service: , current_state: 0
Session continued: 0
last_service: , current_state: 0
Session destroyed: 18446744073709551615
last_service: , current_state: 0
Session destroyed: 0
last_service: , current_state: 0
20260217-134227-4119 10598 * FlushStats      (benchmark.cc:890): Flushing stats to /mnt/extra/experiments/2026-03-17-13-41-19/out/client-0-0-5-stats-0.json.
20260217-134227-4121 10598 * FlushStats      (benchmark.cc:902): All done!
20260217-134229-4165 10598 * Cleanup         (bench_client.cc:761): Aborting 0 outstanding transactions.
20260217-134229-4165 10598 * CooldownDone    (bench_client.cc:791): Finished cooldown period.
20260217-134229-4205 10598 * CooldownDone    (bench_client.cc:798): Median latency is 5180083 ns (5180 us)
20260217-134229-4207 10598 * CooldownDone    (bench_client.cc:807): Average latency is 5125057 ns (5125 us)
20260217-134229-4207 10598 * CooldownDone    (bench_client.cc:811): 90th percentile latency is 5449722 ns (5449 us)
20260217-134229-4207 10598 * CooldownDone    (bench_client.cc:815): 95th percentile latency is 5555614 ns (5555 us)
20260217-134229-4208 10598 * CooldownDone    (bench_client.cc:819): 99th percentile latency is 6010662 ns (6010 us)
20260217-134229-4208 10598 * LATENCY total: 3003 us 5125 us/4194 us 13 ms (6000 samples, 30 s total)
20260217-134229-4208 10598 *    2097 us |        100 | 
20260217-134229-4209 10598 *    4194 us |       5876 | ==================================================
20260217-134229-4209 10598 *    8388 us |         24 | 
20260217-134229-4211 10598 * Stop            (tcptransport.cc:581): [TCP SUMMARY] outgoingCreated=1 outgoingClosed=0 incomingCreated=0 incomingClosed=0 outgoingPeak=1 incomingPeak=0
Inserted events:
  0x563aa002df60 [fd  7] Read Persist Internal
  0x563aa0044510 [fd  9] Read Persist
Active events:
20260217-134229-4212 10598 * main            (benchmark.cc:849): Cleaning up after experiment.
20260217-134229-4212 10598 * FlushStats      (benchmark.cc:890): Flushing stats to /mnt/extra/experiments/2026-03-17-13-41-19/out/client-0-0-5-stats-0.json.
20260217-134229-4214 10598 * FlushStats      (benchmark.cc:902): All done!
