20260216-110804-5834 31258 * main            (benchmark.cc:402): Starting benchmark.
20260216-110809-2586 31258 * main            (benchmark.cc:621): Creating a default paritioner!
20260216-110809-2589 31258 * Client          (client.cc:75):     Initializing StrongStore client with id [17]
20260216-110809-2590 31258 * BenchmarkClient (bench_client.cc:81): starting benchclient, issueConcurrent: 0; fanout: 1
Session created: 0
last_service: , current_state: 0
Session continued: 0
last_service: , current_state: 0
Session destroyed: 18446744073709551615
last_service: , current_state: 0
20260216-110814-6738 31258 * WarmupDone      (bench_client.cc:726): Completed warmup period of 5 seconds with 1140 requests
20260216-110825-6748 31258 * Finish          (bench_client.cc:920): Completed 2410 requests in 11.001033 seconds
20260216-110825-6749 31258 * Finish          (bench_client.cc:921): 1 outstanding transactions.
Session continued: 0
last_service: , current_state: 0
Session destroyed: 18446744073709551615
last_service: , current_state: 0
Session continued: 0
last_service: , current_state: 0
Session destroyed: 18446744073709551615
last_service: , current_state: 0
Session destroyed: 0
last_service: , current_state: 0
20260216-110828-6741 31258 * FlushStats      (benchmark.cc:890): Flushing stats to /mnt/extra/experiments/2026-03-16-11-07-40/out/client-0-0-17-stats-0.json.
20260216-110828-6743 31258 * FlushStats      (benchmark.cc:902): All done!
20260216-110830-6750 31258 * Cleanup         (bench_client.cc:748): Aborting 0 outstanding transactions.
20260216-110830-6751 31258 * CooldownDone    (bench_client.cc:778): Finished cooldown period.
20260216-110830-6765 31258 * CooldownDone    (bench_client.cc:785): Median latency is 4528020 ns (4528 us)
20260216-110830-6766 31258 * CooldownDone    (bench_client.cc:794): Average latency is 4520863 ns (4520 us)
20260216-110830-6766 31258 * CooldownDone    (bench_client.cc:798): 90th percentile latency is 5118573 ns (5118 us)
20260216-110830-6767 31258 * CooldownDone    (bench_client.cc:802): 95th percentile latency is 5279110 ns (5279 us)
20260216-110830-6767 31258 * CooldownDone    (bench_client.cc:806): 99th percentile latency is 5748525 ns (5748 us)
20260216-110830-6767 31258 * LATENCY total: 2845 us 4520 us/4194 us 111 ms (2411 samples, 10 s total)
20260216-110830-6768 31258 *    2097 us |        697 | ====================
20260216-110830-6768 31258 *    4194 us |       1705 | ==================================================
20260216-110830-6768 31258 *    8388 us |          7 | 
20260216-110830-6769 31258 *      16 ms |          0 |
20260216-110830-6769 31258 *      33 ms |          1 | 
20260216-110830-6769 31258 *      67 ms |          1 | 
20260216-110830-6771 31258 * Stop            (tcptransport.cc:581): [TCP SUMMARY] outgoingCreated=1 outgoingClosed=0 incomingCreated=0 incomingClosed=0 outgoingPeak=1 incomingPeak=0
Inserted events:
  0x55b79e53bf60 [fd  7] Read Persist Internal
  0x55b79e552510 [fd  9] Read Persist
Active events:
20260216-110830-6772 31258 * main            (benchmark.cc:849): Cleaning up after experiment.
20260216-110830-6773 31258 * FlushStats      (benchmark.cc:890): Flushing stats to /mnt/extra/experiments/2026-03-16-11-07-40/out/client-0-0-17-stats-0.json.
20260216-110830-6774 31258 * FlushStats      (benchmark.cc:902): All done!
