basic_appreq,4643049,2405582048927,832
basic_appreq,3491784,2405585656801,832
basic_appreq,4493488,2405590186114,832
basic_appreq,4092081,2405594313988,832
basic_appreq,4089053,2405598445350,832
basic_appreq,4937949,2405603434864,832
basic_appreq,4728669,2405608222309,832
basic_appreq,4763505,2405613021638,832
basic_appreq,4587334,2405617651305,832
basic_appreq,4996080,2405622689665,832
basic_appreq,4506986,2405627276120,832
basic_appreq,4677748,2405631996305,832
basic_appreq,4654624,2405637091847,832
basic_appreq,3891781,2405641023395,832
basic_appreq,4609777,2405645687524,832
basic_appreq,5375748,2405651100371,832
basic_appreq,5506719,2405656680262,832
basic_appreq,4671535,2405661394046,832
basic_appreq,3172781,2405664616039,832
basic_appreq,4124017,2405668787689,832
basic_appreq,4148055,2405672980943,832
basic_appreq,4836852,2405677852962,832
basic_appreq,4619001,2405682507035,832
basic_appreq,4663918,2405687209088,832
basic_appreq,3422761,2405690688493,832
basic_appreq,3959943,2405694703514,832
basic_appreq,3340434,2405698091460,832
basic_appreq,4452434,2405702581808,832
basic_appreq,5088353,2405707706250,832
basic_appreq,5391745,2405713129629,832
basic_appreq,5218261,2405718380541,832
basic_appreq,4193339,2405722612595,832
basic_appreq,4827389,2405727480749,832
basic_appreq,4724172,2405732248937,832
basic_appreq,4870687,2405737161668,832
basic_appreq,4869097,2405742087972,832
basic_appreq,3976952,2405746100079,832
basic_appreq,5028892,2405751171411,832
basic_appreq,3768105,2405754973862,832
basic_appreq,3643409,2405758653618,832
basic_appreq,3260531,2405761961902,832
basic_appreq,5029447,2405767029750,832
basic_appreq,4794855,2405771863139,832
basic_appreq,4518545,2405776418389,832
basic_appreq,4478056,2405780932063,832
basic_appreq,4396465,2405785367385,832
basic_appreq,5055856,2405790463588,832
basic_appreq,3046165,2405793557665,832
basic_appreq,3310804,2405796917864,832
basic_appreq,4388514,2405801344662,832
basic_appreq,4589281,2405805969640,832
basic_appreq,5411576,2405811418270,832
basic_appreq,3224823,2405814687272,832
basic_appreq,4109576,2405818844449,832
basic_appreq,4396476,2405823290983,832
basic_appreq,3693899,2405827017507,832
basic_appreq,4955206,2405832026686,832
basic_appreq,4671652,2405836916393,832
basic_appreq,4425313,2405841377994,832
basic_appreq,5060696,2405846493528,832
basic_appreq,4236285,2405850771315,832
basic_appreq,4316357,2405855128998,832
basic_appreq,4597680,2405859765711,832
basic_appreq,3935666,2405863747912,832
basic_appreq,4155157,2405867950570,832
basic_appreq,4507642,2405872498623,832
basic_appreq,4901150,2405877437473,832
basic_appreq,4857424,2405882333290,832
basic_appreq,4985686,2405887358199,832
basic_appreq,4530452,2405891943019,832
basic_appreq,5280298,2405897305497,832
basic_appreq,5096730,2405902439049,832
basic_appreq,4232127,2405906708020,832
basic_appreq,4893303,2405911638692,832
basic_appreq,4046616,2405915772423,832
basic_appreq,5075454,2405920900271,832
basic_appreq,4712344,2405925696096,832
basic_appreq,5633630,2405931414134,832
basic_appreq,4925511,2405936381624,832
basic_appreq,5011337,2405941435480,832
basic_appreq,5286925,2405946759218,832
basic_appreq,4500067,2405951296358,832
basic_appreq,4508089,2405955856082,832
basic_appreq,3242145,2405959157067,832
basic_appreq,4099193,2405963295974,832
basic_appreq,3827019,2405967165012,832
basic_appreq,4389436,2405971587803,832
basic_appreq,4981401,2405976602032,832
basic_appreq,4783390,2405981424699,832
basic_appreq,3868114,2405985336164,832
basic_appreq,4480908,2405989855412,832
basic_appreq,5384323,2405995280629,832
basic_appreq,5490284,2406000844309,832
basic_appreq,5161442,2406006045369,832
basic_appreq,3040462,2406009143085,832
basic_appreq,4204439,2406013394441,832
basic_appreq,4777659,2406018223252,832
basic_appreq,3936767,2406022200947,832
basic_appreq,3602004,2406025836764,832
basic_appreq,4547661,2406030434826,832
basic_appreq,4734440,2406035205779,832
basic_appreq,4655897,2406039898447,832
basic_appreq,3330248,2406043274745,832
basic_appreq,4312818,2406047624234,832
basic_appreq,4408644,2406052071159,832
basic_appreq,4173236,2406056290779,832
basic_appreq,4718129,2406061066206,832
basic_appreq,7761656,2406068864365,832
basic_appreq,5219426,2406074139733,832
basic_appreq,4511982,2406078692340,832
basic_appreq,5935171,2406084686896,832
basic_appreq,4683483,2406089407847,832
basic_appreq,3265550,2406092721980,832
basic_appreq,4060902,2406096822725,832
basic_appreq,3712963,2406100586064,832
basic_appreq,4994497,2406105617326,832
basic_appreq,4237440,2406109889653,832
basic_appreq,4987199,2406114913517,832
basic_appreq,5367009,2406120316485,832
basic_appreq,4880357,2406125234348,832
basic_appreq,2882552,2406128183458,832
basic_appreq,4161291,2406132392536,832
basic_appreq,4136133,2406136576997,832
basic_appreq,4266970,2406140881911,832
basic_appreq,4567648,2406145487275,832
basic_appreq,4275596,2406149799589,832
basic_appreq,4263763,2406154100597,832
basic_appreq,4771319,2406158922168,832
basic_appreq,5560856,2406164558211,832
basic_appreq,5217609,2406169815162,832
basic_appreq,4605395,2406174458304,832
basic_appreq,4671850,2406179200729,832
basic_appreq,3070263,2406182308293,832
basic_appreq,3891439,2406186244690,832
basic_appreq,4396249,2406190690453,832
basic_appreq,4876895,2406195608600,832
basic_appreq,4567871,2406200212261,832
basic_appreq,4329841,2406204576562,832
basic_appreq,4398011,2406209013036,832
basic_appreq,4991538,2406214056170,832
basic_appreq,5055775,2406219151584,832
basic_appreq,4398394,2406223589061,832
basic_appreq,3893981,2406227520800,832
basic_appreq,4029505,2406231591712,832
basic_appreq,3714868,2406235340688,832
basic_appreq,4209243,2406239588544,832
basic_appreq,3524352,2406243157362,832
basic_appreq,4848472,2406248062900,832
basic_appreq,5200975,2406253306625,832
basic_appreq,4744898,2406258092533,832
basic_appreq,4218372,2406262344135,832
basic_appreq,4261523,2406266645304,832
basic_appreq,4483519,2406271163059,832
basic_appreq,5267181,2406276469518,832
basic_appreq,4671168,2406281190317,832
basic_appreq,4671947,2406285941068,832
basic_appreq,5324707,2406291316775,832
basic_appreq,2854308,2406294229193,832
basic_appreq,3171213,2406297444076,832
basic_appreq,5030701,2406302516158,832
basic_appreq,4866371,2406307422291,832
basic_appreq,4337734,2406311797148,832
basic_appreq,4519407,2406316352517,832
basic_appreq,4930246,2406321316658,832
basic_appreq,4519846,2406325870739,832
basic_appreq,3112386,2406329031327,832
basic_appreq,4738526,2406333813954,832
basic_appreq,3400716,2406337256676,832
basic_appreq,4418761,2406341714310,832
basic_appreq,4605534,2406346364648,832
basic_appreq,4738710,2406351141992,832
basic_appreq,4338739,2406355545611,832
basic_appreq,3559933,2406359156256,832
basic_appreq,4244921,2406363442663,832
basic_appreq,4050757,2406367528859,832
basic_appreq,4191881,2406371774466,832
basic_appreq,4266090,2406376082847,832
basic_appreq,4453390,2406380582794,832
basic_appreq,4080158,2406384704498,832
basic_appreq,3520189,2406388272735,832
basic_appreq,4619799,2406392934380,832
basic_appreq,5300810,2406398268223,832
basic_appreq,5172405,2406403494375,832
basic_appreq,5317919,2406408850759,832
basic_appreq,4761493,2406413653092,832
basic_appreq,5149144,2406418841080,832
basic_appreq,4925055,2406423804693,832
basic_appreq,5058257,2406428927664,832
basic_appreq,4631665,2406433604054,832
basic_appreq,5222149,2406438879726,832
basic_appreq,2868279,2406441817767,832
basic_appreq,4866492,2406446732826,832
basic_appreq,3747173,2406450515448,832
basic_appreq,3860247,2406454422164,832
basic_appreq,4623562,2406459096675,832
basic_appreq,4938573,2406464073178,832
basic_appreq,4334138,2406468444181,832
basic_appreq,4049853,2406472531161,832
basic_appreq,4497860,2406477068878,832
basic_appreq,4532441,2406481638920,832
basic_appreq,4685989,2406486366021,832
basic_appreq,4466922,2406490869566,832
basic_appreq,4734562,2406495638041,832
basic_appreq,3436894,2406499124424,832
basic_appreq,4267918,2406503438951,832
basic_appreq,4275735,2406507754841,832
basic_appreq,4941819,2406512742355,832
basic_appreq,4354715,2406517143279,832
basic_appreq,3540129,2406520730842,832
basic_appreq,4865914,2406525635585,832
basic_appreq,4699355,2406530373517,832
basic_appreq,4741382,2406535162589,832
basic_appreq,4394806,2406539592420,832
basic_appreq,4794829,2406544420326,832
basic_appreq,5279612,2406549736472,832
basic_appreq,4623215,2406554399591,832
basic_appreq,4759828,2406559201220,832
basic_appreq,5214620,2406564464421,832
basic_appreq,3349936,2406567861481,832
basic_appreq,4167846,2406572065473,832
basic_appreq,4593723,2406576706574,832
basic_appreq,3097731,2406579857204,832
basic_appreq,3741324,2406583629980,832
basic_appreq,5063590,2406588742229,832
basic_appreq,4635777,2406593416789,832
basic_appreq,4875546,2406598331975,832
basic_appreq,4983681,2406603354150,832
basic_appreq,4293911,2406607687535,832
basic_appreq,4978086,2406612709050,832
basic_appreq,3373854,2406616147074,832
basic_appreq,3701011,2406619882174,832
basic_appreq,4340424,2406624255483,832
basic_appreq,4438037,2406628740313,832
basic_appreq,4212772,2406633010911,832
basic_appreq,4235905,2406637302037,832
basic_appreq,4237232,2406641575833,832
basic_appreq,3681515,2406645310628,832
basic_appreq,4835821,2406650181426,832
basic_appreq,5370974,2406655588538,832
basic_appreq,4744020,2406660369086,832
basic_appreq,3923932,2406664331519,832
basic_appreq,4340458,2406668714196,832
basic_appreq,4617894,2406673371000,832
basic_appreq,4326094,2406677734395,832
basic_appreq,4775778,2406682549411,832
basic_appreq,4217959,2406686809735,832
basic_appreq,4881958,2406691742354,832
basic_appreq,4190514,2406695981091,832
basic_appreq,4579893,2406700617045,832
basic_appreq,4295825,2406704949089,832
basic_appreq,4899162,2406709885406,832
basic_appreq,4381370,2406714308437,832
basic_appreq,4976277,2406719335633,832
basic_appreq,3273801,2406722647770,832
basic_appreq,3946857,2406726637995,832
basic_appreq,3386922,2406730082659,832
basic_appreq,4828897,2406734945233,832
basic_appreq,4998198,2406739990951,832
basic_appreq,4409745,2406744461856,832
basic_appreq,4494221,2406748996893,832
basic_appreq,5070884,2406754119355,832
basic_appreq,5230913,2406759439695,832
basic_appreq,4991306,2406764463763,832
basic_appreq,4922279,2406769423905,832
basic_appreq,5233283,2406774740572,832
basic_appreq,5142693,2406779929020,832
basic_appreq,5359152,2406785330536,832
basic_appreq,4609457,2406789975104,832
basic_appreq,4617902,2406794628294,832
basic_appreq,4718566,2406799382590,832
basic_appreq,4996292,2406804418062,832
basic_appreq,3051260,2406807515104,832
basic_appreq,4238391,2406811798637,832
basic_appreq,4022526,2406815871842,832
basic_appreq,5015433,2406820927955,832
basic_appreq,5167181,2406826131990,832
basic_appreq,4775625,2406830944784,832
basic_appreq,4840351,2406835825990,832
basic_appreq,3092741,2406838963830,832
basic_appreq,4198782,2406843216478,832
basic_appreq,3959727,2406847226624,832
basic_appreq,5157105,2406852423904,832
basic_appreq,5146350,2406857627632,832
basic_appreq,5216082,2406862880761,832
basic_appreq,5178863,2406868099085,832
basic_appreq,4493714,2406872631952,832
basic_appreq,4973030,2406877644364,832
basic_appreq,4596201,2406882284419,832
basic_appreq,2902801,2406885252800,832
basic_appreq,4085097,2406889382638,832
basic_appreq,4004362,2406893435982,832
basic_appreq,4516216,2406897987707,832
basic_appreq,4636967,2406902660483,832
basic_appreq,4611656,2406907311400,832
basic_appreq,4539785,2406911890446,832
basic_appreq,4543560,2406916471696,832
basic_appreq,4060674,2406920574262,832
basic_appreq,3446405,2406924059095,832
basic_appreq,4214456,2406928322746,832
basic_appreq,4907736,2406933277256,832
basic_appreq,4194584,2406937511620,832
basic_appreq,4489212,2406942041154,832
basic_appreq,3171034,2406945254115,832
basic_appreq,5225424,2406950518814,832
basic_appreq,5175034,2406955729723,832
basic_appreq,4313545,2406960081765,832
basic_appreq,5266441,2406965388724,832
basic_appreq,4494451,2406969919816,832
basic_appreq,5804451,2406975778955,832
basic_appreq,4643880,2406980461315,832
basic_appreq,4965428,2406985464647,832
basic_appreq,4519740,2406990024342,832
basic_appreq,4014455,2406994076253,832
basic_appreq,4124062,2406998238084,832
basic_appreq,4503862,2407002776104,832
basic_appreq,4725816,2407007535335,832
basic_appreq,3325782,2407010915173,832
basic_appreq,4309464,2407015275138,832
basic_appreq,4109338,2407019425873,832
basic_appreq,3576848,2407023053042,832
basic_appreq,4151275,2407027235543,832
basic_appreq,4412589,2407031679731,832
basic_appreq,4835350,2407036554027,832
basic_appreq,4680788,2407041274601,832
basic_appreq,3383336,2407044707812,832
basic_appreq,4697787,2407049449176,832
basic_appreq,3710702,2407053217093,832
basic_appreq,3903732,2407057167461,832
basic_appreq,3857724,2407061075018,832
basic_appreq,4103526,2407065214759,832
basic_appreq,5130894,2407070386007,832
basic_appreq,4700154,2407075125675,832
basic_appreq,4582709,2407079747787,832
basic_appreq,4848982,2407084631643,832
basic_appreq,2710234,2407087389517,832
basic_appreq,4039766,2407091461372,832
basic_appreq,3204381,2407094713493,832
basic_appreq,4695953,2407099449668,832
basic_appreq,4864889,2407104351855,832
basic_appreq,8572380,2407112963540,832
basic_appreq,4549500,2407117554186,832
basic_appreq,4856379,2407122456204,832
basic_appreq,5053262,2407127564176,832
basic_appreq,4710420,2407132309904,832
basic_appreq,2698016,2407135044341,832
basic_appreq,3010957,2407138097004,832
basic_appreq,5001781,2407143134123,832
basic_appreq,4483263,2407147652698,832
basic_appreq,4251040,2407151938849,832
basic_appreq,4662919,2407156637432,832
basic_appreq,4665789,2407161345437,832
basic_appreq,4596793,2407165984262,832
basic_appreq,3009749,2407169073244,832
basic_appreq,3808724,2407172937096,832
basic_appreq,4513901,2407177500850,832
basic_appreq,4307741,2407181846620,832
basic_appreq,4765126,2407186650781,832
basic_appreq,4794034,2407191480760,832
basic_appreq,4758602,2407196274377,832
basic_appreq,5237273,2407201562821,832
basic_appreq,3037880,2407204665705,832
basic_appreq,4378047,2407209088054,832
basic_appreq,4274474,2407213410720,832
basic_appreq,5060206,2407218507847,832
basic_appreq,4822166,2407223368561,832
basic_appreq,4795583,2407228202630,832
basic_appreq,4611041,2407232852698,832
basic_appreq,4294130,2407237182216,832
basic_appreq,4839675,2407242071865,832
basic_appreq,4456530,2407246567107,832
basic_appreq,5199052,2407251812593,832
basic_appreq,4387539,2407256237095,832
basic_appreq,4958556,2407261241158,832
basic_appreq,3083870,2407264381374,832
basic_appreq,4183466,2407268612352,832
basic_appreq,4234940,2407272889942,832
basic_appreq,4564429,2407277492845,832
basic_appreq,4554695,2407282084676,832
basic_appreq,4748388,2407286870687,832
basic_appreq,4625752,2407291538840,832
basic_appreq,4816291,2407296388921,832
basic_appreq,4849386,2407301293092,832
basic_appreq,4133006,2407305469135,832
basic_appreq,5245115,2407310764934,832
basic_appreq,2970597,2407313777176,832
basic_appreq,4225251,2407318047264,832
basic_appreq,3779849,2407321882827,832
basic_appreq,4028572,2407325948780,832
basic_appreq,4794188,2407330779627,832
basic_appreq,4476972,2407335294245,832
basic_appreq,4917899,2407340244881,832
basic_appreq,5366767,2407345648862,832
basic_appreq,3114400,2407348802585,832
basic_appreq,3322812,2407352172499,832
basic_appreq,4996941,2407357211383,832
basic_appreq,4437896,2407361685016,832
basic_appreq,4910779,2407366651421,832
basic_appreq,4702361,2407371388942,832
basic_appreq,4083928,2407375509280,832
basic_appreq,4660845,2407380223318,832
basic_appreq,8826742,2407389090743,832
basic_appreq,3060453,2407392199646,832
basic_appreq,4297751,2407396543121,832
basic_appreq,4658480,2407401249297,832
basic_appreq,3404544,2407404711094,832
basic_appreq,4826001,2407409568191,832
basic_appreq,4870811,2407414472518,832
basic_appreq,4536704,2407419049899,832
basic_appreq,4437499,2407423529612,832
basic_appreq,3160124,2407426741371,832
basic_appreq,4084128,2407430874761,832
basic_appreq,3984943,2407434907569,832
basic_appreq,4752818,2407439698340,832
basic_appreq,4974153,2407444711961,832
basic_appreq,5198713,2407449945866,832
basic_appreq,4422011,2407454405888,832
basic_appreq,4541019,2407458983620,832
basic_appreq,4708997,2407463730949,832
basic_appreq,4912970,2407468680812,832
basic_appreq,4536261,2407473256330,832
basic_appreq,4344932,2407477653258,832
basic_appreq,4255455,2407481974265,832
basic_appreq,5218903,2407487236066,832
basic_appreq,3852767,2407491129451,832
basic_appreq,3912923,2407495102242,832
basic_appreq,4563560,2407499715045,832
basic_appreq,3707291,2407503482713,832
basic_appreq,3813099,2407507331468,832
basic_appreq,4388584,2407511756736,832
basic_appreq,5023822,2407516821659,832
basic_appreq,4362310,2407521223380,832
basic_appreq,3554034,2407524810275,832
basic_appreq,4602883,2407529466229,832
basic_appreq,4641272,2407534142933,832
basic_appreq,4740550,2407538920782,832
basic_appreq,4829153,2407543787049,832
basic_appreq,4094204,2407547917631,832
basic_appreq,3156597,2407551116078,832
basic_appreq,2948469,2407554116842,832
basic_appreq,5249899,2407559405842,832
basic_appreq,4340959,2407563785657,832
basic_appreq,5073547,2407568893829,832
basic_appreq,4991397,2407573920505,832
basic_appreq,3090206,2407577046352,832
basic_appreq,4439046,2407581531639,832
basic_appreq,3536463,2407585119737,832
basic_appreq,3935169,2407589088080,832
basic_appreq,4723168,2407593868730,832
basic_appreq,4892393,2407598795383,832
basic_appreq,4853358,2407603687117,832
basic_appreq,4597977,2407608324181,832
basic_appreq,5033810,2407613396449,832
basic_appreq,4744749,2407618179603,832
basic_appreq,3105378,2407621327690,832
basic_appreq,4362832,2407625733095,832
basic_appreq,3805882,2407629585449,832
basic_appreq,4292751,2407633923943,832
basic_appreq,4621670,2407638587380,832
basic_appreq,4582279,2407643203153,832
basic_appreq,4846968,2407648084655,832
basic_appreq,4948702,2407653067524,832
basic_appreq,4236636,2407657343598,832
basic_appreq,5022955,2407662410292,832
basic_appreq,4359887,2407666815918,832
basic_appreq,5014418,2407671868901,832
basic_appreq,5105815,2407677031475,832
basic_appreq,3910440,2407680998144,832
basic_appreq,5230662,2407686281712,832
basic_appreq,3314458,2407689636412,832
basic_appreq,4534114,2407694210419,832
basic_appreq,3942118,2407698197485,832
basic_appreq,4378129,2407702620174,832
basic_appreq,3909162,2407706577963,832
basic_appreq,5113674,2407711732008,832
basic_appreq,4887330,2407716660531,832
basic_appreq,5015138,2407721711891,832
basic_appreq,4929755,2407726678121,832
basic_appreq,5397024,2407732113796,832
basic_appreq,4978166,2407737132151,832
basic_appreq,5245781,2407742443328,832
basic_appreq,4388769,2407746870031,832
basic_appreq,4999374,2407751912789,832
basic_appreq,5487363,2407757448758,832
basic_appreq,4567506,2407762058730,832
basic_appreq,3198050,2407765306749,832
basic_appreq,4116727,2407769475127,832
basic_appreq,4999775,2407774521368,832
basic_appreq,2905106,2407777466599,832
basic_appreq,5488318,2407782995827,832
basic_appreq,4606541,2407787639043,832
basic_appreq,4908322,2407792584911,832
basic_appreq,5042389,2407797668021,832
basic_appreq,4628856,2407802337952,832
basic_appreq,4222092,2407806596028,832
basic_appreq,4825917,2407811477955,832
basic_appreq,5286640,2407816813382,832
basic_appreq,4479468,2407821372821,832
basic_appreq,5292072,2407826724644,832
basic_appreq,3883342,2407830643017,832
basic_appreq,3941970,2407834644807,832
basic_appreq,3477128,2407838161041,832
basic_appreq,4494507,2407842693356,832
basic_appreq,4413381,2407847148127,832
basic_appreq,3350453,2407850541038,832
basic_appreq,5034743,2407855614598,832
basic_appreq,4423184,2407860074791,832
basic_appreq,4178900,2407864291406,832
basic_appreq,4068029,2407868396186,832
basic_appreq,4338877,2407872772490,832
basic_appreq,4346801,2407877153541,832
basic_appreq,4880434,2407882100947,832
basic_appreq,4788768,2407886943934,832
basic_appreq,3176445,2407890165418,832
basic_appreq,4083680,2407894310171,832
basic_appreq,3916258,2407898265726,832
basic_appreq,5072564,2407903375641,832
basic_appreq,4710656,2407908123311,832
basic_appreq,5808643,2407913986072,832
basic_appreq,4810547,2407918835081,832
basic_appreq,4645857,2407923520340,832
basic_appreq,5121250,2407928681299,832
basic_appreq,3560412,2407932292961,832
basic_appreq,3906257,2407936243516,832
basic_appreq,3373109,2407939666105,832
basic_appreq,4883065,2407944588604,832
basic_appreq,4848820,2407949470824,832
basic_appreq,4708588,2407954227569,832
basic_appreq,3350726,2407957625720,832
basic_appreq,4496769,2407962160815,832
basic_appreq,4478431,2407966676182,832
basic_appreq,4318321,2407971032849,832
basic_appreq,3725905,2407974799944,832
basic_appreq,4343032,2407979191537,832
basic_appreq,3720799,2407982951835,832
basic_appreq,5160913,2407988150583,832
basic_appreq,4411006,2407992597607,832
basic_appreq,4607651,2407997245316,832
basic_appreq,4214973,2408001500376,832
basic_appreq,4461207,2408006003147,832
basic_appreq,5082713,2408011166366,832
basic_appreq,3755236,2408014960489,832
basic_appreq,5180490,2408020173786,832
basic_appreq,4615986,2408024823593,832
basic_appreq,4971699,2408029828262,832
basic_appreq,4283609,2408034150845,832
basic_appreq,5142889,2408039342591,832
basic_appreq,5022701,2408044406681,832
basic_appreq,4819548,2408049292693,832
basic_appreq,4581901,2408053926906,832
basic_appreq,4837242,2408058800263,832
basic_appreq,4422027,2408063290192,832
basic_appreq,4362692,2408067695098,832
basic_appreq,4510800,2408072249067,832
basic_appreq,3284538,2408075566162,832
basic_appreq,4279030,2408079882319,832
basic_appreq,4260155,2408084201956,832
basic_appreq,4496839,2408088752067,832
basic_appreq,4871207,2408093683297,832
basic_appreq,3226832,2408096982334,832
basic_appreq,4901178,2408101920833,832
basic_appreq,5106949,2408107065409,832
basic_appreq,4635297,2408111738985,832
basic_appreq,5182888,2408116978592,832
basic_appreq,5102740,2408122118589,832
basic_appreq,4450776,2408126606348,832
basic_appreq,4070799,2408130713102,832
basic_appreq,4673554,2408135421968,832
basic_appreq,4391774,2408139867528,832
basic_appreq,4207205,2408144118618,832
basic_appreq,3362796,2408147530525,832
basic_appreq,8547104,2408156115503,832
basic_appreq,5060909,2408161234280,832
basic_appreq,4615646,2408165890861,832
basic_appreq,4079310,2408170017060,832
basic_appreq,4365553,2408174420545,832
basic_appreq,4025500,2408178483515,832
basic_appreq,3468200,2408181994671,832
basic_appreq,4469521,2408186502115,832
basic_appreq,4072156,2408190621946,832
basic_appreq,5076509,2408195747057,832
basic_appreq,4506966,2408200292977,832
basic_appreq,4602636,2408204932473,832
basic_appreq,4199340,2408209179614,832
basic_appreq,4000042,2408213226933,832
basic_appreq,5174160,2408218440337,832
basic_appreq,4950655,2408223424771,832
basic_appreq,5013509,2408228477541,832
basic_appreq,4780977,2408233297510,832
basic_appreq,4182228,2408237522013,832
basic_appreq,4852873,2408242431206,832
basic_appreq,3077149,2408245580597,832
basic_appreq,4091432,2408249715210,832
basic_appreq,3601411,2408253363246,832
basic_appreq,4782343,2408258180898,832
basic_appreq,4608182,2408262822987,832
basic_appreq,4738957,2408267597270,832
basic_appreq,4674491,2408272306549,832
basic_appreq,4513849,2408276857618,832
basic_appreq,5114202,2408282015312,832
basic_appreq,4994556,2408287049082,832
basic_appreq,5056526,2408292173475,832
basic_appreq,5255104,2408297497223,832
basic_appreq,5059813,2408302597715,832
basic_appreq,3349207,2408306024868,832
basic_appreq,3993322,2408310061139,832
basic_appreq,4245564,2408314343677,832
basic_appreq,3643748,2408318037922,832
basic_appreq,4778535,2408322852133,832
basic_appreq,4245318,2408327134954,832
basic_appreq,4589116,2408331759534,832
basic_appreq,4905387,2408336699618,832
basic_appreq,4396388,2408341130967,832
basic_appreq,3145986,2408344322683,832
basic_appreq,3909065,2408348282507,832
basic_appreq,3907995,2408352233918,832
basic_appreq,4809041,2408357081158,832
basic_appreq,4207693,2408361323693,832
basic_appreq,56080372,2408417454827,832
basic_appreq,4942957,2408422439606,832
basic_appreq,4706715,2408427215732,832
basic_appreq,4271480,2408431531364,832
basic_appreq,3939465,2408435551474,832
basic_appreq,4353299,2408439942366,832
basic_appreq,5382318,2408445364535,832
basic_appreq,4877100,2408450279026,832
basic_appreq,4506159,2408454850967,832
basic_appreq,4285799,2408459173259,832
basic_appreq,3299227,2408462523071,832
basic_appreq,4229630,2408466800059,832
basic_appreq,4149355,2408471010236,832
basic_appreq,4884549,2408475936382,832
basic_appreq,5270159,2408481262917,832
basic_appreq,4988920,2408486290504,832
basic_appreq,4915192,2408491245237,832
basic_appreq,5111789,2408496395797,832
basic_appreq,4218717,2408500679807,832
basic_appreq,4970938,2408505698998,832
basic_appreq,3247355,2408508998744,832
basic_appreq,4226585,2408513261038,832
basic_appreq,4264152,2408517558258,832
basic_appreq,3745216,2408521344556,832
basic_appreq,5054407,2408526432395,832
basic_appreq,4700945,2408531170019,832
basic_appreq,5438123,2408536662187,832
basic_appreq,4635090,2408541337254,832
basic_appreq,5177775,2408546562975,832
basic_appreq,4892366,2408551493857,832
basic_appreq,4483403,2408556060727,832
basic_appreq,2965506,2408559063913,832
basic_appreq,4028166,2408563138457,832
basic_appreq,4390412,2408567586616,832
basic_appreq,4737711,2408572366736,832
basic_appreq,4677085,2408577080964,832
basic_appreq,3019478,2408580150939,832
basic_appreq,4229629,2408584416633,832
basic_appreq,3980400,2408588435887,832
basic_appreq,4155653,2408592632587,832
basic_appreq,5586903,2408598268116,832
basic_appreq,5386568,2408603689673,832
basic_appreq,4980038,2408608706139,832
basic_appreq,3996150,2408612739133,832
basic_appreq,4797050,2408617600402,832
basic_appreq,4706631,2408622347986,832
basic_appreq,3107741,2408625505095,832
basic_appreq,3852793,2408629402382,832
basic_appreq,3844997,2408633292312,832
basic_appreq,4955624,2408638282740,832
basic_appreq,5218695,2408643536699,832
basic_appreq,4651316,2408648229555,832
basic_appreq,5000229,2408653296806,832
basic_appreq,5455867,2408658825753,832
basic_appreq,4278915,2408663138187,832
basic_appreq,5139401,2408668326464,832
basic_appreq,4678128,2408673037987,832
basic_appreq,4263825,2408677335613,832
basic_appreq,3127476,2408680503340,832
basic_appreq,4282511,2408684826312,832
basic_appreq,4157599,2408689028547,832
basic_appreq,4405148,2408693470036,832
basic_appreq,4655685,2408698163992,832
basic_appreq,4050426,2408702261589,832
basic_appreq,5153384,2408707455458,832
basic_appreq,4368957,2408711864537,832
basic_appreq,4650232,2408716555806,832
basic_appreq,3090282,2408719722963,832
basic_appreq,4074855,2408723833545,832
basic_appreq,3901691,2408727783675,832
basic_appreq,4734782,2408732556673,832
basic_appreq,4371780,2408736968013,832
basic_appreq,4817029,2408741820086,832
basic_appreq,4271974,2408746126060,832
basic_appreq,4802130,2408750966340,832
basic_appreq,3415737,2408754420858,832
basic_appreq,3876878,2408758333118,832
basic_appreq,3964204,2408762357329,832
basic_appreq,4285138,2408766681922,832
basic_appreq,4172743,2408770895902,832
basic_appreq,4408755,2408775350826,832
basic_appreq,5288090,2408780675971,832
basic_appreq,4748326,2408785463946,832
basic_appreq,4415053,2408789919287,832
basic_appreq,5213221,2408795172217,832
basic_appreq,4775697,2408799989338,832
basic_appreq,6033181,2408806098324,832
basic_appreq,4905925,2408811042678,832
basic_appreq,5043498,2408816128250,832
basic_appreq,3414916,2408819585583,832
basic_appreq,3805818,2408823430909,832
basic_appreq,3130249,2408826597303,832
basic_appreq,5174942,2408831804602,832
basic_appreq,4980985,2408836820005,832
basic_appreq,4351169,2408841208723,832
basic_appreq,4371520,2408845617796,832
basic_appreq,4257669,2408849916787,832
basic_appreq,4145659,2408854100642,832
basic_appreq,4648982,2408858790180,832
basic_appreq,4019108,2408862848343,832
basic_appreq,4869453,2408867756711,832
basic_appreq,4057546,2408871849361,832
basic_appreq,4563158,2408876460664,832
basic_appreq,4363360,2408880875648,832
basic_appreq,4622910,2408885536710,832
basic_appreq,3289476,2408888874571,832
basic_appreq,2971938,2408891893459,832
basic_appreq,4956345,2408896887163,832
basic_appreq,5417041,2408902367741,832
basic_appreq,4822406,2408907228029,832
basic_appreq,4820599,2408912089619,832
basic_appreq,5192655,2408917335707,832
basic_appreq,3038516,2408920442394,832
basic_appreq,4265955,2408924748382,832
basic_appreq,4101947,2408928907581,832
basic_appreq,4687878,2408933632244,832
basic_appreq,4716084,2408938385901,832
basic_appreq,4539762,2408942963151,832
basic_appreq,4279331,2408947276783,832
basic_appreq,5284040,2408952608490,832
basic_appreq,4766115,2408957413619,832
basic_appreq,4621706,2408962076212,832
basic_appreq,4924500,2408967040106,832
basic_appreq,4719756,2408971801822,832
basic_appreq,4652546,2408976494638,832
basic_appreq,5476945,2408982008357,832
basic_appreq,4136220,2408986181300,832
basic_appreq,3106928,2408989327320,832
basic_appreq,3933076,2408993314051,832
basic_appreq,3797210,2408997158708,832
basic_appreq,5443079,2409002643090,832
basic_appreq,4486492,2409007165804,832
basic_appreq,4522713,2409011727072,832
basic_appreq,4584678,2409016353122,832
basic_appreq,5016113,2409021409992,832
basic_appreq,4001126,2409025449675,832
basic_appreq,4977768,2409030474074,832
basic_appreq,3157827,2409033667604,832
basic_appreq,4160930,2409037878118,832
basic_appreq,3355985,2409041280751,832
basic_appreq,4913942,2409046229308,832
basic_appreq,4409388,2409050673765,832
basic_appreq,3287321,2409054012036,832
basic_appreq,3993202,2409058049023,832
basic_appreq,3817004,2409061916988,832
basic_appreq,5039734,2409066992961,832
basic_appreq,5180121,2409072208957,832
basic_appreq,5135091,2409077383055,832
basic_appreq,4254703,2409081676850,832
basic_appreq,4478707,2409086195473,832
basic_appreq,4716380,2409090945071,832
basic_appreq,5165457,2409096157451,832
basic_appreq,2905955,2409099133437,832
basic_appreq,4297438,2409103467192,832
basic_appreq,3989140,2409107504791,832
basic_appreq,4801926,2409112345806,832
basic_appreq,5346753,2409117731405,832
basic_appreq,5069805,2409122841450,832
basic_appreq,4124706,2409127007553,832
basic_appreq,4605296,2409131654166,832
basic_appreq,4526573,2409136213839,832
basic_appreq,3870874,2409140120179,832
basic_appreq,4267641,2409144440802,832
basic_appreq,4182999,2409148662110,832
basic_appreq,4480760,2409153195591,832
basic_appreq,3632387,2409156865617,832
basic_appreq,4398687,2409161303559,832
basic_appreq,4467440,2409165811117,832
basic_appreq,4655077,2409170505445,832
basic_appreq,5135940,2409175680625,832
basic_appreq,3449943,2409179170789,832
basic_appreq,3970015,2409183178311,832
basic_appreq,4203022,2409187446042,832
basic_appreq,3517717,2409191021241,832
basic_appreq,9221115,2409200280563,832
basic_appreq,4778721,2409205100768,832
basic_appreq,4933906,2409210079720,832
basic_appreq,3340068,2409213470879,832
basic_appreq,3999404,2409217514498,832
basic_appreq,4181107,2409221739725,832
basic_appreq,5311917,2409227092256,832
basic_appreq,5018649,2409232167185,832
basic_appreq,4341620,2409236546931,832
basic_appreq,5295509,2409241883228,832
basic_appreq,3993870,2409245916515,832
basic_appreq,3270073,2409249240895,832
basic_appreq,4334860,2409253619811,832
basic_appreq,3868395,2409257522364,832
basic_appreq,4322208,2409261877414,832
basic_appreq,5026462,2409266938128,832
basic_appreq,5245948,2409272223877,832
basic_appreq,5012441,2409277298402,832
basic_appreq,4578740,2409281918566,832
basic_appreq,4987302,2409286949869,832
basic_appreq,4110410,2409291097746,832
basic_appreq,3112959,2409294261151,832
basic_appreq,3769355,2409298080194,832
basic_appreq,3978384,2409302097106,832
basic_appreq,4934922,2409307066210,832
basic_appreq,4984835,2409312084673,832
basic_appreq,4460106,2409316585116,832
basic_appreq,5059840,2409321683574,832
basic_appreq,4689656,2409326410825,832
basic_appreq,3080598,2409329539212,832
basic_appreq,3919954,2409333505358,832
basic_appreq,4970637,2409338520550,832
basic_appreq,4034454,2409342601260,832
basic_appreq,4438773,2409347086353,832
basic_appreq,3908051,2409351033188,832
basic_appreq,4744756,2409355814941,832
basic_appreq,3977339,2409359829547,832
basic_appreq,4838661,2409364715071,832
basic_appreq,4713064,2409369465927,832
basic_appreq,4619584,2409374132375,832
basic_appreq,4687290,2409378895374,832
basic_appreq,4913299,2409383862580,832
basic_appreq,4442628,2409388346979,832
basic_appreq,3676292,2409392074274,832
basic_appreq,4352368,2409396470355,832
basic_appreq,4187796,2409400697799,832
basic_appreq,4124232,2409404865674,832
basic_appreq,3918320,2409408820419,832
basic_appreq,4641333,2409413497270,832
basic_appreq,4914200,2409418471018,832
basic_appreq,4862990,2409423387540,832
basic_appreq,5090998,2409428518043,832
basic_appreq,5129571,2409433686690,832
basic_appreq,4739379,2409438464328,832
basic_appreq,4535483,2409443038652,832
basic_appreq,6098067,2409449189747,832
basic_appreq,4552992,2409453802209,832
basic_appreq,5133828,2409458974095,832
basic_appreq,5084381,2409464099220,832
basic_appreq,4897025,2409469031317,832
basic_appreq,4352046,2409473416837,832
basic_appreq,4586156,2409478050374,832
basic_appreq,4207302,2409482296685,832
basic_appreq,4222931,2409486553464,832
basic_appreq,4393027,2409490983486,832
basic_appreq,4383144,2409495412082,832
basic_appreq,4856963,2409500309951,832
basic_appreq,3089564,2409503454163,832
basic_appreq,3959802,2409507457678,832
basic_appreq,2985710,2409510480541,832
basic_appreq,5315414,2409515828717,832
basic_appreq,4749376,2409520616181,832
basic_appreq,4419142,2409525075019,832
basic_appreq,4532333,2409529654709,832
basic_appreq,4497933,2409534186220,832
basic_appreq,4842194,2409539062697,832
basic_appreq,3137742,2409542268052,832
basic_appreq,4303591,2409546621237,832
basic_appreq,4063033,2409550735153,832
basic_appreq,3592474,2409554366638,832
basic_appreq,4092968,2409558496459,832
basic_appreq,4625883,2409563157145,832
basic_appreq,4246415,2409567439619,832
basic_appreq,4010929,2409571490489,832
basic_appreq,3627790,2409575160129,832
basic_appreq,4294265,2409579495166,832
basic_appreq,3908592,2409583450933,832
basic_appreq,4900933,2409588384649,832
basic_appreq,4113680,2409592530216,832
basic_appreq,4500457,2409597094425,832
basic_appreq,3886105,2409601020022,832
basic_appreq,5271499,2409606331417,832
basic_appreq,4777633,2409611175071,832
basic_appreq,4636224,2409615861047,832
basic_appreq,4736158,2409620642163,832
basic_appreq,4107132,2409624803381,832
basic_appreq,4323677,2409629169555,832
basic_appreq,5686713,2409634902484,832
basic_appreq,4638337,2409639609313,832
basic_appreq,3296358,2409642951072,832
basic_appreq,3787168,2409646779664,832
basic_appreq,3622736,2409650451673,832
basic_appreq,5276556,2409655782258,832
basic_appreq,4868217,2409660687136,832
basic_appreq,4705790,2409665427131,832
basic_appreq,4982960,2409670444857,832
basic_appreq,4811541,2409675298996,832
basic_appreq,5009609,2409680351303,832
basic_appreq,3559895,2409683951791,832
basic_appreq,4815441,2409688850058,832
basic_appreq,3880575,2409692786315,832
basic_appreq,5004534,2409697832479,832
basic_appreq,4205448,2409702076500,832
basic_appreq,5357350,2409707486092,832
basic_appreq,4607818,2409712128988,832
basic_appreq,5587686,2409717774672,832
basic_appreq,5130743,2409722941422,832
basic_appreq,5173450,2409728156461,832
basic_appreq,4985936,2409733183811,832
basic_appreq,3068867,2409736303777,832
basic_appreq,3316816,2409739670334,832
basic_appreq,4464787,2409744171687,832
basic_appreq,4386292,2409748594710,832
basic_appreq,4420730,2409753050171,832
basic_appreq,5085159,2409758171422,832
basic_appreq,4529943,2409762738520,832
basic_appreq,5405681,2409768211750,832
basic_appreq,5025798,2409773281573,832
basic_appreq,3111896,2409776458815,832
basic_appreq,4415578,2409780914442,832
basic_appreq,3345381,2409784308210,832
basic_appreq,5019586,2409789364656,832
basic_appreq,4449823,2409793849349,832
basic_appreq,4768314,2409798652149,832
basic_appreq,4663132,2409803351037,832
basic_appreq,4323037,2409807713760,832
basic_appreq,4993889,2409812747651,832
basic_appreq,4771927,2409817564090,832
basic_appreq,5020999,2409822626693,832
basic_appreq,3974657,2409826655150,832
basic_appreq,5127578,2409831834201,832
basic_appreq,4137745,2409836028970,832
basic_appreq,4269578,2409840331743,832
basic_appreq,5590728,2409845954634,832
basic_appreq,5128843,2409851153243,832
basic_appreq,4983935,2409856174263,832
basic_appreq,5163778,2409861374374,832
basic_appreq,4876261,2409866290846,832
basic_appreq,3992059,2409870336127,832
basic_appreq,5851037,2409876232159,832
basic_appreq,4455423,2409880729887,832
basic_appreq,5217048,2409886004163,832
basic_appreq,2979145,2409889039173,832
basic_appreq,4472267,2409893576574,832
basic_appreq,4341935,2409897966009,832
basic_appreq,3931735,2409901955702,832
basic_appreq,4755632,2409906750799,832
basic_appreq,5183827,2409911981356,832
basic_appreq,4855107,2409916897244,832
basic_appreq,4085421,2409921017761,832
basic_appreq,4679271,2409925734648,832
basic_appreq,5149320,2409930919303,832
basic_appreq,4753891,2409935710684,832
basic_appreq,4633289,2409940385381,832
basic_appreq,4442461,2409944866599,832
basic_appreq,3045504,2409947959016,832
basic_appreq,3282622,2409951311487,832
basic_appreq,5087471,2409956434777,832
basic_appreq,5056220,2409961524774,832
basic_appreq,5400008,2409966968656,832
basic_appreq,5101196,2409972125257,832
basic_appreq,4405960,2409976597553,832
basic_appreq,5284481,2409981934115,832
basic_appreq,3207677,2409985179452,832
basic_appreq,4176513,2409989392845,832
basic_appreq,4533125,2409993964900,832
basic_appreq,3669137,2409997675014,832
basic_appreq,4924511,2410002638524,832
basic_appreq,4220597,2410006893670,832
basic_appreq,4420305,2410011348660,832
basic_appreq,5408321,2410016795529,832
basic_appreq,4298635,2410021133758,832
basic_appreq,4947817,2410026120227,832
basic_appreq,4441064,2410030601721,832
basic_appreq,3017979,2410033699309,832
basic_appreq,3946333,2410037696169,832
basic_appreq,4877888,2410042613492,832
basic_appreq,4284822,2410046952148,832
basic_appreq,3764614,2410050759684,832
basic_appreq,4226373,2410055033471,832
basic_appreq,4358467,2410059428666,832
basic_appreq,4569786,2410064036828,832
basic_appreq,3722506,2410067805568,832
basic_appreq,4129393,2410071966263,832
basic_appreq,4620222,2410076619240,832
basic_appreq,4833045,2410081491102,832
basic_appreq,4291848,2410085821381,832
basic_appreq,3903483,2410089764200,832
basic_appreq,3455645,2410093257376,832
basic_appreq,4743860,2410098038585,832
basic_appreq,5657416,2410103736182,832
basic_appreq,4676748,2410108452231,832
basic_appreq,3297165,2410111796109,832
basic_appreq,4227493,2410116074106,832
basic_appreq,3917074,2410120036683,832
basic_appreq,4757318,2410124832088,832
basic_appreq,4516694,2410129388113,832
basic_appreq,4618918,2410134046055,832
basic_appreq,3391714,2410137486934,832
basic_appreq,4060927,2410141593386,832
basic_appreq,3737154,2410145376485,832
basic_appreq,4600432,2410150014917,832
basic_appreq,4490584,2410154538562,832
basic_appreq,4961223,2410159533727,832
basic_appreq,4514237,2410164082068,832
basic_appreq,5013934,2410169156855,832
basic_appreq,4673416,2410173870589,832
basic_appreq,5098588,2410179036946,832
basic_appreq,4804521,2410183879514,832
basic_appreq,3799392,2410187717738,832
basic_appreq,3685349,2410191446714,832
basic_appreq,4128084,2410195623801,832
basic_appreq,3395504,2410199062237,832
basic_appreq,4684673,2410203783220,832
basic_appreq,5153221,2410208973569,832
basic_appreq,5063827,2410214072285,832
basic_appreq,4270391,2410218377476,832
basic_appreq,5096735,2410223532184,832
basic_appreq,4288362,2410227859878,832
basic_appreq,3426663,2410231329404,832
basic_appreq,3889075,2410235260644,832
basic_appreq,3378458,2410238684850,832
basic_appreq,4225487,2410242946840,832
basic_appreq,5324159,2410248310205,832
basic_appreq,4602945,2410252976932,832
basic_appreq,4251726,2410257270166,832
basic_appreq,5410545,2410262762531,832
basic_appreq,4401800,2410267203469,832
basic_appreq,5153740,2410272397408,832
basic_appreq,5320072,2410277773706,832
basic_appreq,3011702,2410280825658,832
basic_appreq,4443373,2410285331659,832
basic_appreq,3594494,2410288968796,832
basic_appreq,4908553,2410293913671,832
basic_appreq,4992110,2410298942000,832
basic_appreq,5133600,2410304116206,832
basic_appreq,5361076,2410309538436,832
basic_appreq,4729254,2410314310962,832
basic_appreq,4298406,2410318651255,832
basic_appreq,5067489,2410323759848,832
basic_appreq,4709656,2410328502017,832
basic_appreq,4864865,2410333415899,832
basic_appreq,3326483,2410336795895,832
basic_appreq,4164432,2410340997407,832
basic_appreq,4221805,2410345256667,832
basic_appreq,3898572,2410349193806,832
basic_appreq,4373612,2410353606442,832
basic_appreq,4822021,2410358481830,832
basic_appreq,5046261,2410363587537,832
basic_appreq,4747375,2410368372059,832
basic_appreq,3210122,2410371652133,832
basic_appreq,8479064,2410380171484,832
basic_appreq,3441994,2410383663273,832
basic_appreq,5520934,2410389218969,832
basic_appreq,5288095,2410394547539,832
basic_appreq,4678458,2410399266782,832
basic_appreq,5017083,2410404317501,832
basic_appreq,4234079,2410408587373,832
basic_appreq,3223756,2410411859570,832
basic_appreq,4029164,2410415926672,832
basic_appreq,3161039,2410419135196,832
basic_appreq,5032062,2410424208195,832
basic_appreq,4643263,2410428894802,832
basic_appreq,4485814,2410433416385,832
basic_appreq,4915231,2410438380452,832
basic_appreq,5566418,2410443998605,832
basic_appreq,4655772,2410448713179,832
basic_appreq,4951953,2410453701450,832
basic_appreq,4684710,2410458426787,832
basic_appreq,5041192,2410463517429,832
basic_appreq,3722434,2410467278175,832
basic_appreq,3602146,2410470927398,832
basic_appreq,3154765,2410474132337,832
basic_appreq,3680953,2410477849747,832
basic_appreq,5021392,2410482909257,832
basic_appreq,4577858,2410487527851,832
basic_appreq,4934153,2410492503685,832
basic_appreq,4517111,2410497061570,832
basic_appreq,4555303,2410501649941,832
basic_appreq,4715559,2410506409283,832
basic_appreq,4889671,2410511340830,832
basic_appreq,3164425,2410514547839,832
basic_appreq,4151374,2410518753932,832
basic_appreq,2741742,2410521540068,832
basic_appreq,4565074,2410526831027,832
basic_appreq,4702785,2410531589773,832
basic_appreq,3485588,2410535122544,832
basic_appreq,4062213,2410539230252,832
basic_appreq,4248929,2410543513929,832
basic_appreq,3921978,2410547478680,832
basic_appreq,4694630,2410552207360,832
basic_appreq,4598351,2410556845239,832
basic_appreq,4762642,2410561647902,832
basic_appreq,3186463,2410564882090,832
basic_appreq,3992571,2410568913978,832
basic_appreq,4524139,2410573472652,832
basic_appreq,4154072,2410577673245,832
basic_appreq,4825694,2410582539278,832
basic_appreq,10814026,2410593390426,832
basic_appreq,5998646,2410599434639,832
basic_appreq,5145646,2410604624231,832
basic_appreq,5450464,2410610114190,832
basic_appreq,3506821,2410613670866,832
basic_appreq,4393643,2410618103497,832
basic_appreq,4178339,2410622316735,832
basic_appreq,4291854,2410626645812,832
basic_appreq,4143016,2410630828759,832
basic_appreq,4275054,2410635145384,832
basic_appreq,4670472,2410639854827,832
basic_appreq,4230036,2410644120295,832
basic_appreq,3923971,2410648080855,832
basic_appreq,5319158,2410653452740,832
basic_appreq,3187626,2410656686665,832
basic_appreq,4102680,2410660831821,832
basic_appreq,3763511,2410664638991,832
basic_appreq,4343665,2410669019423,832
basic_appreq,4711798,2410673764595,832
basic_appreq,4321707,2410678120180,832
basic_appreq,4956665,2410683128846,832
basic_appreq,4856400,2410688046967,832
basic_appreq,5352175,2410693466230,832
basic_appreq,4800746,2410698306038,832
basic_appreq,5193075,2410703557798,832
basic_appreq,3057831,2410706655960,832
basic_appreq,4252956,2410710950155,832
basic_appreq,3449224,2410714439302,832
basic_appreq,4961129,2410719435419,832
basic_appreq,5344150,2410724814520,832
basic_appreq,5145043,2410730022509,832
basic_appreq,5005333,2410735069207,832
basic_appreq,4816971,2410739928211,832
basic_appreq,3191232,2410743170400,832
basic_appreq,3348906,2410746561233,832
basic_appreq,5240085,2410751839910,832
basic_appreq,4793239,2410756672573,832
basic_appreq,4900674,2410761610512,832
basic_appreq,4635528,2410766286337,832
basic_appreq,4598513,2410770922552,832
basic_appreq,3136628,2410774109828,832
basic_appreq,4017303,2410778176831,832
basic_appreq,4630718,2410782856661,832
basic_appreq,3392988,2410786290190,832
basic_appreq,4801513,2410791130285,832
basic_appreq,4322258,2410795486114,832
basic_appreq,4862772,2410800383611,832
basic_appreq,4756529,2410805177992,832
basic_appreq,3235787,2410808490526,832
basic_appreq,4012400,2410812547314,832
basic_appreq,4589954,2410817179093,832
basic_appreq,3429027,2410820660853,832
basic_appreq,4614252,2410825311244,832
basic_appreq,4804227,2410830149969,832
basic_appreq,4663817,2410834852588,832
basic_appreq,4525903,2410839417505,832
basic_appreq,4459087,2410843915288,832
basic_appreq,5691150,2410849672142,832
basic_appreq,4700796,2410854407600,832
basic_appreq,3201946,2410857656195,832
basic_appreq,4806578,2410862502261,832
basic_appreq,3502779,2410866068823,832
basic_appreq,3889356,2410870021634,832
basic_appreq,4427182,2410874484320,832
basic_appreq,4751497,2410879279479,832
basic_appreq,4261884,2410883576207,832
basic_appreq,4299578,2410887921654,832
basic_appreq,5194015,2410893153589,832
basic_appreq,4890914,2410898081102,832
basic_appreq,4783836,2410902906729,832
basic_appreq,4654527,2410907602623,832
basic_appreq,3385020,2410911036573,832
basic_appreq,4085034,2410915169468,832
basic_appreq,4923292,2410920139778,832
basic_appreq,4420009,2410924592039,832
basic_appreq,3304811,2410927938378,832
basic_appreq,4400555,2410932370854,832
basic_appreq,4780468,2410937190639,832
basic_appreq,5212922,2410942441615,832
basic_appreq,3911866,2410946421432,832
basic_appreq,4243494,2410950703671,832
basic_appreq,5350508,2410956091706,832
basic_appreq,3056570,2410959212719,832
basic_appreq,4240592,2410963490798,832
basic_appreq,4374697,2410967908837,832
basic_appreq,4325818,2410972282610,832
basic_appreq,4134419,2410976451397,832
basic_appreq,4397571,2410980896902,832
basic_appreq,4130703,2410985073862,832
basic_appreq,4107298,2410989224864,832
basic_appreq,4749963,2410994010905,832
basic_appreq,4714789,2410998761239,832
basic_appreq,4755466,2411003551549,832
basic_appreq,4183545,2411007768239,832
basic_appreq,4383056,2411012184822,832
basic_appreq,4174835,2411016397771,832
basic_appreq,4049155,2411020485222,832
basic_appreq,5187095,2411025743671,832
basic_appreq,4497036,2411030279662,832
basic_appreq,4042717,2411034359209,832
basic_appreq,4595287,2411038988922,832
basic_appreq,4497657,2411043528345,832
basic_appreq,4679684,2411048250024,832
basic_appreq,3411215,2411051707907,832
basic_appreq,4127029,2411055878761,832
basic_appreq,3302538,2411059229751,832
basic_appreq,5151687,2411064417295,832
basic_appreq,4233305,2411068686110,832
basic_appreq,4705717,2411073450065,832
basic_appreq,5241329,2411078731862,832
basic_appreq,4371570,2411083144380,832
basic_appreq,5272911,2411088470019,832
basic_appreq,4875602,2411093381639,832
basic_appreq,3278436,2411096702210,832
basic_appreq,4331128,2411101080980,832
basic_appreq,4107398,2411105242711,832
basic_appreq,3994687,2411109270918,832
basic_appreq,4763018,2411114065971,832
basic_appreq,4519414,2411118617526,832
basic_appreq,4905225,2411123563742,832
basic_appreq,4564786,2411128168569,832
basic_appreq,3250997,2411131467555,832
basic_appreq,4414730,2411135922616,832
basic_appreq,3795556,2411139769062,832
basic_appreq,4839638,2411144643858,832
basic_appreq,4340692,2411149019532,832
basic_appreq,4251990,2411153305057,832
basic_appreq,4525660,2411157873670,832
basic_appreq,4875663,2411162785033,832
basic_appreq,4907004,2411167730238,832
basic_appreq,3858828,2411171627803,832
basic_appreq,4297960,2411175973374,832
basic_appreq,4862327,2411180906230,832
basic_appreq,3021171,2411183985966,832
basic_appreq,4286388,2411188334805,832
basic_appreq,4227594,2411192599551,832
basic_appreq,3605270,2411196239480,832
basic_appreq,3813969,2411200087784,832
basic_appreq,4446014,2411204570458,832
basic_appreq,4565805,2411209178349,832
basic_appreq,3223494,2411212443166,832
basic_appreq,4140428,2411216625021,832
basic_appreq,5148056,2411221814537,832
basic_appreq,4343691,2411226202474,832
basic_appreq,4437081,2411230680422,832
basic_appreq,3987753,2411234716061,832
basic_appreq,4925991,2411239678445,832
basic_appreq,5212833,2411244949136,832
basic_appreq,5097217,2411250099629,832
basic_appreq,4713022,2411254851021,832
basic_appreq,5245736,2411260163600,832
basic_appreq,4422015,2411264626322,832
basic_appreq,5105586,2411269784311,832
basic_appreq,5155149,2411274976007,832
basic_appreq,4670357,2411279683334,832
basic_appreq,4908767,2411284634931,832
basic_appreq,3027640,2411287731887,832
basic_appreq,3204894,2411290976793,832
basic_appreq,4857769,2411295873999,832
basic_appreq,4944349,2411300856753,832
basic_appreq,4983463,2411305877094,832
basic_appreq,4302606,2411310240535,832
basic_appreq,4959468,2411315253868,832
basic_appreq,4758442,2411320054340,832
basic_appreq,3278149,2411323404442,832
basic_appreq,4024417,2411327463212,832
basic_appreq,3169047,2411330674046,832
basic_appreq,5237165,2411335946398,832
basic_appreq,4846627,2411340833072,832
basic_appreq,3778092,2411344649624,832
basic_appreq,4739497,2411349431073,832
basic_appreq,5025650,2411354489305,832
basic_appreq,5034253,2411359555186,832
basic_appreq,4228218,2411363822216,832
basic_appreq,3166939,2411367038114,832
basic_appreq,4010048,2411371094987,832
basic_appreq,4760135,2411375903849,832
basic_appreq,3364605,2411379324436,832
basic_appreq,4260624,2411383623427,832
basic_appreq,4260224,2411387921721,832
basic_appreq,4711461,2411392671403,832
basic_appreq,4777324,2411397482339,832
basic_appreq,5618225,2411403134033,832
basic_appreq,4661400,2411407836289,832
basic_appreq,4409952,2411412322596,832
basic_appreq,6109846,2411418489016,832
basic_appreq,9318174,2411427859386,832
basic_appreq,4094785,2411431994872,832
basic_appreq,5084938,2411437144779,832
basic_appreq,4699967,2411441884000,832
basic_appreq,4987430,2411446912648,832
basic_appreq,3112932,2411450067615,832
basic_appreq,4016155,2411454128313,832
basic_appreq,3982872,2411458151076,832
basic_appreq,4378907,2411462564021,832
basic_appreq,4321965,2411466920221,832
basic_appreq,4873947,2411471828783,832
basic_appreq,4371966,2411476235709,832
basic_appreq,4588434,2411480870141,832
basic_appreq,5042253,2411485953057,832
basic_appreq,4337660,2411490331183,832
basic_appreq,4845883,2411495215033,832
basic_appreq,4730137,2411499982748,832
basic_appreq,5338214,2411505384221,832
basic_appreq,3867223,2411509286093,832
basic_appreq,3250482,2411512574585,832
basic_appreq,4402734,2411517020792,832
basic_appreq,4318959,2411521386764,832
basic_appreq,3365846,2411524791747,832
basic_appreq,4587699,2411529413156,832
basic_appreq,4779025,2411534226956,832
basic_appreq,5581542,2411539850427,832
basic_appreq,4667417,2411544560420,832
basic_appreq,5577077,2411550177303,832
basic_appreq,5243326,2411555481086,832
basic_appreq,5014743,2411560534988,832
basic_appreq,4298060,2411564877008,832
basic_appreq,3182337,2411568115009,832
basic_appreq,4237887,2411572400641,832
basic_appreq,4246070,2411576697801,832
basic_appreq,4109399,2411580852559,832
basic_appreq,4419082,2411585305268,832
basic_appreq,4893206,2411590232412,832
basic_appreq,4584203,2411594853426,832
basic_appreq,4927677,2411599818023,832
basic_appreq,2966563,2411602828155,832
basic_appreq,4579672,2411607447181,832
basic_appreq,3336703,2411610825178,832
basic_appreq,4737277,2411615601001,832
basic_appreq,5088647,2411620729219,832
basic_appreq,4879159,2411625677987,832
basic_appreq,4618253,2411630339276,832
basic_appreq,3115837,2411633520640,832
basic_appreq,4319051,2411637881960,832
basic_appreq,4249561,2411642173623,832
basic_appreq,4449833,2411646661711,832
basic_appreq,4172882,2411650883014,832
basic_appreq,4044087,2411654973198,832
basic_appreq,4535693,2411659547140,832
basic_appreq,4744442,2411664329573,832
basic_appreq,4509288,2411668877039,832
basic_appreq,4442391,2411673359073,832
basic_appreq,5121014,2411678529595,832
basic_appreq,3196253,2411681772025,832
basic_appreq,4101464,2411685905002,832
basic_appreq,3771727,2411689724059,832
basic_appreq,4544833,2411694307950,832
basic_appreq,4811895,2411699158041,832
basic_appreq,5085942,2411704278764,832
basic_appreq,4446383,2411708758298,832
basic_appreq,4478157,2411713283846,832
basic_appreq,4706368,2411718047381,832
basic_appreq,4623170,2411722709517,832
basic_appreq,5023533,2411727783338,832
basic_appreq,2921423,2411730743295,832
basic_appreq,4243409,2411735032528,832
basic_appreq,3723602,2411738821906,832
basic_appreq,4761813,2411743617183,832
basic_appreq,4679684,2411748332272,832
basic_appreq,4904958,2411753271330,832
basic_appreq,4745088,2411758057461,832
basic_appreq,4819921,2411762919090,832
basic_appreq,3852351,2411766811933,832
basic_appreq,3452681,2411770310673,832
basic_appreq,4337584,2411774686780,832
basic_appreq,3955310,2411778691536,832
basic_appreq,4164035,2411782912715,832
basic_appreq,4567488,2411787527979,832
basic_appreq,4930851,2411792492985,832
basic_appreq,4369218,2411796896549,832
basic_appreq,4839293,2411801772394,832
basic_appreq,4394719,2411806204012,832
basic_appreq,4123408,2411810365884,832
basic_appreq,3712391,2411814118176,832
basic_appreq,4971423,2411819146945,832
basic_appreq,3165497,2411822391133,832
basic_appreq,4477669,2411826901640,832
basic_appreq,4592862,2411831540329,832
basic_appreq,3285145,2411834868118,832
basic_appreq,4861136,2411839765847,832
basic_appreq,4764815,2411844568471,832
basic_appreq,4866838,2411849474744,832
basic_appreq,4907789,2411854419234,832
basic_appreq,5202867,2411859664175,832
basic_appreq,4573431,2411864276633,832
basic_appreq,3208661,2411867537786,832
basic_appreq,3977721,2411871560439,832
basic_appreq,4310900,2411875925879,832
basic_appreq,3624656,2411879592061,832
basic_appreq,4455658,2411884085655,832
basic_appreq,4865596,2411888983889,832
basic_appreq,4333098,2411893349303,832
basic_appreq,4532538,2411897919523,832
basic_appreq,4937282,2411902894383,832
basic_appreq,5118359,2411908080056,832
basic_appreq,5356313,2411913480512,832
basic_appreq,4681439,2411918200512,832
basic_appreq,4868415,2411923108125,832
basic_appreq,4792805,2411927939113,832
basic_appreq,3970248,2411931950478,832
basic_appreq,4531872,2411936521052,832
basic_appreq,3800136,2411940359334,832
basic_appreq,4186850,2411944582670,832
basic_appreq,3953790,2411948583621,832
basic_appreq,4380057,2411952998462,832
basic_appreq,4767012,2411957800921,832
basic_appreq,4842633,2411962683166,832
basic_appreq,3248590,2411965979399,832
basic_appreq,4267946,2411970289614,832
basic_appreq,4152247,2411974501962,832
basic_appreq,4853274,2411979392229,832
basic_appreq,4640400,2411984072294,832
basic_appreq,4544132,2411988655832,832
basic_appreq,4104441,2411992799163,832
basic_appreq,5092760,2411997953432,832
basic_appreq,5151906,2412003144381,832
basic_appreq,5405839,2412008582895,832
basic_appreq,4988743,2412013603945,832
basic_appreq,4519250,2412018162033,832
basic_appreq,5089878,2412023291719,832
basic_appreq,3741532,2412027113765,832
basic_appreq,3673104,2412030833418,832
basic_appreq,4412628,2412035299090,832
basic_appreq,3558808,2412038895918,832
basic_appreq,4101027,2412043033515,832
basic_appreq,4392896,2412047466224,832
basic_appreq,3842616,2412051346798,832
basic_appreq,4359015,2412055760556,832
basic_appreq,3349845,2412059155706,832
basic_appreq,4081488,2412063275402,832
basic_appreq,3878858,2412067200774,832
basic_appreq,4895577,2412072135157,832
basic_appreq,4214101,2412076382504,832
basic_appreq,4513423,2412080931332,832
basic_appreq,4792443,2412085759467,832
basic_appreq,4512717,2412090309302,832
basic_appreq,4628909,2412094980033,832
basic_appreq,3896962,2412098930548,832
basic_appreq,3317396,2412102295801,832
basic_appreq,3449129,2412105783190,832
basic_appreq,5203446,2412111024352,832
basic_appreq,4662070,2412115724746,832
basic_appreq,4546025,2412120306887,832
basic_appreq,4277765,2412124621619,832
basic_appreq,4424248,2412129082854,832
basic_appreq,4292359,2412133411892,832
basic_appreq,4080162,2412137531797,832
basic_appreq,4430625,2412142001955,832
basic_appreq,4070496,2412146112048,832
basic_appreq,4416579,2412150573769,832
basic_appreq,4293816,2412154903247,832
basic_appreq,4330157,2412159266869,832
basic_appreq,4047220,2412163353224,832
basic_appreq,4239684,2412167646441,832
basic_appreq,4409293,2412172102305,832
basic_appreq,4146404,2412176282845,832
basic_appreq,4322390,2412180652694,832
basic_appreq,4813869,2412185526307,832
basic_appreq,3282852,2412188878024,832
basic_appreq,4274016,2412193198453,832
basic_appreq,4216605,2412197457327,832
basic_appreq,3648586,2412201154654,832
basic_appreq,4579576,2412205767664,832
basic_appreq,4736868,2412210543226,832
basic_appreq,4798037,2412215408003,832
basic_appreq,5038172,2412220488545,832
basic_appreq,5146772,2412225700321,832
basic_appreq,5416765,2412231155659,832
basic_appreq,4030080,2412235217133,832
basic_appreq,5007356,2412240256380,832
basic_appreq,4057810,2412244350902,832
basic_appreq,5302627,2412249700041,832
basic_appreq,5084416,2412254853568,832
basic_appreq,4899810,2412259795051,832
basic_appreq,4548206,2412264377442,832
basic_appreq,4858418,2412269290454,832
basic_appreq,4384899,2412273709817,832
basic_appreq,4493086,2412278245315,832
basic_appreq,5187331,2412283467109,832
basic_appreq,4661777,2412288168113,832
basic_appreq,4565682,2412292773941,832
basic_appreq,4455760,2412297277359,832
basic_appreq,4553106,2412301872212,832
basic_appreq,5186165,2412307108961,832
basic_appreq,5219013,2412312359945,832
basic_appreq,4837618,2412317229188,832
basic_appreq,3166947,2412320446173,832
basic_appreq,4212712,2412324705110,832
basic_appreq,4403136,2412329154343,832
basic_appreq,3344201,2412332544708,832
basic_appreq,4975557,2412337554035,832
basic_appreq,3981992,2412341570006,832
basic_appreq,5224666,2412346855471,832
basic_appreq,4386484,2412351280614,832
basic_appreq,5387683,2412356705706,832
basic_appreq,4755586,2412361498093,832
basic_appreq,5233697,2412366772291,832
basic_appreq,5313530,2412372125552,832
basic_appreq,3713315,2412375879160,832
basic_appreq,3760461,2412379680075,832
basic_appreq,3331743,2412383054007,832
basic_appreq,4894941,2412387985345,832
basic_appreq,4339949,2412392393648,832
basic_appreq,4782133,2412397239154,832
basic_appreq,3270588,2412400551062,832
basic_appreq,4005963,2412404591473,832
basic_appreq,3808404,2412408438254,832
basic_appreq,4406884,2412412881721,832
basic_appreq,4324426,2412417242676,832
basic_appreq,4860088,2412422139966,832
basic_appreq,4638269,2412426815140,832
basic_appreq,4461789,2412431313645,832
basic_appreq,4956588,2412436322186,832
basic_appreq,3038760,2412439398215,832
basic_appreq,3902874,2412443345409,832
basic_appreq,8947012,2412452366553,832
basic_appreq,5082943,2412457491694,832
basic_appreq,4662236,2412462195751,832
basic_appreq,4658556,2412466896478,832
basic_appreq,4461712,2412471398535,832
basic_appreq,4386739,2412475821508,832
basic_appreq,4162176,2412480029670,832
basic_appreq,4316593,2412484393681,832
basic_appreq,4668608,2412489110561,832
basic_appreq,4569424,2412493728480,832
basic_appreq,3278800,2412497055824,832
basic_appreq,4780879,2412501869279,832
basic_appreq,4805155,2412506731638,832
basic_appreq,5029845,2412511795405,832
basic_appreq,5078584,2412516911780,832
basic_appreq,4506971,2412521463738,832
basic_appreq,3920148,2412525458569,832
basic_appreq,3381585,2412528882962,832
basic_appreq,4396713,2412533314542,832
basic_appreq,4394660,2412537744337,832
basic_appreq,4907465,2412542687583,832
basic_appreq,3026590,2412545751115,832
basic_appreq,4021409,2412549820468,832
basic_appreq,3835023,2412553701912,832
basic_appreq,4082937,2412557819634,832
basic_appreq,4744881,2412562615600,832
basic_appreq,4473718,2412567128579,832
basic_appreq,4968929,2412572135560,832
basic_appreq,4818659,2412576992510,832
basic_appreq,4481685,2412581508684,832
basic_appreq,5220731,2412586766638,832
basic_appreq,3106212,2412589927724,832
basic_appreq,4038648,2412594013948,832
basic_appreq,4426141,2412598489163,832
basic_appreq,4334252,2412602865816,832
basic_appreq,4113301,2412607027612,832
basic_appreq,3971584,2412611047275,832
basic_appreq,4500418,2412615586331,832
basic_appreq,4379641,2412620020941,832
basic_appreq,4461811,2412624520633,832
basic_appreq,4624676,2412629186604,832
basic_appreq,4558688,2412633783810,832
basic_appreq,5135242,2412638959013,832
basic_appreq,4865177,2412643863979,832
basic_appreq,4808331,2412648709860,832
basic_appreq,3107965,2412651855987,832
basic_appreq,4014710,2412655911144,832
basic_appreq,3400146,2412659353196,832
basic_appreq,5747004,2412665137105,832
basic_appreq,4433128,2412669607058,832
basic_appreq,4297257,2412673941758,832
basic_appreq,3099865,2412677085219,832
basic_appreq,3831447,2412680962574,832
basic_appreq,4434299,2412685430879,832
basic_appreq,3427126,2412688910442,832
basic_appreq,4058617,2412693023582,832
basic_appreq,3849168,2412696920866,832
basic_appreq,4929906,2412701890125,832
basic_appreq,4667135,2412706598172,832
basic_appreq,4650862,2412711282623,832
basic_appreq,5007619,2412716344036,832
basic_appreq,5288133,2412721671895,832
basic_appreq,4858304,2412726583229,832
basic_appreq,4722760,2412731344679,832
basic_appreq,4527856,2412735912011,832
basic_appreq,5392026,2412741345799,832
basic_appreq,4325763,2412745712841,832
basic_appreq,3119391,2412748888071,832
basic_appreq,4278337,2412753216506,832
basic_appreq,4101315,2412757364753,832
basic_appreq,4989220,2412762394574,832
basic_appreq,4930611,2412767365809,832
basic_appreq,5660385,2412773063080,832
basic_appreq,4953232,2412778054197,832
basic_appreq,4240674,2412782334871,832
basic_appreq,5711353,2412788097430,832
basic_appreq,5273355,2412793428876,832
basic_appreq,4313006,2412797782127,832
basic_appreq,4785973,2412802603621,832
basic_appreq,4797714,2412807439889,832
basic_appreq,4731983,2412812213812,832
basic_appreq,4586489,2412816841584,832
basic_appreq,4053918,2412820945978,832
basic_appreq,4781171,2412825773732,832
basic_appreq,4245154,2412830053488,832
basic_appreq,3832580,2412833954549,832
basic_appreq,3756212,2412837757467,832
basic_appreq,4137989,2412841932582,832
basic_appreq,3882743,2412845861087,832
basic_appreq,4967405,2412850865177,832
basic_appreq,4502774,2412855405341,832
basic_appreq,5079425,2412860523126,832
basic_appreq,4338739,2412864901009,832
basic_appreq,4842203,2412869808389,832
basic_appreq,4173790,2412874015173,832
basic_appreq,3047660,2412877111575,832
basic_appreq,4142985,2412881292766,832
basic_appreq,3564424,2412884905052,832
basic_appreq,4547684,2412889490976,832
basic_appreq,4777603,2412894306995,832
basic_appreq,4509134,2412898854194,832
basic_appreq,3145775,2412902045895,832
basic_appreq,4220226,2412906305446,832
basic_appreq,4772173,2412911113232,832
basic_appreq,4241711,2412915391948,832
basic_appreq,4964686,2412920394127,832
basic_appreq,4252245,2412924682633,832
basic_appreq,5189530,2412929922712,832
basic_appreq,4005383,2412933965672,832
basic_appreq,3233797,2412937238498,832
basic_appreq,5237857,2412942511068,832
basic_appreq,4801125,2412947349345,832
basic_appreq,3156820,2412950550753,832
basic_appreq,4524064,2412955117113,832
basic_appreq,4234649,2412959394578,832
basic_appreq,4030859,2412963467643,832
basic_appreq,4427262,2412967935321,832
basic_appreq,6060394,2412974050571,832
basic_appreq,4905583,2412978992773,832
basic_appreq,5183019,2412984209303,832
basic_appreq,4928901,2412989172153,832
basic_appreq,4683859,2412993895165,832
basic_appreq,4512868,2412998448954,832
basic_appreq,4499728,2413002988726,832
basic_appreq,3012965,2413006054699,832
basic_appreq,4418254,2413010513787,832
basic_appreq,4416333,2413014966837,832
basic_appreq,4975282,2413019987285,832
basic_appreq,4715520,2413024772841,832
basic_appreq,4151417,2413028972640,832
basic_appreq,3579598,2413032590262,832
basic_appreq,4154918,2413036792922,832
basic_appreq,4815862,2413041647317,832
basic_appreq,4749856,2413046434725,832
basic_appreq,4128749,2413050598466,832
basic_appreq,4584411,2413055231002,832
basic_appreq,4073305,2413059345106,832
basic_appreq,4077328,2413063480170,832
basic_appreq,4590714,2413068109588,832
basic_appreq,4683831,2413072824963,832
basic_appreq,4504140,2413077361293,832
basic_appreq,3572780,2413080980552,832
basic_appreq,4376595,2413085398801,832
basic_appreq,4167233,2413089613483,832
basic_appreq,3816614,2413093467932,832
basic_appreq,5132940,2413098638313,832
basic_appreq,4223446,2413102899212,832
basic_appreq,4405528,2413107349299,832
basic_appreq,3275108,2413110683053,832
basic_appreq,4245264,2413114986666,832
basic_appreq,4174921,2413119201006,832
basic_appreq,3702502,2413122940574,832
basic_appreq,4912575,2413127901869,832
basic_appreq,4292773,2413132226789,832
basic_appreq,5153596,2413137421225,832
basic_appreq,3731321,2413141190832,832
basic_appreq,4763478,2413145993164,832
basic_appreq,4450611,2413150478318,832
basic_appreq,4940225,2413155453077,832
basic_appreq,5048947,2413160540821,832
basic_appreq,4812991,2413165445175,832
basic_appreq,5110028,2413170613018,832
basic_appreq,4548307,2413175197313,832
basic_appreq,5820848,2413181083189,832
basic_appreq,4820535,2413185941715,832
basic_appreq,4693199,2413190672255,832
basic_appreq,3229368,2413193957378,832
basic_appreq,3494419,2413197515490,832
basic_appreq,4115427,2413201667606,832
basic_appreq,4851570,2413206560753,832
basic_appreq,4037712,2413210634981,832
basic_appreq,4839757,2413215513695,832
basic_appreq,5132344,2413220684453,832
basic_appreq,4513275,2413225234702,832
basic_appreq,5020461,2413230291593,832
basic_appreq,4191041,2413234520553,832
basic_appreq,5300378,2413239859207,832
basic_appreq,4432817,2413244328678,832
basic_appreq,3338045,2413247707908,832
basic_appreq,4120081,2413251866001,832
basic_appreq,3379996,2413255287756,832
basic_appreq,4850659,2413260177298,832
basic_appreq,4695695,2413264912992,832
basic_appreq,4468812,2413269432780,832
basic_appreq,4732210,2413274202813,832
basic_appreq,3691209,2413277930243,832
basic_appreq,3804357,2413281800192,832
basic_appreq,4381370,2413286225130,832
basic_appreq,4053190,2413290319390,832
basic_appreq,4424289,2413294782015,832
basic_appreq,4200607,2413299021532,832
basic_appreq,5512203,2413304587032,832
basic_appreq,4841152,2413309462055,832
basic_appreq,4763707,2413314260428,832
basic_appreq,4870173,2413319184261,832
basic_appreq,3101118,2413322329780,832
basic_appreq,4357753,2413326738886,832
basic_appreq,4111755,2413330906623,832
basic_appreq,4890406,2413335838277,832
basic_appreq,4874018,2413340770821,832
basic_appreq,5213374,2413346038555,832
basic_appreq,5171063,2413351249912,832
basic_appreq,4784835,2413356075322,832
basic_appreq,4314724,2413360429404,832
basic_appreq,4800445,2413365266492,832
basic_appreq,4618810,2413369933876,832
basic_appreq,3254254,2413373239672,832
basic_appreq,4232927,2413377515096,832
basic_appreq,3558446,2413381118811,832
basic_appreq,5203378,2413386359103,832
basic_appreq,4943475,2413391341904,832
basic_appreq,4717251,2413396099158,832
basic_appreq,5042524,2413401206619,832
basic_appreq,3839087,2413405109629,832
basic_appreq,4184897,2413409331264,832
basic_appreq,4830460,2413414195581,832
basic_appreq,3504193,2413417743830,832
basic_appreq,4007003,2413421789080,832
basic_appreq,3285267,2413425121372,832
basic_appreq,5397085,2413430556805,832
basic_appreq,4886802,2413435484816,832
basic_appreq,4332472,2413439858768,832
basic_appreq,5205303,2413445124744,832
basic_appreq,4948582,2413450120122,832
basic_appreq,4879842,2413455036090,832
basic_appreq,5510037,2413460580766,832
basic_appreq,4040066,2413464658223,832
basic_appreq,4404387,2413469102458,832
basic_appreq,4829453,2413473971495,832
basic_appreq,5164311,2413479205095,832
basic_appreq,8997062,2413488241871,832
basic_appreq,3325374,2413491629138,832
basic_appreq,4617155,2413496281596,832
basic_appreq,3080929,2413499404109,832
basic_appreq,5271750,2413504717827,832
basic_appreq,4700553,2413509453764,832
basic_appreq,4895300,2413514384223,832
basic_appreq,4529684,2413518949405,832
basic_appreq,4775715,2413523763006,832
basic_appreq,4800169,2413528607786,832
basic_appreq,3923794,2413532590232,832
basic_appreq,4755306,2413537389549,832
basic_appreq,5019148,2413542455324,832
basic_appreq,5418691,2413547930167,832
basic_appreq,5362032,2413553333229,832
basic_appreq,4596449,2413557968067,832
basic_appreq,4511852,2413562515536,832
basic_appreq,3576138,2413566133282,832
basic_appreq,4277974,2413570448540,832
basic_appreq,4199175,2413574689291,832
basic_appreq,3944877,2413578675424,832
basic_appreq,4667560,2413583385700,832
basic_appreq,4946628,2413588366318,832
basic_appreq,4275704,2413592675738,832
basic_appreq,4642123,2413597354280,832
basic_appreq,4625944,2413602019780,832
basic_appreq,4814968,2413606877041,832
basic_appreq,4899723,2413611819560,832
basic_appreq,3904387,2413615763687,832
basic_appreq,5091613,2413620902216,832
basic_appreq,4442975,2413625393690,832
basic_appreq,4727300,2413630158219,832
basic_appreq,3175083,2413633382728,832
basic_appreq,4429481,2413637861020,832
basic_appreq,3854482,2413641757583,832
basic_appreq,4982439,2413646779459,832
basic_appreq,4479327,2413651295006,832
basic_appreq,4756098,2413656088977,832
basic_appreq,4751734,2413660878656,832
basic_appreq,4515906,2413665435525,832
basic_appreq,3304152,2413668787452,832
basic_appreq,3271551,2413672105749,832
basic_appreq,4727060,2413676885862,832
basic_appreq,4893950,2413681814896,832
basic_appreq,4253270,2413686104461,832
basic_appreq,4547615,2413690688951,832
basic_appreq,4209984,2413694938186,832
basic_appreq,4913381,2413699889835,832
basic_appreq,4932917,2413704864185,832
basic_appreq,4036574,2413708949407,832
basic_appreq,3653695,2413712642219,832
basic_appreq,4015438,2413716694390,832
basic_appreq,3432782,2413720163193,832
basic_appreq,4477763,2413724675837,832
basic_appreq,4664974,2413729395721,832
basic_appreq,10534396,2413739969174,832
basic_appreq,5415385,2413745468428,832
basic_appreq,5445668,2413750953696,832
basic_appreq,5571568,2413756564261,832
basic_appreq,4904454,2413761509039,832
basic_appreq,4903243,2413766481800,832
basic_appreq,5126817,2413771647156,832
basic_appreq,5167371,2413776892880,832
basic_appreq,5074300,2413782036236,832
basic_appreq,5191792,2413787268319,832
basic_appreq,4207227,2413791532203,832
basic_appreq,4422176,2413795994938,832
basic_appreq,5352895,2413801420340,832
basic_appreq,4984824,2413806467701,832
basic_appreq,5136606,2413811641899,832
basic_appreq,5027709,2413816711773,832
basic_appreq,5254300,2413822045155,832
basic_appreq,4541220,2413826625068,832
basic_appreq,4798668,2413831462528,832
basic_appreq,4963545,2413836481833,832
basic_appreq,3202476,2413839722641,832
basic_appreq,4183434,2413843941635,832
basic_appreq,4418048,2413848393437,832
basic_appreq,4254104,2413852682285,832
basic_appreq,4126798,2413856851772,832
basic_appreq,4617591,2413861515403,832
basic_appreq,3274908,2413864829277,832
basic_appreq,4640387,2413869503441,832
basic_appreq,5304554,2413874841026,832
basic_appreq,4971388,2413879851098,832
basic_appreq,5123972,2413885015432,832
basic_appreq,4577578,2413889631907,832
basic_appreq,5011700,2413894694249,832
basic_appreq,4817613,2413899553516,832
basic_appreq,2963823,2413902555424,832
basic_appreq,4313883,2413906914653,832
basic_appreq,3898805,2413910854122,832
basic_appreq,4400805,2413915293179,832
basic_appreq,4834758,2413920192011,832
basic_appreq,3803301,2413924031460,832
basic_appreq,4645181,2413928716820,832
basic_appreq,4275305,2413933030415,832
basic_appreq,4450615,2413937518194,832
basic_appreq,4722517,2413942279509,832
basic_appreq,4361319,2413946675532,832
basic_appreq,4636964,2413951346432,832
basic_appreq,5264704,2413956663355,832
basic_appreq,5090610,2413961809041,832
basic_appreq,4544885,2413966396072,832
basic_appreq,5114860,2413971560913,832
basic_appreq,3310638,2413974914953,832
basic_appreq,3871180,2413978826205,832
basic_appreq,3317618,2413982201754,832
basic_appreq,4981549,2413987220150,832
basic_appreq,4848622,2413992102578,832
basic_appreq,4325719,2413996465798,832
basic_appreq,4248176,2414000751785,832
basic_appreq,4722849,2414005513410,832
basic_appreq,4882729,2414010434300,832
basic_appreq,4601110,2414015076013,832
basic_appreq,5266345,2414020389387,832
basic_appreq,4716476,2414025173608,832
basic_appreq,5474146,2414030713304,832
basic_appreq,4135105,2414034888802,832
basic_appreq,5626016,2414040567873,832
basic_appreq,6099063,2414046714187,832
basic_appreq,5044179,2414051800337,832
basic_appreq,5327951,2414057168407,832
basic_appreq,4669173,2414061876545,832
basic_appreq,4593851,2414066510570,832
basic_appreq,4239830,2414070794631,832
basic_appreq,4406680,2414075243531,832
basic_appreq,4369725,2414079649429,832
basic_appreq,3348082,2414083039582,832
basic_appreq,4215444,2414087293251,832
basic_appreq,3972415,2414091306945,832
basic_appreq,3960395,2414095315243,832
basic_appreq,4301605,2414099658059,832
basic_appreq,4901379,2414104600358,832
basic_appreq,4221577,2414108854143,832
basic_appreq,4514044,2414113400258,832
basic_appreq,4718508,2414118157792,832
basic_appreq,4684419,2414122886537,832
basic_appreq,4319706,2414127262448,832
basic_appreq,4627836,2414131934583,832
basic_appreq,3077643,2414135058139,832
basic_appreq,4355313,2414139460559,832
basic_appreq,5047634,2414144543689,832
basic_appreq,3099249,2414147684737,832
basic_appreq,5040585,2414152763202,832
basic_appreq,4676873,2414157478486,832
basic_appreq,4694858,2414162215118,832
basic_appreq,5036796,2414167302853,832
basic_appreq,3311984,2414170661944,832
basic_appreq,4327446,2414175038609,832
basic_appreq,4121395,2414179202373,832
basic_appreq,4908995,2414184160181,832
basic_appreq,4159381,2414188353118,832
basic_appreq,3673792,2414192074463,832
basic_appreq,4738021,2414196851548,832
basic_appreq,4678429,2414201571587,832
basic_appreq,4471042,2414206078854,832
basic_appreq,3888094,2414210019455,832
basic_appreq,3452483,2414213518293,832
basic_appreq,4772050,2414218325671,832
basic_appreq,3466681,2414221840899,832
basic_appreq,4361017,2414226237143,832
basic_appreq,4258246,2414230534354,832
basic_appreq,4517276,2414235090012,832
basic_appreq,4647514,2414239775323,832
basic_appreq,5091087,2414244896904,832
basic_appreq,4655697,2414249585616,832
basic_appreq,5038550,2414254662654,832
basic_appreq,4391581,2414259091583,832
basic_appreq,5139643,2414264284949,832
basic_appreq,5017033,2414269359970,832
basic_appreq,3111399,2414272512683,832
basic_appreq,4162253,2414276723844,832
basic_appreq,3857787,2414280627724,832
basic_appreq,4664684,2414285333758,832
basic_appreq,4965954,2414290341342,832
basic_appreq,4321047,2414294702757,832
basic_appreq,4196286,2414298940032,832
basic_appreq,4109532,2414303086445,832
basic_appreq,4581547,2414307705263,832
basic_appreq,4747784,2414312486498,832
basic_appreq,4852857,2414317374483,832
basic_appreq,4713301,2414322125796,832
basic_appreq,3037704,2414325224772,832
basic_appreq,3511760,2414328778096,832
basic_appreq,4736886,2414333556878,832
basic_appreq,4267962,2414337866062,832
basic_appreq,4746438,2414342653022,832
basic_appreq,4864633,2414347549629,832
basic_appreq,4861814,2414352443913,832
basic_appreq,4954851,2414357435914,832
basic_appreq,4749465,2414362229592,832
basic_appreq,3103066,2414365385361,832
basic_appreq,3958016,2414369387624,832
basic_appreq,4123202,2414373559932,832
basic_appreq,4682571,2414378280543,832
basic_appreq,4597919,2414382915123,832
basic_appreq,4513007,2414387461618,832
basic_appreq,4931634,2414392427021,832
basic_appreq,4490217,2414396951682,832
basic_appreq,4545804,2414401546185,832
basic_appreq,3186103,2414404773186,832
basic_appreq,4409280,2414409218035,832
basic_appreq,4341339,2414413601069,832
basic_appreq,3173674,2414416820777,832
basic_appreq,3964612,2414420824520,832
basic_appreq,5854575,2414426760144,832
basic_appreq,4994513,2414431794292,832
basic_appreq,4704782,2414436554547,832
basic_appreq,5028855,2414441616068,832
basic_appreq,5219913,2414446877942,832
basic_appreq,4773964,2414451689620,832
basic_appreq,4672399,2414456401529,832
basic_appreq,3084902,2414459533994,832
basic_appreq,4167556,2414463745440,832
basic_appreq,3740340,2414467533834,832
basic_appreq,4885643,2414472455971,832
basic_appreq,4408443,2414476899894,832
basic_appreq,4635208,2414481572600,832
basic_appreq,4615163,2414486228375,832
basic_appreq,4985978,2414491266346,832
basic_appreq,3160152,2414494480821,832
basic_appreq,4225819,2414498760446,832
basic_appreq,3565170,2414502359894,832
basic_appreq,4952078,2414507346131,832
basic_appreq,4396249,2414511778708,832
basic_appreq,4630142,2414516446215,832
basic_appreq,4401462,2414520891142,832
basic_appreq,3865399,2414524798649,832
basic_appreq,5025224,2414529878375,832
basic_appreq,4985359,2414534900035,832
basic_appreq,9501713,2414544444984,832
basic_appreq,4995130,2414549482336,832
basic_appreq,3222916,2414552750464,832
basic_appreq,4225192,2414557018449,832
basic_appreq,3877768,2414560952542,832
basic_appreq,4520894,2414565509532,832
basic_appreq,4613615,2414570160592,832
basic_appreq,4969123,2414575168754,832
basic_appreq,4513026,2414579743547,832
basic_appreq,4325428,2414584123156,832
basic_appreq,4055107,2414588220425,832
basic_appreq,3919076,2414592186672,832
basic_appreq,4272561,2414596500688,832
basic_appreq,3982921,2414600531647,832
basic_appreq,4822648,2414605393133,832
basic_appreq,5008104,2414610439446,832
basic_appreq,4392850,2414614869620,832
basic_appreq,4607957,2414619537079,832
basic_appreq,4722147,2414624301217,832
basic_appreq,3968837,2414628305909,832
basic_appreq,4447874,2414632804971,832
basic_appreq,5598680,2414638484811,832
basic_appreq,4839252,2414643363623,832
basic_appreq,5021171,2414648423990,832
basic_appreq,5317599,2414653780751,832
basic_appreq,4303693,2414658130047,832
basic_appreq,5497618,2414663680735,832
basic_appreq,5301840,2414669026049,832
basic_appreq,4677707,2414673758160,832
basic_appreq,3024608,2414676839447,832
basic_appreq,4206192,2414681086939,832
basic_appreq,3877832,2414685005034,832
basic_appreq,4288018,2414689329270,832
basic_appreq,5066776,2414694433042,832
basic_appreq,4449349,2414698919724,832
basic_appreq,4913691,2414703873775,832
basic_appreq,4925638,2414708838182,832
basic_appreq,5431063,2414714311144,832
basic_appreq,4699600,2414719046423,832
basic_appreq,3898797,2414722986382,832
basic_appreq,4902961,2414727930238,832
basic_appreq,4807810,2414732784600,832
basic_appreq,4545707,2414737365898,832
basic_appreq,5083648,2414742493907,832
basic_appreq,3018222,2414745600346,832
basic_appreq,3872854,2414749507641,832
basic_appreq,3962827,2414753518704,832
basic_appreq,4191374,2414757749333,832
basic_appreq,3760594,2414761549481,832
basic_appreq,4139810,2414765746353,832
basic_appreq,3838082,2414769638256,832
basic_appreq,3699533,2414773376213,832
basic_appreq,4396286,2414777808317,832
basic_appreq,3823482,2414781667302,832
basic_appreq,4787513,2414786501439,832
basic_appreq,4983492,2414791524066,832
basic_appreq,5132534,2414796695114,832
basic_appreq,4885123,2414801619169,832
basic_appreq,4631737,2414806292246,832
basic_appreq,5312044,2414811642520,832
basic_appreq,4862418,2414816543162,832
basic_appreq,4958311,2414821544344,832
basic_appreq,5519883,2414827133248,832
basic_appreq,4970227,2414832145307,832
basic_appreq,4631404,2414836822278,832
basic_appreq,3364217,2414840237141,832
basic_appreq,4457300,2414844738808,832
basic_appreq,4184621,2414848977323,832
basic_appreq,3745560,2414852769882,832
basic_appreq,5032666,2414857835918,832
basic_appreq,5022463,2414862891881,832
basic_appreq,4898219,2414867824902,832
basic_appreq,4723279,2414872585451,832
basic_appreq,4666104,2414877302368,832
basic_appreq,4301445,2414881691718,832
basic_appreq,4073293,2414885812311,832
basic_appreq,3848074,2414889702390,832
basic_appreq,4876541,2414894628877,832
basic_appreq,3831679,2414898508088,832
basic_appreq,4159742,2414902706507,832
basic_appreq,3677920,2414906427471,832
basic_appreq,4710415,2414911175453,832
basic_appreq,4553034,2414915764845,832
basic_appreq,4330998,2414920127503,832
basic_appreq,4845550,2414925010594,832
basic_appreq,5000260,2414930088799,832
basic_appreq,5113618,2414935243953,832
basic_appreq,5885155,2414941188782,832
basic_appreq,4983612,2414946213061,832
basic_appreq,4110675,2414950364397,832
basic_appreq,4910455,2414955322676,832
basic_appreq,4450229,2414959814070,832
basic_appreq,3583569,2414963436332,832
basic_appreq,3975391,2414967445946,832
basic_appreq,4350354,2414971831685,832
basic_appreq,4006947,2414975886560,832
basic_appreq,4883455,2414980808515,832
basic_appreq,4957667,2414985803441,832
basic_appreq,4426611,2414990272414,832
basic_appreq,5141850,2414995485240,832
basic_appreq,4463007,2414999985790,832
basic_appreq,5125764,2415005175491,832
basic_appreq,3087510,2415008309033,832
basic_appreq,4424650,2415012773655,832
basic_appreq,3637919,2415016468422,832
basic_appreq,4465010,2415020969816,832
basic_appreq,4789233,2415025795689,832
basic_appreq,4811889,2415030643895,832
basic_appreq,5172583,2415035853236,832
basic_appreq,4475561,2415040370475,832
basic_appreq,2929322,2415043343650,832
basic_appreq,4183779,2415047567121,832
basic_appreq,4624240,2415052242460,832
basic_appreq,3424259,2415055698736,832
basic_appreq,4876213,2415060605606,832
basic_appreq,4979871,2415065622746,832
basic_appreq,5241573,2415070904902,832
basic_appreq,4587106,2415075528465,832
basic_appreq,4154283,2415079756629,832
basic_appreq,4307385,2415084102016,832
basic_appreq,4821791,2415088962617,832
basic_appreq,3178210,2415092177883,832
basic_appreq,4397528,2415096619002,832
basic_appreq,3059631,2415099722755,832
basic_appreq,4750335,2415104510468,832
basic_appreq,4438106,2415108986218,832
basic_appreq,3158743,2415112242638,832
basic_appreq,3987938,2415116269754,832
basic_appreq,3668893,2415119982275,832
basic_appreq,3807431,2415124363659,832
basic_appreq,5101891,2415129522254,832
basic_appreq,4927447,2415134484577,832
basic_appreq,4783765,2415139302269,832
basic_appreq,4206428,2415143547619,832
basic_appreq,4743108,2415148330226,832
basic_appreq,4447310,2415152815077,832
basic_appreq,4106170,2415156959491,832
basic_appreq,4571442,2415161569620,832
basic_appreq,4683834,2415166293031,832
basic_appreq,3717012,2415170068572,832
basic_appreq,4859038,2415174982290,832
basic_appreq,4435046,2415179456631,832
basic_appreq,3583071,2415183086215,832
basic_appreq,3880458,2415187013404,832
basic_appreq,4329133,2415191377749,832
basic_appreq,3784916,2415195211923,832
basic_appreq,4599754,2415199849919,832
basic_appreq,4733512,2415204622710,832
basic_appreq,3182320,2415207864414,832
basic_appreq,4372004,2415212276236,832
basic_appreq,3812550,2415216130054,832
basic_appreq,4691778,2415220858541,832
basic_appreq,4593962,2415225488936,832
basic_appreq,4815211,2415230340321,832
basic_appreq,4981467,2415235380688,832
basic_appreq,5001991,2415240416206,832
basic_appreq,5109123,2415245564541,832
basic_appreq,4514549,2415250119179,832
basic_appreq,4018375,2415254185190,832
basic_appreq,4548350,2415258780340,832
basic_appreq,3616447,2415262448652,832
basic_appreq,3974822,2415266478743,832
basic_appreq,4156542,2415270679165,832
basic_appreq,3737144,2415274465867,832
basic_appreq,4350729,2415278850664,832
basic_appreq,4795905,2415283679685,832
basic_appreq,5212489,2415288927172,832
basic_appreq,5076165,2415294040479,832
basic_appreq,4895022,2415298974260,832
basic_appreq,4845241,2415303858963,832
basic_appreq,4715797,2415308614429,832
basic_appreq,4757580,2415313408529,832
basic_appreq,3171493,2415316627781,832
basic_appreq,3752800,2415320427231,832
basic_appreq,4553883,2415325037827,832
basic_appreq,4738012,2415329814665,832
basic_appreq,4905238,2415334761274,832
basic_appreq,4836626,2415339666329,832
basic_appreq,4214172,2415343915914,832
basic_appreq,4583773,2415348535951,832
basic_appreq,4373615,2415352949713,832
basic_appreq,4905063,2415357903989,832
basic_appreq,5413719,2415363369323,832
basic_appreq,4557458,2415367965555,832
basic_appreq,3246844,2415371287458,832
basic_appreq,4129680,2415375457501,832
basic_appreq,4397720,2415379905626,832
basic_appreq,4564963,2415384520153,832
basic_appreq,4166504,2415388735371,832
basic_appreq,3760261,2415392547019,832
basic_appreq,4788615,2415397372454,832
basic_appreq,4720287,2415402129357,832
basic_appreq,4964632,2415407131838,832
basic_appreq,4659750,2415411829217,832
basic_appreq,4543267,2415416414626,832
basic_appreq,4572142,2415421052243,832
basic_appreq,5173508,2415426282941,832
basic_appreq,5204046,2415431520444,832
basic_appreq,4259593,2415435814119,832
basic_appreq,4307018,2415440159186,832
basic_appreq,3934930,2415444132511,832
basic_appreq,4246751,2415448415950,832
basic_appreq,3903656,2415452356224,832
basic_appreq,4278713,2415456679575,832
basic_appreq,4726917,2415461452858,832
basic_appreq,5177423,2415466671827,832
basic_appreq,3032094,2415469783731,832
basic_appreq,4490684,2415474314061,832
basic_appreq,4182743,2415478550922,832
basic_appreq,3003216,2415481601781,832
basic_appreq,4182458,2415485816673,832
basic_appreq,4657269,2415490505163,832
basic_appreq,4829318,2415495371213,832
basic_appreq,5180823,2415500588755,832
basic_appreq,5124951,2415505753233,832
basic_appreq,4514619,2415510308393,832
basic_appreq,4615260,2415514963820,832
basic_appreq,3245189,2415518257600,832
basic_appreq,4233933,2415522540224,832
basic_appreq,4505060,2415527092047,832
basic_appreq,3950224,2415531085231,832
basic_appreq,4334320,2415535481538,832
basic_appreq,4789263,2415540307829,832
basic_appreq,4945552,2415545289961,832
basic_appreq,5347090,2415550673734,832
basic_appreq,4365355,2415555075788,832
basic_appreq,4531132,2415559642052,832
basic_appreq,4690886,2415564369223,832
basic_appreq,4727720,2415569135404,832
basic_appreq,5775959,2415574967373,832
basic_appreq,4778192,2415579782085,832
basic_appreq,4671913,2415584531365,832
basic_appreq,5128304,2415589698835,832
basic_appreq,5038611,2415594792915,832
basic_appreq,3058160,2415597923176,832
basic_appreq,4265981,2415602230133,832
basic_appreq,4129834,2415606406162,832
basic_appreq,4850530,2415611294107,832
basic_appreq,4643342,2415615972931,832
basic_appreq,4761678,2415620817956,832
basic_appreq,4871042,2415625728348,832
basic_appreq,4792330,2415630561167,832
basic_appreq,5302362,2415635896528,832
basic_appreq,4673169,2415640603193,832
basic_appreq,4735375,2415645382225,832
basic_appreq,5408125,2415650851441,832
basic_appreq,3048962,2415653989733,832
basic_appreq,4055292,2415658084720,832
basic_appreq,3569476,2415661697991,832
basic_appreq,4681448,2415666419118,832
basic_appreq,4162684,2415670615810,832
basic_appreq,4294446,2415674943878,832
basic_appreq,5516982,2415680503638,832
basic_appreq,4399655,2415684940528,832
basic_appreq,4454131,2415689434200,832
basic_appreq,5741704,2415695224086,832
basic_appreq,4368727,2415699631504,832
basic_appreq,5058217,2415704738729,832
basic_appreq,4027212,2415708815856,832
basic_appreq,2888179,2415711751855,832
basic_appreq,4280583,2415716072184,832
basic_appreq,8719653,2415724839598,832
basic_appreq,3982879,2415728906541,832
basic_appreq,3632853,2415732581423,832
basic_appreq,4441839,2415737064893,832
basic_appreq,4498406,2415741609126,832
basic_appreq,4088221,2415745731389,832
basic_appreq,4571282,2415750355685,832
basic_appreq,3124899,2415753523175,832
basic_appreq,4561948,2415758132256,832
basic_appreq,3767450,2415761939263,832
basic_appreq,3968074,2415765955019,832
basic_appreq,4429820,2415770418064,832
basic_appreq,4930923,2415775383520,832
basic_appreq,4531716,2415779954423,832
basic_appreq,4815580,2415784808696,832
basic_appreq,4572455,2415789428051,832
basic_appreq,4891975,2415794374371,832
basic_appreq,5777552,2415800233242,832
basic_appreq,4185383,2415804459664,832
basic_appreq,5629718,2415810137094,832
basic_appreq,4714983,2415814889357,832
basic_appreq,4729601,2415819657756,832
basic_appreq,5000093,2415824693054,832
basic_appreq,4916199,2415829697320,832
basic_appreq,5329563,2415835082445,832
basic_appreq,4249181,2415839371009,832
basic_appreq,4783719,2415844193388,832
basic_appreq,4832769,2415849070564,832
basic_appreq,5206023,2415854329513,832
basic_appreq,5826303,2415860208938,832
basic_appreq,4419677,2415864668558,832
basic_appreq,4466437,2415869175811,832
basic_appreq,2964146,2415872181497,832
basic_appreq,4900369,2415877123949,832
basic_appreq,4192136,2415881348897,832
basic_appreq,4564199,2415885952961,832
basic_appreq,4064811,2415890056021,832
basic_appreq,4218897,2415894315613,832
basic_appreq,3614145,2415897973262,832
basic_appreq,4817079,2415902829777,832
basic_appreq,4796415,2415907694754,832
basic_appreq,4493642,2415912223773,832
basic_appreq,4296674,2415916556185,832
basic_appreq,3466599,2415920064988,832
basic_appreq,4712383,2415924814985,832
basic_appreq,4977564,2415929832896,832
basic_appreq,4193500,2415934093826,832
basic_appreq,4135547,2415938270243,832
basic_appreq,4947748,2415943264707,832
basic_appreq,3302018,2415946609366,832
basic_appreq,4082269,2415950733488,832
basic_appreq,4183392,2415954961620,832
basic_appreq,4252783,2415959261021,832
basic_appreq,4764146,2415964062778,832
basic_appreq,4882067,2415968983591,832
basic_appreq,5139766,2415974172430,832
basic_appreq,5054336,2415979262163,832
basic_appreq,5350527,2415984652743,832
basic_appreq,3778350,2415988493040,832
basic_appreq,3570910,2415992103664,832
basic_appreq,4529665,2415996694226,832
basic_appreq,4001932,2416000755539,832
basic_appreq,4834364,2416005633969,832
basic_appreq,4377681,2416010074718,832
basic_appreq,5634220,2416015806052,832
basic_appreq,4322078,2416020166663,832
basic_appreq,4362674,2416024566623,832
basic_appreq,4422936,2416029027011,832
basic_appreq,3396365,2416032480440,832
basic_appreq,4213612,2416036741432,832
basic_appreq,3900411,2416040681931,832
basic_appreq,4283205,2416045004628,832
basic_appreq,4121963,2416049165647,832
basic_appreq,5064583,2416054285898,832
basic_appreq,5110457,2416059430451,832
basic_appreq,4740156,2416064223967,832
basic_appreq,4890568,2416069153914,832
basic_appreq,4242924,2416073433412,832
basic_appreq,4670314,2416078140717,832
basic_appreq,4949011,2416083132450,832
basic_appreq,4418346,2416087589614,832
basic_appreq,4819768,2416092456291,832
basic_appreq,2993635,2416095520082,832
basic_appreq,4220311,2416099781856,832
basic_appreq,3213971,2416103041048,832
basic_appreq,4881687,2416107956510,832
basic_appreq,5172487,2416113162892,832
basic_appreq,5256161,2416118478330,832
basic_appreq,4470868,2416122994783,832
basic_appreq,3243378,2416126296433,832
basic_appreq,4140649,2416130476686,832
basic_appreq,3787321,2416134316402,832
basic_appreq,4921674,2416139272638,832
basic_appreq,3929916,2416143236943,832
basic_appreq,4847197,2416148121817,832
basic_appreq,4731791,2416152889443,832
basic_appreq,3911174,2416156835756,832
basic_appreq,4534369,2416161424187,832
basic_appreq,4786657,2416166252838,832
basic_appreq,3215177,2416169523011,832
basic_appreq,4630251,2416174214995,832
basic_appreq,3515270,2416177764069,832
basic_appreq,3976429,2416181778236,832
basic_appreq,4200524,2416186017348,832
basic_appreq,4298874,2416190353718,832
basic_appreq,4933508,2416195342580,832
basic_appreq,5344576,2416200749921,832
basic_appreq,4843792,2416205667513,832
basic_appreq,5262167,2416210970385,832
basic_appreq,4774061,2416215781839,832
basic_appreq,4415776,2416220233914,832
basic_appreq,4937687,2416225210672,832
basic_appreq,3170353,2416228415396,832
basic_appreq,4317496,2416232784015,832
basic_appreq,4573725,2416237404473,832
basic_appreq,3415084,2416240868439,832
basic_appreq,4825070,2416245733377,832
basic_appreq,4851720,2416250622109,832
basic_appreq,4565538,2416255226078,832
basic_appreq,3911036,2416259185899,832
basic_appreq,3907396,2416263144463,832
basic_appreq,4224329,2416267407834,832
basic_appreq,4374060,2416271819114,832
basic_appreq,4112687,2416275967934,832
basic_appreq,4130853,2416280169783,832
basic_appreq,4850625,2416285058710,832
basic_appreq,3781416,2416288877966,832
basic_appreq,4674131,2416293590245,832
basic_appreq,5067398,2416298695078,832
basic_appreq,4441359,2416303174517,832
basic_appreq,4889492,2416308098041,832
basic_appreq,4479081,2416312625105,832
basic_appreq,3101210,2416315765074,832
basic_appreq,4557828,2416320362885,832
basic_appreq,4233994,2416324636664,832
basic_appreq,4283171,2416328962057,832
basic_appreq,4437684,2416333445272,832
basic_appreq,110175027,2416443656052,832
basic_appreq,4433325,2416448136692,832
basic_appreq,4666844,2416452845279,832
basic_appreq,4335709,2416457221921,832
basic_appreq,3975194,2416461242178,832
basic_appreq,3372701,2416464675826,832
basic_appreq,3741915,2416468454883,832
basic_appreq,5386338,2416473887133,832
basic_appreq,4630511,2416478554919,832
basic_appreq,4779973,2416483371604,832
basic_appreq,4292553,2416487700404,832
basic_appreq,4441315,2416492179112,832
basic_appreq,4405863,2416496620112,832
basic_appreq,4937926,2416501596856,832
basic_appreq,4351127,2416505989887,832
basic_appreq,3224045,2416509261758,832
basic_appreq,4083132,2416513392077,832
basic_appreq,3722316,2416517172582,832
basic_appreq,4756588,2416521968576,832
basic_appreq,4418650,2416526426585,832
basic_appreq,4361515,2416530822995,832
basic_appreq,5747375,2416536624702,832
basic_appreq,4470956,2416541136421,832
basic_appreq,4601246,2416545778867,832
basic_appreq,4811555,2416550629098,832
basic_appreq,4188364,2416554865464,832
basic_appreq,4552954,2416559465701,832
basic_appreq,3836652,2416563334936,832
basic_appreq,3631432,2416566998532,832
basic_appreq,3248805,2416570285827,832
basic_appreq,2393896,2416572727979,832
basic_appreq,2254189,2416575012696,832
basic_appreq,2809400,2416577846756,832
basic_appreq,2220288,2416580094601,832
#end,11,2709,832
