basic_appreq,3198690,2405580199465,944
basic_appreq,4756049,2405585029316,944
basic_appreq,4195222,2405589274679,944
basic_appreq,4502026,2405593803729,944
basic_appreq,5062449,2405598892196,944
basic_appreq,5308737,2405604228334,944
basic_appreq,4427935,2405608680630,944
basic_appreq,4766434,2405613471659,944
basic_appreq,4605329,2405618101855,944
basic_appreq,4957681,2405623086143,944
basic_appreq,4259319,2405627372874,944
basic_appreq,4778174,2405632183130,944
basic_appreq,4837297,2405637045794,944
basic_appreq,4072625,2405641143491,944
basic_appreq,4783358,2405645951372,944
basic_appreq,4869339,2405650848688,944
basic_appreq,3146365,2405654021316,944
basic_appreq,3329138,2405657375539,944
basic_appreq,4867623,2405662268687,944
basic_appreq,5044401,2405667341155,944
basic_appreq,4675655,2405672042812,944
basic_appreq,5230313,2405677314641,944
basic_appreq,3624881,2405680994989,944
basic_appreq,3589773,2405684609241,944
basic_appreq,2889037,2405687526135,944
basic_appreq,4623814,2405692172198,944
basic_appreq,4895544,2405697119602,944
basic_appreq,4087802,2405701231825,944
basic_appreq,3797920,2405705052438,944
basic_appreq,4082685,2405709157857,944
basic_appreq,3780702,2405712962123,944
basic_appreq,4986937,2405717976725,944
basic_appreq,4182464,2405722182021,944
basic_appreq,4799645,2405727007235,944
basic_appreq,4602297,2405731634278,944
basic_appreq,3329537,2405735009960,944
basic_appreq,4224029,2405739273775,944
basic_appreq,3175375,2405742472813,944
basic_appreq,4369264,2405746867974,944
basic_appreq,4803167,2405751695159,944
basic_appreq,4745322,2405756464386,944
basic_appreq,4526734,2405761014654,944
basic_appreq,3802424,2405764848950,944
basic_appreq,4236233,2405769123665,944
basic_appreq,4016995,2405773163459,944
basic_appreq,3798478,2405777001053,944
basic_appreq,4355655,2405781380471,944
basic_appreq,4530468,2405785936763,944
basic_appreq,5027619,2405790994161,944
basic_appreq,4727980,2405795760978,944
basic_appreq,3483392,2405799285713,944
basic_appreq,4125853,2405803435177,944
basic_appreq,3207651,2405806666188,944
basic_appreq,5064498,2405811755335,944
basic_appreq,4590566,2405816369204,944
basic_appreq,5237760,2405821646529,944
basic_appreq,4722105,2405826400197,944
basic_appreq,5133895,2405831576617,944
basic_appreq,4737185,2405836355317,944
basic_appreq,3284277,2405839678125,944
basic_appreq,4493058,2405844193268,944
basic_appreq,4273770,2405848490742,944
basic_appreq,5240225,2405853763116,944
basic_appreq,4289586,2405858076893,944
basic_appreq,4140531,2405862240728,944
basic_appreq,5529296,2405867815644,944
basic_appreq,4492946,2405872344879,944
basic_appreq,4847972,2405877224152,944
basic_appreq,4957476,2405882240653,944
basic_appreq,3291768,2405885576559,944
basic_appreq,4715884,2405890315128,944
basic_appreq,4209991,2405894548110,944
basic_appreq,4299987,2405898875801,944
basic_appreq,3348339,2405902263414,944
basic_appreq,4494848,2405906787914,944
basic_appreq,5080314,2405911895202,944
basic_appreq,4476899,2405916400151,944
basic_appreq,5002514,2405921426650,944
basic_appreq,4842453,2405926293802,944
basic_appreq,4885588,2405931203102,944
basic_appreq,5156532,2405936383708,944
basic_appreq,5299570,2405941705637,944
basic_appreq,5013794,2405946747347,944
basic_appreq,5063554,2405951834793,944
basic_appreq,4295456,2405956154523,944
basic_appreq,5041530,2405961222826,944
basic_appreq,3341941,2405964605824,944
basic_appreq,4129584,2405968764797,944
basic_appreq,4557653,2405973345926,944
basic_appreq,3101449,2405976486497,944
basic_appreq,4786772,2405981297796,944
basic_appreq,4179281,2405985499760,944
basic_appreq,4617952,2405990141097,944
basic_appreq,5619222,2405995786336,944
basic_appreq,5342903,2406001154653,944
basic_appreq,5360369,2406006538693,944
basic_appreq,4618843,2406011181449,944
basic_appreq,4483512,2406015699746,944
basic_appreq,3677695,2406019424121,944
basic_appreq,3778446,2406023226967,944
basic_appreq,3926346,2406027193600,944
basic_appreq,4247249,2406031479547,944
basic_appreq,3876436,2406035395362,944
basic_appreq,4489333,2406039911990,944
basic_appreq,3278951,2406043217770,944
basic_appreq,4393409,2406047634518,944
basic_appreq,3524296,2406051193486,944
basic_appreq,4519006,2406055738106,944
basic_appreq,4722404,2406060488809,944
basic_appreq,8166007,2406068684375,944
basic_appreq,5068977,2406073776771,944
basic_appreq,5093132,2406078899534,944
basic_appreq,5470668,2406084433872,944
basic_appreq,4934350,2406089393974,944
basic_appreq,3084939,2406092518642,944
basic_appreq,3382338,2406095942655,944
basic_appreq,4539782,2406100511204,944
basic_appreq,4592531,2406105132569,944
basic_appreq,4183228,2406109339193,944
basic_appreq,4965605,2406114336884,944
basic_appreq,3524526,2406117905652,944
basic_appreq,4465790,2406122407754,944
basic_appreq,3693376,2406126139513,944
basic_appreq,4893634,2406131065054,944
basic_appreq,5324383,2406136420951,944
basic_appreq,4446967,2406140900201,944
basic_appreq,4623702,2406145557052,944
basic_appreq,4446052,2406150033829,944
basic_appreq,3973938,2406154043104,944
basic_appreq,4622257,2406158702846,944
basic_appreq,3276615,2406162030165,944
basic_appreq,4225854,2406166288314,944
basic_appreq,4161415,2406170487398,944
basic_appreq,4596160,2406175114500,944
basic_appreq,4663565,2406179810810,944
basic_appreq,4853545,2406184698971,944
basic_appreq,4997483,2406189728667,944
basic_appreq,4987328,2406194754753,944
basic_appreq,3591597,2406198388532,944
basic_appreq,4615222,2406203041838,944
basic_appreq,4002199,2406207095386,944
basic_appreq,4167290,2406211294298,944
basic_appreq,3311759,2406214641721,944
basic_appreq,4735367,2406219418533,944
basic_appreq,4421175,2406223870507,944
basic_appreq,4295668,2406228205312,944
basic_appreq,4131254,2406232368534,944
basic_appreq,5606371,2406238017439,944
basic_appreq,4841154,2406242894888,944
basic_appreq,4642130,2406247575788,944
basic_appreq,4746184,2406252353390,944
basic_appreq,3643960,2406256042231,944
basic_appreq,4092709,2406260174229,944
basic_appreq,4298560,2406264510273,944
basic_appreq,4307796,2406268857213,944
basic_appreq,4022040,2406272918452,944
basic_appreq,3935162,2406276891147,944
basic_appreq,4844425,2406281768562,944
basic_appreq,5257461,2406287087436,944
basic_appreq,5071346,2406292190569,944
basic_appreq,4909074,2406297130881,944
basic_appreq,5045990,2406302217532,944
basic_appreq,4911535,2406307162478,944
basic_appreq,3998311,2406311193553,944
basic_appreq,4177959,2406315421712,944
basic_appreq,3736678,2406319192870,944
basic_appreq,3808970,2406323038361,944
basic_appreq,3382218,2406326458955,944
basic_appreq,4831937,2406331329911,944
basic_appreq,4736916,2406336104094,944
basic_appreq,3100577,2406339243777,944
basic_appreq,2947566,2406342223889,944
basic_appreq,4308574,2406346562957,944
basic_appreq,4567534,2406351162505,944
basic_appreq,4293465,2406355516512,944
basic_appreq,3515008,2406359073369,944
basic_appreq,4279788,2406363388069,944
basic_appreq,4258250,2406367689140,944
basic_appreq,4162223,2406371889702,944
basic_appreq,4313208,2406376248522,944
basic_appreq,4041151,2406380337684,944
basic_appreq,4324213,2406384693290,944
basic_appreq,3335059,2406388065879,944
basic_appreq,4730187,2406392827459,944
basic_appreq,5222003,2406398081831,944
basic_appreq,4625114,2406402738361,944
basic_appreq,5731472,2406408523935,944
basic_appreq,5047464,2406413604281,944
basic_appreq,4927241,2406418563591,944
basic_appreq,3077012,2406421672152,944
basic_appreq,4222833,2406425931594,944
basic_appreq,3529338,2406429499394,944
basic_appreq,4940225,2406434477949,944
basic_appreq,5278141,2406439805988,944
basic_appreq,4286932,2406444124109,944
basic_appreq,4207081,2406448370981,944
basic_appreq,4814511,2406453216795,944
basic_appreq,5132877,2406458390040,944
basic_appreq,4865570,2406463291676,944
basic_appreq,4266930,2406467597432,944
basic_appreq,3853507,2406471485609,944
basic_appreq,4628344,2406476158103,944
basic_appreq,3856344,2406480056752,944
basic_appreq,3759951,2406483858397,944
basic_appreq,4418069,2406488306819,944
basic_appreq,4265072,2406492610735,944
basic_appreq,3521723,2406496171046,944
basic_appreq,4560841,2406500764199,944
basic_appreq,5240559,2406506050703,944
basic_appreq,4513209,2406510597293,944
basic_appreq,4550401,2406515182419,944
basic_appreq,4846080,2406520082626,944
basic_appreq,4226844,2406524366992,944
basic_appreq,3207596,2406527607809,944
basic_appreq,4112289,2406531763825,944
basic_appreq,3623151,2406535426838,944
basic_appreq,4318317,2406539777189,944
basic_appreq,4979163,2406544790317,944
basic_appreq,5339408,2406550161934,944
basic_appreq,4533360,2406554738143,944
basic_appreq,4903251,2406559673789,944
basic_appreq,4766217,2406564476187,944
basic_appreq,3158841,2406567678035,944
basic_appreq,4512591,2406572244515,944
basic_appreq,4424293,2406576710667,944
basic_appreq,3158326,2406579916828,944
basic_appreq,3686130,2406583637475,944
basic_appreq,5180763,2406588869918,944
basic_appreq,4812632,2406593718746,944
basic_appreq,5106534,2406598865214,944
basic_appreq,4884501,2406603793070,944
basic_appreq,4437537,2406608268952,944
basic_appreq,4460883,2406612766018,944
basic_appreq,3128230,2406615936814,944
basic_appreq,4349461,2406620324399,944
basic_appreq,4362020,2406624723940,944
basic_appreq,4534850,2406629296870,944
basic_appreq,4156788,2406633491345,944
basic_appreq,4103498,2406637628241,944
basic_appreq,4339761,2406642002308,944
basic_appreq,3020401,2406645064627,944
basic_appreq,4934214,2406650042380,944
basic_appreq,4942864,2406655020582,944
basic_appreq,5032473,2406660086914,944
basic_appreq,4331610,2406664458331,944
basic_appreq,4302851,2406668800351,944
basic_appreq,4224387,2406673054494,944
basic_appreq,4607692,2406677696686,944
basic_appreq,4791366,2406682522263,944
basic_appreq,4058116,2406686619245,944
basic_appreq,4728023,2406691381367,944
basic_appreq,4095996,2406695513897,944
basic_appreq,4657123,2406700209512,944
basic_appreq,4301417,2406704551057,944
basic_appreq,3340139,2406707976671,944
basic_appreq,4380619,2406712417373,944
basic_appreq,4157280,2406716610494,944
basic_appreq,3643068,2406720304970,944
basic_appreq,4389556,2406724733386,944
basic_appreq,5105235,2406729885345,944
basic_appreq,4405904,2406734323916,944
basic_appreq,4636482,2406738992578,944
basic_appreq,4815716,2406743849371,944
basic_appreq,3099772,2406746986020,944
basic_appreq,3782279,2406750807458,944
basic_appreq,3836702,2406754677572,944
basic_appreq,4842286,2406759552989,944
basic_appreq,4613507,2406764200657,944
basic_appreq,5638418,2406769909835,944
basic_appreq,4944529,2406774890094,944
basic_appreq,4756630,2406779683061,944
basic_appreq,4665481,2406784400980,944
basic_appreq,4546693,2406788985781,944
basic_appreq,2886034,2406791912156,944
basic_appreq,3199482,2406795150892,944
basic_appreq,5082759,2406800268547,944
basic_appreq,5257005,2406805561750,944
basic_appreq,4757550,2406810353095,944
basic_appreq,5204504,2406815598689,944
basic_appreq,5093259,2406820747331,944
basic_appreq,5188326,2406825981614,944
basic_appreq,4906423,2406830924266,944
basic_appreq,4991606,2406835952515,944
basic_appreq,3150880,2406839137600,944
basic_appreq,4038223,2406843212489,944
basic_appreq,4057746,2406847309070,944
basic_appreq,5081844,2406852424680,944
basic_appreq,4411452,2406856900891,944
basic_appreq,5849713,2406862789458,944
basic_appreq,5033309,2406867859237,944
basic_appreq,5165230,2406873082567,944
basic_appreq,4974967,2406878111301,944
basic_appreq,4486334,2406882633660,944
basic_appreq,4902374,2406887573822,944
basic_appreq,4647949,2406892271836,944
basic_appreq,4719983,2406897032051,944
basic_appreq,3165641,2406900235364,944
basic_appreq,4342996,2406904617072,944
basic_appreq,4758251,2406909409030,944
basic_appreq,4321261,2406913769918,944
basic_appreq,3501032,2406917312233,944
basic_appreq,4152799,2406921500785,944
basic_appreq,4723199,2406926263685,944
basic_appreq,4376153,2406930679043,944
basic_appreq,3778015,2406934530348,944
basic_appreq,5813246,2406940387124,944
basic_appreq,4747469,2406945170721,944
basic_appreq,5431394,2406950659712,944
basic_appreq,4829537,2406955526326,944
basic_appreq,5206836,2406960766651,944
basic_appreq,4667464,2406965476942,944
basic_appreq,4984251,2406970497767,944
basic_appreq,4654533,2406975195402,944
basic_appreq,4553689,2406979784567,944
basic_appreq,3316455,2406983150883,944
basic_appreq,4411065,2406987596444,944
basic_appreq,4183481,2406991826865,944
basic_appreq,4242685,2406996108683,944
basic_appreq,4149184,2407000301334,944
basic_appreq,4212800,2407004552783,944
basic_appreq,4172618,2407008768827,944
basic_appreq,4341351,2407013152417,944
basic_appreq,4965426,2407018156983,944
basic_appreq,4975940,2407023168635,944
basic_appreq,4049629,2407027252960,944
basic_appreq,4443839,2407031739382,944
basic_appreq,4761352,2407036536029,944
basic_appreq,4804338,2407041375063,944
basic_appreq,3369588,2407044781551,944
basic_appreq,4708916,2407049526658,944
basic_appreq,3817387,2407053387405,944
basic_appreq,4417548,2407057855641,944
basic_appreq,3187863,2407061081448,944
basic_appreq,4799309,2407065918624,944
basic_appreq,4706721,2407070681178,944
basic_appreq,4202286,2407074922602,944
basic_appreq,4736733,2407079694529,944
basic_appreq,5098389,2407084837551,944
basic_appreq,4502762,2407089377728,944
basic_appreq,4531654,2407093960835,944
basic_appreq,5013261,2407099014726,944
basic_appreq,4910291,2407103962437,944
basic_appreq,8383828,2407112417447,944
basic_appreq,3200194,2407115658255,944
basic_appreq,4574331,2407120270785,944
basic_appreq,4482213,2407124790033,944
basic_appreq,2868982,2407127700981,944
basic_appreq,4582238,2407132317440,944
basic_appreq,5097697,2407137451343,944
basic_appreq,3079521,2407140590578,944
basic_appreq,4710560,2407145347471,944
basic_appreq,4317148,2407149704358,944
basic_appreq,4352790,2407154098155,944
basic_appreq,3238648,2407157381123,944
basic_appreq,4401667,2407161819223,944
basic_appreq,4646902,2407166505412,944
basic_appreq,4567490,2407171107119,944
basic_appreq,5625925,2407176778770,944
basic_appreq,3140843,2407179994159,944
basic_appreq,4095448,2407184146058,944
basic_appreq,4355401,2407188538679,944
basic_appreq,3770656,2407192350414,944
basic_appreq,4955112,2407197339378,944
basic_appreq,5155169,2407202532106,944
basic_appreq,5188240,2407207768323,944
basic_appreq,5016080,2407212831976,944
basic_appreq,4710126,2407217582695,944
basic_appreq,4953140,2407222592105,944
basic_appreq,3160289,2407225821756,944
basic_appreq,4085547,2407229944445,944
basic_appreq,3524070,2407233508639,944
basic_appreq,4315610,2407237858143,944
basic_appreq,4539792,2407242431919,944
basic_appreq,4854521,2407247320289,944
basic_appreq,4307068,2407251659528,944
basic_appreq,4830804,2407256531304,944
basic_appreq,4850027,2407261419020,944
basic_appreq,5191704,2407266648415,944
basic_appreq,5268466,2407271988868,944
basic_appreq,4729978,2407276776077,944
basic_appreq,4746525,2407281559470,944
basic_appreq,4945034,2407286542950,944
basic_appreq,4487744,2407291063439,944
basic_appreq,3372200,2407294480403,944
basic_appreq,4281071,2407298813583,944
basic_appreq,3464668,2407302324095,944
basic_appreq,4301859,2407306665824,944
basic_appreq,4987430,2407311693002,944
basic_appreq,5018773,2407316750318,944
basic_appreq,4273187,2407321058344,944
basic_appreq,3634684,2407324729365,944
basic_appreq,4972880,2407329771112,944
basic_appreq,2927764,2407332781343,944
basic_appreq,3798119,2407336614377,944
basic_appreq,4045256,2407340708832,944
basic_appreq,5666429,2407346409624,944
basic_appreq,5534809,2407351987661,944
basic_appreq,5341862,2407357391753,944
basic_appreq,4584673,2407362025489,944
basic_appreq,4611599,2407366674039,944
basic_appreq,4687568,2407371399337,944
basic_appreq,4073935,2407375508705,944
basic_appreq,4670618,2407380228408,944
basic_appreq,8841536,2407389105268,944
basic_appreq,3079606,2407392232635,944
basic_appreq,4233861,2407396510576,944
basic_appreq,4698877,2407401257550,944
basic_appreq,3655859,2407404966291,944
basic_appreq,4328395,2407409337710,944
basic_appreq,4556092,2407413939659,944
basic_appreq,4279190,2407418259855,944
basic_appreq,3251809,2407421549888,944
basic_appreq,4052414,2407425640336,944
basic_appreq,3697676,2407429387593,944
basic_appreq,5329024,2407434761180,944
basic_appreq,4887639,2407439682736,944
basic_appreq,5022867,2407444740122,944
basic_appreq,5061234,2407449844113,944
basic_appreq,4377766,2407454274801,944
basic_appreq,4487293,2407458802326,944
basic_appreq,4318402,2407463167591,944
basic_appreq,5099408,2407468334542,944
basic_appreq,2987911,2407471359721,944
basic_appreq,4000395,2407475405112,944
basic_appreq,4892623,2407480347692,944
basic_appreq,4202623,2407484604154,944
basic_appreq,4075288,2407488720182,944
basic_appreq,4404749,2407493171332,944
basic_appreq,4145539,2407497357331,944
basic_appreq,4636998,2407502042051,944
basic_appreq,3980294,2407506069812,944
basic_appreq,3871813,2407509983356,944
basic_appreq,4517895,2407514545384,944
basic_appreq,5222473,2407519802627,944
basic_appreq,4795159,2407524633970,944
basic_appreq,4120417,2407528791588,944
basic_appreq,5654249,2407534499165,944
basic_appreq,4912149,2407539447561,944
basic_appreq,4720102,2407544213615,944
basic_appreq,4222380,2407548471448,944
basic_appreq,5084615,2407553595926,944
basic_appreq,4792745,2407558433430,944
basic_appreq,4974511,2407563457567,944
basic_appreq,5209677,2407568703644,944
basic_appreq,5174767,2407573962853,944
basic_appreq,3041633,2407577044250,944
basic_appreq,4452971,2407581540343,944
basic_appreq,3542574,2407585129982,944
basic_appreq,3932232,2407589094345,944
basic_appreq,4930370,2407594065997,944
basic_appreq,4645323,2407598746198,944
basic_appreq,4924375,2407603704598,944
basic_appreq,4587391,2407608335201,944
basic_appreq,4979895,2407613353865,944
basic_appreq,5048362,2407618451049,944
basic_appreq,4383453,2407622890840,944
basic_appreq,4961049,2407627904375,944
basic_appreq,4714523,2407632650733,944
basic_appreq,4963025,2407637651479,944
basic_appreq,4514491,2407642197456,944
basic_appreq,4866446,2407647112224,944
basic_appreq,3226207,2407650375371,944
basic_appreq,4627950,2407655042622,944
basic_appreq,3917413,2407659001882,944
basic_appreq,4095235,2407663151837,944
basic_appreq,4288277,2407667482530,944
basic_appreq,4841671,2407672360421,944
basic_appreq,5362088,2407677756720,944
basic_appreq,3932200,2407681727071,944
basic_appreq,5303312,2407687077607,944
basic_appreq,5124847,2407692244737,944
basic_appreq,4574538,2407696857758,944
basic_appreq,4278287,2407701168766,944
basic_appreq,4489444,2407705694577,944
basic_appreq,5089662,2407710824117,944
basic_appreq,4862907,2407715724949,944
basic_appreq,3053352,2407718815955,944
basic_appreq,4521852,2407723379178,944
basic_appreq,3497894,2407726908952,944
basic_appreq,4856762,2407731797697,944
basic_appreq,5099570,2407736938468,944
basic_appreq,5297687,2407742284943,944
basic_appreq,4738998,2407747068044,944
basic_appreq,5703292,2407752827570,944
basic_appreq,5328050,2407758193216,944
basic_appreq,4886317,2407763129322,944
basic_appreq,4924858,2407768091122,944
basic_appreq,3998240,2407772128093,944
basic_appreq,4879166,2407777050202,944
basic_appreq,4843574,2407781933198,944
basic_appreq,4577398,2407786573354,944
basic_appreq,3053996,2407789698951,944
basic_appreq,4172236,2407793908028,944
basic_appreq,3637352,2407797577167,944
basic_appreq,4637420,2407802245913,944
basic_appreq,4492496,2407806780961,944
basic_appreq,4680573,2407811499403,944
basic_appreq,5066158,2407816609365,944
basic_appreq,3254818,2407819901617,944
basic_appreq,4341278,2407824275124,944
basic_appreq,3893950,2407828201626,944
basic_appreq,5013710,2407833249176,944
basic_appreq,4533755,2407837819098,944
basic_appreq,4858206,2407842713692,944
basic_appreq,4178788,2407846928364,944
basic_appreq,3005453,2407849970381,944
basic_appreq,4856056,2407854861897,944
basic_appreq,4439763,2407859336897,944
basic_appreq,4361031,2407863741705,944
basic_appreq,3998953,2407867798569,944
basic_appreq,4461915,2407872300345,944
basic_appreq,3723780,2407876059013,944
basic_appreq,4226624,2407880325648,944
basic_appreq,3886911,2407884270206,944
basic_appreq,3258425,2407887561992,944
basic_appreq,5189694,2407892784135,944
basic_appreq,4881426,2407897699465,944
basic_appreq,5507568,2407903249745,944
basic_appreq,4613481,2407907900877,944
basic_appreq,5340349,2407913277620,944
basic_appreq,4758432,2407918096968,944
basic_appreq,5004898,2407923138761,944
basic_appreq,3196524,2407926392773,944
basic_appreq,3368561,2407929802560,944
basic_appreq,4763222,2407934607621,944
basic_appreq,4713960,2407939355587,944
basic_appreq,5388641,2407944795387,944
basic_appreq,4640814,2407949477962,944
basic_appreq,5043083,2407954560019,944
basic_appreq,4813999,2407959407978,944
basic_appreq,4220538,2407963665924,944
basic_appreq,4873571,2407968579563,944
basic_appreq,4078373,2407972701890,944
basic_appreq,4167650,2407976906617,944
basic_appreq,3208989,2407980168039,944
basic_appreq,3914259,2407984121617,944
basic_appreq,4197392,2407988350101,944
basic_appreq,4572240,2407992962715,944
basic_appreq,4853142,2407997847027,944
basic_appreq,3994270,2408001875678,944
basic_appreq,4400106,2408006343326,944
basic_appreq,4246129,2408010627089,944
basic_appreq,3845527,2408014514139,944
basic_appreq,4578946,2408019151959,944
basic_appreq,3256336,2408022445613,944
basic_appreq,4107832,2408026588894,944
basic_appreq,3775595,2408030402210,944
basic_appreq,4620578,2408035061279,944
basic_appreq,5171380,2408040279114,944
basic_appreq,4807421,2408045132572,944
basic_appreq,5096631,2408050274640,944
basic_appreq,4386338,2408054692827,944
basic_appreq,4334811,2408059068777,944
basic_appreq,4618640,2408063729747,944
basic_appreq,4703374,2408068470742,944
basic_appreq,4280452,2408072790820,944
basic_appreq,5061454,2408077894101,944
basic_appreq,4345085,2408082278718,944
basic_appreq,4453313,2408086776464,944
basic_appreq,4567265,2408091380658,944
basic_appreq,4875240,2408096292855,944
basic_appreq,3720642,2408100051138,944
basic_appreq,4155157,2408104239339,944
basic_appreq,4359706,2408108637399,944
basic_appreq,3411625,2408112088701,944
basic_appreq,4155078,2408116281124,944
basic_appreq,3426944,2408119743337,944
basic_appreq,4462771,2408124256058,944
basic_appreq,4086409,2408128379209,944
basic_appreq,4858617,2408133274765,944
basic_appreq,3720074,2408137027784,944
basic_appreq,5033669,2408142109801,944
basic_appreq,4750720,2408146910796,944
basic_appreq,2981130,2408149931258,944
basic_appreq,7982442,2408157951285,944
basic_appreq,3769379,2408161770403,944
basic_appreq,4591188,2408166407416,944
basic_appreq,4523102,2408170968415,944
basic_appreq,4087704,2408175101959,944
basic_appreq,3938887,2408179079105,944
basic_appreq,5174894,2408184294931,944
basic_appreq,4437519,2408188770327,944
basic_appreq,4775291,2408193583013,944
basic_appreq,3962954,2408197582238,944
basic_appreq,5304749,2408202928995,944
basic_appreq,4725215,2408207688018,944
basic_appreq,4664634,2408212386919,944
basic_appreq,5155100,2408217579507,944
basic_appreq,2937320,2408220556390,944
basic_appreq,3868616,2408224461553,944
basic_appreq,4479518,2408228982299,944
basic_appreq,4775421,2408233793666,944
basic_appreq,4247980,2408238077128,944
basic_appreq,4810468,2408242925633,944
basic_appreq,5035715,2408247996433,944
basic_appreq,5137265,2408253729085,944
basic_appreq,4093628,2408257860481,944
basic_appreq,4529324,2408262428321,944
basic_appreq,4441607,2408266908038,944
basic_appreq,4017288,2408270965482,944
basic_appreq,4126959,2408275127835,944
basic_appreq,4354445,2408279524548,944
basic_appreq,4283421,2408283848597,944
basic_appreq,3990200,2408287876952,944
basic_appreq,4813448,2408292731589,944
basic_appreq,4823060,2408297591075,944
basic_appreq,4757499,2408302386177,944
basic_appreq,3542160,2408305968354,944
basic_appreq,4046274,2408310054125,944
basic_appreq,4223722,2408314315369,944
basic_appreq,3748099,2408318102762,944
basic_appreq,4748143,2408322895092,944
basic_appreq,3949377,2408326890968,944
basic_appreq,4792200,2408331720935,944
basic_appreq,5080912,2408336839576,944
basic_appreq,4739314,2408341611046,944
basic_appreq,4759405,2408346413395,944
basic_appreq,4779440,2408351232316,944
basic_appreq,3328782,2408354598301,944
basic_appreq,4305739,2408358959134,944
basic_appreq,55327587,2408414327570,944
basic_appreq,3555853,2408417930972,944
basic_appreq,4666596,2408422638029,944
basic_appreq,4329304,2408427005468,944
basic_appreq,4452763,2408431497806,944
basic_appreq,3761425,2408435355623,944
basic_appreq,4706652,2408440102079,944
basic_appreq,5188071,2408445326709,944
basic_appreq,4534353,2408449903775,944
basic_appreq,4569997,2408454514817,944
basic_appreq,4579270,2408459127101,944
basic_appreq,3400101,2408462578654,944
basic_appreq,4142403,2408466760617,944
basic_appreq,4387135,2408471186139,944
basic_appreq,4658201,2408475881580,944
basic_appreq,5155727,2408481075404,944
basic_appreq,4919900,2408486032239,944
basic_appreq,4990265,2408491057916,944
basic_appreq,5080166,2408496177921,944
basic_appreq,4451025,2408500680421,944
basic_appreq,4744896,2408505464765,944
basic_appreq,3680034,2408509188811,944
basic_appreq,3793046,2408513014699,944
basic_appreq,4289230,2408517343890,944
basic_appreq,4000082,2408521382465,944
basic_appreq,4965495,2408526381822,944
basic_appreq,4927920,2408531345183,944
basic_appreq,4694845,2408536084302,944
basic_appreq,3279339,2408539404195,944
basic_appreq,4224168,2408543666151,944
basic_appreq,3480698,2408547190823,944
basic_appreq,4617511,2408551842877,944
basic_appreq,4187606,2408556066187,944
basic_appreq,3118533,2408559220979,944
basic_appreq,4311030,2408563568824,944
basic_appreq,4429794,2408568033271,944
basic_appreq,4114011,2408572183435,944
basic_appreq,5556068,2408577782665,944
basic_appreq,4358410,2408582177534,944
basic_appreq,4561882,2408586776475,944
basic_appreq,4007385,2408590819820,944
basic_appreq,4269471,2408595124204,944
basic_appreq,2669045,2408597832206,944
basic_appreq,5187316,2408603055822,944
basic_appreq,4878499,2408607973308,944
basic_appreq,4081716,2408612910451,944
basic_appreq,4574145,2408617534793,944
basic_appreq,4926564,2408622494720,944
basic_appreq,2983058,2408625513439,944
basic_appreq,3838742,2408629395717,944
basic_appreq,3817309,2408633257651,944
basic_appreq,5042146,2408638338340,944
basic_appreq,5151258,2408643526937,944
basic_appreq,4379503,2408647941008,944
basic_appreq,5579826,2408653564804,944
basic_appreq,4378725,2408657982295,944
basic_appreq,4907976,2408662937599,944
basic_appreq,3437498,2408666432974,944
basic_appreq,4011630,2408670488195,944
basic_appreq,2778466,2408673303612,944
basic_appreq,4626486,2408677982432,944
basic_appreq,5298140,2408683337380,944
basic_appreq,5196861,2408688593363,944
basic_appreq,4311044,2408692940912,944
basic_appreq,3242804,2408696221108,944
basic_appreq,5065014,2408701322074,944
basic_appreq,5085278,2408706480824,944
basic_appreq,3233187,2408709750973,944
basic_appreq,4342489,2408714136089,944
basic_appreq,3365574,2408717551937,944
basic_appreq,4931421,2408722514628,944
basic_appreq,5029264,2408727579452,944
basic_appreq,4709709,2408732325713,944
basic_appreq,4701034,2408737064914,944
basic_appreq,4836127,2408741944497,944
basic_appreq,4309818,2408746289431,944
basic_appreq,4675714,2408750999628,944
basic_appreq,3213179,2408754251134,944
basic_appreq,4207877,2408758503319,944
basic_appreq,3436982,2408761975374,944
basic_appreq,4326010,2408766336810,944
basic_appreq,4751054,2408771128191,944
basic_appreq,4001738,2408775169327,944
basic_appreq,4707041,2408779912602,944
basic_appreq,4942092,2408784891211,944
basic_appreq,4981139,2408789909203,944
basic_appreq,5153623,2408795100519,944
basic_appreq,5381512,2408800541036,944
basic_appreq,5110260,2408805684093,944
basic_appreq,4867966,2408810587711,944
basic_appreq,2840285,2408813520839,944
basic_appreq,3375928,2408816932585,944
basic_appreq,3914835,2408820894330,944
basic_appreq,5460753,2408826393172,944
basic_appreq,5264778,2408831696182,944
basic_appreq,4500205,2408836230797,944
basic_appreq,4232296,2408840503941,944
basic_appreq,4116718,2408844655449,944
basic_appreq,4673087,2408849367168,944
basic_appreq,4233405,2408853638762,944
basic_appreq,3991437,2408857669592,944
basic_appreq,4482841,2408862187706,944
basic_appreq,3458531,2408865680023,944
basic_appreq,4441739,2408870165718,944
basic_appreq,4285251,2408874486032,944
basic_appreq,3828245,2408878350486,944
basic_appreq,4062514,2408882450874,944
basic_appreq,3943103,2408886429650,944
basic_appreq,5374192,2408891843736,944
basic_appreq,5016525,2408896903926,944
basic_appreq,5129422,2408902085206,944
basic_appreq,5025301,2408907150200,944
basic_appreq,5256144,2408912443625,944
basic_appreq,4635676,2408917120984,944
basic_appreq,3090108,2408920248218,944
basic_appreq,3218540,2408923502794,944
basic_appreq,5245779,2408928796794,944
basic_appreq,4708024,2408933538792,944
basic_appreq,4729520,2408938304197,944
basic_appreq,4606141,2408942969653,944
basic_appreq,4215684,2408947225477,944
basic_appreq,4952478,2408952213765,944
basic_appreq,4908808,2408957158999,944
basic_appreq,4251853,2408961448762,944
basic_appreq,5436198,2408966927050,944
basic_appreq,4435048,2408971396320,944
basic_appreq,4695924,2408976123798,944
basic_appreq,3252249,2408979409462,944
basic_appreq,4359955,2408983803931,944
basic_appreq,4207034,2408988048237,944
basic_appreq,4004701,2408992105129,944
basic_appreq,4728236,2408996871826,944
basic_appreq,5077029,2409001986420,944
basic_appreq,3239139,2409005307642,944
basic_appreq,4013108,2409009359143,944
basic_appreq,4522366,2409013915752,944
basic_appreq,4080139,2409018032603,944
basic_appreq,3862627,2409021946674,944
basic_appreq,4318320,2409026300863,944
basic_appreq,4365585,2409030700574,944
basic_appreq,4904459,2409035639622,944
basic_appreq,4799314,2409040500290,944
basic_appreq,3277567,2409043813479,944
basic_appreq,4271610,2409048123071,944
basic_appreq,3768717,2409051928514,944
basic_appreq,4650966,2409056614583,944
basic_appreq,4825228,2409061486823,944
basic_appreq,4674020,2409066204884,944
basic_appreq,4986839,2409071228214,944
basic_appreq,3262104,2409074530916,944
basic_appreq,3966425,2409078536704,944
basic_appreq,4232811,2409082806065,944
basic_appreq,3889984,2409086731661,944
basic_appreq,4554588,2409091322034,944
basic_appreq,4499848,2409095857732,944
basic_appreq,3060571,2409098953036,944
basic_appreq,3217667,2409102204184,944
basic_appreq,5226656,2409107477522,944
basic_appreq,4798010,2409112318840,944
basic_appreq,5028953,2409117384902,944
basic_appreq,5193470,2409122614224,944
basic_appreq,3793103,2409126441554,944
basic_appreq,4399046,2409130878689,944
basic_appreq,3270781,2409134189805,944
basic_appreq,4187494,2409138417158,944
basic_appreq,4607580,2409143071781,944
basic_appreq,3633318,2409146748422,944
basic_appreq,4576916,2409151361999,944
basic_appreq,5127739,2409156528673,944
basic_appreq,4380581,2409160945277,944
basic_appreq,4576593,2409165562592,944
basic_appreq,4832725,2409170432015,944
basic_appreq,5596831,2409176099209,944
basic_appreq,4551810,2409180690592,944
basic_appreq,4554869,2409185279607,944
basic_appreq,4791426,2409190108159,944
basic_appreq,7207493,2409197387166,944
basic_appreq,4171820,2409201602376,944
basic_appreq,4227475,2409205875558,944
basic_appreq,5189558,2409211108089,944
basic_appreq,4770629,2409215919910,944
basic_appreq,5158913,2409221115685,944
basic_appreq,5509250,2409226675748,944
basic_appreq,4796019,2409231509201,944
basic_appreq,4581091,2409236124270,944
basic_appreq,5483783,2409241646716,944
basic_appreq,4927786,2409246637196,944
basic_appreq,4620193,2409251293883,944
basic_appreq,5026369,2409256365057,944
basic_appreq,3390347,2409259797459,944
basic_appreq,4056098,2409263890037,944
basic_appreq,4607514,2409268535016,944
basic_appreq,3792703,2409272368076,944
basic_appreq,4836864,2409277249416,944
basic_appreq,4733769,2409282019584,944
basic_appreq,4445310,2409286500649,944
basic_appreq,4554117,2409291090295,944
basic_appreq,3117786,2409294244126,944
basic_appreq,3795345,2409298079248,944
basic_appreq,4054107,2409302167270,944
basic_appreq,4729360,2409306935155,944
basic_appreq,4449617,2409311418620,944
basic_appreq,5437524,2409316897892,944
basic_appreq,4556977,2409321496954,944
basic_appreq,5231828,2409326769119,944
basic_appreq,4779296,2409331584651,944
basic_appreq,4304403,2409335940175,944
basic_appreq,4221031,2409340201053,944
basic_appreq,5018544,2409345258294,944
basic_appreq,5231338,2409350527727,944
basic_appreq,4764355,2409355330981,944
basic_appreq,3987362,2409359374529,944
basic_appreq,4985646,2409364402587,944
basic_appreq,3264294,2409367701847,944
basic_appreq,4431955,2409372171960,944
basic_appreq,4207922,2409376418379,944
basic_appreq,3064272,2409379520945,944
basic_appreq,3833311,2409383385097,944
basic_appreq,3126236,2409386573006,944
basic_appreq,4027232,2409390640352,944
basic_appreq,3887932,2409394566379,944
basic_appreq,4017705,2409398643940,944
basic_appreq,4646793,2409403337002,944
basic_appreq,4535140,2409407906811,944
basic_appreq,4947308,2409412893653,944
basic_appreq,3241826,2409416191916,944
basic_appreq,4158795,2409420395680,944
basic_appreq,4060027,2409424494724,944
basic_appreq,4409713,2409428939138,944
basic_appreq,4811331,2409433787562,944
basic_appreq,4964485,2409438787934,944
basic_appreq,4936233,2409443760202,944
basic_appreq,5478341,2409449277686,944
basic_appreq,4869009,2409454184460,944
basic_appreq,4704996,2409458927734,944
basic_appreq,5059330,2409464054083,944
basic_appreq,5052433,2409469146606,944
basic_appreq,4916040,2409474093862,944
basic_appreq,4236792,2409478362637,944
basic_appreq,4277468,2409482676226,944
basic_appreq,4194889,2409486905976,944
basic_appreq,4428550,2409491379268,944
basic_appreq,3785517,2409495200931,944
basic_appreq,4858627,2409500102372,944
basic_appreq,3460708,2409503606925,944
basic_appreq,4265580,2409507918014,944
basic_appreq,4032829,2409511981327,944
basic_appreq,3450033,2409515487206,944
basic_appreq,4897633,2409520420658,944
basic_appreq,4359821,2409524817322,944
basic_appreq,4084365,2409528937285,944
basic_appreq,5140867,2409534116889,944
basic_appreq,5056037,2409539208883,944
basic_appreq,5156180,2409544399746,944
basic_appreq,3195181,2409547651876,944
basic_appreq,4371259,2409552060112,944
basic_appreq,4879652,2409556975621,944
basic_appreq,3699713,2409560716101,944
basic_appreq,4152229,2409564904562,944
basic_appreq,3776909,2409568722841,944
basic_appreq,4219346,2409572980967,944
basic_appreq,4662968,2409577681450,944
basic_appreq,4929518,2409582647861,944
basic_appreq,2847432,2409585566197,944
basic_appreq,3159887,2409588762648,944
basic_appreq,4162836,2409592960470,944
basic_appreq,4758983,2409597764590,944
basic_appreq,3689142,2409601491368,944
basic_appreq,4895448,2409606425813,944
basic_appreq,4642237,2409611106214,944
basic_appreq,4941028,2409616081293,944
basic_appreq,4498549,2409620636800,944
basic_appreq,4259775,2409624947196,944
basic_appreq,4191124,2409629172711,944
basic_appreq,6624052,2409635834307,944
basic_appreq,4691075,2409640564416,944
basic_appreq,4658976,2409645255653,944
basic_appreq,4872830,2409650170782,944
basic_appreq,4848868,2409655057831,944
basic_appreq,4527683,2409659622262,944
basic_appreq,3174176,2409662836118,944
basic_appreq,3989003,2409666857759,944
basic_appreq,3836896,2409670736891,944
basic_appreq,4788025,2409675560720,944
basic_appreq,4860833,2409680457671,944
basic_appreq,4228998,2409684720820,944
basic_appreq,3819812,2409688596398,944
basic_appreq,3979137,2409692611158,944
basic_appreq,4788710,2409697445199,944
basic_appreq,3738139,2409701240333,944
basic_appreq,3433819,2409704717333,944
basic_appreq,4535416,2409709290989,944
basic_appreq,3533269,2409712868846,944
basic_appreq,4874396,2409717778054,944
basic_appreq,4686201,2409722518597,944
basic_appreq,3302437,2409725869148,944
basic_appreq,4191598,2409730107162,944
basic_appreq,4240515,2409734395395,944
basic_appreq,4956679,2409739391431,944
basic_appreq,5102480,2409744532231,944
basic_appreq,4274845,2409748854866,944
basic_appreq,4337050,2409753230823,944
basic_appreq,5467689,2409758738814,944
basic_appreq,4908623,2409763695872,944
basic_appreq,4818787,2409768561002,944
basic_appreq,5062472,2409773660453,944
basic_appreq,4649322,2409778345813,944
basic_appreq,4828975,2409783210726,944
basic_appreq,5065008,2409788313985,944
basic_appreq,4967133,2409793358070,944
basic_appreq,4326161,2409797727862,944
basic_appreq,5203804,2409802972759,944
basic_appreq,4637284,2409807676922,944
basic_appreq,4941986,2409812655542,944
basic_appreq,4437179,2409817130949,944
basic_appreq,3409179,2409820580008,944
basic_appreq,4350162,2409824968673,944
basic_appreq,4359600,2409829365571,944
basic_appreq,3259828,2409832661948,944
basic_appreq,4294632,2409836990837,944
basic_appreq,4082103,2409841106122,944
basic_appreq,5078084,2409846221326,944
basic_appreq,4760119,2409851022007,944
basic_appreq,4766461,2409855825769,944
basic_appreq,5265637,2409861131658,944
basic_appreq,5538761,2409866701599,944
basic_appreq,3528305,2409870279163,944
basic_appreq,5462840,2409875777790,944
basic_appreq,3045526,2409878861690,944
basic_appreq,4136117,2409883036503,944
basic_appreq,3956382,2409887030764,944
basic_appreq,4295256,2409891363514,944
basic_appreq,4720808,2409896127249,944
basic_appreq,5053764,2409901215844,944
basic_appreq,4691478,2409905945983,944
basic_appreq,3046389,2409909030314,944
basic_appreq,3708274,2409912775560,944
basic_appreq,3975279,2409916786880,944
basic_appreq,4391932,2409921217078,944
basic_appreq,4589891,2409925851807,944
basic_appreq,4670217,2409930562044,944
basic_appreq,4681363,2409935278898,944
basic_appreq,5496542,2409940847993,944
basic_appreq,4905809,2409945790623,944
basic_appreq,4974545,2409950801013,944
basic_appreq,5083761,2409955930799,944
basic_appreq,3127991,2409959098274,944
basic_appreq,2910244,2409962045414,944
basic_appreq,5165145,2409967249246,944
basic_appreq,4571440,2409971857803,944
basic_appreq,4695650,2409976592718,944
basic_appreq,4956394,2409981590033,944
basic_appreq,3217050,2409984842896,944
basic_appreq,4132464,2409989008193,944
basic_appreq,3174572,2409992223528,944
basic_appreq,5009765,2409997270847,944
basic_appreq,4293035,2410001604949,944
basic_appreq,4577828,2410006224844,944
basic_appreq,4103947,2410010388589,944
basic_appreq,3357779,2410013783721,944
basic_appreq,4071702,2410017891352,944
basic_appreq,3762891,2410021693331,944
basic_appreq,4986297,2410026716937,944
basic_appreq,4834112,2410031590003,944
basic_appreq,4792120,2410036414503,944
basic_appreq,4259078,2410040706480,944
basic_appreq,3999741,2410044746432,944
basic_appreq,3573410,2410048352418,944
basic_appreq,3784936,2410052184509,944
basic_appreq,4493902,2410056725488,944
basic_appreq,4335780,2410061102249,944
basic_appreq,4044925,2410065182229,944
basic_appreq,4233944,2410069463288,944
basic_appreq,4174927,2410073676187,944
basic_appreq,2774778,2410076502442,944
basic_appreq,4382528,2410080922903,944
basic_appreq,4473662,2410085440721,944
basic_appreq,4300006,2410089780259,944
basic_appreq,3834623,2410093648174,944
basic_appreq,5245651,2410098927630,944
basic_appreq,5114407,2410104078913,944
basic_appreq,5110029,2410109225564,944
basic_appreq,4912888,2410114182279,944
basic_appreq,4694701,2410118912051,944
basic_appreq,3361852,2410122315309,944
basic_appreq,4424294,2410126778113,944
basic_appreq,3298814,2410130116758,944
basic_appreq,5011175,2410135163981,944
basic_appreq,4570283,2410139769553,944
basic_appreq,5037003,2410144841681,944
basic_appreq,4505719,2410149383258,944
basic_appreq,4933942,2410154371267,944
basic_appreq,4906257,2410159321991,944
basic_appreq,5035970,2410164410569,944
basic_appreq,4288195,2410168736024,944
basic_appreq,3445781,2410172221211,944
basic_appreq,4199516,2410176458732,944
basic_appreq,3107839,2410179600929,944
basic_appreq,4613279,2410184252496,944
basic_appreq,4493174,2410188778936,944
basic_appreq,4803479,2410193617095,944
basic_appreq,5025711,2410198682180,944
basic_appreq,4879630,2410203595587,944
basic_appreq,4595247,2410208224845,944
basic_appreq,5256979,2410213541646,944
basic_appreq,3126534,2410216732208,944
basic_appreq,4075692,2410220844367,944
basic_appreq,2864790,2410223743199,944
basic_appreq,4655412,2410228434083,944
basic_appreq,4335697,2410232810768,944
basic_appreq,5063179,2410237913620,944
basic_appreq,4681762,2410242634869,944
basic_appreq,3218313,2410245887665,944
basic_appreq,4079511,2410250002579,944
basic_appreq,3252847,2410253296320,944
basic_appreq,4329979,2410257662534,944
basic_appreq,4705799,2410262404578,944
basic_appreq,4310754,2410266752088,944
basic_appreq,3110748,2410269903909,944
basic_appreq,3265405,2410273206027,944
basic_appreq,5350953,2410278602728,944
basic_appreq,4938292,2410283583800,944
basic_appreq,4849473,2410288468827,944
basic_appreq,5105621,2410293643979,944
basic_appreq,5009974,2410298692203,944
basic_appreq,4951640,2410303688156,944
basic_appreq,5063317,2410308805529,944
basic_appreq,3096699,2410311960087,944
basic_appreq,4241633,2410316266804,944
basic_appreq,4227142,2410320531542,944
basic_appreq,3971305,2410324542067,944
basic_appreq,4353427,2410328941576,944
basic_appreq,4890922,2410333865944,944
basic_appreq,4154339,2410338058125,944
basic_appreq,5094134,2410343192350,944
basic_appreq,4662909,2410347889941,944
basic_appreq,3274372,2410351200856,944
basic_appreq,4104109,2410355343768,944
basic_appreq,3376206,2410358757326,944
basic_appreq,5025477,2410363818217,944
basic_appreq,5222143,2410369078129,944
basic_appreq,4365712,2410373479238,944
basic_appreq,7265867,2410380786481,944
basic_appreq,4345414,2410385175827,944
basic_appreq,3974637,2410389192669,944
basic_appreq,5165725,2410394408245,944
basic_appreq,4690054,2410399130919,944
basic_appreq,5061740,2410404235412,944
basic_appreq,4632261,2410408907571,944
basic_appreq,5172943,2410414136533,944
basic_appreq,4345875,2410418516804,944
basic_appreq,4970645,2410423527613,944
basic_appreq,4986988,2410428573333,944
basic_appreq,4955668,2410433572582,944
basic_appreq,5146090,2410438759382,944
basic_appreq,4637842,2410443457021,944
basic_appreq,4244466,2410447738999,944
basic_appreq,3183174,2410450957865,944
basic_appreq,3189316,2410454187116,944
basic_appreq,4639708,2410458860592,944
basic_appreq,4433665,2410463334946,944
basic_appreq,3359726,2410466754943,944
basic_appreq,4463506,2410471256161,944
basic_appreq,4239648,2410475535252,944
basic_appreq,4371246,2410479944487,944
basic_appreq,4489322,2410484471450,944
basic_appreq,4015431,2410488526101,944
basic_appreq,3555111,2410492120369,944
basic_appreq,4653543,2410496820785,944
basic_appreq,2892274,2410499770547,944
basic_appreq,4484941,2410504286482,944
basic_appreq,4091434,2410508415206,944
basic_appreq,3746069,2410512198497,944
basic_appreq,4714946,2410516952916,944
basic_appreq,4768623,2410521758472,944
basic_appreq,5180606,2410526975965,944
basic_appreq,4899661,2410531902192,944
basic_appreq,2935315,2410534869436,944
basic_appreq,4457076,2410539357435,944
basic_appreq,4090705,2410543478623,944
basic_appreq,4038865,2410547552761,944
basic_appreq,4670169,2410552256209,944
basic_appreq,4872749,2410557165980,944
basic_appreq,5147465,2410562346965,944
basic_appreq,3912930,2410566296228,944
basic_appreq,4884119,2410571220607,944
basic_appreq,5481171,2410576741772,944
basic_appreq,2763787,2410579556775,944
basic_appreq,2910818,2410582498207,944
basic_appreq,11242812,2410593775380,944
basic_appreq,5846909,2410599666830,944
basic_appreq,4752932,2410604460063,944
basic_appreq,5767427,2410610291446,944
basic_appreq,3475374,2410613808091,944
basic_appreq,4424782,2410618272081,944
basic_appreq,4394295,2410622702258,944
basic_appreq,4086985,2410626825199,944
basic_appreq,4281481,2410631143959,944
basic_appreq,4182512,2410635363186,944
basic_appreq,4679336,2410640079499,944
basic_appreq,4004239,2410644133092,944
basic_appreq,3897676,2410648079058,944
basic_appreq,5341752,2410653471977,944
basic_appreq,2942404,2410656460325,944
basic_appreq,3897737,2410660403442,944
basic_appreq,4040439,2410664489012,944
basic_appreq,4643679,2410669200703,944
basic_appreq,4765656,2410674009730,944
basic_appreq,4494565,2410678540818,944
basic_appreq,4333835,2410682918862,944
basic_appreq,6163869,2410689136117,944
basic_appreq,4670241,2410693842218,944
basic_appreq,4814878,2410698696686,944
basic_appreq,5231366,2410703971978,944
basic_appreq,4691114,2410708721635,944
basic_appreq,5032617,2410713815907,944
basic_appreq,5061754,2410718914444,944
basic_appreq,5112616,2410724088688,944
basic_appreq,3005094,2410727144483,944
basic_appreq,3334944,2410730525940,944
basic_appreq,5077394,2410735643079,944
basic_appreq,5246437,2410740935587,944
basic_appreq,4879330,2410745864090,944
basic_appreq,4641933,2410750555830,944
basic_appreq,3078150,2410753683311,944
basic_appreq,3942719,2410757670558,944
basic_appreq,4230198,2410761945631,944
basic_appreq,4740479,2410766728852,944
basic_appreq,5005744,2410771767820,944
basic_appreq,4872258,2410776681460,944
basic_appreq,4369123,2410781088005,944
basic_appreq,4805995,2410785930994,944
basic_appreq,4415112,2410790412346,944
basic_appreq,4466351,2410794920172,944
basic_appreq,5153728,2410800112771,944
basic_appreq,5193688,2410805358688,944
basic_appreq,4728031,2410810139593,944
basic_appreq,4435985,2410814616453,944
basic_appreq,3089644,2410817747965,944
basic_appreq,4401831,2410822187428,944
basic_appreq,4008005,2410826229626,944
basic_appreq,3838541,2410830104159,944
basic_appreq,4680769,2410834820527,944
basic_appreq,4498324,2410839364671,944
basic_appreq,4506542,2410843905983,944
basic_appreq,3543094,2410847492926,944
basic_appreq,5093381,2410852626048,944
basic_appreq,4708968,2410857377157,944
basic_appreq,5268924,2410862680211,944
basic_appreq,4543575,2410867262203,944
basic_appreq,4759422,2410872055622,944
basic_appreq,3054681,2410875144493,944
basic_appreq,4092802,2410879268391,944
basic_appreq,4418319,2410883721992,944
basic_appreq,4116816,2410887875811,944
basic_appreq,4892487,2410892807047,944
basic_appreq,4702921,2410897546557,944
basic_appreq,5064681,2410902653075,944
basic_appreq,5032527,2410907758925,944
basic_appreq,3035890,2410910829262,944
basic_appreq,3024525,2410913889192,944
basic_appreq,3925295,2410917848677,944
basic_appreq,4325829,2410922210676,944
basic_appreq,5064352,2410927324370,944
basic_appreq,4586821,2410931950685,944
basic_appreq,5012359,2410937005159,944
basic_appreq,5164695,2410942204279,944
basic_appreq,3985794,2410946224590,944
basic_appreq,4262224,2410950520944,944
basic_appreq,5509552,2410956075304,944
basic_appreq,2840122,2410958998562,944
basic_appreq,3283379,2410962315835,944
basic_appreq,4643164,2410966994052,944
basic_appreq,4809438,2410971843152,944
basic_appreq,3336671,2410975217087,944
basic_appreq,4796565,2410980048354,944
basic_appreq,3590719,2410983674946,944
basic_appreq,5030039,2410988737874,944
basic_appreq,4340043,2410993113322,944
basic_appreq,4736492,2410997889857,944
basic_appreq,3017914,2411000958366,944
basic_appreq,4110305,2411005108651,944
basic_appreq,4073304,2411009220950,944
basic_appreq,4386878,2411013647978,944
basic_appreq,4404195,2411018092747,944
basic_appreq,3840504,2411021971480,944
basic_appreq,4288274,2411026293407,944
basic_appreq,4659534,2411030992011,944
basic_appreq,3789441,2411034815906,944
basic_appreq,4463566,2411039314567,944
basic_appreq,4693084,2411044044753,944
basic_appreq,4677855,2411048757721,944
basic_appreq,4680242,2411053476834,944
basic_appreq,4811327,2411058327461,944
basic_appreq,3363037,2411061729421,944
basic_appreq,4355464,2411066132556,944
basic_appreq,4210645,2411070381756,944
basic_appreq,4442177,2411074858002,944
basic_appreq,3669070,2411078559259,944
basic_appreq,4719414,2411083322263,944
basic_appreq,4703364,2411088058358,944
basic_appreq,3224671,2411091318059,944
basic_appreq,4175597,2411095526177,944
basic_appreq,4069336,2411099629736,944
basic_appreq,3864502,2411103530255,944
basic_appreq,5042234,2411108608388,944
basic_appreq,4811786,2411113458013,944
basic_appreq,4532337,2411118025839,944
basic_appreq,5250474,2411123321135,944
basic_appreq,4944281,2411128298968,944
basic_appreq,2939444,2411131281455,944
basic_appreq,3925168,2411135246935,944
basic_appreq,4220469,2411139508940,944
basic_appreq,4781114,2411144326661,944
basic_appreq,4591435,2411148975834,944
basic_appreq,4407040,2411153416656,944
basic_appreq,4418127,2411157871181,944
basic_appreq,5001644,2411162908853,944
basic_appreq,4790896,2411167737888,944
basic_appreq,3818178,2411171596067,944
basic_appreq,4454287,2411176089073,944
basic_appreq,4773484,2411180906220,944
basic_appreq,3011507,2411183976325,944
basic_appreq,4121759,2411188154514,944
basic_appreq,4288548,2411192477222,944
basic_appreq,3769589,2411196282285,944
basic_appreq,3942635,2411200266987,944
basic_appreq,4666695,2411204976007,944
basic_appreq,4685641,2411209698951,944
basic_appreq,4571627,2411214305721,944
basic_appreq,3530581,2411217873033,944
basic_appreq,3916851,2411221827859,944
basic_appreq,4450551,2411226313380,944
basic_appreq,4460864,2411230812802,944
basic_appreq,3566423,2411234422176,944
basic_appreq,4944952,2411239401412,944
basic_appreq,5082025,2411244524877,944
basic_appreq,4544282,2411249111682,944
basic_appreq,5083003,2411254253488,944
basic_appreq,2948839,2411257238243,944
basic_appreq,3378734,2411260667644,944
basic_appreq,4858034,2411265587577,944
basic_appreq,4485394,2411270119882,944
basic_appreq,5349302,2411275502927,944
basic_appreq,4898518,2411280435634,944
basic_appreq,4396902,2411284870072,944
basic_appreq,5275433,2411290182221,944
basic_appreq,3073077,2411293301255,944
basic_appreq,3471808,2411296819248,944
basic_appreq,3682020,2411300544209,944
basic_appreq,5885359,2411306494435,944
basic_appreq,4397328,2411310937500,944
basic_appreq,4662933,2411315636123,944
basic_appreq,4794628,2411320467434,944
basic_appreq,4330327,2411324843692,944
basic_appreq,4971711,2411329866411,944
basic_appreq,5298794,2411335241867,944
basic_appreq,5001956,2411340281108,944
basic_appreq,4066404,2411344403606,944
basic_appreq,4104704,2411348548159,944
basic_appreq,3436261,2411352025842,944
basic_appreq,3825394,2411355888545,944
basic_appreq,3640668,2411359567856,944
basic_appreq,4194742,2411363807148,944
basic_appreq,3360043,2411367209623,944
basic_appreq,4866826,2411372127643,944
basic_appreq,3939544,2411376113301,944
basic_appreq,4303618,2411380451007,944
basic_appreq,4263858,2411384752791,944
basic_appreq,4587007,2411389398490,944
basic_appreq,3483061,2411392931997,944
basic_appreq,4612792,2411397581877,944
basic_appreq,5328353,2411402945578,944
basic_appreq,4991054,2411407980620,944
basic_appreq,4875213,2411412916996,944
basic_appreq,5218499,2411418171871,944
basic_appreq,8771864,2411426988264,944
basic_appreq,3991741,2411431024884,944
basic_appreq,5326234,2411436399167,944
basic_appreq,3097997,2411439566653,944
basic_appreq,4282025,2411443885937,944
basic_appreq,3963391,2411447889212,944
basic_appreq,4586687,2411452525136,944
basic_appreq,4586439,2411457152464,944
basic_appreq,4696322,2411461888191,944
basic_appreq,4168999,2411466093924,944
basic_appreq,4623352,2411470755851,944
basic_appreq,4465530,2411475273266,944
basic_appreq,5508532,2411480858458,944
basic_appreq,4853124,2411485754831,944
basic_appreq,5059709,2411490852897,944
basic_appreq,4304636,2411495209578,944
basic_appreq,4335704,2411499585118,944
basic_appreq,3531279,2411503155877,944
basic_appreq,4235142,2411507430204,944
basic_appreq,4486891,2411511958385,944
basic_appreq,3291251,2411515290414,944
basic_appreq,4006115,2411519332878,944
basic_appreq,5597795,2411524980752,944
basic_appreq,4552012,2411529572116,944
basic_appreq,4782350,2411534396657,944
basic_appreq,4785846,2411539217906,944
basic_appreq,4965645,2411544240079,944
basic_appreq,5441170,2411549719655,944
basic_appreq,5123636,2411554882560,944
basic_appreq,5411556,2411560342490,944
basic_appreq,5085018,2411565480864,944
basic_appreq,4982015,2411570499549,944
basic_appreq,3391611,2411573952199,944
basic_appreq,4171217,2411578172670,944
basic_appreq,4414974,2411582629299,944
basic_appreq,3732123,2411586405201,944
basic_appreq,3958361,2411590410164,944
basic_appreq,4762131,2411595206283,944
basic_appreq,4822663,2411600067594,944
basic_appreq,5406352,2411605536934,944
basic_appreq,4715669,2411610289395,944
basic_appreq,4662760,2411614988693,944
basic_appreq,5336178,2411620377027,944
basic_appreq,6167085,2411626610457,944
basic_appreq,4681933,2411631330945,944
basic_appreq,4914124,2411636283047,944
basic_appreq,4211427,2411640532098,944
basic_appreq,4282922,2411644851231,944
basic_appreq,4358559,2411649257634,944
basic_appreq,4742876,2411654055242,944
basic_appreq,3509066,2411657599977,944
basic_appreq,3657643,2411661296499,944
basic_appreq,4551980,2411665882391,944
basic_appreq,4037531,2411669957308,944
basic_appreq,4265190,2411674261607,944
basic_appreq,4746526,2411679043222,944
basic_appreq,5028557,2411684114451,944
basic_appreq,4656686,2411688808266,944
basic_appreq,3907672,2411692756725,944
basic_appreq,3647884,2411696440733,944
basic_appreq,4485236,2411700970441,944
basic_appreq,3689050,2411704712554,944
basic_appreq,4721338,2411709469939,944
basic_appreq,4308156,2411713816453,944
basic_appreq,4177471,2411718030837,944
basic_appreq,5041896,2411723109270,944
basic_appreq,4595033,2411727742079,944
basic_appreq,3066120,2411730846469,944
basic_appreq,4140760,2411735021288,944
basic_appreq,3165371,2411738250708,944
basic_appreq,5012374,2411743315816,944
basic_appreq,4278515,2411747631099,944
basic_appreq,5068062,2411752742257,944
basic_appreq,4819394,2411757636398,944
basic_appreq,3155064,2411760843638,944
basic_appreq,4133281,2411765012523,944
basic_appreq,4245968,2411769292779,944
basic_appreq,3772225,2411773101343,944
basic_appreq,4539546,2411777685391,944
basic_appreq,4953402,2411782675538,944
basic_appreq,4695239,2411787404986,944
basic_appreq,4444499,2411791884434,944
basic_appreq,4192296,2411796115152,944
basic_appreq,4860161,2411801029632,944
basic_appreq,4125618,2411805198858,944
basic_appreq,4662408,2411809921676,944
basic_appreq,4533375,2411814494867,944
basic_appreq,4390360,2411818922763,944
basic_appreq,3534833,2411822488273,944
basic_appreq,4421603,2411826939128,944
basic_appreq,4571107,2411831551544,944
basic_appreq,3233750,2411834819875,944
basic_appreq,4745924,2411839608404,944
basic_appreq,4677198,2411844326759,944
basic_appreq,4546980,2411848920261,944
basic_appreq,3464321,2411852419954,944
basic_appreq,4319235,2411856776474,944
basic_appreq,3559648,2411860374773,944
basic_appreq,4556169,2411864968050,944
basic_appreq,4457271,2411869461841,944
basic_appreq,3380555,2411872889398,944
basic_appreq,4455315,2411877379795,944
basic_appreq,4724259,2411882144739,944
basic_appreq,3862178,2411886046115,944
basic_appreq,4221717,2411890304410,944
basic_appreq,4703085,2411895047228,944
basic_appreq,3900333,2411898987357,944
basic_appreq,4044355,2411903066897,944
basic_appreq,5066524,2411908169199,944
basic_appreq,5238937,2411913453729,944
basic_appreq,4478110,2411917968923,944
basic_appreq,5034998,2411923042103,944
basic_appreq,5028019,2411928105508,944
basic_appreq,3405148,2411931550110,944
basic_appreq,4892543,2411936483689,944
basic_appreq,3614587,2411940135427,944
basic_appreq,2802542,2411942975149,944
basic_appreq,4877134,2411947890583,944
basic_appreq,4704176,2411952630297,944
basic_appreq,4896849,2411957565810,944
basic_appreq,5810694,2411963415251,944
basic_appreq,4966347,2411968443606,944
basic_appreq,4786282,2411973265024,944
basic_appreq,3070232,2411976372427,944
basic_appreq,3621031,2411980031474,944
basic_appreq,3587864,2411983662703,944
basic_appreq,4925445,2411988624369,944
basic_appreq,4134874,2411992798611,944
basic_appreq,5215453,2411998068429,944
basic_appreq,5064044,2412003184689,944
basic_appreq,5585145,2412008809767,944
basic_appreq,4704184,2412013554744,944
basic_appreq,4922265,2412018510852,944
basic_appreq,5103068,2412023662059,944
basic_appreq,4565809,2412028266124,944
basic_appreq,4975052,2412033284341,944
basic_appreq,5082290,2412038423853,944
basic_appreq,3786775,2412042248307,944
basic_appreq,4600869,2412046888515,944
basic_appreq,4304356,2412051231637,944
basic_appreq,4484859,2412055749468,944
basic_appreq,3148142,2412058935054,944
basic_appreq,3489874,2412062464035,944
basic_appreq,4620008,2412067120081,944
basic_appreq,5010842,2412072170066,944
basic_appreq,4132950,2412076340366,944
basic_appreq,4414951,2412080789471,944
basic_appreq,4647163,2412085474056,944
basic_appreq,3293723,2412088803767,944
basic_appreq,4107886,2412092952257,944
basic_appreq,4520112,2412097514589,944
basic_appreq,4700753,2412102257616,944
basic_appreq,3246027,2412105539892,944
basic_appreq,5189336,2412110765411,944
basic_appreq,4382448,2412115184806,944
basic_appreq,4848735,2412120073076,944
basic_appreq,4631120,2412124751170,944
basic_appreq,4684720,2412129482479,944
basic_appreq,4510734,2412134031676,944
basic_appreq,3717773,2412137779688,944
basic_appreq,4109596,2412141920289,944
basic_appreq,4306820,2412146259080,944
basic_appreq,4336615,2412150639767,944
basic_appreq,4269610,2412154944818,944
basic_appreq,4289103,2412159270217,944
basic_appreq,4029683,2412163335711,944
basic_appreq,4216920,2412167594575,944
basic_appreq,4499039,2412172135216,944
basic_appreq,4090397,2412176259773,944
basic_appreq,4531367,2412180832952,944
basic_appreq,4635708,2412185505530,944
basic_appreq,3327392,2412188869837,944
basic_appreq,4271490,2412193180509,944
basic_appreq,4216658,2412197436844,944
basic_appreq,3838359,2412201313286,944
basic_appreq,4334987,2412205692215,944
basic_appreq,4589471,2412210314028,944
basic_appreq,4776752,2412215126932,944
basic_appreq,3241079,2412218409087,944
basic_appreq,4347414,2412222788886,944
basic_appreq,4034252,2412226863349,944
basic_appreq,3879615,2412230776457,944
basic_appreq,4122263,2412234939565,944
basic_appreq,5221688,2412240198926,944
basic_appreq,4125365,2412244363739,944
basic_appreq,5159824,2412249595564,944
basic_appreq,5027503,2412254659709,944
basic_appreq,4509929,2412259208871,944
basic_appreq,3474384,2412262723493,944
basic_appreq,4252747,2412267019923,944
basic_appreq,4125122,2412271184750,944
basic_appreq,3747446,2412274969596,944
basic_appreq,4126139,2412279143519,944
basic_appreq,4381479,2412283573401,944
basic_appreq,4822915,2412288431281,944
basic_appreq,4606513,2412293074345,944
basic_appreq,3907552,2412297026081,944
basic_appreq,5227446,2412302289996,944
basic_appreq,5367401,2412307720631,944
basic_appreq,5462795,2412313218995,944
basic_appreq,5194111,2412318451375,944
basic_appreq,4831989,2412323329269,944
basic_appreq,4219917,2412327587112,944
basic_appreq,4630107,2412332252648,944
basic_appreq,4692654,2412336983123,944
basic_appreq,3980730,2412341011391,944
basic_appreq,5043347,2412346093695,944
basic_appreq,4073142,2412350204968,944
basic_appreq,5683960,2412355925066,944
basic_appreq,5287859,2412361271098,944
basic_appreq,5334310,2412366643331,944
basic_appreq,5782471,2412372469923,944
basic_appreq,4575293,2412377080094,944
basic_appreq,5053378,2412382175531,944
basic_appreq,5314897,2412387555494,944
basic_appreq,4193786,2412391798002,944
basic_appreq,3212802,2412395050809,944
basic_appreq,4386248,2412399470013,944
basic_appreq,3536549,2412403044574,944
basic_appreq,4461785,2412407546074,944
basic_appreq,4596078,2412412182735,944
basic_appreq,3920070,2412416158526,944
basic_appreq,3293214,2412419488280,944
basic_appreq,4446058,2412423967785,944
basic_appreq,4219133,2412428246195,944
basic_appreq,3615973,2412431896368,944
basic_appreq,5072143,2412437000540,944
basic_appreq,4596256,2412441634223,944
basic_appreq,4672711,2412446352121,944
basic_appreq,8367538,2412454754319,944
basic_appreq,4208100,2412459010346,944
basic_appreq,3795336,2412462845104,944
basic_appreq,4419842,2412467303490,944
basic_appreq,3869496,2412471208684,944
basic_appreq,4883166,2412476126098,944
basic_appreq,3777048,2412479937265,944
basic_appreq,3183534,2412483156476,944
basic_appreq,4284899,2412487478084,944
basic_appreq,4372173,2412491896824,944
basic_appreq,4979601,2412496917998,944
basic_appreq,4776938,2412501729336,944
basic_appreq,5203902,2412506973477,944
basic_appreq,5017914,2412512032221,944
basic_appreq,4811918,2412516890190,944
basic_appreq,4519375,2412521448880,944
basic_appreq,3770674,2412525276860,944
basic_appreq,3356583,2412528671290,944
basic_appreq,4452345,2412533156418,944
basic_appreq,4572840,2412537763812,944
basic_appreq,4994380,2412542792008,944
basic_appreq,5365802,2412548216323,944
basic_appreq,4559762,2412552814463,944
basic_appreq,3943496,2412556799061,944
basic_appreq,4556557,2412561388761,944
basic_appreq,4547955,2412565971969,944
basic_appreq,3090724,2412569103812,944
basic_appreq,3204535,2412572344364,944
basic_appreq,4457173,2412576838845,944
basic_appreq,4746460,2412581625703,944
basic_appreq,5047585,2412586708531,944
basic_appreq,3295805,2412590055984,944
basic_appreq,4066906,2412594162206,944
basic_appreq,4374914,2412598576434,944
basic_appreq,4387303,2412603009567,944
basic_appreq,4167643,2412607215629,944
basic_appreq,3679004,2412610936176,944
basic_appreq,4634265,2412615609687,944
basic_appreq,4505228,2412620153210,944
basic_appreq,4100414,2412624287175,944
basic_appreq,4060120,2412628388050,944
basic_appreq,5437504,2412633866143,944
basic_appreq,5189995,2412639094151,944
basic_appreq,4556420,2412643684502,944
basic_appreq,5192356,2412648920563,944
basic_appreq,4979104,2412653936988,944
basic_appreq,4960524,2412658947898,944
basic_appreq,5485118,2412664472591,944
basic_appreq,4535846,2412669071289,944
basic_appreq,4610533,2412673723298,944
basic_appreq,3990858,2412677760604,944
basic_appreq,3362583,2412681179407,944
basic_appreq,4958827,2412686174885,944
basic_appreq,4591363,2412690810726,944
basic_appreq,5645600,2412696505059,944
basic_appreq,4779948,2412701323102,944
basic_appreq,4906517,2412706264557,944
basic_appreq,5021531,2412711325851,944
basic_appreq,5226404,2412716595605,944
basic_appreq,4741083,2412721377750,944
basic_appreq,4993517,2412726419768,944
basic_appreq,4643593,2412731121316,944
basic_appreq,4884143,2412736058548,944
basic_appreq,3078368,2412739187549,944
basic_appreq,4374111,2412743594661,944
basic_appreq,3016994,2412746647531,944
basic_appreq,5187311,2412751898122,944
basic_appreq,5302406,2412757240716,944
basic_appreq,4954318,2412762240635,944
basic_appreq,4982082,2412767265233,944
basic_appreq,4801120,2412772124381,944
basic_appreq,3316941,2412775490701,944
basic_appreq,4228665,2412779755555,944
basic_appreq,3655780,2412783451479,944
basic_appreq,4711464,2412788206518,944
basic_appreq,4859418,2412793102002,944
basic_appreq,4415967,2412797554944,944
basic_appreq,4657272,2412802259822,944
basic_appreq,4499958,2412806800483,944
basic_appreq,5713833,2412812569011,944
basic_appreq,4618159,2412817230556,944
basic_appreq,3644925,2412820909966,944
basic_appreq,4591549,2412825536730,944
basic_appreq,4232546,2412829809364,944
basic_appreq,3901580,2412833756687,944
basic_appreq,3972654,2412837783431,944
basic_appreq,4111681,2412841932437,944
basic_appreq,3684542,2412845655483,944
basic_appreq,4962067,2412850655749,944
basic_appreq,4509685,2412855201596,944
basic_appreq,5125588,2412860362572,944
basic_appreq,4241257,2412864639737,944
basic_appreq,4858049,2412869533934,944
basic_appreq,4984673,2412874583083,944
basic_appreq,4767680,2412879387733,944
basic_appreq,4479886,2412883923859,944
basic_appreq,4730485,2412888698443,944
basic_appreq,2973925,2412891729482,944
basic_appreq,4520825,2412896287637,944
basic_appreq,3285653,2412899611276,944
basic_appreq,4326333,2412903982012,944
basic_appreq,4527493,2412908583284,944
basic_appreq,4426047,2412913053202,944
basic_appreq,4115189,2412917223829,944
basic_appreq,3391535,2412920653603,944
basic_appreq,3994987,2412924685322,944
basic_appreq,4608327,2412929333663,944
basic_appreq,4004458,2412933379096,944
basic_appreq,4035594,2412937453824,944
basic_appreq,5656947,2412943154714,944
basic_appreq,5102323,2412948292672,944
basic_appreq,4788790,2412953118292,944
basic_appreq,4573773,2412957736708,944
basic_appreq,5182097,2412962964658,944
basic_appreq,5060779,2412968079116,944
basic_appreq,5233713,2412973348875,944
basic_appreq,4777916,2412978163146,944
basic_appreq,3016244,2412981220215,944
basic_appreq,3138075,2412984396577,944
basic_appreq,4331248,2412988769671,944
basic_appreq,4440191,2412993245703,944
basic_appreq,3849400,2412997129723,944
basic_appreq,3577523,2413000747898,944
basic_appreq,4908623,2413005694909,944
basic_appreq,3728504,2413009470310,944
basic_appreq,3308532,2413012819733,944
basic_appreq,4547876,2413017403220,944
basic_appreq,4977800,2413022414838,944
basic_appreq,4856154,2413027303733,944
basic_appreq,4108720,2413031456621,944
basic_appreq,4758622,2413036260633,944
basic_appreq,2849202,2413039162771,944
basic_appreq,4578610,2413043775183,944
basic_appreq,4555376,2413048367395,944
basic_appreq,4600177,2413053008946,944
basic_appreq,4670432,2413057752829,944
basic_appreq,4922033,2413062712318,944
basic_appreq,4732479,2413067479189,944
basic_appreq,3391907,2413070910932,944
basic_appreq,4449686,2413075397239,944
basic_appreq,3997908,2413079429937,944
basic_appreq,3855742,2413083319203,944
basic_appreq,4602453,2413087954645,944
basic_appreq,4938277,2413092927998,944
basic_appreq,5029426,2413098046439,944
basic_appreq,4633314,2413102714460,944
basic_appreq,4699083,2413107467462,944
basic_appreq,3300027,2413110802288,944
basic_appreq,4099518,2413114939895,944
basic_appreq,4315318,2413119294012,944
basic_appreq,3573905,2413122909310,944
basic_appreq,4272405,2413127231009,944
basic_appreq,3986013,2413131254805,944
basic_appreq,3434531,2413134725421,944
basic_appreq,4300562,2413139070353,944
basic_appreq,4506340,2413143615397,944
basic_appreq,4300125,2413147974135,944
basic_appreq,4729731,2413152761760,944
basic_appreq,4367124,2413157165045,944
basic_appreq,3588137,2413160790063,944
basic_appreq,4595002,2413165424184,944
basic_appreq,4898739,2413170379949,944
basic_appreq,5136030,2413175547553,944
basic_appreq,5381090,2413180960757,944
basic_appreq,4341232,2413185350070,944
basic_appreq,3081765,2413188472303,944
basic_appreq,3015101,2413191526394,944
basic_appreq,5189784,2413196754752,944
basic_appreq,4427034,2413201226589,944
basic_appreq,4537527,2413205806988,944
basic_appreq,3904898,2413209743882,944
basic_appreq,4957869,2413214738908,944
basic_appreq,3154205,2413217930181,944
basic_appreq,3978721,2413221946519,944
basic_appreq,3625230,2413225608533,944
basic_appreq,4615054,2413230270096,944
basic_appreq,4371683,2413234674816,944
basic_appreq,5192575,2413239904495,944
basic_appreq,4223632,2413244162725,944
basic_appreq,3656334,2413247853855,944
basic_appreq,3772463,2413251659764,944
basic_appreq,3126550,2413254823004,944
basic_appreq,4669671,2413259533059,944
basic_appreq,3570103,2413263152278,944
basic_appreq,4260393,2413267448684,944
basic_appreq,3912065,2413271400671,944
basic_appreq,3363136,2413274796013,944
basic_appreq,4626229,2413279463256,944
basic_appreq,5149220,2413284656222,944
basic_appreq,4965493,2413289667527,944
basic_appreq,4663042,2413294368627,944
basic_appreq,4783506,2413299200332,944
basic_appreq,5531575,2413304803408,944
basic_appreq,4833183,2413309675157,944
basic_appreq,4990161,2413314707805,944
basic_appreq,4441950,2413319189153,944
basic_appreq,3114600,2413322348351,944
basic_appreq,4360040,2413326755532,944
basic_appreq,4094872,2413330896263,944
basic_appreq,5346763,2413336282250,944
basic_appreq,4885565,2413341212765,944
basic_appreq,4720157,2413345968866,944
basic_appreq,4999665,2413351006694,944
basic_appreq,4613973,2413355704377,944
basic_appreq,4252405,2413359994214,944
basic_appreq,6014921,2413366094702,944
basic_appreq,4756529,2413370889021,944
basic_appreq,4803960,2413375729050,944
basic_appreq,4702880,2413380470116,944
basic_appreq,5389648,2413385899922,944
basic_appreq,4786367,2413390725569,944
basic_appreq,3451646,2413394230753,944
basic_appreq,4249562,2413398519700,944
basic_appreq,3407048,2413401968415,944
basic_appreq,4588979,2413406593607,944
basic_appreq,4869408,2413411501396,944
basic_appreq,3660014,2413415195912,944
basic_appreq,4526265,2413419761366,944
basic_appreq,4982178,2413424781441,944
basic_appreq,5128857,2413429968875,944
basic_appreq,5230940,2413435254181,944
basic_appreq,4578686,2413439868876,944
basic_appreq,5055233,2413444990529,944
basic_appreq,4890780,2413449919247,944
basic_appreq,4615736,2413454584135,944
basic_appreq,3411521,2413458032734,944
basic_appreq,3919545,2413461984523,944
basic_appreq,4357132,2413466377013,944
basic_appreq,4381799,2413470808814,944
basic_appreq,3995314,2413474841183,944
basic_appreq,4800931,2413479677629,944
basic_appreq,8818878,2413488537398,944
basic_appreq,5092345,2413493666086,944
basic_appreq,5089277,2413498802877,944
basic_appreq,5065163,2413503930843,944
basic_appreq,5568964,2413509541910,944
basic_appreq,4908858,2413514487201,944
basic_appreq,4512849,2413519037357,944
basic_appreq,4705189,2413523786506,944
basic_appreq,5385350,2413529214438,944
basic_appreq,4434050,2413533691637,944
basic_appreq,4518755,2413538256983,944
basic_appreq,4979128,2413543281261,944
basic_appreq,4637028,2413547961843,944
basic_appreq,5457831,2413553499993,944
basic_appreq,4475750,2413558009410,944
basic_appreq,4804599,2413562856784,944
basic_appreq,5008125,2413567920542,944
basic_appreq,4392225,2413572347029,944
basic_appreq,3481545,2413575865047,944
basic_appreq,4213427,2413580116105,944
basic_appreq,3687276,2413583851613,944
basic_appreq,4753769,2413588641939,944
basic_appreq,4350721,2413593036688,944
basic_appreq,4469563,2413597545044,944
basic_appreq,4597651,2413602199906,944
basic_appreq,4968740,2413607206308,944
basic_appreq,4688977,2413611954727,944
basic_appreq,4911318,2413616907782,944
basic_appreq,4746759,2413621697022,944
basic_appreq,4126181,2413625857934,944
basic_appreq,4829571,2413630733608,944
basic_appreq,5201042,2413635967715,944
basic_appreq,4608949,2413640640847,944
basic_appreq,5053924,2413645737884,944
basic_appreq,3323469,2413649120732,944
basic_appreq,4053802,2413653210059,944
basic_appreq,3178040,2413656435871,944
basic_appreq,5017983,2413661492526,944
basic_appreq,4375190,2413665906647,944
basic_appreq,5148052,2413671093309,944
basic_appreq,4799340,2413675940714,944
basic_appreq,2917169,2413678895250,944
basic_appreq,3896584,2413682840509,944
basic_appreq,3620379,2413686515990,944
basic_appreq,4512351,2413691076359,944
basic_appreq,4185107,2413695299398,944
basic_appreq,5103605,2413700441099,944
basic_appreq,4946498,2413705431169,944
basic_appreq,4507120,2413709972033,944
basic_appreq,4493060,2413714499464,944
basic_appreq,3340184,2413717878759,944
basic_appreq,4265505,2413722179127,944
basic_appreq,4299661,2413726526352,944
basic_appreq,3506858,2413730077010,944
basic_appreq,10906393,2413741019213,944
basic_appreq,4719127,2413745781864,944
basic_appreq,5978200,2413751820317,944
basic_appreq,5315161,2413757175188,944
basic_appreq,4979883,2413762199906,944
basic_appreq,4682398,2413766929311,944
basic_appreq,5504334,2413772480232,944
basic_appreq,4611937,2413777135132,944
basic_appreq,4453512,2413781639683,944
basic_appreq,3285260,2413784967510,944
basic_appreq,4286958,2413789292235,944
basic_appreq,4082324,2413793421476,944
basic_appreq,3816954,2413797285741,944
basic_appreq,4833573,2413802154953,944
basic_appreq,5054968,2413807246977,944
basic_appreq,5132991,2413812417822,944
basic_appreq,5008460,2413817464297,944
basic_appreq,4892923,2413822394921,944
basic_appreq,4878198,2413827319045,944
basic_appreq,4752085,2413832109399,944
basic_appreq,4918425,2413837066298,944
basic_appreq,4466349,2413841595590,944
basic_appreq,4901489,2413846535003,944
basic_appreq,4315186,2413850887276,944
basic_appreq,4231781,2413855155984,944
basic_appreq,4429569,2413859622112,944
basic_appreq,4763661,2413864431604,944
basic_appreq,4529633,2413868998546,944
basic_appreq,5329810,2413874376617,944
basic_appreq,5000516,2413879416863,944
basic_appreq,5117974,2413884595457,944
basic_appreq,5188054,2413889838136,944
basic_appreq,4536381,2413894449306,944
basic_appreq,5065070,2413899545911,944
basic_appreq,3046816,2413902625475,944
basic_appreq,4059713,2413906726926,944
basic_appreq,3550584,2413910309832,944
basic_appreq,4523268,2413914870753,944
basic_appreq,4726804,2413919639261,944
basic_appreq,3903768,2413923581820,944
basic_appreq,3936183,2413927548996,944
basic_appreq,4533075,2413932113437,944
basic_appreq,3136162,2413935283636,944
basic_appreq,4220316,2413939540200,944
basic_appreq,4490489,2413944064667,944
basic_appreq,3856598,2413947962474,944
basic_appreq,4291481,2413952290513,944
basic_appreq,4888475,2413957215340,944
basic_appreq,5223543,2413962475578,944
basic_appreq,4834563,2413967346580,944
basic_appreq,5047116,2413972431020,944
basic_appreq,4419580,2413976887708,944
basic_appreq,4641646,2413981567590,944
basic_appreq,4908336,2413986515301,944
basic_appreq,3149513,2413989726138,944
basic_appreq,4408668,2413994171156,944
basic_appreq,4221106,2413998430935,944
basic_appreq,4307044,2414002783643,944
basic_appreq,3297390,2414006119555,944
basic_appreq,4806371,2414010960131,944
basic_appreq,4617319,2414015609787,944
basic_appreq,5057809,2414020702869,944
basic_appreq,4250463,2414024985343,944
basic_appreq,5454217,2414030477982,944
basic_appreq,5496252,2414036051898,944
basic_appreq,5610408,2414041710549,944
basic_appreq,4820531,2414046574288,944
basic_appreq,4818129,2414051439465,944
basic_appreq,5478645,2414056967417,944
basic_appreq,4419368,2414061453058,944
basic_appreq,3153815,2414064645941,944
basic_appreq,4451625,2414069133719,944
basic_appreq,4083690,2414073254144,944
basic_appreq,4570510,2414077866257,944
basic_appreq,4123703,2414082021895,944
basic_appreq,3318261,2414085372429,944
basic_appreq,4230959,2414089643155,944
basic_appreq,5049995,2414094732358,944
basic_appreq,4174144,2414098961711,944
basic_appreq,3293259,2414102296773,944
basic_appreq,4397946,2414106733724,944
basic_appreq,4314836,2414111093467,944
basic_appreq,3917086,2414115045065,944
basic_appreq,3744507,2414118828955,944
basic_appreq,5088159,2414123951479,944
basic_appreq,4308745,2414128303714,944
basic_appreq,4907800,2414133255297,944
basic_appreq,4804664,2414138103421,944
basic_appreq,4461350,2414142611425,944
basic_appreq,5007721,2414147665432,944
basic_appreq,5080363,2414152783666,944
basic_appreq,4666582,2414157480481,944
basic_appreq,4690786,2414162210531,944
basic_appreq,5171954,2414167417029,944
basic_appreq,3386038,2414170839116,944
basic_appreq,4071993,2414174948932,944
basic_appreq,4205298,2414179195342,944
basic_appreq,4738944,2414183973462,944
basic_appreq,4429349,2414188480279,944
basic_appreq,3509763,2414192027709,944
basic_appreq,4946715,2414197013441,944
basic_appreq,4428725,2414201486344,944
basic_appreq,4739431,2414206263318,944
basic_appreq,3147501,2414209467588,944
basic_appreq,3993025,2414213500649,944
basic_appreq,4980364,2414218517763,944
basic_appreq,2815409,2414221371430,944
basic_appreq,4093000,2414225502614,944
basic_appreq,4036959,2414229576481,944
basic_appreq,3717202,2414233328752,944
basic_appreq,3726934,2414237105535,944
basic_appreq,4044996,2414241183620,944
basic_appreq,4017242,2414245239673,944
basic_appreq,4807942,2414250085185,944
basic_appreq,4856855,2414254989547,944
basic_appreq,4949533,2414259974698,944
basic_appreq,4931390,2414264969178,944
basic_appreq,5030878,2414270043562,944
basic_appreq,5078973,2414275178170,944
basic_appreq,5206969,2414280419654,944
basic_appreq,4053631,2414284544479,944
basic_appreq,5494522,2414290080284,944
basic_appreq,4274051,2414294388345,944
basic_appreq,4316524,2414298746280,944
basic_appreq,4021185,2414302817167,944
basic_appreq,4464223,2414307319638,944
basic_appreq,4952374,2414312310245,944
basic_appreq,4953995,2414317342417,944
basic_appreq,4664328,2414322041790,944
basic_appreq,3061418,2414325155874,944
basic_appreq,3242701,2414328442429,944
basic_appreq,4600098,2414333075695,944
basic_appreq,4109232,2414337228100,944
basic_appreq,4583263,2414341848408,944
basic_appreq,5634670,2414347522205,944
basic_appreq,4719237,2414352280226,944
basic_appreq,4729622,2414357049413,944
basic_appreq,5246696,2414362340633,944
basic_appreq,2983453,2414365371027,944
basic_appreq,4147161,2414369555124,944
basic_appreq,3930055,2414373521738,944
basic_appreq,4832027,2414378396808,944
basic_appreq,4379897,2414382813793,944
basic_appreq,4727510,2414387573789,944
basic_appreq,4608731,2414392213836,944
basic_appreq,4889629,2414397150008,944
basic_appreq,4056849,2414401266206,944
basic_appreq,3293064,2414404598335,944
basic_appreq,4538259,2414409169728,944
basic_appreq,4342526,2414413551800,944
basic_appreq,3031787,2414416621637,944
basic_appreq,4499587,2414421155436,944
basic_appreq,4969743,2414426184957,944
basic_appreq,4933480,2414431153306,944
basic_appreq,3703722,2414434927287,944
basic_appreq,3771473,2414438738416,944
basic_appreq,4024860,2414442796423,944
basic_appreq,4002399,2414446840944,944
basic_appreq,4395283,2414451273021,944
basic_appreq,5977973,2414457303273,944
basic_appreq,4974128,2414462313499,944
basic_appreq,4478531,2414466827020,944
basic_appreq,5108833,2414471973970,944
basic_appreq,4694626,2414477085563,944
basic_appreq,4403989,2414481525752,944
basic_appreq,4654787,2414486215317,944
basic_appreq,4781415,2414491037810,944
basic_appreq,3161440,2414494238041,944
basic_appreq,3834186,2414498111653,944
basic_appreq,3848953,2414501995316,944
basic_appreq,5107332,2414507166783,944
basic_appreq,4018245,2414511224934,944
basic_appreq,4950152,2414516230089,944
basic_appreq,4183839,2414520453992,944
basic_appreq,4490842,2414524983954,944
basic_appreq,4777604,2414529821294,944
basic_appreq,3006929,2414532879407,944
basic_appreq,3941909,2414536861199,944
basic_appreq,8802185,2414545698428,944
basic_appreq,4807353,2414550544969,944
basic_appreq,4794980,2414555375827,944
basic_appreq,4818964,2414560231807,944
basic_appreq,4042536,2414564330719,944
basic_appreq,5382907,2414569747836,944
basic_appreq,4793967,2414574577160,944
basic_appreq,3200511,2414577814184,944
basic_appreq,4103747,2414581980507,944
basic_appreq,4570784,2414586588179,944
basic_appreq,4169250,2414590795512,944
basic_appreq,4305217,2414595145324,944
basic_appreq,5281432,2414600464644,944
basic_appreq,4871880,2414605372768,944
basic_appreq,4647610,2414610056145,944
basic_appreq,4766158,2414614862100,944
basic_appreq,4947421,2414619866588,944
basic_appreq,4055104,2414623964431,944
basic_appreq,4334972,2414628335150,944
basic_appreq,5374715,2414633767120,944
basic_appreq,5018762,2414638823783,944
basic_appreq,4754114,2414643626890,944
basic_appreq,5177721,2414648841257,944
basic_appreq,5458509,2414654353736,944
basic_appreq,4708868,2414659105085,944
basic_appreq,4964862,2414664115960,944
basic_appreq,5663954,2414669830575,944
basic_appreq,4495386,2414674369217,944
basic_appreq,4940048,2414679359583,944
basic_appreq,4920500,2414684334668,944
basic_appreq,4322644,2414688700053,944
basic_appreq,4782442,2414693524470,944
basic_appreq,3097080,2414696659577,944
basic_appreq,4328047,2414701038727,944
basic_appreq,4319934,2414705395810,944
basic_appreq,3890653,2414709327311,944
basic_appreq,4784281,2414714146389,944
basic_appreq,4286661,2414718509812,944
basic_appreq,4266051,2414722816431,944
basic_appreq,3176818,2414726062536,944
basic_appreq,4204579,2414730303280,944
basic_appreq,3545860,2414733886629,944
basic_appreq,4600302,2414738524089,944
basic_appreq,4921662,2414743489108,944
basic_appreq,4814607,2414748345386,944
basic_appreq,4792781,2414753172993,944
basic_appreq,4192640,2414757401283,944
basic_appreq,4312846,2414761750377,944
basic_appreq,4359994,2414766145849,944
basic_appreq,4516423,2414770701893,944
basic_appreq,4776270,2414775514088,944
basic_appreq,4633009,2414780182686,944
basic_appreq,4958328,2414785182766,944
basic_appreq,5209152,2414790443079,944
basic_appreq,3053658,2414793559461,944
basic_appreq,4101673,2414797704654,944
basic_appreq,4223595,2414801977635,944
basic_appreq,4454369,2414806466002,944
basic_appreq,4812733,2414811313166,944
basic_appreq,4766746,2414816114374,944
basic_appreq,5738729,2414821902873,944
basic_appreq,5132468,2414827146558,944
basic_appreq,4942234,2414832151704,944
basic_appreq,4619737,2414836810810,944
basic_appreq,3379524,2414840240894,944
basic_appreq,4446587,2414844733581,944
basic_appreq,4180948,2414848958992,944
basic_appreq,3794866,2414852802314,944
basic_appreq,5351656,2414858188462,944
basic_appreq,5094099,2414863319404,944
basic_appreq,4365163,2414867722169,944
basic_appreq,4979606,2414872740301,944
basic_appreq,4311587,2414877088914,944
basic_appreq,4731001,2414881857142,944
basic_appreq,3916120,2414885808209,944
basic_appreq,3663350,2414889513777,944
basic_appreq,4101142,2414893656801,944
basic_appreq,4523186,2414898219011,944
basic_appreq,2819139,2414901090925,944
basic_appreq,4649809,2414905793008,944
basic_appreq,4446043,2414910273353,944
basic_appreq,3575900,2414913890748,944
basic_appreq,4053123,2414917982265,944
basic_appreq,4344011,2414922365267,944
basic_appreq,3688949,2414926094051,944
basic_appreq,4754603,2414930892782,944
basic_appreq,4916833,2414935851986,944
basic_appreq,5300521,2414941195419,944
basic_appreq,5428319,2414946662120,944
basic_appreq,4179539,2414950877004,944
basic_appreq,4677385,2414955591512,944
basic_appreq,4733654,2414960366262,944
basic_appreq,4689204,2414965102291,944
basic_appreq,4535553,2414969674795,944
basic_appreq,5193805,2414974912876,944
basic_appreq,3149913,2414978102648,944
basic_appreq,4007168,2414982147933,944
basic_appreq,4073965,2414986264000,944
basic_appreq,4739495,2414991038154,944
basic_appreq,4958506,2414996033938,944
basic_appreq,5231227,2415001303519,944
basic_appreq,4848700,2415006201221,944
basic_appreq,4976651,2415011217446,944
basic_appreq,4711447,2415015962665,944
basic_appreq,4426239,2415020453777,944
basic_appreq,4565950,2415025058280,944
basic_appreq,4968170,2415030069104,944
basic_appreq,5072661,2415035174883,944
basic_appreq,4875656,2415040118038,944
basic_appreq,3127398,2415043310480,944
basic_appreq,4401852,2415047747969,944
basic_appreq,4326695,2415052115492,944
basic_appreq,3398034,2415055553218,944
basic_appreq,4805625,2415060417263,944
basic_appreq,4723046,2415065178675,944
basic_appreq,5080503,2415070298250,944
basic_appreq,3199545,2415073532145,944
basic_appreq,4747749,2415078326119,944
basic_appreq,3797211,2415082163534,944
basic_appreq,4099500,2415086302878,944
basic_appreq,3463688,2415089810494,944
basic_appreq,4536799,2415094391507,944
basic_appreq,5221795,2415099653247,944
basic_appreq,4938017,2415104655020,944
basic_appreq,4683660,2415109379061,944
basic_appreq,5027417,2415114445580,944
basic_appreq,5171203,2415119687874,944
basic_appreq,4036171,2415123762841,944
basic_appreq,5077908,2415128875524,944
basic_appreq,2802395,2415131734836,944
basic_appreq,4691843,2415136464003,944
basic_appreq,3203505,2415139706743,944
basic_appreq,3866202,2415143603144,944
basic_appreq,4569044,2415148204561,944
basic_appreq,4567986,2415152828942,944
basic_appreq,4073915,2415156948207,944
basic_appreq,4546789,2415161531231,944
basic_appreq,4711114,2415166278603,944
basic_appreq,3707288,2415170028019,944
basic_appreq,4747715,2415174808109,944
basic_appreq,4602309,2415179444721,944
basic_appreq,3770058,2415183251631,944
basic_appreq,3737950,2415187026301,944
basic_appreq,4288027,2415191350891,944
basic_appreq,4123048,2415195513274,944
basic_appreq,4417062,2415199966647,944
basic_appreq,5274654,2415205302027,944
basic_appreq,5281059,2415210619059,944
basic_appreq,4902428,2415215556460,944
basic_appreq,4338202,2415219926477,944
basic_appreq,5174175,2415225149798,944
basic_appreq,4711093,2415229903274,944
basic_appreq,5121488,2415235061285,944
basic_appreq,4672899,2415239781369,944
basic_appreq,3133820,2415242955870,944
basic_appreq,3156224,2415246146973,944
basic_appreq,4774971,2415250961215,944
basic_appreq,4708942,2415255711870,944
basic_appreq,3415741,2415259164013,944
basic_appreq,4447541,2415263649345,944
basic_appreq,5434648,2415269121991,944
basic_appreq,4784275,2415273941486,944
basic_appreq,4393107,2415278369086,944
basic_appreq,5263820,2415283672901,944
basic_appreq,5054513,2415288773746,944
basic_appreq,5171262,2415293986465,944
basic_appreq,5131880,2415299157158,944
basic_appreq,4667699,2415303862258,944
basic_appreq,4768321,2415308678550,944
basic_appreq,4689361,2415313404746,944
basic_appreq,3385427,2415316831812,944
basic_appreq,3981571,2415320855774,944
basic_appreq,4265132,2415325159452,944
basic_appreq,4851657,2415330050017,944
basic_appreq,4450355,2415334552607,944
basic_appreq,4720303,2415339309250,944
basic_appreq,3994379,2415343366399,944
basic_appreq,4736902,2415348138827,944
basic_appreq,3722446,2415351903753,944
basic_appreq,3724136,2415355663802,944
basic_appreq,4473746,2415360188672,944
basic_appreq,4124502,2415364351074,944
basic_appreq,4906599,2415369294738,944
basic_appreq,4895467,2415374239306,944
basic_appreq,4274694,2415378565494,944
basic_appreq,4057072,2415382655869,944
basic_appreq,4476316,2415387165033,944
basic_appreq,4907952,2415392108596,944
basic_appreq,4836433,2415396990042,944
basic_appreq,4511237,2415401542797,944
basic_appreq,4681199,2415406259036,944
basic_appreq,4700442,2415411012820,944
basic_appreq,4730543,2415415798104,944
basic_appreq,3057646,2415418890767,944
basic_appreq,4183025,2415423120564,944
basic_appreq,4593593,2415427759473,944
basic_appreq,3783969,2415431579603,944
basic_appreq,3795787,2415435410527,944
basic_appreq,4667722,2415440121562,944
basic_appreq,3882922,2415444051198,944
basic_appreq,4619639,2415448717547,944
basic_appreq,4380622,2415453132351,944
basic_appreq,4415047,2415457588550,944
basic_appreq,4683344,2415462306209,944
basic_appreq,5051921,2415467396689,944
basic_appreq,4980764,2415472411878,944
basic_appreq,4109272,2415476556646,944
basic_appreq,4552860,2415481145234,944
basic_appreq,4412963,2415485592456,944
basic_appreq,4455673,2415490087287,944
basic_appreq,4649276,2415494776999,944
basic_appreq,5221248,2415500047256,944
basic_appreq,2963884,2415503051678,944
basic_appreq,4486512,2415507578881,944
basic_appreq,5154710,2415512788820,944
basic_appreq,4684839,2415517515726,944
basic_appreq,4143921,2415521712470,944
basic_appreq,3726084,2415525482899,944
basic_appreq,4671128,2415530201610,944
basic_appreq,5034722,2415535271926,944
basic_appreq,4226819,2415539534813,944
basic_appreq,5255296,2415544837524,944
basic_appreq,5083798,2415549964634,944
basic_appreq,4117171,2415554121945,944
basic_appreq,5100862,2415559264203,944
basic_appreq,4448383,2415563760472,944
basic_appreq,3361273,2415567174412,944
basic_appreq,4104315,2415571316260,944
basic_appreq,4216676,2415575580352,944
basic_appreq,4915123,2415580531365,944
basic_appreq,4782441,2415585351227,944
basic_appreq,5035632,2415590426401,944
basic_appreq,5093187,2415595555613,944
basic_appreq,4755319,2415600348037,944
basic_appreq,5215441,2415605602893,944
basic_appreq,5034181,2415610685609,944
basic_appreq,4637823,2415615368003,944
basic_appreq,4822785,2415620241066,944
basic_appreq,3020473,2415623304556,944
basic_appreq,4525806,2415627874980,944
basic_appreq,3260162,2415631180207,944
basic_appreq,5324828,2415636536312,944
basic_appreq,4714390,2415641289139,944
basic_appreq,4781895,2415646103005,944
basic_appreq,5277056,2415651417033,944
basic_appreq,4788627,2415656242698,944
basic_appreq,4858322,2415661138376,944
basic_appreq,4422519,2415665600224,944
basic_appreq,4447741,2415670102985,944
basic_appreq,3617169,2415673757196,944
basic_appreq,3864429,2415677683408,944
basic_appreq,4130612,2415681866419,944
basic_appreq,3643708,2415685561702,944
basic_appreq,4597132,2415690204116,944
basic_appreq,4840685,2415695084028,944
basic_appreq,4688997,2415699815950,944
basic_appreq,4698382,2415704558966,944
basic_appreq,4373378,2415708976079,944
basic_appreq,5251052,2415714276073,944
basic_appreq,4370673,2415718688198,944
basic_appreq,8631798,2415727362941,944
basic_appreq,4712377,2415732113234,944
basic_appreq,4505400,2415736671652,944
basic_appreq,5084711,2415741805532,944
basic_appreq,4009670,2415745879932,944
basic_appreq,4592837,2415750511880,944
basic_appreq,5318879,2415755866819,944
basic_appreq,4412684,2415760333881,944
basic_appreq,5142608,2415765530279,944
basic_appreq,4341927,2415769905682,944
basic_appreq,5214299,2415775169424,944
basic_appreq,4765234,2415779992880,944
basic_appreq,5002048,2415785053913,944
basic_appreq,4337154,2415789443395,944
basic_appreq,5499743,2415794994975,944
basic_appreq,4983973,2415800052924,944
basic_appreq,4385814,2415804489272,944
basic_appreq,5720156,2415810261198,944
basic_appreq,4722957,2415815025261,944
basic_appreq,5085250,2415820147363,944
basic_appreq,4729915,2415824938130,944
basic_appreq,4489599,2415829464153,944
basic_appreq,5712218,2415835230675,944
basic_appreq,4072777,2415839346620,944
basic_appreq,4828452,2415844210148,944
basic_appreq,5069626,2415849321594,944
basic_appreq,5024641,2415854411042,944
basic_appreq,5224465,2415859687162,944
basic_appreq,4320248,2415864057003,944
basic_appreq,3663070,2415867782861,944
basic_appreq,5051593,2415872868770,944
basic_appreq,4311991,2415877215676,944
basic_appreq,4104650,2415881353904,944
basic_appreq,4657813,2415886048149,944
basic_appreq,3777282,2415889872256,944
basic_appreq,2860727,2415892776342,944
basic_appreq,4868934,2415897683309,944
basic_appreq,2971365,2415900702158,944
basic_appreq,4579152,2415905319500,944
basic_appreq,4153268,2415909504902,944
basic_appreq,4834535,2415914374727,944
basic_appreq,5266919,2415919676385,944
basic_appreq,4902338,2415924616751,944
basic_appreq,5141408,2415929795875,944
basic_appreq,4417503,2415934249117,944
basic_appreq,4701533,2415939007195,944
basic_appreq,4406007,2415943461663,944
basic_appreq,4712293,2415948220241,944
basic_appreq,4623272,2415952885277,944
basic_appreq,3034639,2415955965055,944
basic_appreq,3362503,2415959360500,944
basic_appreq,4747799,2415964142935,944
basic_appreq,4657454,2415968837195,944
basic_appreq,4482116,2415973361736,944
basic_appreq,3255933,2415976656741,944
basic_appreq,4386681,2415981092444,944
basic_appreq,4484739,2415985614353,944
basic_appreq,4548474,2415990202483,944
basic_appreq,4282685,2415994530681,944
basic_appreq,4221654,2415998787128,944
basic_appreq,4726796,2416003549302,944
basic_appreq,4683348,2416008269816,944
basic_appreq,4057905,2416012365671,944
basic_appreq,3384561,2416015806373,944
basic_appreq,4106666,2416019948624,944
basic_appreq,4520209,2416024507521,944
basic_appreq,5150370,2416029698090,944
basic_appreq,4694945,2416034425554,944
basic_appreq,3433791,2416037896015,944
basic_appreq,4875589,2416042809285,944
basic_appreq,3903227,2416046747104,944
basic_appreq,4508309,2416051289302,944
basic_appreq,3310945,2416054638721,944
basic_appreq,4892392,2416059568369,944
basic_appreq,4787047,2416064392503,944
basic_appreq,4853217,2416069283705,944
basic_appreq,4089043,2416073406821,944
basic_appreq,4304585,2416077747266,944
basic_appreq,3094561,2416080874973,944
basic_appreq,2838715,2416083745952,944
basic_appreq,4919420,2416088696945,944
basic_appreq,4437058,2416093170787,944
basic_appreq,4894430,2416098101480,944
basic_appreq,4466246,2416102608005,944
basic_appreq,4812113,2416107454363,944
basic_appreq,3496434,2416110986914,944
basic_appreq,4390933,2416115413523,944
basic_appreq,3513205,2416118961401,944
basic_appreq,4541979,2416123542698,944
basic_appreq,4886006,2416128462710,944
basic_appreq,3317107,2416131814166,944
basic_appreq,4355194,2416136206142,944
basic_appreq,4231945,2416140477098,944
basic_appreq,4176151,2416144692316,944
basic_appreq,3443230,2416148173931,944
basic_appreq,4541340,2416152751609,944
basic_appreq,4107761,2416156899786,944
basic_appreq,4216052,2416161148716,944
basic_appreq,3010742,2416164216164,944
basic_appreq,4265933,2416168517777,944
basic_appreq,3768875,2416172323439,944
basic_appreq,4758892,2416177126279,944
basic_appreq,4194385,2416181355271,944
basic_appreq,3834507,2416185231111,944
basic_appreq,3311078,2416188578791,944
basic_appreq,4362269,2416192977148,944
basic_appreq,4000990,2416197017095,944
basic_appreq,3808742,2416200860001,944
basic_appreq,5037530,2416205952894,944
basic_appreq,4797118,2416210784931,944
basic_appreq,4365334,2416215186068,944
basic_appreq,5331140,2416220563492,944
basic_appreq,4803895,2416225433624,944
basic_appreq,5070570,2416230545804,944
basic_appreq,4844182,2416235455655,944
basic_appreq,4763915,2416240287463,944
basic_appreq,4991930,2416245329974,944
basic_appreq,3217153,2416248596694,944
basic_appreq,4172052,2416252802546,944
basic_appreq,3146787,2416255989326,944
basic_appreq,4472400,2416260522917,944
basic_appreq,5114125,2416265676698,944
basic_appreq,4235863,2416269944642,944
basic_appreq,4694059,2416274678778,944
basic_appreq,5013929,2416279738794,944
basic_appreq,4504659,2416284278463,944
basic_appreq,4357789,2416288680071,944
basic_appreq,4606698,2416293348000,944
basic_appreq,4516001,2416297902413,944
basic_appreq,5553443,2416303494646,944
basic_appreq,4960119,2416308506826,944
basic_appreq,4594841,2416313136832,944
basic_appreq,4563681,2416317746671,944
basic_appreq,4568483,2416322354424,944
basic_appreq,4397000,2416326786700,944
basic_appreq,3699339,2416330542803,944
basic_appreq,4788768,2416335370318,944
basic_appreq,111293092,2416446699417,944
basic_appreq,3580808,2416450322072,944
basic_appreq,4446835,2416454813224,944
basic_appreq,4243290,2416459098515,944
basic_appreq,5189831,2416464328961,944
basic_appreq,4297137,2416468662047,944
basic_appreq,4807046,2416473510219,944
basic_appreq,4833318,2416478398595,944
basic_appreq,4424011,2416482861573,944
basic_appreq,4382648,2416487304142,944
basic_appreq,4407013,2416491745561,944
basic_appreq,4866229,2416496650968,944
basic_appreq,4823295,2416501506929,944
basic_appreq,4609614,2416506161451,944
basic_appreq,3197814,2416509395498,944
basic_appreq,4277253,2416513712557,944
basic_appreq,3374045,2416517123190,944
basic_appreq,4506302,2416521662364,944
basic_appreq,4502750,2416526205433,944
basic_appreq,4755944,2416530994390,944
basic_appreq,4680466,2416535710463,944
basic_appreq,3368980,2416539114608,944
basic_appreq,3875489,2416543034056,944
basic_appreq,2997646,2416546072602,944
basic_appreq,4804089,2416550914654,944
basic_appreq,4200438,2416555155667,944
basic_appreq,4819174,2416560020649,944
basic_appreq,3572552,2416563652043,944
basic_appreq,3692573,2416567378922,944
basic_appreq,3171924,2416570588284,944
basic_appreq,3865299,2416574499391,944
basic_appreq,2913053,2416577455276,944
#end,11,469,944
