20260216-110804-6240 31223 * main            (benchmark.cc:402): Starting benchmark.
20260216-110809-2963 31223 * main            (benchmark.cc:621): Creating a default paritioner!
20260216-110809-2965 31223 * Client          (client.cc:75):     Initializing StrongStore client with id [0]
20260216-110809-2966 31223 * BenchmarkClient (bench_client.cc:81): starting benchclient, issueConcurrent: 0; fanout: 1
Session created: 0
last_service: , current_state: 0
Session continued: 0
last_service: , current_state: 0
Session destroyed: 18446744073709551615
last_service: , current_state: 0
20260216-110814-6795 31223 * WarmupDone      (bench_client.cc:726): Completed warmup period of 5 seconds with 1128 requests
20260216-110825-6804 31223 * Finish          (bench_client.cc:920): Completed 2413 requests in 11.001383 seconds
20260216-110825-6805 31223 * Finish          (bench_client.cc:921): 1 outstanding transactions.
Session continued: 0
last_service: , current_state: 0
Session destroyed: 18446744073709551615
last_service: , current_state: 0
Session continued: 0
last_service: , current_state: 0
Session destroyed: 18446744073709551615
last_service: , current_state: 0
Session destroyed: 0
last_service: , current_state: 0
20260216-110828-6797 31223 * FlushStats      (benchmark.cc:890): Flushing stats to /mnt/extra/experiments/2026-03-16-11-07-40/out/client-0-0-0-stats-0.json.
20260216-110828-6799 31223 * FlushStats      (benchmark.cc:902): All done!
20260216-110830-6807 31223 * Cleanup         (bench_client.cc:748): Aborting 0 outstanding transactions.
20260216-110830-6808 31223 * CooldownDone    (bench_client.cc:778): Finished cooldown period.
20260216-110830-6822 31223 * CooldownDone    (bench_client.cc:785): Median latency is 4539238 ns (4539 us)
20260216-110830-6823 31223 * CooldownDone    (bench_client.cc:794): Average latency is 4514714 ns (4514 us)
20260216-110830-6823 31223 * CooldownDone    (bench_client.cc:798): 90th percentile latency is 5121862 ns (5121 us)
20260216-110830-6824 31223 * CooldownDone    (bench_client.cc:802): 95th percentile latency is 5298772 ns (5298 us)
20260216-110830-6824 31223 * CooldownDone    (bench_client.cc:806): 99th percentile latency is 5850080 ns (5850 us)
20260216-110830-6824 31223 * LATENCY total: 2434 us 4514 us/4194 us 111 ms (2414 samples, 10 s total)
20260216-110830-6825 31223 *    2097 us |        713 | =====================
20260216-110830-6825 31223 *    4194 us |       1691 | ==================================================
20260216-110830-6825 31223 *    8388 us |          8 | 
20260216-110830-6826 31223 *      16 ms |          0 |
20260216-110830-6826 31223 *      33 ms |          1 | 
20260216-110830-6826 31223 *      67 ms |          1 | 
20260216-110830-6828 31223 * Stop            (tcptransport.cc:581): [TCP SUMMARY] outgoingCreated=1 outgoingClosed=0 incomingCreated=0 incomingClosed=0 outgoingPeak=1 incomingPeak=0
Inserted events:
  0x55dd6f71df60 [fd  7] Read Persist Internal
  0x55dd6f734510 [fd  9] Read Persist
Active events:
20260216-110830-6829 31223 * main            (benchmark.cc:849): Cleaning up after experiment.
20260216-110830-6829 31223 * FlushStats      (benchmark.cc:890): Flushing stats to /mnt/extra/experiments/2026-03-16-11-07-40/out/client-0-0-0-stats-0.json.
20260216-110830-6831 31223 * FlushStats      (benchmark.cc:902): All done!
