basic_appreq,3921662,2405563654787,1680
basic_appreq,5233486,2405569016941,1680
basic_appreq,4427033,2405573483802,1680
basic_appreq,3704227,2405577223229,1680
basic_appreq,5179809,2405582439532,1680
basic_appreq,3740011,2405586217914,1680
basic_appreq,4471614,2405590724206,1680
basic_appreq,4465124,2405595219113,1680
basic_appreq,4188994,2405599443905,1680
basic_appreq,4553135,2405604035918,1680
basic_appreq,4538712,2405608618386,1680
basic_appreq,4359638,2405613014857,1680
basic_appreq,4768984,2405617822179,1680
basic_appreq,5376386,2405623244241,1680
basic_appreq,4395630,2405627676751,1680
basic_appreq,4401492,2405632114672,1680
basic_appreq,4553707,2405636705242,1680
basic_appreq,3873001,2405640644949,1680
basic_appreq,4626675,2405645311655,1680
basic_appreq,3182765,2405648542453,1680
basic_appreq,3372656,2405651961223,1680
basic_appreq,5148302,2405657143183,1680
basic_appreq,5361927,2405662540321,1680
basic_appreq,4942921,2405667524007,1680
basic_appreq,5213579,2405672777104,1680
basic_appreq,4799099,2405677609099,1680
basic_appreq,4521413,2405682164411,1680
basic_appreq,4746566,2405686955758,1680
basic_appreq,3506241,2405690520427,1680
basic_appreq,4317769,2405694885961,1680
basic_appreq,4166327,2405699089453,1680
basic_appreq,4298037,2405703428800,1680
basic_appreq,4245738,2405707721624,1680
basic_appreq,5077125,2405712833085,1680
basic_appreq,5313778,2405718201079,1680
basic_appreq,3767621,2405722005765,1680
basic_appreq,5396979,2405727445366,1680
basic_appreq,4599260,2405732086154,1680
basic_appreq,5432687,2405737560463,1680
basic_appreq,4348052,2405741943419,1680
basic_appreq,3860946,2405745843834,1680
basic_appreq,5277898,2405751189081,1680
basic_appreq,3903854,2405755125478,1680
basic_appreq,3686809,2405758844042,1680
basic_appreq,4224063,2405763129116,1680
basic_appreq,4007741,2405767198559,1680
basic_appreq,4788230,2405772025549,1680
basic_appreq,4186409,2405776246742,1680
basic_appreq,4014769,2405780312614,1680
basic_appreq,5338128,2405785688501,1680
basic_appreq,5317544,2405791042339,1680
basic_appreq,4684238,2405795763769,1680
basic_appreq,3497112,2405799309280,1680
basic_appreq,4142088,2405803492194,1680
basic_appreq,4230939,2405807762297,1680
basic_appreq,4307807,2405812111787,1680
basic_appreq,4934379,2405817082706,1680
basic_appreq,4644939,2405821766274,1680
basic_appreq,4792075,2405826594667,1680
basic_appreq,4739219,2405831373673,1680
basic_appreq,3081552,2405834488353,1680
basic_appreq,4699128,2405839236112,1680
basic_appreq,4873756,2405844155073,1680
basic_appreq,4426276,2405848618190,1680
basic_appreq,4345591,2405852998155,1680
basic_appreq,4991218,2405858042142,1680
basic_appreq,4526671,2405862603218,1680
basic_appreq,4777580,2405867416582,1680
basic_appreq,5101629,2405872573793,1680
basic_appreq,4910288,2405877515789,1680
basic_appreq,4987831,2405882533587,1680
basic_appreq,4579892,2405887149589,1680
basic_appreq,2958397,2405890153087,1680
basic_appreq,4061530,2405894255356,1680
basic_appreq,4584735,2405898881929,1680
basic_appreq,3349571,2405902278984,1680
basic_appreq,4629589,2405906946599,1680
basic_appreq,4470225,2405911452201,1680
basic_appreq,4495242,2405915995472,1680
basic_appreq,5785381,2405921866631,1680
basic_appreq,4874424,2405926773124,1680
basic_appreq,4891031,2405931699823,1680
basic_appreq,4800953,2405936538787,1680
basic_appreq,5201410,2405941803587,1680
basic_appreq,4817090,2405946657954,1680
basic_appreq,4598521,2405951296586,1680
basic_appreq,4504654,2405955852754,1680
basic_appreq,3210467,2405959118947,1680
basic_appreq,3980183,2405963131196,1680
basic_appreq,3795982,2405966972459,1680
basic_appreq,4679737,2405971690615,1680
basic_appreq,4729448,2405976458550,1680
basic_appreq,4727566,2405981225655,1680
basic_appreq,4184489,2405985455086,1680
basic_appreq,4345238,2405989832794,1680
basic_appreq,5397159,2405995276218,1680
basic_appreq,6245531,2406001589305,1680
basic_appreq,4760329,2406006389177,1680
basic_appreq,4805966,2406011235682,1680
basic_appreq,4399746,2406015684097,1680
basic_appreq,3914067,2406019632317,1680
basic_appreq,3569135,2406023238392,1680
basic_appreq,4120022,2406027405366,1680
basic_appreq,4033436,2406031486116,1680
basic_appreq,4606600,2406036140707,1680
basic_appreq,4474588,2406040652656,1680
basic_appreq,5054758,2406045745077,1680
basic_appreq,4953364,2406050736685,1680
basic_appreq,4567645,2406055342508,1680
basic_appreq,5029137,2406060410894,1680
basic_appreq,7805377,2406068272363,1680
basic_appreq,5171680,2406073511938,1680
basic_appreq,3255467,2406076810337,1680
basic_appreq,4065402,2406080916477,1680
basic_appreq,4366584,2406085330605,1680
basic_appreq,5004236,2406090369534,1680
basic_appreq,5133070,2406095538809,1680
basic_appreq,4323696,2406099898977,1680
basic_appreq,5222255,2406105159367,1680
basic_appreq,4141860,2406109339796,1680
basic_appreq,5355834,2406114744858,1680
basic_appreq,5097721,2406119875946,1680
basic_appreq,2780106,2406122704545,1680
basic_appreq,3344976,2406126084574,1680
basic_appreq,4848022,2406130968559,1680
basic_appreq,4962138,2406135964715,1680
basic_appreq,4206651,2406140232678,1680
basic_appreq,5070956,2406145355617,1680
basic_appreq,4618100,2406150029306,1680
basic_appreq,3998375,2406154063087,1680
basic_appreq,5395182,2406159504693,1680
basic_appreq,5244647,2406164787368,1680
basic_appreq,5041876,2406169867343,1680
basic_appreq,4590416,2406174494007,1680
basic_appreq,4923120,2406179473276,1680
basic_appreq,5262133,2406184776324,1680
basic_appreq,4521151,2406189336523,1680
basic_appreq,3349922,2406192736784,1680
basic_appreq,4208006,2406196980655,1680
basic_appreq,4662721,2406201689220,1680
basic_appreq,4034980,2406205769183,1680
basic_appreq,3771614,2406209579222,1680
basic_appreq,4878890,2406214494801,1680
basic_appreq,4870940,2406219414718,1680
basic_appreq,4508053,2406223955744,1680
basic_appreq,4262081,2406228254498,1680
basic_appreq,4445083,2406232736457,1680
basic_appreq,4405222,2406237176913,1680
basic_appreq,5098232,2406242324644,1680
basic_appreq,4481156,2406246844009,1680
basic_appreq,3393945,2406250282466,1680
basic_appreq,4253004,2406254586860,1680
basic_appreq,3781916,2406258416716,1680
basic_appreq,4301684,2406262754324,1680
basic_appreq,4096919,2406266892449,1680
basic_appreq,4467379,2406271390456,1680
basic_appreq,5199518,2406276621236,1680
basic_appreq,4504298,2406281165416,1680
basic_appreq,5370743,2406286574981,1680
basic_appreq,5071786,2406291684979,1680
basic_appreq,4708998,2406296463515,1680
basic_appreq,5978647,2406302507318,1680
basic_appreq,4878403,2406307422678,1680
basic_appreq,4158795,2406311618375,1680
basic_appreq,4602609,2406316259160,1680
basic_appreq,4839527,2406321136884,1680
basic_appreq,4986558,2406326196410,1680
basic_appreq,3174608,2406329419580,1680
basic_appreq,4133683,2406333591462,1680
basic_appreq,3748413,2406337390071,1680
basic_appreq,4425829,2406341852970,1680
basic_appreq,4568482,2406346458636,1680
basic_appreq,4677120,2406351169198,1680
basic_appreq,4979345,2406356187421,1680
basic_appreq,4440807,2406360666805,1680
basic_appreq,4534461,2406365247447,1680
basic_appreq,4169181,2406369450915,1680
basic_appreq,4304624,2406373789001,1680
basic_appreq,4310979,2406378132840,1680
basic_appreq,4024932,2406382215534,1680
basic_appreq,4902616,2406387160447,1680
basic_appreq,3136122,2406390336461,1680
basic_appreq,4209135,2406394589609,1680
basic_appreq,4007808,2406398637098,1680
basic_appreq,5169828,2406403840968,1680
basic_appreq,5111958,2406408989630,1680
basic_appreq,4791070,2406413817331,1680
basic_appreq,5137165,2406418992603,1680
basic_appreq,4604307,2406423633670,1680
basic_appreq,3410857,2406427086309,1680
basic_appreq,4347735,2406431475010,1680
basic_appreq,3218600,2406434733529,1680
basic_appreq,4894169,2406439657576,1680
basic_appreq,4565684,2406444254571,1680
basic_appreq,3826950,2406448112593,1680
basic_appreq,4774048,2406452924958,1680
basic_appreq,5171797,2406458133263,1680
basic_appreq,3122340,2406461309192,1680
basic_appreq,4149319,2406465499400,1680
basic_appreq,4330510,2406469870600,1680
basic_appreq,4303720,2406474209348,1680
basic_appreq,4343387,2406478584673,1680
basic_appreq,4019404,2406482643729,1680
basic_appreq,4126402,2406486809995,1680
basic_appreq,4497149,2406491341198,1680
basic_appreq,4840325,2406496228386,1680
basic_appreq,4678237,2406500943222,1680
basic_appreq,4559555,2406505537772,1680
basic_appreq,3376364,2406508962146,1680
basic_appreq,4115566,2406513125879,1680
basic_appreq,4406527,2406517577730,1680
basic_appreq,4199705,2406521812007,1680
basic_appreq,3601063,2406525458731,1680
basic_appreq,4775183,2406530268383,1680
basic_appreq,4711442,2406535015867,1680
basic_appreq,4379878,2406539429278,1680
basic_appreq,4824752,2406544288291,1680
basic_appreq,4990767,2406549322251,1680
basic_appreq,4765499,2406554140231,1680
basic_appreq,2980566,2406557160532,1680
basic_appreq,4212060,2406561417436,1680
basic_appreq,4077439,2406565538258,1680
basic_appreq,4792793,2406570365688,1680
basic_appreq,4453255,2406574854473,1680
basic_appreq,4263949,2406579155110,1680
basic_appreq,4091614,2406583297014,1680
basic_appreq,4619844,2406587954755,1680
basic_appreq,4804743,2406592831564,1680
basic_appreq,5050219,2406597917902,1680
basic_appreq,5114988,2406603111752,1680
basic_appreq,3220276,2406606382176,1680
basic_appreq,4156455,2406610570943,1680
basic_appreq,4449226,2406615053289,1680
basic_appreq,4636499,2406619725527,1680
basic_appreq,3114063,2406622881555,1680
basic_appreq,4224554,2406627144748,1680
basic_appreq,3792187,2406630975934,1680
basic_appreq,3937934,2406634949875,1680
basic_appreq,4959555,2406639942443,1680
basic_appreq,4875628,2406644849773,1680
basic_appreq,4836473,2406649720736,1680
basic_appreq,4734480,2406654491955,1680
basic_appreq,3021052,2406657561788,1680
basic_appreq,4169155,2406661767438,1680
basic_appreq,4239485,2406666053891,1680
basic_appreq,4398975,2406670496400,1680
basic_appreq,4779810,2406675322495,1680
basic_appreq,3757587,2406679123496,1680
basic_appreq,4093465,2406683257582,1680
basic_appreq,4185025,2406687474528,1680
basic_appreq,4559875,2406692067407,1680
basic_appreq,4055167,2406696154419,1680
basic_appreq,4599352,2406700807706,1680
basic_appreq,4319917,2406705163965,1680
basic_appreq,4884269,2406710086774,1680
basic_appreq,4595705,2406714725232,1680
basic_appreq,5128367,2406719895675,1680
basic_appreq,4532316,2406724474816,1680
basic_appreq,5091563,2406729599695,1680
basic_appreq,4261667,2406733919944,1680
basic_appreq,5991657,2406739974347,1680
basic_appreq,4600891,2406744633894,1680
basic_appreq,4327619,2406748999225,1680
basic_appreq,5767011,2406754816826,1680
basic_appreq,4582574,2406759432007,1680
basic_appreq,4611036,2406764077626,1680
basic_appreq,6028959,2406770164394,1680
basic_appreq,4526000,2406774726675,1680
basic_appreq,5338072,2406780120349,1680
basic_appreq,4479300,2406784638076,1680
basic_appreq,4875127,2406789555251,1680
basic_appreq,5195028,2406794784979,1680
basic_appreq,4532020,2406799350667,1680
basic_appreq,5043051,2406804432721,1680
basic_appreq,3049770,2406807535712,1680
basic_appreq,4209881,2406811786962,1680
basic_appreq,3845672,2406815680235,1680
basic_appreq,5034037,2406820753851,1680
basic_appreq,5044660,2406825834811,1680
basic_appreq,5117058,2406830987996,1680
basic_appreq,5219039,2406836246720,1680
basic_appreq,5014992,2406841303731,1680
basic_appreq,3090311,2406844446753,1680
basic_appreq,4278218,2406848773168,1680
basic_appreq,4027317,2406852841561,1680
basic_appreq,4765918,2406857644816,1680
basic_appreq,4934146,2406862618160,1680
basic_appreq,5024761,2406867677310,1680
basic_appreq,5109192,2406872827185,1680
basic_appreq,4524967,2406877389214,1680
basic_appreq,4864480,2406882296493,1680
basic_appreq,3098538,2406885433118,1680
basic_appreq,4694168,2406890161590,1680
basic_appreq,4069752,2406894271358,1680
basic_appreq,3678100,2406897998649,1680
basic_appreq,4579743,2406902613623,1680
basic_appreq,4263453,2406906912685,1680
basic_appreq,5146580,2406912105250,1680
basic_appreq,4478261,2406916627741,1680
basic_appreq,3895164,2406920563005,1680
basic_appreq,3672717,2406924274678,1680
basic_appreq,4018357,2406928333703,1680
basic_appreq,4682605,2406933067842,1680
basic_appreq,4200289,2406937302096,1680
basic_appreq,4699021,2406942042124,1680
basic_appreq,3181398,2406945264049,1680
basic_appreq,5692439,2406950994221,1680
basic_appreq,4555618,2406955588636,1680
basic_appreq,4935866,2406960578607,1680
basic_appreq,4672417,2406965305671,1680
basic_appreq,4764945,2406970105815,1680
basic_appreq,4671580,2406974814533,1680
basic_appreq,5188776,2406980053730,1680
basic_appreq,3066988,2406983161066,1680
basic_appreq,4421171,2406987614070,1680
basic_appreq,4436886,2406992085135,1680
basic_appreq,3975064,2406996101086,1680
basic_appreq,4365203,2407000514347,1680
basic_appreq,3997507,2407004550481,1680
basic_appreq,4033973,2407008637068,1680
basic_appreq,4637302,2407013311778,1680
basic_appreq,4954478,2407018301878,1680
basic_appreq,4803770,2407023142943,1680
basic_appreq,4236018,2407027413940,1680
basic_appreq,4207374,2407031659338,1680
basic_appreq,4995747,2407036690809,1680
basic_appreq,4741115,2407041466872,1680
basic_appreq,3368534,2407044871134,1680
basic_appreq,4670740,2407049585086,1680
basic_appreq,3622825,2407053246504,1680
basic_appreq,3865075,2407057156621,1680
basic_appreq,3960933,2407061165658,1680
basic_appreq,4714381,2407065917177,1680
basic_appreq,4672831,2407070636342,1680
basic_appreq,4243169,2407074912055,1680
basic_appreq,4662164,2407079607541,1680
basic_appreq,5194132,2407084841202,1680
basic_appreq,4508535,2407089390863,1680
basic_appreq,4530178,2407093969616,1680
basic_appreq,5014919,2407099034088,1680
basic_appreq,4723384,2407103797860,1680
basic_appreq,8482498,2407112330057,1680
basic_appreq,3480450,2407115850644,1680
basic_appreq,4028951,2407119917162,1680
basic_appreq,3531538,2407123495986,1680
basic_appreq,4512058,2407128042560,1680
basic_appreq,4881186,2407132957340,1680
basic_appreq,4941546,2407137933534,1680
basic_appreq,4790850,2407142758065,1680
basic_appreq,4648751,2407147441767,1680
basic_appreq,4310228,2407151788159,1680
basic_appreq,4794248,2407156620729,1680
basic_appreq,4655182,2407161336652,1680
basic_appreq,4379453,2407165759642,1680
basic_appreq,3234404,2407169043167,1680
basic_appreq,3833148,2407172922567,1680
basic_appreq,4553840,2407177521552,1680
basic_appreq,4474220,2407182033601,1680
basic_appreq,4739476,2407186811913,1680
basic_appreq,4846559,2407191697876,1680
basic_appreq,4947773,2407196674588,1680
basic_appreq,5343040,2407202047028,1680
basic_appreq,5112105,2407207195120,1680
basic_appreq,4990191,2407212220410,1680
basic_appreq,3071306,2407215342115,1680
basic_appreq,3332417,2407218717793,1680
basic_appreq,4704890,2407223461328,1680
basic_appreq,4695566,2407228191610,1680
basic_appreq,4701821,2407232933115,1680
basic_appreq,4393191,2407237361750,1680
basic_appreq,4684807,2407242084664,1680
basic_appreq,4584568,2407246710007,1680
basic_appreq,4496194,2407251238163,1680
basic_appreq,3385581,2407254672909,1680
basic_appreq,4021625,2407258726135,1680
basic_appreq,4626382,2407263399838,1680
basic_appreq,3729376,2407267186330,1680
basic_appreq,5105152,2407272328294,1680
basic_appreq,5108603,2407277501225,1680
basic_appreq,4601768,2407282139814,1680
basic_appreq,4697848,2407286874048,1680
basic_appreq,4796031,2407291710847,1680
basic_appreq,4434592,2407296178366,1680
basic_appreq,5063645,2407301293232,1680
basic_appreq,4143759,2407305476496,1680
basic_appreq,5251434,2407310778783,1680
basic_appreq,3125670,2407313947203,1680
basic_appreq,4259308,2407318243945,1680
basic_appreq,3522836,2407321811783,1680
basic_appreq,3902649,2407325746838,1680
basic_appreq,4802837,2407330581954,1680
basic_appreq,4664976,2407335279492,1680
basic_appreq,4927048,2407340242750,1680
basic_appreq,5319643,2407345607053,1680
basic_appreq,3308419,2407348965667,1680
basic_appreq,4268056,2407353278902,1680
basic_appreq,4154725,2407357485088,1680
basic_appreq,4843593,2407362363863,1680
basic_appreq,4457301,2407366857514,1680
basic_appreq,4328574,2407371222668,1680
basic_appreq,4634003,2407375907008,1680
basic_appreq,4427213,2407380393547,1680
basic_appreq,9431538,2407389899322,1680
basic_appreq,4399580,2407394338347,1680
basic_appreq,4449792,2407398839400,1680
basic_appreq,5797231,2407404692528,1680
basic_appreq,4836308,2407409558958,1680
basic_appreq,4882198,2407414472776,1680
basic_appreq,4563985,2407419073130,1680
basic_appreq,4416696,2407423524430,1680
basic_appreq,3122660,2407426710276,1680
basic_appreq,3453176,2407430209356,1680
basic_appreq,4618067,2407434864727,1680
basic_appreq,4789539,2407439691213,1680
basic_appreq,4833917,2407444561059,1680
basic_appreq,5080326,2407449673910,1680
basic_appreq,4150765,2407453862868,1680
basic_appreq,4702947,2407458631564,1680
basic_appreq,4479320,2407463151706,1680
basic_appreq,5123175,2407468329418,1680
basic_appreq,2997652,2407471363721,1680
basic_appreq,3992168,2407475401370,1680
basic_appreq,4912415,2407480364450,1680
basic_appreq,4183241,2407484603138,1680
basic_appreq,4268862,2407488915301,1680
basic_appreq,4214315,2407493168882,1680
basic_appreq,4319433,2407497530721,1680
basic_appreq,4488529,2407502061014,1680
basic_appreq,3777560,2407505879195,1680
basic_appreq,3945715,2407509871137,1680
basic_appreq,4447565,2407514357198,1680
basic_appreq,5073870,2407519470280,1680
basic_appreq,4958659,2407524467434,1680
basic_appreq,4288821,2407528787278,1680
basic_appreq,4713774,2407533554223,1680
basic_appreq,5604976,2407539207507,1680
basic_appreq,4735900,2407543981849,1680
basic_appreq,4620910,2407548660088,1680
basic_appreq,5252751,2407553947684,1680
basic_appreq,5039191,2407559054517,1680
basic_appreq,4863809,2407563978312,1680
basic_appreq,4994816,2407569028293,1680
basic_appreq,5224789,2407574287647,1680
basic_appreq,4755190,2407579076884,1680
basic_appreq,4634716,2407583767886,1680
basic_appreq,4442070,2407588266928,1680
basic_appreq,3152448,2407591456021,1680
basic_appreq,4196663,2407595697128,1680
basic_appreq,3166928,2407598929605,1680
basic_appreq,4915111,2407603881849,1680
basic_appreq,5092763,2407609013589,1680
basic_appreq,4848193,2407613897320,1680
basic_appreq,4779338,2407618713266,1680
basic_appreq,4329100,2407623078041,1680
basic_appreq,4617998,2407627766461,1680
basic_appreq,5041809,2407632856972,1680
basic_appreq,4950452,2407637863569,1680
basic_appreq,4838141,2407642742083,1680
basic_appreq,5012198,2407647787644,1680
basic_appreq,5369047,2407653213183,1680
basic_appreq,3869446,2407657120633,1680
basic_appreq,5311233,2407662504269,1680
basic_appreq,4431737,2407666972434,1680
basic_appreq,4642055,2407671649441,1680
basic_appreq,5311785,2407677009460,1680
basic_appreq,4056844,2407681123362,1680
basic_appreq,5715729,2407686879092,1680
basic_appreq,4499346,2407691410558,1680
basic_appreq,5103995,2407696560684,1680
basic_appreq,4175325,2407700809975,1680
basic_appreq,4533746,2407705384626,1680
basic_appreq,3149619,2407708574067,1680
basic_appreq,4214027,2407712828416,1680
basic_appreq,3946925,2407716821970,1680
basic_appreq,4997204,2407721855797,1680
basic_appreq,5139119,2407727033154,1680
basic_appreq,5027614,2407732100380,1680
basic_appreq,5014813,2407737154343,1680
basic_appreq,5369461,2407742577414,1680
basic_appreq,4807729,2407747452940,1680
basic_appreq,4887226,2407752378829,1680
basic_appreq,4815827,2407757232437,1680
basic_appreq,5217355,2407762503463,1680
basic_appreq,5018185,2407767561154,1680
basic_appreq,4157919,2407771763206,1680
basic_appreq,2875786,2407774685865,1680
basic_appreq,4078541,2407778800691,1680
basic_appreq,4125314,2407782972852,1680
basic_appreq,4642204,2407787650426,1680
basic_appreq,4893396,2407792579345,1680
basic_appreq,4642394,2407797261175,1680
basic_appreq,4784357,2407802086817,1680
basic_appreq,4806286,2407806940441,1680
basic_appreq,4927831,2407811904458,1680
basic_appreq,4515725,2407816460244,1680
basic_appreq,3436186,2407819946049,1680
basic_appreq,4151251,2407824134076,1680
basic_appreq,4092560,2407828262803,1680
basic_appreq,4583438,2407832892780,1680
basic_appreq,4902612,2407837843456,1680
basic_appreq,4609938,2407842493300,1680
basic_appreq,4433832,2407846966187,1680
basic_appreq,3656020,2407850669011,1680
basic_appreq,4573277,2407855277649,1680
basic_appreq,4276525,2407859593475,1680
basic_appreq,3924066,2407863556447,1680
basic_appreq,4790301,2407868400279,1680
basic_appreq,4346193,2407872781662,1680
basic_appreq,4375022,2407877190450,1680
basic_appreq,4653466,2407881881444,1680
basic_appreq,4790615,2407886710343,1680
basic_appreq,3248419,2407890005920,1680
basic_appreq,3849863,2407893895732,1680
basic_appreq,4608249,2407898585675,1680
basic_appreq,5137822,2407903760095,1680
basic_appreq,4911709,2407908708563,1680
basic_appreq,5258988,2407914006853,1680
basic_appreq,4838040,2407918884450,1680
basic_appreq,4795695,2407923719386,1680
basic_appreq,5266338,2407929025828,1680
basic_appreq,4641592,2407933718044,1680
basic_appreq,4918297,2407938692078,1680
basic_appreq,3051570,2407941779310,1680
basic_appreq,3256461,2407945073079,1680
basic_appreq,5041282,2407950149182,1680
basic_appreq,5105278,2407955292277,1680
basic_appreq,4715983,2407960044881,1680
basic_appreq,4377841,2407964462520,1680
basic_appreq,4297644,2407968800717,1680
basic_appreq,4506693,2407973344093,1680
basic_appreq,3915990,2407977294993,1680
basic_appreq,5131899,2407982466172,1680
basic_appreq,5039610,2407987560833,1680
basic_appreq,4623882,2407992222775,1680
basic_appreq,2915017,2407995213927,1680
basic_appreq,4056375,2407999312914,1680
basic_appreq,4630683,2408003988608,1680
basic_appreq,4632541,2408008695045,1680
basic_appreq,5067909,2408013810153,1680
basic_appreq,5653081,2408019526636,1680
basic_appreq,4917688,2408024482458,1680
basic_appreq,5359844,2408029875933,1680
basic_appreq,4642968,2408034555913,1680
basic_appreq,4520917,2408039117776,1680
basic_appreq,2953442,2408042107768,1680
basic_appreq,4011980,2408046163909,1680
basic_appreq,3787743,2408049996719,1680
basic_appreq,4052547,2408054082355,1680
basic_appreq,3920309,2408058035939,1680
basic_appreq,3268045,2408061352388,1680
basic_appreq,4260155,2408065659428,1680
basic_appreq,4438855,2408070145875,1680
basic_appreq,3886884,2408074081795,1680
basic_appreq,3898088,2408078024551,1680
basic_appreq,4407110,2408082460811,1680
basic_appreq,4629708,2408087125742,1680
basic_appreq,4625538,2408091787897,1680
basic_appreq,4824080,2408096647116,1680
basic_appreq,5217910,2408101916408,1680
basic_appreq,4772694,2408106726980,1680
basic_appreq,5197869,2408111965237,1680
basic_appreq,4288188,2408116327379,1680
basic_appreq,3201776,2408119585853,1680
basic_appreq,4666256,2408124295991,1680
basic_appreq,4213060,2408128542367,1680
basic_appreq,5049603,2408133624476,1680
basic_appreq,4263714,2408137922735,1680
basic_appreq,4532807,2408142493108,1680
basic_appreq,4642131,2408147169744,1680
basic_appreq,8697121,2408155900029,1680
basic_appreq,4677713,2408160620178,1680
basic_appreq,3554193,2408164220360,1680
basic_appreq,4030701,2408168292084,1680
basic_appreq,4341624,2408172683234,1680
basic_appreq,4147545,2408176875560,1680
basic_appreq,5237276,2408182158650,1680
basic_appreq,4437601,2408186631427,1680
basic_appreq,4455229,2408191127167,1680
basic_appreq,4391681,2408195561487,1680
basic_appreq,4224619,2408199827917,1680
basic_appreq,3680933,2408203559690,1680
basic_appreq,4700751,2408208293148,1680
basic_appreq,4851042,2408213177432,1680
basic_appreq,5363677,2408218604181,1680
basic_appreq,4774170,2408223414821,1680
basic_appreq,5003355,2408228455260,1680
basic_appreq,4819458,2408233311504,1680
basic_appreq,4161506,2408237512804,1680
basic_appreq,5240426,2408242804415,1680
basic_appreq,5007316,2408247850649,1680
basic_appreq,5490343,2408253406748,1680
basic_appreq,4278884,2408257718781,1680
basic_appreq,4546320,2408262302181,1680
basic_appreq,4579610,2408266922724,1680
basic_appreq,4203130,2408271171471,1680
basic_appreq,3822407,2408275033788,1680
basic_appreq,4349400,2408279431207,1680
basic_appreq,3184292,2408282650438,1680
basic_appreq,5308900,2408287991691,1680
basic_appreq,4896034,2408292947831,1680
basic_appreq,4663740,2408297651941,1680
basic_appreq,5152742,2408302844728,1680
basic_appreq,5087894,2408307969548,1680
basic_appreq,4443855,2408312696575,1680
basic_appreq,4631438,2408317364262,1680
basic_appreq,4970678,2408322371229,1680
basic_appreq,4050509,2408326470534,1680
basic_appreq,3497888,2408330016898,1680
basic_appreq,4353290,2408334414415,1680
basic_appreq,4086033,2408338538358,1680
basic_appreq,3849741,2408342435160,1680
basic_appreq,4381293,2408346856450,1680
basic_appreq,5048948,2408351946693,1680
basic_appreq,4958884,2408356939029,1680
basic_appreq,4505468,2408361476096,1680
basic_appreq,55743029,2408417268731,1680
basic_appreq,4942730,2408422251601,1680
basic_appreq,4904228,2408427200680,1680
basic_appreq,4100026,2408431339868,1680
basic_appreq,4017656,2408435403399,1680
basic_appreq,4291868,2408439748775,1680
basic_appreq,4948267,2408444759072,1680
basic_appreq,3244656,2408448040510,1680
basic_appreq,4552821,2408452638971,1680
basic_appreq,3923121,2408456607834,1680
basic_appreq,3682812,2408460336122,1680
basic_appreq,5119891,2408465492488,1680
basic_appreq,5202866,2408470731420,1680
basic_appreq,4872095,2408475638121,1680
basic_appreq,5253126,2408480949166,1680
basic_appreq,4728961,2408485716191,1680
basic_appreq,5461567,2408491244293,1680
basic_appreq,5094292,2408496373438,1680
basic_appreq,4269566,2408500680569,1680
basic_appreq,5013245,2408505739242,1680
basic_appreq,4534025,2408510325551,1680
basic_appreq,4989199,2408515361996,1680
basic_appreq,3196228,2408518592183,1680
basic_appreq,4119227,2408522752001,1680
basic_appreq,4122786,2408526917157,1680
basic_appreq,4770039,2408531724484,1680
basic_appreq,5079526,2408536838811,1680
basic_appreq,4454438,2408541329730,1680
basic_appreq,4968750,2408546345260,1680
basic_appreq,3070497,2408549484402,1680
basic_appreq,4067481,2408553594676,1680
basic_appreq,3357528,2408556993664,1680
basic_appreq,4772138,2408561802771,1680
basic_appreq,4164728,2408566004464,1680
basic_appreq,4370374,2408570409972,1680
basic_appreq,4527583,2408574972167,1680
basic_appreq,4706858,2408579715069,1680
basic_appreq,4029185,2408583813241,1680
basic_appreq,3979140,2408587838573,1680
basic_appreq,4959624,2408592843527,1680
basic_appreq,4890116,2408597801767,1680
basic_appreq,5309387,2408603162080,1680
basic_appreq,4993347,2408608189003,1680
basic_appreq,3687833,2408611913649,1680
basic_appreq,3079558,2408615033919,1680
basic_appreq,4318813,2408619398351,1680
basic_appreq,4021504,2408623462958,1680
basic_appreq,4610061,2408628104257,1680
basic_appreq,4828265,2408632967051,1680
basic_appreq,5124869,2408638128158,1680
basic_appreq,4942387,2408643109616,1680
basic_appreq,3017358,2408646208264,1680
basic_appreq,4426788,2408650674183,1680
basic_appreq,3390097,2408654113358,1680
basic_appreq,4406310,2408658553345,1680
basic_appreq,4838528,2408663428618,1680
basic_appreq,4950273,2408668412371,1680
basic_appreq,4561158,2408673028827,1680
basic_appreq,4874622,2408677936721,1680
basic_appreq,4973566,2408682973221,1680
basic_appreq,4912272,2408687924328,1680
basic_appreq,3818144,2408691871482,1680
basic_appreq,4810009,2408696723182,1680
basic_appreq,4931076,2408701691641,1680
basic_appreq,5534310,2408707265850,1680
basic_appreq,4937653,2408712242363,1680
basic_appreq,4528372,2408716807479,1680
basic_appreq,4984608,2408721827070,1680
basic_appreq,4743228,2408726635025,1680
basic_appreq,3080754,2408729764220,1680
basic_appreq,4449581,2408734256800,1680
basic_appreq,4430389,2408738732587,1680
basic_appreq,3302066,2408742066865,1680
basic_appreq,4462073,2408746559122,1680
basic_appreq,4578229,2408751172725,1680
basic_appreq,3207253,2408754420186,1680
basic_appreq,4095698,2408758552317,1680
basic_appreq,3908260,2408762497843,1680
basic_appreq,4271738,2408766802065,1680
basic_appreq,4456802,2408771292435,1680
basic_appreq,3704884,2408775035127,1680
basic_appreq,5230693,2408780304327,1680
basic_appreq,4717060,2408785076748,1680
basic_appreq,5079102,2408790204674,1680
basic_appreq,4938313,2408795175998,1680
basic_appreq,4964693,2408800178852,1680
basic_appreq,5497609,2408805738504,1680
basic_appreq,4630162,2408810408895,1680
basic_appreq,3064105,2408813525110,1680
basic_appreq,3518644,2408817086771,1680
basic_appreq,4370633,2408821497171,1680
basic_appreq,4811183,2408826346730,1680
basic_appreq,4755461,2408831139738,1680
basic_appreq,3409283,2408834596035,1680
basic_appreq,4258486,2408838902868,1680
basic_appreq,4197265,2408843145359,1680
basic_appreq,4104635,2408847293063,1680
basic_appreq,4190187,2408851528339,1680
basic_appreq,4264376,2408855842380,1680
basic_appreq,4288221,2408860169335,1680
basic_appreq,4213238,2408864428672,1680
basic_appreq,4145173,2408868612165,1680
basic_appreq,4310303,2408872975173,1680
basic_appreq,4401692,2408877414417,1680
basic_appreq,4329920,2408881781878,1680
basic_appreq,4723308,2408886538654,1680
basic_appreq,5486628,2408892057809,1680
basic_appreq,5153914,2408897249353,1680
basic_appreq,5081764,2408902368553,1680
basic_appreq,4830353,2408907238524,1680
basic_appreq,5205397,2408912484857,1680
basic_appreq,5312880,2408917847047,1680
basic_appreq,5032618,2408922913009,1680
basic_appreq,4618814,2408927570017,1680
basic_appreq,3073054,2408930689322,1680
basic_appreq,4195483,2408934932441,1680
basic_appreq,3792927,2408938779765,1680
basic_appreq,4133123,2408942947136,1680
basic_appreq,4481284,2408947466165,1680
basic_appreq,4998678,2408952498209,1680
basic_appreq,5091022,2408957621278,1680
basic_appreq,4542409,2408962198771,1680
basic_appreq,4965100,2408967203209,1680
basic_appreq,4579743,2408971846150,1680
basic_appreq,4834659,2408976719520,1680
basic_appreq,4687258,2408981445798,1680
basic_appreq,4458874,2408985941257,1680
basic_appreq,3684765,2408989688433,1680
basic_appreq,4184375,2408993927228,1680
basic_appreq,3438273,2408997403402,1680
basic_appreq,4906136,2409002346588,1680
basic_appreq,4287073,2409006668232,1680
basic_appreq,5024970,2409011739540,1680
basic_appreq,4401212,2409016178952,1680
basic_appreq,3199505,2409019430743,1680
basic_appreq,4374620,2409023848205,1680
basic_appreq,4366260,2409028252776,1680
basic_appreq,4119283,2409032414204,1680
basic_appreq,3726768,2409036189374,1680
basic_appreq,4712517,2409040935180,1680
basic_appreq,5146920,2409046115338,1680
basic_appreq,4928650,2409051083545,1680
basic_appreq,4947049,2409056069734,1680
basic_appreq,4806824,2409060931451,1680
basic_appreq,6016120,2409067001792,1680
basic_appreq,4798553,2409071838827,1680
basic_appreq,4916574,2409076793339,1680
basic_appreq,4102332,2409080930889,1680
basic_appreq,4078622,2409085055132,1680
basic_appreq,3767229,2409088861793,1680
basic_appreq,4327933,2409093224630,1680
basic_appreq,3663675,2409096935482,1680
basic_appreq,4812328,2409101782707,1680
basic_appreq,4971151,2409106791629,1680
basic_appreq,4620048,2409111448063,1680
basic_appreq,4878181,2409116366294,1680
basic_appreq,2983135,2409119399852,1680
basic_appreq,3544257,2409122988107,1680
basic_appreq,4101862,2409127127638,1680
basic_appreq,4862948,2409132027993,1680
basic_appreq,4916477,2409136982851,1680
basic_appreq,4626434,2409141641968,1680
basic_appreq,4911682,2409146586754,1680
basic_appreq,4217070,2409150841518,1680
basic_appreq,5046113,2409155942327,1680
basic_appreq,5128199,2409161111699,1680
basic_appreq,4497701,2409165647783,1680
basic_appreq,4335601,2409170052327,1680
basic_appreq,3500124,2409173588927,1680
basic_appreq,4179687,2409177805026,1680
basic_appreq,4199072,2409182053792,1680
basic_appreq,4047688,2409186147818,1680
basic_appreq,4656543,2409190839599,1680
basic_appreq,9359429,2409200258654,1680
basic_appreq,4559340,2409204859040,1680
basic_appreq,6472079,2409211382813,1680
basic_appreq,4900026,2409216319747,1680
basic_appreq,4937141,2409221293756,1680
basic_appreq,4897124,2409226224945,1680
basic_appreq,3084969,2409229358451,1680
basic_appreq,4041434,2409233442686,1680
basic_appreq,3721611,2409237209401,1680
basic_appreq,5327417,2409242573119,1680
basic_appreq,4384186,2409246994693,1680
basic_appreq,4849327,2409251880126,1680
basic_appreq,4999759,2409256917283,1680
basic_appreq,4469002,2409261418677,1680
basic_appreq,4784655,2409266237246,1680
basic_appreq,5313729,2409271597195,1680
basic_appreq,5219165,2409276891702,1680
basic_appreq,4544856,2409281477155,1680
basic_appreq,3138372,2409284656178,1680
basic_appreq,4132568,2409288830993,1680
basic_appreq,3338684,2409292207822,1680
basic_appreq,4629395,2409296873232,1680
basic_appreq,4725686,2409301635244,1680
basic_appreq,4607618,2409306274009,1680
basic_appreq,3685579,2409310001310,1680
basic_appreq,4190544,2409314233453,1680
basic_appreq,4194797,2409318481740,1680
basic_appreq,3496704,2409322019197,1680
basic_appreq,5068562,2409327143420,1680
basic_appreq,4759666,2409331939180,1680
basic_appreq,4582377,2409336619754,1680
basic_appreq,4337382,2409340996322,1680
basic_appreq,4208185,2409345256778,1680
basic_appreq,5170262,2409350461910,1680
basic_appreq,4855511,2409355352321,1680
basic_appreq,3826119,2409359249464,1680
basic_appreq,5005474,2409364293869,1680
basic_appreq,3248600,2409367591200,1680
basic_appreq,4551075,2409372183252,1680
basic_appreq,4206046,2409376436880,1680
basic_appreq,3640511,2409380124425,1680
basic_appreq,3913376,2409384082639,1680
basic_appreq,5179733,2409389303161,1680
basic_appreq,5034995,2409394376464,1680
basic_appreq,4407436,2409398818631,1680
basic_appreq,4142180,2409402995241,1680
basic_appreq,5173053,2409408202269,1680
basic_appreq,4341956,2409412581403,1680
basic_appreq,3250088,2409415877264,1680
basic_appreq,4156247,2409420076474,1680
basic_appreq,3262041,2409423401624,1680
basic_appreq,5018227,2409428454062,1680
basic_appreq,4943838,2409433432993,1680
basic_appreq,4917950,2409438409476,1680
basic_appreq,5312553,2409443758027,1680
basic_appreq,4940533,2409448758579,1680
basic_appreq,4999736,2409453795937,1680
basic_appreq,4492268,2409458350031,1680
basic_appreq,5487233,2409463889400,1680
basic_appreq,5041434,2409468963789,1680
basic_appreq,4857708,2409473853318,1680
basic_appreq,4242524,2409478147826,1680
basic_appreq,4243881,2409482450838,1680
basic_appreq,4747305,2409487245794,1680
basic_appreq,4843956,2409492122378,1680
basic_appreq,4023064,2409496185429,1680
basic_appreq,4858631,2409501084068,1680
basic_appreq,4621192,2409505744671,1680
basic_appreq,4880157,2409510655362,1680
basic_appreq,4262964,2409514949652,1680
basic_appreq,4881483,2409519866143,1680
basic_appreq,4222123,2409524131149,1680
basic_appreq,3303636,2409527479654,1680
basic_appreq,4347464,2409531871813,1680
basic_appreq,4240632,2409536161451,1680
basic_appreq,3651928,2409539869234,1680
basic_appreq,4728601,2409544631800,1680
basic_appreq,4579891,2409549249088,1680
basic_appreq,4491730,2409553798498,1680
basic_appreq,4470886,2409558308734,1680
basic_appreq,4768774,2409563128683,1680
basic_appreq,4629618,2409567793025,1680
basic_appreq,2939758,2409570767524,1680
basic_appreq,4538162,2409575352520,1680
basic_appreq,4320870,2409579713140,1680
basic_appreq,3785579,2409583545753,1680
basic_appreq,4999930,2409588574250,1680
basic_appreq,4372312,2409592994633,1680
basic_appreq,4563648,2409597595751,1680
basic_appreq,3722435,2409601360220,1680
basic_appreq,4871759,2409606268439,1680
basic_appreq,4848781,2409611179087,1680
basic_appreq,4813334,2409616040611,1680
basic_appreq,4883028,2409620956937,1680
basic_appreq,3958092,2409624975092,1680
basic_appreq,4530865,2409629544870,1680
basic_appreq,5702810,2409635286276,1680
basic_appreq,4732365,2409640057261,1680
basic_appreq,4684774,2409644783288,1680
basic_appreq,3080151,2409647926114,1680
basic_appreq,4019422,2409651984007,1680
basic_appreq,3842326,2409655898698,1680
basic_appreq,4851102,2409660781441,1680
basic_appreq,4732615,2409665546675,1680
basic_appreq,5184519,2409670762210,1680
basic_appreq,4665068,2409675465183,1680
basic_appreq,4595873,2409680098361,1680
basic_appreq,3830690,2409683972325,1680
basic_appreq,4770279,2409688824427,1680
basic_appreq,3900974,2409692779819,1680
basic_appreq,4456449,2409697276257,1680
basic_appreq,3923391,2409701259102,1680
basic_appreq,3531729,2409704831513,1680
basic_appreq,4741651,2409709605796,1680
basic_appreq,3518792,2409713157963,1680
basic_appreq,5044508,2409718235060,1680
basic_appreq,5211065,2409723479457,1680
basic_appreq,4971389,2409728487294,1680
basic_appreq,5227146,2409733754090,1680
basic_appreq,4884708,2409738675742,1680
basic_appreq,3193378,2409741909342,1680
basic_appreq,4733946,2409746686798,1680
basic_appreq,3685631,2409750424016,1680
basic_appreq,4299057,2409754779210,1680
basic_appreq,4180254,2409759004897,1680
basic_appreq,4917588,2409763958687,1680
basic_appreq,5326569,2409769319779,1680
basic_appreq,5106897,2409774464761,1680
basic_appreq,4215546,2409778718758,1680
basic_appreq,5200381,2409783969847,1680
basic_appreq,5034613,2409789063027,1680
basic_appreq,4432722,2409793528603,1680
basic_appreq,4754451,2409798316388,1680
basic_appreq,4463044,2409802812921,1680
basic_appreq,4251888,2409807117529,1680
basic_appreq,5481316,2409812672970,1680
basic_appreq,5012012,2409817750915,1680
basic_appreq,4997814,2409822789510,1680
basic_appreq,4032015,2409826853496,1680
basic_appreq,4716871,2409831603795,1680
basic_appreq,4085920,2409835732258,1680
basic_appreq,4403674,2409840176253,1680
basic_appreq,4860607,2409845071021,1680
basic_appreq,3120466,2409848237444,1680
basic_appreq,3269612,2409851554477,1680
basic_appreq,5193205,2409856782226,1680
basic_appreq,5079563,2409861897473,1680
basic_appreq,5178527,2409867112399,1680
basic_appreq,4346242,2409871497759,1680
basic_appreq,4720543,2409876259171,1680
basic_appreq,4781285,2409881078417,1680
basic_appreq,4568573,2409885678728,1680
basic_appreq,3710572,2409889433939,1680
basic_appreq,3901669,2409893372063,1680
basic_appreq,4400410,2409897815611,1680
basic_appreq,3895014,2409901754794,1680
basic_appreq,4784732,2409906575786,1680
basic_appreq,5202325,2409911815377,1680
basic_appreq,4732912,2409916582369,1680
basic_appreq,4208664,2409920855898,1680
basic_appreq,4297885,2409925189719,1680
basic_appreq,5660895,2409930897131,1680
basic_appreq,4954428,2409935899491,1680
basic_appreq,4982656,2409940924776,1680
basic_appreq,4704817,2409945666995,1680
basic_appreq,4914270,2409950619441,1680
basic_appreq,5296149,2409955954416,1680
basic_appreq,3312314,2409959306857,1680
basic_appreq,4197011,2409963539200,1680
basic_appreq,4060136,2409967636041,1680
basic_appreq,4442868,2409972113716,1680
basic_appreq,4456343,2409976607752,1680
basic_appreq,5593721,2409982256974,1680
basic_appreq,4213430,2409986504610,1680
basic_appreq,5518348,2409992077104,1680
basic_appreq,4426446,2409996541330,1680
basic_appreq,3250843,2409999840198,1680
basic_appreq,4351832,2410004234306,1680
basic_appreq,4175033,2410008465078,1680
basic_appreq,3990535,2410012502734,1680
basic_appreq,4413630,2410016965233,1680
basic_appreq,4828919,2410021857184,1680
basic_appreq,4761832,2410026657731,1680
basic_appreq,4856360,2410031551732,1680
basic_appreq,4382348,2410035965534,1680
basic_appreq,4493636,2410040490529,1680
basic_appreq,4433533,2410044954611,1680
basic_appreq,4321202,2410049316163,1680
basic_appreq,4794049,2410054149774,1680
basic_appreq,4052453,2410058259560,1680
basic_appreq,4084517,2410062380960,1680
basic_appreq,4815269,2410067238851,1680
basic_appreq,4031301,2410071319215,1680
basic_appreq,4952708,2410076314724,1680
basic_appreq,4765680,2410081120553,1680
basic_appreq,4265418,2410085443475,1680
basic_appreq,4782825,2410090272253,1680
basic_appreq,5076815,2410095380152,1680
basic_appreq,3398660,2410098812763,1680
basic_appreq,4740663,2410103590714,1680
basic_appreq,5008522,2410108636972,1680
basic_appreq,5263707,2410113979251,1680
basic_appreq,5082372,2410119128204,1680
basic_appreq,3180784,2410122352132,1680
basic_appreq,4409577,2410126802231,1680
basic_appreq,3302208,2410130152506,1680
basic_appreq,4914743,2410135099467,1680
basic_appreq,4500682,2410139632916,1680
basic_appreq,4836864,2410144507382,1680
basic_appreq,4156799,2410148703042,1680
basic_appreq,3099176,2410151852042,1680
basic_appreq,4216656,2410156113051,1680
basic_appreq,3930022,2410160083875,1680
basic_appreq,4516192,2410164649463,1680
basic_appreq,4632561,2410169319762,1680
basic_appreq,4939924,2410174297793,1680
basic_appreq,4466958,2410178804139,1680
basic_appreq,3085624,2410181970994,1680
basic_appreq,4414409,2410186422747,1680
basic_appreq,3912810,2410190377239,1680
basic_appreq,4005034,2410194418008,1680
basic_appreq,4619040,2410199073326,1680
basic_appreq,4934470,2410204043834,1680
basic_appreq,4838427,2410208920375,1680
basic_appreq,5076109,2410214034720,1680
basic_appreq,4315792,2410218384346,1680
basic_appreq,4906345,2410223345057,1680
basic_appreq,4691839,2410228074705,1680
basic_appreq,3029050,2410231142389,1680
basic_appreq,4261844,2410235449585,1680
basic_appreq,3544167,2410239031699,1680
basic_appreq,4538407,2410243605225,1680
basic_appreq,4507447,2410248147299,1680
basic_appreq,4349995,2410252534534,1680
basic_appreq,4681101,2410257263787,1680
basic_appreq,5781888,2410263111341,1680
basic_appreq,4739926,2410267903202,1680
basic_appreq,5108983,2410273079820,1680
basic_appreq,5283860,2410278400197,1680
basic_appreq,5039030,2410283480584,1680
basic_appreq,4761433,2410288281221,1680
basic_appreq,4724930,2410293043244,1680
basic_appreq,5084614,2410298184198,1680
basic_appreq,5300640,2410303532978,1680
basic_appreq,5130927,2410308704877,1680
basic_appreq,3122704,2410311869051,1680
basic_appreq,4178984,2410316086480,1680
basic_appreq,4436179,2410320568925,1680
basic_appreq,3797244,2410324408381,1680
basic_appreq,4649449,2410329094461,1680
basic_appreq,4824518,2410333950636,1680
basic_appreq,4674083,2410338659123,1680
basic_appreq,4736312,2410343431284,1680
basic_appreq,4855044,2410348325788,1680
basic_appreq,4885421,2410353253443,1680
basic_appreq,4456655,2410357747555,1680
basic_appreq,2998523,2410360795437,1680
basic_appreq,3210307,2410364053207,1680
basic_appreq,5157478,2410369243360,1680
basic_appreq,4769431,2410374046841,1680
basic_appreq,8695645,2410382776398,1680
basic_appreq,3254829,2410386074807,1680
basic_appreq,4166527,2410390286346,1680
basic_appreq,4196326,2410394536679,1680
basic_appreq,4659407,2410399234687,1680
basic_appreq,5007996,2410404274297,1680
basic_appreq,4281712,2410408588269,1680
basic_appreq,3237580,2410411874889,1680
basic_appreq,4244460,2410416155088,1680
basic_appreq,3479856,2410419678797,1680
basic_appreq,4837680,2410424553213,1680
basic_appreq,4450857,2410429043395,1680
basic_appreq,4693304,2410433770489,1680
basic_appreq,4362837,2410438168565,1680
basic_appreq,5062046,2410443287699,1680
basic_appreq,5302429,2410448633624,1680
basic_appreq,4872874,2410453540929,1680
basic_appreq,5027188,2410458609128,1680
basic_appreq,4708778,2410463360436,1680
basic_appreq,4198975,2410467609323,1680
basic_appreq,3473395,2410471120979,1680
basic_appreq,4231062,2410475392614,1680
basic_appreq,4636776,2410480069966,1680
basic_appreq,4245168,2410484355835,1680
basic_appreq,4170480,2410488573846,1680
basic_appreq,3837685,2410492467184,1680
basic_appreq,4703875,2410497207626,1680
basic_appreq,4587858,2410501825828,1680
basic_appreq,4572502,2410506431022,1680
basic_appreq,5009481,2410511493546,1680
basic_appreq,3348307,2410514914930,1680
basic_appreq,4141562,2410519091500,1680
basic_appreq,3985123,2410523111490,1680
basic_appreq,4420012,2410527574128,1680
basic_appreq,5195030,2410532805649,1680
basic_appreq,4421472,2410537263801,1680
basic_appreq,4619479,2410541919429,1680
basic_appreq,5130416,2410547082571,1680
basic_appreq,4679905,2410551832164,1680
basic_appreq,4823431,2410556694918,1680
basic_appreq,5042909,2410561775930,1680
basic_appreq,3057122,2410564866653,1680
basic_appreq,4012494,2410568916733,1680
basic_appreq,4467788,2410573417738,1680
basic_appreq,4018519,2410577479891,1680
basic_appreq,4551192,2410582068369,1680
basic_appreq,10312532,2410592418396,1680
basic_appreq,3049523,2410595519911,1680
basic_appreq,5520149,2410601083679,1680
basic_appreq,5429593,2410606559795,1680
basic_appreq,4646616,2410611249433,1680
basic_appreq,4365856,2410615654684,1680
basic_appreq,4011449,2410619697460,1680
basic_appreq,4261770,2410623995774,1680
basic_appreq,4424922,2410628476197,1680
basic_appreq,4548247,2410633063133,1680
basic_appreq,4121328,2410637238812,1680
basic_appreq,4250028,2410641522127,1680
basic_appreq,4437125,2410646005674,1680
basic_appreq,4338670,2410650395351,1680
basic_appreq,3933027,2410654374936,1680
basic_appreq,4726420,2410659140325,1680
basic_appreq,5155882,2410664334992,1680
basic_appreq,4434282,2410668808834,1680
basic_appreq,4707704,2410673597226,1680
basic_appreq,5020403,2410678665540,1680
basic_appreq,4804655,2410683502671,1680
basic_appreq,4707718,2410688248441,1680
basic_appreq,4616890,2410692903108,1680
basic_appreq,3119011,2410696071278,1680
basic_appreq,4148456,2410700273234,1680
basic_appreq,4158125,2410704482429,1680
basic_appreq,4713200,2410709231474,1680
basic_appreq,4831132,2410714098892,1680
basic_appreq,4974032,2410719107343,1680
basic_appreq,5311030,2410724453773,1680
basic_appreq,5159323,2410729650020,1680
basic_appreq,5166672,2410734869605,1680
basic_appreq,5454052,2410740380255,1680
basic_appreq,5165913,2410745601531,1680
basic_appreq,5091687,2410750736867,1680
basic_appreq,3007292,2410753838371,1680
basic_appreq,4474822,2410758351316,1680
basic_appreq,3716147,2410762110061,1680
basic_appreq,4796432,2410766943612,1680
basic_appreq,4993435,2410771972642,1680
basic_appreq,4739074,2410776771832,1680
basic_appreq,4288305,2410781096764,1680
basic_appreq,4781386,2410785919258,1680
basic_appreq,4825691,2410790782022,1680
basic_appreq,4486841,2410795300295,1680
basic_appreq,4636161,2410799970968,1680
basic_appreq,5525744,2410805586034,1680
basic_appreq,4568742,2410810191963,1680
basic_appreq,4812249,2410815052918,1680
basic_appreq,4714491,2410819801136,1680
basic_appreq,3858512,2410823699692,1680
basic_appreq,3683755,2410827428137,1680
basic_appreq,3851825,2410831320250,1680
basic_appreq,3975901,2410835341682,1680
basic_appreq,4748185,2410840126048,1680
basic_appreq,4672427,2410844832406,1680
basic_appreq,4375151,2410849241550,1680
basic_appreq,5495749,2410854772616,1680
basic_appreq,4387782,2410859197497,1680
basic_appreq,3763848,2410862998756,1680
basic_appreq,4379843,2410867412666,1680
basic_appreq,4403647,2410871850236,1680
basic_appreq,3457580,2410875346569,1680
basic_appreq,3751681,2410879132278,1680
basic_appreq,3302440,2410882469678,1680
basic_appreq,5022440,2410887526168,1680
basic_appreq,4857705,2410892417309,1680
basic_appreq,4632874,2410897092669,1680
basic_appreq,3137004,2410900278549,1680
basic_appreq,4369768,2410904692420,1680
basic_appreq,4005398,2410908742476,1680
basic_appreq,4867056,2410913644505,1680
basic_appreq,4309071,2410917989737,1680
basic_appreq,4576109,2410922600645,1680
basic_appreq,4310753,2410926947221,1680
basic_appreq,3097248,2410930094854,1680
basic_appreq,4104156,2410934244571,1680
basic_appreq,3409234,2410937699041,1680
basic_appreq,5236434,2410942971562,1680
basic_appreq,4173641,2410947181663,1680
basic_appreq,4211179,2410951455225,1680
basic_appreq,5646673,2410957164165,1680
basic_appreq,4870272,2410962070737,1680
basic_appreq,4898736,2410967006174,1680
basic_appreq,4805544,2410971857953,1680
basic_appreq,3259556,2410975153962,1680
basic_appreq,4842842,2410980028748,1680
basic_appreq,3834698,2410983901351,1680
basic_appreq,4975312,2410988911078,1680
basic_appreq,4773169,2410993719328,1680
basic_appreq,4517598,2410998269806,1680
basic_appreq,4473453,2411002776837,1680
basic_appreq,4474212,2411007299475,1680
basic_appreq,4760395,2411012108149,1680
basic_appreq,3982159,2411016127616,1680
basic_appreq,4517146,2411020682111,1680
basic_appreq,4745964,2411025471254,1680
basic_appreq,4070521,2411029579703,1680
basic_appreq,4316513,2411033934168,1680
basic_appreq,3921400,2411037901504,1680
basic_appreq,3533623,2411041471194,1680
basic_appreq,4259252,2411045767632,1680
basic_appreq,3538466,2411049344934,1680
basic_appreq,4471165,2411053852582,1680
basic_appreq,4870900,2411058756999,1680
basic_appreq,5017114,2411063808260,1680
basic_appreq,4304633,2411068165686,1680
basic_appreq,4473628,2411072678643,1680
basic_appreq,5604571,2411078359944,1680
basic_appreq,3213843,2411081639878,1680
basic_appreq,4364192,2411086042369,1680
basic_appreq,4160777,2411090237359,1680
basic_appreq,3873713,2411094144232,1680
basic_appreq,3954042,2411098135288,1680
basic_appreq,5542313,2411103726107,1680
basic_appreq,4785125,2411108549325,1680
basic_appreq,5037241,2411113618001,1680
basic_appreq,4981088,2411118633210,1680
basic_appreq,4878596,2411123550104,1680
basic_appreq,4570451,2411128159006,1680
basic_appreq,3063039,2411131268413,1680
basic_appreq,3963293,2411135275852,1680
basic_appreq,4121998,2411139446552,1680
basic_appreq,4705795,2411144185035,1680
basic_appreq,4269667,2411148488765,1680
basic_appreq,3986114,2411152514695,1680
basic_appreq,5441126,2411158005059,1680
basic_appreq,4916175,2411162954791,1680
basic_appreq,4549561,2411167539930,1680
basic_appreq,4203951,2411171795088,1680
basic_appreq,4291018,2411176126996,1680
basic_appreq,4514944,2411180678680,1680
basic_appreq,3432013,2411184164762,1680
basic_appreq,3918248,2411188119089,1680
basic_appreq,4291457,2411192454534,1680
basic_appreq,3718706,2411196223108,1680
basic_appreq,3839508,2411200094562,1680
basic_appreq,4445688,2411204575243,1680
basic_appreq,4881960,2411209498753,1680
basic_appreq,5188431,2411214740739,1680
basic_appreq,4533624,2411219311378,1680
basic_appreq,4730243,2411224081321,1680
basic_appreq,3921248,2411228051605,1680
basic_appreq,3760077,2411231850776,1680
basic_appreq,4164661,2411236060477,1680
basic_appreq,3979123,2411240085485,1680
basic_appreq,5143836,2411245261955,1680
basic_appreq,5092863,2411250386997,1680
basic_appreq,4905172,2411255328500,1680
basic_appreq,5122629,2411260488127,1680
basic_appreq,4858999,2411265383370,1680
basic_appreq,4395607,2411269816205,1680
basic_appreq,5082174,2411274934413,1680
basic_appreq,4870542,2411279838886,1680
basic_appreq,4580353,2411284450937,1680
basic_appreq,3054233,2411287555559,1680
basic_appreq,3528332,2411291124547,1680
basic_appreq,4718541,2411295879326,1680
basic_appreq,4801722,2411300717232,1680
basic_appreq,4978183,2411305731866,1680
basic_appreq,4067999,2411309839682,1680
basic_appreq,3113163,2411313008964,1680
basic_appreq,3786322,2411316841156,1680
basic_appreq,3752899,2411320640583,1680
basic_appreq,4153838,2411324826831,1680
basic_appreq,5548874,2411330425731,1680
basic_appreq,5089722,2411335552234,1680
basic_appreq,4689730,2411340296236,1680
basic_appreq,4187981,2411344535259,1680
basic_appreq,4616932,2411349213106,1680
basic_appreq,4948529,2411354199310,1680
basic_appreq,5133264,2411359370583,1680
basic_appreq,4841683,2411364270037,1680
basic_appreq,5009761,2411369314317,1680
basic_appreq,4618732,2411373997324,1680
basic_appreq,4709938,2411378742132,1680
basic_appreq,4450049,2411383227039,1680
basic_appreq,4094128,2411387355069,1680
basic_appreq,4593678,2411391982568,1680
basic_appreq,5173129,2411397224081,1680
basic_appreq,4853779,2411402129080,1680
basic_appreq,5444514,2411407624437,1680
basic_appreq,4665804,2411412327862,1680
basic_appreq,5359641,2411417746095,1680
basic_appreq,6541743,2411424328610,1680
basic_appreq,3587424,2411427960645,1680
basic_appreq,4264334,2411432262199,1680
basic_appreq,5149260,2411437455148,1680
basic_appreq,4889326,2411442381986,1680
basic_appreq,5249588,2411447668722,1680
basic_appreq,4790030,2411452496280,1680
basic_appreq,4988116,2411457520430,1680
basic_appreq,4308165,2411461876301,1680
basic_appreq,4341642,2411466253678,1680
basic_appreq,5223603,2411471526799,1680
basic_appreq,4202961,2411475764731,1680
basic_appreq,4535543,2411480335168,1680
basic_appreq,4596206,2411484972292,1680
basic_appreq,5045068,2411490069546,1680
basic_appreq,3064740,2411493175880,1680
basic_appreq,4333539,2411497567719,1680
basic_appreq,4284603,2411501901601,1680
basic_appreq,3466858,2411505401242,1680
basic_appreq,4055861,2411509491690,1680
basic_appreq,3252229,2411512777422,1680
basic_appreq,4389788,2411517206363,1680
basic_appreq,4155524,2411521402068,1680
basic_appreq,3545158,2411524986746,1680
basic_appreq,4678750,2411529697383,1680
basic_appreq,5190959,2411534920873,1680
basic_appreq,5065852,2411540025194,1680
basic_appreq,4485594,2411544551146,1680
basic_appreq,5249118,2411549836407,1680
basic_appreq,5003848,2411554877852,1680
basic_appreq,5389027,2411560316526,1680
basic_appreq,4881901,2411565264142,1680
basic_appreq,5163472,2411570483194,1680
basic_appreq,3604142,2411574142088,1680
basic_appreq,3792307,2411577973562,1680
basic_appreq,4604192,2411582628172,1680
basic_appreq,3752707,2411586421230,1680
basic_appreq,3948267,2411590415309,1680
basic_appreq,4857569,2411595307179,1680
basic_appreq,4888471,2411600230370,1680
basic_appreq,4707406,2411604973926,1680
basic_appreq,4816395,2411609854780,1680
basic_appreq,5292784,2411615193084,1680
basic_appreq,5698845,2411620961009,1680
basic_appreq,5404550,2411626409198,1680
basic_appreq,4720190,2411631168141,1680
basic_appreq,4831862,2411636040481,1680
basic_appreq,4282605,2411640363500,1680
basic_appreq,3860526,2411644264602,1680
basic_appreq,3198413,2411647509261,1680
basic_appreq,4335812,2411651877881,1680
basic_appreq,4466962,2411656379544,1680
basic_appreq,4622486,2411661046704,1680
basic_appreq,3185486,2411664277136,1680
basic_appreq,4663971,2411668992020,1680
basic_appreq,4731668,2411673759439,1680
basic_appreq,4736700,2411678533513,1680
basic_appreq,3181629,2411681763293,1680
basic_appreq,4103208,2411685898370,1680
basic_appreq,3742503,2411689688101,1680
basic_appreq,4411468,2411694135764,1680
basic_appreq,4676667,2411698849495,1680
basic_appreq,4680984,2411703563141,1680
basic_appreq,3492566,2411707093338,1680
basic_appreq,4098900,2411711229766,1680
basic_appreq,4416942,2411715684296,1680
basic_appreq,4330448,2411720071875,1680
basic_appreq,3448813,2411723558794,1680
basic_appreq,4762146,2411728356679,1680
basic_appreq,5205456,2411733599586,1680
basic_appreq,4483216,2411738121961,1680
basic_appreq,4943723,2411743101892,1680
basic_appreq,4661007,2411747794116,1680
basic_appreq,4674608,2411752507542,1680
basic_appreq,4941743,2411757509509,1680
basic_appreq,3140008,2411760691879,1680
basic_appreq,4094223,2411764825669,1680
basic_appreq,4026985,2411768908222,1680
basic_appreq,4263198,2411773218737,1680
basic_appreq,4407853,2411777663235,1680
basic_appreq,5084303,2411782785234,1680
basic_appreq,4435669,2411787253034,1680
basic_appreq,4594979,2411791879818,1680
basic_appreq,4397120,2411796319115,1680
basic_appreq,4839711,2411801197549,1680
basic_appreq,4196978,2411805432922,1680
basic_appreq,4494686,2411809970308,1680
basic_appreq,4318090,2411814333126,1680
basic_appreq,4577495,2411818954440,1680
basic_appreq,3268065,2411822268134,1680
basic_appreq,3800493,2411826113913,1680
basic_appreq,3330227,2411829494978,1680
basic_appreq,5051213,2411834581107,1680
basic_appreq,5076378,2411839690331,1680
basic_appreq,4581710,2411844304822,1680
basic_appreq,5000575,2411849338585,1680
basic_appreq,5019791,2411854415881,1680
basic_appreq,5592276,2411860051505,1680
basic_appreq,4904214,2411864993074,1680
basic_appreq,5004514,2411870034690,1680
basic_appreq,4279426,2411874347945,1680
basic_appreq,4858601,2411879260733,1680
basic_appreq,3953063,2411883247542,1680
basic_appreq,5275964,2411888569148,1680
basic_appreq,4256507,2411892858470,1680
basic_appreq,4618203,2411897514620,1680
basic_appreq,4596570,2411902152494,1680
basic_appreq,2826874,2411905025826,1680
basic_appreq,3263662,2411908324582,1680
basic_appreq,5134660,2411913494499,1680
basic_appreq,4464354,2411917999351,1680
basic_appreq,4686824,2411922726693,1680
basic_appreq,3193982,2411925961789,1680
basic_appreq,3787112,2411929801172,1680
basic_appreq,4126340,2411933967616,1680
basic_appreq,4255957,2411938256960,1680
basic_appreq,4935443,2411943225011,1680
basic_appreq,5039727,2411948298284,1680
basic_appreq,4485160,2411952820334,1680
basic_appreq,4892485,2411957751673,1680
basic_appreq,4937782,2411962725599,1680
basic_appreq,2991390,2411965763406,1680
basic_appreq,3357109,2411969165805,1680
basic_appreq,5155438,2411974357223,1680
basic_appreq,4782796,2411979177556,1680
basic_appreq,4663945,2411983877831,1680
basic_appreq,4376775,2411988291943,1680
basic_appreq,4680016,2411993009064,1680
basic_appreq,4507594,2411997555028,1680
basic_appreq,4917849,2412002521499,1680
basic_appreq,5562526,2412008134423,1680
basic_appreq,4636617,2412012804027,1680
basic_appreq,5074804,2412017928974,1680
basic_appreq,3131605,2412021123194,1680
basic_appreq,4300973,2412025463465,1680
basic_appreq,4357496,2412029861488,1680
basic_appreq,4110961,2412034018148,1680
basic_appreq,4612097,2412038666369,1680
basic_appreq,4305110,2412043007545,1680
basic_appreq,4332513,2412047374355,1680
basic_appreq,3979298,2412051384859,1680
basic_appreq,5095711,2412056527980,1680
basic_appreq,5023469,2412061587764,1680
basic_appreq,4649550,2412066309411,1680
basic_appreq,5005612,2412071353383,1680
basic_appreq,4138345,2412075533034,1680
basic_appreq,3430556,2412079008463,1680
basic_appreq,3972711,2412083019235,1680
basic_appreq,4731856,2412087786404,1680
basic_appreq,4189711,2412092021901,1680
basic_appreq,3816615,2412095882001,1680
basic_appreq,4442001,2412100356971,1680
basic_appreq,4710496,2412105099963,1680
basic_appreq,5317764,2412110451049,1680
basic_appreq,4879381,2412115371599,1680
basic_appreq,4331112,2412119743994,1680
basic_appreq,4361219,2412124178531,1680
basic_appreq,3922326,2412128140023,1680
basic_appreq,4348662,2412132535951,1680
basic_appreq,4530201,2412137107765,1680
basic_appreq,4065970,2412141221341,1680
basic_appreq,4456467,2412145725267,1680
basic_appreq,4327984,2412150092162,1680
basic_appreq,4101931,2412154234627,1680
basic_appreq,5395902,2412159666636,1680
basic_appreq,4621969,2412164319690,1680
basic_appreq,4458960,2412168815079,1680
basic_appreq,3707722,2412172559864,1680
basic_appreq,4490320,2412177089859,1680
basic_appreq,4024412,2412181146048,1680
basic_appreq,4139900,2412185333507,1680
basic_appreq,4032297,2412189413709,1680
basic_appreq,3734889,2412193196538,1680
basic_appreq,4233465,2412197473409,1680
basic_appreq,3780468,2412201311241,1680
basic_appreq,4201733,2412205544007,1680
basic_appreq,4744374,2412210319715,1680
basic_appreq,4633045,2412214986653,1680
basic_appreq,3583719,2412218612107,1680
basic_appreq,4227529,2412222879069,1680
basic_appreq,3962121,2412226879529,1680
basic_appreq,4256867,2412231178487,1680
basic_appreq,4230789,2412235443897,1680
basic_appreq,4986131,2412240463774,1680
basic_appreq,4649622,2412245153983,1680
basic_appreq,4671823,2412249863994,1680
basic_appreq,4575626,2412254478868,1680
basic_appreq,4915236,2412259426247,1680
basic_appreq,3123559,2412262600214,1680
basic_appreq,4230776,2412266877382,1680
basic_appreq,3433485,2412270356729,1680
basic_appreq,4677757,2412275072443,1680
basic_appreq,3846850,2412278956755,1680
basic_appreq,4495911,2412283490647,1680
basic_appreq,4696465,2412288223630,1680
basic_appreq,4517119,2412292773202,1680
basic_appreq,4226655,2412297047012,1680
basic_appreq,4969239,2412302063789,1680
basic_appreq,4870376,2412306976635,1680
basic_appreq,5211974,2412312235352,1680
basic_appreq,5353148,2412317643234,1680
basic_appreq,5035238,2412322714654,1680
basic_appreq,4106201,2412326864477,1680
basic_appreq,4814442,2412331731188,1680
basic_appreq,2990732,2412334761219,1680
basic_appreq,3863571,2412338676446,1680
basic_appreq,3895772,2412342619012,1680
basic_appreq,4297094,2412346961196,1680
basic_appreq,4223895,2412351219592,1680
basic_appreq,5311966,2412356569296,1680
basic_appreq,5026723,2412361635439,1680
basic_appreq,5084574,2412366754073,1680
basic_appreq,5343694,2412372133897,1680
basic_appreq,3727712,2412375920854,1680
basic_appreq,3904500,2412379863938,1680
basic_appreq,4221707,2412384139893,1680
basic_appreq,4289954,2412388475848,1680
basic_appreq,4437157,2412392947258,1680
basic_appreq,4838475,2412397817228,1680
basic_appreq,5005918,2412402855642,1680
basic_appreq,4663628,2412407551025,1680
basic_appreq,4601534,2412412196144,1680
basic_appreq,3927236,2412416176196,1680
basic_appreq,3075776,2412419309054,1680
basic_appreq,4619039,2412423970425,1680
basic_appreq,3863422,2412427901529,1680
basic_appreq,4262285,2412432208070,1680
basic_appreq,5224184,2412437466562,1680
basic_appreq,4804870,2412442310108,1680
basic_appreq,4271066,2412446619234,1680
basic_appreq,8891344,2412455548442,1680
basic_appreq,4096615,2412459684646,1680
basic_appreq,5127551,2412464877233,1680
basic_appreq,4536353,2412469445255,1680
basic_appreq,3904426,2412473381562,1680
basic_appreq,3983117,2412477402688,1680
basic_appreq,5045178,2412482495006,1680
basic_appreq,5059765,2412487625940,1680
basic_appreq,4538460,2412492196821,1680
basic_appreq,4587332,2412496817404,1680
basic_appreq,4580753,2412501435793,1680
basic_appreq,4380224,2412505853469,1680
basic_appreq,3029294,2412508932176,1680
basic_appreq,3180681,2412512160176,1680
basic_appreq,5313761,2412517509654,1680
basic_appreq,4125758,2412521674046,1680
basic_appreq,4856191,2412526572502,1680
basic_appreq,4513209,2412531127405,1680
basic_appreq,3317413,2412534493266,1680
basic_appreq,3603462,2412538128884,1680
basic_appreq,4934203,2412543095108,1680
basic_appreq,4903203,2412548033372,1680
basic_appreq,5092626,2412553199819,1680
basic_appreq,4233897,2412557500749,1680
basic_appreq,4056249,2412561590525,1680
basic_appreq,4392827,2412566017034,1680
basic_appreq,3070712,2412569132904,1680
basic_appreq,4215241,2412573396189,1680
basic_appreq,3323467,2412576781400,1680
basic_appreq,5117395,2412581958644,1680
basic_appreq,5244420,2412587234577,1680
basic_appreq,5038350,2412592307688,1680
basic_appreq,4425746,2412596775965,1680
basic_appreq,4409046,2412601245929,1680
basic_appreq,4795937,2412606077226,1680
basic_appreq,4258994,2412610372289,1680
basic_appreq,4428877,2412614840321,1680
basic_appreq,4639807,2412619527006,1680
basic_appreq,4565198,2412624133514,1680
basic_appreq,4634752,2412628811697,1680
basic_appreq,5090562,2412633940027,1680
basic_appreq,5136849,2412639114719,1680
basic_appreq,4512910,2412643664888,1680
basic_appreq,5025224,2412648733958,1680
basic_appreq,3074792,2412651880887,1680
basic_appreq,4168234,2412656088332,1680
basic_appreq,3559710,2412659685044,1680
basic_appreq,5214513,2412664932373,1680
basic_appreq,4491059,2412669458444,1680
basic_appreq,4621227,2412674114125,1680
basic_appreq,4521398,2412678671070,1680
basic_appreq,4139125,2412682847959,1680
basic_appreq,2912285,2412685800725,1680
basic_appreq,5197393,2412691035006,1680
basic_appreq,4497203,2412695597356,1680
basic_appreq,5889755,2412701551775,1680
basic_appreq,4432698,2412706024267,1680
basic_appreq,4679225,2412710739524,1680
basic_appreq,4758701,2412715561027,1680
basic_appreq,3112212,2412718711090,1680
basic_appreq,4107223,2412722855462,1680
basic_appreq,3726066,2412726630482,1680
basic_appreq,4954002,2412731618508,1680
basic_appreq,5379035,2412737031227,1680
basic_appreq,4240299,2412741306053,1680
basic_appreq,4405369,2412745751816,1680
basic_appreq,3134040,2412748933859,1680
basic_appreq,4433847,2412753413770,1680
basic_appreq,3804187,2412757264241,1680
basic_appreq,4980969,2412762279286,1680
basic_appreq,5103775,2412767417625,1680
basic_appreq,5306863,2412772762745,1680
basic_appreq,4997487,2412777798781,1680
basic_appreq,4912363,2412782750045,1680
basic_appreq,4513442,2412787298997,1680
basic_appreq,3306271,2412790644205,1680
basic_appreq,4148032,2412794834597,1680
basic_appreq,4526260,2412799405294,1680
basic_appreq,3357812,2412802802292,1680
basic_appreq,4940705,2412807773965,1680
basic_appreq,4909786,2412812715282,1680
basic_appreq,4850909,2412817603963,1680
basic_appreq,3952966,2412821594175,1680
basic_appreq,4706585,2412826362905,1680
basic_appreq,4017980,2412830419954,1680
basic_appreq,4611229,2412835066645,1680
basic_appreq,4915101,2412840032491,1680
basic_appreq,4691897,2412845137403,1680
basic_appreq,4965741,2412850136616,1680
basic_appreq,4674957,2412854844999,1680
basic_appreq,4641003,2412859523984,1680
basic_appreq,4583639,2412864160234,1680
basic_appreq,3020847,2412867226882,1680
basic_appreq,4356504,2412871624263,1680
basic_appreq,3451119,2412875123059,1680
basic_appreq,4572247,2412879729865,1680
basic_appreq,4690420,2412884454868,1680
basic_appreq,4658136,2412889152432,1680
basic_appreq,4583531,2412893774644,1680
basic_appreq,3120192,2412896949952,1680
basic_appreq,4576420,2412901558843,1680
basic_appreq,4378043,2412905992994,1680
basic_appreq,4825732,2412910855741,1680
basic_appreq,4579956,2412915468433,1680
basic_appreq,4712644,2412920222151,1680
basic_appreq,4820879,2412925085720,1680
basic_appreq,4172323,2412929296955,1680
basic_appreq,4178237,2412933533415,1680
basic_appreq,3528000,2412937093865,1680
basic_appreq,5204141,2412942334408,1680
basic_appreq,5188196,2412947578659,1680
basic_appreq,4952167,2412952569370,1680
basic_appreq,4368238,2412956980107,1680
basic_appreq,5470707,2412962507967,1680
basic_appreq,5127374,2412967668689,1680
basic_appreq,3305528,2412971009407,1680
basic_appreq,3898773,2412974968449,1680
basic_appreq,3768847,2412978784378,1680
basic_appreq,5277407,2412984098309,1680
basic_appreq,4640843,2412988773953,1680
basic_appreq,4337375,2412993148835,1680
basic_appreq,3947167,2412997143139,1680
basic_appreq,3751899,2413000931385,1680
basic_appreq,4689230,2413005659158,1680
basic_appreq,3952263,2413009660289,1680
basic_appreq,3389853,2413013092925,1680
basic_appreq,4641617,2413017766889,1680
basic_appreq,4423872,2413022224069,1680
basic_appreq,3058403,2413025332621,1680
basic_appreq,4424096,2413029790280,1680
basic_appreq,4114139,2413033938251,1680
basic_appreq,5207210,2413039215547,1680
basic_appreq,4130179,2413043382204,1680
basic_appreq,5294068,2413048722286,1680
basic_appreq,4650345,2413053410585,1680
basic_appreq,4369474,2413057814846,1680
basic_appreq,5046656,2413062894883,1680
basic_appreq,4661039,2413067591500,1680
basic_appreq,3290274,2413070919554,1680
basic_appreq,4477817,2413075437407,1680
basic_appreq,3969472,2413079453791,1680
basic_appreq,3963569,2413083455353,1680
basic_appreq,4558713,2413088047304,1680
basic_appreq,4911174,2413092999394,1680
basic_appreq,5249658,2413098285785,1680
basic_appreq,4868101,2413103213666,1680
basic_appreq,5227072,2413108474008,1680
basic_appreq,4371276,2413112881890,1680
basic_appreq,4577145,2413117495721,1680
basic_appreq,4889415,2413122425541,1680
basic_appreq,4826251,2413127289488,1680
basic_appreq,4130201,2413131451493,1680
basic_appreq,3116923,2413134607853,1680
basic_appreq,4117508,2413138764486,1680
basic_appreq,4720740,2413143526962,1680
basic_appreq,4254919,2413147818632,1680
basic_appreq,4507576,2413152375814,1680
basic_appreq,3188820,2413155603880,1680
basic_appreq,4878718,2413160518744,1680
basic_appreq,5400006,2413165981568,1680
basic_appreq,4593612,2413170610841,1680
basic_appreq,4542763,2413175190601,1680
basic_appreq,5430625,2413180687958,1680
basic_appreq,5875408,2413186658250,1680
basic_appreq,4936930,2413191634418,1680
basic_appreq,5286134,2413196959627,1680
basic_appreq,4284323,2413201281846,1680
basic_appreq,4680602,2413205997470,1680
basic_appreq,3826338,2413209858624,1680
basic_appreq,5112508,2413215010001,1680
basic_appreq,4985125,2413220035106,1680
basic_appreq,4442521,2413224513779,1680
basic_appreq,3185368,2413227743779,1680
basic_appreq,4388980,2413232168516,1680
basic_appreq,3929563,2413236140882,1680
basic_appreq,3868922,2413240048866,1680
basic_appreq,4830077,2413244912785,1680
basic_appreq,4592130,2413249542854,1680
basic_appreq,4704811,2413254326177,1680
basic_appreq,3239817,2413257640646,1680
basic_appreq,4337425,2413262018013,1680
basic_appreq,3667638,2413265728926,1680
basic_appreq,4477851,2413270240341,1680
basic_appreq,4405404,2413274681409,1680
basic_appreq,4700637,2413279415794,1680
basic_appreq,4531955,2413283983738,1680
basic_appreq,5339215,2413289397982,1680
basic_appreq,3294958,2413292759255,1680
basic_appreq,4142411,2413296953843,1680
basic_appreq,4446476,2413301452654,1680
basic_appreq,3676059,2413305177143,1680
basic_appreq,5030504,2413310239148,1680
basic_appreq,5270304,2413315546964,1680
basic_appreq,4883368,2413320466240,1680
basic_appreq,5048286,2413325550712,1680
basic_appreq,4904749,2413330494669,1680
basic_appreq,4982539,2413335513656,1680
basic_appreq,4773442,2413340322829,1680
basic_appreq,4932453,2413345291436,1680
basic_appreq,4875689,2413350224660,1680
basic_appreq,3063757,2413353334816,1680
basic_appreq,4126597,2413357505009,1680
basic_appreq,3672888,2413361225161,1680
basic_appreq,5349035,2413366608880,1680
basic_appreq,4652820,2413371299564,1680
basic_appreq,4919129,2413376258678,1680
basic_appreq,4368079,2413380661063,1680
basic_appreq,4968825,2413385666554,1680
basic_appreq,5589232,2413391294114,1680
basic_appreq,4783700,2413396115006,1680
basic_appreq,5048904,2413401229689,1680
basic_appreq,3429638,2413404713946,1680
basic_appreq,4853148,2413409612677,1680
basic_appreq,4742277,2413414387568,1680
basic_appreq,4616829,2413419053209,1680
basic_appreq,5155486,2413424253432,1680
basic_appreq,5243322,2413429559838,1680
basic_appreq,3093953,2413432719892,1680
basic_appreq,4061796,2413436818865,1680
basic_appreq,3864434,2413440729111,1680
basic_appreq,4852557,2413445617144,1680
basic_appreq,4666413,2413450316146,1680
basic_appreq,4970937,2413455320696,1680
basic_appreq,5050842,2413460404362,1680
basic_appreq,4313129,2413464748962,1680
basic_appreq,4116926,2413468902533,1680
basic_appreq,5015569,2413473958474,1680
basic_appreq,4977709,2413478986108,1680
basic_appreq,9176643,2413488227155,1680
basic_appreq,3483079,2413491797357,1680
basic_appreq,4425805,2413496260200,1680
basic_appreq,3337508,2413499636895,1680
basic_appreq,4443697,2413504113688,1680
basic_appreq,4168967,2413508352925,1680
basic_appreq,5278871,2413513678928,1680
basic_appreq,5506378,2413519217943,1680
basic_appreq,5139254,2413524389101,1680
basic_appreq,4692925,2413529144463,1680
basic_appreq,4218911,2413533400264,1680
basic_appreq,4357508,2413537797094,1680
basic_appreq,4404577,2413542241707,1680
basic_appreq,5422606,2413547716919,1680
basic_appreq,5074716,2413552825658,1680
basic_appreq,4518609,2413557427860,1680
basic_appreq,2982749,2413560467603,1680
basic_appreq,4219570,2413564728842,1680
basic_appreq,3432464,2413568199453,1680
basic_appreq,4907929,2413573152251,1680
basic_appreq,5456904,2413578640545,1680
basic_appreq,4685071,2413583362540,1680
basic_appreq,4703281,2413588102562,1680
basic_appreq,4819147,2413592975921,1680
basic_appreq,4511027,2413597522599,1680
basic_appreq,4590788,2413602175054,1680
basic_appreq,4952108,2413607167018,1680
basic_appreq,4892817,2413612097646,1680
basic_appreq,4746439,2413616883408,1680
basic_appreq,4478584,2413621398772,1680
basic_appreq,4617843,2413626051329,1680
basic_appreq,4849242,2413630932489,1680
basic_appreq,4553763,2413635523080,1680
basic_appreq,3373931,2413638946563,1680
basic_appreq,4283794,2413643289624,1680
basic_appreq,3436474,2413646773479,1680
basic_appreq,4764111,2413651572392,1680
basic_appreq,4816603,2413656427162,1680
basic_appreq,5122392,2413661586355,1680
basic_appreq,4426147,2413666047297,1680
basic_appreq,4992644,2413671076166,1680
basic_appreq,4880495,2413675999790,1680
basic_appreq,3015540,2413679111052,1680
basic_appreq,4398214,2413683546434,1680
basic_appreq,4415345,2413688026267,1680
basic_appreq,4015037,2413692089896,1680
basic_appreq,4377031,2413696516544,1680
basic_appreq,4150626,2413700722023,1680
basic_appreq,5030992,2413705787044,1680
basic_appreq,4386141,2413710210042,1680
basic_appreq,4858337,2413715105465,1680
basic_appreq,4832694,2413719980836,1680
basic_appreq,5378795,2413725429345,1680
basic_appreq,4432955,2413729898591,1680
basic_appreq,10617348,2413740553360,1680
basic_appreq,5546838,2413746165960,1680
basic_appreq,5374788,2413751580311,1680
basic_appreq,5111780,2413756731605,1680
basic_appreq,4991514,2413761762479,1680
basic_appreq,4253434,2413766058121,1680
basic_appreq,3102806,2413769207669,1680
basic_appreq,3329471,2413772584883,1680
basic_appreq,5087894,2413777707232,1680
basic_appreq,4992995,2413782737287,1680
basic_appreq,5072076,2413787848208,1680
basic_appreq,4427054,2413792314810,1680
basic_appreq,4126448,2413796480243,1680
basic_appreq,4701259,2413801212829,1680
basic_appreq,4675620,2413805920242,1680
basic_appreq,5263202,2413811230554,1680
basic_appreq,5270695,2413816539861,1680
basic_appreq,4496365,2413821076954,1680
basic_appreq,5107279,2413826233268,1680
basic_appreq,3069990,2413829365202,1680
basic_appreq,4078484,2413833477432,1680
basic_appreq,3710630,2413837234416,1680
basic_appreq,4559608,2413841828753,1680
basic_appreq,4696453,2413846561889,1680
basic_appreq,4316860,2413850915689,1680
basic_appreq,4211156,2413855164606,1680
basic_appreq,4241736,2413859443289,1680
basic_appreq,5091096,2413864581919,1680
basic_appreq,4361778,2413868975700,1680
basic_appreq,5411683,2413874419541,1680
basic_appreq,4780326,2413879237277,1680
basic_appreq,5506980,2413884789453,1680
basic_appreq,4758416,2413889627091,1680
basic_appreq,4793037,2413894472112,1680
basic_appreq,5019855,2413899556633,1680
basic_appreq,2932422,2413902524479,1680
basic_appreq,4508792,2413907076340,1680
basic_appreq,3631820,2413910744587,1680
basic_appreq,4510749,2413915293795,1680
basic_appreq,4636197,2413919965845,1680
basic_appreq,4328497,2413924327204,1680
basic_appreq,4285397,2413928645836,1680
basic_appreq,3989818,2413932672657,1680
basic_appreq,4076990,2413936786921,1680
basic_appreq,4789676,2413941632212,1680
basic_appreq,3768366,2413945445837,1680
basic_appreq,3684160,2413949168056,1680
basic_appreq,4429446,2413953642867,1680
basic_appreq,3978792,2413957662080,1680
basic_appreq,5022486,2413962719500,1680
basic_appreq,4980181,2413967737609,1680
basic_appreq,4882458,2413972657738,1680
basic_appreq,4355843,2413977049053,1680
basic_appreq,4644120,2413981727303,1680
basic_appreq,4772068,2413986552633,1680
basic_appreq,5076517,2413991696179,1680
basic_appreq,3843382,2413995571116,1680
basic_appreq,4558820,2414000175154,1680
basic_appreq,4708085,2414004922771,1680
basic_appreq,5066684,2414010049486,1680
basic_appreq,3096561,2414013183760,1680
basic_appreq,4126969,2414017348831,1680
basic_appreq,4065428,2414021459618,1680
basic_appreq,4763749,2414026260189,1680
basic_appreq,5272130,2414031568353,1680
basic_appreq,4570919,2414036174915,1680
basic_appreq,5224547,2414041434646,1680
basic_appreq,4881985,2414046351077,1680
basic_appreq,4850989,2414051237924,1680
basic_appreq,4901145,2414056181737,1680
basic_appreq,3114447,2414059342532,1680
basic_appreq,3057014,2414062446715,1680
basic_appreq,4789089,2414067274267,1680
basic_appreq,4235627,2414071548687,1680
basic_appreq,4444300,2414076044934,1680
basic_appreq,4589640,2414080667802,1680
basic_appreq,4536077,2414085238009,1680
basic_appreq,4586291,2414089861628,1680
basic_appreq,4839648,2414094743862,1680
basic_appreq,4641713,2414099445966,1680
basic_appreq,4767856,2414104253004,1680
basic_appreq,4231903,2414108515336,1680
basic_appreq,4435143,2414112982625,1680
basic_appreq,3263393,2414116293400,1680
basic_appreq,4139944,2414120481496,1680
basic_appreq,3531819,2414124061766,1680
basic_appreq,4113481,2414128215131,1680
basic_appreq,4872490,2414133127498,1680
basic_appreq,4570129,2414137737028,1680
basic_appreq,4283161,2414142050354,1680
basic_appreq,5603254,2414147700851,1680
basic_appreq,5177301,2414152915969,1680
basic_appreq,4335352,2414157287909,1680
basic_appreq,5030052,2414162364953,1680
basic_appreq,4861891,2414167259529,1680
basic_appreq,3561873,2414170862969,1680
basic_appreq,3870200,2414174771661,1680
basic_appreq,2906587,2414177724900,1680
basic_appreq,4262552,2414182018511,1680
basic_appreq,4815706,2414186865876,1680
basic_appreq,4562935,2414191460480,1680
basic_appreq,4932553,2414196442980,1680
basic_appreq,4679621,2414201158872,1680
basic_appreq,3109434,2414204303261,1680
basic_appreq,4319796,2414208660426,1680
basic_appreq,4615786,2414213330085,1680
basic_appreq,3257489,2414216649626,1680
basic_appreq,4800401,2414221481085,1680
basic_appreq,4321982,2414225834772,1680
basic_appreq,4091375,2414229961936,1680
basic_appreq,4196099,2414234194632,1680
basic_appreq,4945596,2414239189287,1680
basic_appreq,5211019,2414244462204,1680
basic_appreq,5432513,2414249929031,1680
basic_appreq,4721903,2414254688083,1680
basic_appreq,4353105,2414259080553,1680
basic_appreq,5512607,2414264640938,1680
basic_appreq,5030335,2414269701444,1680
basic_appreq,4619449,2414274351405,1680
basic_appreq,5246199,2414279647477,1680
basic_appreq,3181434,2414282869904,1680
basic_appreq,4134935,2414287052038,1680
basic_appreq,2885398,2414289982891,1680
basic_appreq,4074250,2414294093727,1680
basic_appreq,4236517,2414298364759,1680
basic_appreq,4512578,2414302942468,1680
basic_appreq,4186264,2414307163821,1680
basic_appreq,5252572,2414312463023,1680
basic_appreq,4864936,2414317361047,1680
basic_appreq,4510866,2414321910317,1680
basic_appreq,3069324,2414325023011,1680
basic_appreq,3489430,2414328560681,1680
basic_appreq,4579312,2414333177446,1680
basic_appreq,4033252,2414337251196,1680
basic_appreq,4572633,2414341863297,1680
basic_appreq,5934061,2414347853819,1680
basic_appreq,4905151,2414352789488,1680
basic_appreq,5035898,2414357860754,1680
basic_appreq,4731429,2414362627099,1680
basic_appreq,4906924,2414367574978,1680
basic_appreq,5153791,2414372806574,1680
basic_appreq,3098298,2414375949191,1680
basic_appreq,4218187,2414380200728,1680
basic_appreq,4423743,2414384670138,1680
basic_appreq,3333174,2414388038446,1680
basic_appreq,4651006,2414392744001,1680
basic_appreq,5294610,2414398072393,1680
basic_appreq,4275177,2414402383389,1680
basic_appreq,4920722,2414407340485,1680
basic_appreq,4268430,2414411647123,1680
basic_appreq,4788822,2414416470305,1680
basic_appreq,4292521,2414420801829,1680
basic_appreq,5192465,2414426062184,1680
basic_appreq,5089212,2414431192377,1680
basic_appreq,3558438,2414434816616,1680
basic_appreq,3716064,2414438578699,1680
basic_appreq,4332886,2414442988762,1680
basic_appreq,4338846,2414447366742,1680
basic_appreq,4586898,2414451989365,1680
basic_appreq,5063136,2414457112627,1680
basic_appreq,5109488,2414462257624,1680
basic_appreq,4405476,2414466700134,1680
basic_appreq,5025708,2414471765049,1680
basic_appreq,3521888,2414475348494,1680
basic_appreq,3718001,2414479107960,1680
basic_appreq,4077298,2414483229873,1680
basic_appreq,4108757,2414487385029,1680
basic_appreq,4845034,2414492268412,1680
basic_appreq,4831064,2414497147664,1680
basic_appreq,4725543,2414501904958,1680
basic_appreq,4728684,2414506665230,1680
basic_appreq,3086954,2414509804384,1680
basic_appreq,3911459,2414513762423,1680
basic_appreq,4240456,2414518044189,1680
basic_appreq,3339859,2414521434719,1680
basic_appreq,4023332,2414525496820,1680
basic_appreq,4989327,2414530519004,1680
basic_appreq,4715739,2414535269232,1680
basic_appreq,9568334,2414544873067,1680
basic_appreq,4954699,2414549862317,1680
basic_appreq,4786924,2414554692288,1680
basic_appreq,3475971,2414558217566,1680
basic_appreq,4207210,2414562472980,1680
basic_appreq,4623388,2414567143041,1680
basic_appreq,3978366,2414571177018,1680
basic_appreq,4478930,2414575702718,1680
basic_appreq,4772643,2414580513343,1680
basic_appreq,4381502,2414584928138,1680
basic_appreq,4625831,2414589588904,1680
basic_appreq,5248821,2414594877995,1680
basic_appreq,4855654,2414599775063,1680
basic_appreq,4808841,2414604621750,1680
basic_appreq,3382810,2414608063064,1680
basic_appreq,4497402,2414612608014,1680
basic_appreq,4112014,2414616767810,1680
basic_appreq,4284468,2414621097170,1680
basic_appreq,4372789,2414625508486,1680
basic_appreq,4341344,2414629897083,1680
basic_appreq,3593144,2414633530698,1680
basic_appreq,5079393,2414638647748,1680
basic_appreq,4844951,2414643532275,1680
basic_appreq,5189689,2414648758517,1680
basic_appreq,5195506,2414653990388,1680
basic_appreq,5090198,2414659122160,1680
basic_appreq,4713663,2414663874370,1680
basic_appreq,5762178,2414669703762,1680
basic_appreq,4224000,2414673962106,1680
basic_appreq,5164273,2414679162768,1680
basic_appreq,5105253,2414684306989,1680
basic_appreq,4099444,2414688444551,1680
basic_appreq,4853542,2414693352260,1680
basic_appreq,3444018,2414696848906,1680
basic_appreq,3972178,2414700860473,1680
basic_appreq,3313858,2414704224728,1680
basic_appreq,4846511,2414709108286,1680
basic_appreq,4820578,2414713961022,1680
basic_appreq,4522003,2414718516793,1680
basic_appreq,3985289,2414722540768,1680
basic_appreq,3295064,2414725882476,1680
basic_appreq,4203711,2414730131575,1680
basic_appreq,3780098,2414733982070,1680
basic_appreq,4504621,2414738520333,1680
basic_appreq,4952541,2414743506491,1680
basic_appreq,4785828,2414748325004,1680
basic_appreq,4980340,2414753339368,1680
basic_appreq,4200470,2414757577699,1680
basic_appreq,4278114,2414761896526,1680
basic_appreq,4347167,2414766279588,1680
basic_appreq,4246347,2414770563720,1680
basic_appreq,5042643,2414775654375,1680
basic_appreq,4281408,2414779969377,1680
basic_appreq,5335239,2414785374058,1680
basic_appreq,5221892,2414790662851,1680
basic_appreq,5082771,2414795785970,1680
basic_appreq,2949434,2414798787054,1680
basic_appreq,3469282,2414802301881,1680
basic_appreq,4454943,2414806793802,1680
basic_appreq,5131888,2414811962102,1680
basic_appreq,4708803,2414816705831,1680
basic_appreq,5382148,2414822126836,1680
basic_appreq,4766981,2414826930315,1680
basic_appreq,4545413,2414831515070,1680
basic_appreq,3092924,2414834653214,1680
basic_appreq,3281425,2414837981418,1680
basic_appreq,4801410,2414842815510,1680
basic_appreq,4730420,2414847578308,1680
basic_appreq,4869763,2414852481418,1680
basic_appreq,4710981,2414857228018,1680
basic_appreq,4712650,2414861977468,1680
basic_appreq,3242095,2414865273022,1680
basic_appreq,4361515,2414869681230,1680
basic_appreq,4061979,2414873787910,1680
basic_appreq,4377443,2414878201901,1680
basic_appreq,4549477,2414882787916,1680
basic_appreq,4544631,2414887368770,1680
basic_appreq,4743753,2414892151084,1680
basic_appreq,4118580,2414896306399,1680
basic_appreq,4223593,2414900566959,1680
basic_appreq,4626550,2414905266602,1680
basic_appreq,3129874,2414908456750,1680
basic_appreq,4513797,2414913014033,1680
basic_appreq,3943866,2414916998148,1680
basic_appreq,3824149,2414920863584,1680
basic_appreq,4835315,2414925735038,1680
basic_appreq,4855317,2414930628026,1680
basic_appreq,4798526,2414935463549,1680
basic_appreq,4947667,2414940448805,1680
basic_appreq,5488786,2414945988444,1680
basic_appreq,4285141,2414950337462,1680
basic_appreq,4944288,2414955321412,1680
basic_appreq,4678595,2414960040230,1680
basic_appreq,3421392,2414963496053,1680
basic_appreq,3762350,2414967296140,1680
basic_appreq,3290740,2414970621530,1680
basic_appreq,5029205,2414975687042,1680
basic_appreq,4897116,2414980628377,1680
basic_appreq,4739759,2414985403961,1680
basic_appreq,5187294,2414990642273,1680
basic_appreq,4778050,2414995455794,1680
basic_appreq,4529881,2415000022432,1680
basic_appreq,5083327,2415005160184,1680
basic_appreq,3078133,2415008279224,1680
basic_appreq,4469517,2415012795201,1680
basic_appreq,3570603,2415016421872,1680
basic_appreq,4510671,2415020966979,1680
basic_appreq,4783234,2415025784519,1680
basic_appreq,4798186,2415030617922,1680
basic_appreq,5399326,2415036053126,1680
basic_appreq,4861274,2415040954035,1680
basic_appreq,4076135,2415045068262,1680
basic_appreq,5074016,2415050185900,1680
basic_appreq,4776970,2415054992035,1680
basic_appreq,4371881,2415059395290,1680
basic_appreq,3123399,2415062560535,1680
basic_appreq,3149394,2415065755874,1680
basic_appreq,5282606,2415071074174,1680
basic_appreq,4631118,2415075746062,1680
basic_appreq,4150805,2415079932918,1680
basic_appreq,5068057,2415085038570,1680
basic_appreq,4179758,2415089252426,1680
basic_appreq,4807365,2415094092198,1680
basic_appreq,4668412,2415098801182,1680
basic_appreq,3170801,2415102013637,1680
basic_appreq,4194071,2415106254827,1680
basic_appreq,3771897,2415110067207,1680
basic_appreq,4948051,2415115050607,1680
basic_appreq,5007421,2415120092567,1680
basic_appreq,4423272,2415124551683,1680
basic_appreq,4503608,2415129090869,1680
basic_appreq,4708097,2415133832448,1680
basic_appreq,2825306,2415136700518,1680
basic_appreq,4525262,2415141265757,1680
basic_appreq,4453840,2415145771273,1680
basic_appreq,4367402,2415150180598,1680
basic_appreq,4231950,2415154450361,1680
basic_appreq,4447998,2415158945208,1680
basic_appreq,4862790,2415163856833,1680
basic_appreq,4748387,2415168639762,1680
basic_appreq,3997214,2415172673480,1680
basic_appreq,3875367,2415176596327,1680
basic_appreq,3556194,2415180198349,1680
basic_appreq,4609211,2415184843977,1680
basic_appreq,4394689,2415189273064,1680
basic_appreq,3509983,2415192831119,1680
basic_appreq,4436387,2415197303516,1680
basic_appreq,4621012,2415201964138,1680
basic_appreq,3313051,2415205315215,1680
basic_appreq,5443782,2415210795724,1680
basic_appreq,4906258,2415215739927,1680
basic_appreq,4536542,2415220311566,1680
basic_appreq,4398238,2415224782271,1680
basic_appreq,5054284,2415229900538,1680
basic_appreq,4981226,2415234914882,1680
basic_appreq,5041304,2415239991809,1680
basic_appreq,2874466,2415242971137,1680
basic_appreq,4857612,2415247879571,1680
basic_appreq,4458704,2415252377787,1680
basic_appreq,4462998,2415256879654,1680
basic_appreq,4528421,2415261449188,1680
basic_appreq,3954278,2415265439730,1680
basic_appreq,3843639,2415269321098,1680
basic_appreq,4499877,2415273852800,1680
basic_appreq,4485717,2415278371167,1680
basic_appreq,5132632,2415283546045,1680
basic_appreq,4889386,2415288470112,1680
basic_appreq,4599033,2415293104082,1680
basic_appreq,4797060,2415297949068,1680
basic_appreq,4874559,2415302869039,1680
basic_appreq,3079372,2415305999986,1680
basic_appreq,4453193,2415310496668,1680
basic_appreq,3713190,2415314258879,1680
basic_appreq,5003295,2415319319196,1680
basic_appreq,5134850,2415324488039,1680
basic_appreq,4533120,2415329056022,1680
basic_appreq,5122808,2415334236517,1680
basic_appreq,5214369,2415339503463,1680
basic_appreq,3634576,2415343172842,1680
basic_appreq,5112697,2415348331926,1680
basic_appreq,3503406,2415351891200,1680
basic_appreq,3947513,2415355876028,1680
basic_appreq,4225797,2415360155725,1680
basic_appreq,3753124,2415363976894,1680
basic_appreq,5086589,2415369110693,1680
basic_appreq,4880339,2415374026974,1680
basic_appreq,3951050,2415378014839,1680
basic_appreq,4723913,2415382776620,1680
basic_appreq,4544688,2415387353769,1680
basic_appreq,4840470,2415392226132,1680
basic_appreq,4883974,2415397146855,1680
basic_appreq,4308958,2415401534051,1680
basic_appreq,4472207,2415406045837,1680
basic_appreq,5513091,2415411607919,1680
basic_appreq,4710206,2415416355356,1680
basic_appreq,4227361,2415420620315,1680
basic_appreq,4779001,2415425446247,1680
basic_appreq,3516101,2415429009545,1680
basic_appreq,4462924,2415433512998,1680
basic_appreq,4241505,2415437793065,1680
basic_appreq,4269029,2415442103764,1680
basic_appreq,4127281,2415446272410,1680
basic_appreq,4370640,2415450689178,1680
basic_appreq,4398254,2415455128229,1680
basic_appreq,4408531,2415459601346,1680
basic_appreq,4088791,2415463732028,1680
basic_appreq,4072022,2415467838996,1680
basic_appreq,4301165,2415472179356,1680
basic_appreq,4594259,2415476816759,1680
basic_appreq,4658988,2415481515189,1680
basic_appreq,4790081,2415486334754,1680
basic_appreq,4173016,2415490537840,1680
basic_appreq,4787370,2415495361536,1680
basic_appreq,5068097,2415500465573,1680
basic_appreq,4814200,2415505316137,1680
basic_appreq,4108866,2415509472772,1680
basic_appreq,3322255,2415512837513,1680
basic_appreq,4677765,2415517548448,1680
basic_appreq,3942707,2415521523500,1680
basic_appreq,3743523,2415525315580,1680
basic_appreq,4449093,2415529799338,1680
basic_appreq,4944761,2415534777678,1680
basic_appreq,3591490,2415538405971,1680
basic_appreq,3793635,2415542253060,1680
basic_appreq,4412576,2415546700901,1680
basic_appreq,3901152,2415550639411,1680
basic_appreq,4428185,2415555102341,1680
basic_appreq,4505374,2415559643236,1680
basic_appreq,5073459,2415564766885,1680
basic_appreq,4746797,2415569554029,1680
basic_appreq,5201022,2415574795706,1680
basic_appreq,4801929,2415579632880,1680
basic_appreq,4443161,2415584113331,1680
basic_appreq,3053706,2415587219756,1680
basic_appreq,3304695,2415590565865,1680
basic_appreq,4981074,2415595584124,1680
basic_appreq,4906670,2415600529758,1680
basic_appreq,5038949,2415605611558,1680
basic_appreq,5153131,2415610813692,1680
basic_appreq,4517910,2415615365600,1680
basic_appreq,4840205,2415620253136,1680
basic_appreq,3176969,2415623503898,1680
basic_appreq,4517916,2415628061654,1680
basic_appreq,4258005,2415632351899,1680
basic_appreq,4109595,2415636497163,1680
basic_appreq,4490751,2415641019212,1680
basic_appreq,5063186,2415646124355,1680
basic_appreq,5450510,2415651637030,1680
basic_appreq,4593296,2415656270544,1680
basic_appreq,4767207,2415661080470,1680
basic_appreq,4543283,2415665656284,1680
basic_appreq,4413177,2415670106072,1680
basic_appreq,3616842,2415673756344,1680
basic_appreq,3838019,2415677656727,1680
basic_appreq,4140501,2415681836553,1680
basic_appreq,3526589,2415685446388,1680
basic_appreq,4648363,2415690129278,1680
basic_appreq,5050274,2415695214569,1680
basic_appreq,4392987,2415699645090,1680
basic_appreq,4845946,2415704537213,1680
basic_appreq,4374479,2415708953897,1680
basic_appreq,5247028,2415714253046,1680
basic_appreq,4350652,2415718636400,1680
basic_appreq,8317376,2415726988277,1680
basic_appreq,4935008,2415731979006,1680
basic_appreq,4225370,2415736843190,1680
basic_appreq,4709003,2415741594945,1680
basic_appreq,4089522,2415745715096,1680
basic_appreq,4580233,2415750326559,1680
basic_appreq,3159617,2415753525143,1680
basic_appreq,4383952,2415757954606,1680
basic_appreq,4104173,2415762107292,1680
basic_appreq,3716632,2415765865423,1680
basic_appreq,4516472,2415770416264,1680
basic_appreq,5069500,2415775521667,1680
basic_appreq,4766725,2415780322341,1680
basic_appreq,4431845,2415784793106,1680
basic_appreq,4592092,2415789432208,1680
basic_appreq,5548292,2415795032836,1680
basic_appreq,5017829,2415800081836,1680
basic_appreq,4747102,2415804860680,1680
basic_appreq,4748815,2415809650872,1680
basic_appreq,4475658,2415814167148,1680
basic_appreq,5925507,2415820147795,1680
basic_appreq,4295422,2415824482792,1680
basic_appreq,5673812,2415830226744,1680
basic_appreq,4910290,2415835201051,1680
basic_appreq,4434023,2415839670846,1680
basic_appreq,4896777,2415844602411,1680
basic_appreq,4872234,2415849510633,1680
basic_appreq,4590703,2415854139403,1680
basic_appreq,5281610,2415859474491,1680
basic_appreq,5126903,2415864659785,1680
basic_appreq,4634609,2415869354953,1680
basic_appreq,5327679,2415874725125,1680
basic_appreq,4199348,2415878955178,1680
basic_appreq,4031550,2415883032382,1680
basic_appreq,4194657,2415887277432,1680
basic_appreq,4885248,2415892207966,1680
basic_appreq,3475947,2415895734797,1680
basic_appreq,4578322,2415900355499,1680
basic_appreq,3102815,2415903510903,1680
basic_appreq,4312615,2415907856434,1680
basic_appreq,3963717,2415911854555,1680
basic_appreq,4851345,2415916767332,1680
basic_appreq,3393940,2415920196465,1680
basic_appreq,4919016,2415925151035,1680
basic_appreq,5178751,2415930369247,1680
basic_appreq,4588910,2415934994867,1680
basic_appreq,4366891,2415939398478,1680
basic_appreq,4753499,2415944182290,1680
basic_appreq,4388435,2415948600964,1680
basic_appreq,4683498,2415953322727,1680
basic_appreq,4790671,2415958150935,1680
basic_appreq,3051739,2415961265054,1680
basic_appreq,4278708,2415965590472,1680
basic_appreq,3565270,2415969202932,1680
basic_appreq,4819041,2415974055674,1680
basic_appreq,5081371,2415979171815,1680
basic_appreq,5452384,2415984660410,1680
basic_appreq,3454683,2415988181623,1680
basic_appreq,3852521,2415992095716,1680
basic_appreq,4908641,2415997047137,1680
basic_appreq,3969385,2416001052938,1680
basic_appreq,4507760,2416005598493,1680
basic_appreq,4934702,2416010608240,1680
basic_appreq,4800730,2416015444957,1680
basic_appreq,4498786,2416019979335,1680
basic_appreq,4515198,2416024552375,1680
basic_appreq,4447549,2416029033830,1680
basic_appreq,3632739,2416032721165,1680
basic_appreq,4003466,2416036758768,1680
basic_appreq,3873721,2416040670201,1680
basic_appreq,4297110,2416045004564,1680
basic_appreq,3933801,2416048975111,1680
basic_appreq,5214300,2416054219911,1680
basic_appreq,5006833,2416059259671,1680
basic_appreq,4745516,2416064045006,1680
basic_appreq,4695289,2416068778587,1680
basic_appreq,4270501,2416073088779,1680
basic_appreq,4633904,2416077759661,1680
basic_appreq,3132561,2416080944615,1680
basic_appreq,4244021,2416085234116,1680
basic_appreq,3497228,2416088780468,1680
basic_appreq,4408180,2416093224315,1680
basic_appreq,4745163,2416098008495,1680
basic_appreq,4629663,2416102677303,1680
basic_appreq,5029312,2416107745043,1680
basic_appreq,3216875,2416110993172,1680
basic_appreq,4630808,2416115657776,1680
basic_appreq,3791495,2416119484734,1680
basic_appreq,4635180,2416124158593,1680
basic_appreq,4720771,2416128916140,1680
basic_appreq,4500782,2416133453527,1680
basic_appreq,5031846,2416138532179,1680
basic_appreq,4280961,2416142854583,1680
basic_appreq,4874748,2416147783939,1680
basic_appreq,4607277,2416152424239,1680
basic_appreq,4347712,2416156806271,1680
basic_appreq,4136896,2416160985363,1680
basic_appreq,3232435,2416164267000,1680
basic_appreq,4054252,2416168369255,1680
basic_appreq,3713823,2416172143632,1680
basic_appreq,4751142,2416176927020,1680
basic_appreq,5015313,2416181988532,1680
basic_appreq,4133744,2416186159063,1680
basic_appreq,4737771,2416190933574,1680
basic_appreq,4896126,2416195866809,1680
basic_appreq,4494301,2416200398551,1680
basic_appreq,5020782,2416205459958,1680
basic_appreq,4534136,2416210034158,1680
basic_appreq,3241003,2416213323721,1680
basic_appreq,4151908,2416217518602,1680
basic_appreq,3372085,2416220929917,1680
basic_appreq,4452084,2416225418950,1680
basic_appreq,5131089,2416230584838,1680
basic_appreq,4885719,2416235520710,1680
basic_appreq,4904838,2416240465461,1680
basic_appreq,4890852,2416245394136,1680
basic_appreq,5198302,2416250645957,1680
basic_appreq,4718371,2416255405802,1680
basic_appreq,3505061,2416258950700,1680
basic_appreq,4074875,2416263079105,1680
basic_appreq,4298458,2416267410443,1680
basic_appreq,4506444,2416271955744,1680
basic_appreq,4112122,2416276101408,1680
basic_appreq,3839928,2416279975348,1680
basic_appreq,5009310,2416285042796,1680
basic_appreq,3729375,2416288825031,1680
basic_appreq,4619468,2416293481617,1680
basic_appreq,5057074,2416298569063,1680
basic_appreq,4543277,2416303142782,1680
basic_appreq,4855918,2416308033086,1680
basic_appreq,4798860,2416312893060,1680
basic_appreq,4876463,2416317810062,1680
basic_appreq,4739790,2416322592675,1680
basic_appreq,3955289,2416326591472,1680
basic_appreq,3934459,2416330568539,1680
basic_appreq,4977090,2416335591071,1680
basic_appreq,111222557,2416446864643,1680
basic_appreq,3803573,2416450709372,1680
basic_appreq,3865269,2416454614470,1680
basic_appreq,4798797,2416459466415,1680
basic_appreq,4985493,2416464486424,1680
basic_appreq,4307074,2416468830147,1680
basic_appreq,4659577,2416473541317,1680
basic_appreq,4771314,2416478352099,1680
basic_appreq,4452894,2416482840047,1680
basic_appreq,4403071,2416487275749,1680
basic_appreq,4308928,2416491618289,1680
basic_appreq,5007894,2416496666320,1680
basic_appreq,4881233,2416501585095,1680
basic_appreq,4322958,2416505976054,1680
basic_appreq,3210269,2416509233958,1680
basic_appreq,4121949,2416513400488,1680
basic_appreq,3799564,2416517261757,1680
basic_appreq,4898361,2416522194684,1680
basic_appreq,4643832,2416526877098,1680
basic_appreq,4678891,2416531594023,1680
basic_appreq,4609458,2416536235212,1680
basic_appreq,4417909,2416540685567,1680
basic_appreq,4811688,2416545529909,1680
basic_appreq,5368931,2416550967821,1680
basic_appreq,4138243,2416555185254,1680
basic_appreq,4041065,2416559290098,1680
basic_appreq,4618268,2416563955196,1680
#end,11,4240,1680
