basic_appreq,402199943,237839708886320,112
basic_appreq,402011347,237840112615509,112
basic_appreq,402029704,237840515298169,112
basic_appreq,401989947,237840918588686,112
basic_appreq,402152439,237841322293994,112
basic_appreq,402289685,237841724784943,112
basic_appreq,402041802,237842127148579,112
basic_appreq,402023998,237842531149604,112
basic_appreq,402239516,237842935494685,112
basic_appreq,402136478,237843338516225,112
basic_appreq,402150087,237843742120094,112
basic_appreq,401918477,237844146042415,112
basic_appreq,401978004,237844548747524,112
basic_appreq,401964849,237844951872841,112
basic_appreq,402058315,237845354117721,112
basic_appreq,402123950,237845757483444,112
basic_appreq,402030107,237846161040263,112
basic_appreq,402246460,237846563987586,112
basic_appreq,402223844,237846967108906,112
basic_appreq,402132420,237847370194767,112
basic_appreq,402201357,237847773117545,112
basic_appreq,402097602,237848175929557,112
basic_appreq,402122890,237848579102814,112
basic_appreq,402184382,237848981717789,112
basic_appreq,402142412,237849384793832,112
basic_appreq,402095284,237849787015942,112
basic_appreq,402165425,237850191211791,112
basic_appreq,402398643,237850594651143,112
basic_appreq,402126235,237850997651875,112
basic_appreq,402186274,237851400863538,112
basic_appreq,402078494,237851803874815,112
basic_appreq,402085618,237852206824105,112
basic_appreq,402209110,237852609436068,112
basic_appreq,402092644,237853011981642,112
basic_appreq,402084208,237853414897307,112
basic_appreq,401994722,237853817362090,112
basic_appreq,401966236,237854221344495,112
basic_appreq,402163307,237854625572037,112
basic_appreq,402031540,237855028356741,112
basic_appreq,402059398,237855431096995,112
basic_appreq,402233321,237855834048499,112
basic_appreq,402079076,237856237799966,112
basic_appreq,402041850,237856641524000,112
basic_appreq,402092678,237857045407425,112
basic_appreq,402137486,237857448685859,112
basic_appreq,402001903,237857852621172,112
basic_appreq,402026724,237858256812719,112
basic_appreq,402025333,237858659895836,112
basic_appreq,402184450,237859063422698,112
basic_appreq,402030454,237859467018970,112
basic_appreq,402074407,237859870733032,112
basic_appreq,402135381,237860274290883,112
basic_appreq,402218555,237860677678641,112
basic_appreq,402052148,237861081307562,112
basic_appreq,402576686,237861485929021,112
basic_appreq,402060084,237861889720851,112
basic_appreq,402024191,237862291909095,112
basic_appreq,402179633,237862694986003,112
#end,23,388329,112
