20260313-150455-4228 12069 * main            (server.cc:217):    Starting server.
20260313-150455-4241 12069 * main            (server.cc:335):    Creating a default paritioner!
20260313-150457-2078 12069 * main            (server.cc:513):    Done loading server.
20260313-150557-1275 12069 ! TCPIncomingEventCallback (tcptransport.cc:938): [TCP INCOMING 117] EOF, lifetime=39171.84 ms
20260313-150557-1349 12069 ! TCPIncomingEventCallback (tcptransport.cc:938): [TCP INCOMING 118] EOF, lifetime=39175.74 ms
20260313-150557-1405 12069 ! TCPIncomingEventCallback (tcptransport.cc:938): [TCP INCOMING 119] EOF, lifetime=39173.51 ms
20260313-150557-1539 12069 ! TCPIncomingEventCallback (tcptransport.cc:938): [TCP INCOMING 120] EOF, lifetime=39165.36 ms
20260313-150557-2895 12069 ! TCPIncomingEventCallback (tcptransport.cc:938): [TCP INCOMING 121] EOF, lifetime=39170.82 ms
20260313-150557-3194 12069 ! TCPIncomingEventCallback (tcptransport.cc:938): [TCP INCOMING 122] EOF, lifetime=39164.63 ms
20260313-150557-3369 12069 ! TCPIncomingEventCallback (tcptransport.cc:938): [TCP INCOMING 123] EOF, lifetime=39176.89 ms
20260313-150557-3391 12069 ! TCPIncomingEventCallback (tcptransport.cc:938): [TCP INCOMING 124] EOF, lifetime=39166.27 ms
20260313-150603-8474 12069 * Cleanup         (server.cc:589):    Gracefully exiting after signal 15.
20260313-150603-8475 12069 * Stop            (tcptransport.cc:601): [TCP SUMMARY] outgoingCreated=59 outgoingClosed=0 incomingCreated=67 incomingClosed=8 outgoingPeak=125 incomingPeak=37
Inserted events:
  0x5567e04a5d00 [fd  9] Read Persist Internal
  0x5567e04ada60 [fd  10] Read Persist
  0x5567e04b8cd0 [fd  11] Read Persist
  0x5567e8e1ba50 [fd  12] Read Persist
  0x5567e8e18880 [fd  13] Read Persist
  0x5567e8e1c920 [fd  14] Read Persist
  0x5567e8e11de0 [fd  15] Read Persist
  0x5567e8e12180 [fd  16] Read Persist
  0x5567e8e10c10 [fd  17] Read Persist
  0x5567e8e11050 [fd  18] Read Persist
  0x5567e8e11490 [fd  19] Read Persist
  0x5567e8e2b160 [fd  20] Read Persist
  0x5567e8e2b4e0 [fd  21] Read Persist
  0x5567e8e2b8f0 [fd  22] Read Persist
  0x5567e8e2bd00 [fd  23] Read Persist
  0x5567e8e2c110 [fd  24] Read Persist
  0x5567e8e2c520 [fd  25] Read Persist
  0x5567e8e2c930 [fd  26] Read Persist
  0x5567e8e2cd40 [fd  27] Read Persist
  0x5567e8e2d170 [fd  28] Read Persist
  0x5567e8e2d830 [fd  29] Read Persist
  0x5567e8e2ddc0 [fd  30] Read Persist
  0x5567e8e2e350 [fd  31] Read Persist
  0x5567e8e2e8e0 [fd  32] Read Persist
  0x5567e8e2f080 [fd  33] Read Persist
  0x5567e8e2f610 [fd  34] Read Persist
  0x5567e8e2fba0 [fd  35] Read Persist
  0x5567e8e30130 [fd  36] Read Persist
  0x5567e8e306c0 [fd  37] Read Persist
  0x5567e8e30c50 [fd  38] Read Persist
  0x5567e8e311e0 [fd  39] Read Persist
  0x5567e8e31770 [fd  40] Read Persist
  0x5567e8e31d00 [fd  41] Read Persist
  0x5567e8e32290 [fd  42] Read Persist
  0x5567e8e32700 [fd  43] Read Persist
  0x5567e8e32920 [fd  44] Read Persist
  0x5567e8e32bd0 [fd  45] Read Persist
  0x5567e8e32f90 [fd  46] Read Persist
  0x5567e8e33330 [fd  47] Read Persist
  0x5567e8e336d0 [fd  48] Read Persist
  0x5567e8e33cf0 [fd  49] Read Persist
  0x5567e8e34090 [fd  50] Read Persist
  0x5567e8e34430 [fd  51] Read Persist
  0x5567e8e347d0 [fd  52] Read Persist
  0x5567e8e34b70 [fd  53] Read Persist
  0x5567e8e34f10 [fd  54] Read Persist
  0x5567e8e352e0 [fd  55] Read Persist
  0x5567e8e356b0 [fd  56] Read Persist
  0x5567e8e35a80 [fd  57] Read Persist
  0x5567e8e35e50 [fd  58] Read Persist
  0x5567e8e36220 [fd  59] Read Persist
  0x5567e8e365f0 [fd  60] Read Persist
  0x5567e8e369f0 [fd  61] Read Persist
  0x5567e8e36df0 [fd  62] Read Persist
  0x5567e8e37220 [fd  63] Read Persist
  0x5567e8e375f0 [fd  64] Read Persist
  0x5567e04b5620 [fd  65] Read Persist
  0x5567e8e37e90 [fd  66] Read Persist
  0x5567e8e381d0 [fd  67] Read Persist
  0x5567e8e38510 [fd  68] Read Persist
  0x5567e8e38850 [fd  69] Read Persist
  0x5567e8e38b90 [fd  70] Read Persist
  0x5567e8e38f00 [fd  71] Read Persist
  0x5567e8e39430 [fd  72] Read Persist
  0x5567e8e398f0 [fd  73] Read Persist
  0x5567e8e39db0 [fd  74] Read Persist
  0x5567e8e3a270 [fd  75] Read Persist
  0x5567e8e3a730 [fd  76] Read Persist
  0x5567e8e3abf0 [fd  77] Read Persist
  0x5567e8e3b0b0 [fd  78] Read Persist
  0x5567e8e3b640 [fd  79] Read Persist
  0x5567e8e3bbd0 [fd  80] Read Persist
  0x5567e8e3c160 [fd  81] Read Persist
  0x5567e8e3c6f0 [fd  82] Read Persist
  0x5567e8e3cc80 [fd  83] Read Persist
  0x5567e8e3d210 [fd  84] Read Persist
  0x5567e8e3d7a0 [fd  85] Read Persist
  0x5567e8e3dd30 [fd  86] Read Persist
  0x5567e8e3e2c0 [fd  87] Read Persist
  0x5567e8e3e850 [fd  88] Read Persist
  0x5567e8e3ede0 [fd  89] Read Persist
  0x5567e8e3f370 [fd  90] Read Persist
  0x5567e8e40380 [fd  91] Read Persist
  0x5567e8e40910 [fd  92] Read Persist
  0x5567e8e40f00 [fd  93] Read Persist
  0x5567e8e41490 [fd  94] Read Persist
  0x5567e8e41a20 [fd  95] Read Persist
  0x5567e8e41fb0 [fd  96] Read Persist
  0x5567e8e42540 [fd  97] Read Persist
  0x5567e8e42ad0 [fd  98] Read Persist
  0x5567e8e42ef0 [fd  99] Read Persist
  0x5567e8e43110 [fd  100] Read Persist
  0x5567e8e43330 [fd  101] Read Persist
  0x5567e8e436f0 [fd  102] Read Persist
  0x5567e8e43a90 [fd  103] Read Persist
  0x5567e8e43e30 [fd  104] Read Persist
  0x5567e8e441d0 [fd  105] Read Persist
  0x5567e8e44570 [fd  106] Read Persist
  0x5567e8e44910 [fd  107] Read Persist
  0x5567e8e44cb0 [fd  108] Read Persist
  0x5567e8e45050 [fd  109] Read Persist
  0x5567e8e453f0 [fd  110] Read Persist
  0x5567e8e45790 [fd  111] Read Persist
  0x5567e8e45b30 [fd  112] Read Persist
  0x5567e8e45f00 [fd  113] Read Persist
  0x5567e8e462d0 [fd  114] Read Persist
  0x5567e8e466a0 [fd  115] Read Persist
  0x5567e8e46a70 [fd  116] Read Persist
  0x5567e8e46e40 [fd  117] Read Persist
  0x5567e8e47240 [fd  118] Read Persist
  0x5567e8e47640 [fd  119] Read Persist
  0x5567e8e47a40 [fd  120] Read Persist
  0x5567e8e47e40 [fd  121] Read Persist
  0x5567e8e48240 [fd  122] Read Persist
  0x5567e8e48640 [fd  123] Read Persist
  0x5567e8e48a40 [fd  124] Read Persist
  0x5567e8e48f10 [fd  125] Read Persist
  0x5567e8e49380 [fd  126] Read Persist
  0x5567e8e49820 [fd  127] Read Persist
  0x5567e8e66980 [fd  136] Read Persist
  0x5567e8e66dc0 [fd  137] Read Persist
  0x5567e8e1fdb0 [fd  -1] Timeout=1776114363.961433
Active events:
20260313-150603-8497 12069 * Cleanup         (server.cc:593):    Exporting stats to /mnt/extra/experiments/2026-04-13-15-04-47/out/server-0-7-0-stats-0.json.
