20260313-143347-2250 26510 * main            (server.cc:217):    Starting server.
20260313-143347-2263 26510 * main            (server.cc:335):    Creating a default paritioner!
20260313-143348-9914 26510 * main            (server.cc:513):    Done loading server.
20260313-143449-0522 26510 ! TCPIncomingEventCallback (tcptransport.cc:938): [TCP INCOMING 117] EOF, lifetime=39179.83 ms
20260313-143449-2028 26510 ! TCPIncomingEventCallback (tcptransport.cc:938): [TCP INCOMING 118] EOF, lifetime=39171.94 ms
20260313-143449-2124 26510 ! TCPIncomingEventCallback (tcptransport.cc:938): [TCP INCOMING 119] EOF, lifetime=39172.52 ms
20260313-143449-2288 26510 ! TCPIncomingEventCallback (tcptransport.cc:938): [TCP INCOMING 120] EOF, lifetime=39182.12 ms
20260313-143449-2296 26510 ! TCPIncomingEventCallback (tcptransport.cc:938): [TCP INCOMING 121] EOF, lifetime=39175.49 ms
20260313-143449-2342 26510 ! TCPIncomingEventCallback (tcptransport.cc:938): [TCP INCOMING 122] EOF, lifetime=39175.21 ms
20260313-143449-2380 26510 ! TCPIncomingEventCallback (tcptransport.cc:938): [TCP INCOMING 123] EOF, lifetime=39178.05 ms
20260313-143449-2417 26510 ! TCPIncomingEventCallback (tcptransport.cc:938): [TCP INCOMING 124] EOF, lifetime=39174.57 ms
20260313-143455-7772 26510 * Cleanup         (server.cc:589):    Gracefully exiting after signal 15.
20260313-143455-7773 26510 * Stop            (tcptransport.cc:601): [TCP SUMMARY] outgoingCreated=58 outgoingClosed=0 incomingCreated=66 incomingClosed=8 outgoingPeak=88 incomingPeak=37
Inserted events:
  0x5618bdb90d00 [fd  9] Read Persist Internal
  0x5618bdb98a60 [fd  10] Read Persist
  0x5618bdba3cd0 [fd  11] Read Persist
  0x5618c64e8f30 [fd  12] Read Persist
  0x5618c64e6170 [fd  13] Read Persist
  0x5618c64e11e0 [fd  14] Read Persist
  0x5618c64e4560 [fd  15] Read Persist
  0x5618c64dc060 [fd  16] Read Persist
  0x5618c64e5890 [fd  17] Read Persist
  0x5618c64d9c70 [fd  18] Read Persist
  0x5618c64e5250 [fd  19] Read Persist
  0x5618c64da060 [fd  20] Read Persist
  0x5618c64f26b0 [fd  21] Read Persist
  0x5618c64f2ac0 [fd  22] Read Persist
  0x5618c64f2ed0 [fd  23] Read Persist
  0x5618c64f32e0 [fd  24] Read Persist
  0x5618c64f36f0 [fd  25] Read Persist
  0x5618c64f3b00 [fd  26] Read Persist
  0x5618c64f3f10 [fd  27] Read Persist
  0x5618c64f4320 [fd  28] Read Persist
  0x5618c64f4860 [fd  29] Read Persist
  0x5618c64f4c70 [fd  30] Read Persist
  0x5618c64f51b0 [fd  31] Read Persist
  0x5618c64f5740 [fd  32] Read Persist
  0x5618c64f5ee0 [fd  33] Read Persist
  0x5618c64f6470 [fd  34] Read Persist
  0x5618c64f6a00 [fd  35] Read Persist
  0x5618c64f6f90 [fd  36] Read Persist
  0x5618c64f7520 [fd  37] Read Persist
  0x5618c64f7ab0 [fd  38] Read Persist
  0x5618c64f8040 [fd  39] Read Persist
  0x5618c64f85d0 [fd  40] Read Persist
  0x5618c64f8b60 [fd  41] Read Persist
  0x5618c64f8f80 [fd  42] Read Persist
  0x5618c64f91a0 [fd  43] Read Persist
  0x5618c64f9470 [fd  44] Read Persist
  0x5618c64f9810 [fd  45] Read Persist
  0x5618c64f9bb0 [fd  46] Read Persist
  0x5618c64f9f50 [fd  47] Read Persist
  0x5618c64fa2f0 [fd  48] Read Persist
  0x5618c64fa910 [fd  49] Read Persist
  0x5618c64facb0 [fd  50] Read Persist
  0x5618c64fb050 [fd  51] Read Persist
  0x5618c64fb3f0 [fd  52] Read Persist
  0x5618c64fb790 [fd  53] Read Persist
  0x5618c64fbb30 [fd  54] Read Persist
  0x5618c64fbed0 [fd  55] Read Persist
  0x5618c64fc270 [fd  56] Read Persist
  0x5618c64fc640 [fd  57] Read Persist
  0x5618c64fca10 [fd  58] Read Persist
  0x5618bdba0620 [fd  59] Read Persist
  0x5618bdb9f7b0 [fd  60] Read Persist
  0x5618c64fd280 [fd  61] Read Persist
  0x5618c64fd5c0 [fd  62] Read Persist
  0x5618c64fd900 [fd  63] Read Persist
  0x5618c64fdc40 [fd  64] Read Persist
  0x5618c64fe390 [fd  65] Read Persist
  0x5618c64fe7e0 [fd  66] Read Persist
  0x5618c64fec80 [fd  67] Read Persist
  0x5618c64ff120 [fd  68] Read Persist
  0x5618c64ff5c0 [fd  69] Read Persist
  0x5618c64ffa60 [fd  70] Read Persist
  0x5618c64fffb0 [fd  71] Read Persist
  0x5618c6500470 [fd  72] Read Persist
  0x5618c6500930 [fd  73] Read Persist
  0x5618c6500df0 [fd  74] Read Persist
  0x5618c65012b0 [fd  75] Read Persist
  0x5618c6501770 [fd  76] Read Persist
  0x5618c6501c30 [fd  77] Read Persist
  0x5618c65021c0 [fd  78] Read Persist
  0x5618c6502750 [fd  79] Read Persist
  0x5618c6502ce0 [fd  80] Read Persist
  0x5618c6503270 [fd  81] Read Persist
  0x5618c6503800 [fd  82] Read Persist
  0x5618c6503d90 [fd  83] Read Persist
  0x5618c6504320 [fd  84] Read Persist
  0x5618c65048b0 [fd  85] Read Persist
  0x5618c6504e40 [fd  86] Read Persist
  0x5618c65053d0 [fd  87] Read Persist
  0x5618c6505960 [fd  88] Read Persist
  0x5618c6505ef0 [fd  89] Read Persist
  0x5618c6506480 [fd  90] Read Persist
  0x5618c6507490 [fd  91] Read Persist
  0x5618c6507a20 [fd  92] Read Persist
  0x5618c6507fb0 [fd  93] Read Persist
  0x5618c6508540 [fd  94] Read Persist
  0x5618c6508ad0 [fd  95] Read Persist
  0x5618c6509060 [fd  96] Read Persist
  0x5618c65095f0 [fd  97] Read Persist
  0x5618c6509b80 [fd  98] Read Persist
  0x5618c650a110 [fd  99] Read Persist
  0x5618c650a530 [fd  100] Read Persist
  0x5618c650a750 [fd  101] Read Persist
  0x5618c650a970 [fd  102] Read Persist
  0x5618c650ad10 [fd  103] Read Persist
  0x5618c650b0b0 [fd  104] Read Persist
  0x5618c650b450 [fd  105] Read Persist
  0x5618c650b7f0 [fd  106] Read Persist
  0x5618c650bb90 [fd  107] Read Persist
  0x5618c650bf30 [fd  108] Read Persist
  0x5618c650c2d0 [fd  109] Read Persist
  0x5618c650c670 [fd  110] Read Persist
  0x5618c650ca10 [fd  111] Read Persist
  0x5618c650cdb0 [fd  112] Read Persist
  0x5618c650d150 [fd  113] Read Persist
  0x5618c650d520 [fd  114] Read Persist
  0x5618c650d8f0 [fd  115] Read Persist
  0x5618c650dcc0 [fd  116] Read Persist
  0x5618c650e090 [fd  117] Read Persist
  0x5618c650e460 [fd  118] Read Persist
  0x5618c650e860 [fd  119] Read Persist
  0x5618c650ec60 [fd  120] Read Persist
  0x5618c650f0c0 [fd  121] Read Persist
  0x5618c650f490 [fd  122] Read Persist
  0x5618c650f860 [fd  123] Read Persist
  0x5618c650fc60 [fd  124] Read Persist
  0x5618c6510060 [fd  125] Read Persist
  0x5618c6510500 [fd  126] Read Persist
  0x5618c65109a0 [fd  127] Read Persist
  0x5618c6511140 [fd  -1] Timeout=1776113095.572772
Active events:
20260313-143455-7793 26510 * Cleanup         (server.cc:593):    Exporting stats to /mnt/extra/experiments/2026-04-13-14-33-39/out/server-0-0-1-stats-0.json.
