20260313-054950-2731 14151 * main            (server.cc:217):    Starting server.
20260313-054950-2737 14151 * main            (server.cc:335):    Creating a default paritioner!
20260313-054952-0271 14151 * main            (server.cc:513):    Done loading server.
20260313-055013-1406 14151 * SendRequest     (client.cc:198):    Sending client request with id 1 (shardtag=55834574849 predlist_size=0)
20260313-055013-4426 14151 ! ReceiveMessage  (replica.cc:680):   [0] Ignoring stray ReplyMessage delivered to replica listener
20260313-055014-1163 14151 * SendRequest     (client.cc:198):    Sending client request with id 2 (shardtag=107374182401 predlist_size=0)
20260313-055014-4296 14151 ! ReceiveMessage  (replica.cc:680):   [0] Ignoring stray ReplyMessage delivered to replica listener
20260313-055014-5106 14151 * SendRequest     (client.cc:198):    Sending client request with id 3 (shardtag=73014444033 predlist_size=0)
20260313-055014-5159 14151 * SendRequest     (client.cc:198):    Sending client request with id 4 (shardtag=90194313217 predlist_size=0)
20260313-055014-5314 14151 * SendRequest     (client.cc:198):    Sending client request with id 5 (shardtag=107374182402 predlist_size=0)
20260313-055014-8123 14151 ! ReceiveMessage  (replica.cc:680):   [0] Ignoring stray ReplyMessage delivered to replica listener
20260313-055014-8173 14151 ! ReceiveMessage  (replica.cc:680):   [0] Ignoring stray ReplyMessage delivered to replica listener
20260313-055014-8330 14151 ! ReceiveMessage  (replica.cc:680):   [0] Ignoring stray ReplyMessage delivered to replica listener
20260313-055015-1170 14151 * SendRequest     (client.cc:198):    Sending client request with id 6 (shardtag=38654705665 predlist_size=0)
20260313-055015-1562 14151 * SendRequest     (client.cc:198):    Sending client request with id 7 (shardtag=55834574850 predlist_size=0)
20260313-055015-4186 14151 ! ReceiveMessage  (replica.cc:680):   [0] Ignoring stray ReplyMessage delivered to replica listener
20260313-055015-4576 14151 ! ReceiveMessage  (replica.cc:680):   [0] Ignoring stray ReplyMessage delivered to replica listener
20260313-055015-9234 14151 * SendRequest     (client.cc:198):    Sending client request with id 8 (shardtag=38654705666 predlist_size=0)
20260313-055016-2249 14151 ! ReceiveMessage  (replica.cc:680):   [0] Ignoring stray ReplyMessage delivered to replica listener
20260313-055016-7592 14151 * SendRequest     (client.cc:198):    Sending client request with id 9 (shardtag=124554051585 predlist_size=0)
20260313-055016-8939 14151 * SendRequest     (client.cc:198):    Sending client request with id 10 (shardtag=4294967297 predlist_size=0)
20260313-055016-9136 14151 * SendRequest     (client.cc:198):    Sending client request with id 11 (shardtag=21474836481 predlist_size=0)
20260313-055017-0610 14151 ! ReceiveMessage  (replica.cc:680):   [0] Ignoring stray ReplyMessage delivered to replica listener
20260313-055017-1957 14151 ! ReceiveMessage  (replica.cc:680):   [0] Ignoring stray ReplyMessage delivered to replica listener
20260313-055017-2153 14151 ! ReceiveMessage  (replica.cc:680):   [0] Ignoring stray ReplyMessage delivered to replica listener
20260313-055017-7004 14151 * SendRequest     (client.cc:198):    Sending client request with id 12 (shardtag=4294967298 predlist_size=0)
20260313-055017-9403 14151 * SendRequest     (client.cc:198):    Sending client request with id 13 (shardtag=38654705667 predlist_size=0)
20260313-055018-0021 14151 ! ReceiveMessage  (replica.cc:680):   [0] Ignoring stray ReplyMessage delivered to replica listener
20260313-055018-2419 14151 ! ReceiveMessage  (replica.cc:680):   [0] Ignoring stray ReplyMessage delivered to replica listener
20260313-055019-5830 14151 * SendRequest     (client.cc:198):    Sending client request with id 14 (shardtag=124554051586 predlist_size=0)
20260313-055019-8844 14151 ! ReceiveMessage  (replica.cc:680):   [0] Ignoring stray ReplyMessage delivered to replica listener
20260313-055020-1221 14151 * SendRequest     (client.cc:198):    Sending client request with id 15 (shardtag=4294967299 predlist_size=0)
20260313-055020-4237 14151 ! ReceiveMessage  (replica.cc:680):   [0] Ignoring stray ReplyMessage delivered to replica listener
20260313-055021-5738 14151 * SendRequest     (client.cc:198):    Sending client request with id 16 (shardtag=38654705668 predlist_size=0)
20260313-055021-6144 14151 * SendRequest     (client.cc:198):    Sending client request with id 17 (shardtag=55834574851 predlist_size=0)
20260313-055021-8754 14151 ! ReceiveMessage  (replica.cc:680):   [0] Ignoring stray ReplyMessage delivered to replica listener
20260313-055021-9161 14151 ! ReceiveMessage  (replica.cc:680):   [0] Ignoring stray ReplyMessage delivered to replica listener
20260313-055022-8259 14151 * SendRequest     (client.cc:198):    Sending client request with id 18 (shardtag=55834574852 predlist_size=0)
20260313-055023-1274 14151 ! ReceiveMessage  (replica.cc:680):   [0] Ignoring stray ReplyMessage delivered to replica listener
20260313-055023-2288 14151 * SendRequest     (client.cc:198):    Sending client request with id 19 (shardtag=55834574853 predlist_size=0)
20260313-055023-5303 14151 ! ReceiveMessage  (replica.cc:680):   [0] Ignoring stray ReplyMessage delivered to replica listener
20260313-055024-2193 14151 * SendRequest     (client.cc:198):    Sending client request with id 20 (shardtag=107374182403 predlist_size=0)
20260313-055024-5210 14151 ! ReceiveMessage  (replica.cc:680):   [0] Ignoring stray ReplyMessage delivered to replica listener
20260313-055024-8053 14151 * SendRequest     (client.cc:198):    Sending client request with id 21 (shardtag=38654705669 predlist_size=0)
20260313-055024-9976 14151 * SendRequest     (client.cc:198):    Sending client request with id 22 (shardtag=73014444034 predlist_size=0)
20260313-055025-1066 14151 ! ReceiveMessage  (replica.cc:680):   [0] Ignoring stray ReplyMessage delivered to replica listener
20260313-055025-2992 14151 ! ReceiveMessage  (replica.cc:680):   [0] Ignoring stray ReplyMessage delivered to replica listener
20260313-055025-4007 14151 * SendRequest     (client.cc:198):    Sending client request with id 23 (shardtag=73014444035 predlist_size=0)
20260313-055025-7023 14151 ! ReceiveMessage  (replica.cc:680):   [0] Ignoring stray ReplyMessage delivered to replica listener
20260313-055025-8344 14151 * SendRequest     (client.cc:198):    Sending client request with id 24 (shardtag=107374182404 predlist_size=0)
20260313-055026-1358 14151 ! ReceiveMessage  (replica.cc:680):   [0] Ignoring stray ReplyMessage delivered to replica listener
20260313-055026-5759 14151 * SendRequest     (client.cc:198):    Sending client request with id 25 (shardtag=4294967300 predlist_size=0)
20260313-055026-8776 14151 ! ReceiveMessage  (replica.cc:680):   [0] Ignoring stray ReplyMessage delivered to replica listener
20260313-055027-6275 14151 * SendRequest     (client.cc:198):    Sending client request with id 26 (shardtag=38654705670 predlist_size=0)
20260313-055027-9292 14151 ! ReceiveMessage  (replica.cc:680):   [0] Ignoring stray ReplyMessage delivered to replica listener
20260313-055028-0720 14151 * SendRequest     (client.cc:198):    Sending client request with id 27 (shardtag=55834574854 predlist_size=0)
20260313-055028-3735 14151 ! ReceiveMessage  (replica.cc:680):   [0] Ignoring stray ReplyMessage delivered to replica listener
20260313-055028-8364 14151 * SendRequest     (client.cc:198):    Sending client request with id 28 (shardtag=38654705671 predlist_size=0)
20260313-055029-0404 14151 * SendRequest     (client.cc:198):    Sending client request with id 29 (shardtag=90194313218 predlist_size=0)
20260313-055029-1378 14151 ! ReceiveMessage  (replica.cc:680):   [0] Ignoring stray ReplyMessage delivered to replica listener
20260313-055029-3418 14151 ! ReceiveMessage  (replica.cc:680):   [0] Ignoring stray ReplyMessage delivered to replica listener
20260313-055029-6669 14151 * SendRequest     (client.cc:198):    Sending client request with id 30 (shardtag=124554051587 predlist_size=0)
20260313-055029-9686 14151 ! ReceiveMessage  (replica.cc:680):   [0] Ignoring stray ReplyMessage delivered to replica listener
20260313-055030-6265 14151 * SendRequest     (client.cc:198):    Sending client request with id 31 (shardtag=21474836482 predlist_size=0)
20260313-055030-9282 14151 ! ReceiveMessage  (replica.cc:680):   [0] Ignoring stray ReplyMessage delivered to replica listener
20260313-055031-2812 14151 * SendRequest     (client.cc:198):    Sending client request with id 32 (shardtag=124554051588 predlist_size=0)
20260313-055031-5828 14151 ! ReceiveMessage  (replica.cc:680):   [0] Ignoring stray ReplyMessage delivered to replica listener
20260313-055031-6844 14151 * SendRequest     (client.cc:198):    Sending client request with id 33 (shardtag=124554051589 predlist_size=0)
20260313-055031-9862 14151 ! ReceiveMessage  (replica.cc:680):   [0] Ignoring stray ReplyMessage delivered to replica listener
20260313-055032-6422 14151 * SendRequest     (client.cc:198):    Sending client request with id 34 (shardtag=21474836483 predlist_size=0)
20260313-055032-9437 14151 ! ReceiveMessage  (replica.cc:680):   [0] Ignoring stray ReplyMessage delivered to replica listener
20260313-055033-0907 14151 * SendRequest     (client.cc:198):    Sending client request with id 35 (shardtag=107374182405 predlist_size=0)
20260313-055033-3923 14151 ! ReceiveMessage  (replica.cc:680):   [0] Ignoring stray ReplyMessage delivered to replica listener
20260313-055033-7192 14151 * SendRequest     (client.cc:198):    Sending client request with id 36 (shardtag=55834574855 predlist_size=0)
20260313-055034-0207 14151 ! ReceiveMessage  (replica.cc:680):   [0] Ignoring stray ReplyMessage delivered to replica listener
20260313-055034-0822 14151 * SendRequest     (client.cc:198):    Sending client request with id 37 (shardtag=38654705672 predlist_size=0)
20260313-055034-3839 14151 ! ReceiveMessage  (replica.cc:680):   [0] Ignoring stray ReplyMessage delivered to replica listener
20260313-055035-0471 14151 * SendRequest     (client.cc:198):    Sending client request with id 38 (shardtag=4294967301 predlist_size=0)
20260313-055035-3485 14151 ! ReceiveMessage  (replica.cc:680):   [0] Ignoring stray ReplyMessage delivered to replica listener
20260313-055035-4496 14151 * SendRequest     (client.cc:198):    Sending client request with id 39 (shardtag=4294967302 predlist_size=0)
20260313-055035-6955 14151 * SendRequest     (client.cc:198):    Sending client request with id 40 (shardtag=38654705673 predlist_size=0)
20260313-055035-7512 14151 ! ReceiveMessage  (replica.cc:680):   [0] Ignoring stray ReplyMessage delivered to replica listener
20260313-055035-8526 14151 * SendRequest     (client.cc:198):    Sending client request with id 41 (shardtag=4294967303 predlist_size=0)
20260313-055035-8951 14151 * SendRequest     (client.cc:198):    Sending client request with id 42 (shardtag=73014444036 predlist_size=0)
20260313-055035-9015 14151 * SendRequest     (client.cc:198):    Sending client request with id 43 (shardtag=90194313219 predlist_size=0)
20260313-055035-9971 14151 ! ReceiveMessage  (replica.cc:680):   [0] Ignoring stray ReplyMessage delivered to replica listener
20260313-055036-0984 14151 * SendRequest     (client.cc:198):    Sending client request with id 44 (shardtag=38654705674 predlist_size=0)
20260313-055036-1540 14151 ! ReceiveMessage  (replica.cc:680):   [0] Ignoring stray ReplyMessage delivered to replica listener
20260313-055036-1965 14151 ! ReceiveMessage  (replica.cc:680):   [0] Ignoring stray ReplyMessage delivered to replica listener
20260313-055036-2031 14151 ! ReceiveMessage  (replica.cc:680):   [0] Ignoring stray ReplyMessage delivered to replica listener
20260313-055036-2561 14151 * SendRequest     (client.cc:198):    Sending client request with id 45 (shardtag=4294967304 predlist_size=0)
20260313-055036-2983 14151 * SendRequest     (client.cc:198):    Sending client request with id 46 (shardtag=73014444037 predlist_size=0)
20260313-055036-3999 14151 ! ReceiveMessage  (replica.cc:680):   [0] Ignoring stray ReplyMessage delivered to replica listener
20260313-055036-5579 14151 ! ReceiveMessage  (replica.cc:680):   [0] Ignoring stray ReplyMessage delivered to replica listener
20260313-055036-5999 14151 ! ReceiveMessage  (replica.cc:680):   [0] Ignoring stray ReplyMessage delivered to replica listener
20260313-055036-9452 14151 * SendRequest     (client.cc:198):    Sending client request with id 47 (shardtag=55834574856 predlist_size=0)
20260313-055037-2466 14151 ! ReceiveMessage  (replica.cc:680):   [0] Ignoring stray ReplyMessage delivered to replica listener
20260313-055038-3231 14151 * SendRequest     (client.cc:198):    Sending client request with id 48 (shardtag=90194313220 predlist_size=0)
20260313-055038-6248 14151 ! ReceiveMessage  (replica.cc:680):   [0] Ignoring stray ReplyMessage delivered to replica listener
20260313-055039-0930 14151 * SendRequest     (client.cc:198):    Sending client request with id 49 (shardtag=21474836484 predlist_size=0)
20260313-055039-3946 14151 ! ReceiveMessage  (replica.cc:680):   [0] Ignoring stray ReplyMessage delivered to replica listener
20260313-055039-5483 14151 * SendRequest     (client.cc:198):    Sending client request with id 50 (shardtag=107374182406 predlist_size=0)
20260313-055039-7555 14151 * SendRequest     (client.cc:198):    Sending client request with id 51 (shardtag=124554051590 predlist_size=0)
20260313-055039-8499 14151 ! ReceiveMessage  (replica.cc:680):   [0] Ignoring stray ReplyMessage delivered to replica listener
20260313-055039-9013 14151 * SendRequest     (client.cc:198):    Sending client request with id 52 (shardtag=21474836485 predlist_size=0)
20260313-055039-9267 14151 * SendRequest     (client.cc:198):    Sending client request with id 53 (shardtag=73014444038 predlist_size=0)
20260313-055040-0570 14151 ! ReceiveMessage  (replica.cc:680):   [0] Ignoring stray ReplyMessage delivered to replica listener
20260313-055040-2028 14151 ! ReceiveMessage  (replica.cc:680):   [0] Ignoring stray ReplyMessage delivered to replica listener
20260313-055040-2283 14151 ! ReceiveMessage  (replica.cc:680):   [0] Ignoring stray ReplyMessage delivered to replica listener
20260313-055043-7318 14151 ! TCPIncomingEventCallback (tcptransport.cc:942): [TCP INCOMING 117] EOF, lifetime=31038.43 ms
20260313-055043-7563 14151 ! TCPIncomingEventCallback (tcptransport.cc:942): [TCP INCOMING 118] EOF, lifetime=31040.41 ms
20260313-055043-7691 14151 ! TCPIncomingEventCallback (tcptransport.cc:942): [TCP INCOMING 119] EOF, lifetime=31035.11 ms
20260313-055043-8881 14151 ! TCPIncomingEventCallback (tcptransport.cc:942): [TCP INCOMING 120] EOF, lifetime=31034.54 ms
20260313-055043-9025 14151 ! TCPIncomingEventCallback (tcptransport.cc:942): [TCP INCOMING 121] EOF, lifetime=31024.11 ms
20260313-055043-9287 14151 ! TCPIncomingEventCallback (tcptransport.cc:942): [TCP INCOMING 122] EOF, lifetime=31036.77 ms
20260313-055043-9400 14151 ! TCPIncomingEventCallback (tcptransport.cc:942): [TCP INCOMING 124] EOF, lifetime=31035.11 ms
20260313-055043-9530 14151 ! TCPIncomingEventCallback (tcptransport.cc:942): [TCP INCOMING 123] EOF, lifetime=31050.00 ms
20260313-055050-4354 14151 * Cleanup         (server.cc:589):    Gracefully exiting after signal 15.
20260313-055050-4355 14151 * Stop            (tcptransport.cc:605): [TCP SUMMARY] outgoingCreated=59 outgoingClosed=0 incomingCreated=67 incomingClosed=8 outgoingPeak=125 incomingPeak=37
Inserted events:
  0x55c7129100d0 [fd  9] Read Persist Internal
  0x55c712917e30 [fd  10] Read Persist
  0x55c7129232e0 [fd  11] Read Persist
  0x55c71ef6a3b0 [fd  12] Read Persist
  0x55c71ef6a5d0 [fd  13] Read Persist
  0x55c71ef6a7f0 [fd  14] Read Persist
  0x55c71ef675f0 [fd  15] Read Persist
  0x55c71ef5bc70 [fd  16] Read Persist
  0x55c71ef65a30 [fd  17] Read Persist
  0x55c71ef5d230 [fd  18] Read Persist
  0x55c71ef65ee0 [fd  19] Read Persist
  0x55c71ef66bd0 [fd  20] Read Persist
  0x55c71ef5c150 [fd  21] Read Persist
  0x55c71ef5c6f0 [fd  22] Read Persist
  0x55c71ef5ca90 [fd  23] Read Persist
  0x55c71ef5ce90 [fd  24] Read Persist
  0x55c71ef5ae50 [fd  25] Read Persist
  0x55c71ef5b3e0 [fd  26] Read Persist
  0x55c71ef5b970 [fd  27] Read Persist
  0x55c71ef63040 [fd  28] Read Persist
  0x55c71ef63700 [fd  29] Read Persist
  0x55c71ef63c90 [fd  30] Read Persist
  0x55c71ef641a0 [fd  31] Read Persist
  0x55c71ef64730 [fd  32] Read Persist
  0x55c71ef6aa10 [fd  33] Read Persist
  0x55c71ef6af30 [fd  34] Read Persist
  0x55c71ef6b4c0 [fd  35] Read Persist
  0x55c71ef6ba50 [fd  36] Read Persist
  0x55c71ef6bfe0 [fd  37] Read Persist
  0x55c71ef6c570 [fd  38] Read Persist
  0x55c71ef6cb00 [fd  39] Read Persist
  0x55c71ef6d090 [fd  40] Read Persist
  0x55c71ef6d620 [fd  41] Read Persist
  0x55c71ef6dbb0 [fd  42] Read Persist
  0x55c71ef6e140 [fd  43] Read Persist
  0x55c71ef6e560 [fd  44] Read Persist
  0x55c71ef6e780 [fd  45] Read Persist
  0x55c71ef6ea30 [fd  46] Read Persist
  0x55c71ef6edd0 [fd  47] Read Persist
  0x55c71ef6f170 [fd  48] Read Persist
  0x55c71ef6f790 [fd  49] Read Persist
  0x55c71ef6fb30 [fd  50] Read Persist
  0x55c71ef6fed0 [fd  51] Read Persist
  0x55c71ef70270 [fd  52] Read Persist
  0x55c71ef70610 [fd  53] Read Persist
  0x55c71ef709b0 [fd  54] Read Persist
  0x55c71ef70d50 [fd  55] Read Persist
  0x55c71ef710f0 [fd  56] Read Persist
  0x55c71ef71490 [fd  57] Read Persist
  0x55c71ef71830 [fd  58] Read Persist
  0x55c71ef71bd0 [fd  59] Read Persist
  0x55c71ef71fa0 [fd  60] Read Persist
  0x55c71ef72370 [fd  61] Read Persist
  0x55c71ef72740 [fd  62] Read Persist
  0x55c71ef72b10 [fd  63] Read Persist
  0x55c71ef72ee0 [fd  64] Read Persist
  0x55c71291f980 [fd  65] Read Persist
  0x55c71ef736f0 [fd  66] Read Persist
  0x55c71ef73a30 [fd  67] Read Persist
  0x55c71ef73d70 [fd  68] Read Persist
  0x55c71ef740b0 [fd  69] Read Persist
  0x55c71ef743f0 [fd  70] Read Persist
  0x55c71ef74730 [fd  71] Read Persist
  0x55c71ef74a70 [fd  72] Read Persist
  0x55c71ef74f00 [fd  73] Read Persist
  0x55c71ef753c0 [fd  74] Read Persist
  0x55c71ef75880 [fd  75] Read Persist
  0x55c71ef75d40 [fd  76] Read Persist
  0x55c71ef762d0 [fd  77] Read Persist
  0x55c71ef76860 [fd  78] Read Persist
  0x55c71ef76df0 [fd  79] Read Persist
  0x55c71ef77380 [fd  80] Read Persist
  0x55c71ef77910 [fd  81] Read Persist
  0x55c71ef77ea0 [fd  82] Read Persist
  0x55c71ef78430 [fd  83] Read Persist
  0x55c71ef789c0 [fd  84] Read Persist
  0x55c71ef78f50 [fd  85] Read Persist
  0x55c71ef794e0 [fd  86] Read Persist
  0x55c71ef79a70 [fd  87] Read Persist
  0x55c71ef7a000 [fd  88] Read Persist
  0x55c71ef7a590 [fd  89] Read Persist
  0x55c71ef7ab20 [fd  90] Read Persist
  0x55c71ef7bb30 [fd  91] Read Persist
  0x55c71ef7c0c0 [fd  92] Read Persist
  0x55c71ef7c650 [fd  93] Read Persist
  0x55c71ef7cbe0 [fd  94] Read Persist
  0x55c71ef7d170 [fd  95] Read Persist
  0x55c71ef7d700 [fd  96] Read Persist
  0x55c71ef7dc90 [fd  97] Read Persist
  0x55c71ef7e220 [fd  98] Read Persist
  0x55c71ef7f7e0 [fd  99] Read Persist
  0x55c71ef69530 [fd  100] Read Persist
  0x55c71ef8da00 [fd  101] Read Persist
  0x55c71ef8dc20 [fd  102] Read Persist
  0x55c71ef8de40 [fd  103] Read Persist
  0x55c71ef8a940 [fd  104] Read Persist
  0x55c71ef7ef60 [fd  105] Read Persist
  0x55c71ef8cdd0 [fd  106] Read Persist
  0x55c71ef8d210 [fd  107] Read Persist
  0x55c71ef8d650 [fd  108] Read Persist
  0x55c71ef8b160 [fd  109] Read Persist
  0x55c71ef8b5b0 [fd  110] Read Persist
  0x55c71ef8ba20 [fd  111] Read Persist
  0x55c71ef8be90 [fd  112] Read Persist
  0x55c71ef8c300 [fd  113] Read Persist
  0x55c71ef8c7a0 [fd  114] Read Persist
  0x55c71ef8e060 [fd  115] Read Persist
  0x55c71ef8e3a0 [fd  116] Read Persist
  0x55c71ef8e6e0 [fd  117] Read Persist
  0x55c71ef8ea20 [fd  118] Read Persist
  0x55c71ef8ed60 [fd  119] Read Persist
  0x55c71ef8f0a0 [fd  120] Read Persist
  0x55c71ef8f480 [fd  121] Read Persist
  0x55c71ef8f920 [fd  122] Read Persist
  0x55c71ef8fdc0 [fd  123] Read Persist
  0x55c71ef90260 [fd  124] Read Persist
  0x55c71ef90700 [fd  125] Read Persist
  0x55c71ef90ba0 [fd  126] Read Persist
  0x55c71ef91040 [fd  127] Read Persist
  0x55c71efaf6c0 [fd  136] Read Persist
  0x55c71efafb00 [fd  137] Read Persist
Active events:
20260313-055050-4374 14151 * Cleanup         (server.cc:593):    Exporting stats to /mnt/extra/experiments/2026-04-13-05-49-41/out/server-0-1-0-stats-0.json.
