20260313-054950-4824 09886 * main            (server.cc:217):    Starting server.
20260313-054950-4836 09886 * main            (server.cc:335):    Creating a default paritioner!
20260313-054952-4139 09886 * main            (server.cc:513):    Done loading server.
[libprotobuf ERROR google/protobuf/message_lite.cc:121] Can't parse message of type "replication.iocl_craq.proto.SuccessorRequestMessage" because it is missing required fields: s, succ_groupidx, succ_replicaidx
[libprotobuf ERROR google/protobuf/message_lite.cc:121] Can't parse message of type "replication.iocl_craq.proto.SuccessorRequestMessage" because it is missing required fields: s, succ_groupidx, succ_replicaidx
[libprotobuf ERROR google/protobuf/message_lite.cc:121] Can't parse message of type "replication.iocl_craq.proto.SuccessorRequestMessage" because it is missing required fields: s, succ_groupidx, succ_replicaidx
[libprotobuf ERROR google/protobuf/message_lite.cc:121] Can't parse message of type "replication.iocl_craq.proto.SuccessorRequestMessage" because it is missing required fields: s, succ_groupidx, succ_replicaidx
[libprotobuf ERROR google/protobuf/message_lite.cc:121] Can't parse message of type "replication.iocl_craq.proto.SuccessorRequestMessage" because it is missing required fields: s, succ_groupidx, succ_replicaidx
[libprotobuf ERROR google/protobuf/message_lite.cc:121] Can't parse message of type "replication.iocl_craq.proto.SuccessorRequestMessage" because it is missing required fields: s, succ_groupidx, succ_replicaidx
[libprotobuf ERROR google/protobuf/message_lite.cc:121] Can't parse message of type "replication.iocl_craq.proto.SuccessorRequestMessage" because it is missing required fields: s, succ_groupidx, succ_replicaidx
[libprotobuf ERROR google/protobuf/message_lite.cc:121] Can't parse message of type "replication.iocl_craq.proto.SuccessorRequestMessage" because it is missing required fields: s, succ_groupidx, succ_replicaidx
[libprotobuf ERROR google/protobuf/message_lite.cc:121] Can't parse message of type "replication.iocl_craq.proto.SuccessorRequestMessage" because it is missing required fields: s, succ_groupidx, succ_replicaidx
[libprotobuf ERROR google/protobuf/message_lite.cc:121] Can't parse message of type "replication.iocl_craq.proto.SuccessorRequestMessage" because it is missing required fields: s, succ_groupidx, succ_replicaidx
[libprotobuf ERROR google/protobuf/message_lite.cc:121] Can't parse message of type "replication.iocl_craq.proto.SuccessorRequestMessage" because it is missing required fields: s, succ_groupidx, succ_replicaidx
[libprotobuf ERROR google/protobuf/message_lite.cc:121] Can't parse message of type "replication.iocl_craq.proto.SuccessorRequestMessage" because it is missing required fields: s, succ_groupidx, succ_replicaidx
[libprotobuf ERROR google/protobuf/message_lite.cc:121] Can't parse message of type "replication.iocl_craq.proto.SuccessorRequestMessage" because it is missing required fields: s, succ_groupidx, succ_replicaidx
[libprotobuf ERROR google/protobuf/message_lite.cc:121] Can't parse message of type "replication.iocl_craq.proto.SuccessorRequestMessage" because it is missing required fields: s, succ_groupidx, succ_replicaidx
[libprotobuf ERROR google/protobuf/message_lite.cc:121] Can't parse message of type "replication.iocl_craq.proto.SuccessorRequestMessage" because it is missing required fields: s, succ_groupidx, succ_replicaidx
[libprotobuf ERROR google/protobuf/message_lite.cc:121] Can't parse message of type "replication.iocl_craq.proto.SuccessorRequestMessage" because it is missing required fields: s, succ_groupidx, succ_replicaidx
[libprotobuf ERROR google/protobuf/message_lite.cc:121] Can't parse message of type "replication.iocl_craq.proto.SuccessorRequestMessage" because it is missing required fields: s, succ_groupidx, succ_replicaidx
[libprotobuf ERROR google/protobuf/message_lite.cc:121] Can't parse message of type "replication.iocl_craq.proto.SuccessorRequestMessage" because it is missing required fields: s, succ_groupidx, succ_replicaidx
[libprotobuf ERROR google/protobuf/message_lite.cc:121] Can't parse message of type "replication.iocl_craq.proto.SuccessorRequestMessage" because it is missing required fields: s, succ_groupidx, succ_replicaidx
[libprotobuf ERROR google/protobuf/message_lite.cc:121] Can't parse message of type "replication.iocl_craq.proto.SuccessorRequestMessage" because it is missing required fields: s, succ_groupidx, succ_replicaidx
[libprotobuf ERROR google/protobuf/message_lite.cc:121] Can't parse message of type "replication.iocl_craq.proto.SuccessorRequestMessage" because it is missing required fields: s, succ_groupidx, succ_replicaidx
[libprotobuf ERROR google/protobuf/message_lite.cc:121] Can't parse message of type "replication.iocl_craq.proto.SuccessorRequestMessage" because it is missing required fields: s, succ_groupidx, succ_replicaidx
[libprotobuf ERROR google/protobuf/message_lite.cc:121] Can't parse message of type "replication.iocl_craq.proto.SuccessorRequestMessage" because it is missing required fields: s, succ_groupidx, succ_replicaidx
[libprotobuf ERROR google/protobuf/message_lite.cc:121] Can't parse message of type "replication.iocl_craq.proto.SuccessorRequestMessage" because it is missing required fields: s, succ_groupidx, succ_replicaidx
[libprotobuf ERROR google/protobuf/message_lite.cc:121] Can't parse message of type "replication.iocl_craq.proto.SuccessorRequestMessage" because it is missing required fields: s, succ_groupidx, succ_replicaidx
[libprotobuf ERROR google/protobuf/message_lite.cc:121] Can't parse message of type "replication.iocl_craq.proto.SuccessorRequestMessage" because it is missing required fields: s, succ_groupidx, succ_replicaidx
[libprotobuf ERROR google/protobuf/message_lite.cc:121] Can't parse message of type "replication.iocl_craq.proto.SuccessorRequestMessage" because it is missing required fields: s, succ_groupidx, succ_replicaidx
[libprotobuf ERROR google/protobuf/message_lite.cc:121] Can't parse message of type "replication.iocl_craq.proto.SuccessorRequestMessage" because it is missing required fields: s, succ_groupidx, succ_replicaidx
[libprotobuf ERROR google/protobuf/message_lite.cc:121] Can't parse message of type "replication.iocl_craq.proto.SuccessorRequestMessage" because it is missing required fields: s, succ_groupidx, succ_replicaidx
[libprotobuf ERROR google/protobuf/message_lite.cc:121] Can't parse message of type "replication.iocl_craq.proto.SuccessorRequestMessage" because it is missing required fields: s, succ_groupidx, succ_replicaidx
[libprotobuf ERROR google/protobuf/message_lite.cc:121] Can't parse message of type "replication.iocl_craq.proto.SuccessorRequestMessage" because it is missing required fields: s, succ_groupidx, succ_replicaidx
[libprotobuf ERROR google/protobuf/message_lite.cc:121] Can't parse message of type "replication.iocl_craq.proto.SuccessorRequestMessage" because it is missing required fields: s, succ_groupidx, succ_replicaidx
[libprotobuf ERROR google/protobuf/message_lite.cc:121] Can't parse message of type "replication.iocl_craq.proto.SuccessorRequestMessage" because it is missing required fields: s, succ_groupidx, succ_replicaidx
[libprotobuf ERROR google/protobuf/message_lite.cc:121] Can't parse message of type "replication.iocl_craq.proto.SuccessorRequestMessage" because it is missing required fields: s, succ_groupidx, succ_replicaidx
[libprotobuf ERROR google/protobuf/message_lite.cc:121] Can't parse message of type "replication.iocl_craq.proto.SuccessorRequestMessage" because it is missing required fields: s, succ_groupidx, succ_replicaidx
[libprotobuf ERROR google/protobuf/message_lite.cc:121] Can't parse message of type "replication.iocl_craq.proto.SuccessorRequestMessage" because it is missing required fields: s, succ_groupidx, succ_replicaidx
[libprotobuf ERROR google/protobuf/message_lite.cc:121] Can't parse message of type "replication.iocl_craq.proto.SuccessorRequestMessage" because it is missing required fields: s, succ_groupidx, succ_replicaidx
[libprotobuf ERROR google/protobuf/message_lite.cc:121] Can't parse message of type "replication.iocl_craq.proto.SuccessorRequestMessage" because it is missing required fields: s, succ_groupidx, succ_replicaidx
[libprotobuf ERROR google/protobuf/message_lite.cc:121] Can't parse message of type "replication.iocl_craq.proto.SuccessorRequestMessage" because it is missing required fields: s, succ_groupidx, succ_replicaidx
[libprotobuf ERROR google/protobuf/message_lite.cc:121] Can't parse message of type "replication.iocl_craq.proto.SuccessorRequestMessage" because it is missing required fields: s, succ_groupidx, succ_replicaidx
[libprotobuf ERROR google/protobuf/message_lite.cc:121] Can't parse message of type "replication.iocl_craq.proto.SuccessorRequestMessage" because it is missing required fields: s, succ_groupidx, succ_replicaidx
[libprotobuf ERROR google/protobuf/message_lite.cc:121] Can't parse message of type "replication.iocl_craq.proto.SuccessorRequestMessage" because it is missing required fields: s, succ_groupidx, succ_replicaidx
[libprotobuf ERROR google/protobuf/message_lite.cc:121] Can't parse message of type "replication.iocl_craq.proto.SuccessorRequestMessage" because it is missing required fields: s, succ_groupidx, succ_replicaidx
[libprotobuf ERROR google/protobuf/message_lite.cc:121] Can't parse message of type "replication.iocl_craq.proto.SuccessorRequestMessage" because it is missing required fields: s, succ_groupidx, succ_replicaidx
[libprotobuf ERROR google/protobuf/message_lite.cc:121] Can't parse message of type "replication.iocl_craq.proto.SuccessorRequestMessage" because it is missing required fields: s, succ_groupidx, succ_replicaidx
[libprotobuf ERROR google/protobuf/message_lite.cc:121] Can't parse message of type "replication.iocl_craq.proto.SuccessorRequestMessage" because it is missing required fields: s, succ_groupidx, succ_replicaidx
[libprotobuf ERROR google/protobuf/message_lite.cc:121] Can't parse message of type "replication.iocl_craq.proto.SuccessorRequestMessage" because it is missing required fields: s, succ_groupidx, succ_replicaidx
[libprotobuf ERROR google/protobuf/message_lite.cc:121] Can't parse message of type "replication.iocl_craq.proto.SuccessorRequestMessage" because it is missing required fields: s, succ_groupidx, succ_replicaidx
[libprotobuf ERROR google/protobuf/message_lite.cc:121] Can't parse message of type "replication.iocl_craq.proto.SuccessorRequestMessage" because it is missing required fields: s, succ_groupidx, succ_replicaidx
[libprotobuf ERROR google/protobuf/message_lite.cc:121] Can't parse message of type "replication.iocl_craq.proto.SuccessorRequestMessage" because it is missing required fields: s, succ_groupidx, succ_replicaidx
[libprotobuf ERROR google/protobuf/message_lite.cc:121] Can't parse message of type "replication.iocl_craq.proto.SuccessorRequestMessage" because it is missing required fields: s, succ_groupidx, succ_replicaidx
[libprotobuf ERROR google/protobuf/message_lite.cc:121] Can't parse message of type "replication.iocl_craq.proto.SuccessorRequestMessage" because it is missing required fields: s, succ_groupidx, succ_replicaidx
[libprotobuf ERROR google/protobuf/message_lite.cc:121] Can't parse message of type "replication.iocl_craq.proto.SuccessorRequestMessage" because it is missing required fields: s, succ_groupidx, succ_replicaidx
[libprotobuf ERROR google/protobuf/message_lite.cc:121] Can't parse message of type "replication.iocl_craq.proto.SuccessorRequestMessage" because it is missing required fields: s, succ_groupidx, succ_replicaidx
[libprotobuf ERROR google/protobuf/message_lite.cc:121] Can't parse message of type "replication.iocl_craq.proto.SuccessorRequestMessage" because it is missing required fields: s, succ_groupidx, succ_replicaidx
[libprotobuf ERROR google/protobuf/message_lite.cc:121] Can't parse message of type "replication.iocl_craq.proto.SuccessorRequestMessage" because it is missing required fields: s, succ_groupidx, succ_replicaidx
[libprotobuf ERROR google/protobuf/message_lite.cc:121] Can't parse message of type "replication.iocl_craq.proto.SuccessorRequestMessage" because it is missing required fields: s, succ_groupidx, succ_replicaidx
[libprotobuf ERROR google/protobuf/message_lite.cc:121] Can't parse message of type "replication.iocl_craq.proto.SuccessorRequestMessage" because it is missing required fields: s, succ_groupidx, succ_replicaidx
[libprotobuf ERROR google/protobuf/message_lite.cc:121] Can't parse message of type "replication.iocl_craq.proto.SuccessorRequestMessage" because it is missing required fields: s, succ_groupidx, succ_replicaidx
[libprotobuf ERROR google/protobuf/message_lite.cc:121] Can't parse message of type "replication.iocl_craq.proto.SuccessorRequestMessage" because it is missing required fields: s, succ_groupidx, succ_replicaidx
[libprotobuf ERROR google/protobuf/message_lite.cc:121] Can't parse message of type "replication.iocl_craq.proto.SuccessorRequestMessage" because it is missing required fields: s, succ_groupidx, succ_replicaidx
[libprotobuf ERROR google/protobuf/message_lite.cc:121] Can't parse message of type "replication.iocl_craq.proto.SuccessorRequestMessage" because it is missing required fields: s, succ_groupidx, succ_replicaidx
[libprotobuf ERROR google/protobuf/message_lite.cc:121] Can't parse message of type "replication.iocl_craq.proto.SuccessorRequestMessage" because it is missing required fields: s, succ_groupidx, succ_replicaidx
[libprotobuf ERROR google/protobuf/message_lite.cc:121] Can't parse message of type "replication.iocl_craq.proto.SuccessorRequestMessage" because it is missing required fields: s, succ_groupidx, succ_replicaidx
[libprotobuf ERROR google/protobuf/message_lite.cc:121] Can't parse message of type "replication.iocl_craq.proto.SuccessorRequestMessage" because it is missing required fields: s, succ_groupidx, succ_replicaidx
[libprotobuf ERROR google/protobuf/message_lite.cc:121] Can't parse message of type "replication.iocl_craq.proto.SuccessorRequestMessage" because it is missing required fields: s, succ_groupidx, succ_replicaidx
[libprotobuf ERROR google/protobuf/message_lite.cc:121] Can't parse message of type "replication.iocl_craq.proto.SuccessorRequestMessage" because it is missing required fields: s, succ_groupidx, succ_replicaidx
[libprotobuf ERROR google/protobuf/message_lite.cc:121] Can't parse message of type "replication.iocl_craq.proto.SuccessorRequestMessage" because it is missing required fields: s, succ_groupidx, succ_replicaidx
[libprotobuf ERROR google/protobuf/message_lite.cc:121] Can't parse message of type "replication.iocl_craq.proto.SuccessorRequestMessage" because it is missing required fields: s, succ_groupidx, succ_replicaidx
[libprotobuf ERROR google/protobuf/message_lite.cc:121] Can't parse message of type "replication.iocl_craq.proto.SuccessorRequestMessage" because it is missing required fields: s, succ_groupidx, succ_replicaidx
[libprotobuf ERROR google/protobuf/message_lite.cc:121] Can't parse message of type "replication.iocl_craq.proto.SuccessorRequestMessage" because it is missing required fields: s, succ_groupidx, succ_replicaidx
[libprotobuf ERROR google/protobuf/message_lite.cc:121] Can't parse message of type "replication.iocl_craq.proto.SuccessorRequestMessage" because it is missing required fields: s, succ_groupidx, succ_replicaidx
[libprotobuf ERROR google/protobuf/message_lite.cc:121] Can't parse message of type "replication.iocl_craq.proto.SuccessorRequestMessage" because it is missing required fields: s, succ_groupidx, succ_replicaidx
[libprotobuf ERROR google/protobuf/message_lite.cc:121] Can't parse message of type "replication.iocl_craq.proto.SuccessorRequestMessage" because it is missing required fields: s, succ_groupidx, succ_replicaidx
[libprotobuf ERROR google/protobuf/message_lite.cc:121] Can't parse message of type "replication.iocl_craq.proto.SuccessorRequestMessage" because it is missing required fields: s, succ_groupidx, succ_replicaidx
[libprotobuf ERROR google/protobuf/message_lite.cc:121] Can't parse message of type "replication.iocl_craq.proto.SuccessorRequestMessage" because it is missing required fields: s, succ_groupidx, succ_replicaidx
[libprotobuf ERROR google/protobuf/message_lite.cc:121] Can't parse message of type "replication.iocl_craq.proto.SuccessorRequestMessage" because it is missing required fields: s, succ_groupidx, succ_replicaidx
[libprotobuf ERROR google/protobuf/message_lite.cc:121] Can't parse message of type "replication.iocl_craq.proto.SuccessorRequestMessage" because it is missing required fields: s, succ_groupidx, succ_replicaidx
[libprotobuf ERROR google/protobuf/message_lite.cc:121] Can't parse message of type "replication.iocl_craq.proto.SuccessorRequestMessage" because it is missing required fields: s, succ_groupidx, succ_replicaidx
[libprotobuf ERROR google/protobuf/message_lite.cc:121] Can't parse message of type "replication.iocl_craq.proto.SuccessorRequestMessage" because it is missing required fields: s, succ_groupidx, succ_replicaidx
[libprotobuf ERROR google/protobuf/message_lite.cc:121] Can't parse message of type "replication.iocl_craq.proto.SuccessorRequestMessage" because it is missing required fields: s, succ_groupidx, succ_replicaidx
[libprotobuf ERROR google/protobuf/message_lite.cc:121] Can't parse message of type "replication.iocl_craq.proto.SuccessorRequestMessage" because it is missing required fields: s, succ_groupidx, succ_replicaidx
[libprotobuf ERROR google/protobuf/message_lite.cc:121] Can't parse message of type "replication.iocl_craq.proto.SuccessorRequestMessage" because it is missing required fields: s, succ_groupidx, succ_replicaidx
[libprotobuf ERROR google/protobuf/message_lite.cc:121] Can't parse message of type "replication.iocl_craq.proto.SuccessorRequestMessage" because it is missing required fields: s, succ_groupidx, succ_replicaidx
[libprotobuf ERROR google/protobuf/message_lite.cc:121] Can't parse message of type "replication.iocl_craq.proto.SuccessorRequestMessage" because it is missing required fields: s, succ_groupidx, succ_replicaidx
[libprotobuf ERROR google/protobuf/message_lite.cc:121] Can't parse message of type "replication.iocl_craq.proto.SuccessorRequestMessage" because it is missing required fields: s, succ_groupidx, succ_replicaidx
[libprotobuf ERROR google/protobuf/message_lite.cc:121] Can't parse message of type "replication.iocl_craq.proto.SuccessorRequestMessage" because it is missing required fields: s, succ_groupidx, succ_replicaidx
[libprotobuf ERROR google/protobuf/message_lite.cc:121] Can't parse message of type "replication.iocl_craq.proto.SuccessorRequestMessage" because it is missing required fields: s, succ_groupidx, succ_replicaidx
[libprotobuf ERROR google/protobuf/message_lite.cc:121] Can't parse message of type "replication.iocl_craq.proto.SuccessorRequestMessage" because it is missing required fields: s, succ_groupidx, succ_replicaidx
[libprotobuf ERROR google/protobuf/message_lite.cc:121] Can't parse message of type "replication.iocl_craq.proto.SuccessorRequestMessage" because it is missing required fields: s, succ_groupidx, succ_replicaidx
[libprotobuf ERROR google/protobuf/message_lite.cc:121] Can't parse message of type "replication.iocl_craq.proto.SuccessorRequestMessage" because it is missing required fields: s, succ_groupidx, succ_replicaidx
[libprotobuf ERROR google/protobuf/message_lite.cc:121] Can't parse message of type "replication.iocl_craq.proto.SuccessorRequestMessage" because it is missing required fields: s, succ_groupidx, succ_replicaidx
[libprotobuf ERROR google/protobuf/message_lite.cc:121] Can't parse message of type "replication.iocl_craq.proto.SuccessorRequestMessage" because it is missing required fields: s, succ_groupidx, succ_replicaidx
[libprotobuf ERROR google/protobuf/message_lite.cc:121] Can't parse message of type "replication.iocl_craq.proto.SuccessorRequestMessage" because it is missing required fields: s, succ_groupidx, succ_replicaidx
[libprotobuf ERROR google/protobuf/message_lite.cc:121] Can't parse message of type "replication.iocl_craq.proto.SuccessorRequestMessage" because it is missing required fields: s, succ_groupidx, succ_replicaidx
[libprotobuf ERROR google/protobuf/message_lite.cc:121] Can't parse message of type "replication.iocl_craq.proto.SuccessorRequestMessage" because it is missing required fields: s, succ_groupidx, succ_replicaidx
[libprotobuf ERROR google/protobuf/message_lite.cc:121] Can't parse message of type "replication.iocl_craq.proto.SuccessorRequestMessage" because it is missing required fields: s, succ_groupidx, succ_replicaidx
[libprotobuf ERROR google/protobuf/message_lite.cc:121] Can't parse message of type "replication.iocl_craq.proto.SuccessorRequestMessage" because it is missing required fields: s, succ_groupidx, succ_replicaidx
[libprotobuf ERROR google/protobuf/message_lite.cc:121] Can't parse message of type "replication.iocl_craq.proto.SuccessorRequestMessage" because it is missing required fields: s, succ_groupidx, succ_replicaidx
[libprotobuf ERROR google/protobuf/message_lite.cc:121] Can't parse message of type "replication.iocl_craq.proto.SuccessorRequestMessage" because it is missing required fields: s, succ_groupidx, succ_replicaidx
[libprotobuf ERROR google/protobuf/message_lite.cc:121] Can't parse message of type "replication.iocl_craq.proto.SuccessorRequestMessage" because it is missing required fields: s, succ_groupidx, succ_replicaidx
[libprotobuf ERROR google/protobuf/message_lite.cc:121] Can't parse message of type "replication.iocl_craq.proto.SuccessorRequestMessage" because it is missing required fields: s, succ_groupidx, succ_replicaidx
[libprotobuf ERROR google/protobuf/message_lite.cc:121] Can't parse message of type "replication.iocl_craq.proto.SuccessorRequestMessage" because it is missing required fields: s, succ_groupidx, succ_replicaidx
[libprotobuf ERROR google/protobuf/message_lite.cc:121] Can't parse message of type "replication.iocl_craq.proto.SuccessorRequestMessage" because it is missing required fields: s, succ_groupidx, succ_replicaidx
[libprotobuf ERROR google/protobuf/message_lite.cc:121] Can't parse message of type "replication.iocl_craq.proto.SuccessorRequestMessage" because it is missing required fields: s, succ_groupidx, succ_replicaidx
[libprotobuf ERROR google/protobuf/message_lite.cc:121] Can't parse message of type "replication.iocl_craq.proto.SuccessorRequestMessage" because it is missing required fields: s, succ_groupidx, succ_replicaidx
[libprotobuf ERROR google/protobuf/message_lite.cc:121] Can't parse message of type "replication.iocl_craq.proto.SuccessorRequestMessage" because it is missing required fields: s, succ_groupidx, succ_replicaidx
20260313-055013-3416 09886 * HandlePrepare   (replica.cc:964):   [2] Tail batch: size=1 pending_ooo=0 avg_batch_size=1.00 total_ops=1
20260313-055014-3288 09886 * HandlePrepare   (replica.cc:964):   [2] Tail batch: size=1 pending_ooo=0 avg_batch_size=1.00 total_ops=2
20260313-055014-7114 09886 * HandlePrepare   (replica.cc:964):   [2] Tail batch: size=1 pending_ooo=0 avg_batch_size=1.00 total_ops=3
20260313-055014-7165 09886 * HandlePrepare   (replica.cc:964):   [2] Tail batch: size=1 pending_ooo=0 avg_batch_size=1.00 total_ops=4
20260313-055014-7321 09886 * HandlePrepare   (replica.cc:964):   [2] Tail batch: size=1 pending_ooo=0 avg_batch_size=1.00 total_ops=5
20260313-055015-3177 09886 * HandlePrepare   (replica.cc:964):   [2] Tail batch: size=1 pending_ooo=0 avg_batch_size=1.00 total_ops=6
20260313-055015-3568 09886 * HandlePrepare   (replica.cc:964):   [2] Tail batch: size=1 pending_ooo=0 avg_batch_size=1.00 total_ops=7
20260313-055016-1240 09886 * HandlePrepare   (replica.cc:964):   [2] Tail batch: size=1 pending_ooo=0 avg_batch_size=1.00 total_ops=8
20260313-055016-9600 09886 * HandlePrepare   (replica.cc:964):   [2] Tail batch: size=1 pending_ooo=0 avg_batch_size=1.00 total_ops=9
20260313-055017-0947 09886 * HandlePrepare   (replica.cc:964):   [2] Tail batch: size=1 pending_ooo=0 avg_batch_size=1.00 total_ops=10
20260313-055017-1144 09886 * HandlePrepare   (replica.cc:964):   [2] Tail batch: size=1 pending_ooo=0 avg_batch_size=1.00 total_ops=11
20260313-055017-9012 09886 * HandlePrepare   (replica.cc:964):   [2] Tail batch: size=1 pending_ooo=0 avg_batch_size=1.00 total_ops=12
20260313-055018-1409 09886 * HandlePrepare   (replica.cc:964):   [2] Tail batch: size=1 pending_ooo=0 avg_batch_size=1.00 total_ops=13
20260313-055019-7836 09886 * HandlePrepare   (replica.cc:964):   [2] Tail batch: size=1 pending_ooo=0 avg_batch_size=1.00 total_ops=14
20260313-055020-3228 09886 * HandlePrepare   (replica.cc:964):   [2] Tail batch: size=1 pending_ooo=0 avg_batch_size=1.00 total_ops=15
20260313-055021-7745 09886 * HandlePrepare   (replica.cc:964):   [2] Tail batch: size=1 pending_ooo=0 avg_batch_size=1.00 total_ops=16
20260313-055021-8152 09886 * HandlePrepare   (replica.cc:964):   [2] Tail batch: size=1 pending_ooo=0 avg_batch_size=1.00 total_ops=17
20260313-055023-0265 09886 * HandlePrepare   (replica.cc:964):   [2] Tail batch: size=1 pending_ooo=0 avg_batch_size=1.00 total_ops=18
20260313-055023-4295 09886 * HandlePrepare   (replica.cc:964):   [2] Tail batch: size=1 pending_ooo=0 avg_batch_size=1.00 total_ops=19
20260313-055024-4200 09886 * HandlePrepare   (replica.cc:964):   [2] Tail batch: size=1 pending_ooo=0 avg_batch_size=1.00 total_ops=20
20260313-055025-0058 09886 * HandlePrepare   (replica.cc:964):   [2] Tail batch: size=1 pending_ooo=0 avg_batch_size=1.00 total_ops=21
20260313-055025-1983 09886 * HandlePrepare   (replica.cc:964):   [2] Tail batch: size=1 pending_ooo=0 avg_batch_size=1.00 total_ops=22
20260313-055025-6014 09886 * HandlePrepare   (replica.cc:964):   [2] Tail batch: size=1 pending_ooo=0 avg_batch_size=1.00 total_ops=23
20260313-055026-0349 09886 * HandlePrepare   (replica.cc:964):   [2] Tail batch: size=1 pending_ooo=0 avg_batch_size=1.00 total_ops=24
20260313-055026-7766 09886 * HandlePrepare   (replica.cc:964):   [2] Tail batch: size=1 pending_ooo=0 avg_batch_size=1.00 total_ops=25
20260313-055027-8282 09886 * HandlePrepare   (replica.cc:964):   [2] Tail batch: size=1 pending_ooo=0 avg_batch_size=1.00 total_ops=26
20260313-055028-2726 09886 * HandlePrepare   (replica.cc:964):   [2] Tail batch: size=1 pending_ooo=0 avg_batch_size=1.00 total_ops=27
20260313-055029-0370 09886 * HandlePrepare   (replica.cc:964):   [2] Tail batch: size=1 pending_ooo=0 avg_batch_size=1.00 total_ops=28
20260313-055029-2409 09886 * HandlePrepare   (replica.cc:964):   [2] Tail batch: size=1 pending_ooo=0 avg_batch_size=1.00 total_ops=29
20260313-055029-8677 09886 * HandlePrepare   (replica.cc:964):   [2] Tail batch: size=1 pending_ooo=0 avg_batch_size=1.00 total_ops=30
20260313-055030-8271 09886 * HandlePrepare   (replica.cc:964):   [2] Tail batch: size=1 pending_ooo=0 avg_batch_size=1.00 total_ops=31
20260313-055031-4819 09886 * HandlePrepare   (replica.cc:964):   [2] Tail batch: size=1 pending_ooo=0 avg_batch_size=1.00 total_ops=32
20260313-055031-8853 09886 * HandlePrepare   (replica.cc:964):   [2] Tail batch: size=1 pending_ooo=0 avg_batch_size=1.00 total_ops=33
20260313-055032-8428 09886 * HandlePrepare   (replica.cc:964):   [2] Tail batch: size=1 pending_ooo=0 avg_batch_size=1.00 total_ops=34
20260313-055033-2914 09886 * HandlePrepare   (replica.cc:964):   [2] Tail batch: size=1 pending_ooo=0 avg_batch_size=1.00 total_ops=35
20260313-055033-9198 09886 * HandlePrepare   (replica.cc:964):   [2] Tail batch: size=1 pending_ooo=0 avg_batch_size=1.00 total_ops=36
20260313-055034-2830 09886 * HandlePrepare   (replica.cc:964):   [2] Tail batch: size=1 pending_ooo=0 avg_batch_size=1.00 total_ops=37
20260313-055035-2476 09886 * HandlePrepare   (replica.cc:964):   [2] Tail batch: size=1 pending_ooo=0 avg_batch_size=1.00 total_ops=38
20260313-055035-6503 09886 * HandlePrepare   (replica.cc:964):   [2] Tail batch: size=1 pending_ooo=0 avg_batch_size=1.00 total_ops=39
20260313-055035-8962 09886 * HandlePrepare   (replica.cc:964):   [2] Tail batch: size=1 pending_ooo=0 avg_batch_size=1.00 total_ops=40
20260313-055036-0531 09886 * HandlePrepare   (replica.cc:964):   [2] Tail batch: size=1 pending_ooo=0 avg_batch_size=1.00 total_ops=41
20260313-055036-0957 09886 * HandlePrepare   (replica.cc:964):   [2] Tail batch: size=1 pending_ooo=0 avg_batch_size=1.00 total_ops=42
20260313-055036-1021 09886 * HandlePrepare   (replica.cc:964):   [2] Tail batch: size=1 pending_ooo=0 avg_batch_size=1.00 total_ops=43
20260313-055036-2990 09886 * HandlePrepare   (replica.cc:964):   [2] Tail batch: size=1 pending_ooo=0 avg_batch_size=1.00 total_ops=44
20260313-055036-4569 09886 * HandlePrepare   (replica.cc:964):   [2] Tail batch: size=1 pending_ooo=0 avg_batch_size=1.00 total_ops=45
20260313-055036-4990 09886 * HandlePrepare   (replica.cc:964):   [2] Tail batch: size=1 pending_ooo=0 avg_batch_size=1.00 total_ops=46
20260313-055037-1458 09886 * HandlePrepare   (replica.cc:964):   [2] Tail batch: size=1 pending_ooo=0 avg_batch_size=1.00 total_ops=47
20260313-055038-5238 09886 * HandlePrepare   (replica.cc:964):   [2] Tail batch: size=1 pending_ooo=0 avg_batch_size=1.00 total_ops=48
20260313-055039-2937 09886 * HandlePrepare   (replica.cc:964):   [2] Tail batch: size=1 pending_ooo=0 avg_batch_size=1.00 total_ops=49
20260313-055039-7490 09886 * HandlePrepare   (replica.cc:964):   [2] Tail batch: size=1 pending_ooo=0 avg_batch_size=1.00 total_ops=50
20260313-055039-9562 09886 * HandlePrepare   (replica.cc:964):   [2] Tail batch: size=1 pending_ooo=0 avg_batch_size=1.00 total_ops=51
20260313-055040-1019 09886 * HandlePrepare   (replica.cc:964):   [2] Tail batch: size=1 pending_ooo=0 avg_batch_size=1.00 total_ops=52
20260313-055040-1274 09886 * HandlePrepare   (replica.cc:964):   [2] Tail batch: size=1 pending_ooo=0 avg_batch_size=1.00 total_ops=53
20260313-055043-7314 09886 ! TCPIncomingEventCallback (tcptransport.cc:942): [TCP INCOMING 117] EOF, lifetime=31039.96 ms
20260313-055043-7316 09886 ! TCPIncomingEventCallback (tcptransport.cc:942): [TCP INCOMING 118] EOF, lifetime=31038.54 ms
20260313-055043-7559 09886 ! TCPIncomingEventCallback (tcptransport.cc:942): [TCP INCOMING 119] EOF, lifetime=31042.23 ms
20260313-055043-7561 09886 ! TCPIncomingEventCallback (tcptransport.cc:942): [TCP INCOMING 120] EOF, lifetime=31040.59 ms
20260313-055043-7687 09886 ! TCPIncomingEventCallback (tcptransport.cc:942): [TCP INCOMING 121] EOF, lifetime=31036.67 ms
20260313-055043-7689 09886 ! TCPIncomingEventCallback (tcptransport.cc:942): [TCP INCOMING 122] EOF, lifetime=31035.17 ms
20260313-055043-8877 09886 ! TCPIncomingEventCallback (tcptransport.cc:942): [TCP INCOMING 123] EOF, lifetime=31036.55 ms
20260313-055043-8878 09886 ! TCPIncomingEventCallback (tcptransport.cc:942): [TCP INCOMING 124] EOF, lifetime=31034.47 ms
20260313-055043-9020 09886 ! TCPIncomingEventCallback (tcptransport.cc:942): [TCP INCOMING 125] EOF, lifetime=31025.62 ms
20260313-055043-9022 09886 ! TCPIncomingEventCallback (tcptransport.cc:942): [TCP INCOMING 126] EOF, lifetime=31024.07 ms
20260313-055043-9282 09886 ! TCPIncomingEventCallback (tcptransport.cc:942): [TCP INCOMING 127] EOF, lifetime=31038.47 ms
20260313-055043-9284 09886 ! TCPIncomingEventCallback (tcptransport.cc:942): [TCP INCOMING 128] EOF, lifetime=31036.73 ms
20260313-055043-9395 09886 ! TCPIncomingEventCallback (tcptransport.cc:942): [TCP INCOMING 130] EOF, lifetime=31036.76 ms
20260313-055043-9397 09886 ! TCPIncomingEventCallback (tcptransport.cc:942): [TCP INCOMING 132] EOF, lifetime=31035.12 ms
20260313-055043-9526 09886 ! TCPIncomingEventCallback (tcptransport.cc:942): [TCP INCOMING 129] EOF, lifetime=31051.67 ms
20260313-055043-9528 09886 ! TCPIncomingEventCallback (tcptransport.cc:942): [TCP INCOMING 131] EOF, lifetime=31049.95 ms
20260313-055050-4203 09886 * Cleanup         (server.cc:589):    Gracefully exiting after signal 15.
20260313-055050-4204 09886 * Stop            (tcptransport.cc:605): [TCP SUMMARY] outgoingCreated=58 outgoingClosed=0 incomingCreated=74 incomingClosed=16 outgoingPeak=101 incomingPeak=37
Inserted events:
  0x55ff4221c0d0 [fd  9] Read Persist Internal
  0x55ff42223e30 [fd  10] Read Persist
  0x55ff4222f2e0 [fd  11] Read Persist
  0x55ff4e8763b0 [fd  12] Read Persist
  0x55ff4e8765d0 [fd  13] Read Persist
  0x55ff4e8767f0 [fd  14] Read Persist
  0x55ff4e876a10 [fd  15] Read Persist
  0x55ff4e876c30 [fd  16] Read Persist
  0x55ff4e876e50 [fd  17] Read Persist
  0x55ff4e877070 [fd  18] Read Persist
  0x55ff4e877290 [fd  19] Read Persist
  0x55ff4e8774b0 [fd  20] Read Persist
  0x55ff4e8679d0 [fd  21] Read Persist
  0x55ff4e8735f0 [fd  22] Read Persist
  0x55ff4e871a30 [fd  23] Read Persist
  0x55ff4e868e70 [fd  24] Read Persist
  0x55ff4e869230 [fd  25] Read Persist
  0x55ff4e8686f0 [fd  26] Read Persist
  0x55ff4e871ee0 [fd  27] Read Persist
  0x55ff4e872bd0 [fd  28] Read Persist
  0x55ff4e868150 [fd  29] Read Persist
  0x55ff4e86f150 [fd  30] Read Persist
  0x55ff4e86f700 [fd  31] Read Persist
  0x55ff4e86fc90 [fd  32] Read Persist
  0x55ff4e8702c0 [fd  33] Read Persist
  0x55ff4e870700 [fd  34] Read Persist
  0x55ff4e870b70 [fd  35] Read Persist
  0x55ff4e8776d0 [fd  36] Read Persist
  0x55ff4e877ba0 [fd  37] Read Persist
  0x55ff4e878130 [fd  38] Read Persist
  0x55ff4e8786c0 [fd  39] Read Persist
  0x55ff4e878c50 [fd  40] Read Persist
  0x55ff4e8791e0 [fd  41] Read Persist
  0x55ff4e879770 [fd  42] Read Persist
  0x55ff4e879d00 [fd  43] Read Persist
  0x55ff4e87a290 [fd  44] Read Persist
  0x55ff4e87a820 [fd  45] Read Persist
  0x55ff4e87adb0 [fd  46] Read Persist
  0x55ff4e87b340 [fd  47] Read Persist
  0x55ff4e87b8d0 [fd  48] Read Persist
  0x55ff4e87c0e0 [fd  49] Read Persist
  0x55ff4e87c500 [fd  50] Read Persist
  0x55ff4e87c720 [fd  51] Read Persist
  0x55ff4e87c9d0 [fd  52] Read Persist
  0x55ff4e87cd70 [fd  53] Read Persist
  0x55ff4e87d110 [fd  54] Read Persist
  0x55ff4e87d4b0 [fd  55] Read Persist
  0x55ff4e87d850 [fd  56] Read Persist
  0x55ff4e87dbf0 [fd  57] Read Persist
  0x55ff4e87df90 [fd  58] Read Persist
  0x55ff4e87e330 [fd  59] Read Persist
  0x55ff4e87e6d0 [fd  60] Read Persist
  0x55ff4e87ea70 [fd  61] Read Persist
  0x55ff4e87ee10 [fd  62] Read Persist
  0x55ff4e87f1b0 [fd  63] Read Persist
  0x55ff4e87f550 [fd  64] Read Persist
  0x55ff4222b980 [fd  65] Read Persist
  0x55ff4e87f8c0 [fd  66] Read Persist
  0x55ff4e87fae0 [fd  67] Read Persist
  0x55ff4e87fe20 [fd  68] Read Persist
  0x55ff4e880160 [fd  69] Read Persist
  0x55ff4e8804a0 [fd  70] Read Persist
  0x55ff4e891330 [fd  71] Read Persist
  0x55ff4e891550 [fd  72] Read Persist
  0x55ff4e891770 [fd  73] Read Persist
  0x55ff4e891ba0 [fd  74] Read Persist
  0x55ff4e891f80 [fd  75] Read Persist
  0x55ff4e892380 [fd  76] Read Persist
  0x55ff4e892770 [fd  77] Read Persist
  0x55ff4e892c00 [fd  78] Read Persist
  0x55ff4e881300 [fd  79] Read Persist
  0x55ff4e880bf0 [fd  80] Read Persist
  0x55ff4e881030 [fd  81] Read Persist
  0x55ff4e893400 [fd  82] Read Persist
  0x55ff4e893620 [fd  83] Read Persist
  0x55ff4e893840 [fd  84] Read Persist
  0x55ff4e893b80 [fd  85] Read Persist
  0x55ff4e893ec0 [fd  86] Read Persist
  0x55ff4e894200 [fd  87] Read Persist
  0x55ff4e894540 [fd  88] Read Persist
  0x55ff4e894880 [fd  89] Read Persist
  0x55ff4e894bc0 [fd  90] Read Persist
  0x55ff4e895a50 [fd  91] Read Persist
  0x55ff4e895e60 [fd  92] Read Persist
  0x55ff4e896270 [fd  93] Read Persist
  0x55ff4e896680 [fd  94] Read Persist
  0x55ff4e896b70 [fd  95] Read Persist
  0x55ff4e897100 [fd  96] Read Persist
  0x55ff4e897690 [fd  97] Read Persist
  0x55ff4e897c20 [fd  98] Read Persist
  0x55ff4e8981b0 [fd  99] Read Persist
  0x55ff4e898740 [fd  100] Read Persist
  0x55ff4e898cd0 [fd  101] Read Persist
  0x55ff4e899260 [fd  102] Read Persist
  0x55ff4e8997f0 [fd  103] Read Persist
  0x55ff4e899d80 [fd  104] Read Persist
  0x55ff4e89a310 [fd  105] Read Persist
  0x55ff4e89a8a0 [fd  106] Read Persist
  0x55ff4e89ae30 [fd  107] Read Persist
  0x55ff4e89b3c0 [fd  108] Read Persist
  0x55ff4e89b950 [fd  109] Read Persist
  0x55ff4e89bee0 [fd  110] Read Persist
  0x55ff4e89c470 [fd  111] Read Persist
  0x55ff4e89ca00 [fd  112] Read Persist
  0x55ff4e8758b0 [fd  113] Read Persist
  0x55ff4e8a1090 [fd  114] Read Persist
  0x55ff4e8a1520 [fd  115] Read Persist
  0x55ff4e89de60 [fd  116] Read Persist
  0x55ff4e89e2d0 [fd  117] Read Persist
  0x55ff4e8807e0 [fd  118] Read Persist
  0x55ff4e89f400 [fd  119] Read Persist
  0x55ff4e89f8a0 [fd  120] Read Persist
  0x55ff4e89fd40 [fd  121] Read Persist
  0x55ff4e8a01e0 [fd  122] Read Persist
  0x55ff4e8a0680 [fd  123] Read Persist
  0x55ff4e8a0b20 [fd  124] Read Persist
  0x55ff4e8a1a10 [fd  125] Read Persist
  0x55ff4e8a1e90 [fd  126] Read Persist
  0x55ff4e8a2330 [fd  127] Read Persist
Active events:
20260313-055050-4222 09886 * Cleanup         (server.cc:593):    Exporting stats to /mnt/extra/experiments/2026-04-13-05-49-41/out/server-0-1-2-stats-0.json.
