20260224-143343-5524 17185 * main            (server.cc:213):    Starting server.
20260224-143343-5528 17185 * main            (server.cc:331):    Creating a default paritioner!
20260224-143354-5300 17185 * main            (server.cc:490):    Done loading server.
20260224-143436-7156 17185 ! TCPIncomingEventCallback (tcptransport.cc:936): [TCP INCOMING 4] EOF, lifetime=31021.54 ms
20260224-143436-7172 17185 ! TCPIncomingEventCallback (tcptransport.cc:936): [TCP INCOMING 7] EOF, lifetime=31021.38 ms
20260224-143436-7174 17185 ! TCPIncomingEventCallback (tcptransport.cc:936): [TCP INCOMING 3] EOF, lifetime=31023.39 ms
20260224-143436-7175 17185 ! TCPIncomingEventCallback (tcptransport.cc:936): [TCP INCOMING 10] EOF, lifetime=31021.42 ms
20260224-143436-7194 17185 ! TCPIncomingEventCallback (tcptransport.cc:936): [TCP INCOMING 14] EOF, lifetime=31020.41 ms
20260224-143436-7195 17185 ! TCPIncomingEventCallback (tcptransport.cc:936): [TCP INCOMING 13] EOF, lifetime=31021.29 ms
20260224-143436-7197 17185 ! TCPIncomingEventCallback (tcptransport.cc:936): [TCP INCOMING 15] EOF, lifetime=31020.65 ms
20260224-143436-7204 17185 ! TCPIncomingEventCallback (tcptransport.cc:936): [TCP INCOMING 17] EOF, lifetime=31020.05 ms
20260224-143436-7208 17185 ! TCPIncomingEventCallback (tcptransport.cc:936): [TCP INCOMING 18] EOF, lifetime=31019.54 ms
20260224-143436-7210 17185 ! TCPIncomingEventCallback (tcptransport.cc:936): [TCP INCOMING 12] EOF, lifetime=31022.77 ms
20260224-143436-7217 17185 ! TCPIncomingEventCallback (tcptransport.cc:936): [TCP INCOMING 11] EOF, lifetime=31023.77 ms
20260224-143436-7235 17185 ! TCPIncomingEventCallback (tcptransport.cc:936): [TCP INCOMING 16] EOF, lifetime=31023.58 ms
20260224-143436-7238 17185 ! TCPIncomingEventCallback (tcptransport.cc:936): [TCP INCOMING 21] EOF, lifetime=31020.57 ms
20260224-143436-7242 17185 ! TCPIncomingEventCallback (tcptransport.cc:936): [TCP INCOMING 20] EOF, lifetime=31021.86 ms
20260224-143436-7246 17185 ! TCPIncomingEventCallback (tcptransport.cc:936): [TCP INCOMING 19] EOF, lifetime=31023.01 ms
20260224-143436-7255 17185 ! TCPIncomingEventCallback (tcptransport.cc:936): [TCP INCOMING 22] EOF, lifetime=31021.09 ms
20260224-143443-0051 17185 * Cleanup         (server.cc:548):    Gracefully exiting after signal 15.
20260224-143443-0052 17185 * Stop            (tcptransport.cc:581): [TCP SUMMARY] outgoingCreated=3 outgoingClosed=0 incomingCreated=19 incomingClosed=16 outgoingPeak=5 incomingPeak=16
Inserted events:
  0x559ed667aa70 [fd  9] Read Persist Internal
  0x559ed6679420 [fd  10] Read Persist
  0x559ed667ba20 [fd  11] Read Persist
  0x559f2c3f8b60 [fd  12] Read Persist
  0x559f2c3f93a0 [fd  13] Read Persist
  0x559f2c3fb0b0 [fd  16] Read Persist
  0x559f2c3fa510 [fd  17] Read Persist
  0x559f2c4274d0 [fd  19] Read Persist
  0x559f2c4276f0 [fd  20] Read Persist
  0x559f2c3fa0b0 [fd  -1] Timeout=1774380883.706813
Active events:
20260224-143443-0054 17185 * Cleanup         (server.cc:552):    Exporting stats to /mnt/extra/experiments/2026-03-24-14-33-41/out/server-0-0-0-stats-0.json.
