20260313-142147-3304 23784 * main            (server.cc:217):    Starting server.
20260313-142147-3317 23784 * main            (server.cc:335):    Creating a default paritioner!
20260313-142149-2668 23784 * main            (server.cc:513):    Done loading server.
20260313-142209-6979 23784 * HandlePrepare   (replica.cc:709):   [2] Tail batch: size=1 pending_ooo=0 avg_batch_size=1.00 total_ops=1
20260313-142209-7336 23784 * HandlePrepare   (replica.cc:709):   [2] Tail batch: size=1 pending_ooo=0 avg_batch_size=1.00 total_ops=2
20260313-142210-1043 23784 * HandlePrepare   (replica.cc:709):   [2] Tail batch: size=1 pending_ooo=0 avg_batch_size=1.00 total_ops=3
20260313-142210-1489 23784 * HandlePrepare   (replica.cc:709):   [2] Tail batch: size=1 pending_ooo=0 avg_batch_size=1.00 total_ops=4
20260313-142210-5400 23784 * HandlePrepare   (replica.cc:709):   [2] Tail batch: size=1 pending_ooo=0 avg_batch_size=1.00 total_ops=5
20260313-142210-9564 23784 * HandlePrepare   (replica.cc:709):   [2] Tail batch: size=1 pending_ooo=0 avg_batch_size=1.00 total_ops=6
20260313-142211-3561 23784 * HandlePrepare   (replica.cc:709):   [2] Tail batch: size=1 pending_ooo=0 avg_batch_size=1.00 total_ops=7
20260313-142211-7244 23784 * HandlePrepare   (replica.cc:709):   [2] Tail batch: size=1 pending_ooo=0 avg_batch_size=1.00 total_ops=8
20260313-142211-7412 23784 * HandlePrepare   (replica.cc:709):   [2] Tail batch: size=1 pending_ooo=0 avg_batch_size=1.00 total_ops=9
20260313-142212-9627 23784 * HandlePrepare   (replica.cc:709):   [2] Tail batch: size=1 pending_ooo=0 avg_batch_size=1.00 total_ops=10
20260313-142213-7445 23784 * HandlePrepare   (replica.cc:709):   [2] Tail batch: size=1 pending_ooo=0 avg_batch_size=1.00 total_ops=11
20260313-142213-7574 23784 * HandlePrepare   (replica.cc:709):   [2] Tail batch: size=1 pending_ooo=0 avg_batch_size=1.00 total_ops=12
20260313-142215-3920 23784 * HandlePrepare   (replica.cc:709):   [2] Tail batch: size=1 pending_ooo=0 avg_batch_size=1.00 total_ops=13
20260313-142216-1933 23784 * HandlePrepare   (replica.cc:709):   [2] Tail batch: size=1 pending_ooo=0 avg_batch_size=1.00 total_ops=14
20260313-142217-3748 23784 * HandlePrepare   (replica.cc:709):   [2] Tail batch: size=1 pending_ooo=0 avg_batch_size=1.00 total_ops=15
20260313-142217-8060 23784 * HandlePrepare   (replica.cc:709):   [2] Tail batch: size=1 pending_ooo=0 avg_batch_size=1.00 total_ops=16
20260313-142218-5751 23784 * HandlePrepare   (replica.cc:709):   [2] Tail batch: size=1 pending_ooo=0 avg_batch_size=1.00 total_ops=17
20260313-142219-0138 23784 * HandlePrepare   (replica.cc:709):   [2] Tail batch: size=1 pending_ooo=0 avg_batch_size=1.00 total_ops=18
20260313-142220-6022 23784 * HandlePrepare   (replica.cc:709):   [2] Tail batch: size=1 pending_ooo=0 avg_batch_size=1.00 total_ops=19
20260313-142221-0361 23784 * HandlePrepare   (replica.cc:709):   [2] Tail batch: size=1 pending_ooo=0 avg_batch_size=1.00 total_ops=20
20260313-142221-4406 23784 * HandlePrepare   (replica.cc:709):   [2] Tail batch: size=1 pending_ooo=0 avg_batch_size=1.00 total_ops=21
20260313-142222-2136 23784 * HandlePrepare   (replica.cc:709):   [2] Tail batch: size=1 pending_ooo=0 avg_batch_size=1.00 total_ops=22
20260313-142223-0213 23784 * HandlePrepare   (replica.cc:709):   [2] Tail batch: size=1 pending_ooo=0 avg_batch_size=1.00 total_ops=23
20260313-142223-4563 23784 * HandlePrepare   (replica.cc:709):   [2] Tail batch: size=1 pending_ooo=0 avg_batch_size=1.00 total_ops=24
20260313-142224-2588 23784 * HandlePrepare   (replica.cc:709):   [2] Tail batch: size=1 pending_ooo=0 avg_batch_size=1.00 total_ops=25
20260313-142225-4430 23784 * HandlePrepare   (replica.cc:709):   [2] Tail batch: size=1 pending_ooo=0 avg_batch_size=1.00 total_ops=26
20260313-142226-2494 23784 * HandlePrepare   (replica.cc:709):   [2] Tail batch: size=1 pending_ooo=0 avg_batch_size=1.00 total_ops=27
20260313-142226-2799 23784 * HandlePrepare   (replica.cc:709):   [2] Tail batch: size=1 pending_ooo=0 avg_batch_size=1.00 total_ops=28
20260313-142227-0566 23784 * HandlePrepare   (replica.cc:709):   [2] Tail batch: size=1 pending_ooo=0 avg_batch_size=1.00 total_ops=29
20260313-142228-2578 23784 * HandlePrepare   (replica.cc:709):   [2] Tail batch: size=1 pending_ooo=0 avg_batch_size=1.00 total_ops=30
20260313-142228-6985 23784 * HandlePrepare   (replica.cc:709):   [2] Tail batch: size=1 pending_ooo=0 avg_batch_size=1.00 total_ops=31
20260313-142229-9116 23784 * HandlePrepare   (replica.cc:709):   [2] Tail batch: size=1 pending_ooo=0 avg_batch_size=1.00 total_ops=32
20260313-142230-7128 23784 * HandlePrepare   (replica.cc:709):   [2] Tail batch: size=1 pending_ooo=0 avg_batch_size=1.00 total_ops=33
20260313-142231-1019 23784 * HandlePrepare   (replica.cc:709):   [2] Tail batch: size=1 pending_ooo=0 avg_batch_size=1.00 total_ops=34
20260313-142231-4911 23784 * HandlePrepare   (replica.cc:709):   [2] Tail batch: size=1 pending_ooo=0 avg_batch_size=1.00 total_ops=35
20260313-142231-5270 23784 * HandlePrepare   (replica.cc:709):   [2] Tail batch: size=1 pending_ooo=0 avg_batch_size=1.00 total_ops=36
20260313-142232-3261 23784 * HandlePrepare   (replica.cc:709):   [2] Tail batch: size=1 pending_ooo=0 avg_batch_size=1.00 total_ops=37
20260313-142232-7292 23784 * HandlePrepare   (replica.cc:709):   [2] Tail batch: size=1 pending_ooo=0 avg_batch_size=1.00 total_ops=38
20260313-142234-3063 23784 * HandlePrepare   (replica.cc:709):   [2] Tail batch: size=1 pending_ooo=0 avg_batch_size=1.00 total_ops=39
20260313-142234-3251 23784 * HandlePrepare   (replica.cc:709):   [2] Tail batch: size=1 pending_ooo=0 avg_batch_size=1.00 total_ops=40
20260313-142234-7432 23784 * HandlePrepare   (replica.cc:709):   [2] Tail batch: size=1 pending_ooo=0 avg_batch_size=1.00 total_ops=41
20260313-142235-5493 23784 * HandlePrepare   (replica.cc:709):   [2] Tail batch: size=1 pending_ooo=0 avg_batch_size=1.00 total_ops=42
20260313-142236-7593 23784 * HandlePrepare   (replica.cc:709):   [2] Tail batch: size=1 pending_ooo=0 avg_batch_size=1.00 total_ops=43
20260313-142240-5273 23784 ! TCPIncomingEventCallback (tcptransport.cc:938): [TCP INCOMING 117] EOF, lifetime=31038.02 ms
20260313-142240-5350 23784 ! TCPIncomingEventCallback (tcptransport.cc:938): [TCP INCOMING 119] EOF, lifetime=31033.13 ms
20260313-142240-5352 23784 ! TCPIncomingEventCallback (tcptransport.cc:938): [TCP INCOMING 118] EOF, lifetime=31044.59 ms
20260313-142240-5486 23784 ! TCPIncomingEventCallback (tcptransport.cc:938): [TCP INCOMING 120] EOF, lifetime=31044.37 ms
20260313-142240-5583 23784 ! TCPIncomingEventCallback (tcptransport.cc:938): [TCP INCOMING 122] EOF, lifetime=31032.89 ms
20260313-142240-5668 23784 ! TCPIncomingEventCallback (tcptransport.cc:938): [TCP INCOMING 123] EOF, lifetime=31033.91 ms
20260313-142240-5670 23784 ! TCPIncomingEventCallback (tcptransport.cc:938): [TCP INCOMING 121] EOF, lifetime=31050.54 ms
20260313-142240-5701 23784 ! TCPIncomingEventCallback (tcptransport.cc:938): [TCP INCOMING 124] EOF, lifetime=31022.61 ms
20260313-142247-1173 23784 * Cleanup         (server.cc:589):    Gracefully exiting after signal 15.
20260313-142247-1173 23784 * Stop            (tcptransport.cc:601): [TCP SUMMARY] outgoingCreated=58 outgoingClosed=0 incomingCreated=66 incomingClosed=8 outgoingPeak=103 incomingPeak=37
Inserted events:
  0x559475e10d00 [fd  9] Read Persist Internal
  0x559475e18a60 [fd  10] Read Persist
  0x559475e23e70 [fd  11] Read Persist
  0x5594824cdac0 [fd  12] Read Persist
  0x5594824cdce0 [fd  13] Read Persist
  0x5594824cdf00 [fd  14] Read Persist
  0x5594824ce120 [fd  15] Read Persist
  0x5594824ce340 [fd  16] Read Persist
  0x5594824ce560 [fd  17] Read Persist
  0x5594824ce780 [fd  18] Read Persist
  0x5594824ce9a0 [fd  19] Read Persist
  0x5594824cebc0 [fd  20] Read Persist
  0x5594824cede0 [fd  21] Read Persist
  0x5594824cf000 [fd  22] Read Persist
  0x5594824cf340 [fd  23] Read Persist
  0x5594824cf680 [fd  24] Read Persist
  0x5594824cf9c0 [fd  25] Read Persist
  0x5594824cfd00 [fd  26] Read Persist
  0x5594824d0040 [fd  27] Read Persist
  0x5594824cad00 [fd  28] Read Persist
  0x5594824c9140 [fd  29] Read Persist
  0x5594824bfdf0 [fd  30] Read Persist
  0x5594824c0720 [fd  31] Read Persist
  0x5594824c0ae0 [fd  32] Read Persist
  0x5594824c9840 [fd  33] Read Persist
  0x5594824ca2e0 [fd  34] Read Persist
  0x5594824c6860 [fd  35] Read Persist
  0x5594824c6c60 [fd  36] Read Persist
  0x5594824c7230 [fd  37] Read Persist
  0x5594824c7760 [fd  38] Read Persist
  0x5594824c7c90 [fd  39] Read Persist
  0x5594824c81c0 [fd  40] Read Persist
  0x5594824d0490 [fd  41] Read Persist
  0x5594824d08a0 [fd  42] Read Persist
  0x5594824d0cb0 [fd  43] Read Persist
  0x5594824d1180 [fd  44] Read Persist
  0x5594824d1710 [fd  45] Read Persist
  0x5594824d1ca0 [fd  46] Read Persist
  0x5594824d2230 [fd  47] Read Persist
  0x5594824d27c0 [fd  48] Read Persist
  0x5594824d2fd0 [fd  49] Read Persist
  0x5594824d3560 [fd  50] Read Persist
  0x5594824d3af0 [fd  51] Read Persist
  0x5594824d4080 [fd  52] Read Persist
  0x5594824d4610 [fd  53] Read Persist
  0x5594824d4ba0 [fd  54] Read Persist
  0x5594824d5130 [fd  55] Read Persist
  0x5594824d56c0 [fd  56] Read Persist
  0x5594824d5ae0 [fd  57] Read Persist
  0x5594824d5d00 [fd  58] Read Persist
  0x5594824d5fb0 [fd  59] Read Persist
  0x5594824d6350 [fd  60] Read Persist
  0x5594824d66f0 [fd  61] Read Persist
  0x5594824d6a90 [fd  62] Read Persist
  0x5594824d6e30 [fd  63] Read Persist
  0x5594824d71d0 [fd  64] Read Persist
  0x559475e205b0 [fd  65] Read Persist
  0x559475e1eb50 [fd  66] Read Persist
  0x559475e1f990 [fd  67] Read Persist
  0x559475e1fe00 [fd  68] Read Persist
  0x5594824d75a0 [fd  69] Read Persist
  0x5594824d78e0 [fd  70] Read Persist
  0x5594824d7c20 [fd  71] Read Persist
  0x5594824d80a0 [fd  72] Read Persist
  0x5594824d8540 [fd  73] Read Persist
  0x5594824d89e0 [fd  74] Read Persist
  0x5594824d8e80 [fd  75] Read Persist
  0x5594824d9320 [fd  76] Read Persist
  0x5594824d97c0 [fd  77] Read Persist
  0x5594824d9c60 [fd  78] Read Persist
  0x5594824da100 [fd  79] Read Persist
  0x5594824da5a0 [fd  80] Read Persist
  0x5594824daa40 [fd  81] Read Persist
  0x5594824daee0 [fd  82] Read Persist
  0x5594824db380 [fd  83] Read Persist
  0x5594824db820 [fd  84] Read Persist
  0x5594824dbcc0 [fd  85] Read Persist
  0x5594824dc210 [fd  86] Read Persist
  0x5594824dc6d0 [fd  87] Read Persist
  0x5594824dcb90 [fd  88] Read Persist
  0x5594824dd050 [fd  89] Read Persist
  0x5594824dd510 [fd  90] Read Persist
  0x5594824de450 [fd  91] Read Persist
  0x5594824de910 [fd  92] Read Persist
  0x5594824deea0 [fd  93] Read Persist
  0x5594824df430 [fd  94] Read Persist
  0x5594824df9c0 [fd  95] Read Persist
  0x5594824dff50 [fd  96] Read Persist
  0x5594824e04e0 [fd  97] Read Persist
  0x5594824e0a70 [fd  98] Read Persist
  0x5594824e1000 [fd  99] Read Persist
  0x5594824e1590 [fd  100] Read Persist
  0x5594824e1b20 [fd  101] Read Persist
  0x5594824e20b0 [fd  102] Read Persist
  0x5594824e2640 [fd  103] Read Persist
  0x5594824e2bd0 [fd  104] Read Persist
  0x5594824e3160 [fd  105] Read Persist
  0x5594824e36f0 [fd  106] Read Persist
  0x5594824e3c80 [fd  107] Read Persist
  0x5594824e4210 [fd  108] Read Persist
  0x5594824e47a0 [fd  109] Read Persist
  0x5594824e4d30 [fd  110] Read Persist
  0x5594824e52c0 [fd  111] Read Persist
  0x5594824e5850 [fd  112] Read Persist
  0x5594824e5de0 [fd  113] Read Persist
  0x5594824e6370 [fd  114] Read Persist
  0x5594824e6790 [fd  115] Read Persist
  0x5594824e69b0 [fd  116] Read Persist
  0x5594824e6c60 [fd  117] Read Persist
  0x5594824e7000 [fd  118] Read Persist
  0x5594824e73a0 [fd  119] Read Persist
  0x5594824e7740 [fd  120] Read Persist
  0x5594824e7ae0 [fd  121] Read Persist
  0x5594824e7e80 [fd  122] Read Persist
  0x5594824e8220 [fd  123] Read Persist
  0x5594824e85c0 [fd  124] Read Persist
  0x5594824e8960 [fd  125] Read Persist
  0x5594824e8d00 [fd  126] Read Persist
  0x5594824e90a0 [fd  127] Read Persist
Active events:
20260313-142247-1192 23784 * Cleanup         (server.cc:593):    Exporting stats to /mnt/extra/experiments/2026-04-13-14-21-39/out/server-0-8-2-stats-0.json.
