20260110-075249-7819 07878 * main            (server.cc:210):    Starting server.
20260110-075252-0572 07878 * main            (server.cc:480):    Done loading server.
20260110-075806-5887 07878 ! TCPIncomingEventCallback (tcptransport.cc:952): [TCP INCOMING 16] EOF, lifetime=283452.79 ms
20260110-075806-6180 07878 ! TCPIncomingEventCallback (tcptransport.cc:952): [TCP INCOMING 21] EOF, lifetime=283365.89 ms
20260110-075806-8002 07878 ! TCPIncomingEventCallback (tcptransport.cc:952): [TCP INCOMING 75] EOF, lifetime=279847.89 ms
20260110-075806-8179 07878 ! TCPIncomingEventCallback (tcptransport.cc:952): [TCP INCOMING 42] EOF, lifetime=282975.59 ms
20260110-075806-8240 07878 ! TCPIncomingEventCallback (tcptransport.cc:952): [TCP INCOMING 59] EOF, lifetime=282145.55 ms
20260110-075806-8421 07878 ! TCPIncomingEventCallback (tcptransport.cc:952): [TCP INCOMING 62] EOF, lifetime=281840.74 ms
20260110-075806-8435 07878 ! TCPIncomingEventCallback (tcptransport.cc:952): [TCP INCOMING 88] EOF, lifetime=274289.03 ms
20260110-075806-8654 07878 ! TCPIncomingEventCallback (tcptransport.cc:952): [TCP INCOMING 71] EOF, lifetime=280527.69 ms
20260110-075806-8698 07878 ! TCPIncomingEventCallback (tcptransport.cc:952): [TCP INCOMING 74] EOF, lifetime=280012.76 ms
20260110-075806-8700 07878 ! TCPIncomingEventCallback (tcptransport.cc:952): [TCP INCOMING 86] EOF, lifetime=275877.53 ms
20260110-075806-8735 07878 ! TCPIncomingEventCallback (tcptransport.cc:952): [TCP INCOMING 76] EOF, lifetime=279753.69 ms
20260110-075806-8746 07878 ! TCPIncomingEventCallback (tcptransport.cc:952): [TCP INCOMING 20] EOF, lifetime=283659.11 ms
20260110-075806-8941 07878 ! TCPIncomingEventCallback (tcptransport.cc:952): [TCP INCOMING 68] EOF, lifetime=280799.79 ms
20260110-075806-9594 07878 ! TCPIncomingEventCallback (tcptransport.cc:952): [TCP INCOMING 83] EOF, lifetime=278107.06 ms
20260110-075806-9952 07878 ! TCPIncomingEventCallback (tcptransport.cc:952): [TCP INCOMING 81] EOF, lifetime=278915.12 ms
20260110-075807-0132 07878 ! TCPIncomingEventCallback (tcptransport.cc:952): [TCP INCOMING 57] EOF, lifetime=282455.36 ms
20260110-075807-0322 07878 ! TCPIncomingEventCallback (tcptransport.cc:952): [TCP INCOMING 77] EOF, lifetime=279819.07 ms
20260110-075807-0597 07878 ! TCPIncomingEventCallback (tcptransport.cc:952): [TCP INCOMING 64] EOF, lifetime=281718.32 ms
20260110-075807-0627 07878 ! TCPIncomingEventCallback (tcptransport.cc:952): [TCP INCOMING 67] EOF, lifetime=281145.71 ms
20260110-075807-1108 07878 ! TCPIncomingEventCallback (tcptransport.cc:952): [TCP INCOMING 85] EOF, lifetime=277792.04 ms
20260110-075807-1132 07878 ! TCPIncomingEventCallback (tcptransport.cc:952): [TCP INCOMING 79] EOF, lifetime=279082.10 ms
20260110-075807-1777 07878 ! TCPIncomingEventCallback (tcptransport.cc:952): [TCP INCOMING 18] EOF, lifetime=283991.92 ms
20260110-075807-1877 07878 ! TCPIncomingEventCallback (tcptransport.cc:952): [TCP INCOMING 26] EOF, lifetime=283793.06 ms
20260110-075807-2042 07878 ! TCPIncomingEventCallback (tcptransport.cc:952): [TCP INCOMING 87] EOF, lifetime=276143.06 ms
20260110-075807-2112 07878 ! TCPIncomingEventCallback (tcptransport.cc:952): [TCP INCOMING 28] EOF, lifetime=283719.57 ms
20260110-075807-2449 07878 ! TCPIncomingEventCallback (tcptransport.cc:952): [TCP INCOMING 80] EOF, lifetime=279190.82 ms
20260110-075807-2491 07878 ! TCPIncomingEventCallback (tcptransport.cc:952): [TCP INCOMING 73] EOF, lifetime=280860.43 ms
20260110-075807-2556 07878 ! TCPIncomingEventCallback (tcptransport.cc:952): [TCP INCOMING 72] EOF, lifetime=280892.09 ms
20260110-075807-2603 07878 ! TCPIncomingEventCallback (tcptransport.cc:952): [TCP INCOMING 23] EOF, lifetime=283900.43 ms
20260110-075807-2659 07878 ! TCPIncomingEventCallback (tcptransport.cc:952): [TCP INCOMING 17] EOF, lifetime=284085.10 ms
20260110-075807-2925 07878 ! TCPIncomingEventCallback (tcptransport.cc:952): [TCP INCOMING 66] EOF, lifetime=281402.38 ms
20260110-075807-4629 07878 ! TCPIncomingEventCallback (tcptransport.cc:952): [TCP INCOMING 63] EOF, lifetime=282294.01 ms
20260110-075807-4743 07878 ! TCPIncomingEventCallback (tcptransport.cc:952): [TCP INCOMING 31] EOF, lifetime=283920.03 ms
20260110-075807-4869 07878 ! TCPIncomingEventCallback (tcptransport.cc:952): [TCP INCOMING 14] EOF, lifetime=284357.99 ms
20260110-075807-4885 07878 ! TCPIncomingEventCallback (tcptransport.cc:952): [TCP INCOMING 6] EOF, lifetime=285726.54 ms
20260110-075807-4922 07878 ! TCPIncomingEventCallback (tcptransport.cc:952): [TCP INCOMING 78] EOF, lifetime=279508.99 ms
20260110-075807-5245 07878 ! TCPIncomingEventCallback (tcptransport.cc:952): [TCP INCOMING 82] EOF, lifetime=279371.94 ms
20260110-075807-5247 07878 ! TCPIncomingEventCallback (tcptransport.cc:952): [TCP INCOMING 60] EOF, lifetime=282646.94 ms
20260110-075807-5487 07878 ! TCPIncomingEventCallback (tcptransport.cc:952): [TCP INCOMING 37] EOF, lifetime=283863.66 ms
20260110-075807-5524 07878 ! TCPIncomingEventCallback (tcptransport.cc:952): [TCP INCOMING 84] EOF, lifetime=278371.05 ms
20260110-075813-6839 07878 * Cleanup         (server.cc:538):    Gracefully exiting after signal 15.
20260110-075813-6840 07878 * Stop            (tcptransport.cc:606): [TCP SUMMARY] outgoingCreated=24 outgoingClosed=0 incomingCreated=64 incomingClosed=40 outgoingPeak=69 incomingPeak=40
Inserted events:
  0x558ada47a220 [fd  9] Read Persist Internal
  0x558ada4637b0 [fd  10] Read Persist
  0x558ada4658d0 [fd  11] Read Persist
  0x558ae8ae0090 [fd  12] Read Persist
  0x558ae8ae0a70 [fd  13] Read Persist
  0x558ae8ae1330 [fd  14] Read Persist
  0x558ae8ae1d60 [fd  15] Read Persist
  0x558ae8ae2410 [fd  16] Read Persist
  0x558ae8b14c90 [fd  18] Read Persist
  0x558ae8b14eb0 [fd  19] Read Persist
  0x558ae8af9d40 [fd  20] Read Persist
  0x558ae8b15660 [fd  21] Read Persist
  0x558ae8b15880 [fd  22] Read Persist
  0x558ae8b15eb0 [fd  23] Read Persist
  0x558ae8b160d0 [fd  24] Read Persist
  0x558ae8b16720 [fd  26] Read Persist
  0x558ae8b17f90 [fd  30] Read Persist
  0x558ae8b19e40 [fd  33] Read Persist
  0x558ae8b1aec0 [fd  35] Read Persist
  0x558ae8b1b310 [fd  36] Read Persist
  0x558ae8b1bed0 [fd  38] Read Persist
  0x558ae8b1e7d0 [fd  40] Read Persist
  0x558ae8b1eb50 [fd  41] Read Persist
  0x558ae8b1f6b0 [fd  43] Read Persist
  0x558ae8b20e10 [fd  44] Read Persist
  0x558ae8b21280 [fd  45] Read Persist
  0x558ae8b21950 [fd  46] Read Persist
  0x558ae8b220b0 [fd  47] Read Persist
  0x558ae8b24c30 [fd  49] Read Persist
  0x558ae8b24f70 [fd  50] Read Persist
  0x558ae8b25270 [fd  51] Read Persist
  0x558ae8b25860 [fd  52] Read Persist
  0x558ae8b27150 [fd  54] Read Persist
  0x558ae8b278f0 [fd  55] Read Persist
  0x558ae8b27d60 [fd  56] Read Persist
  0x558ae8b28420 [fd  57] Read Persist
  0x558ae8b28de0 [fd  58] Read Persist
  0x558ae8b29210 [fd  59] Read Persist
  0x558ae8b296d0 [fd  60] Read Persist
  0x558ae8b2a080 [fd  61] Read Persist
  0x558ae8b2ae40 [fd  62] Read Persist
  0x558ae8b2b250 [fd  63] Read Persist
  0x558ae8b2b780 [fd  64] Read Persist
  0x558ae8b2cb50 [fd  65] Read Persist
  0x558ae8b2d040 [fd  66] Read Persist
  0x558ae8b2d450 [fd  67] Read Persist
  0x558ae8b2df50 [fd  69] Read Persist
  0x558ae8b30930 [fd  72] Read Persist
  0x558ae8b352e0 [fd  76] Read Persist
  0x558ae8b38270 [fd  80] Read Persist
  0x558ae8b38b40 [fd  81] Read Persist
  0x558ae8ae04a0 [fd  -1] Timeout=1770735494.178200
Active events:
20260110-075813-6848 07878 * Cleanup         (server.cc:542):    Exporting stats to /mnt/extra/experiments/2026-02-10-07-52-46/out/server-0-5-0-stats-0.json.
