basic_appreq,502925422,271474173879638,112
basic_appreq,504154940,271474679728800,112
basic_appreq,503806695,271475184751072,112
basic_appreq,612626785,271475797498899,112
basic_appreq,503630623,271476302116516,112
basic_appreq,503603907,271476806054110,112
basic_appreq,503573849,271477311249658,112
basic_appreq,503949906,271477815949791,112
basic_appreq,403555862,271478221260586,112
basic_appreq,503784845,271478726494261,112
basic_appreq,503968781,271479231868357,112
basic_appreq,403815830,271479636209952,112
basic_appreq,403556448,271480041711472,112
basic_appreq,503525780,271480545516366,112
basic_appreq,503632910,271481049957996,112
basic_appreq,503412346,271481553789839,112
basic_appreq,503670625,271482057690170,112
basic_appreq,504232244,271482562775396,112
basic_appreq,403607234,271482968216563,112
basic_appreq,504060701,271483473804837,112
basic_appreq,503622034,271483977768413,112
basic_appreq,503983011,271484483648584,112
basic_appreq,503695495,271484988157003,112
basic_appreq,503872844,271485493011323,112
basic_appreq,403304376,271485896373744,112
basic_appreq,403599264,271486301021702,112
basic_appreq,503681252,271486804959096,112
basic_appreq,504111912,271487310353130,112
basic_appreq,503788332,271487814269491,112
basic_appreq,403587966,271488218618175,112
basic_appreq,504041807,271488723549218,112
basic_appreq,503695536,271489228631400,112
basic_appreq,503694830,271489733058266,112
basic_appreq,503692666,271490238535584,112
basic_appreq,503747653,271490742513314,112
basic_appreq,403581665,271491147282255,112
basic_appreq,503764595,271491651853153,112
basic_appreq,503698929,271492155983558,112
basic_appreq,503969762,271492660837484,112
basic_appreq,503998333,271493165403565,112
basic_appreq,503906518,271493670832530,112
basic_appreq,403455812,271494075216566,112
basic_appreq,403896009,271494479695448,112
basic_appreq,503877802,271494985572739,112
basic_appreq,504036390,271495489738810,112
basic_appreq,503692475,271495993586491,112
basic_appreq,403745331,271496398588967,112
basic_appreq,403395063,271496802853114,112
basic_appreq,503740761,271497306921379,112
#end,23,635984,112
