20260313-142534-0290 17130 * main            (benchmark.cc:405): Starting benchmark.
20260313-142534-8428 17130 * main            (benchmark.cc:624): Creating a default paritioner!
20260313-142534-8437 17130 * Client          (client.cc:76):     Initializing StrongStore client with id [6]
20260313-142534-8455 17130 * ShardClient     (shardclient.cc:62): success in sending register client: for client id 6 1
20260313-142534-8456 17130 * ShardClient     (shardclient.cc:62): success in sending register client: for client id 6 1
20260313-142534-8456 17130 * ShardClient     (shardclient.cc:62): success in sending register client: for client id 6 1
20260313-142534-8466 17130 * ShardClient     (shardclient.cc:62): success in sending register client: for client id 6 1
20260313-142534-8466 17130 * ShardClient     (shardclient.cc:62): success in sending register client: for client id 6 1
20260313-142534-8467 17130 * ShardClient     (shardclient.cc:62): success in sending register client: for client id 6 1
20260313-142534-8476 17130 * ShardClient     (shardclient.cc:62): success in sending register client: for client id 6 1
20260313-142534-8477 17130 * ShardClient     (shardclient.cc:62): success in sending register client: for client id 6 1
20260313-142534-8477 17130 * ShardClient     (shardclient.cc:62): success in sending register client: for client id 6 1
20260313-142534-8486 17130 * ShardClient     (shardclient.cc:62): success in sending register client: for client id 6 1
20260313-142534-8487 17130 * ShardClient     (shardclient.cc:62): success in sending register client: for client id 6 1
20260313-142534-8487 17130 * ShardClient     (shardclient.cc:62): success in sending register client: for client id 6 1
20260313-142534-8497 17130 * ShardClient     (shardclient.cc:62): success in sending register client: for client id 6 1
20260313-142534-8498 17130 * ShardClient     (shardclient.cc:62): success in sending register client: for client id 6 1
20260313-142534-8498 17130 * ShardClient     (shardclient.cc:62): success in sending register client: for client id 6 1
20260313-142534-8508 17130 * ShardClient     (shardclient.cc:62): success in sending register client: for client id 6 1
20260313-142534-8509 17130 * ShardClient     (shardclient.cc:62): success in sending register client: for client id 6 1
20260313-142534-8509 17130 * ShardClient     (shardclient.cc:62): success in sending register client: for client id 6 1
20260313-142534-8518 17130 * ShardClient     (shardclient.cc:62): success in sending register client: for client id 6 1
20260313-142534-8519 17130 * ShardClient     (shardclient.cc:62): success in sending register client: for client id 6 1
20260313-142534-8519 17130 * ShardClient     (shardclient.cc:62): success in sending register client: for client id 6 1
20260313-142534-8528 17130 * ShardClient     (shardclient.cc:62): success in sending register client: for client id 6 1
20260313-142534-8529 17130 * ShardClient     (shardclient.cc:62): success in sending register client: for client id 6 1
20260313-142534-8529 17130 * ShardClient     (shardclient.cc:62): success in sending register client: for client id 6 1
20260313-142534-8539 17130 * ShardClient     (shardclient.cc:62): success in sending register client: for client id 6 1
20260313-142534-8540 17130 * ShardClient     (shardclient.cc:62): success in sending register client: for client id 6 1
20260313-142534-8540 17130 * ShardClient     (shardclient.cc:62): success in sending register client: for client id 6 1
20260313-142534-8549 17130 * ShardClient     (shardclient.cc:62): success in sending register client: for client id 6 1
20260313-142534-8550 17130 * ShardClient     (shardclient.cc:62): success in sending register client: for client id 6 1
20260313-142534-8550 17130 * ShardClient     (shardclient.cc:62): success in sending register client: for client id 6 1
20260313-142534-8551 17130 * BenchmarkClient (bench_client.cc:90): starting benchclient, issueConcurrent: 1; fanout: 4
Session created: 0
last_service: , current_state: 0
Session continued: 0
last_service: , current_state: 0
Session destroyed: 18446744073709551615
last_service: , current_state: 0
20260313-142534-8942 17130 * ExecuteNextAppRequestOperation (bench_client.cc:414): Sending op with proto 5 and index 0
20260313-142534-8944 17130 * ExecuteNextAppRequestOperation (bench_client.cc:414): Sending op with proto 5 and index 0
20260313-142534-8944 17130 * SendOperation   (shardclient.cc:377): Client-side CoordRequest: p=133143986177 s=137438953473 to group=7 replica=2
20260313-142534-8946 17130 * ExecuteNextAppRequestOperation (bench_client.cc:414): Sending op with proto 5 and index 0
20260313-142534-8947 17130 * SendOperation   (shardclient.cc:377): Client-side CoordRequest: p=137438953473 s=124554051585 to group=8 replica=2
20260313-142534-8948 17130 * GetNextOperation (app_request.cc:76): AppRequest batch composition: fanout=4 reads=0 writes=4
20260313-142534-8948 17130 * ExecuteNextAppRequestOperation (bench_client.cc:414): Sending op with proto 5 and index 0
20260313-142534-8948 17130 * SendOperation   (shardclient.cc:377): Client-side CoordRequest: p=124554051585 s=137438953474 to group=5 replica=2
20260313-142535-4567 17130 * ReceiveOperationResponse (bench_client.cc:547): AppRequest reply timeline: pos=0 status=0 issue_to_reply_ms=562 batch_age_ms=562
20260313-142535-5573 17130 * ReceiveOperationResponse (bench_client.cc:547): AppRequest reply timeline: pos=1 status=0 issue_to_reply_ms=663 batch_age_ms=663
20260313-142535-6579 17130 * ReceiveOperationResponse (bench_client.cc:547): AppRequest reply timeline: pos=2 status=0 issue_to_reply_ms=763 batch_age_ms=763
20260313-142535-7583 17130 * ReceiveOperationResponse (bench_client.cc:547): AppRequest reply timeline: pos=3 status=0 issue_to_reply_ms=864 batch_age_ms=864
20260313-142535-7584 17130 * ReceiveOperationResponse (bench_client.cc:562): AppRequest batch done: fanout=4 total_reply_ms=864
20260313-142535-7607 17130 * ExecuteNextAppRequestOperation (bench_client.cc:414): Sending op with proto 5 and index 0
20260313-142535-7609 17130 * ExecuteNextAppRequestOperation (bench_client.cc:414): Sending op with proto 5 and index 0
20260313-142535-7610 17130 * SendOperation   (shardclient.cc:377): Client-side CoordRequest: p=133143986178 s=128849018881 to group=7 replica=2
20260313-142535-7612 17130 * ExecuteNextAppRequestOperation (bench_client.cc:414): Sending op with proto 5 and index 0
20260313-142535-7612 17130 * SendOperation   (shardclient.cc:377): Client-side CoordRequest: p=128849018881 s=107374182401 to group=6 replica=2
20260313-142535-7615 17130 * GetNextOperation (app_request.cc:76): AppRequest batch composition: fanout=4 reads=0 writes=4
20260313-142535-7616 17130 * ExecuteNextAppRequestOperation (bench_client.cc:414): Sending op with proto 5 and index 0
20260313-142535-7617 17130 * SendOperation   (shardclient.cc:377): Client-side CoordRequest: p=107374182401 s=111669149697 to group=1 replica=2
20260313-142536-1641 17130 * ReceiveOperationResponse (bench_client.cc:547): AppRequest reply timeline: pos=0 status=0 issue_to_reply_ms=403 batch_age_ms=403
20260313-142536-2645 17130 * ReceiveOperationResponse (bench_client.cc:547): AppRequest reply timeline: pos=1 status=0 issue_to_reply_ms=504 batch_age_ms=504
20260313-142536-3651 17130 * ReceiveOperationResponse (bench_client.cc:547): AppRequest reply timeline: pos=2 status=0 issue_to_reply_ms=603 batch_age_ms=604
20260313-142536-4655 17130 * ReceiveOperationResponse (bench_client.cc:547): AppRequest reply timeline: pos=3 status=0 issue_to_reply_ms=704 batch_age_ms=705
20260313-142536-4655 17130 * ReceiveOperationResponse (bench_client.cc:562): AppRequest batch done: fanout=4 total_reply_ms=705
20260313-142536-4670 17130 * ExecuteNextAppRequestOperation (bench_client.cc:414): Sending op with proto 5 and index 0
20260313-142536-4673 17130 * ExecuteNextAppRequestOperation (bench_client.cc:414): Sending op with proto 5 and index 0
20260313-142536-4673 17130 * SendOperation   (shardclient.cc:377): Client-side CoordRequest: p=133143986179 s=107374182402 to group=7 replica=2
20260313-142536-4675 17130 * ExecuteNextAppRequestOperation (bench_client.cc:414): Sending op with proto 5 and index 0
20260313-142536-4676 17130 * SendOperation   (shardclient.cc:377): Client-side CoordRequest: p=107374182402 s=103079215105 to group=1 replica=2
20260313-142536-4677 17130 * GetNextOperation (app_request.cc:76): AppRequest batch composition: fanout=4 reads=0 writes=4
20260313-142536-4678 17130 * ExecuteNextAppRequestOperation (bench_client.cc:414): Sending op with proto 5 and index 0
20260313-142536-4678 17130 * SendOperation   (shardclient.cc:377): Client-side CoordRequest: p=103079215105 s=128849018882 to group=0 replica=2
20260313-142536-8700 17130 * ReceiveOperationResponse (bench_client.cc:547): AppRequest reply timeline: pos=0 status=0 issue_to_reply_ms=403 batch_age_ms=403
20260313-142536-9704 17130 * ReceiveOperationResponse (bench_client.cc:547): AppRequest reply timeline: pos=1 status=0 issue_to_reply_ms=503 batch_age_ms=504
20260313-142537-0710 17130 * ReceiveOperationResponse (bench_client.cc:547): AppRequest reply timeline: pos=2 status=0 issue_to_reply_ms=603 batch_age_ms=604
20260313-142537-1714 17130 * ReceiveOperationResponse (bench_client.cc:547): AppRequest reply timeline: pos=3 status=0 issue_to_reply_ms=704 batch_age_ms=705
20260313-142537-1715 17130 * ReceiveOperationResponse (bench_client.cc:562): AppRequest batch done: fanout=4 total_reply_ms=705
20260313-142537-1728 17130 * ExecuteNextAppRequestOperation (bench_client.cc:414): Sending op with proto 5 and index 0
20260313-142537-1730 17130 * ExecuteNextAppRequestOperation (bench_client.cc:414): Sending op with proto 5 and index 0
20260313-142537-1731 17130 * SendOperation   (shardclient.cc:377): Client-side CoordRequest: p=128849018883 s=115964116993 to group=6 replica=2
20260313-142537-1733 17130 * ExecuteNextAppRequestOperation (bench_client.cc:414): Sending op with proto 5 and index 0
20260313-142537-1734 17130 * SendOperation   (shardclient.cc:377): Client-side CoordRequest: p=115964116993 s=103079215106 to group=3 replica=2
20260313-142537-1737 17130 * GetNextOperation (app_request.cc:76): AppRequest batch composition: fanout=4 reads=0 writes=4
20260313-142537-1738 17130 * ExecuteNextAppRequestOperation (bench_client.cc:414): Sending op with proto 5 and index 0
20260313-142537-1738 17130 * SendOperation   (shardclient.cc:377): Client-side CoordRequest: p=103079215106 s=133143986180 to group=0 replica=2
20260313-142537-5757 17130 * ReceiveOperationResponse (bench_client.cc:547): AppRequest reply timeline: pos=0 status=0 issue_to_reply_ms=403 batch_age_ms=403
20260313-142537-6764 17130 * ReceiveOperationResponse (bench_client.cc:547): AppRequest reply timeline: pos=1 status=0 issue_to_reply_ms=504 batch_age_ms=504
20260313-142537-7768 17130 * ReceiveOperationResponse (bench_client.cc:547): AppRequest reply timeline: pos=2 status=0 issue_to_reply_ms=603 batch_age_ms=604
20260313-142537-8773 17130 * ReceiveOperationResponse (bench_client.cc:547): AppRequest reply timeline: pos=3 status=0 issue_to_reply_ms=704 batch_age_ms=705
20260313-142537-8774 17130 * ReceiveOperationResponse (bench_client.cc:562): AppRequest batch done: fanout=4 total_reply_ms=705
20260313-142537-8783 17130 * ExecuteNextAppRequestOperation (bench_client.cc:414): Sending op with proto 5 and index 0
20260313-142537-8785 17130 * ExecuteNextAppRequestOperation (bench_client.cc:414): Sending op with proto 5 and index 0
20260313-142537-8786 17130 * SendOperation   (shardclient.cc:377): Client-side CoordRequest: p=124554051586 s=133143986181 to group=5 replica=2
20260313-142537-8788 17130 * ExecuteNextAppRequestOperation (bench_client.cc:414): Sending op with proto 5 and index 0
20260313-142537-8788 17130 * SendOperation   (shardclient.cc:377): Client-side CoordRequest: p=133143986181 s=128849018884 to group=7 replica=2
20260313-142537-8790 17130 * GetNextOperation (app_request.cc:76): AppRequest batch composition: fanout=4 reads=0 writes=4
20260313-142537-8790 17130 * ExecuteNextAppRequestOperation (bench_client.cc:414): Sending op with proto 5 and index 0
20260313-142537-8791 17130 * SendOperation   (shardclient.cc:377): Client-side CoordRequest: p=128849018884 s=120259084289 to group=6 replica=2
20260313-142538-2813 17130 * ReceiveOperationResponse (bench_client.cc:547): AppRequest reply timeline: pos=0 status=0 issue_to_reply_ms=403 batch_age_ms=403
20260313-142538-3818 17130 * ReceiveOperationResponse (bench_client.cc:547): AppRequest reply timeline: pos=1 status=0 issue_to_reply_ms=503 batch_age_ms=503
20260313-142538-4822 17130 * ReceiveOperationResponse (bench_client.cc:547): AppRequest reply timeline: pos=2 status=0 issue_to_reply_ms=604 batch_age_ms=604
20260313-142538-5827 17130 * ReceiveOperationResponse (bench_client.cc:547): AppRequest reply timeline: pos=3 status=0 issue_to_reply_ms=704 batch_age_ms=704
20260313-142538-5828 17130 * ReceiveOperationResponse (bench_client.cc:562): AppRequest batch done: fanout=4 total_reply_ms=704
20260313-142538-5844 17130 * ExecuteNextAppRequestOperation (bench_client.cc:414): Sending op with proto 5 and index 0
20260313-142538-5847 17130 * ExecuteNextAppRequestOperation (bench_client.cc:414): Sending op with proto 5 and index 0
20260313-142538-5847 17130 * SendOperation   (shardclient.cc:377): Client-side CoordRequest: p=137438953475 s=133143986182 to group=8 replica=2
20260313-142538-5849 17130 * ExecuteNextAppRequestOperation (bench_client.cc:414): Sending op with proto 5 and index 0
20260313-142538-5850 17130 * SendOperation   (shardclient.cc:377): Client-side CoordRequest: p=133143986182 s=111669149698 to group=7 replica=2
20260313-142538-5851 17130 * GetNextOperation (app_request.cc:76): AppRequest batch composition: fanout=4 reads=0 writes=4
20260313-142538-5852 17130 * ExecuteNextAppRequestOperation (bench_client.cc:414): Sending op with proto 5 and index 0
20260313-142538-5852 17130 * SendOperation   (shardclient.cc:377): Client-side CoordRequest: p=111669149698 s=107374182403 to group=2 replica=2
20260313-142538-8943 17130 * WarmupDone      (bench_client.cc:744): Completed warmup period of 4 seconds with 5 requests
20260313-142538-9873 17130 * ReceiveOperationResponse (bench_client.cc:547): AppRequest reply timeline: pos=0 status=0 issue_to_reply_ms=403 batch_age_ms=403
20260313-142539-0878 17130 * ReceiveOperationResponse (bench_client.cc:547): AppRequest reply timeline: pos=1 status=0 issue_to_reply_ms=503 batch_age_ms=503
20260313-142539-1882 17130 * ReceiveOperationResponse (bench_client.cc:547): AppRequest reply timeline: pos=2 status=0 issue_to_reply_ms=604 batch_age_ms=604
20260313-142539-2888 17130 * ReceiveOperationResponse (bench_client.cc:547): AppRequest reply timeline: pos=3 status=0 issue_to_reply_ms=703 batch_age_ms=704
20260313-142539-2889 17130 * ReceiveOperationResponse (bench_client.cc:562): AppRequest batch done: fanout=4 total_reply_ms=704
20260313-142539-2898 17130 * ExecuteNextAppRequestOperation (bench_client.cc:414): Sending op with proto 5 and index 0
20260313-142539-2901 17130 * ExecuteNextAppRequestOperation (bench_client.cc:414): Sending op with proto 5 and index 0
20260313-142539-2902 17130 * SendOperation   (shardclient.cc:377): Client-side CoordRequest: p=128849018885 s=120259084290 to group=6 replica=2
20260313-142539-2903 17130 * ExecuteNextAppRequestOperation (bench_client.cc:414): Sending op with proto 5 and index 0
20260313-142539-2904 17130 * SendOperation   (shardclient.cc:377): Client-side CoordRequest: p=120259084290 s=103079215107 to group=4 replica=2
20260313-142539-2907 17130 * GetNextOperation (app_request.cc:76): AppRequest batch composition: fanout=4 reads=0 writes=4
20260313-142539-2907 17130 * ExecuteNextAppRequestOperation (bench_client.cc:414): Sending op with proto 5 and index 0
20260313-142539-2908 17130 * SendOperation   (shardclient.cc:377): Client-side CoordRequest: p=103079215107 s=133143986183 to group=0 replica=2
20260313-142539-6928 17130 * ReceiveOperationResponse (bench_client.cc:547): AppRequest reply timeline: pos=0 status=0 issue_to_reply_ms=403 batch_age_ms=403
20260313-142539-7934 17130 * ReceiveOperationResponse (bench_client.cc:547): AppRequest reply timeline: pos=1 status=0 issue_to_reply_ms=503 batch_age_ms=504
20260313-142539-8938 17130 * ReceiveOperationResponse (bench_client.cc:547): AppRequest reply timeline: pos=2 status=0 issue_to_reply_ms=603 batch_age_ms=604
20260313-142539-9943 17130 * ReceiveOperationResponse (bench_client.cc:547): AppRequest reply timeline: pos=3 status=0 issue_to_reply_ms=704 batch_age_ms=705
20260313-142539-9944 17130 * ReceiveOperationResponse (bench_client.cc:562): AppRequest batch done: fanout=4 total_reply_ms=705
20260313-142539-9953 17130 * ExecuteNextAppRequestOperation (bench_client.cc:414): Sending op with proto 5 and index 0
20260313-142539-9955 17130 * ExecuteNextAppRequestOperation (bench_client.cc:414): Sending op with proto 5 and index 0
20260313-142539-9956 17130 * SendOperation   (shardclient.cc:377): Client-side CoordRequest: p=107374182404 s=115964116994 to group=1 replica=2
20260313-142539-9957 17130 * ExecuteNextAppRequestOperation (bench_client.cc:414): Sending op with proto 5 and index 0
20260313-142539-9957 17130 * SendOperation   (shardclient.cc:377): Client-side CoordRequest: p=115964116994 s=128849018886 to group=3 replica=2
20260313-142539-9958 17130 * GetNextOperation (app_request.cc:76): AppRequest batch composition: fanout=4 reads=0 writes=4
20260313-142539-9958 17130 * ExecuteNextAppRequestOperation (bench_client.cc:414): Sending op with proto 5 and index 0
20260313-142539-9958 17130 * SendOperation   (shardclient.cc:377): Client-side CoordRequest: p=128849018886 s=137438953476 to group=6 replica=2
20260313-142540-3976 17130 * ReceiveOperationResponse (bench_client.cc:547): AppRequest reply timeline: pos=0 status=0 issue_to_reply_ms=402 batch_age_ms=402
20260313-142540-4981 17130 * ReceiveOperationResponse (bench_client.cc:547): AppRequest reply timeline: pos=1 status=0 issue_to_reply_ms=502 batch_age_ms=502
20260313-142540-5986 17130 * ReceiveOperationResponse (bench_client.cc:547): AppRequest reply timeline: pos=2 status=0 issue_to_reply_ms=603 batch_age_ms=603
20260313-142540-6992 17130 * ReceiveOperationResponse (bench_client.cc:547): AppRequest reply timeline: pos=3 status=0 issue_to_reply_ms=704 batch_age_ms=704
20260313-142540-6992 17130 * ReceiveOperationResponse (bench_client.cc:562): AppRequest batch done: fanout=4 total_reply_ms=704
20260313-142540-7014 17130 * ExecuteNextAppRequestOperation (bench_client.cc:414): Sending op with proto 5 and index 0
20260313-142540-7017 17130 * ExecuteNextAppRequestOperation (bench_client.cc:414): Sending op with proto 5 and index 0
20260313-142540-7017 17130 * SendOperation   (shardclient.cc:377): Client-side CoordRequest: p=124554051587 s=128849018887 to group=5 replica=2
20260313-142540-7019 17130 * ExecuteNextAppRequestOperation (bench_client.cc:414): Sending op with proto 5 and index 0
20260313-142540-7020 17130 * SendOperation   (shardclient.cc:377): Client-side CoordRequest: p=128849018887 s=141733920769 to group=6 replica=2
20260313-142540-7021 17130 * GetNextOperation (app_request.cc:76): AppRequest batch composition: fanout=4 reads=0 writes=4
20260313-142540-7021 17130 * ExecuteNextAppRequestOperation (bench_client.cc:414): Sending op with proto 5 and index 0
20260313-142540-7022 17130 * SendOperation   (shardclient.cc:377): Client-side CoordRequest: p=141733920769 s=133143986184 to group=9 replica=2
20260313-142541-1042 17130 * ReceiveOperationResponse (bench_client.cc:547): AppRequest reply timeline: pos=0 status=0 issue_to_reply_ms=403 batch_age_ms=403
20260313-142541-2047 17130 * ReceiveOperationResponse (bench_client.cc:547): AppRequest reply timeline: pos=1 status=0 issue_to_reply_ms=503 batch_age_ms=503
20260313-142541-3052 17130 * ReceiveOperationResponse (bench_client.cc:547): AppRequest reply timeline: pos=2 status=0 issue_to_reply_ms=604 batch_age_ms=604
20260313-142541-4057 17130 * ReceiveOperationResponse (bench_client.cc:547): AppRequest reply timeline: pos=3 status=0 issue_to_reply_ms=703 batch_age_ms=704
20260313-142541-4058 17130 * ReceiveOperationResponse (bench_client.cc:562): AppRequest batch done: fanout=4 total_reply_ms=704
20260313-142541-4077 17130 * ExecuteNextAppRequestOperation (bench_client.cc:414): Sending op with proto 5 and index 0
20260313-142541-4079 17130 * ExecuteNextAppRequestOperation (bench_client.cc:414): Sending op with proto 5 and index 0
20260313-142541-4080 17130 * SendOperation   (shardclient.cc:377): Client-side CoordRequest: p=133143986185 s=111669149699 to group=7 replica=2
20260313-142541-4081 17130 * ExecuteNextAppRequestOperation (bench_client.cc:414): Sending op with proto 5 and index 0
20260313-142541-4082 17130 * SendOperation   (shardclient.cc:377): Client-side CoordRequest: p=111669149699 s=141733920770 to group=2 replica=2
20260313-142541-4083 17130 * GetNextOperation (app_request.cc:76): AppRequest batch composition: fanout=4 reads=0 writes=4
20260313-142541-4084 17130 * ExecuteNextAppRequestOperation (bench_client.cc:414): Sending op with proto 5 and index 0
20260313-142541-4084 17130 * SendOperation   (shardclient.cc:377): Client-side CoordRequest: p=141733920770 s=103079215108 to group=9 replica=2
20260313-142541-8107 17130 * ReceiveOperationResponse (bench_client.cc:547): AppRequest reply timeline: pos=0 status=0 issue_to_reply_ms=403 batch_age_ms=403
20260313-142541-9113 17130 * ReceiveOperationResponse (bench_client.cc:547): AppRequest reply timeline: pos=1 status=0 issue_to_reply_ms=504 batch_age_ms=504
20260313-142542-0118 17130 * ReceiveOperationResponse (bench_client.cc:547): AppRequest reply timeline: pos=2 status=0 issue_to_reply_ms=603 batch_age_ms=604
20260313-142542-1122 17130 * ReceiveOperationResponse (bench_client.cc:547): AppRequest reply timeline: pos=3 status=0 issue_to_reply_ms=704 batch_age_ms=705
20260313-142542-1123 17130 * ReceiveOperationResponse (bench_client.cc:562): AppRequest batch done: fanout=4 total_reply_ms=705
20260313-142542-1138 17130 * ExecuteNextAppRequestOperation (bench_client.cc:414): Sending op with proto 5 and index 0
20260313-142542-1140 17130 * ExecuteNextAppRequestOperation (bench_client.cc:414): Sending op with proto 5 and index 0
20260313-142542-1140 17130 * SendOperation   (shardclient.cc:377): Client-side CoordRequest: p=107374182405 s=133143986186 to group=1 replica=2
20260313-142542-1142 17130 * ExecuteNextAppRequestOperation (bench_client.cc:414): Sending op with proto 5 and index 0
20260313-142542-1143 17130 * SendOperation   (shardclient.cc:377): Client-side CoordRequest: p=133143986186 s=141733920771 to group=7 replica=2
20260313-142542-1144 17130 * GetNextOperation (app_request.cc:76): AppRequest batch composition: fanout=4 reads=0 writes=4
20260313-142542-1145 17130 * ExecuteNextAppRequestOperation (bench_client.cc:414): Sending op with proto 5 and index 0
20260313-142542-1145 17130 * SendOperation   (shardclient.cc:377): Client-side CoordRequest: p=141733920771 s=137438953477 to group=9 replica=2
20260313-142542-5166 17130 * ReceiveOperationResponse (bench_client.cc:547): AppRequest reply timeline: pos=0 status=0 issue_to_reply_ms=403 batch_age_ms=403
20260313-142542-6171 17130 * ReceiveOperationResponse (bench_client.cc:547): AppRequest reply timeline: pos=1 status=0 issue_to_reply_ms=503 batch_age_ms=503
20260313-142542-7176 17130 * ReceiveOperationResponse (bench_client.cc:547): AppRequest reply timeline: pos=2 status=0 issue_to_reply_ms=603 batch_age_ms=604
20260313-142542-8181 17130 * ReceiveOperationResponse (bench_client.cc:547): AppRequest reply timeline: pos=3 status=0 issue_to_reply_ms=704 batch_age_ms=705
20260313-142542-8182 17130 * ReceiveOperationResponse (bench_client.cc:562): AppRequest batch done: fanout=4 total_reply_ms=705
20260313-142542-8201 17130 * ExecuteNextAppRequestOperation (bench_client.cc:414): Sending op with proto 5 and index 0
20260313-142542-8203 17130 * ExecuteNextAppRequestOperation (bench_client.cc:414): Sending op with proto 5 and index 0
20260313-142542-8204 17130 * SendOperation   (shardclient.cc:377): Client-side CoordRequest: p=137438953478 s=120259084291 to group=8 replica=2
20260313-142542-8205 17130 * ExecuteNextAppRequestOperation (bench_client.cc:414): Sending op with proto 5 and index 0
20260313-142542-8206 17130 * SendOperation   (shardclient.cc:377): Client-side CoordRequest: p=120259084291 s=128849018888 to group=4 replica=2
20260313-142542-8208 17130 * GetNextOperation (app_request.cc:76): AppRequest batch composition: fanout=4 reads=0 writes=4
20260313-142542-8208 17130 * ExecuteNextAppRequestOperation (bench_client.cc:414): Sending op with proto 5 and index 0
20260313-142542-8209 17130 * SendOperation   (shardclient.cc:377): Client-side CoordRequest: p=128849018888 s=137438953479 to group=6 replica=2
20260313-142543-2234 17130 * ReceiveOperationResponse (bench_client.cc:547): AppRequest reply timeline: pos=0 status=0 issue_to_reply_ms=403 batch_age_ms=403
20260313-142543-3238 17130 * ReceiveOperationResponse (bench_client.cc:547): AppRequest reply timeline: pos=1 status=0 issue_to_reply_ms=503 batch_age_ms=503
20260313-142543-4243 17130 * ReceiveOperationResponse (bench_client.cc:547): AppRequest reply timeline: pos=2 status=0 issue_to_reply_ms=604 batch_age_ms=604
20260313-142543-5249 17130 * ReceiveOperationResponse (bench_client.cc:547): AppRequest reply timeline: pos=3 status=0 issue_to_reply_ms=704 batch_age_ms=704
20260313-142543-5250 17130 * ReceiveOperationResponse (bench_client.cc:562): AppRequest batch done: fanout=4 total_reply_ms=704
20260313-142543-5268 17130 * ExecuteNextAppRequestOperation (bench_client.cc:414): Sending op with proto 5 and index 0
20260313-142543-5270 17130 * ExecuteNextAppRequestOperation (bench_client.cc:414): Sending op with proto 5 and index 0
20260313-142543-5271 17130 * SendOperation   (shardclient.cc:377): Client-side CoordRequest: p=103079215109 s=124554051588 to group=0 replica=2
20260313-142543-5272 17130 * ExecuteNextAppRequestOperation (bench_client.cc:414): Sending op with proto 5 and index 0
20260313-142543-5273 17130 * SendOperation   (shardclient.cc:377): Client-side CoordRequest: p=124554051588 s=120259084292 to group=5 replica=2
20260313-142543-5275 17130 * GetNextOperation (app_request.cc:76): AppRequest batch composition: fanout=4 reads=0 writes=4
20260313-142543-5275 17130 * ExecuteNextAppRequestOperation (bench_client.cc:414): Sending op with proto 5 and index 0
20260313-142543-5276 17130 * SendOperation   (shardclient.cc:377): Client-side CoordRequest: p=120259084292 s=111669149700 to group=4 replica=2
20260313-142543-9294 17130 * ReceiveOperationResponse (bench_client.cc:547): AppRequest reply timeline: pos=0 status=0 issue_to_reply_ms=403 batch_age_ms=403
20260313-142544-0299 17130 * ReceiveOperationResponse (bench_client.cc:547): AppRequest reply timeline: pos=1 status=0 issue_to_reply_ms=503 batch_age_ms=503
20260313-142544-1304 17130 * ReceiveOperationResponse (bench_client.cc:547): AppRequest reply timeline: pos=2 status=0 issue_to_reply_ms=603 batch_age_ms=604
20260313-142544-2308 17130 * ReceiveOperationResponse (bench_client.cc:547): AppRequest reply timeline: pos=3 status=0 issue_to_reply_ms=703 batch_age_ms=704
20260313-142544-2309 17130 * ReceiveOperationResponse (bench_client.cc:562): AppRequest batch done: fanout=4 total_reply_ms=704
20260313-142544-2327 17130 * ExecuteNextAppRequestOperation (bench_client.cc:414): Sending op with proto 5 and index 0
20260313-142544-2329 17130 * ExecuteNextAppRequestOperation (bench_client.cc:414): Sending op with proto 5 and index 0
20260313-142544-2330 17130 * SendOperation   (shardclient.cc:377): Client-side CoordRequest: p=111669149701 s=115964116995 to group=2 replica=2
20260313-142544-2332 17130 * ExecuteNextAppRequestOperation (bench_client.cc:414): Sending op with proto 5 and index 0
20260313-142544-2333 17130 * SendOperation   (shardclient.cc:377): Client-side CoordRequest: p=115964116995 s=141733920772 to group=3 replica=2
20260313-142544-2334 17130 * GetNextOperation (app_request.cc:76): AppRequest batch composition: fanout=4 reads=0 writes=4
20260313-142544-2335 17130 * ExecuteNextAppRequestOperation (bench_client.cc:414): Sending op with proto 5 and index 0
20260313-142544-2335 17130 * SendOperation   (shardclient.cc:377): Client-side CoordRequest: p=141733920772 s=111669149702 to group=9 replica=2
20260313-142544-6362 17130 * ReceiveOperationResponse (bench_client.cc:547): AppRequest reply timeline: pos=0 status=0 issue_to_reply_ms=404 batch_age_ms=404
20260313-142544-7367 17130 * ReceiveOperationResponse (bench_client.cc:547): AppRequest reply timeline: pos=1 status=0 issue_to_reply_ms=504 batch_age_ms=504
20260313-142544-8372 17130 * ReceiveOperationResponse (bench_client.cc:547): AppRequest reply timeline: pos=2 status=0 issue_to_reply_ms=604 batch_age_ms=605
20260313-142544-9376 17130 * ReceiveOperationResponse (bench_client.cc:547): AppRequest reply timeline: pos=3 status=0 issue_to_reply_ms=704 batch_age_ms=705
20260313-142544-9377 17130 * ReceiveOperationResponse (bench_client.cc:562): AppRequest batch done: fanout=4 total_reply_ms=705
20260313-142544-9392 17130 * ExecuteNextAppRequestOperation (bench_client.cc:414): Sending op with proto 5 and index 0
20260313-142544-9394 17130 * ExecuteNextAppRequestOperation (bench_client.cc:414): Sending op with proto 5 and index 0
20260313-142544-9395 17130 * SendOperation   (shardclient.cc:377): Client-side CoordRequest: p=133143986187 s=111669149703 to group=7 replica=2
20260313-142544-9397 17130 * ExecuteNextAppRequestOperation (bench_client.cc:414): Sending op with proto 5 and index 0
20260313-142544-9397 17130 * SendOperation   (shardclient.cc:377): Client-side CoordRequest: p=111669149703 s=141733920773 to group=2 replica=2
20260313-142544-9399 17130 * GetNextOperation (app_request.cc:76): AppRequest batch composition: fanout=4 reads=0 writes=4
20260313-142544-9399 17130 * ExecuteNextAppRequestOperation (bench_client.cc:414): Sending op with proto 5 and index 0
20260313-142544-9400 17130 * SendOperation   (shardclient.cc:377): Client-side CoordRequest: p=141733920773 s=111669149704 to group=9 replica=2
20260313-142545-3422 17130 * ReceiveOperationResponse (bench_client.cc:547): AppRequest reply timeline: pos=0 status=0 issue_to_reply_ms=403 batch_age_ms=403
20260313-142545-4426 17130 * ReceiveOperationResponse (bench_client.cc:547): AppRequest reply timeline: pos=1 status=0 issue_to_reply_ms=503 batch_age_ms=503
20260313-142545-5429 17130 * ReceiveOperationResponse (bench_client.cc:547): AppRequest reply timeline: pos=2 status=0 issue_to_reply_ms=603 batch_age_ms=603
20260313-142545-6434 17130 * ReceiveOperationResponse (bench_client.cc:547): AppRequest reply timeline: pos=3 status=0 issue_to_reply_ms=704 batch_age_ms=704
20260313-142545-6435 17130 * ReceiveOperationResponse (bench_client.cc:562): AppRequest batch done: fanout=4 total_reply_ms=704
20260313-142545-6453 17130 * ExecuteNextAppRequestOperation (bench_client.cc:414): Sending op with proto 5 and index 0
20260313-142545-6455 17130 * ExecuteNextAppRequestOperation (bench_client.cc:414): Sending op with proto 5 and index 0
20260313-142545-6456 17130 * SendOperation   (shardclient.cc:377): Client-side CoordRequest: p=107374182406 s=137438953480 to group=1 replica=2
20260313-142545-6457 17130 * ExecuteNextAppRequestOperation (bench_client.cc:414): Sending op with proto 5 and index 0
20260313-142545-6458 17130 * SendOperation   (shardclient.cc:377): Client-side CoordRequest: p=137438953480 s=128849018889 to group=8 replica=2
20260313-142545-6460 17130 * GetNextOperation (app_request.cc:76): AppRequest batch composition: fanout=4 reads=0 writes=4
20260313-142545-6460 17130 * ExecuteNextAppRequestOperation (bench_client.cc:414): Sending op with proto 5 and index 0
20260313-142545-6461 17130 * SendOperation   (shardclient.cc:377): Client-side CoordRequest: p=128849018889 s=103079215110 to group=6 replica=2
20260313-142546-0482 17130 * ReceiveOperationResponse (bench_client.cc:547): AppRequest reply timeline: pos=0 status=0 issue_to_reply_ms=403 batch_age_ms=403
20260313-142546-1487 17130 * ReceiveOperationResponse (bench_client.cc:547): AppRequest reply timeline: pos=1 status=0 issue_to_reply_ms=503 batch_age_ms=503
20260313-142546-2492 17130 * ReceiveOperationResponse (bench_client.cc:547): AppRequest reply timeline: pos=2 status=0 issue_to_reply_ms=604 batch_age_ms=604
20260313-142546-3497 17130 * ReceiveOperationResponse (bench_client.cc:547): AppRequest reply timeline: pos=3 status=0 issue_to_reply_ms=704 batch_age_ms=704
20260313-142546-3498 17130 * ReceiveOperationResponse (bench_client.cc:562): AppRequest batch done: fanout=4 total_reply_ms=704
20260313-142546-3504 17130 * ExecuteNextAppRequestOperation (bench_client.cc:414): Sending op with proto 5 and index 0
20260313-142546-3506 17130 * ExecuteNextAppRequestOperation (bench_client.cc:414): Sending op with proto 5 and index 0
20260313-142546-3507 17130 * SendOperation   (shardclient.cc:377): Client-side CoordRequest: p=133143986188 s=128849018890 to group=7 replica=2
20260313-142546-3509 17130 * ExecuteNextAppRequestOperation (bench_client.cc:414): Sending op with proto 5 and index 0
20260313-142546-3509 17130 * SendOperation   (shardclient.cc:377): Client-side CoordRequest: p=128849018890 s=137438953481 to group=6 replica=2
20260313-142546-3511 17130 * GetNextOperation (app_request.cc:76): AppRequest batch composition: fanout=4 reads=0 writes=4
20260313-142546-3511 17130 * ExecuteNextAppRequestOperation (bench_client.cc:414): Sending op with proto 5 and index 0
20260313-142546-3512 17130 * SendOperation   (shardclient.cc:377): Client-side CoordRequest: p=137438953481 s=141733920774 to group=8 replica=2
20260313-142546-7534 17130 * ReceiveOperationResponse (bench_client.cc:547): AppRequest reply timeline: pos=0 status=0 issue_to_reply_ms=403 batch_age_ms=403
20260313-142546-8538 17130 * ReceiveOperationResponse (bench_client.cc:547): AppRequest reply timeline: pos=1 status=0 issue_to_reply_ms=503 batch_age_ms=503
20260313-142546-9543 17130 * ReceiveOperationResponse (bench_client.cc:547): AppRequest reply timeline: pos=2 status=0 issue_to_reply_ms=604 batch_age_ms=604
20260313-142547-0548 17130 * ReceiveOperationResponse (bench_client.cc:547): AppRequest reply timeline: pos=3 status=0 issue_to_reply_ms=703 batch_age_ms=704
20260313-142547-0549 17130 * ReceiveOperationResponse (bench_client.cc:562): AppRequest batch done: fanout=4 total_reply_ms=704
20260313-142547-0554 17130 * ExecuteNextAppRequestOperation (bench_client.cc:414): Sending op with proto 5 and index 0
20260313-142547-0556 17130 * ExecuteNextAppRequestOperation (bench_client.cc:414): Sending op with proto 5 and index 0
20260313-142547-0557 17130 * SendOperation   (shardclient.cc:377): Client-side CoordRequest: p=107374182407 s=128849018891 to group=1 replica=2
20260313-142547-0558 17130 * ExecuteNextAppRequestOperation (bench_client.cc:414): Sending op with proto 5 and index 0
20260313-142547-0559 17130 * SendOperation   (shardclient.cc:377): Client-side CoordRequest: p=128849018891 s=124554051589 to group=6 replica=2
20260313-142547-0560 17130 * GetNextOperation (app_request.cc:76): AppRequest batch composition: fanout=4 reads=0 writes=4
20260313-142547-0561 17130 * ExecuteNextAppRequestOperation (bench_client.cc:414): Sending op with proto 5 and index 0
20260313-142547-0562 17130 * SendOperation   (shardclient.cc:377): Client-side CoordRequest: p=124554051589 s=107374182408 to group=5 replica=2
20260313-142547-4586 17130 * ReceiveOperationResponse (bench_client.cc:547): AppRequest reply timeline: pos=0 status=0 issue_to_reply_ms=403 batch_age_ms=403
20260313-142547-5594 17130 * ReceiveOperationResponse (bench_client.cc:547): AppRequest reply timeline: pos=1 status=0 issue_to_reply_ms=504 batch_age_ms=504
20260313-142547-6599 17130 * ReceiveOperationResponse (bench_client.cc:547): AppRequest reply timeline: pos=2 status=0 issue_to_reply_ms=604 batch_age_ms=604
20260313-142547-7605 17130 * ReceiveOperationResponse (bench_client.cc:547): AppRequest reply timeline: pos=3 status=0 issue_to_reply_ms=704 batch_age_ms=705
20260313-142547-7605 17130 * ReceiveOperationResponse (bench_client.cc:562): AppRequest batch done: fanout=4 total_reply_ms=705
20260313-142547-7613 17130 * ExecuteNextAppRequestOperation (bench_client.cc:414): Sending op with proto 5 and index 0
20260313-142547-7615 17130 * ExecuteNextAppRequestOperation (bench_client.cc:414): Sending op with proto 5 and index 0
20260313-142547-7616 17130 * SendOperation   (shardclient.cc:377): Client-side CoordRequest: p=124554051590 s=120259084293 to group=5 replica=2
20260313-142547-7617 17130 * ExecuteNextAppRequestOperation (bench_client.cc:414): Sending op with proto 5 and index 0
20260313-142547-7618 17130 * SendOperation   (shardclient.cc:377): Client-side CoordRequest: p=120259084293 s=120259084294 to group=4 replica=2
20260313-142547-7619 17130 * GetNextOperation (app_request.cc:76): AppRequest batch composition: fanout=4 reads=0 writes=4
20260313-142547-7620 17130 * ExecuteNextAppRequestOperation (bench_client.cc:414): Sending op with proto 5 and index 0
20260313-142547-7621 17130 * SendOperation   (shardclient.cc:377): Client-side CoordRequest: p=120259084294 s=141733920775 to group=4 replica=2
20260313-142548-1642 17130 * ReceiveOperationResponse (bench_client.cc:547): AppRequest reply timeline: pos=0 status=0 issue_to_reply_ms=403 batch_age_ms=403
20260313-142548-2648 17130 * ReceiveOperationResponse (bench_client.cc:547): AppRequest reply timeline: pos=1 status=0 issue_to_reply_ms=503 batch_age_ms=503
20260313-142548-2649 17130 * ReceiveOperationResponse (bench_client.cc:547): AppRequest reply timeline: pos=2 status=0 issue_to_reply_ms=503 batch_age_ms=503
20260313-142548-3660 17130 * ReceiveOperationResponse (bench_client.cc:547): AppRequest reply timeline: pos=3 status=0 issue_to_reply_ms=604 batch_age_ms=604
20260313-142548-3661 17130 * ReceiveOperationResponse (bench_client.cc:562): AppRequest batch done: fanout=4 total_reply_ms=604
20260313-142548-3665 17130 * ExecuteNextAppRequestOperation (bench_client.cc:414): Sending op with proto 5 and index 0
20260313-142548-3667 17130 * ExecuteNextAppRequestOperation (bench_client.cc:414): Sending op with proto 5 and index 0
20260313-142548-3668 17130 * SendOperation   (shardclient.cc:377): Client-side CoordRequest: p=124554051591 s=111669149705 to group=5 replica=2
20260313-142548-3669 17130 * ExecuteNextAppRequestOperation (bench_client.cc:414): Sending op with proto 5 and index 0
20260313-142548-3670 17130 * SendOperation   (shardclient.cc:377): Client-side CoordRequest: p=111669149705 s=107374182409 to group=2 replica=2
20260313-142548-3671 17130 * GetNextOperation (app_request.cc:76): AppRequest batch composition: fanout=4 reads=0 writes=4
20260313-142548-3672 17130 * ExecuteNextAppRequestOperation (bench_client.cc:414): Sending op with proto 5 and index 0
20260313-142548-3672 17130 * SendOperation   (shardclient.cc:377): Client-side CoordRequest: p=107374182409 s=141733920776 to group=1 replica=2
20260313-142548-7695 17130 * ReceiveOperationResponse (bench_client.cc:547): AppRequest reply timeline: pos=0 status=0 issue_to_reply_ms=403 batch_age_ms=403
20260313-142548-8699 17130 * ReceiveOperationResponse (bench_client.cc:547): AppRequest reply timeline: pos=1 status=0 issue_to_reply_ms=503 batch_age_ms=503
20260313-142548-9704 17130 * ReceiveOperationResponse (bench_client.cc:547): AppRequest reply timeline: pos=2 status=0 issue_to_reply_ms=604 batch_age_ms=604
20260313-142549-0709 17130 * ReceiveOperationResponse (bench_client.cc:547): AppRequest reply timeline: pos=3 status=0 issue_to_reply_ms=703 batch_age_ms=704
20260313-142549-0710 17130 * ReceiveOperationResponse (bench_client.cc:562): AppRequest batch done: fanout=4 total_reply_ms=704
20260313-142549-0719 17130 * ExecuteNextAppRequestOperation (bench_client.cc:414): Sending op with proto 5 and index 0
20260313-142549-0721 17130 * ExecuteNextAppRequestOperation (bench_client.cc:414): Sending op with proto 5 and index 0
20260313-142549-0722 17130 * SendOperation   (shardclient.cc:377): Client-side CoordRequest: p=137438953482 s=133143986189 to group=8 replica=2
20260313-142549-0724 17130 * ExecuteNextAppRequestOperation (bench_client.cc:414): Sending op with proto 5 and index 0
20260313-142549-0724 17130 * SendOperation   (shardclient.cc:377): Client-side CoordRequest: p=133143986189 s=124554051592 to group=7 replica=2
20260313-142549-0726 17130 * GetNextOperation (app_request.cc:76): AppRequest batch composition: fanout=4 reads=0 writes=4
20260313-142549-0726 17130 * ExecuteNextAppRequestOperation (bench_client.cc:414): Sending op with proto 5 and index 0
20260313-142549-0727 17130 * SendOperation   (shardclient.cc:377): Client-side CoordRequest: p=124554051592 s=111669149706 to group=5 replica=2
20260313-142549-4748 17130 * ReceiveOperationResponse (bench_client.cc:547): AppRequest reply timeline: pos=0 status=0 issue_to_reply_ms=403 batch_age_ms=403
20260313-142549-5752 17130 * ReceiveOperationResponse (bench_client.cc:547): AppRequest reply timeline: pos=1 status=0 issue_to_reply_ms=503 batch_age_ms=504
20260313-142549-6758 17130 * ReceiveOperationResponse (bench_client.cc:547): AppRequest reply timeline: pos=2 status=0 issue_to_reply_ms=603 batch_age_ms=604
20260313-142549-7761 17130 * ReceiveOperationResponse (bench_client.cc:547): AppRequest reply timeline: pos=3 status=0 issue_to_reply_ms=704 batch_age_ms=705
20260313-142549-7762 17130 * ReceiveOperationResponse (bench_client.cc:562): AppRequest batch done: fanout=4 total_reply_ms=705
20260313-142549-7768 17130 * ExecuteNextAppRequestOperation (bench_client.cc:414): Sending op with proto 5 and index 0
20260313-142549-7770 17130 * ExecuteNextAppRequestOperation (bench_client.cc:414): Sending op with proto 5 and index 0
20260313-142549-7771 17130 * SendOperation   (shardclient.cc:377): Client-side CoordRequest: p=120259084295 s=124554051593 to group=4 replica=2
20260313-142549-7773 17130 * ExecuteNextAppRequestOperation (bench_client.cc:414): Sending op with proto 5 and index 0
20260313-142549-7774 17130 * SendOperation   (shardclient.cc:377): Client-side CoordRequest: p=124554051593 s=103079215111 to group=5 replica=2
20260313-142549-7775 17130 * GetNextOperation (app_request.cc:76): AppRequest batch composition: fanout=4 reads=0 writes=4
20260313-142549-7776 17130 * ExecuteNextAppRequestOperation (bench_client.cc:414): Sending op with proto 5 and index 0
20260313-142549-7776 17130 * SendOperation   (shardclient.cc:377): Client-side CoordRequest: p=103079215111 s=133143986190 to group=0 replica=2
20260313-142550-1797 17130 * ReceiveOperationResponse (bench_client.cc:547): AppRequest reply timeline: pos=0 status=0 issue_to_reply_ms=403 batch_age_ms=403
20260313-142550-2800 17130 * ReceiveOperationResponse (bench_client.cc:547): AppRequest reply timeline: pos=1 status=0 issue_to_reply_ms=503 batch_age_ms=503
20260313-142550-3807 17130 * ReceiveOperationResponse (bench_client.cc:547): AppRequest reply timeline: pos=2 status=0 issue_to_reply_ms=603 batch_age_ms=604
20260313-142550-4811 17130 * ReceiveOperationResponse (bench_client.cc:547): AppRequest reply timeline: pos=3 status=0 issue_to_reply_ms=704 batch_age_ms=705
20260313-142550-4812 17130 * ReceiveOperationResponse (bench_client.cc:562): AppRequest batch done: fanout=4 total_reply_ms=705
20260313-142550-4835 17130 * ExecuteNextAppRequestOperation (bench_client.cc:414): Sending op with proto 5 and index 0
20260313-142550-4837 17130 * ExecuteNextAppRequestOperation (bench_client.cc:414): Sending op with proto 5 and index 0
20260313-142550-4838 17130 * SendOperation   (shardclient.cc:377): Client-side CoordRequest: p=107374182410 s=141733920777 to group=1 replica=2
20260313-142550-4840 17130 * ExecuteNextAppRequestOperation (bench_client.cc:414): Sending op with proto 5 and index 0
20260313-142550-4840 17130 * SendOperation   (shardclient.cc:377): Client-side CoordRequest: p=141733920777 s=128849018892 to group=9 replica=2
20260313-142550-4842 17130 * GetNextOperation (app_request.cc:76): AppRequest batch composition: fanout=4 reads=0 writes=4
20260313-142550-4842 17130 * ExecuteNextAppRequestOperation (bench_client.cc:414): Sending op with proto 5 and index 0
20260313-142550-4843 17130 * SendOperation   (shardclient.cc:377): Client-side CoordRequest: p=128849018892 s=120259084296 to group=6 replica=2
20260313-142550-8864 17130 * ReceiveOperationResponse (bench_client.cc:547): AppRequest reply timeline: pos=0 status=0 issue_to_reply_ms=403 batch_age_ms=403
20260313-142550-9868 17130 * ReceiveOperationResponse (bench_client.cc:547): AppRequest reply timeline: pos=1 status=0 issue_to_reply_ms=503 batch_age_ms=503
20260313-142551-0873 17130 * ReceiveOperationResponse (bench_client.cc:547): AppRequest reply timeline: pos=2 status=0 issue_to_reply_ms=604 batch_age_ms=604
20260313-142551-1878 17130 * ReceiveOperationResponse (bench_client.cc:547): AppRequest reply timeline: pos=3 status=0 issue_to_reply_ms=703 batch_age_ms=704
20260313-142551-1879 17130 * ReceiveOperationResponse (bench_client.cc:562): AppRequest batch done: fanout=4 total_reply_ms=704
20260313-142551-1899 17130 * ExecuteNextAppRequestOperation (bench_client.cc:414): Sending op with proto 5 and index 0
20260313-142551-1901 17130 * ExecuteNextAppRequestOperation (bench_client.cc:414): Sending op with proto 5 and index 0
20260313-142551-1902 17130 * SendOperation   (shardclient.cc:377): Client-side CoordRequest: p=124554051594 s=141733920778 to group=5 replica=2
20260313-142551-1903 17130 * ExecuteNextAppRequestOperation (bench_client.cc:414): Sending op with proto 5 and index 0
20260313-142551-1904 17130 * SendOperation   (shardclient.cc:377): Client-side CoordRequest: p=141733920778 s=120259084297 to group=9 replica=2
20260313-142551-1906 17130 * GetNextOperation (app_request.cc:76): AppRequest batch composition: fanout=4 reads=0 writes=4
20260313-142551-1906 17130 * ExecuteNextAppRequestOperation (bench_client.cc:414): Sending op with proto 5 and index 0
20260313-142551-1907 17130 * SendOperation   (shardclient.cc:377): Client-side CoordRequest: p=120259084297 s=111669149707 to group=4 replica=2
20260313-142551-5928 17130 * ReceiveOperationResponse (bench_client.cc:547): AppRequest reply timeline: pos=0 status=0 issue_to_reply_ms=403 batch_age_ms=403
20260313-142551-6930 17130 * ReceiveOperationResponse (bench_client.cc:547): AppRequest reply timeline: pos=1 status=0 issue_to_reply_ms=502 batch_age_ms=503
20260313-142551-7935 17130 * ReceiveOperationResponse (bench_client.cc:547): AppRequest reply timeline: pos=2 status=0 issue_to_reply_ms=603 batch_age_ms=604
20260313-142551-8939 17130 * ReceiveOperationResponse (bench_client.cc:547): AppRequest reply timeline: pos=3 status=0 issue_to_reply_ms=703 batch_age_ms=704
20260313-142551-8939 17130 * ReceiveOperationResponse (bench_client.cc:562): AppRequest batch done: fanout=4 total_reply_ms=704
20260313-142551-8942 17130 * ExecuteNextAppRequestOperation (bench_client.cc:414): Sending op with proto 5 and index 0
20260313-142551-8944 17130 * ExecuteNextAppRequestOperation (bench_client.cc:414): Sending op with proto 5 and index 0
20260313-142551-8944 17130 * SendOperation   (shardclient.cc:377): Client-side CoordRequest: p=107374182411 s=107374182412 to group=1 replica=2
20260313-142551-8946 17130 * ExecuteNextAppRequestOperation (bench_client.cc:414): Sending op with proto 5 and index 0
20260313-142551-8947 17130 * SendOperation   (shardclient.cc:377): Client-side CoordRequest: p=107374182412 s=111669149708 to group=1 replica=2
20260313-142551-8948 17130 * GetNextOperation (app_request.cc:76): AppRequest batch composition: fanout=4 reads=0 writes=4
20260313-142551-8949 17130 * ExecuteNextAppRequestOperation (bench_client.cc:414): Sending op with proto 5 and index 0
20260313-142551-8949 17130 * SendOperation   (shardclient.cc:377): Client-side CoordRequest: p=111669149708 s=137438953483 to group=2 replica=2
20260313-142552-2975 17130 * ReceiveOperationResponse (bench_client.cc:547): AppRequest reply timeline: pos=0 status=0 issue_to_reply_ms=403 batch_age_ms=403
20260313-142552-2976 17130 * ReceiveOperationResponse (bench_client.cc:547): AppRequest reply timeline: pos=1 status=0 issue_to_reply_ms=403 batch_age_ms=403
20260313-142552-3984 17130 * ReceiveOperationResponse (bench_client.cc:547): AppRequest reply timeline: pos=2 status=0 issue_to_reply_ms=504 batch_age_ms=504
20260313-142552-4988 17130 * ReceiveOperationResponse (bench_client.cc:547): AppRequest reply timeline: pos=3 status=0 issue_to_reply_ms=604 batch_age_ms=604
20260313-142552-4989 17130 * ReceiveOperationResponse (bench_client.cc:562): AppRequest batch done: fanout=4 total_reply_ms=604
20260313-142552-5005 17130 * ExecuteNextAppRequestOperation (bench_client.cc:414): Sending op with proto 5 and index 0
20260313-142552-5008 17130 * ExecuteNextAppRequestOperation (bench_client.cc:414): Sending op with proto 5 and index 0
20260313-142552-5009 17130 * SendOperation   (shardclient.cc:377): Client-side CoordRequest: p=103079215112 s=141733920779 to group=0 replica=2
20260313-142552-5010 17130 * ExecuteNextAppRequestOperation (bench_client.cc:414): Sending op with proto 5 and index 0
20260313-142552-5011 17130 * SendOperation   (shardclient.cc:377): Client-side CoordRequest: p=141733920779 s=133143986191 to group=9 replica=2
20260313-142552-5013 17130 * GetNextOperation (app_request.cc:76): AppRequest batch composition: fanout=4 reads=0 writes=4
20260313-142552-5013 17130 * ExecuteNextAppRequestOperation (bench_client.cc:414): Sending op with proto 5 and index 0
20260313-142552-5014 17130 * SendOperation   (shardclient.cc:377): Client-side CoordRequest: p=133143986191 s=103079215113 to group=7 replica=2
20260313-142552-9039 17130 * ReceiveOperationResponse (bench_client.cc:547): AppRequest reply timeline: pos=0 status=0 issue_to_reply_ms=403 batch_age_ms=403
20260313-142553-0044 17130 * ReceiveOperationResponse (bench_client.cc:547): AppRequest reply timeline: pos=1 status=0 issue_to_reply_ms=504 batch_age_ms=504
20260313-142553-1049 17130 * ReceiveOperationResponse (bench_client.cc:547): AppRequest reply timeline: pos=2 status=0 issue_to_reply_ms=604 batch_age_ms=604
20260313-142553-2054 17130 * ReceiveOperationResponse (bench_client.cc:547): AppRequest reply timeline: pos=3 status=0 issue_to_reply_ms=704 batch_age_ms=705
20260313-142553-2055 17130 * ReceiveOperationResponse (bench_client.cc:562): AppRequest batch done: fanout=4 total_reply_ms=705
20260313-142553-2071 17130 * ExecuteNextAppRequestOperation (bench_client.cc:414): Sending op with proto 5 and index 0
20260313-142553-2073 17130 * ExecuteNextAppRequestOperation (bench_client.cc:414): Sending op with proto 5 and index 0
20260313-142553-2074 17130 * SendOperation   (shardclient.cc:377): Client-side CoordRequest: p=115964116996 s=128849018893 to group=3 replica=2
20260313-142553-2076 17130 * ExecuteNextAppRequestOperation (bench_client.cc:414): Sending op with proto 5 and index 0
20260313-142553-2076 17130 * SendOperation   (shardclient.cc:377): Client-side CoordRequest: p=128849018893 s=133143986192 to group=6 replica=2
20260313-142553-2078 17130 * GetNextOperation (app_request.cc:76): AppRequest batch composition: fanout=4 reads=0 writes=4
20260313-142553-2078 17130 * ExecuteNextAppRequestOperation (bench_client.cc:414): Sending op with proto 5 and index 0
20260313-142553-2079 17130 * SendOperation   (shardclient.cc:377): Client-side CoordRequest: p=133143986192 s=115964116997 to group=7 replica=2
20260313-142553-6108 17130 * ReceiveOperationResponse (bench_client.cc:547): AppRequest reply timeline: pos=0 status=0 issue_to_reply_ms=403 batch_age_ms=403
20260313-142553-7113 17130 * ReceiveOperationResponse (bench_client.cc:547): AppRequest reply timeline: pos=1 status=0 issue_to_reply_ms=504 batch_age_ms=504
20260313-142553-8117 17130 * ReceiveOperationResponse (bench_client.cc:547): AppRequest reply timeline: pos=2 status=0 issue_to_reply_ms=604 batch_age_ms=604
20260313-142553-9123 17130 * ReceiveOperationResponse (bench_client.cc:547): AppRequest reply timeline: pos=3 status=0 issue_to_reply_ms=705 batch_age_ms=705
20260313-142553-9124 17130 * ReceiveOperationResponse (bench_client.cc:562): AppRequest batch done: fanout=4 total_reply_ms=705
20260313-142553-9139 17130 * ExecuteNextAppRequestOperation (bench_client.cc:414): Sending op with proto 5 and index 0
20260313-142553-9141 17130 * ExecuteNextAppRequestOperation (bench_client.cc:414): Sending op with proto 5 and index 0
20260313-142553-9142 17130 * SendOperation   (shardclient.cc:377): Client-side CoordRequest: p=107374182413 s=120259084298 to group=1 replica=2
20260313-142553-9143 17130 * ExecuteNextAppRequestOperation (bench_client.cc:414): Sending op with proto 5 and index 0
20260313-142553-9144 17130 * SendOperation   (shardclient.cc:377): Client-side CoordRequest: p=120259084298 s=128849018894 to group=4 replica=2
20260313-142553-9146 17130 * GetNextOperation (app_request.cc:76): AppRequest batch composition: fanout=4 reads=0 writes=4
20260313-142553-9146 17130 * ExecuteNextAppRequestOperation (bench_client.cc:414): Sending op with proto 5 and index 0
20260313-142553-9147 17130 * SendOperation   (shardclient.cc:377): Client-side CoordRequest: p=128849018894 s=128849018895 to group=6 replica=2
20260313-142554-3169 17130 * ReceiveOperationResponse (bench_client.cc:547): AppRequest reply timeline: pos=0 status=0 issue_to_reply_ms=403 batch_age_ms=403
20260313-142554-4173 17130 * ReceiveOperationResponse (bench_client.cc:547): AppRequest reply timeline: pos=1 status=0 issue_to_reply_ms=503 batch_age_ms=504
20260313-142554-5178 17130 * ReceiveOperationResponse (bench_client.cc:547): AppRequest reply timeline: pos=2 status=0 issue_to_reply_ms=603 batch_age_ms=604
20260313-142554-5180 17130 * ReceiveOperationResponse (bench_client.cc:547): AppRequest reply timeline: pos=3 status=0 issue_to_reply_ms=603 batch_age_ms=604
20260313-142554-5181 17130 * ReceiveOperationResponse (bench_client.cc:562): AppRequest batch done: fanout=4 total_reply_ms=604
20260313-142554-5201 17130 * ExecuteNextAppRequestOperation (bench_client.cc:414): Sending op with proto 5 and index 0
20260313-142554-5204 17130 * ExecuteNextAppRequestOperation (bench_client.cc:414): Sending op with proto 5 and index 0
20260313-142554-5205 17130 * SendOperation   (shardclient.cc:377): Client-side CoordRequest: p=115964116998 s=107374182414 to group=3 replica=2
20260313-142554-5206 17130 * ExecuteNextAppRequestOperation (bench_client.cc:414): Sending op with proto 5 and index 0
20260313-142554-5207 17130 * SendOperation   (shardclient.cc:377): Client-side CoordRequest: p=107374182414 s=115964116999 to group=1 replica=2
20260313-142554-5208 17130 * GetNextOperation (app_request.cc:76): AppRequest batch composition: fanout=4 reads=0 writes=4
20260313-142554-5209 17130 * ExecuteNextAppRequestOperation (bench_client.cc:414): Sending op with proto 5 and index 0
20260313-142554-5209 17130 * SendOperation   (shardclient.cc:377): Client-side CoordRequest: p=115964116999 s=111669149709 to group=3 replica=2
20260313-142554-9235 17130 * ReceiveOperationResponse (bench_client.cc:547): AppRequest reply timeline: pos=0 status=0 issue_to_reply_ms=403 batch_age_ms=403
20260313-142555-0239 17130 * ReceiveOperationResponse (bench_client.cc:547): AppRequest reply timeline: pos=1 status=0 issue_to_reply_ms=503 batch_age_ms=503
20260313-142555-1245 17130 * ReceiveOperationResponse (bench_client.cc:547): AppRequest reply timeline: pos=2 status=0 issue_to_reply_ms=604 batch_age_ms=604
20260313-142555-2249 17130 * ReceiveOperationResponse (bench_client.cc:547): AppRequest reply timeline: pos=3 status=0 issue_to_reply_ms=704 batch_age_ms=704
20260313-142555-2250 17130 * ReceiveOperationResponse (bench_client.cc:562): AppRequest batch done: fanout=4 total_reply_ms=704
20260313-142555-2260 17130 * ExecuteNextAppRequestOperation (bench_client.cc:414): Sending op with proto 5 and index 0
20260313-142555-2262 17130 * ExecuteNextAppRequestOperation (bench_client.cc:414): Sending op with proto 5 and index 0
20260313-142555-2263 17130 * SendOperation   (shardclient.cc:377): Client-side CoordRequest: p=107374182415 s=120259084299 to group=1 replica=2
20260313-142555-2264 17130 * ExecuteNextAppRequestOperation (bench_client.cc:414): Sending op with proto 5 and index 0
20260313-142555-2265 17130 * SendOperation   (shardclient.cc:377): Client-side CoordRequest: p=120259084299 s=107374182416 to group=4 replica=2
20260313-142555-2266 17130 * GetNextOperation (app_request.cc:76): AppRequest batch composition: fanout=4 reads=0 writes=4
20260313-142555-2267 17130 * ExecuteNextAppRequestOperation (bench_client.cc:414): Sending op with proto 5 and index 0
20260313-142555-2268 17130 * SendOperation   (shardclient.cc:377): Client-side CoordRequest: p=107374182416 s=128849018896 to group=1 replica=2
20260313-142555-6293 17130 * ReceiveOperationResponse (bench_client.cc:547): AppRequest reply timeline: pos=0 status=0 issue_to_reply_ms=404 batch_age_ms=404
20260313-142555-7298 17130 * ReceiveOperationResponse (bench_client.cc:547): AppRequest reply timeline: pos=1 status=0 issue_to_reply_ms=503 batch_age_ms=504
20260313-142555-8303 17130 * ReceiveOperationResponse (bench_client.cc:547): AppRequest reply timeline: pos=2 status=0 issue_to_reply_ms=604 batch_age_ms=605
20260313-142555-9309 17130 * ReceiveOperationResponse (bench_client.cc:547): AppRequest reply timeline: pos=3 status=0 issue_to_reply_ms=704 batch_age_ms=705
20260313-142555-9309 17130 * ReceiveOperationResponse (bench_client.cc:562): AppRequest batch done: fanout=4 total_reply_ms=705
20260313-142555-9329 17130 * ExecuteNextAppRequestOperation (bench_client.cc:414): Sending op with proto 5 and index 0
20260313-142555-9332 17130 * ExecuteNextAppRequestOperation (bench_client.cc:414): Sending op with proto 5 and index 0
20260313-142555-9333 17130 * SendOperation   (shardclient.cc:377): Client-side CoordRequest: p=103079215114 s=111669149710 to group=0 replica=2
20260313-142555-9334 17130 * ExecuteNextAppRequestOperation (bench_client.cc:414): Sending op with proto 5 and index 0
20260313-142555-9335 17130 * SendOperation   (shardclient.cc:377): Client-side CoordRequest: p=111669149710 s=141733920780 to group=2 replica=2
20260313-142555-9336 17130 * GetNextOperation (app_request.cc:76): AppRequest batch composition: fanout=4 reads=0 writes=4
20260313-142555-9337 17130 * ExecuteNextAppRequestOperation (bench_client.cc:414): Sending op with proto 5 and index 0
20260313-142555-9337 17130 * SendOperation   (shardclient.cc:377): Client-side CoordRequest: p=141733920780 s=120259084300 to group=9 replica=2
20260313-142556-3358 17130 * ReceiveOperationResponse (bench_client.cc:547): AppRequest reply timeline: pos=0 status=0 issue_to_reply_ms=403 batch_age_ms=403
20260313-142556-4362 17130 * ReceiveOperationResponse (bench_client.cc:547): AppRequest reply timeline: pos=1 status=0 issue_to_reply_ms=503 batch_age_ms=504
20260313-142556-5367 17130 * ReceiveOperationResponse (bench_client.cc:547): AppRequest reply timeline: pos=2 status=0 issue_to_reply_ms=603 batch_age_ms=604
20260313-142556-6369 17130 * ReceiveOperationResponse (bench_client.cc:547): AppRequest reply timeline: pos=3 status=0 issue_to_reply_ms=703 batch_age_ms=704
20260313-142556-6370 17130 * ReceiveOperationResponse (bench_client.cc:562): AppRequest batch done: fanout=4 total_reply_ms=704
20260313-142556-6391 17130 * ExecuteNextAppRequestOperation (bench_client.cc:414): Sending op with proto 5 and index 0
20260313-142556-6394 17130 * ExecuteNextAppRequestOperation (bench_client.cc:414): Sending op with proto 5 and index 0
20260313-142556-6394 17130 * SendOperation   (shardclient.cc:377): Client-side CoordRequest: p=111669149711 s=137438953484 to group=2 replica=2
20260313-142556-6396 17130 * ExecuteNextAppRequestOperation (bench_client.cc:414): Sending op with proto 5 and index 0
20260313-142556-6397 17130 * SendOperation   (shardclient.cc:377): Client-side CoordRequest: p=137438953484 s=141733920781 to group=8 replica=2
20260313-142556-6398 17130 * GetNextOperation (app_request.cc:76): AppRequest batch composition: fanout=4 reads=0 writes=4
20260313-142556-6399 17130 * ExecuteNextAppRequestOperation (bench_client.cc:414): Sending op with proto 5 and index 0
20260313-142556-6399 17130 * SendOperation   (shardclient.cc:377): Client-side CoordRequest: p=141733920781 s=141733920782 to group=9 replica=2
20260313-142557-0419 17130 * ReceiveOperationResponse (bench_client.cc:547): AppRequest reply timeline: pos=0 status=0 issue_to_reply_ms=402 batch_age_ms=402
20260313-142557-1423 17130 * ReceiveOperationResponse (bench_client.cc:547): AppRequest reply timeline: pos=1 status=0 issue_to_reply_ms=503 batch_age_ms=503
20260313-142557-2428 17130 * ReceiveOperationResponse (bench_client.cc:547): AppRequest reply timeline: pos=2 status=0 issue_to_reply_ms=603 batch_age_ms=603
20260313-142557-2429 17130 * ReceiveOperationResponse (bench_client.cc:547): AppRequest reply timeline: pos=3 status=0 issue_to_reply_ms=603 batch_age_ms=603
20260313-142557-2430 17130 * ReceiveOperationResponse (bench_client.cc:562): AppRequest batch done: fanout=4 total_reply_ms=603
20260313-142557-2443 17130 * ExecuteNextAppRequestOperation (bench_client.cc:414): Sending op with proto 5 and index 0
20260313-142557-2446 17130 * ExecuteNextAppRequestOperation (bench_client.cc:414): Sending op with proto 5 and index 0
20260313-142557-2446 17130 * SendOperation   (shardclient.cc:377): Client-side CoordRequest: p=124554051595 s=133143986193 to group=5 replica=2
20260313-142557-2448 17130 * ExecuteNextAppRequestOperation (bench_client.cc:414): Sending op with proto 5 and index 0
20260313-142557-2449 17130 * SendOperation   (shardclient.cc:377): Client-side CoordRequest: p=133143986193 s=124554051596 to group=7 replica=2
20260313-142557-2450 17130 * GetNextOperation (app_request.cc:76): AppRequest batch composition: fanout=4 reads=0 writes=4
20260313-142557-2451 17130 * ExecuteNextAppRequestOperation (bench_client.cc:414): Sending op with proto 5 and index 0
20260313-142557-2452 17130 * SendOperation   (shardclient.cc:377): Client-side CoordRequest: p=124554051596 s=128849018897 to group=5 replica=2
20260313-142557-6478 17130 * ReceiveOperationResponse (bench_client.cc:547): AppRequest reply timeline: pos=0 status=0 issue_to_reply_ms=403 batch_age_ms=403
20260313-142557-7484 17130 * ReceiveOperationResponse (bench_client.cc:547): AppRequest reply timeline: pos=1 status=0 issue_to_reply_ms=504 batch_age_ms=504
20260313-142557-8489 17130 * ReceiveOperationResponse (bench_client.cc:547): AppRequest reply timeline: pos=2 status=0 issue_to_reply_ms=604 batch_age_ms=604
20260313-142557-9493 17130 * ReceiveOperationResponse (bench_client.cc:547): AppRequest reply timeline: pos=3 status=0 issue_to_reply_ms=705 batch_age_ms=705
20260313-142557-9494 17130 * ReceiveOperationResponse (bench_client.cc:562): AppRequest batch done: fanout=4 total_reply_ms=705
20260313-142557-9498 17130 * ExecuteNextAppRequestOperation (bench_client.cc:414): Sending op with proto 5 and index 0
20260313-142557-9500 17130 * ExecuteNextAppRequestOperation (bench_client.cc:414): Sending op with proto 5 and index 0
20260313-142557-9500 17130 * SendOperation   (shardclient.cc:377): Client-side CoordRequest: p=141733920783 s=124554051597 to group=9 replica=2
20260313-142557-9502 17130 * ExecuteNextAppRequestOperation (bench_client.cc:414): Sending op with proto 5 and index 0
20260313-142557-9503 17130 * SendOperation   (shardclient.cc:377): Client-side CoordRequest: p=124554051597 s=107374182417 to group=5 replica=2
20260313-142557-9504 17130 * GetNextOperation (app_request.cc:76): AppRequest batch composition: fanout=4 reads=0 writes=4
20260313-142557-9505 17130 * ExecuteNextAppRequestOperation (bench_client.cc:414): Sending op with proto 5 and index 0
20260313-142557-9505 17130 * SendOperation   (shardclient.cc:377): Client-side CoordRequest: p=107374182417 s=128849018898 to group=1 replica=2
20260313-142558-3525 17130 * ReceiveOperationResponse (bench_client.cc:547): AppRequest reply timeline: pos=0 status=0 issue_to_reply_ms=403 batch_age_ms=403
20260313-142558-4529 17130 * ReceiveOperationResponse (bench_client.cc:547): AppRequest reply timeline: pos=1 status=0 issue_to_reply_ms=503 batch_age_ms=503
20260313-142558-5533 17130 * ReceiveOperationResponse (bench_client.cc:547): AppRequest reply timeline: pos=2 status=0 issue_to_reply_ms=603 batch_age_ms=604
20260313-142558-6538 17130 * ReceiveOperationResponse (bench_client.cc:547): AppRequest reply timeline: pos=3 status=0 issue_to_reply_ms=703 batch_age_ms=704
20260313-142558-6539 17130 * ReceiveOperationResponse (bench_client.cc:562): AppRequest batch done: fanout=4 total_reply_ms=704
20260313-142558-6548 17130 * ExecuteNextAppRequestOperation (bench_client.cc:414): Sending op with proto 5 and index 0
20260313-142558-6550 17130 * ExecuteNextAppRequestOperation (bench_client.cc:414): Sending op with proto 5 and index 0
20260313-142558-6551 17130 * SendOperation   (shardclient.cc:377): Client-side CoordRequest: p=103079215115 s=115964117000 to group=0 replica=2
20260313-142558-6553 17130 * ExecuteNextAppRequestOperation (bench_client.cc:414): Sending op with proto 5 and index 0
20260313-142558-6553 17130 * SendOperation   (shardclient.cc:377): Client-side CoordRequest: p=115964117000 s=128849018899 to group=3 replica=2
20260313-142558-6555 17130 * GetNextOperation (app_request.cc:76): AppRequest batch composition: fanout=4 reads=0 writes=4
20260313-142558-6555 17130 * ExecuteNextAppRequestOperation (bench_client.cc:414): Sending op with proto 5 and index 0
20260313-142558-6556 17130 * SendOperation   (shardclient.cc:377): Client-side CoordRequest: p=128849018899 s=115964117001 to group=6 replica=2
20260313-142559-0577 17130 * ReceiveOperationResponse (bench_client.cc:547): AppRequest reply timeline: pos=0 status=0 issue_to_reply_ms=403 batch_age_ms=403
20260313-142559-1582 17130 * ReceiveOperationResponse (bench_client.cc:547): AppRequest reply timeline: pos=1 status=0 issue_to_reply_ms=504 batch_age_ms=504
20260313-142559-2587 17130 * ReceiveOperationResponse (bench_client.cc:547): AppRequest reply timeline: pos=2 status=0 issue_to_reply_ms=603 batch_age_ms=604
20260313-142559-3591 17130 * ReceiveOperationResponse (bench_client.cc:547): AppRequest reply timeline: pos=3 status=0 issue_to_reply_ms=704 batch_age_ms=705
20260313-142559-3592 17130 * ReceiveOperationResponse (bench_client.cc:562): AppRequest batch done: fanout=4 total_reply_ms=705
20260313-142559-3610 17130 * ExecuteNextAppRequestOperation (bench_client.cc:414): Sending op with proto 5 and index 0
20260313-142559-3613 17130 * ExecuteNextAppRequestOperation (bench_client.cc:414): Sending op with proto 5 and index 0
20260313-142559-3613 17130 * SendOperation   (shardclient.cc:377): Client-side CoordRequest: p=111669149712 s=124554051598 to group=2 replica=2
20260313-142559-3615 17130 * ExecuteNextAppRequestOperation (bench_client.cc:414): Sending op with proto 5 and index 0
20260313-142559-3616 17130 * SendOperation   (shardclient.cc:377): Client-side CoordRequest: p=124554051598 s=128849018900 to group=5 replica=2
20260313-142559-3617 17130 * GetNextOperation (app_request.cc:76): AppRequest batch composition: fanout=4 reads=0 writes=4
20260313-142559-3618 17130 * ExecuteNextAppRequestOperation (bench_client.cc:414): Sending op with proto 5 and index 0
20260313-142559-3618 17130 * SendOperation   (shardclient.cc:377): Client-side CoordRequest: p=128849018900 s=107374182418 to group=6 replica=2
20260313-142559-7638 17130 * ReceiveOperationResponse (bench_client.cc:547): AppRequest reply timeline: pos=0 status=0 issue_to_reply_ms=403 batch_age_ms=403
20260313-142559-8643 17130 * ReceiveOperationResponse (bench_client.cc:547): AppRequest reply timeline: pos=1 status=0 issue_to_reply_ms=503 batch_age_ms=504
20260313-142559-9648 17130 * ReceiveOperationResponse (bench_client.cc:547): AppRequest reply timeline: pos=2 status=0 issue_to_reply_ms=603 batch_age_ms=604
20260313-142600-0657 17130 * ReceiveOperationResponse (bench_client.cc:547): AppRequest reply timeline: pos=3 status=0 issue_to_reply_ms=704 batch_age_ms=705
20260313-142600-0658 17130 * ReceiveOperationResponse (bench_client.cc:562): AppRequest batch done: fanout=4 total_reply_ms=705
20260313-142600-0666 17130 * ExecuteNextAppRequestOperation (bench_client.cc:414): Sending op with proto 5 and index 0
20260313-142600-0668 17130 * ExecuteNextAppRequestOperation (bench_client.cc:414): Sending op with proto 5 and index 0
20260313-142600-0669 17130 * SendOperation   (shardclient.cc:377): Client-side CoordRequest: p=137438953485 s=128849018901 to group=8 replica=2
20260313-142600-0671 17130 * ExecuteNextAppRequestOperation (bench_client.cc:414): Sending op with proto 5 and index 0
20260313-142600-0671 17130 * SendOperation   (shardclient.cc:377): Client-side CoordRequest: p=128849018901 s=115964117002 to group=6 replica=2
20260313-142600-0673 17130 * GetNextOperation (app_request.cc:76): AppRequest batch composition: fanout=4 reads=0 writes=4
20260313-142600-0673 17130 * ExecuteNextAppRequestOperation (bench_client.cc:414): Sending op with proto 5 and index 0
20260313-142600-0674 17130 * SendOperation   (shardclient.cc:377): Client-side CoordRequest: p=115964117002 s=120259084301 to group=3 replica=2
20260313-142600-4695 17130 * ReceiveOperationResponse (bench_client.cc:547): AppRequest reply timeline: pos=0 status=0 issue_to_reply_ms=403 batch_age_ms=403
20260313-142600-5700 17130 * ReceiveOperationResponse (bench_client.cc:547): AppRequest reply timeline: pos=1 status=0 issue_to_reply_ms=503 batch_age_ms=503
20260313-142600-6705 17130 * ReceiveOperationResponse (bench_client.cc:547): AppRequest reply timeline: pos=2 status=0 issue_to_reply_ms=604 batch_age_ms=604
20260313-142600-7710 17130 * ReceiveOperationResponse (bench_client.cc:547): AppRequest reply timeline: pos=3 status=0 issue_to_reply_ms=703 batch_age_ms=704
20260313-142600-7711 17130 * ReceiveOperationResponse (bench_client.cc:562): AppRequest batch done: fanout=4 total_reply_ms=704
20260313-142600-7713 17130 * ExecuteNextAppRequestOperation (bench_client.cc:414): Sending op with proto 5 and index 0
20260313-142600-7715 17130 * ExecuteNextAppRequestOperation (bench_client.cc:414): Sending op with proto 5 and index 0
20260313-142600-7716 17130 * SendOperation   (shardclient.cc:377): Client-side CoordRequest: p=107374182419 s=141733920784 to group=1 replica=2
20260313-142600-7718 17130 * ExecuteNextAppRequestOperation (bench_client.cc:414): Sending op with proto 5 and index 0
20260313-142600-7718 17130 * SendOperation   (shardclient.cc:377): Client-side CoordRequest: p=141733920784 s=115964117003 to group=9 replica=2
20260313-142600-7720 17130 * GetNextOperation (app_request.cc:76): AppRequest batch composition: fanout=4 reads=0 writes=4
20260313-142600-7720 17130 * ExecuteNextAppRequestOperation (bench_client.cc:414): Sending op with proto 5 and index 0
20260313-142600-7721 17130 * SendOperation   (shardclient.cc:377): Client-side CoordRequest: p=115964117003 s=141733920785 to group=3 replica=2
20260313-142601-1742 17130 * ReceiveOperationResponse (bench_client.cc:547): AppRequest reply timeline: pos=0 status=0 issue_to_reply_ms=403 batch_age_ms=403
20260313-142601-2746 17130 * ReceiveOperationResponse (bench_client.cc:547): AppRequest reply timeline: pos=1 status=0 issue_to_reply_ms=503 batch_age_ms=503
20260313-142601-3751 17130 * ReceiveOperationResponse (bench_client.cc:547): AppRequest reply timeline: pos=2 status=0 issue_to_reply_ms=603 batch_age_ms=603
20260313-142601-4755 17130 * ReceiveOperationResponse (bench_client.cc:547): AppRequest reply timeline: pos=3 status=0 issue_to_reply_ms=704 batch_age_ms=704
20260313-142601-4756 17130 * ReceiveOperationResponse (bench_client.cc:562): AppRequest batch done: fanout=4 total_reply_ms=704
20260313-142601-4773 17130 * ExecuteNextAppRequestOperation (bench_client.cc:414): Sending op with proto 5 and index 0
20260313-142601-4775 17130 * ExecuteNextAppRequestOperation (bench_client.cc:414): Sending op with proto 5 and index 0
20260313-142601-4776 17130 * SendOperation   (shardclient.cc:377): Client-side CoordRequest: p=120259084302 s=120259084303 to group=4 replica=2
20260313-142601-4777 17130 * ExecuteNextAppRequestOperation (bench_client.cc:414): Sending op with proto 5 and index 0
20260313-142601-4778 17130 * SendOperation   (shardclient.cc:377): Client-side CoordRequest: p=120259084303 s=137438953486 to group=4 replica=2
20260313-142601-4779 17130 * GetNextOperation (app_request.cc:76): AppRequest batch composition: fanout=4 reads=0 writes=4
20260313-142601-4780 17130 * ExecuteNextAppRequestOperation (bench_client.cc:414): Sending op with proto 5 and index 0
20260313-142601-4780 17130 * SendOperation   (shardclient.cc:377): Client-side CoordRequest: p=137438953486 s=124554051599 to group=8 replica=2
20260313-142601-8806 17130 * ReceiveOperationResponse (bench_client.cc:547): AppRequest reply timeline: pos=0 status=0 issue_to_reply_ms=403 batch_age_ms=403
20260313-142601-8807 17130 * ReceiveOperationResponse (bench_client.cc:547): AppRequest reply timeline: pos=1 status=0 issue_to_reply_ms=403 batch_age_ms=403
20260313-142601-9814 17130 * ReceiveOperationResponse (bench_client.cc:547): AppRequest reply timeline: pos=2 status=0 issue_to_reply_ms=504 batch_age_ms=504
20260313-142602-0818 17130 * ReceiveOperationResponse (bench_client.cc:547): AppRequest reply timeline: pos=3 status=0 issue_to_reply_ms=604 batch_age_ms=604
20260313-142602-0819 17130 * ReceiveOperationResponse (bench_client.cc:562): AppRequest batch done: fanout=4 total_reply_ms=604
20260313-142602-0820 17130 * Finish          (bench_client.cc:938): Completed 33 requests in 23.497604 seconds
20260313-142602-0820 17130 * Finish          (bench_client.cc:939): 1 outstanding transactions.
20260313-142602-0825 17130 * ExecuteNextAppRequestOperation (bench_client.cc:414): Sending op with proto 5 and index 0
20260313-142602-0827 17130 * ExecuteNextAppRequestOperation (bench_client.cc:414): Sending op with proto 5 and index 0
20260313-142602-0827 17130 * SendOperation   (shardclient.cc:377): Client-side CoordRequest: p=111669149713 s=107374182420 to group=2 replica=2
20260313-142602-0829 17130 * ExecuteNextAppRequestOperation (bench_client.cc:414): Sending op with proto 5 and index 0
20260313-142602-0830 17130 * SendOperation   (shardclient.cc:377): Client-side CoordRequest: p=107374182420 s=133143986194 to group=1 replica=2
20260313-142602-0831 17130 * GetNextOperation (app_request.cc:76): AppRequest batch composition: fanout=4 reads=0 writes=4
20260313-142602-0832 17130 * ExecuteNextAppRequestOperation (bench_client.cc:414): Sending op with proto 5 and index 0
20260313-142602-0832 17130 * SendOperation   (shardclient.cc:377): Client-side CoordRequest: p=133143986194 s=124554051600 to group=7 replica=2
20260313-142602-4852 17130 * ReceiveOperationResponse (bench_client.cc:547): AppRequest reply timeline: pos=0 status=0 issue_to_reply_ms=403 batch_age_ms=403
20260313-142602-5857 17130 * ReceiveOperationResponse (bench_client.cc:547): AppRequest reply timeline: pos=1 status=0 issue_to_reply_ms=503 batch_age_ms=503
20260313-142602-6862 17130 * ReceiveOperationResponse (bench_client.cc:547): AppRequest reply timeline: pos=2 status=0 issue_to_reply_ms=604 batch_age_ms=604
20260313-142602-7867 17130 * ReceiveOperationResponse (bench_client.cc:547): AppRequest reply timeline: pos=3 status=0 issue_to_reply_ms=703 batch_age_ms=704
20260313-142602-7868 17130 * ReceiveOperationResponse (bench_client.cc:562): AppRequest batch done: fanout=4 total_reply_ms=704
Session continued: 0
last_service: , current_state: 0
Session destroyed: 18446744073709551615
last_service: , current_state: 0
Session continued: 0
last_service: , current_state: 0
Session destroyed: 18446744073709551615
last_service: , current_state: 0
Session destroyed: 0
last_service: , current_state: 0
20260313-142603-8947 17130 * FlushStats      (benchmark.cc:916): Flushing stats to /mnt/extra/experiments/2026-04-13-14-25-03/out/client-3-0-0-stats-0.json.
20260313-142603-8949 17130 * FlushStats      (benchmark.cc:928): All done!
20260313-142606-0821 17130 * Cleanup         (bench_client.cc:766): Aborting 0 outstanding transactions.
20260313-142606-0822 17130 * CooldownDone    (bench_client.cc:796): Finished cooldown period.
20260313-142606-0823 17130 * CooldownDone    (bench_client.cc:803): Median latency is 704597685 ns (704 ms)
20260313-142606-0823 17130 * CooldownDone    (bench_client.cc:812): Average latency is 689972795 ns (689 ms)
20260313-142606-0824 17130 * CooldownDone    (bench_client.cc:816): 90th percentile latency is 705175600 ns (705 ms)
20260313-142606-0824 17130 * CooldownDone    (bench_client.cc:820): 95th percentile latency is 705286103 ns (705 ms)
20260313-142606-0825 17130 * CooldownDone    (bench_client.cc:824): 99th percentile latency is 705443448 ns (705 ms)
20260313-142606-0825 17130 * LATENCY total: 604 ms 689 ms/536 ms 705 ms (34 samples, 23 s total)
20260313-142606-0826 17130 *     536 ms |         34 | ==================================
20260313-142606-0827 17130 * Stop            (tcptransport.cc:601): [TCP SUMMARY] outgoingCreated=50 outgoingClosed=0 incomingCreated=0 incomingClosed=0 outgoingPeak=50 incomingPeak=0
Inserted events:
  0x560810ccc390 [fd  7] Read Persist Internal
  0x560810cf7df0 [fd  9] Read Persist
  0x560810cfc6f0 [fd  10] Read Persist
  0x560810cf87b0 [fd  11] Read Persist
  0x560810cf28d0 [fd  12] Read Persist
  0x560810cf2530 [fd  13] Read Persist
  0x560810cf2d40 [fd  14] Read Persist
  0x560810d159f0 [fd  15] Read Persist
  0x560810d141a0 [fd  16] Read Persist
  0x560810d146b0 [fd  17] Read Persist
  0x560810d157c0 [fd  18] Read Persist
  0x560810d1aac0 [fd  19] Read Persist
  0x560810d14bf0 [fd  20] Read Persist
  0x560810d1a890 [fd  21] Read Persist
  0x560810d1faf0 [fd  22] Read Persist
  0x560810d1e7b0 [fd  23] Read Persist
  0x560810d1f8c0 [fd  24] Read Persist
  0x560810d24b30 [fd  25] Read Persist
  0x560810d197c0 [fd  26] Read Persist
  0x560810d24900 [fd  27] Read Persist
  0x560810d29e10 [fd  28] Read Persist
  0x560810d23f20 [fd  29] Read Persist
  0x560810d29be0 [fd  30] Read Persist
  0x560810d2eed0 [fd  31] Read Persist
  0x560810d2db90 [fd  32] Read Persist
  0x560810d2eca0 [fd  33] Read Persist
  0x560810d34290 [fd  34] Read Persist
  0x560810d2e220 [fd  35] Read Persist
  0x560810d34060 [fd  36] Read Persist
  0x560810d394e0 [fd  37] Read Persist
  0x560810d33020 [fd  38] Read Persist
  0x560810d44a70 [fd  39] Read Persist
  0x560810d3eff0 [fd  40] Read Persist
  0x560810d45120 [fd  41] Read Persist
  0x560810d18b40 [fd  42] Read Persist
  0x560810d1a3b0 [fd  43] Read Persist
  0x560810d1f3e0 [fd  44] Read Persist
  0x560810d24510 [fd  45] Read Persist
  0x560810d29700 [fd  46] Read Persist
  0x560810d31d10 [fd  47] Read Persist
  0x560810d32210 [fd  48] Read Persist
  0x560810d33b80 [fd  49] Read Persist
  0x560810d38ec0 [fd  50] Read Persist
  0x560810d3ecd0 [fd  51] Read Persist
  0x560810d457f0 [fd  52] Read Persist
  0x560810d2cc00 [fd  53] Read Persist
  0x560810d2d0e0 [fd  54] Read Persist
  0x560810d1dbd0 [fd  55] Read Persist
  0x560810d50f00 [fd  56] Read Persist
  0x560810d51b30 [fd  57] Read Persist
  0x560810d52350 [fd  58] Read Persist
Active events:
20260313-142606-0835 17130 * main            (benchmark.cc:875): Cleaning up after experiment.
20260313-142606-0835 17130 * FlushStats      (benchmark.cc:916): Flushing stats to /mnt/extra/experiments/2026-04-13-14-25-03/out/client-3-0-0-stats-0.json.
20260313-142606-0837 17130 * FlushStats      (benchmark.cc:928): All done!
