20260313-055721-1181 15740 * main            (server.cc:217):    Starting server.
20260313-055721-1186 15740 * main            (server.cc:335):    Creating a default paritioner!
20260313-055723-1818 15740 * main            (server.cc:513):    Done loading server.
20260313-055743-7646 15740 * HandlePrepare   (replica.cc:709):   [2] Tail batch: size=1 pending_ooo=0 avg_batch_size=1.00 total_ops=1
20260313-055744-3612 15740 * HandlePrepare   (replica.cc:709):   [2] Tail batch: size=1 pending_ooo=0 avg_batch_size=1.00 total_ops=2
20260313-055744-4860 15740 * HandlePrepare   (replica.cc:709):   [2] Tail batch: size=1 pending_ooo=0 avg_batch_size=1.00 total_ops=3
20260313-055744-7534 15740 * HandlePrepare   (replica.cc:709):   [2] Tail batch: size=1 pending_ooo=0 avg_batch_size=1.00 total_ops=4
20260313-055744-7698 15740 * HandlePrepare   (replica.cc:709):   [2] Tail batch: size=1 pending_ooo=0 avg_batch_size=1.00 total_ops=5
20260313-055744-8879 15740 * HandlePrepare   (replica.cc:709):   [2] Tail batch: size=1 pending_ooo=0 avg_batch_size=1.00 total_ops=6
20260313-055746-4980 15740 * HandlePrepare   (replica.cc:709):   [2] Tail batch: size=1 pending_ooo=0 avg_batch_size=1.00 total_ops=7
20260313-055746-9002 15740 * HandlePrepare   (replica.cc:709):   [2] Tail batch: size=1 pending_ooo=0 avg_batch_size=1.00 total_ops=8
20260313-055747-3949 15740 * HandlePrepare   (replica.cc:709):   [2] Tail batch: size=1 pending_ooo=0 avg_batch_size=1.00 total_ops=9
20260313-055747-7970 15740 * HandlePrepare   (replica.cc:709):   [2] Tail batch: size=1 pending_ooo=0 avg_batch_size=1.00 total_ops=10
20260313-055747-9890 15740 * HandlePrepare   (replica.cc:709):   [2] Tail batch: size=1 pending_ooo=0 avg_batch_size=1.00 total_ops=11
20260313-055748-3985 15740 * HandlePrepare   (replica.cc:709):   [2] Tail batch: size=1 pending_ooo=0 avg_batch_size=1.00 total_ops=12
20260313-055748-7761 15740 * HandlePrepare   (replica.cc:709):   [2] Tail batch: size=1 pending_ooo=0 avg_batch_size=1.00 total_ops=13
20260313-055748-7941 15740 * HandlePrepare   (replica.cc:709):   [2] Tail batch: size=1 pending_ooo=0 avg_batch_size=1.00 total_ops=14
20260313-055749-9616 15740 * HandlePrepare   (replica.cc:709):   [2] Tail batch: size=1 pending_ooo=0 avg_batch_size=1.00 total_ops=15
20260313-055751-2071 15740 * HandlePrepare   (replica.cc:709):   [2] Tail batch: size=1 pending_ooo=0 avg_batch_size=1.00 total_ops=16
20260313-055751-2141 15740 * HandlePrepare   (replica.cc:709):   [2] Tail batch: size=1 pending_ooo=0 avg_batch_size=1.00 total_ops=17
20260313-055752-4295 15740 * HandlePrepare   (replica.cc:709):   [2] Tail batch: size=1 pending_ooo=0 avg_batch_size=1.00 total_ops=18
20260313-055752-9387 15740 * HandlePrepare   (replica.cc:709):   [2] Tail batch: size=1 pending_ooo=0 avg_batch_size=1.00 total_ops=19
20260313-055753-0280 15740 * HandlePrepare   (replica.cc:709):   [2] Tail batch: size=1 pending_ooo=0 avg_batch_size=1.00 total_ops=20
20260313-055753-2336 15740 * HandlePrepare   (replica.cc:709):   [2] Tail batch: size=1 pending_ooo=0 avg_batch_size=1.00 total_ops=21
20260313-055754-4408 15740 * HandlePrepare   (replica.cc:709):   [2] Tail batch: size=1 pending_ooo=0 avg_batch_size=1.00 total_ops=22
20260313-055755-2151 15740 * HandlePrepare   (replica.cc:709):   [2] Tail batch: size=1 pending_ooo=0 avg_batch_size=1.00 total_ops=23
20260313-055755-2316 15740 * HandlePrepare   (replica.cc:709):   [2] Tail batch: size=1 pending_ooo=0 avg_batch_size=1.00 total_ops=24
20260313-055756-0278 15740 * HandlePrepare   (replica.cc:709):   [2] Tail batch: size=1 pending_ooo=0 avg_batch_size=1.00 total_ops=25
20260313-055756-4298 15740 * HandlePrepare   (replica.cc:709):   [2] Tail batch: size=1 pending_ooo=0 avg_batch_size=1.00 total_ops=26
20260313-055756-5609 15740 * HandlePrepare   (replica.cc:709):   [2] Tail batch: size=1 pending_ooo=0 avg_batch_size=1.00 total_ops=27
20260313-055757-2046 15740 * HandlePrepare   (replica.cc:709):   [2] Tail batch: size=1 pending_ooo=0 avg_batch_size=1.00 total_ops=28
20260313-055757-2428 15740 * HandlePrepare   (replica.cc:709):   [2] Tail batch: size=1 pending_ooo=0 avg_batch_size=1.00 total_ops=29
20260313-055757-8574 15740 * HandlePrepare   (replica.cc:709):   [2] Tail batch: size=1 pending_ooo=0 avg_batch_size=1.00 total_ops=30
20260313-055758-0315 15740 * HandlePrepare   (replica.cc:709):   [2] Tail batch: size=1 pending_ooo=0 avg_batch_size=1.00 total_ops=31
20260313-055758-4127 15740 * HandlePrepare   (replica.cc:709):   [2] Tail batch: size=1 pending_ooo=0 avg_batch_size=1.00 total_ops=32
20260313-055758-4507 15740 * HandlePrepare   (replica.cc:709):   [2] Tail batch: size=1 pending_ooo=0 avg_batch_size=1.00 total_ops=33
20260313-055758-4541 15740 * HandlePrepare   (replica.cc:709):   [2] Tail batch: size=1 pending_ooo=0 avg_batch_size=1.00 total_ops=34
20260313-055758-4654 15740 * HandlePrepare   (replica.cc:709):   [2] Tail batch: size=1 pending_ooo=0 avg_batch_size=1.00 total_ops=35
20260313-055759-0647 15740 * HandlePrepare   (replica.cc:709):   [2] Tail batch: size=1 pending_ooo=0 avg_batch_size=1.00 total_ops=36
20260313-055800-5853 15740 * HandlePrepare   (replica.cc:709):   [2] Tail batch: size=1 pending_ooo=0 avg_batch_size=1.00 total_ops=37
20260313-055800-8789 15740 * HandlePrepare   (replica.cc:709):   [2] Tail batch: size=1 pending_ooo=0 avg_batch_size=1.00 total_ops=38
20260313-055801-6619 15740 * HandlePrepare   (replica.cc:709):   [2] Tail batch: size=1 pending_ooo=0 avg_batch_size=1.00 total_ops=39
20260313-055801-7937 15740 * HandlePrepare   (replica.cc:709):   [2] Tail batch: size=1 pending_ooo=0 avg_batch_size=1.00 total_ops=40
20260313-055803-0868 15740 * HandlePrepare   (replica.cc:709):   [2] Tail batch: size=1 pending_ooo=0 avg_batch_size=1.00 total_ops=41
20260313-055803-2777 15740 * HandlePrepare   (replica.cc:709):   [2] Tail batch: size=1 pending_ooo=0 avg_batch_size=1.00 total_ops=42
20260313-055803-2806 15740 * HandlePrepare   (replica.cc:709):   [2] Tail batch: size=1 pending_ooo=0 avg_batch_size=1.00 total_ops=43
20260313-055803-6651 15740 * HandlePrepare   (replica.cc:709):   [2] Tail batch: size=1 pending_ooo=0 avg_batch_size=1.00 total_ops=44
20260313-055803-6734 15740 * HandlePrepare   (replica.cc:709):   [2] Tail batch: size=1 pending_ooo=0 avg_batch_size=1.00 total_ops=45
20260313-055804-0969 15740 * HandlePrepare   (replica.cc:709):   [2] Tail batch: size=1 pending_ooo=0 avg_batch_size=1.00 total_ops=46
20260313-055804-4836 15740 * HandlePrepare   (replica.cc:709):   [2] Tail batch: size=1 pending_ooo=0 avg_batch_size=1.00 total_ops=47
20260313-055804-4865 15740 * HandlePrepare   (replica.cc:709):   [2] Tail batch: size=1 pending_ooo=0 avg_batch_size=1.00 total_ops=48
20260313-055804-9022 15740 * HandlePrepare   (replica.cc:709):   [2] Tail batch: size=1 pending_ooo=0 avg_batch_size=1.00 total_ops=49
20260313-055805-0122 15740 * HandlePrepare   (replica.cc:709):   [2] Tail batch: size=1 pending_ooo=0 avg_batch_size=1.00 total_ops=50
20260313-055805-6938 15740 * HandlePrepare   (replica.cc:709):   [2] Tail batch: size=1 pending_ooo=0 avg_batch_size=1.00 total_ops=51
20260313-055805-7065 15740 * HandlePrepare   (replica.cc:709):   [2] Tail batch: size=1 pending_ooo=0 avg_batch_size=1.00 total_ops=52
20260313-055807-0240 15740 * HandlePrepare   (replica.cc:709):   [2] Tail batch: size=1 pending_ooo=0 avg_batch_size=1.00 total_ops=53
20260313-055807-1088 15740 * HandlePrepare   (replica.cc:709):   [2] Tail batch: size=1 pending_ooo=0 avg_batch_size=1.00 total_ops=54
20260313-055807-2954 15740 * HandlePrepare   (replica.cc:709):   [2] Tail batch: size=1 pending_ooo=0 avg_batch_size=1.00 total_ops=55
20260313-055808-8932 15740 * HandlePrepare   (replica.cc:709):   [2] Tail batch: size=1 pending_ooo=0 avg_batch_size=1.00 total_ops=56
20260313-055809-3130 15740 * HandlePrepare   (replica.cc:709):   [2] Tail batch: size=1 pending_ooo=0 avg_batch_size=1.00 total_ops=57
20260313-055809-9248 15740 * HandlePrepare   (replica.cc:709):   [2] Tail batch: size=1 pending_ooo=0 avg_batch_size=1.00 total_ops=58
20260313-055811-5336 15740 * HandlePrepare   (replica.cc:709):   [2] Tail batch: size=1 pending_ooo=0 avg_batch_size=1.00 total_ops=59
20260313-055811-7431 15740 * HandlePrepare   (replica.cc:709):   [2] Tail batch: size=1 pending_ooo=0 avg_batch_size=1.00 total_ops=60
20260313-055811-8537 15740 * HandlePrepare   (replica.cc:709):   [2] Tail batch: size=1 pending_ooo=0 avg_batch_size=1.00 total_ops=61
20260313-055812-1223 15740 * HandlePrepare   (replica.cc:709):   [2] Tail batch: size=1 pending_ooo=0 avg_batch_size=1.00 total_ops=62
20260313-055812-1288 15740 * HandlePrepare   (replica.cc:709):   [2] Tail batch: size=1 pending_ooo=0 avg_batch_size=1.00 total_ops=63
20260313-055814-9322 15740 ! TCPIncomingEventCallback (tcptransport.cc:942): [TCP INCOMING 117] EOF, lifetime=31376.33 ms
20260313-055815-0877 15740 ! TCPIncomingEventCallback (tcptransport.cc:942): [TCP INCOMING 118] EOF, lifetime=31367.08 ms
20260313-055815-1077 15740 ! TCPIncomingEventCallback (tcptransport.cc:942): [TCP INCOMING 120] EOF, lifetime=31356.35 ms
20260313-055815-1190 15740 ! TCPIncomingEventCallback (tcptransport.cc:942): [TCP INCOMING 122] EOF, lifetime=31359.12 ms
20260313-055815-1237 15740 ! TCPIncomingEventCallback (tcptransport.cc:942): [TCP INCOMING 121] EOF, lifetime=31369.46 ms
20260313-055815-1259 15740 ! TCPIncomingEventCallback (tcptransport.cc:942): [TCP INCOMING 119] EOF, lifetime=31379.26 ms
20260313-055815-1405 15740 ! TCPIncomingEventCallback (tcptransport.cc:942): [TCP INCOMING 123] EOF, lifetime=31379.12 ms
20260313-055815-2513 15740 ! TCPIncomingEventCallback (tcptransport.cc:942): [TCP INCOMING 124] EOF, lifetime=31381.36 ms
20260313-055821-6803 15740 * Cleanup         (server.cc:589):    Gracefully exiting after signal 15.
20260313-055821-6803 15740 * Stop            (tcptransport.cc:605): [TCP SUMMARY] outgoingCreated=58 outgoingClosed=0 incomingCreated=66 incomingClosed=8 outgoingPeak=94 incomingPeak=37
Inserted events:
  0x55c461f29d00 [fd  9] Read Persist Internal
  0x55c461f31a60 [fd  10] Read Persist
  0x55c461f3ce70 [fd  11] Read Persist
  0x55c46e5bcee0 [fd  12] Read Persist
  0x55c46e5bd100 [fd  13] Read Persist
  0x55c46e5bd320 [fd  14] Read Persist
  0x55c46e5b5190 [fd  15] Read Persist
  0x55c46e5ba120 [fd  16] Read Persist
  0x55c46e5ae940 [fd  17] Read Persist
  0x55c46e5b84f0 [fd  18] Read Persist
  0x55c46e5aff00 [fd  19] Read Persist
  0x55c46e5b8a10 [fd  20] Read Persist
  0x55c46e5b9700 [fd  21] Read Persist
  0x55c46e5ada30 [fd  22] Read Persist
  0x55c46e5adf40 [fd  23] Read Persist
  0x55c46e5ae4a0 [fd  24] Read Persist
  0x55c46e5aef70 [fd  25] Read Persist
  0x55c46e5af500 [fd  26] Read Persist
  0x55c46e5afa90 [fd  27] Read Persist
  0x55c46e5b5990 [fd  28] Read Persist
  0x55c46e5b6050 [fd  29] Read Persist
  0x55c46e5b65e0 [fd  30] Read Persist
  0x55c46e5b6b70 [fd  31] Read Persist
  0x55c46e5b7100 [fd  32] Read Persist
  0x55c46e5bd540 [fd  33] Read Persist
  0x55c46e5bd910 [fd  34] Read Persist
  0x55c46e5bdea0 [fd  35] Read Persist
  0x55c46e5be430 [fd  36] Read Persist
  0x55c46e5be9c0 [fd  37] Read Persist
  0x55c46e5bef50 [fd  38] Read Persist
  0x55c46e5bf4e0 [fd  39] Read Persist
  0x55c46e5bfa70 [fd  40] Read Persist
  0x55c46e5c0000 [fd  41] Read Persist
  0x55c46e5c0590 [fd  42] Read Persist
  0x55c46e5c0b20 [fd  43] Read Persist
  0x55c46e5c0f40 [fd  44] Read Persist
  0x55c46e5c1160 [fd  45] Read Persist
  0x55c46e5c1410 [fd  46] Read Persist
  0x55c46e5c17b0 [fd  47] Read Persist
  0x55c46e5c1b50 [fd  48] Read Persist
  0x55c461f37f10 [fd  49] Read Persist
  0x55c461f383c0 [fd  50] Read Persist
  0x55c461f38790 [fd  51] Read Persist
  0x55c461f38b60 [fd  52] Read Persist
  0x55c46e5c1ef0 [fd  53] Read Persist
  0x55c46e5c2110 [fd  54] Read Persist
  0x55c46e5c2330 [fd  55] Read Persist
  0x55c46e5c2670 [fd  56] Read Persist
  0x55c46e5c2a30 [fd  57] Read Persist
  0x55c46e5c2ed0 [fd  58] Read Persist
  0x55c46e5c3370 [fd  59] Read Persist
  0x55c46e5c3810 [fd  60] Read Persist
  0x55c46e5c3cb0 [fd  61] Read Persist
  0x55c46e5c4150 [fd  62] Read Persist
  0x55c46e5c45f0 [fd  63] Read Persist
  0x55c46e5c4a90 [fd  64] Read Persist
  0x55c46e5c5340 [fd  65] Read Persist
  0x55c46e5c57e0 [fd  66] Read Persist
  0x55c46e5c5c80 [fd  67] Read Persist
  0x55c46e5c6120 [fd  68] Read Persist
  0x55c46e5c65c0 [fd  69] Read Persist
  0x55c46e5c6a60 [fd  70] Read Persist
  0x55c46e5c6f80 [fd  71] Read Persist
  0x55c46e5c7420 [fd  72] Read Persist
  0x55c46e5c78c0 [fd  73] Read Persist
  0x55c46e5c7d60 [fd  74] Read Persist
  0x55c46e5c8200 [fd  75] Read Persist
  0x55c46e5c86a0 [fd  76] Read Persist
  0x55c46e5c8bf0 [fd  77] Read Persist
  0x55c46e5c90b0 [fd  78] Read Persist
  0x55c46e5c9570 [fd  79] Read Persist
  0x55c46e5c9a30 [fd  80] Read Persist
  0x55c46e5c9ef0 [fd  81] Read Persist
  0x55c46e5ca3b0 [fd  82] Read Persist
  0x55c46e5ca870 [fd  83] Read Persist
  0x55c46e5cae00 [fd  84] Read Persist
  0x55c46e5cb390 [fd  85] Read Persist
  0x55c46e5cb920 [fd  86] Read Persist
  0x55c46e5cbeb0 [fd  87] Read Persist
  0x55c46e5cc440 [fd  88] Read Persist
  0x55c46e5cc9d0 [fd  89] Read Persist
  0x55c46e5ccf60 [fd  90] Read Persist
  0x55c46e5cdf70 [fd  91] Read Persist
  0x55c46e5ce500 [fd  92] Read Persist
  0x55c46e5cea90 [fd  93] Read Persist
  0x55c46e5cf020 [fd  94] Read Persist
  0x55c46e5cf5b0 [fd  95] Read Persist
  0x55c46e5cfb40 [fd  96] Read Persist
  0x55c46e5d00d0 [fd  97] Read Persist
  0x55c46e5d0660 [fd  98] Read Persist
  0x55c46e5d0bf0 [fd  99] Read Persist
  0x55c46e5d1180 [fd  100] Read Persist
  0x55c46e5d1710 [fd  101] Read Persist
  0x55c46e5d1ca0 [fd  102] Read Persist
  0x55c46e5d2230 [fd  103] Read Persist
  0x55c46e5d27c0 [fd  104] Read Persist
  0x55c46e5d2d50 [fd  105] Read Persist
  0x55c46e5d3170 [fd  106] Read Persist
  0x55c46e5d3390 [fd  107] Read Persist
  0x55c46e5d3640 [fd  108] Read Persist
  0x55c46e5d39e0 [fd  109] Read Persist
  0x55c46e5d3d80 [fd  110] Read Persist
  0x55c46e5d4120 [fd  111] Read Persist
  0x55c46e5d44c0 [fd  112] Read Persist
  0x55c46e5d4860 [fd  113] Read Persist
  0x55c46e5d4c00 [fd  114] Read Persist
  0x55c46e5d4fa0 [fd  115] Read Persist
  0x55c46e5d5340 [fd  116] Read Persist
  0x55c46e5d56e0 [fd  117] Read Persist
  0x55c46e5d5a80 [fd  118] Read Persist
  0x55c46e5d5e20 [fd  119] Read Persist
  0x55c46e5d61f0 [fd  120] Read Persist
  0x55c46e5d65c0 [fd  121] Read Persist
  0x55c46e5d6990 [fd  122] Read Persist
  0x55c46e5d6d60 [fd  123] Read Persist
  0x55c46e5d7130 [fd  124] Read Persist
  0x55c46e5d7530 [fd  125] Read Persist
  0x55c46e5d7930 [fd  126] Read Persist
  0x55c46e5d7d30 [fd  127] Read Persist
Active events:
20260313-055821-6822 15740 * Cleanup         (server.cc:593):    Exporting stats to /mnt/extra/experiments/2026-04-13-05-57-13/out/server-0-4-2-stats-0.json.
