20260110-074210-7763 20341 * Client          (client.cc:73):     Initializing StrongStore client with id [15]
20260110-074210-7768 20341 * BenchmarkClient (bench_client.cc:89): starting benchclient, issueConcurrent: 0; fanout: 1
Session created: 0
last_service: , current_state: 0
Session continued: 0
last_service: , current_state: 0
Session destroyed: 18446744073709551615
last_service: , current_state: 0
20260110-074705-0688 20341 * Stop            (tcptransport.cc:606): [TCP SUMMARY] outgoingCreated=10 outgoingClosed=0 incomingCreated=0 incomingClosed=0 outgoingPeak=10 incomingPeak=0
Inserted events:
  0x1f4a970 [fd  7] Read Persist Internal
  0x1f578d0 [fd  8] Read Persist
  0x1f57fc0 [fd  9] Read Persist
  0x1f582e0 [fd  10] Read Persist
  0x1f76fb0 [fd  11] Read Persist
  0x1f78290 [fd  12] Read Persist
  0x1f78cf0 [fd  13] Read Persist
  0x1f79250 [fd  14] Read Persist
  0x1f7a840 [fd  15] Read Persist
  0x1f7ad10 [fd  16] Read Persist
  0x1f7b400 [fd  17] Read Persist
  0x7f5750000b20 [fd  -1] Persist Timeout=1770734825.077086
Active events:
20260110-074705-0691 20341 * ~BenchmarkClient (bench_client.cc:114): Stopped event loop and Joined the thread it ran on
