20260313-144049-6409 27841 * main            (server.cc:217):    Starting server.
20260313-144049-6421 27841 * main            (server.cc:335):    Creating a default paritioner!
20260313-144051-5754 27841 * main            (server.cc:513):    Done loading server.
[libprotobuf ERROR google/protobuf/message_lite.cc:121] Can't parse message of type "replication.iocl_craq.proto.SuccessorRequestMessage" because it is missing required fields: s, succ_groupidx, succ_replicaidx
[libprotobuf ERROR google/protobuf/message_lite.cc:121] Can't parse message of type "replication.iocl_craq.proto.SuccessorRequestMessage" because it is missing required fields: s, succ_groupidx, succ_replicaidx
[libprotobuf ERROR google/protobuf/message_lite.cc:121] Can't parse message of type "replication.iocl_craq.proto.SuccessorRequestMessage" because it is missing required fields: s, succ_groupidx, succ_replicaidx
[libprotobuf ERROR google/protobuf/message_lite.cc:121] Can't parse message of type "replication.iocl_craq.proto.SuccessorRequestMessage" because it is missing required fields: s, succ_groupidx, succ_replicaidx
[libprotobuf ERROR google/protobuf/message_lite.cc:121] Can't parse message of type "replication.iocl_craq.proto.SuccessorRequestMessage" because it is missing required fields: s, succ_groupidx, succ_replicaidx
[libprotobuf ERROR google/protobuf/message_lite.cc:121] Can't parse message of type "replication.iocl_craq.proto.SuccessorRequestMessage" because it is missing required fields: s, succ_groupidx, succ_replicaidx
[libprotobuf ERROR google/protobuf/message_lite.cc:121] Can't parse message of type "replication.iocl_craq.proto.SuccessorRequestMessage" because it is missing required fields: s, succ_groupidx, succ_replicaidx
[libprotobuf ERROR google/protobuf/message_lite.cc:121] Can't parse message of type "replication.iocl_craq.proto.SuccessorRequestMessage" because it is missing required fields: s, succ_groupidx, succ_replicaidx
[libprotobuf ERROR google/protobuf/message_lite.cc:121] Can't parse message of type "replication.iocl_craq.proto.SuccessorRequestMessage" because it is missing required fields: s, succ_groupidx, succ_replicaidx
[libprotobuf ERROR google/protobuf/message_lite.cc:121] Can't parse message of type "replication.iocl_craq.proto.SuccessorRequestMessage" because it is missing required fields: s, succ_groupidx, succ_replicaidx
[libprotobuf ERROR google/protobuf/message_lite.cc:121] Can't parse message of type "replication.iocl_craq.proto.SuccessorRequestMessage" because it is missing required fields: s, succ_groupidx, succ_replicaidx
[libprotobuf ERROR google/protobuf/message_lite.cc:121] Can't parse message of type "replication.iocl_craq.proto.SuccessorRequestMessage" because it is missing required fields: s, succ_groupidx, succ_replicaidx
[libprotobuf ERROR google/protobuf/message_lite.cc:121] Can't parse message of type "replication.iocl_craq.proto.SuccessorRequestMessage" because it is missing required fields: s, succ_groupidx, succ_replicaidx
[libprotobuf ERROR google/protobuf/message_lite.cc:121] Can't parse message of type "replication.iocl_craq.proto.SuccessorRequestMessage" because it is missing required fields: s, succ_groupidx, succ_replicaidx
[libprotobuf ERROR google/protobuf/message_lite.cc:121] Can't parse message of type "replication.iocl_craq.proto.SuccessorRequestMessage" because it is missing required fields: s, succ_groupidx, succ_replicaidx
[libprotobuf ERROR google/protobuf/message_lite.cc:121] Can't parse message of type "replication.iocl_craq.proto.SuccessorRequestMessage" because it is missing required fields: s, succ_groupidx, succ_replicaidx
[libprotobuf ERROR google/protobuf/message_lite.cc:121] Can't parse message of type "replication.iocl_craq.proto.SuccessorRequestMessage" because it is missing required fields: s, succ_groupidx, succ_replicaidx
[libprotobuf ERROR google/protobuf/message_lite.cc:121] Can't parse message of type "replication.iocl_craq.proto.SuccessorRequestMessage" because it is missing required fields: s, succ_groupidx, succ_replicaidx
[libprotobuf ERROR google/protobuf/message_lite.cc:121] Can't parse message of type "replication.iocl_craq.proto.SuccessorRequestMessage" because it is missing required fields: s, succ_groupidx, succ_replicaidx
[libprotobuf ERROR google/protobuf/message_lite.cc:121] Can't parse message of type "replication.iocl_craq.proto.SuccessorRequestMessage" because it is missing required fields: s, succ_groupidx, succ_replicaidx
[libprotobuf ERROR google/protobuf/message_lite.cc:121] Can't parse message of type "replication.iocl_craq.proto.SuccessorRequestMessage" because it is missing required fields: s, succ_groupidx, succ_replicaidx
[libprotobuf ERROR google/protobuf/message_lite.cc:121] Can't parse message of type "replication.iocl_craq.proto.SuccessorRequestMessage" because it is missing required fields: s, succ_groupidx, succ_replicaidx
[libprotobuf ERROR google/protobuf/message_lite.cc:121] Can't parse message of type "replication.iocl_craq.proto.SuccessorRequestMessage" because it is missing required fields: s, succ_groupidx, succ_replicaidx
[libprotobuf ERROR google/protobuf/message_lite.cc:121] Can't parse message of type "replication.iocl_craq.proto.SuccessorRequestMessage" because it is missing required fields: s, succ_groupidx, succ_replicaidx
[libprotobuf ERROR google/protobuf/message_lite.cc:121] Can't parse message of type "replication.iocl_craq.proto.SuccessorRequestMessage" because it is missing required fields: s, succ_groupidx, succ_replicaidx
[libprotobuf ERROR google/protobuf/message_lite.cc:121] Can't parse message of type "replication.iocl_craq.proto.SuccessorRequestMessage" because it is missing required fields: s, succ_groupidx, succ_replicaidx
[libprotobuf ERROR google/protobuf/message_lite.cc:121] Can't parse message of type "replication.iocl_craq.proto.SuccessorRequestMessage" because it is missing required fields: s, succ_groupidx, succ_replicaidx
20260313-144112-6338 27841 * HandlePrepare   (replica.cc:1116):  [2] Tail batch: size=1 pending_ooo=0 avg_batch_size=1.00 total_ops=1
20260313-144113-0058 27841 * HandlePrepare   (replica.cc:1116):  [2] Tail batch: size=1 pending_ooo=0 avg_batch_size=1.00 total_ops=2
20260313-144113-1705 27841 * HandleVersionRequest (replica.cc:1182):  Sending version response to replica 1, timestamp to read is 0, VC[6]=2
20260313-144113-1793 27841 * HandlePrepare   (replica.cc:1116):  [2] Tail batch: size=1 pending_ooo=0 avg_batch_size=1.00 total_ops=3
20260313-144113-3380 27841 * HandlePrepare   (replica.cc:1116):  [2] Tail batch: size=1 pending_ooo=0 avg_batch_size=1.00 total_ops=4
20260313-144113-7858 27841 * HandlePrepare   (replica.cc:1116):  [2] Tail batch: size=1 pending_ooo=0 avg_batch_size=1.00 total_ops=5
20260313-144113-7862 27841 * HandlePrepare   (replica.cc:1116):  [2] Tail batch: size=1 pending_ooo=0 avg_batch_size=1.00 total_ops=6
20260313-144114-0373 27841 * HandlePrepare   (replica.cc:1116):  [2] Tail batch: size=1 pending_ooo=0 avg_batch_size=1.00 total_ops=7
20260313-144114-7415 27841 * HandlePrepare   (replica.cc:1116):  [2] Tail batch: size=1 pending_ooo=0 avg_batch_size=1.00 total_ops=8
20260313-144114-7619 27841 * HandlePrepare   (replica.cc:1116):  [2] Tail batch: size=1 pending_ooo=0 avg_batch_size=1.00 total_ops=9
20260313-144114-9182 27841 * HandlePrepare   (replica.cc:1116):  [2] Tail batch: size=1 pending_ooo=0 avg_batch_size=1.00 total_ops=10
20260313-144115-0853 27841 * HandleVersionRequest (replica.cc:1182):  Sending version response to replica 1, timestamp to read is 0, VC[6]=10
20260313-144115-3473 27841 * HandlePrepare   (replica.cc:1116):  [2] Tail batch: size=1 pending_ooo=0 avg_batch_size=1.00 total_ops=11
20260313-144115-9588 27841 * HandlePrepare   (replica.cc:1116):  [2] Tail batch: size=1 pending_ooo=0 avg_batch_size=1.00 total_ops=12
20260313-144116-1059 27841 * HandleVersionRequest (replica.cc:1182):  Sending version response to replica 1, timestamp to read is 0, VC[6]=12
20260313-144116-2063 27841 * HandlePrepare   (replica.cc:1116):  [2] Tail batch: size=1 pending_ooo=0 avg_batch_size=1.00 total_ops=13
20260313-144116-3740 27841 * HandleVersionRequest (replica.cc:1182):  Sending version response to replica 1, timestamp to read is 0, VC[6]=13
20260313-144116-9675 27841 * HandlePrepare   (replica.cc:1116):  [2] Tail batch: size=1 pending_ooo=0 avg_batch_size=1.00 total_ops=14
[libprotobuf ERROR google/protobuf/message_lite.cc:121] Can't parse message of type "replication.iocl_craq.proto.SuccessorRequestMessage" because it is missing required fields: s, succ_groupidx, succ_replicaidx
[libprotobuf ERROR google/protobuf/message_lite.cc:121] Can't parse message of type "replication.iocl_craq.proto.SuccessorRequestMessage" because it is missing required fields: s, succ_groupidx, succ_replicaidx
[libprotobuf ERROR google/protobuf/message_lite.cc:121] Can't parse message of type "replication.iocl_craq.proto.SuccessorRequestMessage" because it is missing required fields: s, succ_groupidx, succ_replicaidx
[libprotobuf ERROR google/protobuf/message_lite.cc:121] Can't parse message of type "replication.iocl_craq.proto.SuccessorRequestMessage" because it is missing required fields: s, succ_groupidx, succ_replicaidx
[libprotobuf ERROR google/protobuf/message_lite.cc:121] Can't parse message of type "replication.iocl_craq.proto.SuccessorRequestMessage" because it is missing required fields: s, succ_groupidx, succ_replicaidx
[libprotobuf ERROR google/protobuf/message_lite.cc:121] Can't parse message of type "replication.iocl_craq.proto.SuccessorRequestMessage" because it is missing required fields: s, succ_groupidx, succ_replicaidx
[libprotobuf ERROR google/protobuf/message_lite.cc:121] Can't parse message of type "replication.iocl_craq.proto.SuccessorRequestMessage" because it is missing required fields: s, succ_groupidx, succ_replicaidx
[libprotobuf ERROR google/protobuf/message_lite.cc:121] Can't parse message of type "replication.iocl_craq.proto.SuccessorRequestMessage" because it is missing required fields: s, succ_groupidx, succ_replicaidx
[libprotobuf ERROR google/protobuf/message_lite.cc:121] Can't parse message of type "replication.iocl_craq.proto.SuccessorRequestMessage" because it is missing required fields: s, succ_groupidx, succ_replicaidx
[libprotobuf ERROR google/protobuf/message_lite.cc:121] Can't parse message of type "replication.iocl_craq.proto.SuccessorRequestMessage" because it is missing required fields: s, succ_groupidx, succ_replicaidx
20260313-144117-1042 27841 * HandlePrepare   (replica.cc:1116):  [2] Tail batch: size=1 pending_ooo=0 avg_batch_size=1.00 total_ops=15
[libprotobuf ERROR google/protobuf/message_lite.cc:121] Can't parse message of type "replication.iocl_craq.proto.SuccessorRequestMessage" because it is missing required fields: s, succ_groupidx, succ_replicaidx
[libprotobuf ERROR google/protobuf/message_lite.cc:121] Can't parse message of type "replication.iocl_craq.proto.SuccessorRequestMessage" because it is missing required fields: s, succ_groupidx, succ_replicaidx
[libprotobuf ERROR google/protobuf/message_lite.cc:121] Can't parse message of type "replication.iocl_craq.proto.SuccessorRequestMessage" because it is missing required fields: s, succ_groupidx, succ_replicaidx
[libprotobuf ERROR google/protobuf/message_lite.cc:121] Can't parse message of type "replication.iocl_craq.proto.SuccessorRequestMessage" because it is missing required fields: s, succ_groupidx, succ_replicaidx
[libprotobuf ERROR google/protobuf/message_lite.cc:121] Can't parse message of type "replication.iocl_craq.proto.SuccessorRequestMessage" because it is missing required fields: s, succ_groupidx, succ_replicaidx
[libprotobuf ERROR google/protobuf/message_lite.cc:121] Can't parse message of type "replication.iocl_craq.proto.SuccessorRequestMessage" because it is missing required fields: s, succ_groupidx, succ_replicaidx
[libprotobuf ERROR google/protobuf/message_lite.cc:121] Can't parse message of type "replication.iocl_craq.proto.SuccessorRequestMessage" because it is missing required fields: s, succ_groupidx, succ_replicaidx
[libprotobuf ERROR google/protobuf/message_lite.cc:121] Can't parse message of type "replication.iocl_craq.proto.SuccessorRequestMessage" because it is missing required fields: s, succ_groupidx, succ_replicaidx
[libprotobuf ERROR google/protobuf/message_lite.cc:121] Can't parse message of type "replication.iocl_craq.proto.SuccessorRequestMessage" because it is missing required fields: s, succ_groupidx, succ_replicaidx
[libprotobuf ERROR google/protobuf/message_lite.cc:121] Can't parse message of type "replication.iocl_craq.proto.SuccessorRequestMessage" because it is missing required fields: s, succ_groupidx, succ_replicaidx
[libprotobuf ERROR google/protobuf/message_lite.cc:121] Can't parse message of type "replication.iocl_craq.proto.SuccessorRequestMessage" because it is missing required fields: s, succ_groupidx, succ_replicaidx
[libprotobuf ERROR google/protobuf/message_lite.cc:121] Can't parse message of type "replication.iocl_craq.proto.SuccessorRequestMessage" because it is missing required fields: s, succ_groupidx, succ_replicaidx
[libprotobuf ERROR google/protobuf/message_lite.cc:121] Can't parse message of type "replication.iocl_craq.proto.SuccessorRequestMessage" because it is missing required fields: s, succ_groupidx, succ_replicaidx
[libprotobuf ERROR google/protobuf/message_lite.cc:121] Can't parse message of type "replication.iocl_craq.proto.SuccessorRequestMessage" because it is missing required fields: s, succ_groupidx, succ_replicaidx
[libprotobuf ERROR google/protobuf/message_lite.cc:121] Can't parse message of type "replication.iocl_craq.proto.SuccessorRequestMessage" because it is missing required fields: s, succ_groupidx, succ_replicaidx
[libprotobuf ERROR google/protobuf/message_lite.cc:121] Can't parse message of type "replication.iocl_craq.proto.SuccessorRequestMessage" because it is missing required fields: s, succ_groupidx, succ_replicaidx
[libprotobuf ERROR google/protobuf/message_lite.cc:121] Can't parse message of type "replication.iocl_craq.proto.SuccessorRequestMessage" because it is missing required fields: s, succ_groupidx, succ_replicaidx
[libprotobuf ERROR google/protobuf/message_lite.cc:121] Can't parse message of type "replication.iocl_craq.proto.SuccessorRequestMessage" because it is missing required fields: s, succ_groupidx, succ_replicaidx
[libprotobuf ERROR google/protobuf/message_lite.cc:121] Can't parse message of type "replication.iocl_craq.proto.SuccessorRequestMessage" because it is missing required fields: s, succ_groupidx, succ_replicaidx
[libprotobuf ERROR google/protobuf/message_lite.cc:121] Can't parse message of type "replication.iocl_craq.proto.SuccessorRequestMessage" because it is missing required fields: s, succ_groupidx, succ_replicaidx
[libprotobuf ERROR google/protobuf/message_lite.cc:121] Can't parse message of type "replication.iocl_craq.proto.SuccessorRequestMessage" because it is missing required fields: s, succ_groupidx, succ_replicaidx
[libprotobuf ERROR google/protobuf/message_lite.cc:121] Can't parse message of type "replication.iocl_craq.proto.SuccessorRequestMessage" because it is missing required fields: s, succ_groupidx, succ_replicaidx
[libprotobuf ERROR google/protobuf/message_lite.cc:121] Can't parse message of type "replication.iocl_craq.proto.SuccessorRequestMessage" because it is missing required fields: s, succ_groupidx, succ_replicaidx
[libprotobuf ERROR google/protobuf/message_lite.cc:121] Can't parse message of type "replication.iocl_craq.proto.SuccessorRequestMessage" because it is missing required fields: s, succ_groupidx, succ_replicaidx
[libprotobuf ERROR google/protobuf/message_lite.cc:121] Can't parse message of type "replication.iocl_craq.proto.SuccessorRequestMessage" because it is missing required fields: s, succ_groupidx, succ_replicaidx
[libprotobuf ERROR google/protobuf/message_lite.cc:121] Can't parse message of type "replication.iocl_craq.proto.SuccessorRequestMessage" because it is missing required fields: s, succ_groupidx, succ_replicaidx
[libprotobuf ERROR google/protobuf/message_lite.cc:121] Can't parse message of type "replication.iocl_craq.proto.SuccessorRequestMessage" because it is missing required fields: s, succ_groupidx, succ_replicaidx
[libprotobuf ERROR google/protobuf/message_lite.cc:121] Can't parse message of type "replication.iocl_craq.proto.SuccessorRequestMessage" because it is missing required fields: s, succ_groupidx, succ_replicaidx
[libprotobuf ERROR google/protobuf/message_lite.cc:121] Can't parse message of type "replication.iocl_craq.proto.SuccessorRequestMessage" because it is missing required fields: s, succ_groupidx, succ_replicaidx
[libprotobuf ERROR google/protobuf/message_lite.cc:121] Can't parse message of type "replication.iocl_craq.proto.SuccessorRequestMessage" because it is missing required fields: s, succ_groupidx, succ_replicaidx
[libprotobuf ERROR google/protobuf/message_lite.cc:121] Can't parse message of type "replication.iocl_craq.proto.SuccessorRequestMessage" because it is missing required fields: s, succ_groupidx, succ_replicaidx
[libprotobuf ERROR google/protobuf/message_lite.cc:121] Can't parse message of type "replication.iocl_craq.proto.SuccessorRequestMessage" because it is missing required fields: s, succ_groupidx, succ_replicaidx
[libprotobuf ERROR google/protobuf/message_lite.cc:121] Can't parse message of type "replication.iocl_craq.proto.SuccessorRequestMessage" because it is missing required fields: s, succ_groupidx, succ_replicaidx
[libprotobuf ERROR google/protobuf/message_lite.cc:121] Can't parse message of type "replication.iocl_craq.proto.SuccessorRequestMessage" because it is missing required fields: s, succ_groupidx, succ_replicaidx
[libprotobuf ERROR google/protobuf/message_lite.cc:121] Can't parse message of type "replication.iocl_craq.proto.SuccessorRequestMessage" because it is missing required fields: s, succ_groupidx, succ_replicaidx
[libprotobuf ERROR google/protobuf/message_lite.cc:121] Can't parse message of type "replication.iocl_craq.proto.SuccessorRequestMessage" because it is missing required fields: s, succ_groupidx, succ_replicaidx
[libprotobuf ERROR google/protobuf/message_lite.cc:121] Can't parse message of type "replication.iocl_craq.proto.SuccessorRequestMessage" because it is missing required fields: s, succ_groupidx, succ_replicaidx
[libprotobuf ERROR google/protobuf/message_lite.cc:121] Can't parse message of type "replication.iocl_craq.proto.SuccessorRequestMessage" because it is missing required fields: s, succ_groupidx, succ_replicaidx
20260313-144117-2659 27841 * HandleVersionRequest (replica.cc:1182):  Sending version response to replica 1, timestamp to read is 0, VC[6]=15
[libprotobuf ERROR google/protobuf/message_lite.cc:121] Can't parse message of type "replication.iocl_craq.proto.SuccessorRequestMessage" because it is missing required fields: s, succ_groupidx, succ_replicaidx
[libprotobuf ERROR google/protobuf/message_lite.cc:121] Can't parse message of type "replication.iocl_craq.proto.SuccessorRequestMessage" because it is missing required fields: s, succ_groupidx, succ_replicaidx
[libprotobuf ERROR google/protobuf/message_lite.cc:121] Can't parse message of type "replication.iocl_craq.proto.SuccessorRequestMessage" because it is missing required fields: s, succ_groupidx, succ_replicaidx
[libprotobuf ERROR google/protobuf/message_lite.cc:121] Can't parse message of type "replication.iocl_craq.proto.SuccessorRequestMessage" because it is missing required fields: s, succ_groupidx, succ_replicaidx
[libprotobuf ERROR google/protobuf/message_lite.cc:121] Can't parse message of type "replication.iocl_craq.proto.SuccessorRequestMessage" because it is missing required fields: s, succ_groupidx, succ_replicaidx
[libprotobuf ERROR google/protobuf/message_lite.cc:121] Can't parse message of type "replication.iocl_craq.proto.SuccessorRequestMessage" because it is missing required fields: s, succ_groupidx, succ_replicaidx
[libprotobuf ERROR google/protobuf/message_lite.cc:121] Can't parse message of type "replication.iocl_craq.proto.SuccessorRequestMessage" because it is missing required fields: s, succ_groupidx, succ_replicaidx
[libprotobuf ERROR google/protobuf/message_lite.cc:121] Can't parse message of type "replication.iocl_craq.proto.SuccessorRequestMessage" because it is missing required fields: s, succ_groupidx, succ_replicaidx
[libprotobuf ERROR google/protobuf/message_lite.cc:121] Can't parse message of type "replication.iocl_craq.proto.SuccessorRequestMessage" because it is missing required fields: s, succ_groupidx, succ_replicaidx
[libprotobuf ERROR google/protobuf/message_lite.cc:121] Can't parse message of type "replication.iocl_craq.proto.SuccessorRequestMessage" because it is missing required fields: s, succ_groupidx, succ_replicaidx
[libprotobuf ERROR google/protobuf/message_lite.cc:121] Can't parse message of type "replication.iocl_craq.proto.SuccessorRequestMessage" because it is missing required fields: s, succ_groupidx, succ_replicaidx
[libprotobuf ERROR google/protobuf/message_lite.cc:121] Can't parse message of type "replication.iocl_craq.proto.SuccessorRequestMessage" because it is missing required fields: s, succ_groupidx, succ_replicaidx
[libprotobuf ERROR google/protobuf/message_lite.cc:121] Can't parse message of type "replication.iocl_craq.proto.SuccessorRequestMessage" because it is missing required fields: s, succ_groupidx, succ_replicaidx
[libprotobuf ERROR google/protobuf/message_lite.cc:121] Can't parse message of type "replication.iocl_craq.proto.SuccessorRequestMessage" because it is missing required fields: s, succ_groupidx, succ_replicaidx
[libprotobuf ERROR google/protobuf/message_lite.cc:121] Can't parse message of type "replication.iocl_craq.proto.SuccessorRequestMessage" because it is missing required fields: s, succ_groupidx, succ_replicaidx
[libprotobuf ERROR google/protobuf/message_lite.cc:121] Can't parse message of type "replication.iocl_craq.proto.SuccessorRequestMessage" because it is missing required fields: s, succ_groupidx, succ_replicaidx
[libprotobuf ERROR google/protobuf/message_lite.cc:121] Can't parse message of type "replication.iocl_craq.proto.SuccessorRequestMessage" because it is missing required fields: s, succ_groupidx, succ_replicaidx
[libprotobuf ERROR google/protobuf/message_lite.cc:121] Can't parse message of type "replication.iocl_craq.proto.SuccessorRequestMessage" because it is missing required fields: s, succ_groupidx, succ_replicaidx
[libprotobuf ERROR google/protobuf/message_lite.cc:121] Can't parse message of type "replication.iocl_craq.proto.SuccessorRequestMessage" because it is missing required fields: s, succ_groupidx, succ_replicaidx
[libprotobuf ERROR google/protobuf/message_lite.cc:121] Can't parse message of type "replication.iocl_craq.proto.SuccessorRequestMessage" because it is missing required fields: s, succ_groupidx, succ_replicaidx
[libprotobuf ERROR google/protobuf/message_lite.cc:121] Can't parse message of type "replication.iocl_craq.proto.SuccessorRequestMessage" because it is missing required fields: s, succ_groupidx, succ_replicaidx
[libprotobuf ERROR google/protobuf/message_lite.cc:121] Can't parse message of type "replication.iocl_craq.proto.SuccessorRequestMessage" because it is missing required fields: s, succ_groupidx, succ_replicaidx
[libprotobuf ERROR google/protobuf/message_lite.cc:121] Can't parse message of type "replication.iocl_craq.proto.SuccessorRequestMessage" because it is missing required fields: s, succ_groupidx, succ_replicaidx
[libprotobuf ERROR google/protobuf/message_lite.cc:121] Can't parse message of type "replication.iocl_craq.proto.SuccessorRequestMessage" because it is missing required fields: s, succ_groupidx, succ_replicaidx
[libprotobuf ERROR google/protobuf/message_lite.cc:121] Can't parse message of type "replication.iocl_craq.proto.SuccessorRequestMessage" because it is missing required fields: s, succ_groupidx, succ_replicaidx
[libprotobuf ERROR google/protobuf/message_lite.cc:121] Can't parse message of type "replication.iocl_craq.proto.SuccessorRequestMessage" because it is missing required fields: s, succ_groupidx, succ_replicaidx
[libprotobuf ERROR google/protobuf/message_lite.cc:121] Can't parse message of type "replication.iocl_craq.proto.SuccessorRequestMessage" because it is missing required fields: s, succ_groupidx, succ_replicaidx
[libprotobuf ERROR google/protobuf/message_lite.cc:121] Can't parse message of type "replication.iocl_craq.proto.SuccessorRequestMessage" because it is missing required fields: s, succ_groupidx, succ_replicaidx
[libprotobuf ERROR google/protobuf/message_lite.cc:121] Can't parse message of type "replication.iocl_craq.proto.SuccessorRequestMessage" because it is missing required fields: s, succ_groupidx, succ_replicaidx
[libprotobuf ERROR google/protobuf/message_lite.cc:121] Can't parse message of type "replication.iocl_craq.proto.SuccessorRequestMessage" because it is missing required fields: s, succ_groupidx, succ_replicaidx
[libprotobuf ERROR google/protobuf/message_lite.cc:121] Can't parse message of type "replication.iocl_craq.proto.SuccessorRequestMessage" because it is missing required fields: s, succ_groupidx, succ_replicaidx
[libprotobuf ERROR google/protobuf/message_lite.cc:121] Can't parse message of type "replication.iocl_craq.proto.SuccessorRequestMessage" because it is missing required fields: s, succ_groupidx, succ_replicaidx
20260313-144118-2797 27841 * HandlePrepare   (replica.cc:1116):  [2] Tail batch: size=1 pending_ooo=0 avg_batch_size=1.00 total_ops=16
20260313-144118-3915 27841 * HandlePrepare   (replica.cc:1116):  [2] Tail batch: size=1 pending_ooo=0 avg_batch_size=1.00 total_ops=17
20260313-144118-4148 27841 * HandleVersionRequest (replica.cc:1182):  Sending version response to replica 1, timestamp to read is 0, VC[6]=17
20260313-144118-7793 27841 * HandlePrepare   (replica.cc:1116):  [2] Tail batch: size=1 pending_ooo=0 avg_batch_size=1.00 total_ops=18
20260313-144119-0484 27841 * HandlePrepare   (replica.cc:1116):  [2] Tail batch: size=1 pending_ooo=0 avg_batch_size=1.00 total_ops=19
20260313-144119-4844 27841 * HandlePrepare   (replica.cc:1116):  [2] Tail batch: size=1 pending_ooo=0 avg_batch_size=1.00 total_ops=20
20260313-144119-5033 27841 * HandlePrepare   (replica.cc:1116):  [2] Tail batch: size=1 pending_ooo=0 avg_batch_size=1.00 total_ops=21
20260313-144119-8269 27841 * HandlePrepare   (replica.cc:1116):  [2] Tail batch: size=1 pending_ooo=0 avg_batch_size=1.00 total_ops=22
20260313-144119-8879 27841 * HandlePrepare   (replica.cc:1116):  [2] Tail batch: size=1 pending_ooo=0 avg_batch_size=1.00 total_ops=23
20260313-144120-7969 27841 * HandlePrepare   (replica.cc:1116):  [2] Tail batch: size=1 pending_ooo=0 avg_batch_size=1.00 total_ops=24
20260313-144121-0987 27841 * HandlePrepare   (replica.cc:1116):  [2] Tail batch: size=1 pending_ooo=0 avg_batch_size=1.00 total_ops=25
20260313-144121-2375 27841 * HandlePrepare   (replica.cc:1116):  [2] Tail batch: size=1 pending_ooo=0 avg_batch_size=1.00 total_ops=26
20260313-144121-3028 27841 * HandleVersionRequest (replica.cc:1182):  Sending version response to replica 1, timestamp to read is 0, VC[6]=26
20260313-144121-4197 27841 * HandlePrepare   (replica.cc:1116):  [2] Tail batch: size=1 pending_ooo=0 avg_batch_size=1.00 total_ops=27
20260313-144121-4201 27841 * HandlePrepare   (replica.cc:1116):  [2] Tail batch: size=1 pending_ooo=0 avg_batch_size=1.00 total_ops=28
20260313-144121-7544 27841 * HandlePrepare   (replica.cc:1116):  [2] Tail batch: size=1 pending_ooo=0 avg_batch_size=1.00 total_ops=29
20260313-144121-8247 27841 * HandlePrepare   (replica.cc:1116):  [2] Tail batch: size=1 pending_ooo=0 avg_batch_size=1.00 total_ops=30
20260313-144122-3292 27841 * HandlePrepare   (replica.cc:1116):  [2] Tail batch: size=1 pending_ooo=0 avg_batch_size=1.00 total_ops=31
20260313-144122-4123 27841 * HandleVersionRequest (replica.cc:1182):  Sending version response to replica 1, timestamp to read is 0, VC[6]=31
20260313-144122-4125 27841 * HandleVersionRequest (replica.cc:1182):  Sending version response to replica 1, timestamp to read is 0, VC[6]=31
20260313-144123-0867 27841 * HandlePrepare   (replica.cc:1116):  [2] Tail batch: size=1 pending_ooo=0 avg_batch_size=1.00 total_ops=32
20260313-144123-0873 27841 * HandlePrepare   (replica.cc:1116):  [2] Tail batch: size=1 pending_ooo=0 avg_batch_size=1.00 total_ops=33
20260313-144123-7223 27841 * HandlePrepare   (replica.cc:1116):  [2] Tail batch: size=1 pending_ooo=0 avg_batch_size=1.00 total_ops=34
20260313-144123-8594 27841 * HandlePrepare   (replica.cc:1116):  [2] Tail batch: size=1 pending_ooo=0 avg_batch_size=1.00 total_ops=35
20260313-144124-0281 27841 * HandleVersionRequest (replica.cc:1182):  Sending version response to replica 1, timestamp to read is 0, VC[6]=35
20260313-144124-2455 27841 * HandlePrepare   (replica.cc:1116):  [2] Tail batch: size=1 pending_ooo=0 avg_batch_size=1.00 total_ops=36
20260313-144124-2756 27841 * HandleVersionRequest (replica.cc:1182):  Sending version response to replica 1, timestamp to read is 0, VC[6]=36
20260313-144124-6502 27841 * HandlePrepare   (replica.cc:1116):  [2] Tail batch: size=1 pending_ooo=0 avg_batch_size=1.00 total_ops=37
20260313-144125-5577 27841 * HandlePrepare   (replica.cc:1116):  [2] Tail batch: size=1 pending_ooo=0 avg_batch_size=1.00 total_ops=38
20260313-144125-6366 27841 * HandlePrepare   (replica.cc:1116):  [2] Tail batch: size=1 pending_ooo=0 avg_batch_size=1.00 total_ops=39
20260313-144125-7763 27841 * HandleVersionRequest (replica.cc:1182):  Sending version response to replica 1, timestamp to read is 0, VC[6]=39
20260313-144126-1444 27841 * HandlePrepare   (replica.cc:1116):  [2] Tail batch: size=1 pending_ooo=0 avg_batch_size=1.00 total_ops=40
20260313-144127-5018 27841 * HandlePrepare   (replica.cc:1116):  [2] Tail batch: size=1 pending_ooo=0 avg_batch_size=1.00 total_ops=41
20260313-144127-6533 27841 * HandlePrepare   (replica.cc:1116):  [2] Tail batch: size=1 pending_ooo=0 avg_batch_size=1.00 total_ops=42
20260313-144127-7598 27841 * HandlePrepare   (replica.cc:1116):  [2] Tail batch: size=1 pending_ooo=0 avg_batch_size=1.00 total_ops=43
20260313-144128-4657 27841 * HandlePrepare   (replica.cc:1116):  [2] Tail batch: size=1 pending_ooo=0 avg_batch_size=1.00 total_ops=44
20260313-144128-8857 27841 * HandlePrepare   (replica.cc:1116):  [2] Tail batch: size=1 pending_ooo=0 avg_batch_size=1.00 total_ops=45
20260313-144128-9861 27841 * HandleVersionRequest (replica.cc:1182):  Sending version response to replica 1, timestamp to read is 0, VC[6]=45
20260313-144129-3179 27841 * HandlePrepare   (replica.cc:1116):  [2] Tail batch: size=1 pending_ooo=0 avg_batch_size=1.00 total_ops=46
20260313-144129-3183 27841 * HandlePrepare   (replica.cc:1116):  [2] Tail batch: size=1 pending_ooo=0 avg_batch_size=1.00 total_ops=47
20260313-144129-7930 27841 * HandlePrepare   (replica.cc:1116):  [2] Tail batch: size=1 pending_ooo=0 avg_batch_size=1.00 total_ops=48
20260313-144129-8235 27841 * HandlePrepare   (replica.cc:1116):  [2] Tail batch: size=1 pending_ooo=0 avg_batch_size=1.00 total_ops=49
20260313-144130-1737 27841 * HandlePrepare   (replica.cc:1116):  [2] Tail batch: size=1 pending_ooo=0 avg_batch_size=1.00 total_ops=50
20260313-144131-1047 27841 * HandlePrepare   (replica.cc:1116):  [2] Tail batch: size=1 pending_ooo=0 avg_batch_size=1.00 total_ops=51
20260313-144131-3097 27841 * HandlePrepare   (replica.cc:1116):  [2] Tail batch: size=1 pending_ooo=0 avg_batch_size=1.00 total_ops=52
20260313-144131-3244 27841 * HandlePrepare   (replica.cc:1116):  [2] Tail batch: size=1 pending_ooo=0 avg_batch_size=1.00 total_ops=53
20260313-144132-0307 27841 * HandlePrepare   (replica.cc:1116):  [2] Tail batch: size=1 pending_ooo=0 avg_batch_size=1.00 total_ops=54
20260313-144132-3012 27841 * HandlePrepare   (replica.cc:1116):  [2] Tail batch: size=1 pending_ooo=0 avg_batch_size=1.00 total_ops=55
20260313-144132-4158 27841 * HandleVersionRequest (replica.cc:1182):  Sending version response to replica 1, timestamp to read is 0, VC[6]=55
20260313-144132-6218 27841 * HandlePrepare   (replica.cc:1116):  [2] Tail batch: size=1 pending_ooo=0 avg_batch_size=1.00 total_ops=56
20260313-144132-7051 27841 * HandleVersionRequest (replica.cc:1182):  Sending version response to replica 1, timestamp to read is 0, VC[6]=56
20260313-144132-9966 27841 * HandlePrepare   (replica.cc:1116):  [2] Tail batch: size=1 pending_ooo=0 avg_batch_size=1.00 total_ops=57
20260313-144133-1273 27841 * HandleVersionRequest (replica.cc:1182):  Sending version response to replica 1, timestamp to read is 0, VC[6]=57
20260313-144133-1499 27841 * HandlePrepare   (replica.cc:1116):  [2] Tail batch: size=1 pending_ooo=0 avg_batch_size=1.00 total_ops=58
20260313-144133-3414 27841 * HandleVersionRequest (replica.cc:1182):  Sending version response to replica 1, timestamp to read is 0, VC[6]=58
20260313-144133-3416 27841 * HandleVersionRequest (replica.cc:1182):  Sending version response to replica 1, timestamp to read is 0, VC[6]=58
20260313-144133-4418 27841 * HandlePrepare   (replica.cc:1116):  [2] Tail batch: size=1 pending_ooo=0 avg_batch_size=1.00 total_ops=59
20260313-144133-6027 27841 * HandlePrepare   (replica.cc:1116):  [2] Tail batch: size=1 pending_ooo=0 avg_batch_size=1.00 total_ops=60
20260313-144133-6030 27841 * HandlePrepare   (replica.cc:1116):  [2] Tail batch: size=1 pending_ooo=0 avg_batch_size=1.00 total_ops=61
20260313-144133-6259 27841 * HandleVersionRequest (replica.cc:1182):  Sending version response to replica 1, timestamp to read is 0, VC[6]=61
20260313-144134-1617 27841 * HandlePrepare   (replica.cc:1116):  [2] Tail batch: size=1 pending_ooo=0 avg_batch_size=1.00 total_ops=62
20260313-144134-3091 27841 * HandlePrepare   (replica.cc:1116):  [2] Tail batch: size=1 pending_ooo=0 avg_batch_size=1.00 total_ops=63
20260313-144134-3311 27841 * HandleVersionRequest (replica.cc:1182):  Sending version response to replica 1, timestamp to read is 0, VC[6]=63
20260313-144134-6220 27841 * HandlePrepare   (replica.cc:1116):  [2] Tail batch: size=1 pending_ooo=0 avg_batch_size=1.00 total_ops=64
20260313-144134-6871 27841 * HandlePrepare   (replica.cc:1116):  [2] Tail batch: size=1 pending_ooo=0 avg_batch_size=1.00 total_ops=65
20260313-144134-8145 27841 * HandleVersionRequest (replica.cc:1182):  Sending version response to replica 1, timestamp to read is 0, VC[6]=65
20260313-144135-1380 27841 * HandlePrepare   (replica.cc:1116):  [2] Tail batch: size=1 pending_ooo=0 avg_batch_size=1.00 total_ops=66
20260313-144135-1448 27841 * HandleVersionRequest (replica.cc:1182):  Sending version response to replica 1, timestamp to read is 0, VC[6]=66
20260313-144135-9626 27841 * HandlePrepare   (replica.cc:1116):  [2] Tail batch: size=1 pending_ooo=0 avg_batch_size=1.00 total_ops=67
20260313-144136-1265 27841 * HandlePrepare   (replica.cc:1116):  [2] Tail batch: size=1 pending_ooo=0 avg_batch_size=1.00 total_ops=68
20260313-144136-1789 27841 * HandlePrepare   (replica.cc:1116):  [2] Tail batch: size=1 pending_ooo=0 avg_batch_size=1.00 total_ops=69
20260313-144136-2389 27841 * HandleVersionRequest (replica.cc:1182):  Sending version response to replica 1, timestamp to read is 0, VC[6]=69
20260313-144137-0534 27841 * HandlePrepare   (replica.cc:1116):  [2] Tail batch: size=1 pending_ooo=0 avg_batch_size=1.00 total_ops=70
20260313-144137-1722 27841 * HandlePrepare   (replica.cc:1116):  [2] Tail batch: size=1 pending_ooo=0 avg_batch_size=1.00 total_ops=71
20260313-144137-4903 27841 * HandlePrepare   (replica.cc:1116):  [2] Tail batch: size=1 pending_ooo=0 avg_batch_size=1.00 total_ops=72
20260313-144137-5674 27841 * HandleVersionRequest (replica.cc:1182):  Sending version response to replica 1, timestamp to read is 0, VC[6]=72
20260313-144138-1965 27841 * HandlePrepare   (replica.cc:1116):  [2] Tail batch: size=1 pending_ooo=0 avg_batch_size=1.00 total_ops=73
20260313-144138-2735 27841 * HandlePrepare   (replica.cc:1116):  [2] Tail batch: size=1 pending_ooo=0 avg_batch_size=1.00 total_ops=74
20260313-144138-9026 27841 * HandlePrepare   (replica.cc:1116):  [2] Tail batch: size=1 pending_ooo=0 avg_batch_size=1.00 total_ops=75
20260313-144139-3665 27841 * HandlePrepare   (replica.cc:1116):  [2] Tail batch: size=1 pending_ooo=0 avg_batch_size=1.00 total_ops=76
20260313-144139-3820 27841 * HandlePrepare   (replica.cc:1116):  [2] Tail batch: size=1 pending_ooo=0 avg_batch_size=1.00 total_ops=77
20260313-144139-7790 27841 * HandlePrepare   (replica.cc:1116):  [2] Tail batch: size=1 pending_ooo=0 avg_batch_size=1.00 total_ops=78
20260313-144139-8883 27841 * HandleVersionRequest (replica.cc:1182):  Sending version response to replica 1, timestamp to read is 0, VC[6]=78
20260313-144143-3937 27841 ! TCPIncomingEventCallback (tcptransport.cc:938): [TCP INCOMING 130] EOF, lifetime=26290.97 ms
20260313-144143-3939 27841 ! TCPIncomingEventCallback (tcptransport.cc:938): [TCP INCOMING 123] EOF, lifetime=30929.67 ms
20260313-144143-4078 27841 ! TCPIncomingEventCallback (tcptransport.cc:938): [TCP INCOMING 127] EOF, lifetime=30229.67 ms
20260313-144143-4080 27841 ! TCPIncomingEventCallback (tcptransport.cc:938): [TCP INCOMING 125] EOF, lifetime=30931.97 ms
20260313-144143-5787 27841 ! TCPIncomingEventCallback (tcptransport.cc:938): [TCP INCOMING 132] EOF, lifetime=26142.57 ms
20260313-144143-5789 27841 ! TCPIncomingEventCallback (tcptransport.cc:938): [TCP INCOMING 121] EOF, lifetime=31135.26 ms
20260313-144143-6578 27841 ! TCPIncomingEventCallback (tcptransport.cc:938): [TCP INCOMING 131] EOF, lifetime=26228.59 ms
20260313-144143-6580 27841 ! TCPIncomingEventCallback (tcptransport.cc:938): [TCP INCOMING 120] EOF, lifetime=31221.26 ms
20260313-144143-6631 27841 ! TCPIncomingEventCallback (tcptransport.cc:938): [TCP INCOMING 124] EOF, lifetime=31188.51 ms
20260313-144143-6633 27841 ! TCPIncomingEventCallback (tcptransport.cc:938): [TCP INCOMING 119] EOF, lifetime=31230.84 ms
20260313-144143-6715 27841 ! TCPIncomingEventCallback (tcptransport.cc:938): [TCP INCOMING 129] EOF, lifetime=28325.69 ms
20260313-144143-6717 27841 ! TCPIncomingEventCallback (tcptransport.cc:938): [TCP INCOMING 118] EOF, lifetime=31244.51 ms
20260313-144143-7293 27841 ! TCPIncomingEventCallback (tcptransport.cc:938): [TCP INCOMING 126] EOF, lifetime=30724.46 ms
20260313-144143-7295 27841 ! TCPIncomingEventCallback (tcptransport.cc:938): [TCP INCOMING 117] EOF, lifetime=31427.99 ms
20260313-144143-7874 27841 ! TCPIncomingEventCallback (tcptransport.cc:938): [TCP INCOMING 128] EOF, lifetime=29026.74 ms
20260313-144143-7876 27841 ! TCPIncomingEventCallback (tcptransport.cc:938): [TCP INCOMING 122] EOF, lifetime=31342.34 ms
20260313-144150-2461 27841 * Cleanup         (server.cc:589):    Gracefully exiting after signal 15.
20260313-144150-2462 27841 * Stop            (tcptransport.cc:601): [TCP SUMMARY] outgoingCreated=59 outgoingClosed=0 incomingCreated=75 incomingClosed=16 outgoingPeak=133 incomingPeak=38
Inserted events:
  0x55d161c170d0 [fd  9] Read Persist Internal
  0x55d161c1ee30 [fd  10] Read Persist
  0x55d161c2a2e0 [fd  11] Read Persist
  0x55d16e2d0660 [fd  12] Read Persist
  0x55d16e2ce950 [fd  13] Read Persist
  0x55d16e2c6250 [fd  14] Read Persist
  0x55d16e2cef50 [fd  15] Read Persist
  0x55d16e2cfc40 [fd  16] Read Persist
  0x55d16e2c4c90 [fd  17] Read Persist
  0x55d16e2c5080 [fd  18] Read Persist
  0x55d16e2c5710 [fd  19] Read Persist
  0x55d16e2c5b30 [fd  20] Read Persist
  0x55d16e2c5f20 [fd  21] Read Persist
  0x55d16e2c3d80 [fd  22] Read Persist
  0x55d16e2c4240 [fd  23] Read Persist
  0x55d16e2c47a0 [fd  24] Read Persist
  0x55d16e2cb810 [fd  25] Read Persist
  0x55d16e2cbda0 [fd  26] Read Persist
  0x55d16e2cc330 [fd  27] Read Persist
  0x55d16e2cc8c0 [fd  28] Read Persist
  0x55d16e2ccf80 [fd  29] Read Persist
  0x55d16e2cd4e0 [fd  30] Read Persist
  0x55d16e2cda70 [fd  31] Read Persist
  0x55d16e2d34f0 [fd  32] Read Persist
  0x55d16e2d3c10 [fd  33] Read Persist
  0x55d16e2d41a0 [fd  34] Read Persist
  0x55d16e2d4730 [fd  35] Read Persist
  0x55d16e2d4cc0 [fd  36] Read Persist
  0x55d16e2d5250 [fd  37] Read Persist
  0x55d16e2d57e0 [fd  38] Read Persist
  0x55d16e2d5d70 [fd  39] Read Persist
  0x55d16e2d6300 [fd  40] Read Persist
  0x55d16e2d6720 [fd  41] Read Persist
  0x55d16e2d6940 [fd  42] Read Persist
  0x55d16e2d6c10 [fd  43] Read Persist
  0x55d16e2d6fb0 [fd  44] Read Persist
  0x55d16e2d7350 [fd  45] Read Persist
  0x55d16e2d76f0 [fd  46] Read Persist
  0x55d16e2d7a90 [fd  47] Read Persist
  0x55d16e2d7e30 [fd  48] Read Persist
  0x55d16e2d8450 [fd  49] Read Persist
  0x55d16e2d87f0 [fd  50] Read Persist
  0x55d16e2d8b90 [fd  51] Read Persist
  0x55d16e2d8f30 [fd  52] Read Persist
  0x55d16e2d92d0 [fd  53] Read Persist
  0x55d16e2d9670 [fd  54] Read Persist
  0x55d16e2d9a10 [fd  55] Read Persist
  0x55d16e2d9de0 [fd  56] Read Persist
  0x55d16e2da1b0 [fd  57] Read Persist
  0x55d16e2da580 [fd  58] Read Persist
  0x55d16e2da950 [fd  59] Read Persist
  0x55d16e2dad20 [fd  60] Read Persist
  0x55d16e2db120 [fd  61] Read Persist
  0x55d16e2db520 [fd  62] Read Persist
  0x55d16e2db920 [fd  63] Read Persist
  0x55d16e2dbd20 [fd  64] Read Persist
  0x55d161c26980 [fd  65] Read Persist
  0x55d16e2dc530 [fd  66] Read Persist
  0x55d16e2dc870 [fd  67] Read Persist
  0x55d16e2dcbb0 [fd  68] Read Persist
  0x55d16e2dcef0 [fd  69] Read Persist
  0x55d16e2dd230 [fd  70] Read Persist
  0x55d16e2dd620 [fd  71] Read Persist
  0x55d16e2ddae0 [fd  72] Read Persist
  0x55d16e2ddfa0 [fd  73] Read Persist
  0x55d16e2de460 [fd  74] Read Persist
  0x55d16e2de920 [fd  75] Read Persist
  0x55d16e2dede0 [fd  76] Read Persist
  0x55d16e2df370 [fd  77] Read Persist
  0x55d16e2df900 [fd  78] Read Persist
  0x55d16e2dfe90 [fd  79] Read Persist
  0x55d16e2e0420 [fd  80] Read Persist
  0x55d16e2e09b0 [fd  81] Read Persist
  0x55d16e2e0f40 [fd  82] Read Persist
  0x55d16e2e14d0 [fd  83] Read Persist
  0x55d16e2e1a60 [fd  84] Read Persist
  0x55d16e2e1ff0 [fd  85] Read Persist
  0x55d16e2e2580 [fd  86] Read Persist
  0x55d16e2e2b10 [fd  87] Read Persist
  0x55d16e2e30a0 [fd  88] Read Persist
  0x55d16e2e3630 [fd  89] Read Persist
  0x55d16e2e3bc0 [fd  90] Read Persist
  0x55d16e2e4bd0 [fd  91] Read Persist
  0x55d16e2e5160 [fd  92] Read Persist
  0x55d16e2e56f0 [fd  93] Read Persist
  0x55d16e2e5c80 [fd  94] Read Persist
  0x55d16e2e6210 [fd  95] Read Persist
  0x55d16e2e67a0 [fd  96] Read Persist
  0x55d16e2e6d30 [fd  97] Read Persist
  0x55d16e2e72c0 [fd  98] Read Persist
  0x55d16e2e8880 [fd  99] Read Persist
  0x55d16e2fa9c0 [fd  100] Read Persist
  0x55d16e2fae10 [fd  101] Read Persist
  0x55d16e2e8000 [fd  102] Read Persist
  0x55d16e2f4250 [fd  103] Read Persist
  0x55d16e2f4690 [fd  104] Read Persist
  0x55d16e2f4ad0 [fd  105] Read Persist
  0x55d16e2f4f10 [fd  106] Read Persist
  0x55d16e2f5350 [fd  107] Read Persist
  0x55d16e2f5790 [fd  108] Read Persist
  0x55d16e2f5bd0 [fd  109] Read Persist
  0x55d16e2f6010 [fd  110] Read Persist
  0x55d16e2f6450 [fd  111] Read Persist
  0x55d16e2fb2f0 [fd  112] Read Persist
  0x55d16e2fb560 [fd  113] Read Persist
  0x55d16e2fb940 [fd  114] Read Persist
  0x55d16e2fbd80 [fd  115] Read Persist
  0x55d16e2fc9d0 [fd  116] Read Persist
  0x55d16e2fcc80 [fd  117] Read Persist
  0x55d16e2fcfc0 [fd  118] Read Persist
  0x55d16e2fd300 [fd  119] Read Persist
  0x55d16e2fd640 [fd  120] Read Persist
  0x55d16e2fd980 [fd  121] Read Persist
  0x55d16e2fdcc0 [fd  122] Read Persist
  0x55d16e2fe0f0 [fd  123] Read Persist
  0x55d16e2fe560 [fd  124] Read Persist
  0x55d16e2fe980 [fd  125] Read Persist
  0x55d16e2fee20 [fd  126] Read Persist
  0x55d16e2ff340 [fd  127] Read Persist
  0x55d16e2fc6b0 [fd  144] Read Persist
  0x55d16e320200 [fd  145] Read Persist
Active events:
20260313-144150-2481 27841 * Cleanup         (server.cc:593):    Exporting stats to /mnt/extra/experiments/2026-04-13-14-40-40/out/server-0-6-2-stats-0.json.
