20260216-110249-4654 30151 * main            (benchmark.cc:402): Starting benchmark.
20260216-110250-0168 30151 * main            (benchmark.cc:621): Creating a default paritioner!
20260216-110250-0170 30151 * Client          (client.cc:75):     Initializing StrongStore client with id [0]
20260216-110250-0171 30151 * BenchmarkClient (bench_client.cc:81): starting benchclient, issueConcurrent: 0; fanout: 1
Session created: 0
last_service: , current_state: 0
Session continued: 0
last_service: , current_state: 0
Session destroyed: 18446744073709551615
last_service: , current_state: 0
20260216-110255-0622 30151 * WarmupDone      (bench_client.cc:726): Completed warmup period of 5 seconds with 10417 requests
20260216-110306-0622 30151 * Finish          (bench_client.cc:920): Completed 24055 requests in 11.000088 seconds
20260216-110306-0623 30151 * Finish          (bench_client.cc:921): 1 outstanding transactions.
Session continued: 0
last_service: , current_state: 0
Session destroyed: 18446744073709551615
last_service: , current_state: 0
Session continued: 0
last_service: , current_state: 0
Session destroyed: 18446744073709551615
last_service: , current_state: 0
Session destroyed: 0
last_service: , current_state: 0
20260216-110309-0624 30151 * FlushStats      (benchmark.cc:890): Flushing stats to /mnt/extra/experiments/2026-03-16-11-02-25/out/client-0-0-0-stats-0.json.
20260216-110309-0626 30151 * FlushStats      (benchmark.cc:902): All done!
20260216-110311-0625 30151 * Cleanup         (bench_client.cc:748): Aborting 0 outstanding transactions.
20260216-110311-0626 30151 * CooldownDone    (bench_client.cc:778): Finished cooldown period.
20260216-110311-0779 30151 * CooldownDone    (bench_client.cc:785): Median latency is 428195 ns (428 us)
20260216-110311-0782 30151 * CooldownDone    (bench_client.cc:794): Average latency is 427326 ns (427 us)
20260216-110311-0782 30151 * CooldownDone    (bench_client.cc:798): 90th percentile latency is 505466 ns (505 us)
20260216-110311-0782 30151 * CooldownDone    (bench_client.cc:802): 95th percentile latency is 515444 ns (515 us)
20260216-110311-0782 30151 * CooldownDone    (bench_client.cc:806): 99th percentile latency is 538068 ns (538 us)
20260216-110311-0782 30151 * LATENCY total: 279 us 427 us/262 us 16 ms (24056 samples, 10 s total)
20260216-110311-0783 30151 *     262 us |      23406 | ==================================================
20260216-110311-0783 30151 *     524 us |        644 | =
20260216-110311-0783 30151 *    1048 us |          1 | 
20260216-110311-0783 30151 *    2097 us |          3 | 
20260216-110311-0783 30151 *    4194 us |          1 | 
20260216-110311-0783 30151 *    8388 us |          0 |
20260216-110311-0783 30151 *      16 ms |          1 | 
20260216-110311-0786 30151 * Stop            (tcptransport.cc:581): [TCP SUMMARY] outgoingCreated=1 outgoingClosed=0 incomingCreated=0 incomingClosed=0 outgoingPeak=1 incomingPeak=0
Inserted events:
  0x55a35e172f60 [fd  7] Read Persist Internal
  0x55a35e189510 [fd  9] Read Persist
Active events:
20260216-110311-0787 30151 * main            (benchmark.cc:849): Cleaning up after experiment.
20260216-110311-0787 30151 * FlushStats      (benchmark.cc:890): Flushing stats to /mnt/extra/experiments/2026-03-16-11-02-25/out/client-0-0-0-stats-0.json.
20260216-110311-0788 30151 * FlushStats      (benchmark.cc:902): All done!
