20260313-144229-2930 26319 * main            (server.cc:217):    Starting server.
20260313-144229-2943 26319 * main            (server.cc:335):    Creating a default paritioner!
20260313-144231-2017 26319 * main            (server.cc:513):    Done loading server.
20260313-144252-4031 26319 * HandlePrepare   (replica.cc:709):   [2] Tail batch: size=1 pending_ooo=0 avg_batch_size=1.00 total_ops=1
20260313-144253-8149 26319 * HandlePrepare   (replica.cc:709):   [2] Tail batch: size=1 pending_ooo=0 avg_batch_size=1.00 total_ops=2
20260313-144254-5953 26319 * HandlePrepare   (replica.cc:709):   [2] Tail batch: size=1 pending_ooo=0 avg_batch_size=1.00 total_ops=3
20260313-144256-2700 26319 * HandlePrepare   (replica.cc:709):   [2] Tail batch: size=1 pending_ooo=0 avg_batch_size=1.00 total_ops=4
20260313-144256-4497 26319 * HandlePrepare   (replica.cc:709):   [2] Tail batch: size=1 pending_ooo=0 avg_batch_size=1.00 total_ops=5
20260313-144257-0091 26319 * HandlePrepare   (replica.cc:709):   [2] Tail batch: size=1 pending_ooo=0 avg_batch_size=1.00 total_ops=6
20260313-144257-0346 26319 * HandlePrepare   (replica.cc:709):   [2] Tail batch: size=1 pending_ooo=0 avg_batch_size=1.00 total_ops=7
20260313-144257-6427 26319 * HandlePrepare   (replica.cc:709):   [2] Tail batch: size=1 pending_ooo=0 avg_batch_size=1.00 total_ops=8
20260313-144301-6380 26319 * HandlePrepare   (replica.cc:709):   [2] Tail batch: size=1 pending_ooo=0 avg_batch_size=1.00 total_ops=9
20260313-144302-1073 26319 * HandlePrepare   (replica.cc:709):   [2] Tail batch: size=1 pending_ooo=0 avg_batch_size=1.00 total_ops=10
20260313-144304-3075 26319 * HandlePrepare   (replica.cc:709):   [2] Tail batch: size=1 pending_ooo=0 avg_batch_size=1.00 total_ops=11
20260313-144305-3060 26319 * HandlePrepare   (replica.cc:709):   [2] Tail batch: size=1 pending_ooo=0 avg_batch_size=1.00 total_ops=12
20260313-144305-9098 26319 * HandlePrepare   (replica.cc:709):   [2] Tail batch: size=1 pending_ooo=0 avg_batch_size=1.00 total_ops=13
20260313-144306-9255 26319 * HandlePrepare   (replica.cc:709):   [2] Tail batch: size=1 pending_ooo=0 avg_batch_size=1.00 total_ops=14
20260313-144308-7526 26319 * HandlePrepare   (replica.cc:709):   [2] Tail batch: size=1 pending_ooo=0 avg_batch_size=1.00 total_ops=15
20260313-144308-9286 26319 * HandlePrepare   (replica.cc:709):   [2] Tail batch: size=1 pending_ooo=0 avg_batch_size=1.00 total_ops=16
20260313-144309-3409 26319 * HandlePrepare   (replica.cc:709):   [2] Tail batch: size=1 pending_ooo=0 avg_batch_size=1.00 total_ops=17
20260313-144309-3573 26319 * HandlePrepare   (replica.cc:709):   [2] Tail batch: size=1 pending_ooo=0 avg_batch_size=1.00 total_ops=18
20260313-144310-6958 26319 * HandlePrepare   (replica.cc:709):   [2] Tail batch: size=1 pending_ooo=0 avg_batch_size=1.00 total_ops=19
20260313-144313-7853 26319 * HandlePrepare   (replica.cc:709):   [2] Tail batch: size=1 pending_ooo=0 avg_batch_size=1.00 total_ops=20
20260313-144314-1875 26319 * HandlePrepare   (replica.cc:709):   [2] Tail batch: size=1 pending_ooo=0 avg_batch_size=1.00 total_ops=21
20260313-144314-9528 26319 * HandlePrepare   (replica.cc:709):   [2] Tail batch: size=1 pending_ooo=0 avg_batch_size=1.00 total_ops=22
20260313-144315-3770 26319 * HandlePrepare   (replica.cc:709):   [2] Tail batch: size=1 pending_ooo=0 avg_batch_size=1.00 total_ops=23
20260313-144315-9289 26319 * HandlePrepare   (replica.cc:709):   [2] Tail batch: size=1 pending_ooo=0 avg_batch_size=1.00 total_ops=24
20260313-144315-9589 26319 * HandlePrepare   (replica.cc:709):   [2] Tail batch: size=1 pending_ooo=0 avg_batch_size=1.00 total_ops=25
20260313-144316-4107 26319 * HandlePrepare   (replica.cc:709):   [2] Tail batch: size=1 pending_ooo=0 avg_batch_size=1.00 total_ops=26
20260313-144316-9343 26319 * HandlePrepare   (replica.cc:709):   [2] Tail batch: size=1 pending_ooo=0 avg_batch_size=1.00 total_ops=27
20260313-144317-9938 26319 * HandlePrepare   (replica.cc:709):   [2] Tail batch: size=1 pending_ooo=0 avg_batch_size=1.00 total_ops=28
20260313-144318-1978 26319 * HandlePrepare   (replica.cc:709):   [2] Tail batch: size=1 pending_ooo=0 avg_batch_size=1.00 total_ops=29
20260313-144318-3959 26319 * HandlePrepare   (replica.cc:709):   [2] Tail batch: size=1 pending_ooo=0 avg_batch_size=1.00 total_ops=30
20260313-144318-6255 26319 * HandlePrepare   (replica.cc:709):   [2] Tail batch: size=1 pending_ooo=0 avg_batch_size=1.00 total_ops=31
20260313-144319-6041 26319 * HandlePrepare   (replica.cc:709):   [2] Tail batch: size=1 pending_ooo=0 avg_batch_size=1.00 total_ops=32
20260313-144322-7796 26319 ! TCPIncomingEventCallback (tcptransport.cc:938): [TCP INCOMING 120] EOF, lifetime=30987.38 ms
20260313-144322-7896 26319 ! TCPIncomingEventCallback (tcptransport.cc:938): [TCP INCOMING 122] EOF, lifetime=30983.29 ms
20260313-144323-0017 26319 ! TCPIncomingEventCallback (tcptransport.cc:938): [TCP INCOMING 123] EOF, lifetime=31185.59 ms
20260313-144323-2087 26319 ! TCPIncomingEventCallback (tcptransport.cc:938): [TCP INCOMING 117] EOF, lifetime=31592.35 ms
20260313-144323-3862 26319 ! TCPIncomingEventCallback (tcptransport.cc:938): [TCP INCOMING 121] EOF, lifetime=31586.31 ms
20260313-144323-5524 26319 ! TCPIncomingEventCallback (tcptransport.cc:938): [TCP INCOMING 119] EOF, lifetime=31785.01 ms
20260313-144323-6336 26319 ! TCPIncomingEventCallback (tcptransport.cc:938): [TCP INCOMING 118] EOF, lifetime=31985.76 ms
20260313-144323-8256 26319 ! TCPIncomingEventCallback (tcptransport.cc:938): [TCP INCOMING 124] EOF, lifetime=31991.46 ms
20260313-144330-3109 26319 * Cleanup         (server.cc:589):    Gracefully exiting after signal 15.
20260313-144330-3110 26319 * Stop            (tcptransport.cc:601): [TCP SUMMARY] outgoingCreated=58 outgoingClosed=0 incomingCreated=66 incomingClosed=8 outgoingPeak=91 incomingPeak=37
Inserted events:
  0x56551a8a1d00 [fd  9] Read Persist Internal
  0x56551a8a9a60 [fd  10] Read Persist
  0x56551a8b4e70 [fd  11] Read Persist
  0x565526f268f0 [fd  12] Read Persist
  0x565526f26b10 [fd  13] Read Persist
  0x565526f26d30 [fd  14] Read Persist
  0x565526f26f50 [fd  15] Read Persist
  0x565526f27170 [fd  16] Read Persist
  0x565526f27390 [fd  17] Read Persist
  0x565526f23b30 [fd  18] Read Persist
  0x565526f21f00 [fd  19] Read Persist
  0x565526f17680 [fd  20] Read Persist
  0x565526f17fc0 [fd  21] Read Persist
  0x565526f19910 [fd  22] Read Persist
  0x565526f22420 [fd  23] Read Persist
  0x565526f23110 [fd  24] Read Persist
  0x565526f18830 [fd  25] Read Persist
  0x565526f18ca0 [fd  26] Read Persist
  0x565526f19110 [fd  27] Read Persist
  0x565526f19500 [fd  28] Read Persist
  0x565526f1f650 [fd  29] Read Persist
  0x565526f1fbc0 [fd  30] Read Persist
  0x565526f20150 [fd  31] Read Persist
  0x565526f20570 [fd  32] Read Persist
  0x565526f20ba0 [fd  33] Read Persist
  0x565526f20fc0 [fd  34] Read Persist
  0x565526f275b0 [fd  35] Read Persist
  0x565526f27b40 [fd  36] Read Persist
  0x565526f280d0 [fd  37] Read Persist
  0x565526f28660 [fd  38] Read Persist
  0x565526f28bf0 [fd  39] Read Persist
  0x565526f29180 [fd  40] Read Persist
  0x565526f29710 [fd  41] Read Persist
  0x565526f29ca0 [fd  42] Read Persist
  0x565526f2a230 [fd  43] Read Persist
  0x565526f2a7c0 [fd  44] Read Persist
  0x565526f2ad50 [fd  45] Read Persist
  0x565526f2b2e0 [fd  46] Read Persist
  0x565526f2b700 [fd  47] Read Persist
  0x565526f2b920 [fd  48] Read Persist
  0x565526f2be50 [fd  49] Read Persist
  0x565526f2c1f0 [fd  50] Read Persist
  0x565526f2c590 [fd  51] Read Persist
  0x565526f2c930 [fd  52] Read Persist
  0x565526f2ccd0 [fd  53] Read Persist
  0x565526f2d070 [fd  54] Read Persist
  0x565526f2d410 [fd  55] Read Persist
  0x565526f2d7b0 [fd  56] Read Persist
  0x565526f2db50 [fd  57] Read Persist
  0x565526f2def0 [fd  58] Read Persist
  0x565526f2e290 [fd  59] Read Persist
  0x565526f2e630 [fd  60] Read Persist
  0x565526f2e9d0 [fd  61] Read Persist
  0x565526f2ed70 [fd  62] Read Persist
  0x565526f2f140 [fd  63] Read Persist
  0x565526f2f510 [fd  64] Read Persist
  0x56551a8b15b0 [fd  65] Read Persist
  0x56551a8b07b0 [fd  66] Read Persist
  0x565526f2fd20 [fd  67] Read Persist
  0x565526f30060 [fd  68] Read Persist
  0x565526f303a0 [fd  69] Read Persist
  0x565526f306e0 [fd  70] Read Persist
  0x565526f30a20 [fd  71] Read Persist
  0x565526f30e00 [fd  72] Read Persist
  0x565526f312a0 [fd  73] Read Persist
  0x565526f317f0 [fd  74] Read Persist
  0x565526f31cb0 [fd  75] Read Persist
  0x565526f32170 [fd  76] Read Persist
  0x565526f32630 [fd  77] Read Persist
  0x565526f32af0 [fd  78] Read Persist
  0x565526f32fb0 [fd  79] Read Persist
  0x565526f33470 [fd  80] Read Persist
  0x565526f33a00 [fd  81] Read Persist
  0x565526f33f90 [fd  82] Read Persist
  0x565526f34520 [fd  83] Read Persist
  0x565526f34ab0 [fd  84] Read Persist
  0x565526f35040 [fd  85] Read Persist
  0x565526f355d0 [fd  86] Read Persist
  0x565526f35b60 [fd  87] Read Persist
  0x565526f360f0 [fd  88] Read Persist
  0x565526f36680 [fd  89] Read Persist
  0x565526f36c10 [fd  90] Read Persist
  0x565526f37c20 [fd  91] Read Persist
  0x565526f381b0 [fd  92] Read Persist
  0x565526f38740 [fd  93] Read Persist
  0x565526f38cd0 [fd  94] Read Persist
  0x565526f39260 [fd  95] Read Persist
  0x565526f397f0 [fd  96] Read Persist
  0x565526f39d80 [fd  97] Read Persist
  0x565526f3a310 [fd  98] Read Persist
  0x565526f3a8a0 [fd  99] Read Persist
  0x565526f3ae30 [fd  100] Read Persist
  0x565526f3b3c0 [fd  101] Read Persist
  0x565526f3b950 [fd  102] Read Persist
  0x565526f3bd70 [fd  103] Read Persist
  0x565526f3bf90 [fd  104] Read Persist
  0x565526f3c240 [fd  105] Read Persist
  0x565526f3c5e0 [fd  106] Read Persist
  0x565526f3c980 [fd  107] Read Persist
  0x565526f3cd20 [fd  108] Read Persist
  0x565526f3d0c0 [fd  109] Read Persist
  0x565526f3d460 [fd  110] Read Persist
  0x565526f3d800 [fd  111] Read Persist
  0x565526f3dba0 [fd  112] Read Persist
  0x565526f3df40 [fd  113] Read Persist
  0x565526f3e2e0 [fd  114] Read Persist
  0x565526f3e680 [fd  115] Read Persist
  0x565526f3ea20 [fd  116] Read Persist
  0x565526f3edf0 [fd  117] Read Persist
  0x565526f3f1c0 [fd  118] Read Persist
  0x565526f3f590 [fd  119] Read Persist
  0x565526f3f960 [fd  120] Read Persist
  0x565526f3fd30 [fd  121] Read Persist
  0x565526f40130 [fd  122] Read Persist
  0x565526f40530 [fd  123] Read Persist
  0x565526f40930 [fd  124] Read Persist
  0x565526f40d30 [fd  125] Read Persist
  0x565526f41130 [fd  126] Read Persist
  0x565526f41530 [fd  127] Read Persist
Active events:
20260313-144330-3128 26319 * Cleanup         (server.cc:593):    Exporting stats to /mnt/extra/experiments/2026-04-13-14-42-21/out/server-0-7-2-stats-0.json.
