20260313-062949-8516 21134 * main            (server.cc:217):    Starting server.
20260313-062949-8522 21134 * main            (server.cc:335):    Creating a default paritioner!
20260313-062951-7453 21134 * main            (server.cc:513):    Done loading server.
20260313-063012-0470 21134 * HandlePrepare   (replica.cc:709):   [2] Tail batch: size=1 pending_ooo=0 avg_batch_size=1.00 total_ops=1
20260313-063012-5550 21134 * HandlePrepare   (replica.cc:709):   [2] Tail batch: size=1 pending_ooo=0 avg_batch_size=1.00 total_ops=2
20260313-063013-7403 21134 * HandlePrepare   (replica.cc:709):   [2] Tail batch: size=1 pending_ooo=0 avg_batch_size=1.00 total_ops=3
20260313-063014-4728 21134 * HandlePrepare   (replica.cc:709):   [2] Tail batch: size=1 pending_ooo=0 avg_batch_size=1.00 total_ops=4
20260313-063016-1097 21134 * HandlePrepare   (replica.cc:709):   [2] Tail batch: size=1 pending_ooo=0 avg_batch_size=1.00 total_ops=5
20260313-063019-4017 21134 * HandlePrepare   (replica.cc:709):   [2] Tail batch: size=1 pending_ooo=0 avg_batch_size=1.00 total_ops=6
20260313-063020-0631 21134 * HandlePrepare   (replica.cc:709):   [2] Tail batch: size=1 pending_ooo=0 avg_batch_size=1.00 total_ops=7
20260313-063021-8162 21134 * HandlePrepare   (replica.cc:709):   [2] Tail batch: size=1 pending_ooo=0 avg_batch_size=1.00 total_ops=8
20260313-063022-2769 21134 * HandlePrepare   (replica.cc:709):   [2] Tail batch: size=1 pending_ooo=0 avg_batch_size=1.00 total_ops=9
20260313-063022-3147 21134 * HandlePrepare   (replica.cc:709):   [2] Tail batch: size=1 pending_ooo=0 avg_batch_size=1.00 total_ops=10
20260313-063024-6906 21134 * HandlePrepare   (replica.cc:709):   [2] Tail batch: size=1 pending_ooo=0 avg_batch_size=1.00 total_ops=11
20260313-063025-3663 21134 * HandlePrepare   (replica.cc:709):   [2] Tail batch: size=1 pending_ooo=0 avg_batch_size=1.00 total_ops=12
20260313-063028-7521 21134 * HandlePrepare   (replica.cc:709):   [2] Tail batch: size=1 pending_ooo=0 avg_batch_size=1.00 total_ops=13
20260313-063028-7545 21134 * HandlePrepare   (replica.cc:709):   [2] Tail batch: size=1 pending_ooo=0 avg_batch_size=1.00 total_ops=14
20260313-063029-1542 21134 * HandlePrepare   (replica.cc:709):   [2] Tail batch: size=1 pending_ooo=0 avg_batch_size=1.00 total_ops=15
20260313-063029-5917 21134 * HandlePrepare   (replica.cc:709):   [2] Tail batch: size=1 pending_ooo=0 avg_batch_size=1.00 total_ops=16
20260313-063029-9249 21134 * HandlePrepare   (replica.cc:709):   [2] Tail batch: size=1 pending_ooo=0 avg_batch_size=1.00 total_ops=17
20260313-063030-3622 21134 * HandlePrepare   (replica.cc:709):   [2] Tail batch: size=1 pending_ooo=0 avg_batch_size=1.00 total_ops=18
20260313-063031-7712 21134 * HandlePrepare   (replica.cc:709):   [2] Tail batch: size=1 pending_ooo=0 avg_batch_size=1.00 total_ops=19
20260313-063032-7793 21134 * HandlePrepare   (replica.cc:709):   [2] Tail batch: size=1 pending_ooo=0 avg_batch_size=1.00 total_ops=20
20260313-063036-6799 21134 * HandlePrepare   (replica.cc:709):   [2] Tail batch: size=1 pending_ooo=0 avg_batch_size=1.00 total_ops=21
20260313-063036-8030 21134 * HandlePrepare   (replica.cc:709):   [2] Tail batch: size=1 pending_ooo=0 avg_batch_size=1.00 total_ops=22
20260313-063037-3977 21134 * HandlePrepare   (replica.cc:709):   [2] Tail batch: size=1 pending_ooo=0 avg_batch_size=1.00 total_ops=23
20260313-063038-7147 21134 * HandlePrepare   (replica.cc:709):   [2] Tail batch: size=1 pending_ooo=0 avg_batch_size=1.00 total_ops=24
20260313-063040-4582 21134 * HandlePrepare   (replica.cc:709):   [2] Tail batch: size=1 pending_ooo=0 avg_batch_size=1.00 total_ops=25
20260313-063042-8172 21134 ! TCPIncomingEventCallback (tcptransport.cc:942): [TCP INCOMING 121] EOF, lifetime=30977.78 ms
20260313-063042-8192 21134 ! TCPIncomingEventCallback (tcptransport.cc:942): [TCP INCOMING 122] EOF, lifetime=30965.71 ms
20260313-063043-2100 21134 ! TCPIncomingEventCallback (tcptransport.cc:942): [TCP INCOMING 120] EOF, lifetime=31376.42 ms
20260313-063043-3848 21134 ! TCPIncomingEventCallback (tcptransport.cc:942): [TCP INCOMING 119] EOF, lifetime=31580.09 ms
20260313-063043-4975 21134 ! TCPIncomingEventCallback (tcptransport.cc:942): [TCP INCOMING 117] EOF, lifetime=31772.93 ms
20260313-063043-5208 21134 ! TCPIncomingEventCallback (tcptransport.cc:942): [TCP INCOMING 124] EOF, lifetime=31574.50 ms
20260313-063043-5906 21134 ! TCPIncomingEventCallback (tcptransport.cc:942): [TCP INCOMING 118] EOF, lifetime=31789.29 ms
20260313-063043-8571 21134 ! TCPIncomingEventCallback (tcptransport.cc:942): [TCP INCOMING 123] EOF, lifetime=31979.79 ms
20260313-063050-3742 21134 * Cleanup         (server.cc:589):    Gracefully exiting after signal 15.
20260313-063050-3743 21134 * Stop            (tcptransport.cc:605): [TCP SUMMARY] outgoingCreated=58 outgoingClosed=0 incomingCreated=66 incomingClosed=8 outgoingPeak=104 incomingPeak=37
Inserted events:
  0x56113795ed00 [fd  9] Read Persist Internal
  0x561137966a60 [fd  10] Read Persist
  0x561137971e70 [fd  11] Read Persist
  0x56114401d730 [fd  12] Read Persist
  0x56114401d950 [fd  13] Read Persist
  0x56114401db70 [fd  14] Read Persist
  0x56114401dd90 [fd  15] Read Persist
  0x56114401dfb0 [fd  16] Read Persist
  0x56114401e1d0 [fd  17] Read Persist
  0x56114401e3f0 [fd  18] Read Persist
  0x56114401e610 [fd  19] Read Persist
  0x56114401e830 [fd  20] Read Persist
  0x56114401ea50 [fd  21] Read Persist
  0x56114401ec70 [fd  22] Read Persist
  0x56114401efb0 [fd  23] Read Persist
  0x56114401f2f0 [fd  24] Read Persist
  0x56114401f630 [fd  25] Read Persist
  0x56114401f970 [fd  26] Read Persist
  0x56114401fcb0 [fd  27] Read Persist
  0x561144020030 [fd  28] Read Persist
  0x561144020500 [fd  29] Read Persist
  0x5611440208a0 [fd  30] Read Persist
  0x561144020c40 [fd  31] Read Persist
  0x561144020fe0 [fd  32] Read Persist
  0x56114401a970 [fd  33] Read Persist
  0x561144018db0 [fd  34] Read Persist
  0x561144010390 [fd  35] Read Persist
  0x561144010750 [fd  36] Read Persist
  0x561144016650 [fd  37] Read Persist
  0x561144019260 [fd  38] Read Persist
  0x561144019f50 [fd  39] Read Persist
  0x561144016dd0 [fd  40] Read Persist
  0x5611440173b0 [fd  41] Read Persist
  0x5611440177d0 [fd  42] Read Persist
  0x561144017c10 [fd  43] Read Persist
  0x561144018050 [fd  44] Read Persist
  0x561144021660 [fd  45] Read Persist
  0x561144021a70 [fd  46] Read Persist
  0x561144021e80 [fd  47] Read Persist
  0x561144022290 [fd  48] Read Persist
  0x561144022920 [fd  49] Read Persist
  0x561144022d80 [fd  50] Read Persist
  0x5611440232e0 [fd  51] Read Persist
  0x561144023870 [fd  52] Read Persist
  0x561144023e00 [fd  53] Read Persist
  0x561144024390 [fd  54] Read Persist
  0x561144024920 [fd  55] Read Persist
  0x561144024eb0 [fd  56] Read Persist
  0x561144025440 [fd  57] Read Persist
  0x5611440259d0 [fd  58] Read Persist
  0x561144025f60 [fd  59] Read Persist
  0x5611440264f0 [fd  60] Read Persist
  0x561144026a80 [fd  61] Read Persist
  0x561144026ea0 [fd  62] Read Persist
  0x5611440270c0 [fd  63] Read Persist
  0x561144027370 [fd  64] Read Persist
  0x56113796cee0 [fd  65] Read Persist
  0x56113796e5b0 [fd  66] Read Persist
  0x56113796d4b0 [fd  67] Read Persist
  0x56113796d880 [fd  68] Read Persist
  0x56113796dc50 [fd  69] Read Persist
  0x5611440276b0 [fd  70] Read Persist
  0x561144027960 [fd  71] Read Persist
  0x561144027cf0 [fd  72] Read Persist
  0x561144028190 [fd  73] Read Persist
  0x561144028630 [fd  74] Read Persist
  0x561144028ad0 [fd  75] Read Persist
  0x561144028f70 [fd  76] Read Persist
  0x561144029410 [fd  77] Read Persist
  0x5611440298b0 [fd  78] Read Persist
  0x561144029d50 [fd  79] Read Persist
  0x56114402a1f0 [fd  80] Read Persist
  0x56114402a690 [fd  81] Read Persist
  0x56114402ab30 [fd  82] Read Persist
  0x56114402afd0 [fd  83] Read Persist
  0x56114402b470 [fd  84] Read Persist
  0x56114402b910 [fd  85] Read Persist
  0x56114402bdb0 [fd  86] Read Persist
  0x56114402c300 [fd  87] Read Persist
  0x56114402c7c0 [fd  88] Read Persist
  0x56114402cc80 [fd  89] Read Persist
  0x56114402d140 [fd  90] Read Persist
  0x56114402e080 [fd  91] Read Persist
  0x56114402e540 [fd  92] Read Persist
  0x56114402ea00 [fd  93] Read Persist
  0x56114402ef90 [fd  94] Read Persist
  0x56114402f520 [fd  95] Read Persist
  0x56114402fab0 [fd  96] Read Persist
  0x561144030040 [fd  97] Read Persist
  0x5611440305d0 [fd  98] Read Persist
  0x561144030b60 [fd  99] Read Persist
  0x5611440310f0 [fd  100] Read Persist
  0x561144031680 [fd  101] Read Persist
  0x561144031c10 [fd  102] Read Persist
  0x5611440321a0 [fd  103] Read Persist
  0x561144032730 [fd  104] Read Persist
  0x561144032cc0 [fd  105] Read Persist
  0x561144033250 [fd  106] Read Persist
  0x5611440337e0 [fd  107] Read Persist
  0x561144033d70 [fd  108] Read Persist
  0x561144034300 [fd  109] Read Persist
  0x561144034890 [fd  110] Read Persist
  0x561144034e20 [fd  111] Read Persist
  0x5611440353b0 [fd  112] Read Persist
  0x561144035940 [fd  113] Read Persist
  0x561144035ed0 [fd  114] Read Persist
  0x561144036460 [fd  115] Read Persist
  0x561144036880 [fd  116] Read Persist
  0x561144036aa0 [fd  117] Read Persist
  0x561144036d50 [fd  118] Read Persist
  0x5611440370f0 [fd  119] Read Persist
  0x561144037490 [fd  120] Read Persist
  0x561144037830 [fd  121] Read Persist
  0x561144037bd0 [fd  122] Read Persist
  0x561144037f70 [fd  123] Read Persist
  0x561144038310 [fd  124] Read Persist
  0x5611440386b0 [fd  125] Read Persist
  0x561144038a50 [fd  126] Read Persist
  0x56114401d390 [fd  127] Read Persist
Active events:
20260313-063050-3761 21134 * Cleanup         (server.cc:593):    Exporting stats to /mnt/extra/experiments/2026-04-13-06-29-41/out/server-0-9-2-stats-0.json.
