20260313-061900-6578 12961 * main            (benchmark.cc:405): Starting benchmark.
20260313-061901-3820 12961 * main            (benchmark.cc:624): Creating a default paritioner!
20260313-061901-3829 12961 * Client          (client.cc:76):     Initializing StrongStore client with id [0]
20260313-061901-3841 12961 * ShardClient     (shardclient.cc:62): success in sending register client: for client id 0 1
20260313-061901-3841 12961 * ShardClient     (shardclient.cc:62): success in sending register client: for client id 0 1
20260313-061901-3842 12961 * ShardClient     (shardclient.cc:62): success in sending register client: for client id 0 1
20260313-061901-3847 12961 * ShardClient     (shardclient.cc:62): success in sending register client: for client id 0 1
20260313-061901-3848 12961 * ShardClient     (shardclient.cc:62): success in sending register client: for client id 0 1
20260313-061901-3848 12961 * ShardClient     (shardclient.cc:62): success in sending register client: for client id 0 1
20260313-061901-3853 12961 * ShardClient     (shardclient.cc:62): success in sending register client: for client id 0 1
20260313-061901-3853 12961 * ShardClient     (shardclient.cc:62): success in sending register client: for client id 0 1
20260313-061901-3854 12961 * ShardClient     (shardclient.cc:62): success in sending register client: for client id 0 1
20260313-061901-3859 12961 * ShardClient     (shardclient.cc:62): success in sending register client: for client id 0 1
20260313-061901-3859 12961 * ShardClient     (shardclient.cc:62): success in sending register client: for client id 0 1
20260313-061901-3860 12961 * ShardClient     (shardclient.cc:62): success in sending register client: for client id 0 1
20260313-061901-3864 12961 * ShardClient     (shardclient.cc:62): success in sending register client: for client id 0 1
20260313-061901-3865 12961 * ShardClient     (shardclient.cc:62): success in sending register client: for client id 0 1
20260313-061901-3865 12961 * ShardClient     (shardclient.cc:62): success in sending register client: for client id 0 1
20260313-061901-3870 12961 * ShardClient     (shardclient.cc:62): success in sending register client: for client id 0 1
20260313-061901-3871 12961 * ShardClient     (shardclient.cc:62): success in sending register client: for client id 0 1
20260313-061901-3871 12961 * ShardClient     (shardclient.cc:62): success in sending register client: for client id 0 1
20260313-061901-3876 12961 * ShardClient     (shardclient.cc:62): success in sending register client: for client id 0 1
20260313-061901-3877 12961 * ShardClient     (shardclient.cc:62): success in sending register client: for client id 0 1
20260313-061901-3877 12961 * ShardClient     (shardclient.cc:62): success in sending register client: for client id 0 1
20260313-061901-3882 12961 * ShardClient     (shardclient.cc:62): success in sending register client: for client id 0 1
20260313-061901-3883 12961 * ShardClient     (shardclient.cc:62): success in sending register client: for client id 0 1
20260313-061901-3883 12961 * ShardClient     (shardclient.cc:62): success in sending register client: for client id 0 1
20260313-061901-3888 12961 * ShardClient     (shardclient.cc:62): success in sending register client: for client id 0 1
20260313-061901-3888 12961 * ShardClient     (shardclient.cc:62): success in sending register client: for client id 0 1
20260313-061901-3889 12961 * ShardClient     (shardclient.cc:62): success in sending register client: for client id 0 1
20260313-061901-3894 12961 * ShardClient     (shardclient.cc:62): success in sending register client: for client id 0 1
20260313-061901-3894 12961 * ShardClient     (shardclient.cc:62): success in sending register client: for client id 0 1
20260313-061901-3894 12961 * ShardClient     (shardclient.cc:62): success in sending register client: for client id 0 1
20260313-061901-3895 12961 * BenchmarkClient (bench_client.cc:83): starting benchclient, issueConcurrent: 0; fanout: 16
Session created: 0
last_service: , current_state: 0
Session continued: 0
last_service: , current_state: 0
Session destroyed: 18446744073709551615
last_service: , current_state: 0
20260313-061901-5163 12961 * ExecuteNextAppRequestOperation (bench_client.cc:407): Sending op with proto 4 and index 1
20260313-061901-7920 12961 * ExecuteNextAppRequestOperation (bench_client.cc:407): Sending op with proto 4 and index 1
20260313-061901-9931 12961 * ExecuteNextAppRequestOperation (bench_client.cc:407): Sending op with proto 4 and index 1
20260313-061902-1942 12961 * ExecuteNextAppRequestOperation (bench_client.cc:407): Sending op with proto 4 and index 1
20260313-061902-3953 12961 * ExecuteNextAppRequestOperation (bench_client.cc:407): Sending op with proto 4 and index 1
20260313-061902-5964 12961 * ExecuteNextAppRequestOperation (bench_client.cc:407): Sending op with proto 4 and index 1
20260313-061902-7976 12961 * ExecuteNextAppRequestOperation (bench_client.cc:407): Sending op with proto 4 and index 1
20260313-061902-9987 12961 * ExecuteNextAppRequestOperation (bench_client.cc:407): Sending op with proto 4 and index 1
20260313-061903-1999 12961 * ExecuteNextAppRequestOperation (bench_client.cc:407): Sending op with proto 4 and index 1
20260313-061903-4011 12961 * ExecuteNextAppRequestOperation (bench_client.cc:407): Sending op with proto 4 and index 0
20260313-061903-8097 12961 * ExecuteNextAppRequestOperation (bench_client.cc:407): Sending op with proto 4 and index 1
20260313-061904-2115 12961 * ExecuteNextAppRequestOperation (bench_client.cc:407): Sending op with proto 4 and index 1
20260313-061904-4126 12961 * ExecuteNextAppRequestOperation (bench_client.cc:407): Sending op with proto 4 and index 1
20260313-061904-6138 12961 * ExecuteNextAppRequestOperation (bench_client.cc:407): Sending op with proto 4 and index 1
20260313-061904-8149 12961 * ExecuteNextAppRequestOperation (bench_client.cc:407): Sending op with proto 4 and index 1
20260313-061905-0159 12961 * GetNextOperation (app_request.cc:76): AppRequest batch composition: fanout=16 reads=15 writes=1
20260313-061905-0160 12961 * ExecuteNextAppRequestOperation (bench_client.cc:407): Sending op with proto 4 and index 1
20260313-061905-2180 12961 * ExecuteNextAppRequestOperation (bench_client.cc:407): Sending op with proto 4 and index 1
20260313-061905-4192 12961 * ExecuteNextAppRequestOperation (bench_client.cc:407): Sending op with proto 4 and index 1
20260313-061905-5163 12961 * WarmupDone      (bench_client.cc:727): Completed warmup period of 4 seconds with 1 requests
20260313-061905-6204 12961 * ExecuteNextAppRequestOperation (bench_client.cc:407): Sending op with proto 4 and index 1
20260313-061905-8217 12961 * ExecuteNextAppRequestOperation (bench_client.cc:407): Sending op with proto 4 and index 0
20260313-061906-2297 12961 * ExecuteNextAppRequestOperation (bench_client.cc:407): Sending op with proto 4 and index 1
20260313-061906-4307 12961 * ExecuteNextAppRequestOperation (bench_client.cc:407): Sending op with proto 4 and index 1
20260313-061906-6318 12961 * ExecuteNextAppRequestOperation (bench_client.cc:407): Sending op with proto 4 and index 1
20260313-061906-8328 12961 * ExecuteNextAppRequestOperation (bench_client.cc:407): Sending op with proto 4 and index 1
20260313-061907-0340 12961 * ExecuteNextAppRequestOperation (bench_client.cc:407): Sending op with proto 4 and index 1
20260313-061907-2350 12961 * ExecuteNextAppRequestOperation (bench_client.cc:407): Sending op with proto 4 and index 1
20260313-061907-4361 12961 * ExecuteNextAppRequestOperation (bench_client.cc:407): Sending op with proto 4 and index 1
20260313-061907-6373 12961 * ExecuteNextAppRequestOperation (bench_client.cc:407): Sending op with proto 4 and index 1
20260313-061908-0392 12961 * ExecuteNextAppRequestOperation (bench_client.cc:407): Sending op with proto 4 and index 1
20260313-061908-2404 12961 * ExecuteNextAppRequestOperation (bench_client.cc:407): Sending op with proto 4 and index 1
20260313-061908-4415 12961 * ExecuteNextAppRequestOperation (bench_client.cc:407): Sending op with proto 4 and index 1
20260313-061908-6426 12961 * GetNextOperation (app_request.cc:76): AppRequest batch composition: fanout=16 reads=15 writes=1
20260313-061908-6427 12961 * ExecuteNextAppRequestOperation (bench_client.cc:407): Sending op with proto 4 and index 1
20260313-061908-8449 12961 * ExecuteNextAppRequestOperation (bench_client.cc:407): Sending op with proto 4 and index 1
20260313-061909-0461 12961 * ExecuteNextAppRequestOperation (bench_client.cc:407): Sending op with proto 4 and index 1
20260313-061909-2473 12961 * ExecuteNextAppRequestOperation (bench_client.cc:407): Sending op with proto 4 and index 1
20260313-061909-4485 12961 * ExecuteNextAppRequestOperation (bench_client.cc:407): Sending op with proto 4 and index 0
20260313-061909-8506 12961 * ExecuteNextAppRequestOperation (bench_client.cc:407): Sending op with proto 4 and index 1
20260313-061910-0518 12961 * ExecuteNextAppRequestOperation (bench_client.cc:407): Sending op with proto 4 and index 1
20260313-061910-2529 12961 * ExecuteNextAppRequestOperation (bench_client.cc:407): Sending op with proto 4 and index 1
20260313-061910-4541 12961 * ExecuteNextAppRequestOperation (bench_client.cc:407): Sending op with proto 4 and index 1
20260313-061910-6552 12961 * ExecuteNextAppRequestOperation (bench_client.cc:407): Sending op with proto 4 and index 1
20260313-061910-8564 12961 * ExecuteNextAppRequestOperation (bench_client.cc:407): Sending op with proto 4 and index 1
20260313-061911-2582 12961 * ExecuteNextAppRequestOperation (bench_client.cc:407): Sending op with proto 4 and index 1
20260313-061911-4594 12961 * ExecuteNextAppRequestOperation (bench_client.cc:407): Sending op with proto 4 and index 1
20260313-061911-6605 12961 * ExecuteNextAppRequestOperation (bench_client.cc:407): Sending op with proto 4 and index 1
20260313-061911-8617 12961 * ExecuteNextAppRequestOperation (bench_client.cc:407): Sending op with proto 4 and index 1
20260313-061912-0629 12961 * ExecuteNextAppRequestOperation (bench_client.cc:407): Sending op with proto 4 and index 0
20260313-061912-4651 12961 * GetNextOperation (app_request.cc:76): AppRequest batch composition: fanout=16 reads=14 writes=2
20260313-061912-4652 12961 * ExecuteNextAppRequestOperation (bench_client.cc:407): Sending op with proto 4 and index 1
20260313-061912-6675 12961 * ExecuteNextAppRequestOperation (bench_client.cc:407): Sending op with proto 4 and index 1
20260313-061912-8686 12961 * ExecuteNextAppRequestOperation (bench_client.cc:407): Sending op with proto 4 and index 1
20260313-061913-0698 12961 * ExecuteNextAppRequestOperation (bench_client.cc:407): Sending op with proto 4 and index 1
20260313-061913-2710 12961 * ExecuteNextAppRequestOperation (bench_client.cc:407): Sending op with proto 4 and index 0
20260313-061913-6732 12961 * ExecuteNextAppRequestOperation (bench_client.cc:407): Sending op with proto 4 and index 1
20260313-061913-8743 12961 * ExecuteNextAppRequestOperation (bench_client.cc:407): Sending op with proto 4 and index 0
20260313-061914-2765 12961 * ExecuteNextAppRequestOperation (bench_client.cc:407): Sending op with proto 4 and index 1
20260313-061914-4776 12961 * ExecuteNextAppRequestOperation (bench_client.cc:407): Sending op with proto 4 and index 1
20260313-061914-6789 12961 * ExecuteNextAppRequestOperation (bench_client.cc:407): Sending op with proto 4 and index 1
20260313-061914-8800 12961 * ExecuteNextAppRequestOperation (bench_client.cc:407): Sending op with proto 4 and index 1
20260313-061915-0812 12961 * ExecuteNextAppRequestOperation (bench_client.cc:407): Sending op with proto 4 and index 1
20260313-061915-2824 12961 * ExecuteNextAppRequestOperation (bench_client.cc:407): Sending op with proto 4 and index 1
20260313-061915-4835 12961 * ExecuteNextAppRequestOperation (bench_client.cc:407): Sending op with proto 4 and index 1
20260313-061915-6847 12961 * ExecuteNextAppRequestOperation (bench_client.cc:407): Sending op with proto 4 and index 1
20260313-061915-8859 12961 * ExecuteNextAppRequestOperation (bench_client.cc:407): Sending op with proto 4 and index 1
20260313-061916-0870 12961 * GetNextOperation (app_request.cc:76): AppRequest batch composition: fanout=16 reads=14 writes=2
20260313-061916-0871 12961 * ExecuteNextAppRequestOperation (bench_client.cc:407): Sending op with proto 4 and index 1
20260313-061916-2901 12961 * ExecuteNextAppRequestOperation (bench_client.cc:407): Sending op with proto 4 and index 1
20260313-061916-4912 12961 * ExecuteNextAppRequestOperation (bench_client.cc:407): Sending op with proto 4 and index 1
20260313-061916-6925 12961 * ExecuteNextAppRequestOperation (bench_client.cc:407): Sending op with proto 4 and index 1
20260313-061916-8938 12961 * ExecuteNextAppRequestOperation (bench_client.cc:407): Sending op with proto 4 and index 1
20260313-061917-0950 12961 * ExecuteNextAppRequestOperation (bench_client.cc:407): Sending op with proto 4 and index 1
20260313-061917-2962 12961 * ExecuteNextAppRequestOperation (bench_client.cc:407): Sending op with proto 4 and index 1
20260313-061917-4974 12961 * ExecuteNextAppRequestOperation (bench_client.cc:407): Sending op with proto 4 and index 1
20260313-061917-6986 12961 * ExecuteNextAppRequestOperation (bench_client.cc:407): Sending op with proto 4 and index 1
20260313-061917-8998 12961 * ExecuteNextAppRequestOperation (bench_client.cc:407): Sending op with proto 4 and index 1
20260313-061918-1010 12961 * ExecuteNextAppRequestOperation (bench_client.cc:407): Sending op with proto 4 and index 1
20260313-061918-3022 12961 * ExecuteNextAppRequestOperation (bench_client.cc:407): Sending op with proto 4 and index 1
20260313-061918-5034 12961 * ExecuteNextAppRequestOperation (bench_client.cc:407): Sending op with proto 4 and index 0
20260313-061918-9055 12961 * ExecuteNextAppRequestOperation (bench_client.cc:407): Sending op with proto 4 and index 1
20260313-061919-1068 12961 * ExecuteNextAppRequestOperation (bench_client.cc:407): Sending op with proto 4 and index 1
20260313-061919-3079 12961 * ExecuteNextAppRequestOperation (bench_client.cc:407): Sending op with proto 4 and index 1
20260313-061919-5090 12961 * GetNextOperation (app_request.cc:76): AppRequest batch composition: fanout=16 reads=15 writes=1
20260313-061919-5091 12961 * ExecuteNextAppRequestOperation (bench_client.cc:407): Sending op with proto 4 and index 1
20260313-061919-7124 12961 * ExecuteNextAppRequestOperation (bench_client.cc:407): Sending op with proto 4 and index 1
20260313-061919-9135 12961 * ExecuteNextAppRequestOperation (bench_client.cc:407): Sending op with proto 4 and index 1
20260313-061920-1147 12961 * ExecuteNextAppRequestOperation (bench_client.cc:407): Sending op with proto 4 and index 1
20260313-061920-3160 12961 * ExecuteNextAppRequestOperation (bench_client.cc:407): Sending op with proto 4 and index 1
20260313-061920-5171 12961 * ExecuteNextAppRequestOperation (bench_client.cc:407): Sending op with proto 4 and index 0
20260313-061920-9192 12961 * ExecuteNextAppRequestOperation (bench_client.cc:407): Sending op with proto 4 and index 1
20260313-061921-1204 12961 * ExecuteNextAppRequestOperation (bench_client.cc:407): Sending op with proto 4 and index 1
20260313-061921-3216 12961 * ExecuteNextAppRequestOperation (bench_client.cc:407): Sending op with proto 4 and index 1
20260313-061921-5228 12961 * ExecuteNextAppRequestOperation (bench_client.cc:407): Sending op with proto 4 and index 1
20260313-061921-7239 12961 * ExecuteNextAppRequestOperation (bench_client.cc:407): Sending op with proto 4 and index 1
20260313-061921-9251 12961 * ExecuteNextAppRequestOperation (bench_client.cc:407): Sending op with proto 4 and index 1
20260313-061922-1263 12961 * ExecuteNextAppRequestOperation (bench_client.cc:407): Sending op with proto 4 and index 1
20260313-061922-3274 12961 * ExecuteNextAppRequestOperation (bench_client.cc:407): Sending op with proto 4 and index 1
20260313-061922-5286 12961 * ExecuteNextAppRequestOperation (bench_client.cc:407): Sending op with proto 4 and index 1
20260313-061922-7298 12961 * ExecuteNextAppRequestOperation (bench_client.cc:407): Sending op with proto 4 and index 1
20260313-061922-9310 12961 * GetNextOperation (app_request.cc:76): AppRequest batch composition: fanout=16 reads=15 writes=1
20260313-061922-9311 12961 * ExecuteNextAppRequestOperation (bench_client.cc:407): Sending op with proto 4 and index 1
20260313-061923-1324 12961 * ExecuteNextAppRequestOperation (bench_client.cc:407): Sending op with proto 4 and index 1
20260313-061923-3335 12961 * ExecuteNextAppRequestOperation (bench_client.cc:407): Sending op with proto 4 and index 1
20260313-061923-5348 12961 * ExecuteNextAppRequestOperation (bench_client.cc:407): Sending op with proto 4 and index 1
20260313-061923-7360 12961 * ExecuteNextAppRequestOperation (bench_client.cc:407): Sending op with proto 4 and index 1
20260313-061923-9371 12961 * ExecuteNextAppRequestOperation (bench_client.cc:407): Sending op with proto 4 and index 1
20260313-061924-1383 12961 * ExecuteNextAppRequestOperation (bench_client.cc:407): Sending op with proto 4 and index 1
20260313-061924-3394 12961 * ExecuteNextAppRequestOperation (bench_client.cc:407): Sending op with proto 4 and index 1
20260313-061924-5406 12961 * ExecuteNextAppRequestOperation (bench_client.cc:407): Sending op with proto 4 and index 0
20260313-061924-9427 12961 * ExecuteNextAppRequestOperation (bench_client.cc:407): Sending op with proto 4 and index 1
20260313-061925-1439 12961 * ExecuteNextAppRequestOperation (bench_client.cc:407): Sending op with proto 4 and index 1
20260313-061925-3449 12961 * ExecuteNextAppRequestOperation (bench_client.cc:407): Sending op with proto 4 and index 1
20260313-061925-5460 12961 * ExecuteNextAppRequestOperation (bench_client.cc:407): Sending op with proto 4 and index 1
20260313-061925-7472 12961 * ExecuteNextAppRequestOperation (bench_client.cc:407): Sending op with proto 4 and index 0
20260313-061926-1493 12961 * ExecuteNextAppRequestOperation (bench_client.cc:407): Sending op with proto 4 and index 1
20260313-061926-3505 12961 * ExecuteNextAppRequestOperation (bench_client.cc:407): Sending op with proto 4 and index 1
20260313-061926-5517 12961 * GetNextOperation (app_request.cc:76): AppRequest batch composition: fanout=16 reads=14 writes=2
20260313-061926-5518 12961 * ExecuteNextAppRequestOperation (bench_client.cc:407): Sending op with proto 4 and index 1
20260313-061926-7542 12961 * ExecuteNextAppRequestOperation (bench_client.cc:407): Sending op with proto 4 and index 1
20260313-061926-9554 12961 * ExecuteNextAppRequestOperation (bench_client.cc:407): Sending op with proto 4 and index 1
20260313-061927-1567 12961 * ExecuteNextAppRequestOperation (bench_client.cc:407): Sending op with proto 4 and index 1
20260313-061927-3578 12961 * ExecuteNextAppRequestOperation (bench_client.cc:407): Sending op with proto 4 and index 1
20260313-061927-5589 12961 * ExecuteNextAppRequestOperation (bench_client.cc:407): Sending op with proto 4 and index 1
20260313-061927-7601 12961 * ExecuteNextAppRequestOperation (bench_client.cc:407): Sending op with proto 4 and index 1
20260313-061927-9613 12961 * ExecuteNextAppRequestOperation (bench_client.cc:407): Sending op with proto 4 and index 1
20260313-061928-3631 12961 * ExecuteNextAppRequestOperation (bench_client.cc:407): Sending op with proto 4 and index 1
20260313-061928-5642 12961 * ExecuteNextAppRequestOperation (bench_client.cc:407): Sending op with proto 4 and index 0
20260313-061928-9663 12961 * ExecuteNextAppRequestOperation (bench_client.cc:407): Sending op with proto 4 and index 1
20260313-061929-1675 12961 * ExecuteNextAppRequestOperation (bench_client.cc:407): Sending op with proto 4 and index 1
20260313-061929-3686 12961 * ExecuteNextAppRequestOperation (bench_client.cc:407): Sending op with proto 4 and index 1
20260313-061929-5698 12961 * ExecuteNextAppRequestOperation (bench_client.cc:407): Sending op with proto 4 and index 1
20260313-061929-7710 12961 * ExecuteNextAppRequestOperation (bench_client.cc:407): Sending op with proto 4 and index 1
20260313-061929-9721 12961 * ExecuteNextAppRequestOperation (bench_client.cc:407): Sending op with proto 4 and index 1
20260313-061930-1732 12961 * GetNextOperation (app_request.cc:76): AppRequest batch composition: fanout=16 reads=15 writes=1
20260313-061930-1733 12961 * ExecuteNextAppRequestOperation (bench_client.cc:407): Sending op with proto 4 and index 1
20260313-061930-3745 12961 * Finish          (bench_client.cc:921): Completed 6 requests in 25.156597 seconds
20260313-061930-3745 12961 * Finish          (bench_client.cc:922): 1 outstanding transactions.
20260313-061930-3759 12961 * ExecuteNextAppRequestOperation (bench_client.cc:407): Sending op with proto 4 and index 1
20260313-061930-5162 12961 * FlushStats      (benchmark.cc:916): Flushing stats to /mnt/extra/experiments/2026-04-13-06-18-31/out/client-0-0-0-stats-0.json.
20260313-061930-5166 12961 * FlushStats      (benchmark.cc:928): All done!
20260313-061930-5770 12961 * ExecuteNextAppRequestOperation (bench_client.cc:407): Sending op with proto 4 and index 1
20260313-061930-7781 12961 * ExecuteNextAppRequestOperation (bench_client.cc:407): Sending op with proto 4 and index 1
20260313-061930-9793 12961 * ExecuteNextAppRequestOperation (bench_client.cc:407): Sending op with proto 4 and index 0
20260313-061931-3812 12961 * ExecuteNextAppRequestOperation (bench_client.cc:407): Sending op with proto 4 and index 0
20260313-061931-7832 12961 * ExecuteNextAppRequestOperation (bench_client.cc:407): Sending op with proto 4 and index 1
20260313-061931-9844 12961 * ExecuteNextAppRequestOperation (bench_client.cc:407): Sending op with proto 4 and index 1
20260313-061932-1856 12961 * ExecuteNextAppRequestOperation (bench_client.cc:407): Sending op with proto 4 and index 0
20260313-061932-5876 12961 * ExecuteNextAppRequestOperation (bench_client.cc:407): Sending op with proto 4 and index 1
20260313-061932-7888 12961 * ExecuteNextAppRequestOperation (bench_client.cc:407): Sending op with proto 4 and index 1
20260313-061932-9899 12961 * ExecuteNextAppRequestOperation (bench_client.cc:407): Sending op with proto 4 and index 1
20260313-061933-1910 12961 * ExecuteNextAppRequestOperation (bench_client.cc:407): Sending op with proto 4 and index 1
20260313-061933-3922 12961 * ExecuteNextAppRequestOperation (bench_client.cc:407): Sending op with proto 4 and index 1
20260313-061933-5934 12961 * ExecuteNextAppRequestOperation (bench_client.cc:407): Sending op with proto 4 and index 1
20260313-061933-7945 12961 * ExecuteNextAppRequestOperation (bench_client.cc:407): Sending op with proto 4 and index 1
20260313-061933-9957 12961 * GetNextOperation (app_request.cc:76): AppRequest batch composition: fanout=16 reads=13 writes=3
20260313-061933-9958 12961 * ExecuteNextAppRequestOperation (bench_client.cc:407): Sending op with proto 4 and index 1
Session continued: 0
last_service: , current_state: 0
Session destroyed: 18446744073709551615
last_service: , current_state: 0
Session continued: 0
last_service: , current_state: 0
Session destroyed: 18446744073709551615
last_service: , current_state: 0
Session destroyed: 0
last_service: , current_state: 0
20260313-061934-3747 12961 * Cleanup         (bench_client.cc:749): Aborting 0 outstanding transactions.
20260313-061934-3748 12961 * CooldownDone    (bench_client.cc:779): Finished cooldown period.
20260313-061934-3749 12961 * CooldownDone    (bench_client.cc:786): Median latency is 3620754808 ns (3620 ms)
20260313-061934-3749 12961 * CooldownDone    (bench_client.cc:795): Average latency is 3592745894 ns (3592 ms)
20260313-061934-3750 12961 * CooldownDone    (bench_client.cc:799): 90th percentile latency is 3821429467 ns (3821 ms)
20260313-061934-3750 12961 * CooldownDone    (bench_client.cc:803): 95th percentile latency is 3821429467 ns (3821 ms)
20260313-061934-3750 12961 * CooldownDone    (bench_client.cc:807): 99th percentile latency is 3821429467 ns (3821 ms)
20260313-061934-3751 12961 * LATENCY total: 3419 ms 3592 ms/2147 ms 3821 ms (7 samples, 25 s total)
20260313-061934-3751 12961 *    2147 ms |          7 | =======
20260313-061934-3753 12961 * Stop            (tcptransport.cc:605): [TCP SUMMARY] outgoingCreated=30 outgoingClosed=0 incomingCreated=0 incomingClosed=0 outgoingPeak=30 incomingPeak=0
Inserted events:
  0x5615b666e390 [fd  7] Read Persist Internal
  0x5615b668d860 [fd  9] Read Persist
  0x5615b6692060 [fd  10] Read Persist
  0x5615b668e2c0 [fd  11] Read Persist
  0x5615b668c890 [fd  12] Read Persist
  0x5615b668f890 [fd  13] Read Persist
  0x5615b668d120 [fd  14] Read Persist
  0x5615b6692450 [fd  15] Read Persist
  0x5615b66912c0 [fd  16] Read Persist
  0x5615b6691b40 [fd  17] Read Persist
  0x5615b66aa450 [fd  18] Read Persist
  0x5615b66aaa80 [fd  19] Read Persist
  0x5615b66ab180 [fd  20] Read Persist
  0x5615b66ac020 [fd  21] Read Persist
  0x5615b66ac840 [fd  22] Read Persist
  0x5615b66ad060 [fd  23] Read Persist
  0x5615b66adf90 [fd  24] Read Persist
  0x5615b66ae7b0 [fd  25] Read Persist
  0x5615b66af230 [fd  26] Read Persist
  0x5615b66b0160 [fd  27] Read Persist
  0x5615b66b09d0 [fd  28] Read Persist
  0x5615b66b1320 [fd  29] Read Persist
  0x5615b66b24e0 [fd  30] Read Persist
  0x5615b66b2e20 [fd  31] Read Persist
  0x5615b66b3790 [fd  32] Read Persist
  0x5615b66b4b40 [fd  33] Read Persist
  0x5615b66b5460 [fd  34] Read Persist
  0x5615b66b5dd0 [fd  35] Read Persist
  0x5615b66b7010 [fd  36] Read Persist
  0x5615b66b78f0 [fd  37] Read Persist
  0x5615b66b8260 [fd  38] Read Persist
Active events:
20260313-061934-3758 12961 * main            (benchmark.cc:875): Cleaning up after experiment.
20260313-061934-3759 12961 * FlushStats      (benchmark.cc:916): Flushing stats to /mnt/extra/experiments/2026-04-13-06-18-31/out/client-0-0-0-stats-0.json.
20260313-061934-3761 12961 * FlushStats      (benchmark.cc:928): All done!
