20260313-063817-3700 22407 * main            (server.cc:217):    Starting server.
20260313-063817-3710 22407 * main            (server.cc:335):    Creating a default paritioner!
20260313-063819-3845 22407 * main            (server.cc:513):    Done loading server.
20260313-063914-5111 22407 ! TCPIncomingEventCallback (tcptransport.cc:942): [TCP INCOMING 124] EOF, lifetime=35160.99 ms
20260313-063915-5772 22407 ! TCPIncomingEventCallback (tcptransport.cc:942): [TCP INCOMING 117] EOF, lifetime=36377.37 ms
20260313-063915-7238 22407 ! TCPIncomingEventCallback (tcptransport.cc:942): [TCP INCOMING 122] EOF, lifetime=36382.19 ms
20260313-063915-7518 22407 ! TCPIncomingEventCallback (tcptransport.cc:942): [TCP INCOMING 125] EOF, lifetime=36392.59 ms
20260313-063916-1223 22407 ! TCPIncomingEventCallback (tcptransport.cc:942): [TCP INCOMING 119] EOF, lifetime=36783.77 ms
20260313-063916-1234 22407 ! TCPIncomingEventCallback (tcptransport.cc:942): [TCP INCOMING 120] EOF, lifetime=36784.79 ms
20260313-063916-5022 22407 ! TCPIncomingEventCallback (tcptransport.cc:942): [TCP INCOMING 118] EOF, lifetime=37173.36 ms
20260313-063917-1792 22407 ! TCPIncomingEventCallback (tcptransport.cc:942): [TCP INCOMING 126] EOF, lifetime=37591.03 ms
20260313-063923-7074 22407 * Cleanup         (server.cc:589):    Gracefully exiting after signal 15.
20260313-063923-7075 22407 * Stop            (tcptransport.cc:605): [TCP SUMMARY] outgoingCreated=59 outgoingClosed=0 incomingCreated=67 incomingClosed=8 outgoingPeak=121 incomingPeak=37
Inserted events:
  0x562e2bca6d00 [fd  9] Read Persist Internal
  0x562e2bcaea60 [fd  10] Read Persist
  0x562e2bcb9e70 [fd  11] Read Persist
  0x562e38303640 [fd  12] Read Persist
  0x562e38303860 [fd  13] Read Persist
  0x562e38303a80 [fd  14] Read Persist
  0x562e38303ca0 [fd  15] Read Persist
  0x562e38303ec0 [fd  16] Read Persist
  0x562e383040e0 [fd  17] Read Persist
  0x562e38304300 [fd  18] Read Persist
  0x562e38304520 [fd  19] Read Persist
  0x562e38304740 [fd  20] Read Persist
  0x562e38304960 [fd  21] Read Persist
  0x562e38304b80 [fd  22] Read Persist
  0x562e38304ec0 [fd  23] Read Persist
  0x562e38305200 [fd  24] Read Persist
  0x562e38305540 [fd  25] Read Persist
  0x562e38305880 [fd  26] Read Persist
  0x562e38305bc0 [fd  27] Read Persist
  0x562e38305f40 [fd  28] Read Persist
  0x562e38306410 [fd  29] Read Persist
  0x562e383067b0 [fd  30] Read Persist
  0x562e38306b50 [fd  31] Read Persist
  0x562e38306ef0 [fd  32] Read Persist
  0x562e38300880 [fd  33] Read Persist
  0x562e382fecc0 [fd  34] Read Persist
  0x562e382f62a0 [fd  35] Read Persist
  0x562e382f6660 [fd  36] Read Persist
  0x562e382fc560 [fd  37] Read Persist
  0x562e382ff170 [fd  38] Read Persist
  0x562e382ffe60 [fd  39] Read Persist
  0x562e382fcce0 [fd  40] Read Persist
  0x562e382fd2c0 [fd  41] Read Persist
  0x562e382fd6e0 [fd  42] Read Persist
  0x562e382fdb20 [fd  43] Read Persist
  0x562e382fdf60 [fd  44] Read Persist
  0x562e38307570 [fd  45] Read Persist
  0x562e38307980 [fd  46] Read Persist
  0x562e38307d90 [fd  47] Read Persist
  0x562e383081a0 [fd  48] Read Persist
  0x562e38308830 [fd  49] Read Persist
  0x562e38308c90 [fd  50] Read Persist
  0x562e383091f0 [fd  51] Read Persist
  0x562e38309780 [fd  52] Read Persist
  0x562e38309d10 [fd  53] Read Persist
  0x562e3830a2a0 [fd  54] Read Persist
  0x562e3830a830 [fd  55] Read Persist
  0x562e3830adc0 [fd  56] Read Persist
  0x562e3830b350 [fd  57] Read Persist
  0x562e3830b8e0 [fd  58] Read Persist
  0x562e3830be70 [fd  59] Read Persist
  0x562e3830c400 [fd  60] Read Persist
  0x562e3830c990 [fd  61] Read Persist
  0x562e3830cdb0 [fd  62] Read Persist
  0x562e3830cfd0 [fd  63] Read Persist
  0x562e3830d280 [fd  64] Read Persist
  0x562e2bcb4ee0 [fd  65] Read Persist
  0x562e2bcb65b0 [fd  66] Read Persist
  0x562e2bcb54b0 [fd  67] Read Persist
  0x562e2bcb5880 [fd  68] Read Persist
  0x562e2bcb5c50 [fd  69] Read Persist
  0x562e3830d5c0 [fd  70] Read Persist
  0x562e3830d870 [fd  71] Read Persist
  0x562e3830dc00 [fd  72] Read Persist
  0x562e3830e0a0 [fd  73] Read Persist
  0x562e3830e540 [fd  74] Read Persist
  0x562e3830e9e0 [fd  75] Read Persist
  0x562e3830ee80 [fd  76] Read Persist
  0x562e3830f320 [fd  77] Read Persist
  0x562e3830f7c0 [fd  78] Read Persist
  0x562e3830fc60 [fd  79] Read Persist
  0x562e38310100 [fd  80] Read Persist
  0x562e383105a0 [fd  81] Read Persist
  0x562e38310a40 [fd  82] Read Persist
  0x562e38310ee0 [fd  83] Read Persist
  0x562e38311380 [fd  84] Read Persist
  0x562e38311820 [fd  85] Read Persist
  0x562e38311cc0 [fd  86] Read Persist
  0x562e38312160 [fd  87] Read Persist
  0x562e38312600 [fd  88] Read Persist
  0x562e38312aa0 [fd  89] Read Persist
  0x562e38312f40 [fd  90] Read Persist
  0x562e38313e60 [fd  91] Read Persist
  0x562e38314300 [fd  92] Read Persist
  0x562e38314850 [fd  93] Read Persist
  0x562e38314d10 [fd  94] Read Persist
  0x562e383151d0 [fd  95] Read Persist
  0x562e38315690 [fd  96] Read Persist
  0x562e38315b50 [fd  97] Read Persist
  0x562e38316010 [fd  98] Read Persist
  0x562e383164d0 [fd  99] Read Persist
  0x562e38316a60 [fd  100] Read Persist
  0x562e38316ff0 [fd  101] Read Persist
  0x562e38317580 [fd  102] Read Persist
  0x562e38317b10 [fd  103] Read Persist
  0x562e383180a0 [fd  104] Read Persist
  0x562e38318630 [fd  105] Read Persist
  0x562e38318bc0 [fd  106] Read Persist
  0x562e38319150 [fd  107] Read Persist
  0x562e383196e0 [fd  108] Read Persist
  0x562e38319c70 [fd  109] Read Persist
  0x562e3831a200 [fd  110] Read Persist
  0x562e3831a790 [fd  111] Read Persist
  0x562e3831ad20 [fd  112] Read Persist
  0x562e3831b2b0 [fd  113] Read Persist
  0x562e3831b840 [fd  114] Read Persist
  0x562e3831bdd0 [fd  115] Read Persist
  0x562e3831c360 [fd  116] Read Persist
  0x562e3831c8f0 [fd  117] Read Persist
  0x562e3831ce80 [fd  118] Read Persist
  0x562e3831d410 [fd  119] Read Persist
  0x562e3831d9a0 [fd  120] Read Persist
  0x562e3831df30 [fd  121] Read Persist
  0x562e3831e350 [fd  122] Read Persist
  0x562e3831e570 [fd  123] Read Persist
  0x562e3831e820 [fd  124] Read Persist
  0x562e3831ebc0 [fd  125] Read Persist
  0x562e3831ef60 [fd  126] Read Persist
  0x562e3831f300 [fd  127] Read Persist
  0x562e3833caf0 [fd  132] Read Persist
  0x562e3833d2f0 [fd  134] Read Persist
Active events:
20260313-063923-7085 22407 * Cleanup         (server.cc:593):    Exporting stats to /mnt/extra/experiments/2026-04-13-06-38-08/out/server-0-3-1-stats-0.json.
20260313-063923-7086 22407 * Close           (replica.cc:815):   [1] ReadStatsSummary clean=37 dirty=11 total=48
20260313-063923-7086 22407 * Close           (replica.cc:817):   [1] ReadStatsDepth depth=1 count=8
20260313-063923-7087 22407 * Close           (replica.cc:817):   [1] ReadStatsDepth depth=2 count=3
20260313-063923-7087 22407 * Close           (replica.cc:820):   [1] ReadStatsClient client=18 clean=37 dirty=11
