20260216-210207-7596 00663 * main            (benchmark.cc:402): Starting benchmark.
20260216-210210-1355 00663 * main            (benchmark.cc:621): Creating a default paritioner!
20260216-210210-1599 00663 * Client          (client.cc:75):     Initializing StrongStore client with id [7]
20260216-210210-1599 00663 * BenchmarkClient (bench_client.cc:81): starting benchclient, issueConcurrent: 0; fanout: 1
Session created: 0
last_service: , current_state: 0
Session continued: 0
last_service: , current_state: 0
Session destroyed: 18446744073709551615
last_service: , current_state: 0
20260216-210215-5501 00663 * WarmupDone      (bench_client.cc:739): Completed warmup period of 5 seconds with 2445 requests
20260216-210246-5503 00663 * Finish          (bench_client.cc:933): Completed 15317 requests in 31.001121 seconds
20260216-210246-5504 00663 * Finish          (bench_client.cc:934): 1 outstanding transactions.
Session continued: 0
last_service: , current_state: 0
Session destroyed: 18446744073709551615
last_service: , current_state: 0
Session continued: 0
last_service: , current_state: 0
Session destroyed: 18446744073709551615
last_service: , current_state: 0
Session destroyed: 0
last_service: , current_state: 0
20260216-210249-5503 00663 * FlushStats      (benchmark.cc:890): Flushing stats to /mnt/extra/experiments/2026-03-16-21-01-43/out/client-0-0-7-stats-0.json.
20260216-210249-5505 00663 * FlushStats      (benchmark.cc:902): All done!
20260216-210251-5506 00663 * Cleanup         (bench_client.cc:761): Aborting 0 outstanding transactions.
20260216-210251-5506 00663 * CooldownDone    (bench_client.cc:791): Finished cooldown period.
20260216-210251-5804 00663 * CooldownDone    (bench_client.cc:798): Median latency is 2005400 ns (2005 us)
20260216-210251-5806 00663 * CooldownDone    (bench_client.cc:807): Average latency is 1986228 ns (1986 us)
20260216-210251-5806 00663 * CooldownDone    (bench_client.cc:811): 90th percentile latency is 2424729 ns (2424 us)
20260216-210251-5806 00663 * CooldownDone    (bench_client.cc:815): 95th percentile latency is 2533762 ns (2533 us)
20260216-210251-5806 00663 * CooldownDone    (bench_client.cc:819): 99th percentile latency is 2732324 ns (2732 us)
20260216-210251-5806 00663 * LATENCY total: 547 us 1986 us/1048 us 11 ms (15318 samples, 30 s total)
20260216-210251-5806 00663 *     524 us |        102 | 
20260216-210251-5807 00663 *    1048 us |       9333 | ==================================================
20260216-210251-5807 00663 *    2097 us |       5871 | ===============================
20260216-210251-5807 00663 *    4194 us |         11 | 
20260216-210251-5807 00663 *    8388 us |          1 | 
20260216-210251-6132 00663 * Stop            (tcptransport.cc:581): [TCP SUMMARY] outgoingCreated=1 outgoingClosed=0 incomingCreated=0 incomingClosed=0 outgoingPeak=1 incomingPeak=0
Inserted events:
  0x563b86fa5f60 [fd  7] Read Persist Internal
  0x563b86fbc510 [fd  9] Read Persist
Active events:
20260216-210251-6133 00663 * main            (benchmark.cc:849): Cleaning up after experiment.
20260216-210251-6133 00663 * FlushStats      (benchmark.cc:890): Flushing stats to /mnt/extra/experiments/2026-03-16-21-01-43/out/client-0-0-7-stats-0.json.
20260216-210251-6135 00663 * FlushStats      (benchmark.cc:902): All done!
