20260313-061204-4964 02403 * main            (benchmark.cc:405): Starting benchmark.
20260313-061205-1577 02403 * main            (benchmark.cc:624): Creating a default paritioner!
20260313-061205-1587 02403 * Client          (client.cc:76):     Initializing StrongStore client with id [6]
20260313-061205-1609 02403 * ShardClient     (shardclient.cc:62): success in sending register client: for client id 6 1
20260313-061205-1610 02403 * ShardClient     (shardclient.cc:62): success in sending register client: for client id 6 1
20260313-061205-1611 02403 * ShardClient     (shardclient.cc:62): success in sending register client: for client id 6 1
20260313-061205-1621 02403 * ShardClient     (shardclient.cc:62): success in sending register client: for client id 6 1
20260313-061205-1621 02403 * ShardClient     (shardclient.cc:62): success in sending register client: for client id 6 1
20260313-061205-1622 02403 * ShardClient     (shardclient.cc:62): success in sending register client: for client id 6 1
20260313-061205-1631 02403 * ShardClient     (shardclient.cc:62): success in sending register client: for client id 6 1
20260313-061205-1631 02403 * ShardClient     (shardclient.cc:62): success in sending register client: for client id 6 1
20260313-061205-1632 02403 * ShardClient     (shardclient.cc:62): success in sending register client: for client id 6 1
20260313-061205-1641 02403 * ShardClient     (shardclient.cc:62): success in sending register client: for client id 6 1
20260313-061205-1641 02403 * ShardClient     (shardclient.cc:62): success in sending register client: for client id 6 1
20260313-061205-1642 02403 * ShardClient     (shardclient.cc:62): success in sending register client: for client id 6 1
20260313-061205-1650 02403 * ShardClient     (shardclient.cc:62): success in sending register client: for client id 6 1
20260313-061205-1651 02403 * ShardClient     (shardclient.cc:62): success in sending register client: for client id 6 1
20260313-061205-1652 02403 * ShardClient     (shardclient.cc:62): success in sending register client: for client id 6 1
20260313-061205-1661 02403 * ShardClient     (shardclient.cc:62): success in sending register client: for client id 6 1
20260313-061205-1661 02403 * ShardClient     (shardclient.cc:62): success in sending register client: for client id 6 1
20260313-061205-1662 02403 * ShardClient     (shardclient.cc:62): success in sending register client: for client id 6 1
20260313-061205-1671 02403 * ShardClient     (shardclient.cc:62): success in sending register client: for client id 6 1
20260313-061205-1671 02403 * ShardClient     (shardclient.cc:62): success in sending register client: for client id 6 1
20260313-061205-1672 02403 * ShardClient     (shardclient.cc:62): success in sending register client: for client id 6 1
20260313-061205-1680 02403 * ShardClient     (shardclient.cc:62): success in sending register client: for client id 6 1
20260313-061205-1681 02403 * ShardClient     (shardclient.cc:62): success in sending register client: for client id 6 1
20260313-061205-1681 02403 * ShardClient     (shardclient.cc:62): success in sending register client: for client id 6 1
20260313-061205-1690 02403 * ShardClient     (shardclient.cc:62): success in sending register client: for client id 6 1
20260313-061205-1691 02403 * ShardClient     (shardclient.cc:62): success in sending register client: for client id 6 1
20260313-061205-1691 02403 * ShardClient     (shardclient.cc:62): success in sending register client: for client id 6 1
20260313-061205-1700 02403 * ShardClient     (shardclient.cc:62): success in sending register client: for client id 6 1
20260313-061205-1701 02403 * ShardClient     (shardclient.cc:62): success in sending register client: for client id 6 1
20260313-061205-1701 02403 * ShardClient     (shardclient.cc:62): success in sending register client: for client id 6 1
20260313-061205-1702 02403 * BenchmarkClient (bench_client.cc:83): starting benchclient, issueConcurrent: 1; fanout: 4
Session created: 0
last_service: , current_state: 0
Session continued: 0
last_service: , current_state: 0
Session destroyed: 18446744073709551615
last_service: , current_state: 0
20260313-061205-2111 02403 * ExecuteNextAppRequestOperation (bench_client.cc:407): Sending op with proto 5 and index 0
20260313-061205-2112 02403 * ExecuteNextAppRequestOperation (bench_client.cc:407): Sending op with proto 5 and index 1
20260313-061205-2113 02403 * SendOperation   (shardclient.cc:377): Client-side CoordRequest: p=137438953473 s=115964116993 to group=8 replica=2
20260313-061205-2113 02403 * ExecuteNextAppRequestOperation (bench_client.cc:407): Sending op with proto 5 and index 1
20260313-061205-2113 02403 * SendOperation   (shardclient.cc:377): Client-side CoordRequest: p=115964116993 s=107374182401 to group=3 replica=1
20260313-061205-2114 02403 * GetNextOperation (app_request.cc:76): AppRequest batch composition: fanout=4 reads=3 writes=1
20260313-061205-2114 02403 * ExecuteNextAppRequestOperation (bench_client.cc:407): Sending op with proto 5 and index 1
20260313-061205-2114 02403 * SendOperation   (shardclient.cc:377): Client-side CoordRequest: p=107374182401 s=111669149697 to group=1 replica=1
20260313-061206-2767 02403 * ExecuteNextAppRequestOperation (bench_client.cc:407): Sending op with proto 5 and index 1
20260313-061206-2769 02403 * ExecuteNextAppRequestOperation (bench_client.cc:407): Sending op with proto 5 and index 1
20260313-061206-2770 02403 * SendOperation   (shardclient.cc:377): Client-side CoordRequest: p=128849018881 s=120259084289 to group=6 replica=1
20260313-061206-2772 02403 * ExecuteNextAppRequestOperation (bench_client.cc:407): Sending op with proto 5 and index 1
20260313-061206-2773 02403 * SendOperation   (shardclient.cc:377): Client-side CoordRequest: p=120259084289 s=107374182402 to group=4 replica=1
20260313-061206-2774 02403 * GetNextOperation (app_request.cc:76): AppRequest batch composition: fanout=4 reads=4 writes=0
20260313-061206-2775 02403 * ExecuteNextAppRequestOperation (bench_client.cc:407): Sending op with proto 5 and index 1
20260313-061206-2775 02403 * SendOperation   (shardclient.cc:377): Client-side CoordRequest: p=107374182402 s=141733920769 to group=1 replica=1
20260313-061206-9822 02403 * ExecuteNextAppRequestOperation (bench_client.cc:407): Sending op with proto 5 and index 1
20260313-061206-9824 02403 * ExecuteNextAppRequestOperation (bench_client.cc:407): Sending op with proto 5 and index 1
20260313-061206-9825 02403 * SendOperation   (shardclient.cc:377): Client-side CoordRequest: p=128849018882 s=128849018883 to group=6 replica=1
20260313-061206-9826 02403 * ExecuteNextAppRequestOperation (bench_client.cc:407): Sending op with proto 5 and index 1
20260313-061206-9827 02403 * SendOperation   (shardclient.cc:377): Client-side CoordRequest: p=128849018883 s=124554051585 to group=6 replica=1
20260313-061206-9829 02403 * GetNextOperation (app_request.cc:76): AppRequest batch composition: fanout=4 reads=4 writes=0
20260313-061206-9829 02403 * ExecuteNextAppRequestOperation (bench_client.cc:407): Sending op with proto 5 and index 1
20260313-061206-9830 02403 * SendOperation   (shardclient.cc:377): Client-side CoordRequest: p=124554051585 s=124554051586 to group=5 replica=1
20260313-061207-2858 02403 * ExecuteNextAppRequestOperation (bench_client.cc:407): Sending op with proto 5 and index 1
20260313-061207-2861 02403 * ExecuteNextAppRequestOperation (bench_client.cc:407): Sending op with proto 5 and index 1
20260313-061207-2861 02403 * SendOperation   (shardclient.cc:377): Client-side CoordRequest: p=124554051587 s=128849018884 to group=5 replica=1
20260313-061207-2863 02403 * ExecuteNextAppRequestOperation (bench_client.cc:407): Sending op with proto 5 and index 1
20260313-061207-2864 02403 * SendOperation   (shardclient.cc:377): Client-side CoordRequest: p=128849018884 s=103079215105 to group=6 replica=1
20260313-061207-2865 02403 * GetNextOperation (app_request.cc:76): AppRequest batch composition: fanout=4 reads=3 writes=1
20260313-061207-2866 02403 * ExecuteNextAppRequestOperation (bench_client.cc:407): Sending op with proto 5 and index 0
20260313-061207-2866 02403 * SendOperation   (shardclient.cc:377): Client-side CoordRequest: p=103079215105 s=124554051588 to group=0 replica=1
20260313-061207-9925 02403 * ExecuteNextAppRequestOperation (bench_client.cc:407): Sending op with proto 5 and index 1
20260313-061207-9927 02403 * ExecuteNextAppRequestOperation (bench_client.cc:407): Sending op with proto 5 and index 1
20260313-061207-9928 02403 * SendOperation   (shardclient.cc:377): Client-side CoordRequest: p=128849018885 s=137438953474 to group=6 replica=1
20260313-061207-9929 02403 * ExecuteNextAppRequestOperation (bench_client.cc:407): Sending op with proto 5 and index 1
20260313-061207-9930 02403 * SendOperation   (shardclient.cc:377): Client-side CoordRequest: p=137438953474 s=111669149698 to group=8 replica=1
20260313-061207-9932 02403 * GetNextOperation (app_request.cc:76): AppRequest batch composition: fanout=4 reads=3 writes=1
20260313-061207-9932 02403 * ExecuteNextAppRequestOperation (bench_client.cc:407): Sending op with proto 5 and index 0
20260313-061207-9933 02403 * SendOperation   (shardclient.cc:377): Client-side CoordRequest: p=111669149698 s=115964116994 to group=2 replica=1
20260313-061208-4966 02403 * ExecuteNextAppRequestOperation (bench_client.cc:407): Sending op with proto 5 and index 1
20260313-061208-4968 02403 * ExecuteNextAppRequestOperation (bench_client.cc:407): Sending op with proto 5 and index 1
20260313-061208-4969 02403 * SendOperation   (shardclient.cc:377): Client-side CoordRequest: p=111669149699 s=111669149700 to group=2 replica=1
20260313-061208-4970 02403 * ExecuteNextAppRequestOperation (bench_client.cc:407): Sending op with proto 5 and index 1
20260313-061208-4971 02403 * SendOperation   (shardclient.cc:377): Client-side CoordRequest: p=111669149700 s=133143986177 to group=2 replica=1
20260313-061208-4972 02403 * GetNextOperation (app_request.cc:76): AppRequest batch composition: fanout=4 reads=4 writes=0
20260313-061208-4973 02403 * ExecuteNextAppRequestOperation (bench_client.cc:407): Sending op with proto 5 and index 1
20260313-061208-4974 02403 * SendOperation   (shardclient.cc:377): Client-side CoordRequest: p=133143986177 s=103079215106 to group=7 replica=1
20260313-061208-9019 02403 * ExecuteNextAppRequestOperation (bench_client.cc:407): Sending op with proto 5 and index 1
20260313-061208-9021 02403 * ExecuteNextAppRequestOperation (bench_client.cc:407): Sending op with proto 5 and index 0
20260313-061208-9022 02403 * SendOperation   (shardclient.cc:377): Client-side CoordRequest: p=141733920770 s=141733920771 to group=9 replica=1
20260313-061208-9023 02403 * ExecuteNextAppRequestOperation (bench_client.cc:407): Sending op with proto 5 and index 1
20260313-061208-9024 02403 * SendOperation   (shardclient.cc:377): Client-side CoordRequest: p=141733920771 s=124554051589 to group=9 replica=2
20260313-061208-9026 02403 * GetNextOperation (app_request.cc:76): AppRequest batch composition: fanout=4 reads=3 writes=1
20260313-061208-9026 02403 * ExecuteNextAppRequestOperation (bench_client.cc:407): Sending op with proto 5 and index 1
20260313-061208-9027 02403 * SendOperation   (shardclient.cc:377): Client-side CoordRequest: p=124554051589 s=141733920772 to group=5 replica=1
20260313-061209-2111 02403 * WarmupDone      (bench_client.cc:727): Completed warmup period of 4 seconds with 6 requests
20260313-061209-5063 02403 * ExecuteNextAppRequestOperation (bench_client.cc:407): Sending op with proto 5 and index 1
20260313-061209-5064 02403 * ExecuteNextAppRequestOperation (bench_client.cc:407): Sending op with proto 5 and index 1
20260313-061209-5064 02403 * SendOperation   (shardclient.cc:377): Client-side CoordRequest: p=120259084290 s=115964116995 to group=4 replica=1
20260313-061209-5065 02403 * ExecuteNextAppRequestOperation (bench_client.cc:407): Sending op with proto 5 and index 1
20260313-061209-5065 02403 * SendOperation   (shardclient.cc:377): Client-side CoordRequest: p=115964116995 s=124554051590 to group=3 replica=1
20260313-061209-5066 02403 * GetNextOperation (app_request.cc:76): AppRequest batch composition: fanout=4 reads=4 writes=0
20260313-061209-5066 02403 * ExecuteNextAppRequestOperation (bench_client.cc:407): Sending op with proto 5 and index 1
20260313-061209-5066 02403 * SendOperation   (shardclient.cc:377): Client-side CoordRequest: p=124554051590 s=128849018886 to group=5 replica=1
20260313-061210-0106 02403 * ExecuteNextAppRequestOperation (bench_client.cc:407): Sending op with proto 5 and index 1
20260313-061210-0108 02403 * ExecuteNextAppRequestOperation (bench_client.cc:407): Sending op with proto 5 and index 1
20260313-061210-0109 02403 * SendOperation   (shardclient.cc:377): Client-side CoordRequest: p=111669149701 s=124554051591 to group=2 replica=1
20260313-061210-0111 02403 * ExecuteNextAppRequestOperation (bench_client.cc:407): Sending op with proto 5 and index 1
20260313-061210-0111 02403 * SendOperation   (shardclient.cc:377): Client-side CoordRequest: p=124554051591 s=103079215107 to group=5 replica=1
20260313-061210-0113 02403 * GetNextOperation (app_request.cc:76): AppRequest batch composition: fanout=4 reads=4 writes=0
20260313-061210-0113 02403 * ExecuteNextAppRequestOperation (bench_client.cc:407): Sending op with proto 5 and index 1
20260313-061210-0114 02403 * SendOperation   (shardclient.cc:377): Client-side CoordRequest: p=103079215107 s=133143986178 to group=0 replica=1
20260313-061210-5156 02403 * ExecuteNextAppRequestOperation (bench_client.cc:407): Sending op with proto 5 and index 1
20260313-061210-5158 02403 * ExecuteNextAppRequestOperation (bench_client.cc:407): Sending op with proto 5 and index 1
20260313-061210-5159 02403 * SendOperation   (shardclient.cc:377): Client-side CoordRequest: p=133143986179 s=124554051592 to group=7 replica=1
20260313-061210-5161 02403 * ExecuteNextAppRequestOperation (bench_client.cc:407): Sending op with proto 5 and index 1
20260313-061210-5161 02403 * SendOperation   (shardclient.cc:377): Client-side CoordRequest: p=124554051592 s=124554051593 to group=5 replica=1
20260313-061210-5163 02403 * GetNextOperation (app_request.cc:76): AppRequest batch composition: fanout=4 reads=4 writes=0
20260313-061210-5163 02403 * ExecuteNextAppRequestOperation (bench_client.cc:407): Sending op with proto 5 and index 1
20260313-061210-5164 02403 * SendOperation   (shardclient.cc:377): Client-side CoordRequest: p=124554051593 s=133143986180 to group=5 replica=1
20260313-061210-9207 02403 * ExecuteNextAppRequestOperation (bench_client.cc:407): Sending op with proto 5 and index 1
20260313-061210-9209 02403 * ExecuteNextAppRequestOperation (bench_client.cc:407): Sending op with proto 5 and index 1
20260313-061210-9210 02403 * SendOperation   (shardclient.cc:377): Client-side CoordRequest: p=128849018887 s=111669149702 to group=6 replica=1
20260313-061210-9212 02403 * ExecuteNextAppRequestOperation (bench_client.cc:407): Sending op with proto 5 and index 1
20260313-061210-9213 02403 * SendOperation   (shardclient.cc:377): Client-side CoordRequest: p=111669149702 s=124554051594 to group=2 replica=1
20260313-061210-9214 02403 * GetNextOperation (app_request.cc:76): AppRequest batch composition: fanout=4 reads=4 writes=0
20260313-061210-9215 02403 * ExecuteNextAppRequestOperation (bench_client.cc:407): Sending op with proto 5 and index 1
20260313-061210-9215 02403 * SendOperation   (shardclient.cc:377): Client-side CoordRequest: p=124554051594 s=120259084291 to group=5 replica=1
20260313-061211-4246 02403 * ExecuteNextAppRequestOperation (bench_client.cc:407): Sending op with proto 5 and index 1
20260313-061211-4248 02403 * ExecuteNextAppRequestOperation (bench_client.cc:407): Sending op with proto 5 and index 1
20260313-061211-4249 02403 * SendOperation   (shardclient.cc:377): Client-side CoordRequest: p=141733920773 s=115964116996 to group=9 replica=1
20260313-061211-4250 02403 * ExecuteNextAppRequestOperation (bench_client.cc:407): Sending op with proto 5 and index 1
20260313-061211-4251 02403 * SendOperation   (shardclient.cc:377): Client-side CoordRequest: p=115964116996 s=111669149703 to group=3 replica=1
20260313-061211-4253 02403 * GetNextOperation (app_request.cc:76): AppRequest batch composition: fanout=4 reads=3 writes=1
20260313-061211-4253 02403 * ExecuteNextAppRequestOperation (bench_client.cc:407): Sending op with proto 5 and index 0
20260313-061211-4254 02403 * SendOperation   (shardclient.cc:377): Client-side CoordRequest: p=111669149703 s=115964116997 to group=2 replica=1
20260313-061212-1311 02403 * ExecuteNextAppRequestOperation (bench_client.cc:407): Sending op with proto 5 and index 1
20260313-061212-1313 02403 * ExecuteNextAppRequestOperation (bench_client.cc:407): Sending op with proto 5 and index 1
20260313-061212-1314 02403 * SendOperation   (shardclient.cc:377): Client-side CoordRequest: p=128849018888 s=107374182403 to group=6 replica=1
20260313-061212-1316 02403 * ExecuteNextAppRequestOperation (bench_client.cc:407): Sending op with proto 5 and index 1
20260313-061212-1316 02403 * SendOperation   (shardclient.cc:377): Client-side CoordRequest: p=107374182403 s=128849018889 to group=1 replica=1
20260313-061212-1318 02403 * GetNextOperation (app_request.cc:76): AppRequest batch composition: fanout=4 reads=4 writes=0
20260313-061212-1318 02403 * ExecuteNextAppRequestOperation (bench_client.cc:407): Sending op with proto 5 and index 1
20260313-061212-1319 02403 * SendOperation   (shardclient.cc:377): Client-side CoordRequest: p=128849018889 s=120259084292 to group=6 replica=1
20260313-061212-6358 02403 * ExecuteNextAppRequestOperation (bench_client.cc:407): Sending op with proto 5 and index 1
20260313-061212-6361 02403 * ExecuteNextAppRequestOperation (bench_client.cc:407): Sending op with proto 5 and index 1
20260313-061212-6361 02403 * SendOperation   (shardclient.cc:377): Client-side CoordRequest: p=133143986181 s=111669149704 to group=7 replica=1
20260313-061212-6363 02403 * ExecuteNextAppRequestOperation (bench_client.cc:407): Sending op with proto 5 and index 1
20260313-061212-6364 02403 * SendOperation   (shardclient.cc:377): Client-side CoordRequest: p=111669149704 s=141733920774 to group=2 replica=1
20260313-061212-6365 02403 * GetNextOperation (app_request.cc:76): AppRequest batch composition: fanout=4 reads=4 writes=0
20260313-061212-6366 02403 * ExecuteNextAppRequestOperation (bench_client.cc:407): Sending op with proto 5 and index 1
20260313-061212-6366 02403 * SendOperation   (shardclient.cc:377): Client-side CoordRequest: p=141733920774 s=107374182404 to group=9 replica=1
20260313-061213-3414 02403 * ExecuteNextAppRequestOperation (bench_client.cc:407): Sending op with proto 5 and index 1
20260313-061213-3417 02403 * ExecuteNextAppRequestOperation (bench_client.cc:407): Sending op with proto 5 and index 1
20260313-061213-3418 02403 * SendOperation   (shardclient.cc:377): Client-side CoordRequest: p=133143986182 s=124554051595 to group=7 replica=1
20260313-061213-3419 02403 * ExecuteNextAppRequestOperation (bench_client.cc:407): Sending op with proto 5 and index 1
20260313-061213-3420 02403 * SendOperation   (shardclient.cc:377): Client-side CoordRequest: p=124554051595 s=133143986183 to group=5 replica=1
20260313-061213-3421 02403 * GetNextOperation (app_request.cc:76): AppRequest batch composition: fanout=4 reads=4 writes=0
20260313-061213-3422 02403 * ExecuteNextAppRequestOperation (bench_client.cc:407): Sending op with proto 5 and index 1
20260313-061213-3422 02403 * SendOperation   (shardclient.cc:377): Client-side CoordRequest: p=133143986183 s=120259084293 to group=7 replica=1
20260313-061213-8457 02403 * ExecuteNextAppRequestOperation (bench_client.cc:407): Sending op with proto 5 and index 1
20260313-061213-8459 02403 * ExecuteNextAppRequestOperation (bench_client.cc:407): Sending op with proto 5 and index 1
20260313-061213-8460 02403 * SendOperation   (shardclient.cc:377): Client-side CoordRequest: p=115964116998 s=141733920775 to group=3 replica=1
20260313-061213-8462 02403 * ExecuteNextAppRequestOperation (bench_client.cc:407): Sending op with proto 5 and index 1
20260313-061213-8462 02403 * SendOperation   (shardclient.cc:377): Client-side CoordRequest: p=141733920775 s=120259084294 to group=9 replica=1
20260313-061213-8464 02403 * GetNextOperation (app_request.cc:76): AppRequest batch composition: fanout=4 reads=4 writes=0
20260313-061213-8465 02403 * ExecuteNextAppRequestOperation (bench_client.cc:407): Sending op with proto 5 and index 1
20260313-061213-8465 02403 * SendOperation   (shardclient.cc:377): Client-side CoordRequest: p=120259084294 s=133143986184 to group=4 replica=1
20260313-061214-3498 02403 * ExecuteNextAppRequestOperation (bench_client.cc:407): Sending op with proto 5 and index 1
20260313-061214-3500 02403 * ExecuteNextAppRequestOperation (bench_client.cc:407): Sending op with proto 5 and index 1
20260313-061214-3501 02403 * SendOperation   (shardclient.cc:377): Client-side CoordRequest: p=141733920776 s=103079215108 to group=9 replica=1
20260313-061214-3503 02403 * ExecuteNextAppRequestOperation (bench_client.cc:407): Sending op with proto 5 and index 1
20260313-061214-3503 02403 * SendOperation   (shardclient.cc:377): Client-side CoordRequest: p=103079215108 s=128849018890 to group=0 replica=1
20260313-061214-3505 02403 * GetNextOperation (app_request.cc:76): AppRequest batch composition: fanout=4 reads=4 writes=0
20260313-061214-3505 02403 * ExecuteNextAppRequestOperation (bench_client.cc:407): Sending op with proto 5 and index 1
20260313-061214-3506 02403 * SendOperation   (shardclient.cc:377): Client-side CoordRequest: p=128849018890 s=141733920777 to group=6 replica=1
20260313-061215-0552 02403 * ExecuteNextAppRequestOperation (bench_client.cc:407): Sending op with proto 5 and index 1
20260313-061215-0554 02403 * ExecuteNextAppRequestOperation (bench_client.cc:407): Sending op with proto 5 and index 1
20260313-061215-0555 02403 * SendOperation   (shardclient.cc:377): Client-side CoordRequest: p=124554051596 s=133143986185 to group=5 replica=1
20260313-061215-0556 02403 * ExecuteNextAppRequestOperation (bench_client.cc:407): Sending op with proto 5 and index 1
20260313-061215-0557 02403 * SendOperation   (shardclient.cc:377): Client-side CoordRequest: p=133143986185 s=137438953475 to group=7 replica=1
20260313-061215-0558 02403 * GetNextOperation (app_request.cc:76): AppRequest batch composition: fanout=4 reads=4 writes=0
20260313-061215-0559 02403 * ExecuteNextAppRequestOperation (bench_client.cc:407): Sending op with proto 5 and index 1
20260313-061215-0559 02403 * SendOperation   (shardclient.cc:377): Client-side CoordRequest: p=137438953475 s=141733920778 to group=8 replica=1
20260313-061215-7605 02403 * ExecuteNextAppRequestOperation (bench_client.cc:407): Sending op with proto 5 and index 1
20260313-061215-7607 02403 * ExecuteNextAppRequestOperation (bench_client.cc:407): Sending op with proto 5 and index 1
20260313-061215-7608 02403 * SendOperation   (shardclient.cc:377): Client-side CoordRequest: p=128849018891 s=133143986186 to group=6 replica=1
20260313-061215-7610 02403 * ExecuteNextAppRequestOperation (bench_client.cc:407): Sending op with proto 5 and index 1
20260313-061215-7610 02403 * SendOperation   (shardclient.cc:377): Client-side CoordRequest: p=133143986186 s=111669149705 to group=7 replica=1
20260313-061215-7612 02403 * GetNextOperation (app_request.cc:76): AppRequest batch composition: fanout=4 reads=4 writes=0
20260313-061215-7613 02403 * ExecuteNextAppRequestOperation (bench_client.cc:407): Sending op with proto 5 and index 1
20260313-061215-7613 02403 * SendOperation   (shardclient.cc:377): Client-side CoordRequest: p=111669149705 s=128849018892 to group=2 replica=1
20260313-061216-4669 02403 * ExecuteNextAppRequestOperation (bench_client.cc:407): Sending op with proto 5 and index 1
20260313-061216-4671 02403 * ExecuteNextAppRequestOperation (bench_client.cc:407): Sending op with proto 5 and index 1
20260313-061216-4672 02403 * SendOperation   (shardclient.cc:377): Client-side CoordRequest: p=124554051597 s=115964116999 to group=5 replica=1
20260313-061216-4674 02403 * ExecuteNextAppRequestOperation (bench_client.cc:407): Sending op with proto 5 and index 0
20260313-061216-4674 02403 * SendOperation   (shardclient.cc:377): Client-side CoordRequest: p=115964116999 s=137438953476 to group=3 replica=1
20260313-061216-4676 02403 * GetNextOperation (app_request.cc:76): AppRequest batch composition: fanout=4 reads=3 writes=1
20260313-061216-4677 02403 * ExecuteNextAppRequestOperation (bench_client.cc:407): Sending op with proto 5 and index 1
20260313-061216-4677 02403 * SendOperation   (shardclient.cc:377): Client-side CoordRequest: p=137438953476 s=137438953477 to group=8 replica=2
20260313-061216-9711 02403 * ExecuteNextAppRequestOperation (bench_client.cc:407): Sending op with proto 5 and index 1
20260313-061216-9713 02403 * ExecuteNextAppRequestOperation (bench_client.cc:407): Sending op with proto 5 and index 1
20260313-061216-9714 02403 * SendOperation   (shardclient.cc:377): Client-side CoordRequest: p=111669149706 s=103079215109 to group=2 replica=1
20260313-061216-9716 02403 * ExecuteNextAppRequestOperation (bench_client.cc:407): Sending op with proto 5 and index 1
20260313-061216-9716 02403 * SendOperation   (shardclient.cc:377): Client-side CoordRequest: p=103079215109 s=115964117000 to group=0 replica=1
20260313-061216-9718 02403 * GetNextOperation (app_request.cc:76): AppRequest batch composition: fanout=4 reads=4 writes=0
20260313-061216-9718 02403 * ExecuteNextAppRequestOperation (bench_client.cc:407): Sending op with proto 5 and index 1
20260313-061216-9719 02403 * SendOperation   (shardclient.cc:377): Client-side CoordRequest: p=115964117000 s=137438953478 to group=3 replica=1
20260313-061217-4753 02403 * ExecuteNextAppRequestOperation (bench_client.cc:407): Sending op with proto 5 and index 0
20260313-061217-4755 02403 * ExecuteNextAppRequestOperation (bench_client.cc:407): Sending op with proto 5 and index 1
20260313-061217-4756 02403 * SendOperation   (shardclient.cc:377): Client-side CoordRequest: p=128849018893 s=111669149707 to group=6 replica=2
20260313-061217-4758 02403 * ExecuteNextAppRequestOperation (bench_client.cc:407): Sending op with proto 5 and index 0
20260313-061217-4758 02403 * SendOperation   (shardclient.cc:377): Client-side CoordRequest: p=111669149707 s=133143986187 to group=2 replica=1
20260313-061217-4760 02403 * GetNextOperation (app_request.cc:76): AppRequest batch composition: fanout=4 reads=2 writes=2
20260313-061217-4760 02403 * ExecuteNextAppRequestOperation (bench_client.cc:407): Sending op with proto 5 and index 1
20260313-061217-4761 02403 * SendOperation   (shardclient.cc:377): Client-side CoordRequest: p=133143986187 s=103079215110 to group=7 replica=2
20260313-061218-1813 02403 * ExecuteNextAppRequestOperation (bench_client.cc:407): Sending op with proto 5 and index 1
20260313-061218-1815 02403 * ExecuteNextAppRequestOperation (bench_client.cc:407): Sending op with proto 5 and index 1
20260313-061218-1816 02403 * SendOperation   (shardclient.cc:377): Client-side CoordRequest: p=133143986188 s=103079215111 to group=7 replica=1
20260313-061218-1817 02403 * ExecuteNextAppRequestOperation (bench_client.cc:407): Sending op with proto 5 and index 1
20260313-061218-1818 02403 * SendOperation   (shardclient.cc:377): Client-side CoordRequest: p=103079215111 s=128849018894 to group=0 replica=1
20260313-061218-1819 02403 * GetNextOperation (app_request.cc:76): AppRequest batch composition: fanout=4 reads=4 writes=0
20260313-061218-1820 02403 * ExecuteNextAppRequestOperation (bench_client.cc:407): Sending op with proto 5 and index 1
20260313-061218-1820 02403 * SendOperation   (shardclient.cc:377): Client-side CoordRequest: p=128849018894 s=141733920779 to group=6 replica=1
20260313-061218-8875 02403 * ExecuteNextAppRequestOperation (bench_client.cc:407): Sending op with proto 5 and index 1
20260313-061218-8878 02403 * ExecuteNextAppRequestOperation (bench_client.cc:407): Sending op with proto 5 and index 1
20260313-061218-8878 02403 * SendOperation   (shardclient.cc:377): Client-side CoordRequest: p=124554051598 s=107374182405 to group=5 replica=1
20260313-061218-8880 02403 * ExecuteNextAppRequestOperation (bench_client.cc:407): Sending op with proto 5 and index 1
20260313-061218-8881 02403 * SendOperation   (shardclient.cc:377): Client-side CoordRequest: p=107374182405 s=141733920780 to group=1 replica=1
20260313-061218-8882 02403 * GetNextOperation (app_request.cc:76): AppRequest batch composition: fanout=4 reads=4 writes=0
20260313-061218-8883 02403 * ExecuteNextAppRequestOperation (bench_client.cc:407): Sending op with proto 5 and index 1
20260313-061218-8883 02403 * SendOperation   (shardclient.cc:377): Client-side CoordRequest: p=141733920780 s=103079215112 to group=9 replica=1
20260313-061219-5921 02403 * ExecuteNextAppRequestOperation (bench_client.cc:407): Sending op with proto 5 and index 1
20260313-061219-5923 02403 * ExecuteNextAppRequestOperation (bench_client.cc:407): Sending op with proto 5 and index 1
20260313-061219-5924 02403 * SendOperation   (shardclient.cc:377): Client-side CoordRequest: p=128849018895 s=128849018896 to group=6 replica=1
20260313-061219-5925 02403 * ExecuteNextAppRequestOperation (bench_client.cc:407): Sending op with proto 5 and index 0
20260313-061219-5926 02403 * SendOperation   (shardclient.cc:377): Client-side CoordRequest: p=128849018896 s=137438953479 to group=6 replica=1
20260313-061219-5927 02403 * GetNextOperation (app_request.cc:76): AppRequest batch composition: fanout=4 reads=2 writes=2
20260313-061219-5928 02403 * ExecuteNextAppRequestOperation (bench_client.cc:407): Sending op with proto 5 and index 0
20260313-061219-5928 02403 * SendOperation   (shardclient.cc:377): Client-side CoordRequest: p=137438953479 s=128849018897 to group=8 replica=2
20260313-061220-0965 02403 * ExecuteNextAppRequestOperation (bench_client.cc:407): Sending op with proto 5 and index 1
20260313-061220-0968 02403 * ExecuteNextAppRequestOperation (bench_client.cc:407): Sending op with proto 5 and index 1
20260313-061220-0968 02403 * SendOperation   (shardclient.cc:377): Client-side CoordRequest: p=115964117001 s=124554051599 to group=3 replica=1
20260313-061220-0970 02403 * ExecuteNextAppRequestOperation (bench_client.cc:407): Sending op with proto 5 and index 1
20260313-061220-0970 02403 * SendOperation   (shardclient.cc:377): Client-side CoordRequest: p=124554051599 s=120259084295 to group=5 replica=1
20260313-061220-0972 02403 * GetNextOperation (app_request.cc:76): AppRequest batch composition: fanout=4 reads=4 writes=0
20260313-061220-0973 02403 * ExecuteNextAppRequestOperation (bench_client.cc:407): Sending op with proto 5 and index 1
20260313-061220-0973 02403 * SendOperation   (shardclient.cc:377): Client-side CoordRequest: p=120259084295 s=107374182406 to group=4 replica=1
20260313-061220-6004 02403 * ExecuteNextAppRequestOperation (bench_client.cc:407): Sending op with proto 5 and index 1
20260313-061220-6006 02403 * ExecuteNextAppRequestOperation (bench_client.cc:407): Sending op with proto 5 and index 1
20260313-061220-6007 02403 * SendOperation   (shardclient.cc:377): Client-side CoordRequest: p=137438953480 s=111669149708 to group=8 replica=1
20260313-061220-6008 02403 * ExecuteNextAppRequestOperation (bench_client.cc:407): Sending op with proto 5 and index 1
20260313-061220-6009 02403 * SendOperation   (shardclient.cc:377): Client-side CoordRequest: p=111669149708 s=128849018898 to group=2 replica=1
20260313-061220-6010 02403 * GetNextOperation (app_request.cc:76): AppRequest batch composition: fanout=4 reads=4 writes=0
20260313-061220-6011 02403 * ExecuteNextAppRequestOperation (bench_client.cc:407): Sending op with proto 5 and index 1
20260313-061220-6012 02403 * SendOperation   (shardclient.cc:377): Client-side CoordRequest: p=128849018898 s=128849018899 to group=6 replica=1
20260313-061221-2050 02403 * ExecuteNextAppRequestOperation (bench_client.cc:407): Sending op with proto 5 and index 1
20260313-061221-2052 02403 * ExecuteNextAppRequestOperation (bench_client.cc:407): Sending op with proto 5 and index 1
20260313-061221-2053 02403 * SendOperation   (shardclient.cc:377): Client-side CoordRequest: p=137438953481 s=115964117002 to group=8 replica=1
20260313-061221-2055 02403 * ExecuteNextAppRequestOperation (bench_client.cc:407): Sending op with proto 5 and index 0
20260313-061221-2056 02403 * SendOperation   (shardclient.cc:377): Client-side CoordRequest: p=115964117002 s=124554051600 to group=3 replica=1
20260313-061221-2057 02403 * GetNextOperation (app_request.cc:76): AppRequest batch composition: fanout=4 reads=3 writes=1
20260313-061221-2058 02403 * ExecuteNextAppRequestOperation (bench_client.cc:407): Sending op with proto 5 and index 1
20260313-061221-2058 02403 * SendOperation   (shardclient.cc:377): Client-side CoordRequest: p=124554051600 s=115964117003 to group=5 replica=2
20260313-061221-7094 02403 * ExecuteNextAppRequestOperation (bench_client.cc:407): Sending op with proto 5 and index 1
20260313-061221-7097 02403 * ExecuteNextAppRequestOperation (bench_client.cc:407): Sending op with proto 5 and index 1
20260313-061221-7097 02403 * SendOperation   (shardclient.cc:377): Client-side CoordRequest: p=115964117004 s=141733920781 to group=3 replica=1
20260313-061221-7099 02403 * ExecuteNextAppRequestOperation (bench_client.cc:407): Sending op with proto 5 and index 1
20260313-061221-7100 02403 * SendOperation   (shardclient.cc:377): Client-side CoordRequest: p=141733920781 s=141733920782 to group=9 replica=1
20260313-061221-7101 02403 * GetNextOperation (app_request.cc:76): AppRequest batch composition: fanout=4 reads=4 writes=0
20260313-061221-7101 02403 * ExecuteNextAppRequestOperation (bench_client.cc:407): Sending op with proto 5 and index 1
20260313-061221-7102 02403 * SendOperation   (shardclient.cc:377): Client-side CoordRequest: p=141733920782 s=141733920783 to group=9 replica=1
20260313-061222-0126 02403 * ExecuteNextAppRequestOperation (bench_client.cc:407): Sending op with proto 5 and index 1
20260313-061222-0128 02403 * ExecuteNextAppRequestOperation (bench_client.cc:407): Sending op with proto 5 and index 1
20260313-061222-0129 02403 * SendOperation   (shardclient.cc:377): Client-side CoordRequest: p=107374182407 s=137438953482 to group=1 replica=1
20260313-061222-0131 02403 * ExecuteNextAppRequestOperation (bench_client.cc:407): Sending op with proto 5 and index 1
20260313-061222-0132 02403 * SendOperation   (shardclient.cc:377): Client-side CoordRequest: p=137438953482 s=124554051601 to group=8 replica=1
20260313-061222-0133 02403 * GetNextOperation (app_request.cc:76): AppRequest batch composition: fanout=4 reads=4 writes=0
20260313-061222-0134 02403 * ExecuteNextAppRequestOperation (bench_client.cc:407): Sending op with proto 5 and index 1
20260313-061222-0134 02403 * SendOperation   (shardclient.cc:377): Client-side CoordRequest: p=124554051601 s=133143986189 to group=5 replica=1
20260313-061222-7187 02403 * ExecuteNextAppRequestOperation (bench_client.cc:407): Sending op with proto 5 and index 1
20260313-061222-7190 02403 * ExecuteNextAppRequestOperation (bench_client.cc:407): Sending op with proto 5 and index 1
20260313-061222-7190 02403 * SendOperation   (shardclient.cc:377): Client-side CoordRequest: p=124554051602 s=133143986190 to group=5 replica=1
20260313-061222-7192 02403 * ExecuteNextAppRequestOperation (bench_client.cc:407): Sending op with proto 5 and index 1
20260313-061222-7193 02403 * SendOperation   (shardclient.cc:377): Client-side CoordRequest: p=133143986190 s=115964117005 to group=7 replica=1
20260313-061222-7194 02403 * GetNextOperation (app_request.cc:76): AppRequest batch composition: fanout=4 reads=4 writes=0
20260313-061222-7194 02403 * ExecuteNextAppRequestOperation (bench_client.cc:407): Sending op with proto 5 and index 1
20260313-061222-7195 02403 * SendOperation   (shardclient.cc:377): Client-side CoordRequest: p=115964117005 s=124554051603 to group=3 replica=1
20260313-061223-2238 02403 * ExecuteNextAppRequestOperation (bench_client.cc:407): Sending op with proto 5 and index 1
20260313-061223-2241 02403 * ExecuteNextAppRequestOperation (bench_client.cc:407): Sending op with proto 5 and index 1
20260313-061223-2241 02403 * SendOperation   (shardclient.cc:377): Client-side CoordRequest: p=137438953483 s=111669149709 to group=8 replica=1
20260313-061223-2243 02403 * ExecuteNextAppRequestOperation (bench_client.cc:407): Sending op with proto 5 and index 1
20260313-061223-2244 02403 * SendOperation   (shardclient.cc:377): Client-side CoordRequest: p=111669149709 s=103079215113 to group=2 replica=1
20260313-061223-2245 02403 * GetNextOperation (app_request.cc:76): AppRequest batch composition: fanout=4 reads=4 writes=0
20260313-061223-2246 02403 * ExecuteNextAppRequestOperation (bench_client.cc:407): Sending op with proto 5 and index 1
20260313-061223-2246 02403 * SendOperation   (shardclient.cc:377): Client-side CoordRequest: p=103079215113 s=120259084296 to group=0 replica=1
20260313-061223-7292 02403 * ExecuteNextAppRequestOperation (bench_client.cc:407): Sending op with proto 5 and index 1
20260313-061223-7294 02403 * ExecuteNextAppRequestOperation (bench_client.cc:407): Sending op with proto 5 and index 1
20260313-061223-7295 02403 * SendOperation   (shardclient.cc:377): Client-side CoordRequest: p=141733920784 s=124554051604 to group=9 replica=1
20260313-061223-7296 02403 * ExecuteNextAppRequestOperation (bench_client.cc:407): Sending op with proto 5 and index 1
20260313-061223-7297 02403 * SendOperation   (shardclient.cc:377): Client-side CoordRequest: p=124554051604 s=111669149710 to group=5 replica=1
20260313-061223-7298 02403 * GetNextOperation (app_request.cc:76): AppRequest batch composition: fanout=4 reads=4 writes=0
20260313-061223-7299 02403 * ExecuteNextAppRequestOperation (bench_client.cc:407): Sending op with proto 5 and index 1
20260313-061223-7300 02403 * SendOperation   (shardclient.cc:377): Client-side CoordRequest: p=111669149710 s=115964117006 to group=2 replica=1
20260313-061224-2332 02403 * ExecuteNextAppRequestOperation (bench_client.cc:407): Sending op with proto 5 and index 1
20260313-061224-2335 02403 * ExecuteNextAppRequestOperation (bench_client.cc:407): Sending op with proto 5 and index 1
20260313-061224-2335 02403 * SendOperation   (shardclient.cc:377): Client-side CoordRequest: p=124554051605 s=103079215114 to group=5 replica=1
20260313-061224-2337 02403 * ExecuteNextAppRequestOperation (bench_client.cc:407): Sending op with proto 5 and index 1
20260313-061224-2338 02403 * SendOperation   (shardclient.cc:377): Client-side CoordRequest: p=103079215114 s=124554051606 to group=0 replica=1
20260313-061224-2339 02403 * GetNextOperation (app_request.cc:76): AppRequest batch composition: fanout=4 reads=4 writes=0
20260313-061224-2340 02403 * ExecuteNextAppRequestOperation (bench_client.cc:407): Sending op with proto 5 and index 1
20260313-061224-2340 02403 * SendOperation   (shardclient.cc:377): Client-side CoordRequest: p=124554051606 s=111669149711 to group=5 replica=1
20260313-061224-7396 02403 * ExecuteNextAppRequestOperation (bench_client.cc:407): Sending op with proto 5 and index 0
20260313-061224-7399 02403 * ExecuteNextAppRequestOperation (bench_client.cc:407): Sending op with proto 5 and index 0
20260313-061224-7399 02403 * SendOperation   (shardclient.cc:377): Client-side CoordRequest: p=107374182408 s=128849018900 to group=1 replica=2
20260313-061224-7401 02403 * ExecuteNextAppRequestOperation (bench_client.cc:407): Sending op with proto 5 and index 1
20260313-061224-7402 02403 * SendOperation   (shardclient.cc:377): Client-side CoordRequest: p=128849018900 s=120259084297 to group=6 replica=2
20260313-061224-7403 02403 * GetNextOperation (app_request.cc:76): AppRequest batch composition: fanout=4 reads=2 writes=2
20260313-061224-7404 02403 * ExecuteNextAppRequestOperation (bench_client.cc:407): Sending op with proto 5 and index 1
20260313-061224-7404 02403 * SendOperation   (shardclient.cc:377): Client-side CoordRequest: p=120259084297 s=124554051607 to group=4 replica=1
20260313-061225-6448 02403 * ExecuteNextAppRequestOperation (bench_client.cc:407): Sending op with proto 5 and index 1
20260313-061225-6450 02403 * ExecuteNextAppRequestOperation (bench_client.cc:407): Sending op with proto 5 and index 1
20260313-061225-6450 02403 * SendOperation   (shardclient.cc:377): Client-side CoordRequest: p=107374182409 s=103079215115 to group=1 replica=1
20260313-061225-6451 02403 * ExecuteNextAppRequestOperation (bench_client.cc:407): Sending op with proto 5 and index 1
20260313-061225-6452 02403 * SendOperation   (shardclient.cc:377): Client-side CoordRequest: p=103079215115 s=120259084298 to group=0 replica=1
20260313-061225-6452 02403 * GetNextOperation (app_request.cc:76): AppRequest batch composition: fanout=4 reads=4 writes=0
20260313-061225-6453 02403 * ExecuteNextAppRequestOperation (bench_client.cc:407): Sending op with proto 5 and index 1
20260313-061225-6453 02403 * SendOperation   (shardclient.cc:377): Client-side CoordRequest: p=120259084298 s=141733920785 to group=4 replica=1
20260313-061226-1483 02403 * ExecuteNextAppRequestOperation (bench_client.cc:407): Sending op with proto 5 and index 0
20260313-061226-1485 02403 * ExecuteNextAppRequestOperation (bench_client.cc:407): Sending op with proto 5 and index 1
20260313-061226-1486 02403 * SendOperation   (shardclient.cc:377): Client-side CoordRequest: p=128849018901 s=111669149712 to group=6 replica=2
20260313-061226-1487 02403 * ExecuteNextAppRequestOperation (bench_client.cc:407): Sending op with proto 5 and index 1
20260313-061226-1488 02403 * SendOperation   (shardclient.cc:377): Client-side CoordRequest: p=111669149712 s=137438953484 to group=2 replica=1
20260313-061226-1489 02403 * GetNextOperation (app_request.cc:76): AppRequest batch composition: fanout=4 reads=3 writes=1
20260313-061226-1490 02403 * ExecuteNextAppRequestOperation (bench_client.cc:407): Sending op with proto 5 and index 1
20260313-061226-1490 02403 * SendOperation   (shardclient.cc:377): Client-side CoordRequest: p=137438953484 s=124554051608 to group=8 replica=1
20260313-061227-2559 02403 * ExecuteNextAppRequestOperation (bench_client.cc:407): Sending op with proto 5 and index 1
20260313-061227-2561 02403 * ExecuteNextAppRequestOperation (bench_client.cc:407): Sending op with proto 5 and index 1
20260313-061227-2562 02403 * SendOperation   (shardclient.cc:377): Client-side CoordRequest: p=107374182410 s=111669149713 to group=1 replica=1
20260313-061227-2563 02403 * ExecuteNextAppRequestOperation (bench_client.cc:407): Sending op with proto 5 and index 1
20260313-061227-2564 02403 * SendOperation   (shardclient.cc:377): Client-side CoordRequest: p=111669149713 s=137438953485 to group=2 replica=1
20260313-061227-2565 02403 * GetNextOperation (app_request.cc:76): AppRequest batch composition: fanout=4 reads=3 writes=1
20260313-061227-2566 02403 * ExecuteNextAppRequestOperation (bench_client.cc:407): Sending op with proto 5 and index 0
20260313-061227-2566 02403 * SendOperation   (shardclient.cc:377): Client-side CoordRequest: p=137438953485 s=133143986191 to group=8 replica=1
20260313-061227-7609 02403 * ExecuteNextAppRequestOperation (bench_client.cc:407): Sending op with proto 5 and index 1
20260313-061227-7612 02403 * ExecuteNextAppRequestOperation (bench_client.cc:407): Sending op with proto 5 and index 1
20260313-061227-7612 02403 * SendOperation   (shardclient.cc:377): Client-side CoordRequest: p=107374182411 s=128849018902 to group=1 replica=1
20260313-061227-7614 02403 * ExecuteNextAppRequestOperation (bench_client.cc:407): Sending op with proto 5 and index 1
20260313-061227-7615 02403 * SendOperation   (shardclient.cc:377): Client-side CoordRequest: p=128849018902 s=128849018903 to group=6 replica=1
20260313-061227-7616 02403 * GetNextOperation (app_request.cc:76): AppRequest batch composition: fanout=4 reads=4 writes=0
20260313-061227-7617 02403 * ExecuteNextAppRequestOperation (bench_client.cc:407): Sending op with proto 5 and index 1
20260313-061227-7617 02403 * SendOperation   (shardclient.cc:377): Client-side CoordRequest: p=128849018903 s=103079215116 to group=6 replica=1
20260313-061228-1651 02403 * ExecuteNextAppRequestOperation (bench_client.cc:407): Sending op with proto 5 and index 1
20260313-061228-1653 02403 * ExecuteNextAppRequestOperation (bench_client.cc:407): Sending op with proto 5 and index 1
20260313-061228-1654 02403 * SendOperation   (shardclient.cc:377): Client-side CoordRequest: p=107374182412 s=107374182413 to group=1 replica=1
20260313-061228-1656 02403 * ExecuteNextAppRequestOperation (bench_client.cc:407): Sending op with proto 5 and index 1
20260313-061228-1656 02403 * SendOperation   (shardclient.cc:377): Client-side CoordRequest: p=107374182413 s=137438953486 to group=1 replica=1
20260313-061228-1658 02403 * GetNextOperation (app_request.cc:76): AppRequest batch composition: fanout=4 reads=4 writes=0
20260313-061228-1658 02403 * ExecuteNextAppRequestOperation (bench_client.cc:407): Sending op with proto 5 and index 1
20260313-061228-1659 02403 * SendOperation   (shardclient.cc:377): Client-side CoordRequest: p=137438953486 s=141733920786 to group=8 replica=1
20260313-061228-5704 02403 * ExecuteNextAppRequestOperation (bench_client.cc:407): Sending op with proto 5 and index 1
20260313-061228-5706 02403 * ExecuteNextAppRequestOperation (bench_client.cc:407): Sending op with proto 5 and index 1
20260313-061228-5707 02403 * SendOperation   (shardclient.cc:377): Client-side CoordRequest: p=141733920787 s=103079215117 to group=9 replica=1
20260313-061228-5708 02403 * ExecuteNextAppRequestOperation (bench_client.cc:407): Sending op with proto 5 and index 1
20260313-061228-5709 02403 * SendOperation   (shardclient.cc:377): Client-side CoordRequest: p=103079215117 s=111669149714 to group=0 replica=1
20260313-061228-5710 02403 * GetNextOperation (app_request.cc:76): AppRequest batch composition: fanout=4 reads=4 writes=0
20260313-061228-5711 02403 * ExecuteNextAppRequestOperation (bench_client.cc:407): Sending op with proto 5 and index 1
20260313-061228-5711 02403 * SendOperation   (shardclient.cc:377): Client-side CoordRequest: p=111669149714 s=137438953487 to group=2 replica=1
20260313-061229-2759 02403 * ExecuteNextAppRequestOperation (bench_client.cc:407): Sending op with proto 5 and index 1
20260313-061229-2761 02403 * ExecuteNextAppRequestOperation (bench_client.cc:407): Sending op with proto 5 and index 1
20260313-061229-2762 02403 * SendOperation   (shardclient.cc:377): Client-side CoordRequest: p=128849018904 s=103079215118 to group=6 replica=1
20260313-061229-2763 02403 * ExecuteNextAppRequestOperation (bench_client.cc:407): Sending op with proto 5 and index 1
20260313-061229-2764 02403 * SendOperation   (shardclient.cc:377): Client-side CoordRequest: p=103079215118 s=128849018905 to group=0 replica=1
20260313-061229-2765 02403 * GetNextOperation (app_request.cc:76): AppRequest batch composition: fanout=4 reads=4 writes=0
20260313-061229-2766 02403 * ExecuteNextAppRequestOperation (bench_client.cc:407): Sending op with proto 5 and index 1
20260313-061229-2766 02403 * SendOperation   (shardclient.cc:377): Client-side CoordRequest: p=128849018905 s=115964117007 to group=6 replica=1
20260313-061229-7803 02403 * ExecuteNextAppRequestOperation (bench_client.cc:407): Sending op with proto 5 and index 1
20260313-061229-7805 02403 * ExecuteNextAppRequestOperation (bench_client.cc:407): Sending op with proto 5 and index 1
20260313-061229-7806 02403 * SendOperation   (shardclient.cc:377): Client-side CoordRequest: p=115964117008 s=107374182414 to group=3 replica=1
20260313-061229-7808 02403 * ExecuteNextAppRequestOperation (bench_client.cc:407): Sending op with proto 5 and index 1
20260313-061229-7808 02403 * SendOperation   (shardclient.cc:377): Client-side CoordRequest: p=107374182414 s=107374182415 to group=1 replica=1
20260313-061229-7810 02403 * GetNextOperation (app_request.cc:76): AppRequest batch composition: fanout=4 reads=4 writes=0
20260313-061229-7810 02403 * ExecuteNextAppRequestOperation (bench_client.cc:407): Sending op with proto 5 and index 1
20260313-061229-7811 02403 * SendOperation   (shardclient.cc:377): Client-side CoordRequest: p=107374182415 s=107374182416 to group=1 replica=1
20260313-061230-0842 02403 * ExecuteNextAppRequestOperation (bench_client.cc:407): Sending op with proto 5 and index 1
20260313-061230-0844 02403 * ExecuteNextAppRequestOperation (bench_client.cc:407): Sending op with proto 5 and index 1
20260313-061230-0845 02403 * SendOperation   (shardclient.cc:377): Client-side CoordRequest: p=137438953488 s=133143986192 to group=8 replica=1
20260313-061230-0847 02403 * ExecuteNextAppRequestOperation (bench_client.cc:407): Sending op with proto 5 and index 1
20260313-061230-0847 02403 * SendOperation   (shardclient.cc:377): Client-side CoordRequest: p=133143986192 s=111669149715 to group=7 replica=1
20260313-061230-0849 02403 * GetNextOperation (app_request.cc:76): AppRequest batch composition: fanout=4 reads=4 writes=0
20260313-061230-0850 02403 * ExecuteNextAppRequestOperation (bench_client.cc:407): Sending op with proto 5 and index 1
20260313-061230-0850 02403 * SendOperation   (shardclient.cc:377): Client-side CoordRequest: p=111669149715 s=115964117009 to group=2 replica=1
20260313-061230-5880 02403 * ExecuteNextAppRequestOperation (bench_client.cc:407): Sending op with proto 5 and index 0
20260313-061230-5882 02403 * ExecuteNextAppRequestOperation (bench_client.cc:407): Sending op with proto 5 and index 1
20260313-061230-5883 02403 * SendOperation   (shardclient.cc:377): Client-side CoordRequest: p=120259084299 s=103079215119 to group=4 replica=2
20260313-061230-5884 02403 * ExecuteNextAppRequestOperation (bench_client.cc:407): Sending op with proto 5 and index 1
20260313-061230-5885 02403 * SendOperation   (shardclient.cc:377): Client-side CoordRequest: p=103079215119 s=120259084300 to group=0 replica=1
20260313-061230-5886 02403 * GetNextOperation (app_request.cc:76): AppRequest batch composition: fanout=4 reads=3 writes=1
20260313-061230-5887 02403 * ExecuteNextAppRequestOperation (bench_client.cc:407): Sending op with proto 5 and index 1
20260313-061230-5887 02403 * SendOperation   (shardclient.cc:377): Client-side CoordRequest: p=120259084300 s=124554051609 to group=4 replica=1
20260313-061231-6955 02403 * ExecuteNextAppRequestOperation (bench_client.cc:407): Sending op with proto 5 and index 1
20260313-061231-6957 02403 * ExecuteNextAppRequestOperation (bench_client.cc:407): Sending op with proto 5 and index 1
20260313-061231-6958 02403 * SendOperation   (shardclient.cc:377): Client-side CoordRequest: p=111669149716 s=111669149717 to group=2 replica=1
20260313-061231-6959 02403 * ExecuteNextAppRequestOperation (bench_client.cc:407): Sending op with proto 5 and index 1
20260313-061231-6960 02403 * SendOperation   (shardclient.cc:377): Client-side CoordRequest: p=111669149717 s=111669149718 to group=2 replica=1
20260313-061231-6961 02403 * GetNextOperation (app_request.cc:76): AppRequest batch composition: fanout=4 reads=4 writes=0
20260313-061231-6962 02403 * ExecuteNextAppRequestOperation (bench_client.cc:407): Sending op with proto 5 and index 1
20260313-061231-6962 02403 * SendOperation   (shardclient.cc:377): Client-side CoordRequest: p=111669149718 s=120259084301 to group=2 replica=1
20260313-061231-9988 02403 * ExecuteNextAppRequestOperation (bench_client.cc:407): Sending op with proto 5 and index 1
20260313-061231-9990 02403 * ExecuteNextAppRequestOperation (bench_client.cc:407): Sending op with proto 5 and index 1
20260313-061231-9991 02403 * SendOperation   (shardclient.cc:377): Client-side CoordRequest: p=128849018906 s=137438953489 to group=6 replica=1
20260313-061231-9993 02403 * ExecuteNextAppRequestOperation (bench_client.cc:407): Sending op with proto 5 and index 1
20260313-061231-9993 02403 * SendOperation   (shardclient.cc:377): Client-side CoordRequest: p=137438953489 s=115964117010 to group=8 replica=1
20260313-061231-9995 02403 * GetNextOperation (app_request.cc:76): AppRequest batch composition: fanout=4 reads=4 writes=0
20260313-061231-9995 02403 * ExecuteNextAppRequestOperation (bench_client.cc:407): Sending op with proto 5 and index 1
20260313-061231-9996 02403 * SendOperation   (shardclient.cc:377): Client-side CoordRequest: p=115964117010 s=141733920788 to group=3 replica=1
20260313-061232-5023 02403 * Finish          (bench_client.cc:921): Completed 40 requests in 23.600488 seconds
20260313-061232-5024 02403 * Finish          (bench_client.cc:922): 1 outstanding transactions.
20260313-061232-5032 02403 * ExecuteNextAppRequestOperation (bench_client.cc:407): Sending op with proto 5 and index 0
20260313-061232-5034 02403 * ExecuteNextAppRequestOperation (bench_client.cc:407): Sending op with proto 5 and index 1
20260313-061232-5035 02403 * SendOperation   (shardclient.cc:377): Client-side CoordRequest: p=133143986193 s=133143986194 to group=7 replica=2
20260313-061232-5037 02403 * ExecuteNextAppRequestOperation (bench_client.cc:407): Sending op with proto 5 and index 1
20260313-061232-5037 02403 * SendOperation   (shardclient.cc:377): Client-side CoordRequest: p=133143986194 s=124554051610 to group=7 replica=1
20260313-061232-5039 02403 * GetNextOperation (app_request.cc:76): AppRequest batch composition: fanout=4 reads=3 writes=1
20260313-061232-5039 02403 * ExecuteNextAppRequestOperation (bench_client.cc:407): Sending op with proto 5 and index 1
20260313-061232-5040 02403 * SendOperation   (shardclient.cc:377): Client-side CoordRequest: p=124554051610 s=120259084302 to group=5 replica=1
Session continued: 0
last_service: , current_state: 0
Session destroyed: 18446744073709551615
last_service: , current_state: 0
Session continued: 0
last_service: , current_state: 0
Session destroyed: 18446744073709551615
last_service: , current_state: 0
Session destroyed: 0
last_service: , current_state: 0
20260313-061234-2114 02403 * FlushStats      (benchmark.cc:916): Flushing stats to /mnt/extra/experiments/2026-04-13-06-11-34/out/client-3-0-0-stats-0.json.
20260313-061234-2117 02403 * FlushStats      (benchmark.cc:928): All done!
20260313-061236-5030 02403 * Cleanup         (bench_client.cc:749): Aborting 0 outstanding transactions.
20260313-061236-5031 02403 * CooldownDone    (bench_client.cc:779): Finished cooldown period.
20260313-061236-5032 02403 * CooldownDone    (bench_client.cc:786): Median latency is 503741013 ns (503 ms)
20260313-061236-5032 02403 * CooldownDone    (bench_client.cc:795): Average latency is 574673688 ns (574 ms)
20260313-061236-5033 02403 * CooldownDone    (bench_client.cc:799): 90th percentile latency is 704578409 ns (704 ms)
20260313-061236-5033 02403 * CooldownDone    (bench_client.cc:803): 95th percentile latency is 904923749 ns (904 ms)
20260313-061236-5034 02403 * CooldownDone    (bench_client.cc:807): 99th percentile latency is 1105757514 ns (1105 ms)
20260313-061236-5034 02403 * LATENCY total: 302 ms 574 ms/268 ms 1105 ms (41 samples, 23 s total)
20260313-061236-5035 02403 *     268 ms |         26 | ==========================
20260313-061236-5035 02403 *     536 ms |         13 | =============
20260313-061236-5036 02403 *    1073 ms |          2 | ==
20260313-061236-5037 02403 * Stop            (tcptransport.cc:605): [TCP SUMMARY] outgoingCreated=50 outgoingClosed=0 incomingCreated=0 incomingClosed=0 outgoingPeak=50 incomingPeak=0
Inserted events:
  0x55bb3c070390 [fd  7] Read Persist Internal
  0x55bb3c0988b0 [fd  9] Read Persist
  0x55bb3c0a59f0 [fd  10] Read Persist
  0x55bb3c099ca0 [fd  11] Read Persist
  0x55bb3c09a0e0 [fd  12] Read Persist
  0x55bb3c099900 [fd  13] Read Persist
  0x55bb3c0990b0 [fd  14] Read Persist
  0x55bb3c0a6840 [fd  15] Read Persist
  0x55bb3c0a7060 [fd  16] Read Persist
  0x55bb3c0a7880 [fd  17] Read Persist
  0x55bb3c0a80a0 [fd  18] Read Persist
  0x55bb3c0a88c0 [fd  19] Read Persist
  0x55bb3c0a90e0 [fd  20] Read Persist
  0x55bb3c0a9900 [fd  21] Read Persist
  0x55bb3c0aa120 [fd  22] Read Persist
  0x55bb3c0aa940 [fd  23] Read Persist
  0x55bb3c0ab260 [fd  24] Read Persist
  0x55bb3c0abc00 [fd  25] Read Persist
  0x55bb3c0ac800 [fd  26] Read Persist
  0x55bb3c0ad1a0 [fd  27] Read Persist
  0x55bb3c0adb40 [fd  28] Read Persist
  0x55bb3c0ae4e0 [fd  29] Read Persist
  0x55bb3c0ae9a0 [fd  30] Read Persist
  0x55bb3c0b2dc0 [fd  31] Read Persist
  0x55bb3c0aefc0 [fd  32] Read Persist
  0x55bb3c096fe0 [fd  33] Read Persist
  0x55bb3c097a60 [fd  34] Read Persist
  0x55bb3c0b3130 [fd  35] Read Persist
  0x55bb3c0985a0 [fd  36] Read Persist
  0x55bb3c0b13b0 [fd  37] Read Persist
  0x55bb3c0b2280 [fd  38] Read Persist
  0x55bb3c0cb120 [fd  39] Read Persist
  0x55bb3c0cb880 [fd  40] Read Persist
  0x55bb3c0cca90 [fd  41] Read Persist
  0x55bb3c0cd3d0 [fd  42] Read Persist
  0x55bb3c0cdd40 [fd  43] Read Persist
  0x55bb3c0cefd0 [fd  44] Read Persist
  0x55bb3c0cf910 [fd  45] Read Persist
  0x55bb3c0d0780 [fd  46] Read Persist
  0x55bb3c0d19e0 [fd  47] Read Persist
  0x55bb3c0d2320 [fd  48] Read Persist
  0x55bb3c0d2c90 [fd  49] Read Persist
  0x55bb3c0d3ea0 [fd  50] Read Persist
  0x55bb3c0d47e0 [fd  51] Read Persist
  0x55bb3c0d5150 [fd  52] Read Persist
  0x55bb3c0d63e0 [fd  53] Read Persist
  0x55bb3c0d6d00 [fd  54] Read Persist
  0x55bb3c0d7670 [fd  55] Read Persist
  0x55bb3c0d88b0 [fd  56] Read Persist
  0x55bb3c0d91d0 [fd  57] Read Persist
  0x55bb3c0d9b40 [fd  58] Read Persist
Active events:
20260313-061236-5046 02403 * main            (benchmark.cc:875): Cleaning up after experiment.
20260313-061236-5046 02403 * FlushStats      (benchmark.cc:916): Flushing stats to /mnt/extra/experiments/2026-04-13-06-11-34/out/client-3-0-0-stats-0.json.
20260313-061236-5049 02403 * FlushStats      (benchmark.cc:928): All done!
