20260313-144736-4662 27328 * main            (server.cc:217):    Starting server.
20260313-144736-4675 27328 * main            (server.cc:335):    Creating a default paritioner!
20260313-144738-3573 27328 * main            (server.cc:513):    Done loading server.
20260313-144833-5409 27328 ! TCPIncomingEventCallback (tcptransport.cc:938): [TCP INCOMING 123] EOF, lifetime=34562.43 ms
20260313-144833-7424 27328 ! TCPIncomingEventCallback (tcptransport.cc:938): [TCP INCOMING 122] EOF, lifetime=34786.00 ms
20260313-144834-9498 27328 ! TCPIncomingEventCallback (tcptransport.cc:938): [TCP INCOMING 121] EOF, lifetime=35993.49 ms
20260313-144834-9601 27328 ! TCPIncomingEventCallback (tcptransport.cc:938): [TCP INCOMING 124] EOF, lifetime=35981.58 ms
20260313-144836-1485 27328 ! TCPIncomingEventCallback (tcptransport.cc:938): [TCP INCOMING 118] EOF, lifetime=37200.22 ms
20260313-144836-3464 27328 ! TCPIncomingEventCallback (tcptransport.cc:938): [TCP INCOMING 120] EOF, lifetime=37391.87 ms
20260313-144836-7325 27328 ! TCPIncomingEventCallback (tcptransport.cc:938): [TCP INCOMING 117] EOF, lifetime=37785.63 ms
20260313-144837-1488 27328 ! TCPIncomingEventCallback (tcptransport.cc:938): [TCP INCOMING 119] EOF, lifetime=38196.60 ms
20260313-144843-7255 27328 * Cleanup         (server.cc:589):    Gracefully exiting after signal 15.
20260313-144843-7256 27328 * Stop            (tcptransport.cc:601): [TCP SUMMARY] outgoingCreated=59 outgoingClosed=0 incomingCreated=67 incomingClosed=8 outgoingPeak=125 incomingPeak=37
Inserted events:
  0x55a0ad09cd00 [fd  9] Read Persist Internal
  0x55a0ad0a4a60 [fd  10] Read Persist
  0x55a0ad0afe70 [fd  11] Read Persist
  0x55a0b96f6da0 [fd  12] Read Persist
  0x55a0b96f6fc0 [fd  13] Read Persist
  0x55a0b96f71e0 [fd  14] Read Persist
  0x55a0b96f7400 [fd  15] Read Persist
  0x55a0b96f7620 [fd  16] Read Persist
  0x55a0b96f7840 [fd  17] Read Persist
  0x55a0b96f7a60 [fd  18] Read Persist
  0x55a0b96e8560 [fd  19] Read Persist
  0x55a0b96f3fe0 [fd  20] Read Persist
  0x55a0b96f23b0 [fd  21] Read Persist
  0x55a0b96e9dc0 [fd  22] Read Persist
  0x55a0b96f28d0 [fd  23] Read Persist
  0x55a0b96f35c0 [fd  24] Read Persist
  0x55a0b96e8ce0 [fd  25] Read Persist
  0x55a0b96e9100 [fd  26] Read Persist
  0x55a0b96e9570 [fd  27] Read Persist
  0x55a0b96e9960 [fd  28] Read Persist
  0x55a0b96efb00 [fd  29] Read Persist
  0x55a0b96f00e0 [fd  30] Read Persist
  0x55a0b96f0670 [fd  31] Read Persist
  0x55a0b96f0a90 [fd  32] Read Persist
  0x55a0b96f1090 [fd  33] Read Persist
  0x55a0b96f1490 [fd  34] Read Persist
  0x55a0b96f7c80 [fd  35] Read Persist
  0x55a0b96f80f0 [fd  36] Read Persist
  0x55a0b96f8680 [fd  37] Read Persist
  0x55a0b96f8c10 [fd  38] Read Persist
  0x55a0b96f91a0 [fd  39] Read Persist
  0x55a0b96f9730 [fd  40] Read Persist
  0x55a0b96f9cc0 [fd  41] Read Persist
  0x55a0b96fa250 [fd  42] Read Persist
  0x55a0b96fa7e0 [fd  43] Read Persist
  0x55a0b96fad70 [fd  44] Read Persist
  0x55a0b96fb300 [fd  45] Read Persist
  0x55a0b96fb890 [fd  46] Read Persist
  0x55a0b96fbe20 [fd  47] Read Persist
  0x55a0b96fc240 [fd  48] Read Persist
  0x55a0b96fc6e0 [fd  49] Read Persist
  0x55a0b96fc990 [fd  50] Read Persist
  0x55a0b96fcd30 [fd  51] Read Persist
  0x55a0b96fd0d0 [fd  52] Read Persist
  0x55a0b96fd470 [fd  53] Read Persist
  0x55a0b96fd810 [fd  54] Read Persist
  0x55a0b96fdbb0 [fd  55] Read Persist
  0x55a0b96fdf50 [fd  56] Read Persist
  0x55a0b96fe2f0 [fd  57] Read Persist
  0x55a0b96fe690 [fd  58] Read Persist
  0x55a0b96fea30 [fd  59] Read Persist
  0x55a0b96fedd0 [fd  60] Read Persist
  0x55a0b96ff170 [fd  61] Read Persist
  0x55a0b96ff510 [fd  62] Read Persist
  0x55a0b96ff8b0 [fd  63] Read Persist
  0x55a0b96ffc80 [fd  64] Read Persist
  0x55a0ad0ac5b0 [fd  65] Read Persist
  0x55a0ad0ab7b0 [fd  66] Read Persist
  0x55a0b9700490 [fd  67] Read Persist
  0x55a0b97007d0 [fd  68] Read Persist
  0x55a0b9700b10 [fd  69] Read Persist
  0x55a0b9700e50 [fd  70] Read Persist
  0x55a0b9701190 [fd  71] Read Persist
  0x55a0b97014d0 [fd  72] Read Persist
  0x55a0b9701920 [fd  73] Read Persist
  0x55a0b9701dc0 [fd  74] Read Persist
  0x55a0b9702310 [fd  75] Read Persist
  0x55a0b97027d0 [fd  76] Read Persist
  0x55a0b9702c90 [fd  77] Read Persist
  0x55a0b9703150 [fd  78] Read Persist
  0x55a0b9703610 [fd  79] Read Persist
  0x55a0b9703ad0 [fd  80] Read Persist
  0x55a0b9703f90 [fd  81] Read Persist
  0x55a0b9704520 [fd  82] Read Persist
  0x55a0b9704ab0 [fd  83] Read Persist
  0x55a0b9705040 [fd  84] Read Persist
  0x55a0b97055d0 [fd  85] Read Persist
  0x55a0b9705b60 [fd  86] Read Persist
  0x55a0b97060f0 [fd  87] Read Persist
  0x55a0b9706680 [fd  88] Read Persist
  0x55a0b9706c10 [fd  89] Read Persist
  0x55a0b97071a0 [fd  90] Read Persist
  0x55a0b97081b0 [fd  91] Read Persist
  0x55a0b9708740 [fd  92] Read Persist
  0x55a0b9708cd0 [fd  93] Read Persist
  0x55a0b9709260 [fd  94] Read Persist
  0x55a0b97097f0 [fd  95] Read Persist
  0x55a0b9709d80 [fd  96] Read Persist
  0x55a0b970a310 [fd  97] Read Persist
  0x55a0b970a8a0 [fd  98] Read Persist
  0x55a0b970ae30 [fd  99] Read Persist
  0x55a0b970b3c0 [fd  100] Read Persist
  0x55a0b970b950 [fd  101] Read Persist
  0x55a0b970bee0 [fd  102] Read Persist
  0x55a0b970c470 [fd  103] Read Persist
  0x55a0b970c890 [fd  104] Read Persist
  0x55a0b970cab0 [fd  105] Read Persist
  0x55a0b970cd60 [fd  106] Read Persist
  0x55a0b970d100 [fd  107] Read Persist
  0x55a0b970d4a0 [fd  108] Read Persist
  0x55a0b970d840 [fd  109] Read Persist
  0x55a0b970dbe0 [fd  110] Read Persist
  0x55a0b970df80 [fd  111] Read Persist
  0x55a0b970e320 [fd  112] Read Persist
  0x55a0b970e6c0 [fd  113] Read Persist
  0x55a0b970ea60 [fd  114] Read Persist
  0x55a0b970ee00 [fd  115] Read Persist
  0x55a0b970f1a0 [fd  116] Read Persist
  0x55a0b970f540 [fd  117] Read Persist
  0x55a0b970f910 [fd  118] Read Persist
  0x55a0b970fce0 [fd  119] Read Persist
  0x55a0b97100b0 [fd  120] Read Persist
  0x55a0b9710480 [fd  121] Read Persist
  0x55a0b9710850 [fd  122] Read Persist
  0x55a0b9710c50 [fd  123] Read Persist
  0x55a0b9711050 [fd  124] Read Persist
  0x55a0b9711450 [fd  125] Read Persist
  0x55a0b9711850 [fd  126] Read Persist
  0x55a0b9711c50 [fd  127] Read Persist
  0x55a0b97316a0 [fd  136] Read Persist
  0x55a0b9731aa0 [fd  137] Read Persist
Active events:
20260313-144843-7277 27328 * Cleanup         (server.cc:593):    Exporting stats to /mnt/extra/experiments/2026-04-13-14-47-28/out/server-0-1-1-stats-0.json.
20260313-144843-7280 27328 * Close           (replica.cc:815):   [1] ReadStatsSummary clean=45 dirty=6 total=51
20260313-144843-7280 27328 * Close           (replica.cc:817):   [1] ReadStatsDepth depth=1 count=5
20260313-144843-7281 27328 * Close           (replica.cc:817):   [1] ReadStatsDepth depth=2 count=1
20260313-144843-7281 27328 * Close           (replica.cc:820):   [1] ReadStatsClient client=12 clean=45 dirty=6
